2026-04-29 11:19:56,461 INFO train_distributed [dist] rank=0 world_size=1 local_rank=0 cuda_available=True
2026-04-29 11:19:56,506 INFO train_distributed loaded 2,841 returns for spx/2015-2026_daily
2026-04-29 11:19:56,513 INFO train_distributed targets: acf_sq=0.342 leverage_sum=-0.790 hill_alpha=2.68
2026-04-29 11:19:59,713 INFO train_distributed EcoMDSimulator built: 36316 parameters (device=cuda:0)
2026-04-29 11:20:02,193 INFO train_distributed it=   0 lr=1.00e-04 loss_world=72.8475 |∇|=6.69e+04 γ=1.000 T=0.0500
2026-04-29 11:20:12,598 INFO train_distributed it=   9 lr=1.00e-03 loss_world=1.4880 |∇|=3.71e+02 γ=0.996 T=0.0500
2026-04-29 11:20:24,280 INFO train_distributed it=  19 lr=9.95e-04 loss_world=2.4007 |∇|=1.03e+02 γ=0.990 T=0.0501
2026-04-29 11:20:35,974 INFO train_distributed it=  29 lr=9.78e-04 loss_world=2.3056 |∇|=1.27e+02 γ=0.986 T=0.0501
2026-04-29 11:20:47,678 INFO train_distributed it=  39 lr=9.49e-04 loss_world=2.8176 |∇|=3.16e+02 γ=0.983 T=0.0502
2026-04-29 11:20:59,368 INFO train_distributed it=  49 lr=9.10e-04 loss_world=6.5702 |∇|=1.24e+03 γ=0.979 T=0.0502
2026-04-29 11:21:11,063 INFO train_distributed it=  59 lr=8.60e-04 loss_world=2.8821 |∇|=2.82e+02 γ=0.976 T=0.0502
2026-04-29 11:21:22,751 INFO train_distributed it=  69 lr=8.02e-04 loss_world=2.0565 |∇|=1.42e+02 γ=0.975 T=0.0502
2026-04-29 11:21:34,435 INFO train_distributed it=  79 lr=7.38e-04 loss_world=2.4899 |∇|=3.41e+02 γ=0.973 T=0.0502
2026-04-29 11:21:46,116 INFO train_distributed it=  89 lr=6.68e-04 loss_world=1.0503 |∇|=3.83e+03 γ=0.973 T=0.0502
2026-04-29 11:21:57,800 INFO train_distributed it=  99 lr=5.95e-04 loss_world=1.9324 |∇|=1.98e+02 γ=0.973 T=0.0502
2026-04-29 11:22:09,486 INFO train_distributed it= 109 lr=5.20e-04 loss_world=1.9345 |∇|=2.20e+02 γ=0.973 T=0.0502
2026-04-29 11:22:21,173 INFO train_distributed it= 119 lr=4.47e-04 loss_world=2.1540 |∇|=9.94e+02 γ=0.972 T=0.0502
2026-04-29 11:22:32,862 INFO train_distributed it= 129 lr=3.76e-04 loss_world=3.1470 |∇|=7.98e+03 γ=0.972 T=0.0502
2026-04-29 11:22:44,557 INFO train_distributed it= 139 lr=3.10e-04 loss_world=1.5918 |∇|=1.07e+02 γ=0.972 T=0.0502
2026-04-29 11:22:56,258 INFO train_distributed it= 149 lr=2.51e-04 loss_world=2.0385 |∇|=4.00e+02 γ=0.972 T=0.0502
2026-04-29 11:23:07,954 INFO train_distributed it= 159 lr=2.00e-04 loss_world=1.9152 |∇|=4.02e+02 γ=0.972 T=0.0502
2026-04-29 11:23:19,633 INFO train_distributed it= 169 lr=1.58e-04 loss_world=2.3927 |∇|=1.31e+03 γ=0.972 T=0.0502
2026-04-29 11:23:31,310 INFO train_distributed it= 179 lr=1.27e-04 loss_world=1.2407 |∇|=1.23e+04 γ=0.972 T=0.0502
2026-04-29 11:23:43,000 INFO train_distributed it= 189 lr=1.07e-04 loss_world=2.3790 |∇|=1.77e+03 γ=0.972 T=0.0502
2026-04-29 11:23:54,694 INFO train_distributed it= 199 lr=1.00e-04 loss_world=1.4319 |∇|=5.66e+03 γ=0.972 T=0.0502
2026-04-29 11:23:54,700 INFO train_distributed training finished in 235.0s (200 iters, world_size=1)
2026-04-29 11:23:54,700 INFO train_distributed [rank 0] peak HBM: alloc=7.24 GB, reserved=8.05 GB
2026-04-29 11:23:54,703 INFO train_distributed [rank 0] wrote experiments/045_arch_tier_4_1_megnet/results_t41_megnet_seed0/training_log.json
