2026-04-29 12:19:34,025 INFO train_distributed [dist] rank=0 world_size=1 local_rank=0 cuda_available=True
2026-04-29 12:19:34,070 INFO train_distributed loaded 2,841 returns for spx/2015-2026_daily
2026-04-29 12:19:34,077 INFO train_distributed targets: acf_sq=0.342 leverage_sum=-0.790 hill_alpha=2.68
2026-04-29 12:19:35,588 INFO train_distributed EcoMDSimulator built: 50849 parameters (device=cuda:0)
2026-04-29 12:19:38,421 INFO train_distributed it=   0 lr=1.00e-04 loss_world=445.2539 |∇|=3.70e+06 γ=1.000 T=0.0500
2026-04-29 12:19:52,354 INFO train_distributed it=   9 lr=1.00e-03 loss_world=5.6835 |∇|=3.62e+02 γ=0.999 T=0.0500
2026-04-29 12:20:07,945 INFO train_distributed it=  19 lr=9.95e-04 loss_world=2.6479 |∇|=1.80e+02 γ=0.999 T=0.0500
2026-04-29 12:20:23,526 INFO train_distributed it=  29 lr=9.78e-04 loss_world=11.2249 |∇|=5.23e+03 γ=1.001 T=0.0500
2026-04-29 12:20:39,105 INFO train_distributed it=  39 lr=9.49e-04 loss_world=3.2970 |∇|=4.52e+02 γ=1.001 T=0.0500
2026-04-29 12:20:54,660 INFO train_distributed it=  49 lr=9.10e-04 loss_world=5.8819 |∇|=8.48e+02 γ=0.998 T=0.0500
2026-04-29 12:21:10,208 INFO train_distributed it=  59 lr=8.60e-04 loss_world=2.5647 |∇|=1.44e+02 γ=0.993 T=0.0499
2026-04-29 12:21:25,745 INFO train_distributed it=  69 lr=8.02e-04 loss_world=1.9323 |∇|=1.16e+02 γ=0.988 T=0.0498
2026-04-29 12:21:41,285 INFO train_distributed it=  79 lr=7.38e-04 loss_world=2.8928 |∇|=1.31e+03 γ=0.984 T=0.0498
2026-04-29 12:21:56,827 INFO train_distributed it=  89 lr=6.68e-04 loss_world=28.9122 |∇|=4.34e+05 γ=0.982 T=0.0497
2026-04-29 12:22:12,374 INFO train_distributed it=  99 lr=5.95e-04 loss_world=12.4316 |∇|=4.29e+04 γ=0.981 T=0.0497
2026-04-29 12:22:27,913 INFO train_distributed it= 109 lr=5.20e-04 loss_world=7.7857 |∇|=3.96e+04 γ=0.980 T=0.0497
2026-04-29 12:22:43,437 INFO train_distributed it= 119 lr=4.47e-04 loss_world=5.2744 |∇|=1.42e+06 γ=0.980 T=0.0497
2026-04-29 12:22:58,976 INFO train_distributed it= 129 lr=3.76e-04 loss_world=5.5756 |∇|=1.60e+04 γ=0.980 T=0.0497
2026-04-29 12:23:14,511 INFO train_distributed it= 139 lr=3.10e-04 loss_world=3.1688 |∇|=2.58e+04 γ=0.980 T=0.0497
2026-04-29 12:23:30,043 INFO train_distributed it= 149 lr=2.51e-04 loss_world=14.1448 |∇|=2.38e+04 γ=0.980 T=0.0497
2026-04-29 12:23:45,570 INFO train_distributed it= 159 lr=2.00e-04 loss_world=2.2785 |∇|=6.35e+02 γ=0.979 T=0.0497
2026-04-29 12:24:01,105 INFO train_distributed it= 169 lr=1.58e-04 loss_world=1.2307 |∇|=1.06e+04 γ=0.979 T=0.0497
2026-04-29 12:24:16,639 INFO train_distributed it= 179 lr=1.27e-04 loss_world=1.9027 |∇|=1.07e+02 γ=0.979 T=0.0497
2026-04-29 12:24:32,181 INFO train_distributed it= 189 lr=1.07e-04 loss_world=1.9618 |∇|=3.29e+03 γ=0.979 T=0.0497
2026-04-29 12:24:47,706 INFO train_distributed it= 199 lr=1.00e-04 loss_world=1.9242 |∇|=1.26e+04 γ=0.979 T=0.0497
2026-04-29 12:24:47,714 INFO train_distributed training finished in 312.1s (200 iters, world_size=1)
2026-04-29 12:24:47,714 INFO train_distributed [rank 0] peak HBM: alloc=9.42 GB, reserved=10.02 GB
2026-04-29 12:24:47,716 INFO train_distributed [rank 0] wrote experiments/048_arch_dyngraph_pairs/results_p_4_2__1_1_seed3/training_log.json
