2026-04-29 11:16:02,684 INFO train_distributed [dist] rank=0 world_size=1 local_rank=0 cuda_available=True
2026-04-29 11:16:02,728 INFO train_distributed loaded 2,841 returns for spx/2015-2026_daily
2026-04-29 11:16:02,735 INFO train_distributed targets: acf_sq=0.342 leverage_sum=-0.790 hill_alpha=2.68
2026-04-29 11:16:06,100 INFO train_distributed EcoMDSimulator built: 34780 parameters (device=cuda:0)
2026-04-29 11:16:08,510 INFO train_distributed it=   0 lr=1.00e-04 loss_world=105.9259 |∇|=4.48e+04 γ=1.000 T=0.0500
2026-04-29 11:16:18,566 INFO train_distributed it=   9 lr=1.00e-03 loss_world=1.6229 |∇|=6.95e+02 γ=0.996 T=0.0501
2026-04-29 11:16:29,838 INFO train_distributed it=  19 lr=9.95e-04 loss_world=1.9665 |∇|=6.56e+01 γ=0.992 T=0.0501
2026-04-29 11:16:41,161 INFO train_distributed it=  29 lr=9.78e-04 loss_world=0.9567 |∇|=4.71e+01 γ=0.989 T=0.0501
2026-04-29 11:16:52,493 INFO train_distributed it=  39 lr=9.49e-04 loss_world=1.0760 |∇|=2.37e+01 γ=0.987 T=0.0501
2026-04-29 11:17:03,813 INFO train_distributed it=  49 lr=9.10e-04 loss_world=1.0590 |∇|=2.54e+01 γ=0.986 T=0.0501
2026-04-29 11:17:15,122 INFO train_distributed it=  59 lr=8.60e-04 loss_world=1.0460 |∇|=2.17e+01 γ=0.985 T=0.0501
2026-04-29 11:17:26,434 INFO train_distributed it=  69 lr=8.02e-04 loss_world=1.4441 |∇|=4.67e+01 γ=0.985 T=0.0501
2026-04-29 11:17:37,743 INFO train_distributed it=  79 lr=7.38e-04 loss_world=1.4358 |∇|=9.23e+00 γ=0.985 T=0.0501
2026-04-29 11:17:49,025 INFO train_distributed it=  89 lr=6.68e-04 loss_world=1.3739 |∇|=8.34e+00 γ=0.985 T=0.0501
2026-04-29 11:18:00,306 INFO train_distributed it=  99 lr=5.95e-04 loss_world=1.2899 |∇|=5.19e+00 γ=0.985 T=0.0501
2026-04-29 11:18:11,589 INFO train_distributed it= 109 lr=5.20e-04 loss_world=1.2718 |∇|=4.94e+00 γ=0.985 T=0.0501
2026-04-29 11:18:22,864 INFO train_distributed it= 119 lr=4.47e-04 loss_world=1.2078 |∇|=8.65e+00 γ=0.985 T=0.0501
2026-04-29 11:18:34,134 INFO train_distributed it= 129 lr=3.76e-04 loss_world=1.3633 |∇|=7.33e+00 γ=0.985 T=0.0501
2026-04-29 11:18:45,416 INFO train_distributed it= 139 lr=3.10e-04 loss_world=1.2317 |∇|=9.69e+00 γ=0.985 T=0.0501
2026-04-29 11:18:56,706 INFO train_distributed it= 149 lr=2.51e-04 loss_world=1.0633 |∇|=1.19e+01 γ=0.985 T=0.0501
2026-04-29 11:19:07,997 INFO train_distributed it= 159 lr=2.00e-04 loss_world=1.3390 |∇|=6.32e+00 γ=0.985 T=0.0501
2026-04-29 11:19:19,289 INFO train_distributed it= 169 lr=1.58e-04 loss_world=0.9455 |∇|=1.08e+01 γ=0.985 T=0.0501
2026-04-29 11:19:30,585 INFO train_distributed it= 179 lr=1.27e-04 loss_world=1.3403 |∇|=8.63e+00 γ=0.985 T=0.0501
2026-04-29 11:19:41,883 INFO train_distributed it= 189 lr=1.07e-04 loss_world=0.8695 |∇|=1.45e+01 γ=0.985 T=0.0501
2026-04-29 11:19:53,194 INFO train_distributed it= 199 lr=1.00e-04 loss_world=0.8869 |∇|=1.59e+01 γ=0.985 T=0.0501
2026-04-29 11:19:53,201 INFO train_distributed training finished in 227.1s (200 iters, world_size=1)
2026-04-29 11:19:53,202 INFO train_distributed [rank 0] peak HBM: alloc=7.09 GB, reserved=7.68 GB
2026-04-29 11:19:53,206 INFO train_distributed [rank 0] wrote experiments/045_arch_tier_4_1_megnet/results_t41_megnet_ext_only_seed5/training_log.json
