2026-04-28 19:26:45,135 INFO train_distributed [dist] rank=0 world_size=1 local_rank=0 cuda_available=True
2026-04-28 19:26:45,181 INFO train_distributed loaded 2,841 returns for spx/2015-2026_daily
2026-04-28 19:26:45,201 INFO train_distributed targets: acf_sq=0.342 leverage_sum=-0.790 hill_alpha=2.68
2026-04-28 19:26:48,681 INFO train_distributed EcoMDSimulator built: 35863 parameters (device=cuda:0)
2026-04-28 19:26:52,216 INFO train_distributed it=   0 lr=1.00e-04 loss_world=10.9944 |∇|=1.53e+03 γ=1.000 T=0.0500
2026-04-28 19:27:12,541 INFO train_distributed it=   9 lr=1.00e-03 loss_world=4.5172 |∇|=3.84e+02 γ=1.004 T=0.0501
2026-04-28 19:27:35,201 INFO train_distributed it=  19 lr=9.95e-04 loss_world=2.8254 |∇|=1.71e+02 γ=1.006 T=0.0503
2026-04-28 19:27:57,910 INFO train_distributed it=  29 lr=9.78e-04 loss_world=2.5913 |∇|=1.55e+02 γ=1.005 T=0.0504
2026-04-28 19:28:20,649 INFO train_distributed it=  39 lr=9.49e-04 loss_world=9.6131 |∇|=2.85e+03 γ=1.004 T=0.0504
2026-04-28 19:28:43,400 INFO train_distributed it=  49 lr=9.10e-04 loss_world=2.4948 |∇|=1.52e+02 γ=1.001 T=0.0504
2026-04-28 19:29:06,163 INFO train_distributed it=  59 lr=8.60e-04 loss_world=14.7273 |∇|=3.28e+03 γ=0.999 T=0.0505
2026-04-28 19:29:28,921 INFO train_distributed it=  69 lr=8.02e-04 loss_world=4.4094 |∇|=5.34e+03 γ=0.994 T=0.0505
2026-04-28 19:29:51,679 INFO train_distributed it=  79 lr=7.38e-04 loss_world=4.0062 |∇|=1.82e+03 γ=0.991 T=0.0504
2026-04-28 19:30:14,436 INFO train_distributed it=  89 lr=6.68e-04 loss_world=2.6112 |∇|=5.20e+02 γ=0.989 T=0.0504
2026-04-28 19:30:37,191 INFO train_distributed it=  99 lr=5.95e-04 loss_world=8.0625 |∇|=1.18e+04 γ=0.987 T=0.0504
2026-04-28 19:30:59,952 INFO train_distributed it= 109 lr=5.20e-04 loss_world=2.3036 |∇|=8.32e+02 γ=0.986 T=0.0504
2026-04-28 19:31:28,265 INFO train_distributed it= 119 lr=4.47e-04 loss_world=10.6570 |∇|=1.47e+04 γ=0.985 T=0.0504
2026-04-28 19:32:15,526 INFO train_distributed it= 129 lr=3.76e-04 loss_world=2.3977 |∇|=8.49e+02 γ=0.985 T=0.0504
2026-04-28 19:33:02,922 INFO train_distributed it= 139 lr=3.10e-04 loss_world=3.8448 |∇|=4.05e+03 γ=0.985 T=0.0504
2026-04-28 19:33:50,304 INFO train_distributed it= 149 lr=2.51e-04 loss_world=2.9147 |∇|=7.10e+03 γ=0.985 T=0.0504
2026-04-28 19:34:37,689 INFO train_distributed it= 159 lr=2.00e-04 loss_world=4.2152 |∇|=3.42e+04 γ=0.985 T=0.0504
2026-04-28 19:35:25,054 INFO train_distributed it= 169 lr=1.58e-04 loss_world=2.3356 |∇|=3.15e+02 γ=0.985 T=0.0504
2026-04-28 19:36:12,451 INFO train_distributed it= 179 lr=1.27e-04 loss_world=2.0903 |∇|=1.57e+03 γ=0.985 T=0.0504
2026-04-28 19:36:59,868 INFO train_distributed it= 189 lr=1.07e-04 loss_world=2.4258 |∇|=1.94e+03 γ=0.985 T=0.0504
2026-04-28 19:37:47,281 INFO train_distributed it= 199 lr=1.00e-04 loss_world=1.2047 |∇|=4.89e+04 γ=0.985 T=0.0504
2026-04-28 19:37:47,287 INFO train_distributed training finished in 658.6s (200 iters, world_size=1)
2026-04-28 19:37:47,287 INFO train_distributed [rank 0] peak HBM: alloc=7.47 GB, reserved=8.05 GB
2026-04-28 19:37:47,290 INFO train_distributed [rank 0] wrote experiments/043_arch_pairs/results_p_1_1__1_2_seed2/training_log.json
