2026-04-29 12:24:52,401 INFO train_distributed [dist] rank=0 world_size=1 local_rank=0 cuda_available=True
2026-04-29 12:24:52,445 INFO train_distributed loaded 2,841 returns for spx/2015-2026_daily
2026-04-29 12:24:52,452 INFO train_distributed targets: acf_sq=0.342 leverage_sum=-0.790 hill_alpha=2.68
2026-04-29 12:24:53,950 INFO train_distributed EcoMDSimulator built: 47453 parameters (device=cuda:0)
2026-04-29 12:24:57,546 INFO train_distributed it=   0 lr=1.00e-04 loss_world=25.2696 |∇|=1.38e+04 γ=1.000 T=0.0500
2026-04-29 12:25:12,918 INFO train_distributed it=   9 lr=1.00e-03 loss_world=5.4424 |∇|=6.00e+02 γ=1.002 T=0.0500
2026-04-29 12:25:30,058 INFO train_distributed it=  19 lr=9.95e-04 loss_world=4.8183 |∇|=1.29e+03 γ=1.003 T=0.0501
2026-04-29 12:25:47,216 INFO train_distributed it=  29 lr=9.78e-04 loss_world=2.5676 |∇|=1.39e+06 γ=1.004 T=0.0500
2026-04-29 12:26:04,433 INFO train_distributed it=  39 lr=9.49e-04 loss_world=1.1911 |∇|=2.06e+06 γ=1.004 T=0.0499
2026-04-29 12:26:21,420 INFO train_distributed it=  49 lr=9.10e-04 loss_world=1.6393 |∇|=4.22e+14 γ=1.004 T=0.0499
2026-04-29 12:26:38,389 INFO train_distributed it=  59 lr=8.60e-04 loss_world=0.9103 |∇|=nan γ=nan T=nan
2026-04-29 12:26:55,286 INFO train_distributed it=  69 lr=8.02e-04 loss_world=nan |∇|=nan γ=nan T=nan
2026-04-29 12:27:12,193 INFO train_distributed it=  79 lr=7.38e-04 loss_world=nan |∇|=nan γ=nan T=nan
2026-04-29 12:27:29,091 INFO train_distributed it=  89 lr=6.68e-04 loss_world=nan |∇|=nan γ=nan T=nan
2026-04-29 12:27:45,994 INFO train_distributed it=  99 lr=5.95e-04 loss_world=nan |∇|=nan γ=nan T=nan
2026-04-29 12:28:02,907 INFO train_distributed it= 109 lr=5.20e-04 loss_world=nan |∇|=nan γ=nan T=nan
2026-04-29 12:28:19,825 INFO train_distributed it= 119 lr=4.47e-04 loss_world=nan |∇|=nan γ=nan T=nan
2026-04-29 12:28:36,737 INFO train_distributed it= 129 lr=3.76e-04 loss_world=nan |∇|=nan γ=nan T=nan
2026-04-29 12:28:53,638 INFO train_distributed it= 139 lr=3.10e-04 loss_world=nan |∇|=nan γ=nan T=nan
2026-04-29 12:29:10,543 INFO train_distributed it= 149 lr=2.51e-04 loss_world=nan |∇|=nan γ=nan T=nan
2026-04-29 12:29:27,448 INFO train_distributed it= 159 lr=2.00e-04 loss_world=nan |∇|=nan γ=nan T=nan
2026-04-29 12:29:44,347 INFO train_distributed it= 169 lr=1.58e-04 loss_world=nan |∇|=nan γ=nan T=nan
2026-04-29 12:30:01,250 INFO train_distributed it= 179 lr=1.27e-04 loss_world=nan |∇|=nan γ=nan T=nan
2026-04-29 12:30:18,156 INFO train_distributed it= 189 lr=1.07e-04 loss_world=nan |∇|=nan γ=nan T=nan
2026-04-29 12:30:35,063 INFO train_distributed it= 199 lr=1.00e-04 loss_world=nan |∇|=nan γ=nan T=nan
2026-04-29 12:30:35,070 INFO train_distributed training finished in 341.1s (200 iters, world_size=1)
2026-04-29 12:30:35,070 INFO train_distributed [rank 0] peak HBM: alloc=9.73 GB, reserved=10.35 GB
2026-04-29 12:30:35,072 INFO train_distributed [rank 0] wrote experiments/048_arch_dyngraph_pairs/results_p_4_2__1_3_seed3/training_log.json
