2026-04-28 19:45:32,028 INFO train_distributed [dist] rank=0 world_size=1 local_rank=0 cuda_available=True
2026-04-28 19:45:32,070 INFO train_distributed loaded 2,841 returns for spx/2015-2026_daily
2026-04-28 19:45:32,077 INFO train_distributed targets: acf_sq=0.342 leverage_sum=-0.790 hill_alpha=2.68
2026-04-28 19:45:32,525 INFO train_distributed EcoMDSimulator built: 105316 parameters (device=cuda:0)
2026-04-28 19:45:34,184 INFO train_distributed it=   0 lr=1.00e-04 loss_world=1.0149 |∇|=1.50e+01 γ=1.000 T=0.0500
2026-04-28 19:45:38,635 INFO train_distributed it=   9 lr=1.00e-03 loss_world=1.2615 |∇|=4.63e+00 γ=1.004 T=0.0500
2026-04-28 19:45:43,566 INFO train_distributed it=  19 lr=9.95e-04 loss_world=1.4631 |∇|=4.16e-01 γ=1.006 T=0.0500
2026-04-28 19:45:48,491 INFO train_distributed it=  29 lr=9.78e-04 loss_world=1.4324 |∇|=1.23e+00 γ=1.005 T=0.0498
2026-04-28 19:45:53,408 INFO train_distributed it=  39 lr=9.49e-04 loss_world=1.5938 |∇|=3.34e+00 γ=1.006 T=0.0498
2026-04-28 19:45:58,324 INFO train_distributed it=  49 lr=9.10e-04 loss_world=0.7304 |∇|=1.78e+00 γ=1.013 T=0.0501
2026-04-28 19:46:03,239 INFO train_distributed it=  59 lr=8.60e-04 loss_world=0.7686 |∇|=2.47e+00 γ=1.017 T=0.0504
2026-04-28 19:46:08,175 INFO train_distributed it=  69 lr=8.02e-04 loss_world=0.6207 |∇|=1.30e+00 γ=1.015 T=0.0504
2026-04-28 19:46:13,105 INFO train_distributed it=  79 lr=7.38e-04 loss_world=0.8405 |∇|=3.52e-01 γ=1.015 T=0.0504
2026-04-28 19:46:18,020 INFO train_distributed it=  89 lr=6.68e-04 loss_world=1.6151 |∇|=2.07e+00 γ=1.015 T=0.0504
2026-04-28 19:46:22,949 INFO train_distributed it=  99 lr=5.95e-04 loss_world=0.6575 |∇|=1.75e+00 γ=1.013 T=0.0503
2026-04-28 19:46:27,901 INFO train_distributed it= 109 lr=5.20e-04 loss_world=0.9471 |∇|=1.67e+00 γ=1.012 T=0.0502
2026-04-28 19:46:32,824 INFO train_distributed it= 119 lr=4.47e-04 loss_world=0.7021 |∇|=5.32e+00 γ=1.012 T=0.0502
2026-04-28 19:46:37,762 INFO train_distributed it= 129 lr=3.76e-04 loss_world=1.3495 |∇|=2.86e-01 γ=1.011 T=0.0501
2026-04-28 19:46:42,696 INFO train_distributed it= 139 lr=3.10e-04 loss_world=1.0509 |∇|=2.12e+00 γ=1.011 T=0.0501
2026-04-28 19:46:47,622 INFO train_distributed it= 149 lr=2.51e-04 loss_world=0.8028 |∇|=1.73e+01 γ=1.012 T=0.0502
2026-04-28 19:46:52,557 INFO train_distributed it= 159 lr=2.00e-04 loss_world=1.0785 |∇|=8.58e-01 γ=1.012 T=0.0503
2026-04-28 19:46:57,490 INFO train_distributed it= 169 lr=1.58e-04 loss_world=0.7891 |∇|=2.62e+00 γ=1.012 T=0.0503
2026-04-28 19:47:02,433 INFO train_distributed it= 179 lr=1.27e-04 loss_world=0.9387 |∇|=6.35e+00 γ=1.012 T=0.0503
2026-04-28 19:47:07,372 INFO train_distributed it= 189 lr=1.07e-04 loss_world=1.2968 |∇|=1.46e+00 γ=1.012 T=0.0503
2026-04-28 19:47:12,322 INFO train_distributed it= 199 lr=1.00e-04 loss_world=0.7495 |∇|=1.52e+00 γ=1.012 T=0.0503
2026-04-28 19:47:12,329 INFO train_distributed training finished in 99.8s (200 iters, world_size=1)
2026-04-28 19:47:12,329 INFO train_distributed [rank 0] peak HBM: alloc=0.59 GB, reserved=0.77 GB
2026-04-28 19:47:12,332 INFO train_distributed [rank 0] wrote experiments/043_arch_pairs/results_p_3_1__1_3_seed0/training_log.json
