═══ PHASE RUN — Wed Apr 29 11:37:36 AM CST 2026 ═══
  CONFIG_DIR=experiments/046_arch_megnet_pairs NPROC=1 PARALLEL=8 SKIP_DONE=1
  Configs: 15

═ TRAIN p_4_1__1_1_seed0 (card 0) ═ 11:37:36

═ TRAIN p_4_1__1_1_seed1 (card 1) ═ 11:37:36

═ TRAIN p_4_1__1_1_seed2 (card 2) ═ 11:37:36

═ TRAIN p_4_1__1_1_seed3 (card 3) ═ 11:37:36

═ TRAIN p_4_1__1_1_seed4 (card 4) ═ 11:37:36

═ TRAIN p_4_1__2_1_seed0 (card 5) ═ 11:37:36

═ TRAIN p_4_1__2_1_seed1 (card 6) ═ 11:37:36

═ TRAIN p_4_1__2_1_seed2 (card 7) ═ 11:37:36
2026-04-29 11:37:41,005 INFO train_distributed [dist] rank=0 world_size=1 local_rank=0 cuda_available=True
2026-04-29 11:37:41,051 INFO train_distributed loaded 2,841 returns for spx/2015-2026_daily
2026-04-29 11:37:41,058 INFO train_distributed targets: acf_sq=0.342 leverage_sum=-0.790 hill_alpha=2.68
2026-04-29 11:37:41,673 INFO train_distributed [dist] rank=0 world_size=1 local_rank=0 cuda_available=True
2026-04-29 11:37:41,717 INFO train_distributed loaded 2,841 returns for spx/2015-2026_daily
2026-04-29 11:37:41,724 INFO train_distributed targets: acf_sq=0.342 leverage_sum=-0.790 hill_alpha=2.68
2026-04-29 11:37:42,058 INFO train_distributed [dist] rank=0 world_size=1 local_rank=0 cuda_available=True
2026-04-29 11:37:42,101 INFO train_distributed loaded 2,841 returns for spx/2015-2026_daily
2026-04-29 11:37:42,108 INFO train_distributed targets: acf_sq=0.342 leverage_sum=-0.790 hill_alpha=2.68
2026-04-29 11:37:42,407 INFO train_distributed [dist] rank=0 world_size=1 local_rank=0 cuda_available=True
2026-04-29 11:37:42,452 INFO train_distributed loaded 2,841 returns for spx/2015-2026_daily
2026-04-29 11:37:42,459 INFO train_distributed targets: acf_sq=0.342 leverage_sum=-0.790 hill_alpha=2.68
2026-04-29 11:37:42,758 INFO train_distributed [dist] rank=0 world_size=1 local_rank=0 cuda_available=True
2026-04-29 11:37:42,800 INFO train_distributed loaded 2,841 returns for spx/2015-2026_daily
2026-04-29 11:37:42,807 INFO train_distributed targets: acf_sq=0.342 leverage_sum=-0.790 hill_alpha=2.68
2026-04-29 11:37:43,139 INFO train_distributed [dist] rank=0 world_size=1 local_rank=0 cuda_available=True
2026-04-29 11:37:43,183 INFO train_distributed loaded 2,841 returns for spx/2015-2026_daily
2026-04-29 11:37:43,190 INFO train_distributed targets: acf_sq=0.342 leverage_sum=-0.790 hill_alpha=2.68
2026-04-29 11:37:43,518 INFO train_distributed [dist] rank=0 world_size=1 local_rank=0 cuda_available=True
2026-04-29 11:37:43,561 INFO train_distributed loaded 2,841 returns for spx/2015-2026_daily
2026-04-29 11:37:43,568 INFO train_distributed targets: acf_sq=0.342 leverage_sum=-0.790 hill_alpha=2.68
2026-04-29 11:37:43,939 INFO train_distributed [dist] rank=0 world_size=1 local_rank=0 cuda_available=True
2026-04-29 11:37:43,982 INFO train_distributed loaded 2,841 returns for spx/2015-2026_daily
2026-04-29 11:37:43,989 INFO train_distributed targets: acf_sq=0.342 leverage_sum=-0.790 hill_alpha=2.68
2026-04-29 11:37:44,608 INFO train_distributed EcoMDSimulator built: 39904 parameters (device=cuda:0)
2026-04-29 11:37:44,634 INFO train_distributed EcoMDSimulator built: 39904 parameters (device=cuda:0)
2026-04-29 11:37:44,663 INFO train_distributed EcoMDSimulator built: 36316 parameters (device=cuda:0)
2026-04-29 11:37:44,684 INFO train_distributed EcoMDSimulator built: 36316 parameters (device=cuda:0)
2026-04-29 11:37:44,684 INFO train_distributed EcoMDSimulator built: 36316 parameters (device=cuda:0)
2026-04-29 11:37:44,684 INFO train_distributed EcoMDSimulator built: 39904 parameters (device=cuda:0)
2026-04-29 11:37:44,684 INFO train_distributed EcoMDSimulator built: 39904 parameters (device=cuda:0)
2026-04-29 11:37:44,796 INFO train_distributed EcoMDSimulator built: 39904 parameters (device=cuda:0)
2026-04-29 11:37:47,099 INFO train_distributed it=   0 lr=1.00e-04 loss_world=82.2198 |∇|=3.65e+04 γ=1.000 T=0.0500
2026-04-29 11:37:47,114 INFO train_distributed it=   0 lr=1.00e-04 loss_world=34.4647 |∇|=1.00e+04 γ=1.000 T=0.0500
2026-04-29 11:37:47,128 INFO train_distributed it=   0 lr=1.00e-04 loss_world=20.9166 |∇|=1.42e+04 γ=1.000 T=0.0500
2026-04-29 11:37:47,135 INFO train_distributed it=   0 lr=1.00e-04 loss_world=42.0447 |∇|=1.38e+04 γ=1.000 T=0.0500
2026-04-29 11:37:47,152 INFO train_distributed it=   0 lr=1.00e-04 loss_world=139.3866 |∇|=2.00e+05 γ=1.000 T=0.0500
2026-04-29 11:37:47,174 INFO train_distributed it=   0 lr=1.00e-04 loss_world=19.0507 |∇|=1.00e+04 γ=1.000 T=0.0500
2026-04-29 11:37:47,178 INFO train_distributed it=   0 lr=1.00e-04 loss_world=69.2206 |∇|=5.89e+04 γ=1.000 T=0.0500
2026-04-29 11:37:47,229 INFO train_distributed it=   0 lr=1.00e-04 loss_world=20.8738 |∇|=1.49e+04 γ=1.000 T=0.0500
2026-04-29 11:37:57,519 INFO train_distributed it=   9 lr=1.00e-03 loss_world=2.4120 |∇|=9.54e+01 γ=1.000 T=0.0501
2026-04-29 11:37:57,522 INFO train_distributed it=   9 lr=1.00e-03 loss_world=4.7923 |∇|=2.77e+02 γ=0.996 T=0.0500
2026-04-29 11:37:57,661 INFO train_distributed it=   9 lr=1.00e-03 loss_world=1.9322 |∇|=8.75e+01 γ=0.997 T=0.0500
2026-04-29 11:37:57,749 INFO train_distributed it=   9 lr=1.00e-03 loss_world=9.0373 |∇|=1.64e+03 γ=1.002 T=0.0500
2026-04-29 11:37:57,810 INFO train_distributed it=   9 lr=1.00e-03 loss_world=2.2696 |∇|=1.11e+02 γ=0.997 T=0.0500
2026-04-29 11:37:57,829 INFO train_distributed it=   9 lr=1.00e-03 loss_world=6.4982 |∇|=8.63e+02 γ=0.999 T=0.0501
2026-04-29 11:37:57,882 INFO train_distributed it=   9 lr=1.00e-03 loss_world=5.0884 |∇|=2.78e+02 γ=0.996 T=0.0499
2026-04-29 11:37:57,915 INFO train_distributed it=   9 lr=1.00e-03 loss_world=15.0965 |∇|=1.67e+03 γ=1.001 T=0.0500
2026-04-29 11:38:09,187 INFO train_distributed it=  19 lr=9.95e-04 loss_world=3.6376 |∇|=6.26e+02 γ=0.997 T=0.0501
2026-04-29 11:38:09,189 INFO train_distributed it=  19 lr=9.95e-04 loss_world=3.5047 |∇|=5.79e+02 γ=0.990 T=0.0501
2026-04-29 11:38:09,406 INFO train_distributed it=  19 lr=9.95e-04 loss_world=3.4804 |∇|=8.52e+02 γ=0.992 T=0.0501
2026-04-29 11:38:09,692 INFO train_distributed it=  19 lr=9.95e-04 loss_world=2.5133 |∇|=2.20e+02 γ=0.999 T=0.0500
2026-04-29 11:38:09,734 INFO train_distributed it=  19 lr=9.95e-04 loss_world=6.2963 |∇|=8.86e+02 γ=0.994 T=0.0501
2026-04-29 11:38:09,751 INFO train_distributed it=  19 lr=9.95e-04 loss_world=2.2171 |∇|=1.87e+02 γ=0.991 T=0.0501
2026-04-29 11:38:09,888 INFO train_distributed it=  19 lr=9.95e-04 loss_world=4.9371 |∇|=6.71e+02 γ=0.988 T=0.0500
2026-04-29 11:38:09,923 INFO train_distributed it=  19 lr=9.95e-04 loss_world=12.3686 |∇|=1.05e+03 γ=0.995 T=0.0499
2026-04-29 11:38:20,871 INFO train_distributed it=  29 lr=9.78e-04 loss_world=2.5426 |∇|=1.78e+02 γ=0.986 T=0.0502
2026-04-29 11:38:20,887 INFO train_distributed it=  29 lr=9.78e-04 loss_world=2.3089 |∇|=1.51e+02 γ=0.994 T=0.0502
2026-04-29 11:38:21,163 INFO train_distributed it=  29 lr=9.78e-04 loss_world=5.5485 |∇|=1.26e+03 γ=0.987 T=0.0502
2026-04-29 11:38:21,615 INFO train_distributed it=  29 lr=9.78e-04 loss_world=9.3255 |∇|=1.84e+03 γ=0.995 T=0.0500
2026-04-29 11:38:21,656 INFO train_distributed it=  29 lr=9.78e-04 loss_world=4.2436 |∇|=2.61e+03 γ=0.988 T=0.0500
2026-04-29 11:38:21,703 INFO train_distributed it=  29 lr=9.78e-04 loss_world=8.9033 |∇|=1.45e+03 γ=0.987 T=0.0501
2026-04-29 11:38:21,870 INFO train_distributed it=  29 lr=9.78e-04 loss_world=2.5701 |∇|=9.28e+01 γ=0.982 T=0.0500
2026-04-29 11:38:21,897 INFO train_distributed it=  29 lr=9.78e-04 loss_world=2.1140 |∇|=1.29e+02 γ=0.987 T=0.0499
2026-04-29 11:38:32,551 INFO train_distributed it=  39 lr=9.49e-04 loss_world=2.5775 |∇|=1.51e+02 γ=0.982 T=0.0503
2026-04-29 11:38:32,581 INFO train_distributed it=  39 lr=9.49e-04 loss_world=1.2615 |∇|=1.32e+02 γ=0.990 T=0.0502
2026-04-29 11:38:32,911 INFO train_distributed it=  39 lr=9.49e-04 loss_world=2.7130 |∇|=1.73e+02 γ=0.984 T=0.0502
2026-04-29 11:38:33,530 INFO train_distributed it=  39 lr=9.49e-04 loss_world=8.0916 |∇|=1.71e+03 γ=0.991 T=0.0501
2026-04-29 11:38:33,569 INFO train_distributed it=  39 lr=9.49e-04 loss_world=1.0486 |∇|=2.02e+02 γ=0.984 T=0.0500
2026-04-29 11:38:33,641 INFO train_distributed it=  39 lr=9.49e-04 loss_world=2.4199 |∇|=2.10e+02 γ=0.981 T=0.0501
2026-04-29 11:38:33,841 INFO train_distributed it=  39 lr=9.49e-04 loss_world=2.7088 |∇|=1.41e+02 γ=0.976 T=0.0501
2026-04-29 11:38:33,863 INFO train_distributed it=  39 lr=9.49e-04 loss_world=1.9764 |∇|=9.73e+01 γ=0.980 T=0.0500
2026-04-29 11:38:44,230 INFO train_distributed it=  49 lr=9.10e-04 loss_world=1.0283 |∇|=3.44e+03 γ=0.976 T=0.0504
2026-04-29 11:38:44,272 INFO train_distributed it=  49 lr=9.10e-04 loss_world=1.4195 |∇|=6.65e+01 γ=0.989 T=0.0502
2026-04-29 11:38:44,665 INFO train_distributed it=  49 lr=9.10e-04 loss_world=4.0705 |∇|=1.53e+03 γ=0.982 T=0.0502
2026-04-29 11:38:45,440 INFO train_distributed it=  49 lr=9.10e-04 loss_world=7.0589 |∇|=1.98e+03 γ=0.986 T=0.0501
2026-04-29 11:38:45,476 INFO train_distributed it=  49 lr=9.10e-04 loss_world=5.5090 |∇|=1.24e+03 γ=0.982 T=0.0501
2026-04-29 11:38:45,575 INFO train_distributed it=  49 lr=9.10e-04 loss_world=2.6854 |∇|=1.50e+02 γ=0.975 T=0.0501
2026-04-29 11:38:45,801 INFO train_distributed it=  49 lr=9.10e-04 loss_world=1.9611 |∇|=1.34e+02 γ=0.972 T=0.0501
2026-04-29 11:38:45,823 INFO train_distributed it=  49 lr=9.10e-04 loss_world=2.0475 |∇|=1.34e+02 γ=0.975 T=0.0500
2026-04-29 11:38:55,903 INFO train_distributed it=  59 lr=8.60e-04 loss_world=1.6824 |∇|=1.60e+03 γ=0.971 T=0.0504
2026-04-29 11:38:55,975 INFO train_distributed it=  59 lr=8.60e-04 loss_world=1.3736 |∇|=1.01e+01 γ=0.989 T=0.0501
2026-04-29 11:38:56,417 INFO train_distributed it=  59 lr=8.60e-04 loss_world=5.4968 |∇|=2.48e+03 γ=0.980 T=0.0502
2026-04-29 11:38:57,350 INFO train_distributed it=  59 lr=8.60e-04 loss_world=3.3959 |∇|=1.05e+03 γ=0.982 T=0.0501
2026-04-29 11:38:57,387 INFO train_distributed it=  59 lr=8.60e-04 loss_world=9.1502 |∇|=1.83e+03 γ=0.982 T=0.0501
2026-04-29 11:38:57,505 INFO train_distributed it=  59 lr=8.60e-04 loss_world=9.0343 |∇|=1.50e+03 γ=0.969 T=0.0501
2026-04-29 11:38:57,745 INFO train_distributed it=  59 lr=8.60e-04 loss_world=1.1502 |∇|=1.92e+01 γ=0.970 T=0.0500
2026-04-29 11:38:57,786 INFO train_distributed it=  59 lr=8.60e-04 loss_world=4.7751 |∇|=5.96e+02 γ=0.970 T=0.0500
2026-04-29 11:39:07,585 INFO train_distributed it=  69 lr=8.02e-04 loss_world=12.8893 |∇|=2.52e+03 γ=0.967 T=0.0505
2026-04-29 11:39:07,668 INFO train_distributed it=  69 lr=8.02e-04 loss_world=1.3080 |∇|=1.05e+01 γ=0.989 T=0.0501
2026-04-29 11:39:08,176 INFO train_distributed it=  69 lr=8.02e-04 loss_world=1.5466 |∇|=6.59e+03 γ=0.979 T=0.0502
2026-04-29 11:39:09,265 INFO train_distributed it=  69 lr=8.02e-04 loss_world=10.7634 |∇|=1.27e+03 γ=0.976 T=0.0501
2026-04-29 11:39:09,303 INFO train_distributed it=  69 lr=8.02e-04 loss_world=1.5309 |∇|=2.64e+02 γ=0.984 T=0.0502
2026-04-29 11:39:09,439 INFO train_distributed it=  69 lr=8.02e-04 loss_world=2.7431 |∇|=1.32e+02 γ=0.963 T=0.0501
2026-04-29 11:39:09,686 INFO train_distributed it=  69 lr=8.02e-04 loss_world=1.1343 |∇|=1.76e+01 γ=0.969 T=0.0500
2026-04-29 11:39:09,754 INFO train_distributed it=  69 lr=8.02e-04 loss_world=2.6120 |∇|=2.04e+02 γ=0.965 T=0.0500
2026-04-29 11:39:19,258 INFO train_distributed it=  79 lr=7.38e-04 loss_world=8.6347 |∇|=7.90e+02 γ=0.964 T=0.0505
2026-04-29 11:39:19,354 INFO train_distributed it=  79 lr=7.38e-04 loss_world=1.2301 |∇|=7.89e+00 γ=0.989 T=0.0501
2026-04-29 11:39:19,943 INFO train_distributed it=  79 lr=7.38e-04 loss_world=1.3419 |∇|=1.03e+04 γ=0.979 T=0.0503
2026-04-29 11:39:21,177 INFO train_distributed it=  79 lr=7.38e-04 loss_world=2.2611 |∇|=1.77e+02 γ=0.970 T=0.0500
2026-04-29 11:39:21,210 INFO train_distributed it=  79 lr=7.38e-04 loss_world=1.0560 |∇|=2.42e+02 γ=0.985 T=0.0501
2026-04-29 11:39:21,373 INFO train_distributed it=  79 lr=7.38e-04 loss_world=2.6771 |∇|=1.14e+02 γ=0.959 T=0.0501
2026-04-29 11:39:21,623 INFO train_distributed it=  79 lr=7.38e-04 loss_world=1.2016 |∇|=3.10e+01 γ=0.969 T=0.0500
2026-04-29 11:39:21,722 INFO train_distributed it=  79 lr=7.38e-04 loss_world=2.2548 |∇|=2.17e+02 γ=0.961 T=0.0500
2026-04-29 11:39:30,923 INFO train_distributed it=  89 lr=6.68e-04 loss_world=0.9371 |∇|=1.99e+02 γ=0.962 T=0.0505
2026-04-29 11:39:31,052 INFO train_distributed it=  89 lr=6.68e-04 loss_world=1.3624 |∇|=6.96e+00 γ=0.989 T=0.0501
2026-04-29 11:39:31,723 INFO train_distributed it=  89 lr=6.68e-04 loss_world=2.5234 |∇|=4.81e+02 γ=0.979 T=0.0503
2026-04-29 11:39:33,088 INFO train_distributed it=  89 lr=6.68e-04 loss_world=2.7709 |∇|=2.47e+02 γ=0.966 T=0.0501
2026-04-29 11:39:33,113 INFO train_distributed it=  89 lr=6.68e-04 loss_world=8.4728 |∇|=3.30e+03 γ=0.986 T=0.0501
2026-04-29 11:39:33,299 INFO train_distributed it=  89 lr=6.68e-04 loss_world=2.3006 |∇|=1.46e+02 γ=0.957 T=0.0501
2026-04-29 11:39:33,561 INFO train_distributed it=  89 lr=6.68e-04 loss_world=1.2918 |∇|=3.04e+01 γ=0.968 T=0.0500
2026-04-29 11:39:33,682 INFO train_distributed it=  89 lr=6.68e-04 loss_world=2.0134 |∇|=2.27e+02 γ=0.958 T=0.0500
2026-04-29 11:39:42,587 INFO train_distributed it=  99 lr=5.95e-04 loss_world=1.2026 |∇|=2.72e+02 γ=0.961 T=0.0505
2026-04-29 11:39:42,741 INFO train_distributed it=  99 lr=5.95e-04 loss_world=1.3107 |∇|=6.74e+00 γ=0.989 T=0.0501
2026-04-29 11:39:43,520 INFO train_distributed it=  99 lr=5.95e-04 loss_world=2.5165 |∇|=5.66e+02 γ=0.978 T=0.0503
2026-04-29 11:39:45,004 INFO train_distributed it=  99 lr=5.95e-04 loss_world=11.9601 |∇|=1.44e+03 γ=0.963 T=0.0500
2026-04-29 11:39:45,018 INFO train_distributed it=  99 lr=5.95e-04 loss_world=10.3333 |∇|=4.54e+03 γ=0.987 T=0.0500
2026-04-29 11:39:45,238 INFO train_distributed it=  99 lr=5.95e-04 loss_world=1.9683 |∇|=2.02e+02 γ=0.955 T=0.0502
2026-04-29 11:39:45,494 INFO train_distributed it=  99 lr=5.95e-04 loss_world=1.1996 |∇|=9.70e+01 γ=0.969 T=0.0500
2026-04-29 11:39:45,643 INFO train_distributed it=  99 lr=5.95e-04 loss_world=2.5491 |∇|=5.22e+02 γ=0.957 T=0.0500
2026-04-29 11:39:54,253 INFO train_distributed it= 109 lr=5.20e-04 loss_world=0.9239 |∇|=8.23e+03 γ=0.961 T=0.0505
2026-04-29 11:39:54,423 INFO train_distributed it= 109 lr=5.20e-04 loss_world=1.2839 |∇|=6.84e+00 γ=0.989 T=0.0501
2026-04-29 11:39:55,318 INFO train_distributed it= 109 lr=5.20e-04 loss_world=2.4911 |∇|=6.02e+02 γ=0.978 T=0.0503
2026-04-29 11:39:56,920 INFO train_distributed it= 109 lr=5.20e-04 loss_world=1.4219 |∇|=3.78e+03 γ=0.958 T=0.0500
2026-04-29 11:39:56,925 INFO train_distributed it= 109 lr=5.20e-04 loss_world=2.6192 |∇|=3.73e+03 γ=0.989 T=0.0499
2026-04-29 11:39:57,173 INFO train_distributed it= 109 lr=5.20e-04 loss_world=1.6343 |∇|=6.69e+02 γ=0.954 T=0.0502
2026-04-29 11:39:57,424 INFO train_distributed it= 109 lr=5.20e-04 loss_world=1.3316 |∇|=2.40e+02 γ=0.969 T=0.0499
2026-04-29 11:39:57,607 INFO train_distributed it= 109 lr=5.20e-04 loss_world=2.2421 |∇|=4.38e+02 γ=0.956 T=0.0501
2026-04-29 11:40:05,920 INFO train_distributed it= 119 lr=4.47e-04 loss_world=1.5228 |∇|=3.81e+02 γ=0.961 T=0.0506
2026-04-29 11:40:06,114 INFO train_distributed it= 119 lr=4.47e-04 loss_world=1.2503 |∇|=1.04e+01 γ=0.989 T=0.0501
2026-04-29 11:40:07,134 INFO train_distributed it= 119 lr=4.47e-04 loss_world=1.7763 |∇|=4.72e+02 γ=0.978 T=0.0504
2026-04-29 11:40:08,842 INFO train_distributed it= 119 lr=4.47e-04 loss_world=1.1793 |∇|=1.32e+02 γ=0.990 T=0.0499
2026-04-29 11:40:08,846 INFO train_distributed it= 119 lr=4.47e-04 loss_world=2.4967 |∇|=3.56e+02 γ=0.955 T=0.0500
2026-04-29 11:40:09,103 INFO train_distributed it= 119 lr=4.47e-04 loss_world=1.7255 |∇|=8.08e+01 γ=0.954 T=0.0502
2026-04-29 11:40:09,365 INFO train_distributed it= 119 lr=4.47e-04 loss_world=1.1396 |∇|=1.94e+02 γ=0.969 T=0.0499
2026-04-29 11:40:09,564 INFO train_distributed it= 119 lr=4.47e-04 loss_world=2.2579 |∇|=2.82e+02 γ=0.955 T=0.0501
2026-04-29 11:40:17,606 INFO train_distributed it= 129 lr=3.76e-04 loss_world=0.8572 |∇|=5.63e+02 γ=0.961 T=0.0506
2026-04-29 11:40:17,806 INFO train_distributed it= 129 lr=3.76e-04 loss_world=1.3517 |∇|=6.48e+00 γ=0.988 T=0.0501
2026-04-29 11:40:18,946 INFO train_distributed it= 129 lr=3.76e-04 loss_world=0.9764 |∇|=2.08e+04 γ=0.978 T=0.0504
2026-04-29 11:40:20,763 INFO train_distributed it= 129 lr=3.76e-04 loss_world=2.1265 |∇|=3.35e+02 γ=0.954 T=0.0500
2026-04-29 11:40:20,766 INFO train_distributed it= 129 lr=3.76e-04 loss_world=1.1545 |∇|=1.20e+02 γ=0.991 T=0.0499
2026-04-29 11:40:21,045 INFO train_distributed it= 129 lr=3.76e-04 loss_world=1.7903 |∇|=4.69e+02 γ=0.954 T=0.0502
2026-04-29 11:40:21,294 INFO train_distributed it= 129 lr=3.76e-04 loss_world=5.4492 |∇|=1.42e+03 γ=0.969 T=0.0499
2026-04-29 11:40:21,519 INFO train_distributed it= 129 lr=3.76e-04 loss_world=2.2598 |∇|=5.94e+02 γ=0.954 T=0.0501
2026-04-29 11:40:29,270 INFO train_distributed it= 139 lr=3.10e-04 loss_world=0.9967 |∇|=3.83e+02 γ=0.961 T=0.0506
2026-04-29 11:40:29,487 INFO train_distributed it= 139 lr=3.10e-04 loss_world=1.3542 |∇|=6.34e+00 γ=0.988 T=0.0501
2026-04-29 11:40:30,764 INFO train_distributed it= 139 lr=3.10e-04 loss_world=2.3705 |∇|=8.73e+02 γ=0.978 T=0.0504
2026-04-29 11:40:32,672 INFO train_distributed it= 139 lr=3.10e-04 loss_world=1.2079 |∇|=1.74e+02 γ=0.991 T=0.0499
2026-04-29 11:40:32,677 INFO train_distributed it= 139 lr=3.10e-04 loss_world=3.0931 |∇|=1.50e+03 γ=0.953 T=0.0500
2026-04-29 11:40:32,969 INFO train_distributed it= 139 lr=3.10e-04 loss_world=1.0860 |∇|=5.97e+02 γ=0.954 T=0.0502
2026-04-29 11:40:33,221 INFO train_distributed it= 139 lr=3.10e-04 loss_world=18.6400 |∇|=4.32e+03 γ=0.969 T=0.0499
2026-04-29 11:40:33,489 INFO train_distributed it= 139 lr=3.10e-04 loss_world=2.3722 |∇|=6.99e+02 γ=0.954 T=0.0501
2026-04-29 11:40:40,936 INFO train_distributed it= 149 lr=2.51e-04 loss_world=1.3436 |∇|=3.24e+02 γ=0.960 T=0.0506
2026-04-29 11:40:41,168 INFO train_distributed it= 149 lr=2.51e-04 loss_world=1.2178 |∇|=1.02e+01 γ=0.988 T=0.0501
2026-04-29 11:40:42,592 INFO train_distributed it= 149 lr=2.51e-04 loss_world=1.5432 |∇|=7.87e+03 γ=0.978 T=0.0504
2026-04-29 11:40:44,575 INFO train_distributed it= 149 lr=2.51e-04 loss_world=1.4121 |∇|=4.72e+02 γ=0.991 T=0.0499
2026-04-29 11:40:44,594 INFO train_distributed it= 149 lr=2.51e-04 loss_world=2.2613 |∇|=6.48e+02 γ=0.952 T=0.0500
2026-04-29 11:40:44,892 INFO train_distributed it= 149 lr=2.51e-04 loss_world=1.3553 |∇|=3.74e+02 γ=0.954 T=0.0502
2026-04-29 11:40:45,158 INFO train_distributed it= 149 lr=2.51e-04 loss_world=1.2934 |∇|=4.08e+02 γ=0.970 T=0.0500
2026-04-29 11:40:45,446 INFO train_distributed it= 149 lr=2.51e-04 loss_world=2.8119 |∇|=2.57e+02 γ=0.954 T=0.0501
2026-04-29 11:40:52,599 INFO train_distributed it= 159 lr=2.00e-04 loss_world=1.2470 |∇|=2.70e+02 γ=0.960 T=0.0506
2026-04-29 11:40:52,848 INFO train_distributed it= 159 lr=2.00e-04 loss_world=1.2630 |∇|=9.26e+00 γ=0.988 T=0.0501
2026-04-29 11:40:54,424 INFO train_distributed it= 159 lr=2.00e-04 loss_world=5.6257 |∇|=1.31e+04 γ=0.977 T=0.0504
2026-04-29 11:40:56,474 INFO train_distributed it= 159 lr=2.00e-04 loss_world=1.2213 |∇|=1.21e+02 γ=0.992 T=0.0498
2026-04-29 11:40:56,513 INFO train_distributed it= 159 lr=2.00e-04 loss_world=1.9597 |∇|=4.07e+02 γ=0.951 T=0.0500
2026-04-29 11:40:56,818 INFO train_distributed it= 159 lr=2.00e-04 loss_world=1.0587 |∇|=1.29e+02 γ=0.954 T=0.0502
2026-04-29 11:40:57,092 INFO train_distributed it= 159 lr=2.00e-04 loss_world=1.5220 |∇|=3.71e+02 γ=0.970 T=0.0500
2026-04-29 11:40:57,406 INFO train_distributed it= 159 lr=2.00e-04 loss_world=2.0094 |∇|=1.46e+03 γ=0.953 T=0.0501
2026-04-29 11:41:04,265 INFO train_distributed it= 169 lr=1.58e-04 loss_world=1.3269 |∇|=1.84e+02 γ=0.960 T=0.0506
2026-04-29 11:41:04,538 INFO train_distributed it= 169 lr=1.58e-04 loss_world=1.3847 |∇|=7.27e+00 γ=0.988 T=0.0501
2026-04-29 11:41:06,251 INFO train_distributed it= 169 lr=1.58e-04 loss_world=6.6836 |∇|=1.16e+04 γ=0.977 T=0.0504
2026-04-29 11:41:08,383 INFO train_distributed it= 169 lr=1.58e-04 loss_world=1.1494 |∇|=3.08e+03 γ=0.992 T=0.0498
2026-04-29 11:41:08,431 INFO train_distributed it= 169 lr=1.58e-04 loss_world=7.1921 |∇|=9.74e+03 γ=0.951 T=0.0500
2026-04-29 11:41:08,749 INFO train_distributed it= 169 lr=1.58e-04 loss_world=1.3188 |∇|=3.29e+02 γ=0.954 T=0.0502
2026-04-29 11:41:09,032 INFO train_distributed it= 169 lr=1.58e-04 loss_world=1.3502 |∇|=1.92e+02 γ=0.970 T=0.0500
2026-04-29 11:41:09,377 INFO train_distributed it= 169 lr=1.58e-04 loss_world=2.1781 |∇|=1.86e+03 γ=0.953 T=0.0501
2026-04-29 11:41:15,929 INFO train_distributed it= 179 lr=1.27e-04 loss_world=1.2292 |∇|=2.19e+03 γ=0.961 T=0.0506
2026-04-29 11:41:16,226 INFO train_distributed it= 179 lr=1.27e-04 loss_world=1.3359 |∇|=7.55e+00 γ=0.988 T=0.0501
2026-04-29 11:41:18,072 INFO train_distributed it= 179 lr=1.27e-04 loss_world=1.7269 |∇|=1.14e+04 γ=0.977 T=0.0505
2026-04-29 11:41:20,282 INFO train_distributed it= 179 lr=1.27e-04 loss_world=2.3225 |∇|=2.36e+03 γ=0.992 T=0.0498
2026-04-29 11:41:20,348 INFO train_distributed it= 179 lr=1.27e-04 loss_world=2.8972 |∇|=1.04e+03 γ=0.951 T=0.0500
2026-04-29 11:41:20,670 INFO train_distributed it= 179 lr=1.27e-04 loss_world=1.4085 |∇|=3.83e+02 γ=0.954 T=0.0502
2026-04-29 11:41:20,971 INFO train_distributed it= 179 lr=1.27e-04 loss_world=8.3853 |∇|=2.33e+03 γ=0.970 T=0.0500
2026-04-29 11:41:21,334 INFO train_distributed it= 179 lr=1.27e-04 loss_world=1.9596 |∇|=1.73e+03 γ=0.953 T=0.0501
2026-04-29 11:41:27,602 INFO train_distributed it= 189 lr=1.07e-04 loss_world=1.7757 |∇|=8.84e+02 γ=0.961 T=0.0506
2026-04-29 11:41:27,915 INFO train_distributed it= 189 lr=1.07e-04 loss_world=1.1964 |∇|=9.42e+00 γ=0.988 T=0.0501
2026-04-29 11:41:29,910 INFO train_distributed it= 189 lr=1.07e-04 loss_world=1.9129 |∇|=9.63e+02 γ=0.977 T=0.0505
2026-04-29 11:41:32,186 INFO train_distributed it= 189 lr=1.07e-04 loss_world=1.5660 |∇|=1.08e+03 γ=0.992 T=0.0498
2026-04-29 11:41:32,267 INFO train_distributed it= 189 lr=1.07e-04 loss_world=2.1908 |∇|=1.48e+03 γ=0.951 T=0.0500
2026-04-29 11:41:32,590 INFO train_distributed it= 189 lr=1.07e-04 loss_world=1.1759 |∇|=2.50e+03 γ=0.954 T=0.0502
2026-04-29 11:41:32,905 INFO train_distributed it= 189 lr=1.07e-04 loss_world=1.1116 |∇|=2.47e+02 γ=0.970 T=0.0500
2026-04-29 11:41:33,289 INFO train_distributed it= 189 lr=1.07e-04 loss_world=2.0991 |∇|=3.75e+03 γ=0.953 T=0.0501
2026-04-29 11:41:39,272 INFO train_distributed it= 199 lr=1.00e-04 loss_world=8.7251 |∇|=2.18e+03 γ=0.961 T=0.0506
2026-04-29 11:41:39,277 INFO train_distributed training finished in 234.6s (200 iters, world_size=1)
2026-04-29 11:41:39,277 INFO train_distributed [rank 0] peak HBM: alloc=7.24 GB, reserved=8.05 GB
2026-04-29 11:41:39,280 INFO train_distributed [rank 0] wrote experiments/046_arch_megnet_pairs/results_p_4_1__2_1_seed1/training_log.json
2026-04-29 11:41:39,595 INFO train_distributed it= 199 lr=1.00e-04 loss_world=1.3356 |∇|=7.16e+00 γ=0.988 T=0.0501
2026-04-29 11:41:39,603 INFO train_distributed training finished in 234.9s (200 iters, world_size=1)
2026-04-29 11:41:39,603 INFO train_distributed [rank 0] peak HBM: alloc=7.24 GB, reserved=8.05 GB
2026-04-29 11:41:39,606 INFO train_distributed [rank 0] wrote experiments/046_arch_megnet_pairs/results_p_4_1__2_1_seed2/training_log.json
  ✓ p_4_1__2_1_seed1 244s (card 6)

═ TRAIN p_4_1__2_1_seed3 (card 0) ═ 11:41:40
  ✓ p_4_1__2_1_seed2 244s (card 7)

═ TRAIN p_4_1__2_1_seed4 (card 1) ═ 11:41:40
2026-04-29 11:41:41,755 INFO train_distributed it= 199 lr=1.00e-04 loss_world=1.5511 |∇|=5.55e+04 γ=0.977 T=0.0505
2026-04-29 11:41:41,761 INFO train_distributed training finished in 237.1s (200 iters, world_size=1)
2026-04-29 11:41:41,761 INFO train_distributed [rank 0] peak HBM: alloc=7.24 GB, reserved=8.05 GB
2026-04-29 11:41:41,764 INFO train_distributed [rank 0] wrote experiments/046_arch_megnet_pairs/results_p_4_1__2_1_seed0/training_log.json
  ✓ p_4_1__2_1_seed0 246s (card 5)

═ TRAIN p_4_1__3_1_seed0 (card 2) ═ 11:41:42
2026-04-29 11:41:43,529 INFO train_distributed [dist] rank=0 world_size=1 local_rank=0 cuda_available=True
2026-04-29 11:41:43,575 INFO train_distributed loaded 2,841 returns for spx/2015-2026_daily
2026-04-29 11:41:43,582 INFO train_distributed targets: acf_sq=0.342 leverage_sum=-0.790 hill_alpha=2.68
2026-04-29 11:41:44,105 INFO train_distributed it= 199 lr=1.00e-04 loss_world=0.6091 |∇|=6.51e+02 γ=0.992 T=0.0498
2026-04-29 11:41:44,112 INFO train_distributed training finished in 239.3s (200 iters, world_size=1)
2026-04-29 11:41:44,112 INFO train_distributed [rank 0] peak HBM: alloc=7.25 GB, reserved=8.06 GB
2026-04-29 11:41:44,115 INFO train_distributed [rank 0] wrote experiments/046_arch_megnet_pairs/results_p_4_1__1_1_seed2/training_log.json
2026-04-29 11:41:44,165 INFO train_distributed EcoMDSimulator built: 36316 parameters (device=cuda:0)
2026-04-29 11:41:44,182 INFO train_distributed [dist] rank=0 world_size=1 local_rank=0 cuda_available=True
2026-04-29 11:41:44,191 INFO train_distributed it= 199 lr=1.00e-04 loss_world=10.1615 |∇|=1.79e+04 γ=0.951 T=0.0500
2026-04-29 11:41:44,198 INFO train_distributed training finished in 239.6s (200 iters, world_size=1)
2026-04-29 11:41:44,198 INFO train_distributed [rank 0] peak HBM: alloc=7.25 GB, reserved=8.06 GB
2026-04-29 11:41:44,201 INFO train_distributed [rank 0] wrote experiments/046_arch_megnet_pairs/results_p_4_1__1_1_seed4/training_log.json
2026-04-29 11:41:44,226 INFO train_distributed loaded 2,841 returns for spx/2015-2026_daily
2026-04-29 11:41:44,234 INFO train_distributed targets: acf_sq=0.342 leverage_sum=-0.790 hill_alpha=2.68
2026-04-29 11:41:44,522 INFO train_distributed it= 199 lr=1.00e-04 loss_world=0.9565 |∇|=4.07e+03 γ=0.954 T=0.0502
2026-04-29 11:41:44,529 INFO train_distributed training finished in 239.8s (200 iters, world_size=1)
2026-04-29 11:41:44,529 INFO train_distributed [rank 0] peak HBM: alloc=7.25 GB, reserved=8.06 GB
2026-04-29 11:41:44,532 INFO train_distributed [rank 0] wrote experiments/046_arch_megnet_pairs/results_p_4_1__1_1_seed3/training_log.json
2026-04-29 11:41:44,721 INFO train_distributed EcoMDSimulator built: 36316 parameters (device=cuda:0)
2026-04-29 11:41:44,857 INFO train_distributed it= 199 lr=1.00e-04 loss_world=1.2201 |∇|=1.75e+02 γ=0.970 T=0.0500
2026-04-29 11:41:44,864 INFO train_distributed training finished in 240.2s (200 iters, world_size=1)
2026-04-29 11:41:44,864 INFO train_distributed [rank 0] peak HBM: alloc=7.25 GB, reserved=8.06 GB
2026-04-29 11:41:44,866 INFO train_distributed [rank 0] wrote experiments/046_arch_megnet_pairs/results_p_4_1__1_1_seed1/training_log.json
  ✓ p_4_1__1_1_seed2 249s (card 2)

═ TRAIN p_4_1__3_1_seed1 (card 3) ═ 11:41:45
  ✓ p_4_1__1_1_seed4 249s (card 4)

═ TRAIN p_4_1__3_1_seed2 (card 4) ═ 11:41:45
2026-04-29 11:41:45,293 INFO train_distributed it= 199 lr=1.00e-04 loss_world=1.8973 |∇|=2.73e+03 γ=0.953 T=0.0501
2026-04-29 11:41:45,300 INFO train_distributed training finished in 240.6s (200 iters, world_size=1)
2026-04-29 11:41:45,300 INFO train_distributed [rank 0] peak HBM: alloc=7.25 GB, reserved=8.06 GB
2026-04-29 11:41:45,303 INFO train_distributed [rank 0] wrote experiments/046_arch_megnet_pairs/results_p_4_1__1_1_seed0/training_log.json
  ✓ p_4_1__1_1_seed3 249s (card 3)

═ TRAIN p_4_1__3_1_seed3 (card 5) ═ 11:41:45
  ✓ p_4_1__1_1_seed1 249s (card 1)

═ TRAIN p_4_1__3_1_seed4 (card 6) ═ 11:41:45
  ✓ p_4_1__1_1_seed0 250s (card 0)
2026-04-29 11:41:46,445 INFO train_distributed [dist] rank=0 world_size=1 local_rank=0 cuda_available=True
2026-04-29 11:41:46,488 INFO train_distributed loaded 2,841 returns for spx/2015-2026_daily
2026-04-29 11:41:46,496 INFO train_distributed targets: acf_sq=0.342 leverage_sum=-0.790 hill_alpha=2.68
2026-04-29 11:41:46,750 INFO train_distributed it=   0 lr=1.00e-04 loss_world=70.6472 |∇|=1.05e+05 γ=1.000 T=0.0500
2026-04-29 11:41:46,830 INFO train_distributed EcoMDSimulator built: 110044 parameters (device=cuda:0)
2026-04-29 11:41:47,416 INFO train_distributed it=   0 lr=1.00e-04 loss_world=44.1181 |∇|=9.83e+03 γ=1.000 T=0.0500
2026-04-29 11:41:48,311 INFO train_distributed it=   0 lr=1.00e-04 loss_world=0.8707 |∇|=1.18e+01 γ=1.000 T=0.0500
2026-04-29 11:41:49,086 INFO train_distributed [dist] rank=0 world_size=1 local_rank=0 cuda_available=True
2026-04-29 11:41:49,131 INFO train_distributed loaded 2,841 returns for spx/2015-2026_daily
2026-04-29 11:41:49,138 INFO train_distributed targets: acf_sq=0.342 leverage_sum=-0.790 hill_alpha=2.68
2026-04-29 11:41:50,084 INFO train_distributed [dist] rank=0 world_size=1 local_rank=0 cuda_available=True
2026-04-29 11:41:50,129 INFO train_distributed loaded 2,841 returns for spx/2015-2026_daily
2026-04-29 11:41:50,146 INFO train_distributed targets: acf_sq=0.342 leverage_sum=-0.790 hill_alpha=2.68
2026-04-29 11:41:50,508 INFO train_distributed [dist] rank=0 world_size=1 local_rank=0 cuda_available=True
2026-04-29 11:41:50,552 INFO train_distributed loaded 2,841 returns for spx/2015-2026_daily
2026-04-29 11:41:50,560 INFO train_distributed targets: acf_sq=0.342 leverage_sum=-0.790 hill_alpha=2.68
2026-04-29 11:41:51,064 INFO train_distributed [dist] rank=0 world_size=1 local_rank=0 cuda_available=True
2026-04-29 11:41:51,109 INFO train_distributed loaded 2,841 returns for spx/2015-2026_daily
2026-04-29 11:41:51,118 INFO train_distributed targets: acf_sq=0.342 leverage_sum=-0.790 hill_alpha=2.68
2026-04-29 11:41:51,136 INFO train_distributed it=   9 lr=1.00e-03 loss_world=1.2468 |∇|=1.23e+00 γ=1.002 T=0.0500
2026-04-29 11:41:51,295 INFO train_distributed EcoMDSimulator built: 110044 parameters (device=cuda:0)
2026-04-29 11:41:51,347 INFO train_distributed EcoMDSimulator built: 110044 parameters (device=cuda:0)
2026-04-29 11:41:51,352 INFO train_distributed EcoMDSimulator built: 110044 parameters (device=cuda:0)
2026-04-29 11:41:51,511 INFO train_distributed EcoMDSimulator built: 110044 parameters (device=cuda:0)
2026-04-29 11:41:52,789 INFO train_distributed it=   0 lr=1.00e-04 loss_world=1.1056 |∇|=2.78e+00 γ=1.000 T=0.0500
2026-04-29 11:41:52,863 INFO train_distributed it=   0 lr=1.00e-04 loss_world=0.7359 |∇|=3.52e+00 γ=1.000 T=0.0500
2026-04-29 11:41:52,864 INFO train_distributed it=   0 lr=1.00e-04 loss_world=1.4062 |∇|=3.40e+00 γ=1.000 T=0.0500
2026-04-29 11:41:52,996 INFO train_distributed it=   0 lr=1.00e-04 loss_world=1.0649 |∇|=5.39e-01 γ=1.000 T=0.0500
2026-04-29 11:41:54,260 INFO train_distributed it=  19 lr=9.95e-04 loss_world=1.3970 |∇|=1.13e+00 γ=1.003 T=0.0498
2026-04-29 11:41:55,757 INFO train_distributed it=   9 lr=1.00e-03 loss_world=0.9169 |∇|=1.78e+00 γ=1.000 T=0.0501
2026-04-29 11:41:55,870 INFO train_distributed it=   9 lr=1.00e-03 loss_world=0.8781 |∇|=6.80e-01 γ=0.999 T=0.0500
2026-04-29 11:41:55,881 INFO train_distributed it=   9 lr=1.00e-03 loss_world=0.8575 |∇|=2.06e+00 γ=1.001 T=0.0501
2026-04-29 11:41:55,907 INFO train_distributed it=   9 lr=1.00e-03 loss_world=0.9973 |∇|=1.53e+00 γ=1.003 T=0.0501
2026-04-29 11:41:57,373 INFO train_distributed it=   9 lr=1.00e-03 loss_world=8.3193 |∇|=9.56e+02 γ=0.997 T=0.0500
2026-04-29 11:41:57,401 INFO train_distributed it=  29 lr=9.78e-04 loss_world=1.3507 |∇|=1.54e+00 γ=1.003 T=0.0498
2026-04-29 11:41:58,077 INFO train_distributed it=   9 lr=1.00e-03 loss_world=4.8442 |∇|=6.66e+02 γ=1.003 T=0.0500
2026-04-29 11:41:58,994 INFO train_distributed it=  19 lr=9.95e-04 loss_world=0.6063 |∇|=1.10e+00 γ=0.996 T=0.0499
2026-04-29 11:41:59,099 INFO train_distributed it=  19 lr=9.95e-04 loss_world=0.9351 |∇|=3.63e+00 γ=1.002 T=0.0503
2026-04-29 11:41:59,160 INFO train_distributed it=  19 lr=9.95e-04 loss_world=0.7864 |∇|=9.09e-01 γ=1.011 T=0.0500
2026-04-29 11:41:59,200 INFO train_distributed it=  19 lr=9.95e-04 loss_world=1.1663 |∇|=2.28e+00 γ=0.998 T=0.0499
2026-04-29 11:42:00,529 INFO train_distributed it=  39 lr=9.49e-04 loss_world=1.4297 |∇|=3.35e+00 γ=1.006 T=0.0499
2026-04-29 11:42:02,183 INFO train_distributed it=  29 lr=9.78e-04 loss_world=1.3790 |∇|=1.34e+00 γ=0.998 T=0.0500
2026-04-29 11:42:02,272 INFO train_distributed it=  29 lr=9.78e-04 loss_world=0.8487 |∇|=1.01e+01 γ=1.000 T=0.0506
2026-04-29 11:42:02,382 INFO train_distributed it=  29 lr=9.78e-04 loss_world=0.8830 |∇|=8.22e-01 γ=1.011 T=0.0500
2026-04-29 11:42:02,482 INFO train_distributed it=  29 lr=9.78e-04 loss_world=0.9334 |∇|=1.30e+01 γ=1.000 T=0.0500
2026-04-29 11:42:03,668 INFO train_distributed it=  49 lr=9.10e-04 loss_world=0.6278 |∇|=6.79e+00 γ=1.011 T=0.0500
2026-04-29 11:42:05,319 INFO train_distributed it=  39 lr=9.49e-04 loss_world=0.9645 |∇|=1.68e+00 γ=0.999 T=0.0501
2026-04-29 11:42:05,407 INFO train_distributed it=  39 lr=9.49e-04 loss_world=0.7683 |∇|=2.52e+00 γ=1.001 T=0.0508
2026-04-29 11:42:05,597 INFO train_distributed it=  39 lr=9.49e-04 loss_world=1.1609 |∇|=1.53e+00 γ=1.008 T=0.0498
2026-04-29 11:42:05,704 INFO train_distributed it=  39 lr=9.49e-04 loss_world=1.4943 |∇|=1.44e+01 γ=1.004 T=0.0503
2026-04-29 11:42:06,823 INFO train_distributed it=  59 lr=8.60e-04 loss_world=1.6077 |∇|=2.27e+00 γ=1.012 T=0.0501
2026-04-29 11:42:08,461 INFO train_distributed it=  49 lr=9.10e-04 loss_world=0.8941 |∇|=1.89e+00 γ=0.999 T=0.0502
2026-04-29 11:42:08,550 INFO train_distributed it=  49 lr=9.10e-04 loss_world=1.4093 |∇|=5.10e+00 γ=1.001 T=0.0508
2026-04-29 11:42:08,737 INFO train_distributed it=  49 lr=9.10e-04 loss_world=0.8067 |∇|=2.73e+01 γ=1.014 T=0.0500
2026-04-29 11:42:08,946 INFO train_distributed it=  49 lr=9.10e-04 loss_world=0.7057 |∇|=1.71e+00 γ=1.006 T=0.0503
2026-04-29 11:42:09,258 INFO train_distributed it=  19 lr=9.95e-04 loss_world=2.6517 |∇|=2.03e+02 γ=0.991 T=0.0499
2026-04-29 11:42:09,962 INFO train_distributed it=  69 lr=8.02e-04 loss_world=0.7590 |∇|=9.17e+00 γ=1.014 T=0.0503
2026-04-29 11:42:09,979 INFO train_distributed it=  19 lr=9.95e-04 loss_world=3.3091 |∇|=4.35e+02 γ=1.000 T=0.0501
2026-04-29 11:42:11,712 INFO train_distributed it=  59 lr=8.60e-04 loss_world=0.9113 |∇|=7.42e-01 γ=1.002 T=0.0510
2026-04-29 11:42:11,753 INFO train_distributed it=  59 lr=8.60e-04 loss_world=0.6070 |∇|=1.60e+00 γ=0.999 T=0.0502
2026-04-29 11:42:11,945 INFO train_distributed it=  59 lr=8.60e-04 loss_world=0.7908 |∇|=1.81e+00 γ=1.017 T=0.0500
2026-04-29 11:42:12,149 INFO train_distributed it=  59 lr=8.60e-04 loss_world=0.9170 |∇|=1.84e+00 γ=1.007 T=0.0503
2026-04-29 11:42:13,095 INFO train_distributed it=  79 lr=7.38e-04 loss_world=1.1393 |∇|=1.41e+00 γ=1.015 T=0.0504
2026-04-29 11:42:14,858 INFO train_distributed it=  69 lr=8.02e-04 loss_world=1.0013 |∇|=2.33e+00 γ=1.001 T=0.0512
2026-04-29 11:42:14,925 INFO train_distributed it=  69 lr=8.02e-04 loss_world=0.7566 |∇|=5.03e+00 γ=1.000 T=0.0503
2026-04-29 11:42:15,055 INFO train_distributed it=  69 lr=8.02e-04 loss_world=1.1092 |∇|=2.25e+00 γ=1.018 T=0.0500
2026-04-29 11:42:15,344 INFO train_distributed it=  69 lr=8.02e-04 loss_world=0.9036 |∇|=6.04e-01 γ=1.009 T=0.0504
2026-04-29 11:42:16,231 INFO train_distributed it=  89 lr=6.68e-04 loss_world=0.9990 |∇|=4.83e+01 γ=1.015 T=0.0505
2026-04-29 11:42:18,031 INFO train_distributed it=  79 lr=7.38e-04 loss_world=1.1761 |∇|=3.33e+00 γ=0.999 T=0.0512
2026-04-29 11:42:18,085 INFO train_distributed it=  79 lr=7.38e-04 loss_world=0.8900 |∇|=9.75e+00 γ=1.002 T=0.0504
2026-04-29 11:42:18,186 INFO train_distributed it=  79 lr=7.38e-04 loss_world=1.1723 |∇|=2.70e+00 γ=1.018 T=0.0500
2026-04-29 11:42:18,537 INFO train_distributed it=  79 lr=7.38e-04 loss_world=0.6894 |∇|=2.21e+00 γ=1.009 T=0.0505
2026-04-29 11:42:19,396 INFO train_distributed it=  99 lr=5.95e-04 loss_world=0.7260 |∇|=1.36e+00 γ=1.017 T=0.0506
2026-04-29 11:42:21,113 INFO train_distributed it=  29 lr=9.78e-04 loss_world=1.9186 |∇|=2.39e+03 γ=0.986 T=0.0499
2026-04-29 11:42:21,225 INFO train_distributed it=  89 lr=6.68e-04 loss_world=0.6737 |∇|=2.34e+00 γ=0.999 T=0.0512
2026-04-29 11:42:21,240 INFO train_distributed it=  89 lr=6.68e-04 loss_world=0.7514 |∇|=2.88e+00 γ=1.001 T=0.0504
2026-04-29 11:42:21,290 INFO train_distributed it=  89 lr=6.68e-04 loss_world=1.3582 |∇|=3.72e+00 γ=1.018 T=0.0500
2026-04-29 11:42:21,736 INFO train_distributed it=  89 lr=6.68e-04 loss_world=1.0180 |∇|=8.22e-01 γ=1.010 T=0.0506
2026-04-29 11:42:21,835 INFO train_distributed it=  29 lr=9.78e-04 loss_world=3.8346 |∇|=8.13e+02 γ=0.994 T=0.0502
2026-04-29 11:42:22,542 INFO train_distributed it= 109 lr=5.20e-04 loss_world=0.9207 |∇|=1.62e+00 γ=1.015 T=0.0505
2026-04-29 11:42:24,393 INFO train_distributed it=  99 lr=5.95e-04 loss_world=0.5368 |∇|=1.14e+00 γ=1.018 T=0.0499
2026-04-29 11:42:24,397 INFO train_distributed it=  99 lr=5.95e-04 loss_world=0.6528 |∇|=1.54e+00 γ=0.999 T=0.0503
2026-04-29 11:42:24,464 INFO train_distributed it=  99 lr=5.95e-04 loss_world=0.7720 |∇|=1.97e+00 γ=0.998 T=0.0511
2026-04-29 11:42:24,914 INFO train_distributed it=  99 lr=5.95e-04 loss_world=1.1275 |∇|=7.42e+00 γ=1.011 T=0.0506
2026-04-29 11:42:25,670 INFO train_distributed it= 119 lr=4.47e-04 loss_world=0.7403 |∇|=4.60e+00 γ=1.012 T=0.0503
2026-04-29 11:42:27,493 INFO train_distributed it= 109 lr=5.20e-04 loss_world=0.7714 |∇|=2.08e+00 γ=1.018 T=0.0499
2026-04-29 11:42:27,566 INFO train_distributed it= 109 lr=5.20e-04 loss_world=1.2801 |∇|=1.11e+00 γ=0.998 T=0.0502
2026-04-29 11:42:27,610 INFO train_distributed it= 109 lr=5.20e-04 loss_world=1.0874 |∇|=3.94e+00 γ=1.000 T=0.0512
2026-04-29 11:42:28,106 INFO train_distributed it= 109 lr=5.20e-04 loss_world=0.8644 |∇|=7.72e+00 γ=1.011 T=0.0506
2026-04-29 11:42:28,814 INFO train_distributed it= 129 lr=3.76e-04 loss_world=1.3519 |∇|=1.45e-01 γ=1.013 T=0.0503
2026-04-29 11:42:30,645 INFO train_distributed it= 119 lr=4.47e-04 loss_world=0.9805 |∇|=1.72e+00 γ=1.018 T=0.0499
2026-04-29 11:42:30,749 INFO train_distributed it= 119 lr=4.47e-04 loss_world=1.3520 |∇|=2.16e+00 γ=1.002 T=0.0513
2026-04-29 11:42:30,752 INFO train_distributed it= 119 lr=4.47e-04 loss_world=0.9075 |∇|=1.31e+00 γ=0.996 T=0.0502
2026-04-29 11:42:31,295 INFO train_distributed it= 119 lr=4.47e-04 loss_world=1.1175 |∇|=6.22e+00 γ=1.011 T=0.0506
2026-04-29 11:42:31,981 INFO train_distributed it= 139 lr=3.10e-04 loss_world=1.0826 |∇|=6.09e+00 γ=1.013 T=0.0502
2026-04-29 11:42:32,923 INFO train_distributed it=  39 lr=9.49e-04 loss_world=4.1627 |∇|=9.28e+02 γ=0.979 T=0.0500
2026-04-29 11:42:33,670 INFO train_distributed it=  39 lr=9.49e-04 loss_world=2.2403 |∇|=1.24e+02 γ=0.990 T=0.0502
2026-04-29 11:42:33,791 INFO train_distributed it= 129 lr=3.76e-04 loss_world=0.7489 |∇|=2.95e+00 γ=1.019 T=0.0500
2026-04-29 11:42:33,886 INFO train_distributed it= 129 lr=3.76e-04 loss_world=1.6204 |∇|=2.68e+00 γ=1.002 T=0.0513
2026-04-29 11:42:33,927 INFO train_distributed it= 129 lr=3.76e-04 loss_world=1.0057 |∇|=3.41e+00 γ=0.997 T=0.0502
2026-04-29 11:42:34,501 INFO train_distributed it= 129 lr=3.76e-04 loss_world=0.9514 |∇|=1.24e+00 γ=1.012 T=0.0506
2026-04-29 11:42:35,148 INFO train_distributed it= 149 lr=2.51e-04 loss_world=0.8265 |∇|=1.24e+00 γ=1.013 T=0.0502
2026-04-29 11:42:36,940 INFO train_distributed it= 139 lr=3.10e-04 loss_world=0.7968 |∇|=2.46e+00 γ=1.019 T=0.0500
2026-04-29 11:42:37,073 INFO train_distributed it= 139 lr=3.10e-04 loss_world=1.0392 |∇|=2.36e+00 γ=1.001 T=0.0512
2026-04-29 11:42:37,110 INFO train_distributed it= 139 lr=3.10e-04 loss_world=1.3912 |∇|=1.09e+00 γ=1.000 T=0.0503
2026-04-29 11:42:37,733 INFO train_distributed it= 139 lr=3.10e-04 loss_world=1.0635 |∇|=2.97e+00 γ=1.011 T=0.0506
2026-04-29 11:42:38,393 INFO train_distributed it= 159 lr=2.00e-04 loss_world=1.3139 |∇|=5.17e+00 γ=1.012 T=0.0502
2026-04-29 11:42:40,056 INFO train_distributed it= 149 lr=2.51e-04 loss_world=1.8389 |∇|=5.04e+00 γ=1.021 T=0.0501
2026-04-29 11:42:40,236 INFO train_distributed it= 149 lr=2.51e-04 loss_world=1.0198 |∇|=8.39e-01 γ=1.001 T=0.0512
2026-04-29 11:42:40,275 INFO train_distributed it= 149 lr=2.51e-04 loss_world=1.3745 |∇|=3.06e+00 γ=1.000 T=0.0504
2026-04-29 11:42:40,925 INFO train_distributed it= 149 lr=2.51e-04 loss_world=1.1402 |∇|=4.03e-01 γ=1.011 T=0.0506
2026-04-29 11:42:41,537 INFO train_distributed it= 169 lr=1.58e-04 loss_world=0.7619 |∇|=7.58e-01 γ=1.012 T=0.0502
2026-04-29 11:42:43,163 INFO train_distributed it= 159 lr=2.00e-04 loss_world=0.6935 |∇|=5.17e+00 γ=1.023 T=0.0501
2026-04-29 11:42:43,362 INFO train_distributed it= 159 lr=2.00e-04 loss_world=0.9406 |∇|=2.04e+00 γ=1.001 T=0.0512
2026-04-29 11:42:43,451 INFO train_distributed it= 159 lr=2.00e-04 loss_world=0.8455 |∇|=1.08e+00 γ=0.999 T=0.0503
2026-04-29 11:42:44,113 INFO train_distributed it= 159 lr=2.00e-04 loss_world=1.0713 |∇|=6.62e+00 γ=1.011 T=0.0506
2026-04-29 11:42:44,684 INFO train_distributed it= 179 lr=1.27e-04 loss_world=0.7658 |∇|=5.71e+00 γ=1.012 T=0.0502
2026-04-29 11:42:44,712 INFO train_distributed it=  49 lr=9.10e-04 loss_world=2.9717 |∇|=1.36e+02 γ=0.972 T=0.0500
2026-04-29 11:42:45,483 INFO train_distributed it=  49 lr=9.10e-04 loss_world=2.1593 |∇|=1.66e+02 γ=0.985 T=0.0502
2026-04-29 11:42:46,252 INFO train_distributed it= 169 lr=1.58e-04 loss_world=0.4528 |∇|=2.96e+01 γ=1.024 T=0.0501
2026-04-29 11:42:46,488 INFO train_distributed it= 169 lr=1.58e-04 loss_world=1.6102 |∇|=3.03e+00 γ=1.000 T=0.0512
2026-04-29 11:42:46,599 INFO train_distributed it= 169 lr=1.58e-04 loss_world=0.7369 |∇|=1.53e+00 γ=0.999 T=0.0503
2026-04-29 11:42:47,298 INFO train_distributed it= 169 lr=1.58e-04 loss_world=1.0186 |∇|=4.39e+00 γ=1.011 T=0.0506
2026-04-29 11:42:47,825 INFO train_distributed it= 189 lr=1.07e-04 loss_world=1.2134 |∇|=5.07e+00 γ=1.013 T=0.0502
2026-04-29 11:42:49,349 INFO train_distributed it= 179 lr=1.27e-04 loss_world=1.0324 |∇|=1.93e+00 γ=1.024 T=0.0501
2026-04-29 11:42:49,617 INFO train_distributed it= 179 lr=1.27e-04 loss_world=0.8282 |∇|=3.23e+00 γ=1.001 T=0.0512
2026-04-29 11:42:49,766 INFO train_distributed it= 179 lr=1.27e-04 loss_world=0.7913 |∇|=2.68e+00 γ=0.999 T=0.0503
2026-04-29 11:42:50,478 INFO train_distributed it= 179 lr=1.27e-04 loss_world=0.7162 |∇|=1.98e+00 γ=1.012 T=0.0506
2026-04-29 11:42:50,966 INFO train_distributed it= 199 lr=1.00e-04 loss_world=0.6899 |∇|=9.75e-01 γ=1.013 T=0.0502
2026-04-29 11:42:50,974 INFO train_distributed training finished in 64.1s (200 iters, world_size=1)
2026-04-29 11:42:50,974 INFO train_distributed [rank 0] peak HBM: alloc=0.60 GB, reserved=0.79 GB
2026-04-29 11:42:50,977 INFO train_distributed [rank 0] wrote experiments/046_arch_megnet_pairs/results_p_4_1__3_1_seed0/training_log.json
  ✓ p_4_1__3_1_seed0 69s (card 2)
2026-04-29 11:42:52,534 INFO train_distributed it= 189 lr=1.07e-04 loss_world=1.4402 |∇|=6.95e+00 γ=1.025 T=0.0501
2026-04-29 11:42:52,740 INFO train_distributed it= 189 lr=1.07e-04 loss_world=1.1211 |∇|=7.54e-01 γ=1.002 T=0.0512
2026-04-29 11:42:52,916 INFO train_distributed it= 189 lr=1.07e-04 loss_world=1.3055 |∇|=3.18e+00 γ=0.999 T=0.0503
2026-04-29 11:42:53,664 INFO train_distributed it= 189 lr=1.07e-04 loss_world=0.8257 |∇|=6.31e-01 γ=1.012 T=0.0506
2026-04-29 11:42:55,633 INFO train_distributed it= 199 lr=1.00e-04 loss_world=0.8211 |∇|=1.55e+00 γ=1.025 T=0.0501
2026-04-29 11:42:55,641 INFO train_distributed training finished in 64.1s (200 iters, world_size=1)
2026-04-29 11:42:55,641 INFO train_distributed [rank 0] peak HBM: alloc=0.60 GB, reserved=0.79 GB
2026-04-29 11:42:55,643 INFO train_distributed [rank 0] wrote experiments/046_arch_megnet_pairs/results_p_4_1__3_1_seed4/training_log.json
2026-04-29 11:42:55,856 INFO train_distributed it= 199 lr=1.00e-04 loss_world=1.0601 |∇|=4.11e+00 γ=1.002 T=0.0513
2026-04-29 11:42:55,863 INFO train_distributed training finished in 64.5s (200 iters, world_size=1)
2026-04-29 11:42:55,863 INFO train_distributed [rank 0] peak HBM: alloc=0.60 GB, reserved=0.79 GB
2026-04-29 11:42:55,866 INFO train_distributed [rank 0] wrote experiments/046_arch_megnet_pairs/results_p_4_1__3_1_seed3/training_log.json
2026-04-29 11:42:56,078 INFO train_distributed it= 199 lr=1.00e-04 loss_world=0.9296 |∇|=2.38e+00 γ=1.000 T=0.0504
2026-04-29 11:42:56,086 INFO train_distributed training finished in 64.7s (200 iters, world_size=1)
2026-04-29 11:42:56,086 INFO train_distributed [rank 0] peak HBM: alloc=0.60 GB, reserved=0.79 GB
2026-04-29 11:42:56,089 INFO train_distributed [rank 0] wrote experiments/046_arch_megnet_pairs/results_p_4_1__3_1_seed1/training_log.json
  ✓ p_4_1__3_1_seed4 71s (card 6)
2026-04-29 11:42:56,501 INFO train_distributed it=  59 lr=8.60e-04 loss_world=3.9645 |∇|=5.24e+02 γ=0.966 T=0.0499
  ✓ p_4_1__3_1_seed3 71s (card 5)
2026-04-29 11:42:56,864 INFO train_distributed it= 199 lr=1.00e-04 loss_world=1.0446 |∇|=1.52e+00 γ=1.012 T=0.0506
2026-04-29 11:42:56,872 INFO train_distributed training finished in 65.6s (200 iters, world_size=1)
2026-04-29 11:42:56,872 INFO train_distributed [rank 0] peak HBM: alloc=0.60 GB, reserved=0.79 GB
2026-04-29 11:42:56,875 INFO train_distributed [rank 0] wrote experiments/046_arch_megnet_pairs/results_p_4_1__3_1_seed2/training_log.json
  ✓ p_4_1__3_1_seed1 71s (card 3)
2026-04-29 11:42:57,292 INFO train_distributed it=  59 lr=8.60e-04 loss_world=2.0463 |∇|=1.68e+02 γ=0.982 T=0.0502
  ✓ p_4_1__3_1_seed2 72s (card 4)
2026-04-29 11:43:08,277 INFO train_distributed it=  69 lr=8.02e-04 loss_world=9.5060 |∇|=1.26e+03 γ=0.961 T=0.0499
2026-04-29 11:43:09,081 INFO train_distributed it=  69 lr=8.02e-04 loss_world=8.0536 |∇|=1.49e+03 γ=0.979 T=0.0502
2026-04-29 11:43:20,032 INFO train_distributed it=  79 lr=7.38e-04 loss_world=1.9961 |∇|=1.25e+02 γ=0.955 T=0.0499
2026-04-29 11:43:20,859 INFO train_distributed it=  79 lr=7.38e-04 loss_world=4.7535 |∇|=7.54e+02 γ=0.975 T=0.0503
2026-04-29 11:43:31,780 INFO train_distributed it=  89 lr=6.68e-04 loss_world=2.2495 |∇|=1.04e+02 γ=0.952 T=0.0499
2026-04-29 11:43:32,624 INFO train_distributed it=  89 lr=6.68e-04 loss_world=2.5756 |∇|=1.68e+02 γ=0.971 T=0.0504
2026-04-29 11:43:43,521 INFO train_distributed it=  99 lr=5.95e-04 loss_world=2.2367 |∇|=1.82e+02 γ=0.950 T=0.0499
2026-04-29 11:43:44,373 INFO train_distributed it=  99 lr=5.95e-04 loss_world=2.1386 |∇|=1.82e+02 γ=0.966 T=0.0504
2026-04-29 11:43:55,246 INFO train_distributed it= 109 lr=5.20e-04 loss_world=2.1214 |∇|=3.14e+02 γ=0.949 T=0.0499
2026-04-29 11:43:56,120 INFO train_distributed it= 109 lr=5.20e-04 loss_world=3.9811 |∇|=8.04e+02 γ=0.964 T=0.0504
2026-04-29 11:44:06,972 INFO train_distributed it= 119 lr=4.47e-04 loss_world=7.4369 |∇|=4.28e+04 γ=0.949 T=0.0499
2026-04-29 11:44:07,866 INFO train_distributed it= 119 lr=4.47e-04 loss_world=1.8981 |∇|=2.26e+03 γ=0.963 T=0.0504
2026-04-29 11:44:18,687 INFO train_distributed it= 129 lr=3.76e-04 loss_world=1.9542 |∇|=1.09e+03 γ=0.949 T=0.0499
2026-04-29 11:44:19,600 INFO train_distributed it= 129 lr=3.76e-04 loss_world=2.0155 |∇|=2.56e+02 γ=0.962 T=0.0504
2026-04-29 11:44:30,399 INFO train_distributed it= 139 lr=3.10e-04 loss_world=2.8328 |∇|=5.01e+03 γ=0.949 T=0.0499
2026-04-29 11:44:31,335 INFO train_distributed it= 139 lr=3.10e-04 loss_world=6.2365 |∇|=1.19e+04 γ=0.961 T=0.0504
2026-04-29 11:44:42,114 INFO train_distributed it= 149 lr=2.51e-04 loss_world=1.2848 |∇|=6.51e+02 γ=0.949 T=0.0499
2026-04-29 11:44:43,058 INFO train_distributed it= 149 lr=2.51e-04 loss_world=2.3949 |∇|=1.43e+03 γ=0.961 T=0.0504
2026-04-29 11:44:53,822 INFO train_distributed it= 159 lr=2.00e-04 loss_world=1.3867 |∇|=7.76e+02 γ=0.949 T=0.0499
2026-04-29 11:44:54,772 INFO train_distributed it= 159 lr=2.00e-04 loss_world=2.2504 |∇|=2.58e+02 γ=0.961 T=0.0504
2026-04-29 11:45:05,534 INFO train_distributed it= 169 lr=1.58e-04 loss_world=5.4692 |∇|=3.37e+04 γ=0.949 T=0.0499
2026-04-29 11:45:06,492 INFO train_distributed it= 169 lr=1.58e-04 loss_world=2.0957 |∇|=7.98e+02 γ=0.961 T=0.0504
2026-04-29 11:45:17,253 INFO train_distributed it= 179 lr=1.27e-04 loss_world=1.4407 |∇|=9.99e+02 γ=0.949 T=0.0499
2026-04-29 11:45:18,205 INFO train_distributed it= 179 lr=1.27e-04 loss_world=2.2875 |∇|=1.93e+03 γ=0.961 T=0.0504
2026-04-29 11:45:28,966 INFO train_distributed it= 189 lr=1.07e-04 loss_world=0.9849 |∇|=1.63e+03 γ=0.949 T=0.0499
2026-04-29 11:45:29,907 INFO train_distributed it= 189 lr=1.07e-04 loss_world=1.7075 |∇|=2.12e+04 γ=0.961 T=0.0504
2026-04-29 11:45:40,679 INFO train_distributed it= 199 lr=1.00e-04 loss_world=1.2080 |∇|=6.69e+02 γ=0.949 T=0.0499
2026-04-29 11:45:40,685 INFO train_distributed training finished in 236.5s (200 iters, world_size=1)
2026-04-29 11:45:40,685 INFO train_distributed [rank 0] peak HBM: alloc=7.24 GB, reserved=8.05 GB
2026-04-29 11:45:40,688 INFO train_distributed [rank 0] wrote experiments/046_arch_megnet_pairs/results_p_4_1__2_1_seed3/training_log.json
  ✓ p_4_1__2_1_seed3 241s (card 0)
2026-04-29 11:45:41,612 INFO train_distributed it= 199 lr=1.00e-04 loss_world=2.2322 |∇|=1.37e+03 γ=0.961 T=0.0504
2026-04-29 11:45:41,618 INFO train_distributed training finished in 236.9s (200 iters, world_size=1)
2026-04-29 11:45:41,618 INFO train_distributed [rank 0] peak HBM: alloc=7.24 GB, reserved=8.05 GB
2026-04-29 11:45:41,621 INFO train_distributed [rank 0] wrote experiments/046_arch_megnet_pairs/results_p_4_1__2_1_seed4/training_log.json
  ✓ p_4_1__2_1_seed4 242s (card 1)

═ EVAL  p_4_1__1_1_seed0 (card 0) ═ 11:45:42

═ EVAL  p_4_1__1_1_seed1 (card 1) ═ 11:45:42

═ EVAL  p_4_1__1_1_seed2 (card 2) ═ 11:45:42

═ EVAL  p_4_1__1_1_seed3 (card 3) ═ 11:45:42

═ EVAL  p_4_1__1_1_seed4 (card 4) ═ 11:45:42

═ EVAL  p_4_1__2_1_seed0 (card 5) ═ 11:45:42

═ EVAL  p_4_1__2_1_seed1 (card 6) ═ 11:45:42

═ EVAL  p_4_1__2_1_seed2 (card 7) ═ 11:45:42
2026-04-29 11:45:46,867 INFO inference_run_large [dist] world_size=1 cuda=True
2026-04-29 11:45:47,931 INFO inference_run_large [dist] world_size=1 cuda=True
2026-04-29 11:45:48,337 INFO inference_run_large [dist] world_size=1 cuda=True
2026-04-29 11:45:48,822 INFO inference_run_large [dist] world_size=1 cuda=True
2026-04-29 11:45:49,160 INFO inference_run_large [dist] world_size=1 cuda=True
2026-04-29 11:45:49,527 INFO inference_run_large [dist] world_size=1 cuda=True
2026-04-29 11:45:49,897 INFO inference_run_large [dist] world_size=1 cuda=True
2026-04-29 11:45:50,392 INFO inference_run_large [dist] world_size=1 cuda=True
2026-04-29 11:45:51,037 INFO inference_run_large loaded checkpoint iter=200 from /AI4S/Users/howardwang/h204/ecophys/experiments/046_arch_megnet_pairs/results_p_4_1__2_1_seed0/checkpoint.pt
2026-04-29 11:45:51,037 INFO inference_run_large loaded checkpoint iter=200 from /AI4S/Users/howardwang/h204/ecophys/experiments/046_arch_megnet_pairs/results_p_4_1__1_1_seed1/checkpoint.pt
2026-04-29 11:45:51,038 INFO inference_run_large loaded checkpoint iter=200 from /AI4S/Users/howardwang/h204/ecophys/experiments/046_arch_megnet_pairs/results_p_4_1__2_1_seed1/checkpoint.pt
2026-04-29 11:45:51,039 INFO inference_run_large loaded checkpoint iter=200 from /AI4S/Users/howardwang/h204/ecophys/experiments/046_arch_megnet_pairs/results_p_4_1__1_1_seed3/checkpoint.pt
2026-04-29 11:45:51,040 INFO inference_run_large loaded checkpoint iter=200 from /AI4S/Users/howardwang/h204/ecophys/experiments/046_arch_megnet_pairs/results_p_4_1__2_1_seed2/checkpoint.pt
2026-04-29 11:45:51,041 INFO inference_run_large loaded checkpoint iter=200 from /AI4S/Users/howardwang/h204/ecophys/experiments/046_arch_megnet_pairs/results_p_4_1__1_1_seed2/checkpoint.pt
2026-04-29 11:45:51,059 INFO inference_run_large loaded checkpoint iter=200 from /AI4S/Users/howardwang/h204/ecophys/experiments/046_arch_megnet_pairs/results_p_4_1__1_1_seed0/checkpoint.pt
2026-04-29 11:45:51,187 INFO inference_run_large loaded checkpoint iter=200 from /AI4S/Users/howardwang/h204/ecophys/experiments/046_arch_megnet_pairs/results_p_4_1__1_1_seed4/checkpoint.pt
2026-04-29 11:46:39,206 INFO inference_run_large [rank 0] rollout 1/4 seed=10000 took 47.2s
2026-04-29 11:46:39,233 INFO inference_run_large [rank 0] rollout 1/4 seed=10000 took 47.2s
2026-04-29 11:46:39,272 INFO inference_run_large [rank 0] rollout 1/4 seed=10000 took 47.2s
2026-04-29 11:46:39,773 INFO inference_run_large [rank 0] rollout 1/4 seed=10000 took 47.8s
2026-04-29 11:46:39,826 INFO inference_run_large [rank 0] rollout 1/4 seed=10000 took 47.8s
2026-04-29 11:46:39,884 INFO inference_run_large [rank 0] rollout 1/4 seed=10000 took 47.9s
2026-04-29 11:46:39,987 INFO inference_run_large [rank 0] rollout 1/4 seed=10000 took 48.0s
2026-04-29 11:46:40,006 INFO inference_run_large [rank 0] rollout 1/4 seed=10000 took 47.9s
2026-04-29 11:47:25,951 INFO inference_run_large [rank 0] rollout 2/4 seed=10001 took 46.7s
2026-04-29 11:47:25,973 INFO inference_run_large [rank 0] rollout 2/4 seed=10001 took 46.7s
2026-04-29 11:47:26,205 INFO inference_run_large [rank 0] rollout 2/4 seed=10001 took 46.8s
2026-04-29 11:47:27,136 INFO inference_run_large [rank 0] rollout 2/4 seed=10001 took 47.3s
2026-04-29 11:47:27,152 INFO inference_run_large [rank 0] rollout 2/4 seed=10001 took 47.2s
2026-04-29 11:47:27,301 INFO inference_run_large [rank 0] rollout 2/4 seed=10001 took 47.3s
2026-04-29 11:47:27,463 INFO inference_run_large [rank 0] rollout 2/4 seed=10001 took 47.4s
2026-04-29 11:47:27,503 INFO inference_run_large [rank 0] rollout 2/4 seed=10001 took 47.4s
2026-04-29 11:48:12,669 INFO inference_run_large [rank 0] rollout 3/4 seed=10002 took 46.6s
2026-04-29 11:48:12,697 INFO inference_run_large [rank 0] rollout 3/4 seed=10002 took 46.6s
2026-04-29 11:48:13,217 INFO inference_run_large [rank 0] rollout 3/4 seed=10002 took 46.9s
2026-04-29 11:48:14,514 INFO inference_run_large [rank 0] rollout 3/4 seed=10002 took 47.3s
2026-04-29 11:48:14,591 INFO inference_run_large [rank 0] rollout 3/4 seed=10002 took 47.4s
2026-04-29 11:48:14,761 INFO inference_run_large [rank 0] rollout 3/4 seed=10002 took 47.4s
2026-04-29 11:48:14,975 INFO inference_run_large [rank 0] rollout 3/4 seed=10002 took 47.4s
2026-04-29 11:48:15,074 INFO inference_run_large [rank 0] rollout 3/4 seed=10002 took 47.5s
2026-04-29 11:48:59,453 INFO inference_run_large [rank 0] rollout 4/4 seed=10003 took 46.7s
2026-04-29 11:48:59,457 INFO inference_run_large [rank 0] wrote /AI4S/Users/howardwang/h204/ecophys/experiments/046_arch_megnet_pairs/results_p_4_1__2_1_seed1/inference_rank_0.json
2026-04-29 11:48:59,460 INFO inference_run_large [rank 0] merged 4 rollouts → /AI4S/Users/howardwang/h204/ecophys/experiments/046_arch_megnet_pairs/results_p_4_1__2_1_seed1/inference_merged.json
2026-04-29 11:48:59,468 INFO inference_run_large [rank 0] rollout 4/4 seed=10003 took 46.7s
2026-04-29 11:48:59,471 INFO inference_run_large [rank 0] wrote /AI4S/Users/howardwang/h204/ecophys/experiments/046_arch_megnet_pairs/results_p_4_1__2_1_seed2/inference_rank_0.json
2026-04-29 11:48:59,475 INFO inference_run_large [rank 0] merged 4 rollouts → /AI4S/Users/howardwang/h204/ecophys/experiments/046_arch_megnet_pairs/results_p_4_1__2_1_seed2/inference_merged.json
2026-04-29 11:49:00,340 INFO inference_run_large [rank 0] rollout 4/4 seed=10003 took 47.0s
2026-04-29 11:49:00,343 INFO inference_run_large [rank 0] wrote /AI4S/Users/howardwang/h204/ecophys/experiments/046_arch_megnet_pairs/results_p_4_1__2_1_seed0/inference_rank_0.json
2026-04-29 11:49:00,347 INFO inference_run_large [rank 0] merged 4 rollouts → /AI4S/Users/howardwang/h204/ecophys/experiments/046_arch_megnet_pairs/results_p_4_1__2_1_seed0/inference_merged.json
  ✓ eval p_4_1__2_1_seed1 198s (card 6)

═ EVAL  p_4_1__2_1_seed3 (card 0) ═ 11:49:00
  ✓ eval p_4_1__2_1_seed2 198s (card 7)

═ EVAL  p_4_1__2_1_seed4 (card 1) ═ 11:49:00
  ✓ eval p_4_1__2_1_seed0 199s (card 5)

═ EVAL  p_4_1__3_1_seed0 (card 2) ═ 11:49:01
2026-04-29 11:49:01,831 INFO inference_run_large [rank 0] rollout 4/4 seed=10003 took 47.2s
2026-04-29 11:49:01,834 INFO inference_run_large [rank 0] wrote /AI4S/Users/howardwang/h204/ecophys/experiments/046_arch_megnet_pairs/results_p_4_1__1_1_seed0/inference_rank_0.json
2026-04-29 11:49:01,838 INFO inference_run_large [rank 0] merged 4 rollouts → /AI4S/Users/howardwang/h204/ecophys/experiments/046_arch_megnet_pairs/results_p_4_1__1_1_seed0/inference_merged.json
2026-04-29 11:49:01,946 INFO inference_run_large [rank 0] rollout 4/4 seed=10003 took 47.3s
2026-04-29 11:49:01,949 INFO inference_run_large [rank 0] wrote /AI4S/Users/howardwang/h204/ecophys/experiments/046_arch_megnet_pairs/results_p_4_1__1_1_seed2/inference_rank_0.json
2026-04-29 11:49:01,953 INFO inference_run_large [rank 0] merged 4 rollouts → /AI4S/Users/howardwang/h204/ecophys/experiments/046_arch_megnet_pairs/results_p_4_1__1_1_seed2/inference_merged.json
2026-04-29 11:49:02,174 INFO inference_run_large [rank 0] rollout 4/4 seed=10003 took 47.3s
2026-04-29 11:49:02,178 INFO inference_run_large [rank 0] wrote /AI4S/Users/howardwang/h204/ecophys/experiments/046_arch_megnet_pairs/results_p_4_1__1_1_seed1/inference_rank_0.json
2026-04-29 11:49:02,182 INFO inference_run_large [rank 0] merged 4 rollouts → /AI4S/Users/howardwang/h204/ecophys/experiments/046_arch_megnet_pairs/results_p_4_1__1_1_seed1/inference_merged.json
2026-04-29 11:49:02,459 INFO inference_run_large [rank 0] rollout 4/4 seed=10003 took 47.4s
2026-04-29 11:49:02,462 INFO inference_run_large [rank 0] wrote /AI4S/Users/howardwang/h204/ecophys/experiments/046_arch_megnet_pairs/results_p_4_1__1_1_seed4/inference_rank_0.json
2026-04-29 11:49:02,466 INFO inference_run_large [rank 0] merged 4 rollouts → /AI4S/Users/howardwang/h204/ecophys/experiments/046_arch_megnet_pairs/results_p_4_1__1_1_seed4/inference_merged.json
2026-04-29 11:49:02,583 INFO inference_run_large [rank 0] rollout 4/4 seed=10003 took 47.4s
2026-04-29 11:49:02,586 INFO inference_run_large [rank 0] wrote /AI4S/Users/howardwang/h204/ecophys/experiments/046_arch_megnet_pairs/results_p_4_1__1_1_seed3/inference_rank_0.json
2026-04-29 11:49:02,590 INFO inference_run_large [rank 0] merged 4 rollouts → /AI4S/Users/howardwang/h204/ecophys/experiments/046_arch_megnet_pairs/results_p_4_1__1_1_seed3/inference_merged.json
  ✓ eval p_4_1__1_1_seed0 200s (card 0)

═ EVAL  p_4_1__3_1_seed1 (card 3) ═ 11:49:02
  ✓ eval p_4_1__1_1_seed2 200s (card 2)

═ EVAL  p_4_1__3_1_seed2 (card 4) ═ 11:49:02
  ✓ eval p_4_1__1_1_seed1 201s (card 1)

═ EVAL  p_4_1__3_1_seed3 (card 5) ═ 11:49:03
  ✓ eval p_4_1__1_1_seed4 201s (card 4)

═ EVAL  p_4_1__3_1_seed4 (card 6) ═ 11:49:03
  ✓ eval p_4_1__1_1_seed3 201s (card 3)
2026-04-29 11:49:03,807 INFO inference_run_large [dist] world_size=1 cuda=True
2026-04-29 11:49:04,185 INFO inference_run_large [dist] world_size=1 cuda=True
2026-04-29 11:49:04,642 INFO inference_run_large [dist] world_size=1 cuda=True
2026-04-29 11:49:04,849 INFO inference_run_large loaded checkpoint iter=200 from /AI4S/Users/howardwang/h204/ecophys/experiments/046_arch_megnet_pairs/results_p_4_1__2_1_seed3/checkpoint.pt
2026-04-29 11:49:04,952 INFO inference_run_large loaded checkpoint iter=200 from /AI4S/Users/howardwang/h204/ecophys/experiments/046_arch_megnet_pairs/results_p_4_1__2_1_seed4/checkpoint.pt
2026-04-29 11:49:05,030 INFO inference_run_large loaded checkpoint iter=200 from /AI4S/Users/howardwang/h204/ecophys/experiments/046_arch_megnet_pairs/results_p_4_1__3_1_seed0/checkpoint.pt
2026-04-29 11:49:06,225 INFO inference_run_large [dist] world_size=1 cuda=True
2026-04-29 11:49:07,093 INFO inference_run_large [dist] world_size=1 cuda=True
2026-04-29 11:49:07,946 INFO inference_run_large [dist] world_size=1 cuda=True
2026-04-29 11:49:08,252 INFO inference_run_large [dist] world_size=1 cuda=True
2026-04-29 11:49:08,515 INFO inference_run_large loaded checkpoint iter=200 from /AI4S/Users/howardwang/h204/ecophys/experiments/046_arch_megnet_pairs/results_p_4_1__3_1_seed1/checkpoint.pt
2026-04-29 11:49:08,602 INFO inference_run_large loaded checkpoint iter=200 from /AI4S/Users/howardwang/h204/ecophys/experiments/046_arch_megnet_pairs/results_p_4_1__3_1_seed2/checkpoint.pt
2026-04-29 11:49:08,614 INFO inference_run_large loaded checkpoint iter=200 from /AI4S/Users/howardwang/h204/ecophys/experiments/046_arch_megnet_pairs/results_p_4_1__3_1_seed3/checkpoint.pt
2026-04-29 11:49:08,725 INFO inference_run_large loaded checkpoint iter=200 from /AI4S/Users/howardwang/h204/ecophys/experiments/046_arch_megnet_pairs/results_p_4_1__3_1_seed4/checkpoint.pt
2026-04-29 11:49:21,907 INFO inference_run_large [rank 0] rollout 1/4 seed=10000 took 16.0s
2026-04-29 11:49:23,529 INFO inference_run_large [rank 0] rollout 1/4 seed=10000 took 13.9s
2026-04-29 11:49:23,740 INFO inference_run_large [rank 0] rollout 1/4 seed=10000 took 14.1s
2026-04-29 11:49:23,834 INFO inference_run_large [rank 0] rollout 1/4 seed=10000 took 14.4s
2026-04-29 11:49:23,934 INFO inference_run_large [rank 0] rollout 1/4 seed=10000 took 14.4s
2026-04-29 11:49:35,880 INFO inference_run_large [rank 0] rollout 2/4 seed=10001 took 13.9s
2026-04-29 11:49:37,046 INFO inference_run_large [rank 0] rollout 2/4 seed=10001 took 13.4s
2026-04-29 11:49:37,338 INFO inference_run_large [rank 0] rollout 2/4 seed=10001 took 13.4s
2026-04-29 11:49:37,380 INFO inference_run_large [rank 0] rollout 2/4 seed=10001 took 13.5s
2026-04-29 11:49:37,552 INFO inference_run_large [rank 0] rollout 2/4 seed=10001 took 13.5s
2026-04-29 11:49:49,873 INFO inference_run_large [rank 0] rollout 3/4 seed=10002 took 13.9s
2026-04-29 11:49:50,739 INFO inference_run_large [rank 0] rollout 3/4 seed=10002 took 13.6s
2026-04-29 11:49:50,931 INFO inference_run_large [rank 0] rollout 3/4 seed=10002 took 13.5s
2026-04-29 11:49:51,072 INFO inference_run_large [rank 0] rollout 3/4 seed=10002 took 13.6s
2026-04-29 11:49:51,175 INFO inference_run_large [rank 0] rollout 3/4 seed=10002 took 13.5s
2026-04-29 11:49:53,134 INFO inference_run_large [rank 0] rollout 1/4 seed=10000 took 47.4s
2026-04-29 11:49:53,221 INFO inference_run_large [rank 0] rollout 1/4 seed=10000 took 47.3s
2026-04-29 11:50:03,964 INFO inference_run_large [rank 0] rollout 4/4 seed=10003 took 14.0s
2026-04-29 11:50:03,967 INFO inference_run_large [rank 0] wrote /AI4S/Users/howardwang/h204/ecophys/experiments/046_arch_megnet_pairs/results_p_4_1__3_1_seed0/inference_rank_0.json
2026-04-29 11:50:03,971 INFO inference_run_large [rank 0] merged 4 rollouts → /AI4S/Users/howardwang/h204/ecophys/experiments/046_arch_megnet_pairs/results_p_4_1__3_1_seed0/inference_merged.json
2026-04-29 11:50:04,402 INFO inference_run_large [rank 0] rollout 4/4 seed=10003 took 13.6s
2026-04-29 11:50:04,405 INFO inference_run_large [rank 0] wrote /AI4S/Users/howardwang/h204/ecophys/experiments/046_arch_megnet_pairs/results_p_4_1__3_1_seed3/inference_rank_0.json
2026-04-29 11:50:04,409 INFO inference_run_large [rank 0] merged 4 rollouts → /AI4S/Users/howardwang/h204/ecophys/experiments/046_arch_megnet_pairs/results_p_4_1__3_1_seed3/inference_merged.json
2026-04-29 11:50:04,476 INFO inference_run_large [rank 0] rollout 4/4 seed=10003 took 13.5s
2026-04-29 11:50:04,479 INFO inference_run_large [rank 0] wrote /AI4S/Users/howardwang/h204/ecophys/experiments/046_arch_megnet_pairs/results_p_4_1__3_1_seed1/inference_rank_0.json
2026-04-29 11:50:04,483 INFO inference_run_large [rank 0] merged 4 rollouts → /AI4S/Users/howardwang/h204/ecophys/experiments/046_arch_megnet_pairs/results_p_4_1__3_1_seed1/inference_merged.json
2026-04-29 11:50:04,694 INFO inference_run_large [rank 0] rollout 4/4 seed=10003 took 13.5s
2026-04-29 11:50:04,697 INFO inference_run_large [rank 0] wrote /AI4S/Users/howardwang/h204/ecophys/experiments/046_arch_megnet_pairs/results_p_4_1__3_1_seed4/inference_rank_0.json
2026-04-29 11:50:04,701 INFO inference_run_large [rank 0] merged 4 rollouts → /AI4S/Users/howardwang/h204/ecophys/experiments/046_arch_megnet_pairs/results_p_4_1__3_1_seed4/inference_merged.json
2026-04-29 11:50:04,956 INFO inference_run_large [rank 0] rollout 4/4 seed=10003 took 13.7s
  ✓ eval p_4_1__3_1_seed0 63s (card 2)
2026-04-29 11:50:04,960 INFO inference_run_large [rank 0] wrote /AI4S/Users/howardwang/h204/ecophys/experiments/046_arch_megnet_pairs/results_p_4_1__3_1_seed2/inference_rank_0.json
2026-04-29 11:50:04,964 INFO inference_run_large [rank 0] merged 4 rollouts → /AI4S/Users/howardwang/h204/ecophys/experiments/046_arch_megnet_pairs/results_p_4_1__3_1_seed2/inference_merged.json
  ✓ eval p_4_1__3_1_seed3 62s (card 5)
  ✓ eval p_4_1__3_1_seed1 63s (card 3)
  ✓ eval p_4_1__3_1_seed4 62s (card 6)
  ✓ eval p_4_1__3_1_seed2 63s (card 4)
2026-04-29 11:50:39,924 INFO inference_run_large [rank 0] rollout 2/4 seed=10001 took 46.7s
2026-04-29 11:50:39,984 INFO inference_run_large [rank 0] rollout 2/4 seed=10001 took 46.7s
2026-04-29 11:51:26,704 INFO inference_run_large [rank 0] rollout 3/4 seed=10002 took 46.7s
2026-04-29 11:51:26,721 INFO inference_run_large [rank 0] rollout 3/4 seed=10002 took 46.7s
2026-04-29 11:52:13,513 INFO inference_run_large [rank 0] rollout 4/4 seed=10003 took 46.7s
2026-04-29 11:52:13,516 INFO inference_run_large [rank 0] wrote /AI4S/Users/howardwang/h204/ecophys/experiments/046_arch_megnet_pairs/results_p_4_1__2_1_seed4/inference_rank_0.json
2026-04-29 11:52:13,520 INFO inference_run_large [rank 0] merged 4 rollouts → /AI4S/Users/howardwang/h204/ecophys/experiments/046_arch_megnet_pairs/results_p_4_1__2_1_seed4/inference_merged.json
2026-04-29 11:52:13,573 INFO inference_run_large [rank 0] rollout 4/4 seed=10003 took 46.8s
2026-04-29 11:52:13,576 INFO inference_run_large [rank 0] wrote /AI4S/Users/howardwang/h204/ecophys/experiments/046_arch_megnet_pairs/results_p_4_1__2_1_seed3/inference_rank_0.json
2026-04-29 11:52:13,580 INFO inference_run_large [rank 0] merged 4 rollouts → /AI4S/Users/howardwang/h204/ecophys/experiments/046_arch_megnet_pairs/results_p_4_1__2_1_seed3/inference_merged.json
  ✓ eval p_4_1__2_1_seed4 194s (card 1)
  ✓ eval p_4_1__2_1_seed3 194s (card 0)

═══ DONE — Wed Apr 29 11:52:14 AM CST 2026 ═══
