2026-04-29 16:05:22,573 INFO train_distributed [dist] rank=0 world_size=1 local_rank=0 cuda_available=True
2026-04-29 16:05:22,618 INFO train_distributed loaded 2,841 returns for spx/2015-2026_daily
2026-04-29 16:05:22,625 INFO train_distributed targets: acf_sq=0.342 leverage_sum=-0.790 hill_alpha=2.68
2026-04-29 16:05:23,528 INFO train_distributed EcoMDSimulator built: 34408 parameters (device=cuda:0)
2026-04-29 16:05:25,938 INFO train_distributed it=   0 lr=1.00e-04 loss_world=19.3013 |∇|=5.69e+03 γ=1.000 T=0.0500
2026-04-29 16:05:35,955 INFO train_distributed it=   9 lr=1.00e-03 loss_world=5.8117 |∇|=7.09e+02 γ=0.997 T=0.0500
2026-04-29 16:05:47,198 INFO train_distributed it=  19 lr=9.95e-04 loss_world=2.0704 |∇|=1.51e+02 γ=0.991 T=0.0500
2026-04-29 16:05:58,435 INFO train_distributed it=  29 lr=9.78e-04 loss_world=2.7497 |∇|=2.69e+02 γ=0.985 T=0.0499
2026-04-29 16:06:09,677 INFO train_distributed it=  39 lr=9.49e-04 loss_world=6.4841 |∇|=1.96e+03 γ=0.981 T=0.0499
2026-04-29 16:06:20,899 INFO train_distributed it=  49 lr=9.10e-04 loss_world=10.3202 |∇|=1.68e+03 γ=0.975 T=0.0499
2026-04-29 16:06:32,129 INFO train_distributed it=  59 lr=8.60e-04 loss_world=2.6336 |∇|=2.73e+02 γ=0.967 T=0.0498
2026-04-29 16:06:43,347 INFO train_distributed it=  69 lr=8.02e-04 loss_world=2.5001 |∇|=3.73e+02 γ=0.961 T=0.0498
2026-04-29 16:06:54,570 INFO train_distributed it=  79 lr=7.38e-04 loss_world=2.2739 |∇|=4.73e+02 γ=0.959 T=0.0498
2026-04-29 16:07:05,791 INFO train_distributed it=  89 lr=6.68e-04 loss_world=2.2653 |∇|=6.16e+02 γ=0.958 T=0.0498
2026-04-29 16:07:17,010 INFO train_distributed it=  99 lr=5.95e-04 loss_world=1.1233 |∇|=2.45e+04 γ=0.957 T=0.0499
2026-04-29 16:07:28,224 INFO train_distributed it= 109 lr=5.20e-04 loss_world=5.7710 |∇|=1.43e+04 γ=0.956 T=0.0499
2026-04-29 16:07:39,449 INFO train_distributed it= 119 lr=4.47e-04 loss_world=1.9266 |∇|=5.86e+03 γ=0.956 T=0.0499
2026-04-29 16:07:50,672 INFO train_distributed it= 129 lr=3.76e-04 loss_world=2.0427 |∇|=1.01e+03 γ=0.956 T=0.0499
2026-04-29 16:08:01,888 INFO train_distributed it= 139 lr=3.10e-04 loss_world=2.5662 |∇|=5.05e+02 γ=0.956 T=0.0499
2026-04-29 16:08:13,111 INFO train_distributed it= 149 lr=2.51e-04 loss_world=2.0280 |∇|=2.35e+03 γ=0.955 T=0.0499
2026-04-29 16:08:24,331 INFO train_distributed it= 159 lr=2.00e-04 loss_world=2.4791 |∇|=3.41e+03 γ=0.955 T=0.0499
2026-04-29 16:08:35,551 INFO train_distributed it= 169 lr=1.58e-04 loss_world=2.1493 |∇|=2.31e+03 γ=0.955 T=0.0499
2026-04-29 16:08:46,773 INFO train_distributed it= 179 lr=1.27e-04 loss_world=2.3289 |∇|=1.76e+03 γ=0.955 T=0.0499
2026-04-29 16:08:57,999 INFO train_distributed it= 189 lr=1.07e-04 loss_world=2.3555 |∇|=2.26e+03 γ=0.955 T=0.0499
2026-04-29 16:09:09,232 INFO train_distributed it= 199 lr=1.00e-04 loss_world=2.1954 |∇|=5.87e+03 γ=0.955 T=0.0499
2026-04-29 16:09:09,238 INFO train_distributed training finished in 225.7s (200 iters, world_size=1)
2026-04-29 16:09:09,238 INFO train_distributed [rank 0] peak HBM: alloc=7.10 GB, reserved=7.69 GB
2026-04-29 16:09:09,241 INFO train_distributed [rank 0] wrote experiments/043_arch_pairs/results_p_1_1__2_1_seed1/training_log.json
