2026-04-28 18:08:25,674 INFO train_distributed [dist] rank=0 world_size=1 local_rank=0 cuda_available=True
2026-04-28 18:08:25,715 INFO train_distributed loaded 2,841 returns for spx/2015-2026_daily
2026-04-28 18:08:25,723 INFO train_distributed targets: acf_sq=0.342 leverage_sum=-0.790 hill_alpha=2.68
2026-04-28 18:08:26,481 INFO train_distributed EcoMDSimulator built: 34408 parameters (device=cuda:0)
2026-04-28 18:08:28,854 INFO train_distributed it=   0 lr=1.00e-04 loss_world=14.2759 |∇|=6.69e+02 γ=1.000 T=0.0500
2026-04-28 18:08:38,830 INFO train_distributed it=   9 lr=1.00e-03 loss_world=1.9706 |∇|=9.48e+02 γ=0.995 T=0.0500
2026-04-28 18:08:50,016 INFO train_distributed it=  19 lr=9.95e-04 loss_world=2.0568 |∇|=8.38e+01 γ=0.988 T=0.0502
2026-04-28 18:09:01,234 INFO train_distributed it=  29 lr=9.78e-04 loss_world=6.4896 |∇|=9.92e+02 γ=0.983 T=0.0503
2026-04-28 18:09:12,452 INFO train_distributed it=  39 lr=9.49e-04 loss_world=2.4346 |∇|=1.87e+02 γ=0.979 T=0.0504
2026-04-28 18:09:23,662 INFO train_distributed it=  49 lr=9.10e-04 loss_world=2.2684 |∇|=2.67e+02 γ=0.976 T=0.0504
2026-04-28 18:09:34,873 INFO train_distributed it=  59 lr=8.60e-04 loss_world=1.3142 |∇|=9.84e+01 γ=0.975 T=0.0503
2026-04-28 18:09:46,078 INFO train_distributed it=  69 lr=8.02e-04 loss_world=0.8171 |∇|=4.59e+02 γ=0.975 T=0.0503
2026-04-28 18:09:57,287 INFO train_distributed it=  79 lr=7.38e-04 loss_world=25.4713 |∇|=6.15e+03 γ=0.975 T=0.0503
2026-04-28 18:10:08,499 INFO train_distributed it=  89 lr=6.68e-04 loss_world=4.0000 |∇|=8.90e+02 γ=0.975 T=0.0504
2026-04-28 18:10:19,705 INFO train_distributed it=  99 lr=5.95e-04 loss_world=15.4960 |∇|=2.05e+03 γ=0.975 T=0.0504
2026-04-28 18:10:30,898 INFO train_distributed it= 109 lr=5.20e-04 loss_world=5.6336 |∇|=1.11e+03 γ=0.976 T=0.0505
2026-04-28 18:10:42,105 INFO train_distributed it= 119 lr=4.47e-04 loss_world=12.0001 |∇|=2.14e+03 γ=0.976 T=0.0506
2026-04-28 18:10:53,299 INFO train_distributed it= 129 lr=3.76e-04 loss_world=1.8064 |∇|=1.47e+02 γ=0.976 T=0.0506
2026-04-28 18:11:04,497 INFO train_distributed it= 139 lr=3.10e-04 loss_world=1.6350 |∇|=5.73e+02 γ=0.976 T=0.0506
2026-04-28 18:11:15,693 INFO train_distributed it= 149 lr=2.51e-04 loss_world=1.0480 |∇|=3.31e+02 γ=0.976 T=0.0506
2026-04-28 18:11:26,889 INFO train_distributed it= 159 lr=2.00e-04 loss_world=1.1172 |∇|=1.71e+02 γ=0.976 T=0.0506
2026-04-28 18:11:38,082 INFO train_distributed it= 169 lr=1.58e-04 loss_world=0.9946 |∇|=1.27e+02 γ=0.976 T=0.0506
2026-04-28 18:11:49,272 INFO train_distributed it= 179 lr=1.27e-04 loss_world=2.5995 |∇|=1.64e+03 γ=0.976 T=0.0506
2026-04-28 18:12:00,467 INFO train_distributed it= 189 lr=1.07e-04 loss_world=1.0724 |∇|=1.72e+02 γ=0.976 T=0.0506
2026-04-28 18:12:11,669 INFO train_distributed it= 199 lr=1.00e-04 loss_world=2.0258 |∇|=7.00e+02 γ=0.976 T=0.0506
2026-04-28 18:12:11,675 INFO train_distributed training finished in 225.2s (200 iters, world_size=1)
2026-04-28 18:12:11,675 INFO train_distributed [rank 0] peak HBM: alloc=7.10 GB, reserved=7.69 GB
2026-04-28 18:12:11,678 INFO train_distributed [rank 0] wrote experiments/037_arch_tier_1_1_memory/results_t11_memory_seed0/training_log.json
