2026-04-29 11:41:50,508 INFO train_distributed [dist] rank=0 world_size=1 local_rank=0 cuda_available=True
2026-04-29 11:41:50,552 INFO train_distributed loaded 2,841 returns for spx/2015-2026_daily
2026-04-29 11:41:50,560 INFO train_distributed targets: acf_sq=0.342 leverage_sum=-0.790 hill_alpha=2.68
2026-04-29 11:41:51,347 INFO train_distributed EcoMDSimulator built: 110044 parameters (device=cuda:0)
2026-04-29 11:41:52,863 INFO train_distributed it=   0 lr=1.00e-04 loss_world=0.7359 |∇|=3.52e+00 γ=1.000 T=0.0500
2026-04-29 11:41:55,881 INFO train_distributed it=   9 lr=1.00e-03 loss_world=0.8575 |∇|=2.06e+00 γ=1.001 T=0.0501
2026-04-29 11:41:59,099 INFO train_distributed it=  19 lr=9.95e-04 loss_world=0.9351 |∇|=3.63e+00 γ=1.002 T=0.0503
2026-04-29 11:42:02,272 INFO train_distributed it=  29 lr=9.78e-04 loss_world=0.8487 |∇|=1.01e+01 γ=1.000 T=0.0506
2026-04-29 11:42:05,407 INFO train_distributed it=  39 lr=9.49e-04 loss_world=0.7683 |∇|=2.52e+00 γ=1.001 T=0.0508
2026-04-29 11:42:08,550 INFO train_distributed it=  49 lr=9.10e-04 loss_world=1.4093 |∇|=5.10e+00 γ=1.001 T=0.0508
2026-04-29 11:42:11,712 INFO train_distributed it=  59 lr=8.60e-04 loss_world=0.9113 |∇|=7.42e-01 γ=1.002 T=0.0510
2026-04-29 11:42:14,858 INFO train_distributed it=  69 lr=8.02e-04 loss_world=1.0013 |∇|=2.33e+00 γ=1.001 T=0.0512
2026-04-29 11:42:18,031 INFO train_distributed it=  79 lr=7.38e-04 loss_world=1.1761 |∇|=3.33e+00 γ=0.999 T=0.0512
2026-04-29 11:42:21,225 INFO train_distributed it=  89 lr=6.68e-04 loss_world=0.6737 |∇|=2.34e+00 γ=0.999 T=0.0512
2026-04-29 11:42:24,464 INFO train_distributed it=  99 lr=5.95e-04 loss_world=0.7720 |∇|=1.97e+00 γ=0.998 T=0.0511
2026-04-29 11:42:27,610 INFO train_distributed it= 109 lr=5.20e-04 loss_world=1.0874 |∇|=3.94e+00 γ=1.000 T=0.0512
2026-04-29 11:42:30,749 INFO train_distributed it= 119 lr=4.47e-04 loss_world=1.3520 |∇|=2.16e+00 γ=1.002 T=0.0513
2026-04-29 11:42:33,886 INFO train_distributed it= 129 lr=3.76e-04 loss_world=1.6204 |∇|=2.68e+00 γ=1.002 T=0.0513
2026-04-29 11:42:37,073 INFO train_distributed it= 139 lr=3.10e-04 loss_world=1.0392 |∇|=2.36e+00 γ=1.001 T=0.0512
2026-04-29 11:42:40,236 INFO train_distributed it= 149 lr=2.51e-04 loss_world=1.0198 |∇|=8.39e-01 γ=1.001 T=0.0512
2026-04-29 11:42:43,362 INFO train_distributed it= 159 lr=2.00e-04 loss_world=0.9406 |∇|=2.04e+00 γ=1.001 T=0.0512
2026-04-29 11:42:46,488 INFO train_distributed it= 169 lr=1.58e-04 loss_world=1.6102 |∇|=3.03e+00 γ=1.000 T=0.0512
2026-04-29 11:42:49,617 INFO train_distributed it= 179 lr=1.27e-04 loss_world=0.8282 |∇|=3.23e+00 γ=1.001 T=0.0512
2026-04-29 11:42:52,740 INFO train_distributed it= 189 lr=1.07e-04 loss_world=1.1211 |∇|=7.54e-01 γ=1.002 T=0.0512
2026-04-29 11:42:55,856 INFO train_distributed it= 199 lr=1.00e-04 loss_world=1.0601 |∇|=4.11e+00 γ=1.002 T=0.0513
2026-04-29 11:42:55,863 INFO train_distributed training finished in 64.5s (200 iters, world_size=1)
2026-04-29 11:42:55,863 INFO train_distributed [rank 0] peak HBM: alloc=0.60 GB, reserved=0.79 GB
2026-04-29 11:42:55,866 INFO train_distributed [rank 0] wrote experiments/046_arch_megnet_pairs/results_p_4_1__3_1_seed3/training_log.json
