═══ PHASE RUN — Wed Apr 29 12:19:26 PM CST 2026 ═══
  CONFIG_DIR=experiments/048_arch_dyngraph_pairs NPROC=1 PARALLEL=8 SKIP_DONE=1
  Configs: 15

═ TRAIN p_4_2__1_1_seed0 (card 0) ═ 12:19:26

═ TRAIN p_4_2__1_1_seed1 (card 1) ═ 12:19:26

═ TRAIN p_4_2__1_1_seed2 (card 2) ═ 12:19:26

═ TRAIN p_4_2__1_1_seed3 (card 3) ═ 12:19:26

═ TRAIN p_4_2__1_1_seed4 (card 4) ═ 12:19:26

═ TRAIN p_4_2__1_3_seed0 (card 5) ═ 12:19:26

═ TRAIN p_4_2__1_3_seed1 (card 6) ═ 12:19:26

═ TRAIN p_4_2__1_3_seed2 (card 7) ═ 12:19:26
2026-04-29 12:19:31,685 INFO train_distributed [dist] rank=0 world_size=1 local_rank=0 cuda_available=True
2026-04-29 12:19:31,730 INFO train_distributed loaded 2,841 returns for spx/2015-2026_daily
2026-04-29 12:19:31,751 INFO train_distributed targets: acf_sq=0.342 leverage_sum=-0.790 hill_alpha=2.68
2026-04-29 12:19:32,502 INFO train_distributed [dist] rank=0 world_size=1 local_rank=0 cuda_available=True
2026-04-29 12:19:32,546 INFO train_distributed loaded 2,841 returns for spx/2015-2026_daily
2026-04-29 12:19:32,554 INFO train_distributed targets: acf_sq=0.342 leverage_sum=-0.790 hill_alpha=2.68
2026-04-29 12:19:32,885 INFO train_distributed [dist] rank=0 world_size=1 local_rank=0 cuda_available=True
2026-04-29 12:19:32,929 INFO train_distributed loaded 2,841 returns for spx/2015-2026_daily
2026-04-29 12:19:32,937 INFO train_distributed targets: acf_sq=0.342 leverage_sum=-0.790 hill_alpha=2.68
2026-04-29 12:19:33,308 INFO train_distributed [dist] rank=0 world_size=1 local_rank=0 cuda_available=True
2026-04-29 12:19:33,353 INFO train_distributed loaded 2,841 returns for spx/2015-2026_daily
2026-04-29 12:19:33,360 INFO train_distributed targets: acf_sq=0.342 leverage_sum=-0.790 hill_alpha=2.68
2026-04-29 12:19:33,659 INFO train_distributed [dist] rank=0 world_size=1 local_rank=0 cuda_available=True
2026-04-29 12:19:33,703 INFO train_distributed loaded 2,841 returns for spx/2015-2026_daily
2026-04-29 12:19:33,711 INFO train_distributed targets: acf_sq=0.342 leverage_sum=-0.790 hill_alpha=2.68
2026-04-29 12:19:34,025 INFO train_distributed [dist] rank=0 world_size=1 local_rank=0 cuda_available=True
2026-04-29 12:19:34,070 INFO train_distributed loaded 2,841 returns for spx/2015-2026_daily
2026-04-29 12:19:34,077 INFO train_distributed targets: acf_sq=0.342 leverage_sum=-0.790 hill_alpha=2.68
2026-04-29 12:19:34,420 INFO train_distributed [dist] rank=0 world_size=1 local_rank=0 cuda_available=True
2026-04-29 12:19:34,465 INFO train_distributed loaded 2,841 returns for spx/2015-2026_daily
2026-04-29 12:19:34,472 INFO train_distributed targets: acf_sq=0.342 leverage_sum=-0.790 hill_alpha=2.68
2026-04-29 12:19:34,887 INFO train_distributed [dist] rank=0 world_size=1 local_rank=0 cuda_available=True
2026-04-29 12:19:34,930 INFO train_distributed loaded 2,841 returns for spx/2015-2026_daily
2026-04-29 12:19:34,938 INFO train_distributed targets: acf_sq=0.342 leverage_sum=-0.790 hill_alpha=2.68
2026-04-29 12:19:35,555 INFO train_distributed EcoMDSimulator built: 47453 parameters (device=cuda:0)
2026-04-29 12:19:35,587 INFO train_distributed EcoMDSimulator built: 47453 parameters (device=cuda:0)
2026-04-29 12:19:35,587 INFO train_distributed EcoMDSimulator built: 50849 parameters (device=cuda:0)
2026-04-29 12:19:35,588 INFO train_distributed EcoMDSimulator built: 50849 parameters (device=cuda:0)
2026-04-29 12:19:35,588 INFO train_distributed EcoMDSimulator built: 50849 parameters (device=cuda:0)
2026-04-29 12:19:35,599 INFO train_distributed EcoMDSimulator built: 47453 parameters (device=cuda:0)
2026-04-29 12:19:35,604 INFO train_distributed EcoMDSimulator built: 50849 parameters (device=cuda:0)
2026-04-29 12:19:35,701 INFO train_distributed EcoMDSimulator built: 50849 parameters (device=cuda:0)
2026-04-29 12:19:38,418 INFO train_distributed it=   0 lr=1.00e-04 loss_world=32.3326 |∇|=2.33e+04 γ=1.000 T=0.0500
2026-04-29 12:19:38,420 INFO train_distributed it=   0 lr=1.00e-04 loss_world=47.3737 |∇|=2.75e+04 γ=1.000 T=0.0500
2026-04-29 12:19:38,421 INFO train_distributed it=   0 lr=1.00e-04 loss_world=445.2539 |∇|=3.70e+06 γ=1.000 T=0.0500
2026-04-29 12:19:38,489 INFO train_distributed it=   0 lr=1.00e-04 loss_world=5.2979 |∇|=1.04e+03 γ=1.000 T=0.0500
2026-04-29 12:19:38,502 INFO train_distributed it=   0 lr=1.00e-04 loss_world=41.6304 |∇|=5.82e+04 γ=1.000 T=0.0500
2026-04-29 12:19:38,518 INFO train_distributed it=   0 lr=1.00e-04 loss_world=1.9679 |∇|=3.01e+01 γ=1.000 T=0.0500
2026-04-29 12:19:38,563 INFO train_distributed it=   0 lr=1.00e-04 loss_world=2.4698 |∇|=4.06e+02 γ=1.000 T=0.0500
2026-04-29 12:19:38,582 INFO train_distributed it=   0 lr=1.00e-04 loss_world=50.3624 |∇|=5.26e+04 γ=1.000 T=0.0500
2026-04-29 12:19:52,350 INFO train_distributed it=   9 lr=1.00e-03 loss_world=2.6514 |∇|=9.75e+01 γ=1.000 T=0.0500
2026-04-29 12:19:52,354 INFO train_distributed it=   9 lr=1.00e-03 loss_world=5.6835 |∇|=3.62e+02 γ=0.999 T=0.0500
2026-04-29 12:19:52,361 INFO train_distributed it=   9 lr=1.00e-03 loss_world=34.8284 |∇|=3.42e+03 γ=0.997 T=0.0501
2026-04-29 12:19:52,444 INFO train_distributed it=   9 lr=1.00e-03 loss_world=2.0237 |∇|=3.05e+01 γ=0.998 T=0.0499
2026-04-29 12:19:52,564 INFO train_distributed it=   9 lr=1.00e-03 loss_world=1.5513 |∇|=1.85e+02 γ=0.997 T=0.0501
2026-04-29 12:19:53,737 INFO train_distributed it=   9 lr=1.00e-03 loss_world=1.9577 |∇|=3.89e+00 γ=0.995 T=0.0501
2026-04-29 12:19:53,761 INFO train_distributed it=   9 lr=1.00e-03 loss_world=2.2217 |∇|=inf γ=0.995 T=0.0499
2026-04-29 12:19:53,845 INFO train_distributed it=   9 lr=1.00e-03 loss_world=2.0513 |∇|=6.91e+00 γ=0.998 T=0.0499
2026-04-29 12:20:07,873 INFO train_distributed it=  19 lr=9.95e-04 loss_world=1.9480 |∇|=1.03e+02 γ=1.003 T=0.0500
2026-04-29 12:20:07,924 INFO train_distributed it=  19 lr=9.95e-04 loss_world=1.9677 |∇|=5.93e+02 γ=0.995 T=0.0503
2026-04-29 12:20:07,945 INFO train_distributed it=  19 lr=9.95e-04 loss_world=2.6479 |∇|=1.80e+02 γ=0.999 T=0.0500
2026-04-29 12:20:08,133 INFO train_distributed it=  19 lr=9.95e-04 loss_world=54.3655 |∇|=3.92e+04 γ=0.995 T=0.0500
2026-04-29 12:20:08,265 INFO train_distributed it=  19 lr=9.95e-04 loss_world=7.5750 |∇|=2.52e+03 γ=0.998 T=0.0502
2026-04-29 12:20:10,604 INFO train_distributed it=  19 lr=9.95e-04 loss_world=nan |∇|=nan γ=nan T=nan
2026-04-29 12:20:10,638 INFO train_distributed it=  19 lr=9.95e-04 loss_world=nan |∇|=nan γ=nan T=nan
2026-04-29 12:20:10,795 INFO train_distributed it=  19 lr=9.95e-04 loss_world=nan |∇|=nan γ=nan T=nan
2026-04-29 12:20:23,455 INFO train_distributed it=  29 lr=9.78e-04 loss_world=0.9510 |∇|=6.78e-01 γ=1.005 T=0.0500
2026-04-29 12:20:23,506 INFO train_distributed it=  29 lr=9.78e-04 loss_world=1.7599 |∇|=8.45e+02 γ=0.992 T=0.0503
2026-04-29 12:20:23,526 INFO train_distributed it=  29 lr=9.78e-04 loss_world=11.2249 |∇|=5.23e+03 γ=1.001 T=0.0500
2026-04-29 12:20:23,741 INFO train_distributed it=  29 lr=9.78e-04 loss_world=5.8612 |∇|=3.83e+03 γ=0.992 T=0.0500
2026-04-29 12:20:23,943 INFO train_distributed it=  29 lr=9.78e-04 loss_world=1.9077 |∇|=6.55e+02 γ=0.998 T=0.0503
2026-04-29 12:20:27,454 INFO train_distributed it=  29 lr=9.78e-04 loss_world=nan |∇|=nan γ=nan T=nan
2026-04-29 12:20:27,495 INFO train_distributed it=  29 lr=9.78e-04 loss_world=nan |∇|=nan γ=nan T=nan
2026-04-29 12:20:27,710 INFO train_distributed it=  29 lr=9.78e-04 loss_world=nan |∇|=nan γ=nan T=nan
2026-04-29 12:20:39,047 INFO train_distributed it=  39 lr=9.49e-04 loss_world=1.2985 |∇|=2.44e+01 γ=1.006 T=0.0502
2026-04-29 12:20:39,073 INFO train_distributed it=  39 lr=9.49e-04 loss_world=11.4834 |∇|=2.79e+03 γ=0.991 T=0.0503
2026-04-29 12:20:39,105 INFO train_distributed it=  39 lr=9.49e-04 loss_world=3.2970 |∇|=4.52e+02 γ=1.001 T=0.0500
2026-04-29 12:20:39,317 INFO train_distributed it=  39 lr=9.49e-04 loss_world=2.2261 |∇|=4.99e+01 γ=0.989 T=0.0500
2026-04-29 12:20:39,565 INFO train_distributed it=  39 lr=9.49e-04 loss_world=1.0877 |∇|=2.45e+00 γ=1.000 T=0.0502
2026-04-29 12:20:44,305 INFO train_distributed it=  39 lr=9.49e-04 loss_world=nan |∇|=nan γ=nan T=nan
2026-04-29 12:20:44,352 INFO train_distributed it=  39 lr=9.49e-04 loss_world=nan |∇|=nan γ=nan T=nan
2026-04-29 12:20:44,624 INFO train_distributed it=  39 lr=9.49e-04 loss_world=nan |∇|=nan γ=nan T=nan
2026-04-29 12:20:54,622 INFO train_distributed it=  49 lr=9.10e-04 loss_world=1.5274 |∇|=2.13e+02 γ=0.993 T=0.0503
2026-04-29 12:20:54,658 INFO train_distributed it=  49 lr=9.10e-04 loss_world=0.7850 |∇|=5.71e+00 γ=1.008 T=0.0504
2026-04-29 12:20:54,660 INFO train_distributed it=  49 lr=9.10e-04 loss_world=5.8819 |∇|=8.48e+02 γ=0.998 T=0.0500
2026-04-29 12:20:54,861 INFO train_distributed it=  49 lr=9.10e-04 loss_world=2.7348 |∇|=1.20e+03 γ=0.987 T=0.0500
2026-04-29 12:20:55,142 INFO train_distributed it=  49 lr=9.10e-04 loss_world=0.6853 |∇|=7.83e-01 γ=1.002 T=0.0507
2026-04-29 12:21:01,159 INFO train_distributed it=  49 lr=9.10e-04 loss_world=nan |∇|=nan γ=nan T=nan
2026-04-29 12:21:01,209 INFO train_distributed it=  49 lr=9.10e-04 loss_world=nan |∇|=nan γ=nan T=nan
2026-04-29 12:21:01,527 INFO train_distributed it=  49 lr=9.10e-04 loss_world=nan |∇|=nan γ=nan T=nan
2026-04-29 12:21:10,179 INFO train_distributed it=  59 lr=8.60e-04 loss_world=1.2552 |∇|=1.37e+02 γ=0.994 T=0.0503
2026-04-29 12:21:10,208 INFO train_distributed it=  59 lr=8.60e-04 loss_world=2.5647 |∇|=1.44e+02 γ=0.993 T=0.0499
2026-04-29 12:21:10,264 INFO train_distributed it=  59 lr=8.60e-04 loss_world=0.7191 |∇|=1.73e+00 γ=1.009 T=0.0505
2026-04-29 12:21:10,404 INFO train_distributed it=  59 lr=8.60e-04 loss_world=2.7371 |∇|=7.09e+01 γ=0.984 T=0.0500
2026-04-29 12:21:10,727 INFO train_distributed it=  59 lr=8.60e-04 loss_world=1.5997 |∇|=7.69e+00 γ=1.004 T=0.0510
2026-04-29 12:21:18,017 INFO train_distributed it=  59 lr=8.60e-04 loss_world=nan |∇|=nan γ=nan T=nan
2026-04-29 12:21:18,077 INFO train_distributed it=  59 lr=8.60e-04 loss_world=nan |∇|=nan γ=nan T=nan
2026-04-29 12:21:18,439 INFO train_distributed it=  59 lr=8.60e-04 loss_world=nan |∇|=nan γ=nan T=nan
2026-04-29 12:21:25,737 INFO train_distributed it=  69 lr=8.02e-04 loss_world=1.0070 |∇|=1.72e+02 γ=0.995 T=0.0503
2026-04-29 12:21:25,745 INFO train_distributed it=  69 lr=8.02e-04 loss_world=1.9323 |∇|=1.16e+02 γ=0.988 T=0.0498
2026-04-29 12:21:25,872 INFO train_distributed it=  69 lr=8.02e-04 loss_world=0.7242 |∇|=1.45e+00 γ=1.009 T=0.0505
2026-04-29 12:21:25,947 INFO train_distributed it=  69 lr=8.02e-04 loss_world=6.1242 |∇|=3.32e+03 γ=0.981 T=0.0500
2026-04-29 12:21:26,304 INFO train_distributed it=  69 lr=8.02e-04 loss_world=0.6479 |∇|=1.86e+01 γ=1.005 T=0.0514
2026-04-29 12:21:34,864 INFO train_distributed it=  69 lr=8.02e-04 loss_world=nan |∇|=nan γ=nan T=nan
2026-04-29 12:21:34,933 INFO train_distributed it=  69 lr=8.02e-04 loss_world=nan |∇|=nan γ=nan T=nan
2026-04-29 12:21:35,342 INFO train_distributed it=  69 lr=8.02e-04 loss_world=nan |∇|=nan γ=nan T=nan
2026-04-29 12:21:41,285 INFO train_distributed it=  79 lr=7.38e-04 loss_world=2.8928 |∇|=1.31e+03 γ=0.984 T=0.0498
2026-04-29 12:21:41,298 INFO train_distributed it=  79 lr=7.38e-04 loss_world=1.1598 |∇|=1.06e+03 γ=0.997 T=0.0503
2026-04-29 12:21:41,465 INFO train_distributed it=  79 lr=7.38e-04 loss_world=0.5875 |∇|=1.98e+00 γ=1.010 T=0.0507
2026-04-29 12:21:41,480 INFO train_distributed it=  79 lr=7.38e-04 loss_world=2.0834 |∇|=5.38e+02 γ=0.980 T=0.0500
2026-04-29 12:21:41,882 INFO train_distributed it=  79 lr=7.38e-04 loss_world=1.1057 |∇|=2.50e+00 γ=1.008 T=0.0518
2026-04-29 12:21:51,711 INFO train_distributed it=  79 lr=7.38e-04 loss_world=nan |∇|=nan γ=nan T=nan
2026-04-29 12:21:51,789 INFO train_distributed it=  79 lr=7.38e-04 loss_world=nan |∇|=nan γ=nan T=nan
2026-04-29 12:21:52,248 INFO train_distributed it=  79 lr=7.38e-04 loss_world=nan |∇|=nan γ=nan T=nan
2026-04-29 12:21:56,827 INFO train_distributed it=  89 lr=6.68e-04 loss_world=28.9122 |∇|=4.34e+05 γ=0.982 T=0.0497
2026-04-29 12:21:56,853 INFO train_distributed it=  89 lr=6.68e-04 loss_world=1.1259 |∇|=1.12e+02 γ=0.999 T=0.0503
2026-04-29 12:21:57,018 INFO train_distributed it=  89 lr=6.68e-04 loss_world=9.1105 |∇|=3.35e+05 γ=0.980 T=0.0500
2026-04-29 12:21:57,046 INFO train_distributed it=  89 lr=6.68e-04 loss_world=0.7988 |∇|=1.86e+00 γ=1.010 T=0.0508
2026-04-29 12:21:57,463 INFO train_distributed it=  89 lr=6.68e-04 loss_world=1.0122 |∇|=5.37e+01 γ=1.010 T=0.0521
2026-04-29 12:22:08,580 INFO train_distributed it=  89 lr=6.68e-04 loss_world=nan |∇|=nan γ=nan T=nan
2026-04-29 12:22:08,661 INFO train_distributed it=  89 lr=6.68e-04 loss_world=nan |∇|=nan γ=nan T=nan
2026-04-29 12:22:09,155 INFO train_distributed it=  89 lr=6.68e-04 loss_world=nan |∇|=nan γ=nan T=nan
2026-04-29 12:22:12,374 INFO train_distributed it=  99 lr=5.95e-04 loss_world=12.4316 |∇|=4.29e+04 γ=0.981 T=0.0497
2026-04-29 12:22:12,401 INFO train_distributed it=  99 lr=5.95e-04 loss_world=2.8774 |∇|=1.05e+03 γ=1.000 T=0.0503
2026-04-29 12:22:12,552 INFO train_distributed it=  99 lr=5.95e-04 loss_world=2.6935 |∇|=1.12e+03 γ=0.979 T=0.0501
2026-04-29 12:22:12,637 INFO train_distributed it=  99 lr=5.95e-04 loss_world=0.9618 |∇|=1.49e+00 γ=1.010 T=0.0508
2026-04-29 12:22:13,048 INFO train_distributed it=  99 lr=5.95e-04 loss_world=0.6817 |∇|=9.25e-01 γ=1.011 T=0.0522
2026-04-29 12:22:25,433 INFO train_distributed it=  99 lr=5.95e-04 loss_world=nan |∇|=nan γ=nan T=nan
2026-04-29 12:22:25,536 INFO train_distributed it=  99 lr=5.95e-04 loss_world=nan |∇|=nan γ=nan T=nan
2026-04-29 12:22:26,058 INFO train_distributed it=  99 lr=5.95e-04 loss_world=nan |∇|=nan γ=nan T=nan
2026-04-29 12:22:27,913 INFO train_distributed it= 109 lr=5.20e-04 loss_world=7.7857 |∇|=3.96e+04 γ=0.980 T=0.0497
2026-04-29 12:22:27,945 INFO train_distributed it= 109 lr=5.20e-04 loss_world=2.7967 |∇|=7.49e+02 γ=1.001 T=0.0503
2026-04-29 12:22:28,092 INFO train_distributed it= 109 lr=5.20e-04 loss_world=3.2397 |∇|=1.09e+05 γ=0.977 T=0.0501
2026-04-29 12:22:28,239 INFO train_distributed it= 109 lr=5.20e-04 loss_world=0.7177 |∇|=1.92e+00 γ=1.011 T=0.0509
2026-04-29 12:22:28,627 INFO train_distributed it= 109 lr=5.20e-04 loss_world=1.0085 |∇|=3.37e+00 γ=1.012 T=0.0522
2026-04-29 12:22:42,282 INFO train_distributed it= 109 lr=5.20e-04 loss_world=nan |∇|=nan γ=nan T=nan
2026-04-29 12:22:42,397 INFO train_distributed it= 109 lr=5.20e-04 loss_world=nan |∇|=nan γ=nan T=nan
2026-04-29 12:22:42,960 INFO train_distributed it= 109 lr=5.20e-04 loss_world=nan |∇|=nan γ=nan T=nan
2026-04-29 12:22:43,437 INFO train_distributed it= 119 lr=4.47e-04 loss_world=5.2744 |∇|=1.42e+06 γ=0.980 T=0.0497
2026-04-29 12:22:43,486 INFO train_distributed it= 119 lr=4.47e-04 loss_world=1.1178 |∇|=2.46e+02 γ=1.002 T=0.0503
2026-04-29 12:22:43,631 INFO train_distributed it= 119 lr=4.47e-04 loss_world=5.3874 |∇|=1.51e+07 γ=0.976 T=0.0501
2026-04-29 12:22:43,834 INFO train_distributed it= 119 lr=4.47e-04 loss_world=1.0942 |∇|=6.03e+00 γ=1.012 T=0.0509
2026-04-29 12:22:44,201 INFO train_distributed it= 119 lr=4.47e-04 loss_world=0.9960 |∇|=5.21e+00 γ=1.012 T=0.0523
2026-04-29 12:22:58,976 INFO train_distributed it= 129 lr=3.76e-04 loss_world=5.5756 |∇|=1.60e+04 γ=0.980 T=0.0497
2026-04-29 12:22:59,033 INFO train_distributed it= 129 lr=3.76e-04 loss_world=1.2688 |∇|=1.15e+02 γ=1.003 T=0.0503
2026-04-29 12:22:59,133 INFO train_distributed it= 119 lr=4.47e-04 loss_world=nan |∇|=nan γ=nan T=nan
2026-04-29 12:22:59,182 INFO train_distributed it= 129 lr=3.76e-04 loss_world=1.8573 |∇|=1.63e+04 γ=0.976 T=0.0501
2026-04-29 12:22:59,260 INFO train_distributed it= 119 lr=4.47e-04 loss_world=nan |∇|=nan γ=nan T=nan
2026-04-29 12:22:59,427 INFO train_distributed it= 129 lr=3.76e-04 loss_world=0.8007 |∇|=1.99e+00 γ=1.012 T=0.0510
2026-04-29 12:22:59,779 INFO train_distributed it= 129 lr=3.76e-04 loss_world=1.0589 |∇|=1.76e+01 γ=1.012 T=0.0523
2026-04-29 12:22:59,864 INFO train_distributed it= 119 lr=4.47e-04 loss_world=nan |∇|=nan γ=nan T=nan
2026-04-29 12:23:14,511 INFO train_distributed it= 139 lr=3.10e-04 loss_world=3.1688 |∇|=2.58e+04 γ=0.980 T=0.0497
2026-04-29 12:23:14,579 INFO train_distributed it= 139 lr=3.10e-04 loss_world=2.8666 |∇|=8.70e+02 γ=1.003 T=0.0503
2026-04-29 12:23:14,731 INFO train_distributed it= 139 lr=3.10e-04 loss_world=4.0881 |∇|=1.05e+09 γ=0.976 T=0.0501
2026-04-29 12:23:15,023 INFO train_distributed it= 139 lr=3.10e-04 loss_world=1.0418 |∇|=2.64e+00 γ=1.013 T=0.0510
2026-04-29 12:23:15,362 INFO train_distributed it= 139 lr=3.10e-04 loss_world=0.8753 |∇|=5.08e+00 γ=1.012 T=0.0523
2026-04-29 12:23:15,995 INFO train_distributed it= 129 lr=3.76e-04 loss_world=nan |∇|=nan γ=nan T=nan
2026-04-29 12:23:16,131 INFO train_distributed it= 129 lr=3.76e-04 loss_world=nan |∇|=nan γ=nan T=nan
2026-04-29 12:23:16,767 INFO train_distributed it= 129 lr=3.76e-04 loss_world=nan |∇|=nan γ=nan T=nan
2026-04-29 12:23:30,043 INFO train_distributed it= 149 lr=2.51e-04 loss_world=14.1448 |∇|=2.38e+04 γ=0.980 T=0.0497
2026-04-29 12:23:30,132 INFO train_distributed it= 149 lr=2.51e-04 loss_world=1.5323 |∇|=6.36e+03 γ=1.003 T=0.0503
2026-04-29 12:23:30,283 INFO train_distributed it= 149 lr=2.51e-04 loss_world=1.8479 |∇|=1.47e+04 γ=0.976 T=0.0501
2026-04-29 12:23:30,614 INFO train_distributed it= 149 lr=2.51e-04 loss_world=0.8874 |∇|=1.14e+01 γ=1.013 T=0.0510
2026-04-29 12:23:30,946 INFO train_distributed it= 149 lr=2.51e-04 loss_world=0.8289 |∇|=2.08e+00 γ=1.013 T=0.0523
2026-04-29 12:23:32,846 INFO train_distributed it= 139 lr=3.10e-04 loss_world=nan |∇|=nan γ=nan T=nan
2026-04-29 12:23:32,994 INFO train_distributed it= 139 lr=3.10e-04 loss_world=nan |∇|=nan γ=nan T=nan
2026-04-29 12:23:33,665 INFO train_distributed it= 139 lr=3.10e-04 loss_world=nan |∇|=nan γ=nan T=nan
2026-04-29 12:23:45,570 INFO train_distributed it= 159 lr=2.00e-04 loss_world=2.2785 |∇|=6.35e+02 γ=0.979 T=0.0497
2026-04-29 12:23:45,672 INFO train_distributed it= 159 lr=2.00e-04 loss_world=1.5214 |∇|=2.38e+02 γ=1.003 T=0.0503
2026-04-29 12:23:45,838 INFO train_distributed it= 159 lr=2.00e-04 loss_world=4.2400 |∇|=2.92e+05 γ=0.976 T=0.0501
2026-04-29 12:23:46,213 INFO train_distributed it= 159 lr=2.00e-04 loss_world=0.9283 |∇|=5.06e+00 γ=1.013 T=0.0510
2026-04-29 12:23:46,530 INFO train_distributed it= 159 lr=2.00e-04 loss_world=1.2442 |∇|=1.35e-01 γ=1.012 T=0.0523
2026-04-29 12:23:49,695 INFO train_distributed it= 149 lr=2.51e-04 loss_world=nan |∇|=nan γ=nan T=nan
2026-04-29 12:23:49,856 INFO train_distributed it= 149 lr=2.51e-04 loss_world=nan |∇|=nan γ=nan T=nan
2026-04-29 12:23:50,566 INFO train_distributed it= 149 lr=2.51e-04 loss_world=nan |∇|=nan γ=nan T=nan
2026-04-29 12:24:01,105 INFO train_distributed it= 169 lr=1.58e-04 loss_world=1.2307 |∇|=1.06e+04 γ=0.979 T=0.0497
2026-04-29 12:24:01,222 INFO train_distributed it= 169 lr=1.58e-04 loss_world=0.8711 |∇|=2.39e+02 γ=1.003 T=0.0503
2026-04-29 12:24:01,380 INFO train_distributed it= 169 lr=1.58e-04 loss_world=10.3177 |∇|=6.41e+05 γ=0.976 T=0.0501
2026-04-29 12:24:01,819 INFO train_distributed it= 169 lr=1.58e-04 loss_world=0.8165 |∇|=3.13e-01 γ=1.012 T=0.0510
2026-04-29 12:24:02,115 INFO train_distributed it= 169 lr=1.58e-04 loss_world=0.7578 |∇|=1.36e+00 γ=1.012 T=0.0522
2026-04-29 12:24:06,552 INFO train_distributed it= 159 lr=2.00e-04 loss_world=nan |∇|=nan γ=nan T=nan
2026-04-29 12:24:06,720 INFO train_distributed it= 159 lr=2.00e-04 loss_world=nan |∇|=nan γ=nan T=nan
2026-04-29 12:24:07,474 INFO train_distributed it= 159 lr=2.00e-04 loss_world=nan |∇|=nan γ=nan T=nan
2026-04-29 12:24:16,639 INFO train_distributed it= 179 lr=1.27e-04 loss_world=1.9027 |∇|=1.07e+02 γ=0.979 T=0.0497
2026-04-29 12:24:16,780 INFO train_distributed it= 179 lr=1.27e-04 loss_world=1.2760 |∇|=1.22e+02 γ=1.003 T=0.0503
2026-04-29 12:24:16,934 INFO train_distributed it= 179 lr=1.27e-04 loss_world=10.4958 |∇|=1.33e+07 γ=0.976 T=0.0501
2026-04-29 12:24:17,433 INFO train_distributed it= 179 lr=1.27e-04 loss_world=0.6262 |∇|=1.29e+00 γ=1.012 T=0.0509
2026-04-29 12:24:17,701 INFO train_distributed it= 179 lr=1.27e-04 loss_world=0.8532 |∇|=4.25e+00 γ=1.012 T=0.0522
2026-04-29 12:24:23,401 INFO train_distributed it= 169 lr=1.58e-04 loss_world=nan |∇|=nan γ=nan T=nan
2026-04-29 12:24:23,584 INFO train_distributed it= 169 lr=1.58e-04 loss_world=nan |∇|=nan γ=nan T=nan
2026-04-29 12:24:24,378 INFO train_distributed it= 169 lr=1.58e-04 loss_world=nan |∇|=nan γ=nan T=nan
2026-04-29 12:24:32,181 INFO train_distributed it= 189 lr=1.07e-04 loss_world=1.9618 |∇|=3.29e+03 γ=0.979 T=0.0497
2026-04-29 12:24:32,326 INFO train_distributed it= 189 lr=1.07e-04 loss_world=1.4994 |∇|=1.52e+02 γ=1.003 T=0.0503
2026-04-29 12:24:32,490 INFO train_distributed it= 189 lr=1.07e-04 loss_world=2.0330 |∇|=5.76e+06 γ=0.976 T=0.0501
2026-04-29 12:24:33,043 INFO train_distributed it= 189 lr=1.07e-04 loss_world=0.8302 |∇|=2.62e+00 γ=1.012 T=0.0509
2026-04-29 12:24:33,280 INFO train_distributed it= 189 lr=1.07e-04 loss_world=0.9261 |∇|=4.06e+00 γ=1.012 T=0.0522
2026-04-29 12:24:40,257 INFO train_distributed it= 179 lr=1.27e-04 loss_world=nan |∇|=nan γ=nan T=nan
2026-04-29 12:24:40,452 INFO train_distributed it= 179 lr=1.27e-04 loss_world=nan |∇|=nan γ=nan T=nan
2026-04-29 12:24:41,283 INFO train_distributed it= 179 lr=1.27e-04 loss_world=nan |∇|=nan γ=nan T=nan
2026-04-29 12:24:47,706 INFO train_distributed it= 199 lr=1.00e-04 loss_world=1.9242 |∇|=1.26e+04 γ=0.979 T=0.0497
2026-04-29 12:24:47,714 INFO train_distributed training finished in 312.1s (200 iters, world_size=1)
2026-04-29 12:24:47,714 INFO train_distributed [rank 0] peak HBM: alloc=9.42 GB, reserved=10.02 GB
2026-04-29 12:24:47,716 INFO train_distributed [rank 0] wrote experiments/048_arch_dyngraph_pairs/results_p_4_2__1_1_seed3/training_log.json
2026-04-29 12:24:47,867 INFO train_distributed it= 199 lr=1.00e-04 loss_world=1.2682 |∇|=6.95e+01 γ=1.003 T=0.0503
2026-04-29 12:24:47,875 INFO train_distributed training finished in 312.2s (200 iters, world_size=1)
2026-04-29 12:24:47,875 INFO train_distributed [rank 0] peak HBM: alloc=9.42 GB, reserved=10.02 GB
2026-04-29 12:24:47,878 INFO train_distributed [rank 0] wrote experiments/048_arch_dyngraph_pairs/results_p_4_2__1_1_seed4/training_log.json
2026-04-29 12:24:48,053 INFO train_distributed it= 199 lr=1.00e-04 loss_world=7.6400 |∇|=1.44e+10 γ=0.976 T=0.0501
2026-04-29 12:24:48,061 INFO train_distributed training finished in 312.5s (200 iters, world_size=1)
2026-04-29 12:24:48,061 INFO train_distributed [rank 0] peak HBM: alloc=9.42 GB, reserved=10.02 GB
2026-04-29 12:24:48,063 INFO train_distributed [rank 0] wrote experiments/048_arch_dyngraph_pairs/results_p_4_2__1_1_seed1/training_log.json
2026-04-29 12:24:48,631 INFO train_distributed it= 199 lr=1.00e-04 loss_world=0.9371 |∇|=2.07e+00 γ=1.012 T=0.0510
2026-04-29 12:24:48,639 INFO train_distributed training finished in 313.1s (200 iters, world_size=1)
2026-04-29 12:24:48,639 INFO train_distributed [rank 0] peak HBM: alloc=9.42 GB, reserved=10.02 GB
2026-04-29 12:24:48,642 INFO train_distributed [rank 0] wrote experiments/048_arch_dyngraph_pairs/results_p_4_2__1_1_seed2/training_log.json
  ✓ p_4_2__1_1_seed3 322s (card 3)

═ TRAIN p_4_2__1_3_seed3 (card 0) ═ 12:24:48
2026-04-29 12:24:48,869 INFO train_distributed it= 199 lr=1.00e-04 loss_world=0.6132 |∇|=1.36e+00 γ=1.012 T=0.0522
  ✓ p_4_2__1_1_seed4 322s (card 4)
2026-04-29 12:24:48,877 INFO train_distributed training finished in 313.3s (200 iters, world_size=1)
2026-04-29 12:24:48,877 INFO train_distributed [rank 0] peak HBM: alloc=9.42 GB, reserved=10.02 GB

2026-04-29 12:24:48,880 INFO train_distributed [rank 0] wrote experiments/048_arch_dyngraph_pairs/results_p_4_2__1_1_seed0/training_log.json
═ TRAIN p_4_2__1_3_seed4 (card 1) ═ 12:24:48
  ✓ p_4_2__1_1_seed1 323s (card 1)

═ TRAIN p_4_2__2_1_seed0 (card 2) ═ 12:24:49
  ✓ p_4_2__1_1_seed2 323s (card 2)

═ TRAIN p_4_2__2_1_seed1 (card 3) ═ 12:24:49
  ✓ p_4_2__1_1_seed0 323s (card 0)

═ TRAIN p_4_2__2_1_seed2 (card 4) ═ 12:24:49
2026-04-29 12:24:52,401 INFO train_distributed [dist] rank=0 world_size=1 local_rank=0 cuda_available=True
2026-04-29 12:24:52,445 INFO train_distributed loaded 2,841 returns for spx/2015-2026_daily
2026-04-29 12:24:52,452 INFO train_distributed targets: acf_sq=0.342 leverage_sum=-0.790 hill_alpha=2.68
2026-04-29 12:24:53,143 INFO train_distributed [dist] rank=0 world_size=1 local_rank=0 cuda_available=True
2026-04-29 12:24:53,189 INFO train_distributed loaded 2,841 returns for spx/2015-2026_daily
2026-04-29 12:24:53,196 INFO train_distributed targets: acf_sq=0.342 leverage_sum=-0.790 hill_alpha=2.68
2026-04-29 12:24:53,950 INFO train_distributed EcoMDSimulator built: 47453 parameters (device=cuda:0)
2026-04-29 12:24:54,259 INFO train_distributed [dist] rank=0 world_size=1 local_rank=0 cuda_available=True
2026-04-29 12:24:54,305 INFO train_distributed loaded 2,841 returns for spx/2015-2026_daily
2026-04-29 12:24:54,317 INFO train_distributed targets: acf_sq=0.342 leverage_sum=-0.790 hill_alpha=2.68
2026-04-29 12:24:54,766 INFO train_distributed [dist] rank=0 world_size=1 local_rank=0 cuda_available=True
2026-04-29 12:24:54,812 INFO train_distributed loaded 2,841 returns for spx/2015-2026_daily
2026-04-29 12:24:54,820 INFO train_distributed targets: acf_sq=0.342 leverage_sum=-0.790 hill_alpha=2.68
2026-04-29 12:24:55,261 INFO train_distributed [dist] rank=0 world_size=1 local_rank=0 cuda_available=True
2026-04-29 12:24:55,306 INFO train_distributed loaded 2,841 returns for spx/2015-2026_daily
2026-04-29 12:24:55,313 INFO train_distributed targets: acf_sq=0.342 leverage_sum=-0.790 hill_alpha=2.68
2026-04-29 12:24:55,538 INFO train_distributed EcoMDSimulator built: 47453 parameters (device=cuda:0)
2026-04-29 12:24:55,591 INFO train_distributed EcoMDSimulator built: 47261 parameters (device=cuda:0)
2026-04-29 12:24:55,619 INFO train_distributed EcoMDSimulator built: 47261 parameters (device=cuda:0)
2026-04-29 12:24:55,731 INFO train_distributed EcoMDSimulator built: 47261 parameters (device=cuda:0)
2026-04-29 12:24:57,123 INFO train_distributed it= 189 lr=1.07e-04 loss_world=nan |∇|=nan γ=nan T=nan
2026-04-29 12:24:57,338 INFO train_distributed it= 189 lr=1.07e-04 loss_world=nan |∇|=nan γ=nan T=nan
2026-04-29 12:24:57,546 INFO train_distributed it=   0 lr=1.00e-04 loss_world=25.2696 |∇|=1.38e+04 γ=1.000 T=0.0500
2026-04-29 12:24:58,208 INFO train_distributed it= 189 lr=1.07e-04 loss_world=nan |∇|=nan γ=nan T=nan
2026-04-29 12:24:58,370 INFO train_distributed it=   0 lr=1.00e-04 loss_world=16.8605 |∇|=7.33e+03 γ=1.000 T=0.0500
2026-04-29 12:24:58,414 INFO train_distributed it=   0 lr=1.00e-04 loss_world=25.3897 |∇|=5.30e+03 γ=1.000 T=0.0500
2026-04-29 12:24:58,461 INFO train_distributed it=   0 lr=1.00e-04 loss_world=4.7218 |∇|=8.46e+02 γ=1.000 T=0.0500
2026-04-29 12:24:58,519 INFO train_distributed it=   0 lr=1.00e-04 loss_world=45.0763 |∇|=6.74e+04 γ=1.000 T=0.0500
2026-04-29 12:25:12,090 INFO train_distributed it=   9 lr=1.00e-03 loss_world=2.0578 |∇|=4.24e+01 γ=0.997 T=0.0501
2026-04-29 12:25:12,153 INFO train_distributed it=   9 lr=1.00e-03 loss_world=2.0589 |∇|=2.79e+01 γ=0.997 T=0.0501
2026-04-29 12:25:12,363 INFO train_distributed it=   9 lr=1.00e-03 loss_world=1.9103 |∇|=3.91e+01 γ=1.001 T=0.0499
2026-04-29 12:25:12,918 INFO train_distributed it=   9 lr=1.00e-03 loss_world=5.4424 |∇|=6.00e+02 γ=1.002 T=0.0500
2026-04-29 12:25:13,807 INFO train_distributed it=   9 lr=1.00e-03 loss_world=1.8678 |∇|=5.87e+01 γ=0.998 T=0.0500
2026-04-29 12:25:13,975 INFO train_distributed it= 199 lr=1.00e-04 loss_world=nan |∇|=nan γ=nan T=nan
2026-04-29 12:25:13,982 INFO train_distributed training finished in 338.4s (200 iters, world_size=1)
2026-04-29 12:25:13,982 INFO train_distributed [rank 0] peak HBM: alloc=9.73 GB, reserved=10.35 GB
2026-04-29 12:25:13,984 INFO train_distributed [rank 0] wrote experiments/048_arch_dyngraph_pairs/results_p_4_2__1_3_seed1/training_log.json
2026-04-29 12:25:14,226 INFO train_distributed it= 199 lr=1.00e-04 loss_world=nan |∇|=nan γ=nan T=nan
2026-04-29 12:25:14,233 INFO train_distributed training finished in 338.6s (200 iters, world_size=1)
2026-04-29 12:25:14,233 INFO train_distributed [rank 0] peak HBM: alloc=9.73 GB, reserved=10.35 GB
2026-04-29 12:25:14,235 INFO train_distributed [rank 0] wrote experiments/048_arch_dyngraph_pairs/results_p_4_2__1_3_seed2/training_log.json
  ✓ p_4_2__1_3_seed1 348s (card 6)

═ TRAIN p_4_2__2_1_seed3 (card 5) ═ 12:25:14
2026-04-29 12:25:15,124 INFO train_distributed it= 199 lr=1.00e-04 loss_world=nan |∇|=nan γ=nan T=nan
2026-04-29 12:25:15,130 INFO train_distributed training finished in 339.5s (200 iters, world_size=1)
2026-04-29 12:25:15,130 INFO train_distributed [rank 0] peak HBM: alloc=9.73 GB, reserved=10.35 GB
2026-04-29 12:25:15,132 INFO train_distributed [rank 0] wrote experiments/048_arch_dyngraph_pairs/results_p_4_2__1_3_seed0/training_log.json
  ✓ p_4_2__1_3_seed2 349s (card 7)

═ TRAIN p_4_2__2_1_seed4 (card 6) ═ 12:25:15
  ✓ p_4_2__1_3_seed0 350s (card 5)
2026-04-29 12:25:18,612 INFO train_distributed [dist] rank=0 world_size=1 local_rank=0 cuda_available=True
2026-04-29 12:25:18,655 INFO train_distributed loaded 2,841 returns for spx/2015-2026_daily
2026-04-29 12:25:18,662 INFO train_distributed targets: acf_sq=0.342 leverage_sum=-0.790 hill_alpha=2.68
2026-04-29 12:25:19,174 INFO train_distributed [dist] rank=0 world_size=1 local_rank=0 cuda_available=True
2026-04-29 12:25:19,217 INFO train_distributed loaded 2,841 returns for spx/2015-2026_daily
2026-04-29 12:25:19,224 INFO train_distributed targets: acf_sq=0.342 leverage_sum=-0.790 hill_alpha=2.68
2026-04-29 12:25:19,360 INFO train_distributed EcoMDSimulator built: 47261 parameters (device=cuda:0)
2026-04-29 12:25:19,522 INFO train_distributed EcoMDSimulator built: 47261 parameters (device=cuda:0)
2026-04-29 12:25:22,170 INFO train_distributed it=   0 lr=1.00e-04 loss_world=159.9645 |∇|=3.34e+05 γ=1.000 T=0.0500
2026-04-29 12:25:22,256 INFO train_distributed it=   0 lr=1.00e-04 loss_world=5.9388 |∇|=1.23e+03 γ=1.000 T=0.0500
2026-04-29 12:25:27,413 INFO train_distributed it=  19 lr=9.95e-04 loss_world=1.4062 |∇|=2.60e+03 γ=0.997 T=0.0502
2026-04-29 12:25:27,529 INFO train_distributed it=  19 lr=9.95e-04 loss_world=0.7941 |∇|=1.21e+02 γ=0.995 T=0.0502
2026-04-29 12:25:27,854 INFO train_distributed it=  19 lr=9.95e-04 loss_world=2.2709 |∇|=1.16e+02 γ=1.002 T=0.0498
2026-04-29 12:25:30,058 INFO train_distributed it=  19 lr=9.95e-04 loss_world=4.8183 |∇|=1.29e+03 γ=1.003 T=0.0501
2026-04-29 12:25:30,948 INFO train_distributed it=  19 lr=9.95e-04 loss_world=2.0299 |∇|=3.99e+01 γ=0.997 T=0.0500
2026-04-29 12:25:35,908 INFO train_distributed it=   9 lr=1.00e-03 loss_world=2.9839 |∇|=2.22e+02 γ=0.997 T=0.0500
2026-04-29 12:25:36,206 INFO train_distributed it=   9 lr=1.00e-03 loss_world=2.6010 |∇|=5.89e+01 γ=0.996 T=0.0499
2026-04-29 12:25:42,770 INFO train_distributed it=  29 lr=9.78e-04 loss_world=1.8923 |∇|=7.01e+01 γ=0.997 T=0.0502
2026-04-29 12:25:42,871 INFO train_distributed it=  29 lr=9.78e-04 loss_world=1.1878 |∇|=4.11e+00 γ=0.995 T=0.0502
2026-04-29 12:25:43,245 INFO train_distributed it=  29 lr=9.78e-04 loss_world=1.7216 |∇|=6.66e+02 γ=1.001 T=0.0497
2026-04-29 12:25:47,216 INFO train_distributed it=  29 lr=9.78e-04 loss_world=2.5676 |∇|=1.39e+06 γ=1.004 T=0.0500
2026-04-29 12:25:48,091 INFO train_distributed it=  29 lr=9.78e-04 loss_world=3.7676 |∇|=1.10e+03 γ=0.996 T=0.0500
2026-04-29 12:25:51,192 INFO train_distributed it=  19 lr=9.95e-04 loss_world=2.0046 |∇|=1.58e+01 γ=0.994 T=0.0501
2026-04-29 12:25:51,929 INFO train_distributed it=  19 lr=9.95e-04 loss_world=1.3158 |∇|=2.26e+01 γ=0.992 T=0.0499
2026-04-29 12:25:58,104 INFO train_distributed it=  39 lr=9.49e-04 loss_world=1.0357 |∇|=2.80e+00 γ=0.997 T=0.0502
2026-04-29 12:25:58,191 INFO train_distributed it=  39 lr=9.49e-04 loss_world=0.6982 |∇|=4.53e+00 γ=0.995 T=0.0501
2026-04-29 12:25:58,587 INFO train_distributed it=  39 lr=9.49e-04 loss_world=6.0051 |∇|=1.42e+03 γ=0.997 T=0.0498
2026-04-29 12:26:04,433 INFO train_distributed it=  39 lr=9.49e-04 loss_world=1.1911 |∇|=2.06e+06 γ=1.004 T=0.0499
2026-04-29 12:26:05,263 INFO train_distributed it=  39 lr=9.49e-04 loss_world=0.6045 |∇|=7.85e+01 γ=0.997 T=0.0499
2026-04-29 12:26:06,495 INFO train_distributed it=  29 lr=9.78e-04 loss_world=1.1619 |∇|=7.97e+01 γ=0.994 T=0.0501
2026-04-29 12:26:07,647 INFO train_distributed it=  29 lr=9.78e-04 loss_world=1.2085 |∇|=6.22e+01 γ=0.991 T=0.0499
2026-04-29 12:26:13,439 INFO train_distributed it=  49 lr=9.10e-04 loss_world=1.0477 |∇|=6.72e-02 γ=0.998 T=0.0503
2026-04-29 12:26:13,512 INFO train_distributed it=  49 lr=9.10e-04 loss_world=1.1943 |∇|=3.40e-01 γ=0.995 T=0.0501
2026-04-29 12:26:13,918 INFO train_distributed it=  49 lr=9.10e-04 loss_world=2.1101 |∇|=5.39e+02 γ=0.991 T=0.0499
2026-04-29 12:26:21,420 INFO train_distributed it=  49 lr=9.10e-04 loss_world=1.6393 |∇|=4.22e+14 γ=1.004 T=0.0499
2026-04-29 12:26:21,782 INFO train_distributed it=  39 lr=9.49e-04 loss_world=1.4326 |∇|=1.04e+01 γ=0.993 T=0.0501
2026-04-29 12:26:22,444 INFO train_distributed it=  49 lr=9.10e-04 loss_world=1.5583 |∇|=2.17e+02 γ=0.995 T=0.0499
2026-04-29 12:26:23,346 INFO train_distributed it=  39 lr=9.49e-04 loss_world=1.2395 |∇|=1.59e+01 γ=0.990 T=0.0499
2026-04-29 12:26:28,752 INFO train_distributed it=  59 lr=8.60e-04 loss_world=1.1857 |∇|=4.03e+00 γ=0.998 T=0.0504
2026-04-29 12:26:28,835 INFO train_distributed it=  59 lr=8.60e-04 loss_world=0.8034 |∇|=2.00e+00 γ=0.995 T=0.0499
2026-04-29 12:26:29,230 INFO train_distributed it=  59 lr=8.60e-04 loss_world=4.3344 |∇|=4.87e+02 γ=0.988 T=0.0500
2026-04-29 12:26:37,061 INFO train_distributed it=  49 lr=9.10e-04 loss_world=1.0499 |∇|=3.47e+01 γ=0.993 T=0.0501
2026-04-29 12:26:38,389 INFO train_distributed it=  59 lr=8.60e-04 loss_world=0.9103 |∇|=nan γ=nan T=nan
2026-04-29 12:26:39,044 INFO train_distributed it=  49 lr=9.10e-04 loss_world=1.1568 |∇|=1.31e+01 γ=0.990 T=0.0499
2026-04-29 12:26:39,604 INFO train_distributed it=  59 lr=8.60e-04 loss_world=0.9782 |∇|=2.58e+02 γ=0.997 T=0.0499
2026-04-29 12:26:44,059 INFO train_distributed it=  69 lr=8.02e-04 loss_world=1.3335 |∇|=1.11e+00 γ=1.001 T=0.0507
2026-04-29 12:26:44,154 INFO train_distributed it=  69 lr=8.02e-04 loss_world=0.7933 |∇|=1.55e+00 γ=0.994 T=0.0497
2026-04-29 12:26:44,533 INFO train_distributed it=  69 lr=8.02e-04 loss_world=1.2666 |∇|=1.85e+02 γ=0.986 T=0.0501
2026-04-29 12:26:52,333 INFO train_distributed it=  59 lr=8.60e-04 loss_world=4.2830 |∇|=1.87e+02 γ=0.992 T=0.0499
2026-04-29 12:26:54,744 INFO train_distributed it=  59 lr=8.60e-04 loss_world=1.1412 |∇|=2.02e+01 γ=0.990 T=0.0499
2026-04-29 12:26:55,286 INFO train_distributed it=  69 lr=8.02e-04 loss_world=nan |∇|=nan γ=nan T=nan
2026-04-29 12:26:56,767 INFO train_distributed it=  69 lr=8.02e-04 loss_world=0.7222 |∇|=9.19e+02 γ=0.998 T=0.0499
2026-04-29 12:26:59,368 INFO train_distributed it=  79 lr=7.38e-04 loss_world=1.2884 |∇|=9.09e+00 γ=1.004 T=0.0510
2026-04-29 12:26:59,481 INFO train_distributed it=  79 lr=7.38e-04 loss_world=0.9284 |∇|=8.88e-01 γ=0.994 T=0.0496
2026-04-29 12:26:59,831 INFO train_distributed it=  79 lr=7.38e-04 loss_world=1.3102 |∇|=1.26e+02 γ=0.986 T=0.0501
2026-04-29 12:27:07,626 INFO train_distributed it=  69 lr=8.02e-04 loss_world=2.8969 |∇|=2.30e+02 γ=0.994 T=0.0499
2026-04-29 12:27:10,444 INFO train_distributed it=  69 lr=8.02e-04 loss_world=10.7474 |∇|=3.05e+04 γ=0.989 T=0.0499
2026-04-29 12:27:12,193 INFO train_distributed it=  79 lr=7.38e-04 loss_world=nan |∇|=nan γ=nan T=nan
2026-04-29 12:27:13,940 INFO train_distributed it=  79 lr=7.38e-04 loss_world=1.3936 |∇|=1.57e+02 γ=0.997 T=0.0499
2026-04-29 12:27:14,682 INFO train_distributed it=  89 lr=6.68e-04 loss_world=0.7197 |∇|=6.64e+00 γ=1.005 T=0.0511
2026-04-29 12:27:14,812 INFO train_distributed it=  89 lr=6.68e-04 loss_world=1.2727 |∇|=2.13e+00 γ=0.995 T=0.0498
2026-04-29 12:27:15,130 INFO train_distributed it=  89 lr=6.68e-04 loss_world=2.1140 |∇|=1.20e+03 γ=0.986 T=0.0501
2026-04-29 12:27:22,905 INFO train_distributed it=  79 lr=7.38e-04 loss_world=1.0871 |∇|=3.46e+01 γ=0.996 T=0.0499
2026-04-29 12:27:26,133 INFO train_distributed it=  79 lr=7.38e-04 loss_world=1.7576 |∇|=4.21e+01 γ=0.988 T=0.0498
2026-04-29 12:27:29,091 INFO train_distributed it=  89 lr=6.68e-04 loss_world=nan |∇|=nan γ=nan T=nan
2026-04-29 12:27:29,986 INFO train_distributed it=  99 lr=5.95e-04 loss_world=0.5363 |∇|=2.61e+00 γ=1.005 T=0.0511
2026-04-29 12:27:30,147 INFO train_distributed it=  99 lr=5.95e-04 loss_world=1.2273 |∇|=8.24e+00 γ=0.998 T=0.0500
2026-04-29 12:27:30,427 INFO train_distributed it=  99 lr=5.95e-04 loss_world=5.2670 |∇|=9.35e+02 γ=0.987 T=0.0502
2026-04-29 12:27:31,102 INFO train_distributed it=  89 lr=6.68e-04 loss_world=0.6464 |∇|=6.46e+02 γ=0.996 T=0.0499
2026-04-29 12:27:38,174 INFO train_distributed it=  89 lr=6.68e-04 loss_world=1.2613 |∇|=6.59e+01 γ=0.997 T=0.0499
2026-04-29 12:27:41,764 INFO train_distributed it=  89 lr=6.68e-04 loss_world=0.7945 |∇|=4.63e+00 γ=0.987 T=0.0497
2026-04-29 12:27:45,287 INFO train_distributed it= 109 lr=5.20e-04 loss_world=0.9505 |∇|=1.22e-01 γ=1.005 T=0.0510
2026-04-29 12:27:45,467 INFO train_distributed it= 109 lr=5.20e-04 loss_world=0.8490 |∇|=1.94e+00 γ=0.999 T=0.0501
2026-04-29 12:27:45,719 INFO train_distributed it= 109 lr=5.20e-04 loss_world=1.4898 |∇|=2.09e+02 γ=0.988 T=0.0502
2026-04-29 12:27:45,994 INFO train_distributed it=  99 lr=5.95e-04 loss_world=nan |∇|=nan γ=nan T=nan
2026-04-29 12:27:48,273 INFO train_distributed it=  99 lr=5.95e-04 loss_world=1.2770 |∇|=1.51e+02 γ=0.995 T=0.0498
2026-04-29 12:27:53,445 INFO train_distributed it=  99 lr=5.95e-04 loss_world=1.0341 |∇|=3.27e+02 γ=0.998 T=0.0499
2026-04-29 12:27:57,063 INFO train_distributed it=  99 lr=5.95e-04 loss_world=0.9014 |∇|=1.71e+00 γ=0.989 T=0.0495
2026-04-29 12:28:00,607 INFO train_distributed it= 119 lr=4.47e-04 loss_world=1.0018 |∇|=1.31e+00 γ=1.004 T=0.0509
2026-04-29 12:28:00,791 INFO train_distributed it= 119 lr=4.47e-04 loss_world=1.2067 |∇|=4.01e+00 γ=1.000 T=0.0501
2026-04-29 12:28:01,011 INFO train_distributed it= 119 lr=4.47e-04 loss_world=1.2251 |∇|=5.68e+01 γ=0.989 T=0.0501
2026-04-29 12:28:02,907 INFO train_distributed it= 109 lr=5.20e-04 loss_world=nan |∇|=nan γ=nan T=nan
2026-04-29 12:28:05,424 INFO train_distributed it= 109 lr=5.20e-04 loss_world=1.0221 |∇|=1.10e+02 γ=0.994 T=0.0498
2026-04-29 12:28:08,738 INFO train_distributed it= 109 lr=5.20e-04 loss_world=1.0239 |∇|=9.41e+01 γ=0.998 T=0.0500
2026-04-29 12:28:12,352 INFO train_distributed it= 109 lr=5.20e-04 loss_world=1.0030 |∇|=1.06e+00 γ=0.990 T=0.0496
2026-04-29 12:28:15,913 INFO train_distributed it= 129 lr=3.76e-04 loss_world=0.8505 |∇|=7.70e-01 γ=1.004 T=0.0508
2026-04-29 12:28:16,122 INFO train_distributed it= 129 lr=3.76e-04 loss_world=1.0664 |∇|=1.35e+00 γ=1.000 T=0.0502
2026-04-29 12:28:16,310 INFO train_distributed it= 129 lr=3.76e-04 loss_world=1.0667 |∇|=5.18e+01 γ=0.990 T=0.0501
2026-04-29 12:28:19,825 INFO train_distributed it= 119 lr=4.47e-04 loss_world=nan |∇|=nan γ=nan T=nan
2026-04-29 12:28:22,551 INFO train_distributed it= 119 lr=4.47e-04 loss_world=1.0970 |∇|=6.96e+02 γ=0.994 T=0.0499
2026-04-29 12:28:24,033 INFO train_distributed it= 119 lr=4.47e-04 loss_world=1.1302 |∇|=6.08e+01 γ=0.998 T=0.0501
2026-04-29 12:28:27,633 INFO train_distributed it= 119 lr=4.47e-04 loss_world=1.6281 |∇|=1.35e+00 γ=0.991 T=0.0496
2026-04-29 12:28:31,221 INFO train_distributed it= 139 lr=3.10e-04 loss_world=1.0405 |∇|=3.62e-01 γ=1.004 T=0.0508
2026-04-29 12:28:31,441 INFO train_distributed it= 139 lr=3.10e-04 loss_world=1.1334 |∇|=2.85e+00 γ=1.000 T=0.0502
2026-04-29 12:28:31,604 INFO train_distributed it= 139 lr=3.10e-04 loss_world=1.1428 |∇|=2.54e+02 γ=0.991 T=0.0500
2026-04-29 12:28:36,737 INFO train_distributed it= 129 lr=3.76e-04 loss_world=nan |∇|=nan γ=nan T=nan
2026-04-29 12:28:39,303 INFO train_distributed it= 129 lr=3.76e-04 loss_world=3.5327 |∇|=7.89e+02 γ=0.999 T=0.0501
2026-04-29 12:28:39,670 INFO train_distributed it= 129 lr=3.76e-04 loss_world=0.8562 |∇|=1.11e+02 γ=0.995 T=0.0499
2026-04-29 12:28:42,915 INFO train_distributed it= 129 lr=3.76e-04 loss_world=0.7133 |∇|=4.28e+00 γ=0.992 T=0.0497
2026-04-29 12:28:46,523 INFO train_distributed it= 149 lr=2.51e-04 loss_world=0.5849 |∇|=3.29e+00 γ=1.005 T=0.0509
2026-04-29 12:28:46,760 INFO train_distributed it= 149 lr=2.51e-04 loss_world=0.8833 |∇|=4.71e-01 γ=1.000 T=0.0502
2026-04-29 12:28:46,896 INFO train_distributed it= 149 lr=2.51e-04 loss_world=1.6117 |∇|=1.89e+02 γ=0.991 T=0.0500
2026-04-29 12:28:53,638 INFO train_distributed it= 139 lr=3.10e-04 loss_world=nan |∇|=nan γ=nan T=nan
2026-04-29 12:28:54,572 INFO train_distributed it= 139 lr=3.10e-04 loss_world=1.2246 |∇|=6.78e+01 γ=0.999 T=0.0501
2026-04-29 12:28:56,794 INFO train_distributed it= 139 lr=3.10e-04 loss_world=0.7486 |∇|=1.40e+02 γ=0.995 T=0.0500
2026-04-29 12:28:58,194 INFO train_distributed it= 139 lr=3.10e-04 loss_world=0.8089 |∇|=4.65e+00 γ=0.992 T=0.0497
2026-04-29 12:29:01,832 INFO train_distributed it= 159 lr=2.00e-04 loss_world=1.4809 |∇|=8.30e+01 γ=1.007 T=0.0509
2026-04-29 12:29:02,084 INFO train_distributed it= 159 lr=2.00e-04 loss_world=0.9773 |∇|=5.61e+00 γ=1.000 T=0.0502
2026-04-29 12:29:02,191 INFO train_distributed it= 159 lr=2.00e-04 loss_world=1.2260 |∇|=4.23e+02 γ=0.991 T=0.0500
2026-04-29 12:29:09,857 INFO train_distributed it= 149 lr=2.51e-04 loss_world=1.0835 |∇|=1.01e+02 γ=0.999 T=0.0501
2026-04-29 12:29:10,543 INFO train_distributed it= 149 lr=2.51e-04 loss_world=nan |∇|=nan γ=nan T=nan
2026-04-29 12:29:13,490 INFO train_distributed it= 149 lr=2.51e-04 loss_world=0.6944 |∇|=1.95e+00 γ=0.992 T=0.0496
2026-04-29 12:29:13,929 INFO train_distributed it= 149 lr=2.51e-04 loss_world=1.1211 |∇|=1.13e+02 γ=0.996 T=0.0500
2026-04-29 12:29:17,173 INFO train_distributed it= 169 lr=1.58e-04 loss_world=0.7739 |∇|=1.66e+00 γ=1.008 T=0.0510
2026-04-29 12:29:17,424 INFO train_distributed it= 169 lr=1.58e-04 loss_world=0.5916 |∇|=3.43e+00 γ=1.000 T=0.0502
2026-04-29 12:29:17,489 INFO train_distributed it= 169 lr=1.58e-04 loss_world=1.0798 |∇|=1.02e+03 γ=0.992 T=0.0500
2026-04-29 12:29:25,131 INFO train_distributed it= 159 lr=2.00e-04 loss_world=0.9919 |∇|=8.16e+01 γ=0.999 T=0.0501
2026-04-29 12:29:27,448 INFO train_distributed it= 159 lr=2.00e-04 loss_world=nan |∇|=nan γ=nan T=nan
2026-04-29 12:29:28,782 INFO train_distributed it= 159 lr=2.00e-04 loss_world=0.7325 |∇|=1.61e+00 γ=0.991 T=0.0496
2026-04-29 12:29:31,080 INFO train_distributed it= 159 lr=2.00e-04 loss_world=0.9618 |∇|=1.82e+02 γ=0.996 T=0.0500
2026-04-29 12:29:32,504 INFO train_distributed it= 179 lr=1.27e-04 loss_world=0.6775 |∇|=2.32e+00 γ=1.009 T=0.0510
2026-04-29 12:29:32,741 INFO train_distributed it= 179 lr=1.27e-04 loss_world=0.8770 |∇|=2.00e+00 γ=1.000 T=0.0502
2026-04-29 12:29:32,777 INFO train_distributed it= 179 lr=1.27e-04 loss_world=3.2018 |∇|=2.85e+03 γ=0.992 T=0.0500
2026-04-29 12:29:40,407 INFO train_distributed it= 169 lr=1.58e-04 loss_world=0.9951 |∇|=1.33e+02 γ=0.999 T=0.0501
2026-04-29 12:29:44,069 INFO train_distributed it= 169 lr=1.58e-04 loss_world=1.4955 |∇|=5.15e+00 γ=0.991 T=0.0496
2026-04-29 12:29:44,347 INFO train_distributed it= 169 lr=1.58e-04 loss_world=nan |∇|=nan γ=nan T=nan
2026-04-29 12:29:47,825 INFO train_distributed it= 189 lr=1.07e-04 loss_world=0.8308 |∇|=3.07e-01 γ=1.009 T=0.0511
2026-04-29 12:29:48,066 INFO train_distributed it= 189 lr=1.07e-04 loss_world=1.1225 |∇|=2.89e+00 γ=1.001 T=0.0502
2026-04-29 12:29:48,069 INFO train_distributed it= 189 lr=1.07e-04 loss_world=0.9243 |∇|=3.69e+02 γ=0.992 T=0.0500
2026-04-29 12:29:48,236 INFO train_distributed it= 169 lr=1.58e-04 loss_world=1.3119 |∇|=5.41e+02 γ=0.996 T=0.0500
2026-04-29 12:29:55,678 INFO train_distributed it= 179 lr=1.27e-04 loss_world=1.1247 |∇|=7.34e+01 γ=0.999 T=0.0501
2026-04-29 12:29:59,362 INFO train_distributed it= 179 lr=1.27e-04 loss_world=1.0778 |∇|=4.18e-01 γ=0.991 T=0.0496
2026-04-29 12:30:01,250 INFO train_distributed it= 179 lr=1.27e-04 loss_world=nan |∇|=nan γ=nan T=nan
2026-04-29 12:30:03,141 INFO train_distributed it= 199 lr=1.00e-04 loss_world=0.7795 |∇|=1.49e+01 γ=1.009 T=0.0510
2026-04-29 12:30:03,147 INFO train_distributed training finished in 307.6s (200 iters, world_size=1)
2026-04-29 12:30:03,147 INFO train_distributed [rank 0] peak HBM: alloc=9.41 GB, reserved=10.01 GB
2026-04-29 12:30:03,151 INFO train_distributed [rank 0] wrote experiments/048_arch_dyngraph_pairs/results_p_4_2__2_1_seed0/training_log.json
2026-04-29 12:30:03,361 INFO train_distributed it= 199 lr=1.00e-04 loss_world=1.2614 |∇|=9.04e+01 γ=0.993 T=0.0500
2026-04-29 12:30:03,368 INFO train_distributed training finished in 307.6s (200 iters, world_size=1)
2026-04-29 12:30:03,368 INFO train_distributed [rank 0] peak HBM: alloc=9.41 GB, reserved=10.01 GB
2026-04-29 12:30:03,372 INFO train_distributed [rank 0] wrote experiments/048_arch_dyngraph_pairs/results_p_4_2__2_1_seed2/training_log.json
2026-04-29 12:30:03,392 INFO train_distributed it= 199 lr=1.00e-04 loss_world=0.8595 |∇|=1.68e+01 γ=1.001 T=0.0502
2026-04-29 12:30:03,399 INFO train_distributed training finished in 307.8s (200 iters, world_size=1)
2026-04-29 12:30:03,399 INFO train_distributed [rank 0] peak HBM: alloc=9.41 GB, reserved=10.01 GB
2026-04-29 12:30:03,402 INFO train_distributed [rank 0] wrote experiments/048_arch_dyngraph_pairs/results_p_4_2__2_1_seed1/training_log.json
  ✓ p_4_2__2_1_seed0 315s (card 2)
  ✓ p_4_2__2_1_seed2 315s (card 4)
  ✓ p_4_2__2_1_seed1 315s (card 3)
2026-04-29 12:30:05,377 INFO train_distributed it= 179 lr=1.27e-04 loss_world=1.2445 |∇|=5.07e+02 γ=0.996 T=0.0500
2026-04-29 12:30:10,961 INFO train_distributed it= 189 lr=1.07e-04 loss_world=1.0219 |∇|=1.32e+02 γ=0.999 T=0.0501
2026-04-29 12:30:14,651 INFO train_distributed it= 189 lr=1.07e-04 loss_world=1.3838 |∇|=2.45e+00 γ=0.991 T=0.0496
2026-04-29 12:30:18,156 INFO train_distributed it= 189 lr=1.07e-04 loss_world=nan |∇|=nan γ=nan T=nan
2026-04-29 12:30:22,487 INFO train_distributed it= 189 lr=1.07e-04 loss_world=1.0129 |∇|=4.28e+02 γ=0.996 T=0.0500
2026-04-29 12:30:26,246 INFO train_distributed it= 199 lr=1.00e-04 loss_world=1.1100 |∇|=5.77e+01 γ=0.999 T=0.0501
2026-04-29 12:30:26,253 INFO train_distributed training finished in 306.7s (200 iters, world_size=1)
2026-04-29 12:30:26,253 INFO train_distributed [rank 0] peak HBM: alloc=9.41 GB, reserved=10.01 GB
2026-04-29 12:30:26,256 INFO train_distributed [rank 0] wrote experiments/048_arch_dyngraph_pairs/results_p_4_2__2_1_seed4/training_log.json
  ✓ p_4_2__2_1_seed4 312s (card 6)
2026-04-29 12:30:29,941 INFO train_distributed it= 199 lr=1.00e-04 loss_world=0.5789 |∇|=2.57e+00 γ=0.991 T=0.0496
2026-04-29 12:30:29,948 INFO train_distributed training finished in 310.6s (200 iters, world_size=1)
2026-04-29 12:30:29,948 INFO train_distributed [rank 0] peak HBM: alloc=9.41 GB, reserved=10.01 GB
2026-04-29 12:30:29,951 INFO train_distributed [rank 0] wrote experiments/048_arch_dyngraph_pairs/results_p_4_2__2_1_seed3/training_log.json
  ✓ p_4_2__2_1_seed3 316s (card 5)
2026-04-29 12:30:35,063 INFO train_distributed it= 199 lr=1.00e-04 loss_world=nan |∇|=nan γ=nan T=nan
2026-04-29 12:30:35,070 INFO train_distributed training finished in 341.1s (200 iters, world_size=1)
2026-04-29 12:30:35,070 INFO train_distributed [rank 0] peak HBM: alloc=9.73 GB, reserved=10.35 GB
2026-04-29 12:30:35,072 INFO train_distributed [rank 0] wrote experiments/048_arch_dyngraph_pairs/results_p_4_2__1_3_seed3/training_log.json
  ✓ p_4_2__1_3_seed3 347s (card 0)
2026-04-29 12:30:39,548 INFO train_distributed it= 199 lr=1.00e-04 loss_world=0.5568 |∇|=6.58e+02 γ=0.996 T=0.0500
2026-04-29 12:30:39,555 INFO train_distributed training finished in 344.0s (200 iters, world_size=1)
2026-04-29 12:30:39,555 INFO train_distributed [rank 0] peak HBM: alloc=9.73 GB, reserved=10.35 GB
2026-04-29 12:30:39,558 INFO train_distributed [rank 0] wrote experiments/048_arch_dyngraph_pairs/results_p_4_2__1_3_seed4/training_log.json
  ✓ p_4_2__1_3_seed4 352s (card 1)

═ EVAL  p_4_2__1_1_seed0 (card 0) ═ 12:30:40

═ EVAL  p_4_2__1_1_seed1 (card 1) ═ 12:30:40

═ EVAL  p_4_2__1_1_seed2 (card 2) ═ 12:30:40

═ EVAL  p_4_2__1_1_seed3 (card 3) ═ 12:30:40

═ EVAL  p_4_2__1_1_seed4 (card 4) ═ 12:30:40

═ EVAL  p_4_2__1_3_seed0 (card 5) ═ 12:30:40

═ EVAL  p_4_2__1_3_seed1 (card 6) ═ 12:30:40

═ EVAL  p_4_2__1_3_seed2 (card 7) ═ 12:30:40
2026-04-29 12:30:44,967 INFO inference_run_large [dist] world_size=1 cuda=True
2026-04-29 12:30:46,092 INFO inference_run_large [dist] world_size=1 cuda=True
2026-04-29 12:30:46,337 INFO inference_run_large [dist] world_size=1 cuda=True
2026-04-29 12:30:46,712 INFO inference_run_large [dist] world_size=1 cuda=True
2026-04-29 12:30:47,153 INFO inference_run_large [dist] world_size=1 cuda=True
2026-04-29 12:30:47,584 INFO inference_run_large [dist] world_size=1 cuda=True
2026-04-29 12:30:48,017 INFO inference_run_large [dist] world_size=1 cuda=True
2026-04-29 12:30:48,437 INFO inference_run_large [dist] world_size=1 cuda=True
2026-04-29 12:30:49,152 INFO inference_run_large loaded checkpoint iter=200 from /AI4S/Users/howardwang/h204/ecophys/experiments/048_arch_dyngraph_pairs/results_p_4_2__1_1_seed2/checkpoint.pt
2026-04-29 12:30:49,171 INFO inference_run_large loaded checkpoint iter=200 from /AI4S/Users/howardwang/h204/ecophys/experiments/048_arch_dyngraph_pairs/results_p_4_2__1_1_seed3/checkpoint.pt
2026-04-29 12:30:49,171 INFO inference_run_large loaded checkpoint iter=200 from /AI4S/Users/howardwang/h204/ecophys/experiments/048_arch_dyngraph_pairs/results_p_4_2__1_3_seed1/checkpoint.pt
2026-04-29 12:30:49,182 INFO inference_run_large loaded checkpoint iter=200 from /AI4S/Users/howardwang/h204/ecophys/experiments/048_arch_dyngraph_pairs/results_p_4_2__1_3_seed2/checkpoint.pt
2026-04-29 12:30:49,182 INFO inference_run_large loaded checkpoint iter=200 from /AI4S/Users/howardwang/h204/ecophys/experiments/048_arch_dyngraph_pairs/results_p_4_2__1_1_seed1/checkpoint.pt
2026-04-29 12:30:49,185 INFO inference_run_large loaded checkpoint iter=200 from /AI4S/Users/howardwang/h204/ecophys/experiments/048_arch_dyngraph_pairs/results_p_4_2__1_1_seed0/checkpoint.pt
2026-04-29 12:30:49,199 INFO inference_run_large loaded checkpoint iter=200 from /AI4S/Users/howardwang/h204/ecophys/experiments/048_arch_dyngraph_pairs/results_p_4_2__1_3_seed0/checkpoint.pt
2026-04-29 12:30:49,315 INFO inference_run_large loaded checkpoint iter=200 from /AI4S/Users/howardwang/h204/ecophys/experiments/048_arch_dyngraph_pairs/results_p_4_2__1_1_seed4/checkpoint.pt
2026-04-29 12:31:49,782 INFO inference_run_large [rank 0] rollout 1/4 seed=10000 took 59.7s
2026-04-29 12:31:49,865 INFO inference_run_large [rank 0] rollout 1/4 seed=10000 took 59.6s
2026-04-29 12:31:49,906 INFO inference_run_large [rank 0] rollout 1/4 seed=10000 took 59.8s
2026-04-29 12:31:49,988 INFO inference_run_large [rank 0] rollout 1/4 seed=10000 took 59.9s
2026-04-29 12:31:50,067 INFO inference_run_large [rank 0] rollout 1/4 seed=10000 took 59.9s
Traceback (most recent call last):
  File "<frozen runpy>", line 198, in _run_module_as_main
  File "<frozen runpy>", line 88, in _run_code
  File "/AI4S/Users/howardwang/h204/ecophys/ecomd/inference/run_large.py", line 167, in <module>
    main()
  File "/AI4S/Users/howardwang/h204/ecophys/ecomd/inference/run_large.py", line 107, in main
    facts = compute_all(returns, volume=volumes)
            ^^^^^^^^^^^^^^^^^^^^^^^^^^^^^^^^^^^^
  File "/AI4S/Users/howardwang/h204/ecophys/ecomd/eval/stylized_facts.py", line 715, in compute_all
    r = _clean(returns)
        ^^^^^^^^^^^^^^^
  File "/AI4S/Users/howardwang/h204/ecophys/ecomd/eval/stylized_facts.py", line 757, in _clean
    raise ValueError("empty array after NaN removal")
ValueError: empty array after NaN removal
Traceback (most recent call last):
  File "<frozen runpy>", line 198, in _run_module_as_main
  File "<frozen runpy>", line 88, in _run_code
  File "/AI4S/Users/howardwang/h204/ecophys/ecomd/inference/run_large.py", line 167, in <module>
    main()
  File "/AI4S/Users/howardwang/h204/ecophys/ecomd/inference/run_large.py", line 107, in main
    facts = compute_all(returns, volume=volumes)
            ^^^^^^^^^^^^^^^^^^^^^^^^^^^^^^^^^^^^
  File "/AI4S/Users/howardwang/h204/ecophys/ecomd/eval/stylized_facts.py", line 715, in compute_all
    r = _clean(returns)
        ^^^^^^^^^^^^^^^
  File "/AI4S/Users/howardwang/h204/ecophys/ecomd/eval/stylized_facts.py", line 757, in _clean
    raise ValueError("empty array after NaN removal")
ValueError: empty array after NaN removal
Traceback (most recent call last):
  File "<frozen runpy>", line 198, in _run_module_as_main
  File "<frozen runpy>", line 88, in _run_code
  File "/AI4S/Users/howardwang/h204/ecophys/ecomd/inference/run_large.py", line 167, in <module>
    main()
  File "/AI4S/Users/howardwang/h204/ecophys/ecomd/inference/run_large.py", line 107, in main
    facts = compute_all(returns, volume=volumes)
            ^^^^^^^^^^^^^^^^^^^^^^^^^^^^^^^^^^^^
  File "/AI4S/Users/howardwang/h204/ecophys/ecomd/eval/stylized_facts.py", line 715, in compute_all
    r = _clean(returns)
        ^^^^^^^^^^^^^^^
  File "/AI4S/Users/howardwang/h204/ecophys/ecomd/eval/stylized_facts.py", line 757, in _clean
    raise ValueError("empty array after NaN removal")
ValueError: empty array after NaN removal
E0429 12:31:54.425000 955299 site-packages/torch/distributed/elastic/multiprocessing/api.py:869] failed (exitcode: 1) local_rank: 0 (pid: 956045) of binary: /root/miniconda3/envs/ecophys/bin/python3.12
Traceback (most recent call last):
  File "/root/miniconda3/envs/ecophys/bin/torchrun", line 6, in <module>
    sys.exit(main())
             ^^^^^^
  File "/root/miniconda3/envs/ecophys/lib/python3.12/site-packages/torch/distributed/elastic/multiprocessing/errors/__init__.py", line 355, in wrapper
    return f(*args, **kwargs)
           ^^^^^^^^^^^^^^^^^^
  File "/root/miniconda3/envs/ecophys/lib/python3.12/site-packages/torch/distributed/run.py", line 918, in main
    run(args)
  File "/root/miniconda3/envs/ecophys/lib/python3.12/site-packages/torch/distributed/run.py", line 909, in run
    elastic_launch(
  File "/root/miniconda3/envs/ecophys/lib/python3.12/site-packages/torch/distributed/launcher/api.py", line 138, in __call__
    return launch_agent(self._config, self._entrypoint, list(args))
           ^^^^^^^^^^^^^^^^^^^^^^^^^^^^^^^^^^^^^^^^^^^^^^^^^^^^^^^^
  File "/root/miniconda3/envs/ecophys/lib/python3.12/site-packages/torch/distributed/launcher/api.py", line 269, in launch_agent
    raise ChildFailedError(
torch.distributed.elastic.multiprocessing.errors.ChildFailedError: 
============================================================
ecomd.inference.run_large FAILED
------------------------------------------------------------
Failures:
  <NO_OTHER_FAILURES>
------------------------------------------------------------
Root Cause (first observed failure):
[0]:
  time      : 2026-04-29_12:31:54
  host      : nb-755846ce0e46404ee8-5cfd549bf-wxkpg
  rank      : 0 (local_rank: 0)
  exitcode  : 1 (pid: 956045)
  error_file: <N/A>
  traceback : To enable traceback see: https://pytorch.org/docs/stable/elastic/errors.html
============================================================
E0429 12:31:54.638000 955300 site-packages/torch/distributed/elastic/multiprocessing/api.py:869] failed (exitcode: 1) local_rank: 0 (pid: 956055) of binary: /root/miniconda3/envs/ecophys/bin/python3.12
Traceback (most recent call last):
  File "/root/miniconda3/envs/ecophys/bin/torchrun", line 6, in <module>
    sys.exit(main())
             ^^^^^^
  File "/root/miniconda3/envs/ecophys/lib/python3.12/site-packages/torch/distributed/elastic/multiprocessing/errors/__init__.py", line 355, in wrapper
    return f(*args, **kwargs)
           ^^^^^^^^^^^^^^^^^^
  File "/root/miniconda3/envs/ecophys/lib/python3.12/site-packages/torch/distributed/run.py", line 918, in main
    run(args)
  File "/root/miniconda3/envs/ecophys/lib/python3.12/site-packages/torch/distributed/run.py", line 909, in run
    elastic_launch(
  File "/root/miniconda3/envs/ecophys/lib/python3.12/site-packages/torch/distributed/launcher/api.py", line 138, in __call__
    return launch_agent(self._config, self._entrypoint, list(args))
           ^^^^^^^^^^^^^^^^^^^^^^^^^^^^^^^^^^^^^^^^^^^^^^^^^^^^^^^^
  File "/root/miniconda3/envs/ecophys/lib/python3.12/site-packages/torch/distributed/launcher/api.py", line 269, in launch_agent
    raise ChildFailedError(
torch.distributed.elastic.multiprocessing.errors.ChildFailedError: 
============================================================
ecomd.inference.run_large FAILED
------------------------------------------------------------
Failures:
  <NO_OTHER_FAILURES>
------------------------------------------------------------
Root Cause (first observed failure):
[0]:
  time      : 2026-04-29_12:31:54
  host      : nb-755846ce0e46404ee8-5cfd549bf-wxkpg
  rank      : 0 (local_rank: 0)
  exitcode  : 1 (pid: 956055)
  error_file: <N/A>
  traceback : To enable traceback see: https://pytorch.org/docs/stable/elastic/errors.html
============================================================
  ✗ eval p_4_2__1_3_seed1 exit=1 (card 6)

═ EVAL  p_4_2__1_3_seed3 (card 0) ═ 12:31:54
E0429 12:31:54.828000 955298 site-packages/torch/distributed/elastic/multiprocessing/api.py:869] failed (exitcode: 1) local_rank: 0 (pid: 956249) of binary: /root/miniconda3/envs/ecophys/bin/python3.12
Traceback (most recent call last):
  File "/root/miniconda3/envs/ecophys/bin/torchrun", line 6, in <module>
    sys.exit(main())
             ^^^^^^
  File "/root/miniconda3/envs/ecophys/lib/python3.12/site-packages/torch/distributed/elastic/multiprocessing/errors/__init__.py", line 355, in wrapper
    return f(*args, **kwargs)
           ^^^^^^^^^^^^^^^^^^
  File "/root/miniconda3/envs/ecophys/lib/python3.12/site-packages/torch/distributed/run.py", line 918, in main
    run(args)
  File "/root/miniconda3/envs/ecophys/lib/python3.12/site-packages/torch/distributed/run.py", line 909, in run
    elastic_launch(
  File "/root/miniconda3/envs/ecophys/lib/python3.12/site-packages/torch/distributed/launcher/api.py", line 138, in __call__
    return launch_agent(self._config, self._entrypoint, list(args))
           ^^^^^^^^^^^^^^^^^^^^^^^^^^^^^^^^^^^^^^^^^^^^^^^^^^^^^^^^
  File "/root/miniconda3/envs/ecophys/lib/python3.12/site-packages/torch/distributed/launcher/api.py", line 269, in launch_agent
    raise ChildFailedError(
torch.distributed.elastic.multiprocessing.errors.ChildFailedError: 
============================================================
ecomd.inference.run_large FAILED
------------------------------------------------------------
Failures:
  <NO_OTHER_FAILURES>
------------------------------------------------------------
Root Cause (first observed failure):
[0]:
  time      : 2026-04-29_12:31:54
  host      : nb-755846ce0e46404ee8-5cfd549bf-wxkpg
  rank      : 0 (local_rank: 0)
  exitcode  : 1 (pid: 956249)
  error_file: <N/A>
  traceback : To enable traceback see: https://pytorch.org/docs/stable/elastic/errors.html
============================================================
  ✗ eval p_4_2__1_3_seed2 exit=1 (card 7)

═ EVAL  p_4_2__1_3_seed4 (card 1) ═ 12:31:54
  ✗ eval p_4_2__1_3_seed0 exit=1 (card 5)

═ EVAL  p_4_2__2_1_seed0 (card 2) ═ 12:31:55
2026-04-29 12:31:58,002 INFO inference_run_large [dist] world_size=1 cuda=True
2026-04-29 12:31:58,566 INFO inference_run_large [dist] world_size=1 cuda=True
2026-04-29 12:31:58,577 INFO inference_run_large [dist] world_size=1 cuda=True
2026-04-29 12:31:58,909 INFO inference_run_large loaded checkpoint iter=200 from /AI4S/Users/howardwang/h204/ecophys/experiments/048_arch_dyngraph_pairs/results_p_4_2__1_3_seed3/checkpoint.pt
2026-04-29 12:31:59,226 INFO inference_run_large loaded checkpoint iter=200 from /AI4S/Users/howardwang/h204/ecophys/experiments/048_arch_dyngraph_pairs/results_p_4_2__2_1_seed0/checkpoint.pt
2026-04-29 12:31:59,227 INFO inference_run_large loaded checkpoint iter=200 from /AI4S/Users/howardwang/h204/ecophys/experiments/048_arch_dyngraph_pairs/results_p_4_2__1_3_seed4/checkpoint.pt
2026-04-29 12:32:49,107 INFO inference_run_large [rank 0] rollout 2/4 seed=10001 took 59.2s
2026-04-29 12:32:49,297 INFO inference_run_large [rank 0] rollout 2/4 seed=10001 took 59.3s
2026-04-29 12:33:41,432 INFO inference_run_large [rank 0] rollout 2/4 seed=10001 took 111.4s
2026-04-29 12:33:42,902 INFO inference_run_large [rank 0] rollout 2/4 seed=10001 took 112.8s
Traceback (most recent call last):
  File "<frozen runpy>", line 198, in _run_module_as_main
  File "<frozen runpy>", line 88, in _run_code
  File "/AI4S/Users/howardwang/h204/ecophys/ecomd/inference/run_large.py", line 167, in <module>
    main()
  File "/AI4S/Users/howardwang/h204/ecophys/ecomd/inference/run_large.py", line 103, in main
    traj = sim.run(n_steps=args.n_steps, seed=seed)
           ^^^^^^^^^^^^^^^^^^^^^^^^^^^^^^^^^^^^^^^^
  File "/root/miniconda3/envs/ecophys/lib/python3.12/site-packages/torch/utils/_contextlib.py", line 116, in decorate_context
    return func(*args, **kwargs)
           ^^^^^^^^^^^^^^^^^^^^^
  File "/AI4S/Users/howardwang/h204/ecophys/ecomd/models/ecomd.py", line 954, in run
    return recorder.finalize()
           ^^^^^^^^^^^^^^^^^^^
  File "/AI4S/Users/howardwang/h204/ecophys/ecomd/physics/observables.py", line 144, in finalize
    velocities=torch.stack(self._velocities),
               ^^^^^^^^^^^^^^^^^^^^^^^^^^^^^
torch.OutOfMemoryError: CUDA out of memory. Tried to allocate 4.77 GiB. GPU 0 has a total capacity of 95.08 GiB of which 4.09 GiB is free. Including non-PyTorch memory, this process has 67.52 GiB memory in use. Process 959005 has 23.46 GiB memory in use. Of the allocated memory 66.95 GiB is allocated by PyTorch, and 82.14 MiB is reserved by PyTorch but unallocated. If reserved but unallocated memory is large try setting PYTORCH_CUDA_ALLOC_CONF=expandable_segments:True to avoid fragmentation.  See documentation for Memory Management  (https://pytorch.org/docs/stable/notes/cuda.html#environment-variables)
E0429 12:33:43.659000 955267 site-packages/torch/distributed/elastic/multiprocessing/api.py:869] failed (exitcode: 1) local_rank: 0 (pid: 955841) of binary: /root/miniconda3/envs/ecophys/bin/python3.12
Traceback (most recent call last):
  File "/root/miniconda3/envs/ecophys/bin/torchrun", line 6, in <module>
    sys.exit(main())
             ^^^^^^
  File "/root/miniconda3/envs/ecophys/lib/python3.12/site-packages/torch/distributed/elastic/multiprocessing/errors/__init__.py", line 355, in wrapper
    return f(*args, **kwargs)
           ^^^^^^^^^^^^^^^^^^
  File "/root/miniconda3/envs/ecophys/lib/python3.12/site-packages/torch/distributed/run.py", line 918, in main
    run(args)
  File "/root/miniconda3/envs/ecophys/lib/python3.12/site-packages/torch/distributed/run.py", line 909, in run
    elastic_launch(
  File "/root/miniconda3/envs/ecophys/lib/python3.12/site-packages/torch/distributed/launcher/api.py", line 138, in __call__
    return launch_agent(self._config, self._entrypoint, list(args))
           ^^^^^^^^^^^^^^^^^^^^^^^^^^^^^^^^^^^^^^^^^^^^^^^^^^^^^^^^
  File "/root/miniconda3/envs/ecophys/lib/python3.12/site-packages/torch/distributed/launcher/api.py", line 269, in launch_agent
    raise ChildFailedError(
torch.distributed.elastic.multiprocessing.errors.ChildFailedError: 
============================================================
ecomd.inference.run_large FAILED
------------------------------------------------------------
Failures:
  <NO_OTHER_FAILURES>
------------------------------------------------------------
Root Cause (first observed failure):
[0]:
  time      : 2026-04-29_12:33:43
  host      : nb-755846ce0e46404ee8-5cfd549bf-wxkpg
  rank      : 0 (local_rank: 0)
  exitcode  : 1 (pid: 955841)
  error_file: <N/A>
  traceback : To enable traceback see: https://pytorch.org/docs/stable/elastic/errors.html
============================================================
  ✗ eval p_4_2__1_1_seed2 exit=1 (card 2)

═ EVAL  p_4_2__2_1_seed1 (card 3) ═ 12:33:43
2026-04-29 12:33:46,868 INFO inference_run_large [dist] world_size=1 cuda=True
2026-04-29 12:33:47,355 INFO inference_run_large loaded checkpoint iter=200 from /AI4S/Users/howardwang/h204/ecophys/experiments/048_arch_dyngraph_pairs/results_p_4_2__2_1_seed1/checkpoint.pt
2026-04-29 12:33:48,361 INFO inference_run_large [rank 0] rollout 3/4 seed=10002 took 59.2s
2026-04-29 12:33:49,497 INFO inference_run_large [rank 0] rollout 3/4 seed=10002 took 60.1s
Traceback (most recent call last):
  File "<frozen runpy>", line 198, in _run_module_as_main
  File "<frozen runpy>", line 88, in _run_code
  File "/AI4S/Users/howardwang/h204/ecophys/ecomd/inference/run_large.py", line 167, in <module>
    main()
  File "/AI4S/Users/howardwang/h204/ecophys/ecomd/inference/run_large.py", line 103, in main
    traj = sim.run(n_steps=args.n_steps, seed=seed)
           ^^^^^^^^^^^^^^^^^^^^^^^^^^^^^^^^^^^^^^^^
  File "/root/miniconda3/envs/ecophys/lib/python3.12/site-packages/torch/utils/_contextlib.py", line 116, in decorate_context
    return func(*args, **kwargs)
           ^^^^^^^^^^^^^^^^^^^^^
  File "/AI4S/Users/howardwang/h204/ecophys/ecomd/models/ecomd.py", line 932, in run
    s_next, price_state, rec, h_regime, h_agent, h_global = self.step(
                                                            ^^^^^^^^^^
  File "/AI4S/Users/howardwang/h204/ecophys/ecomd/models/ecomd.py", line 519, in step
    f_cons = conservative_forces(
             ^^^^^^^^^^^^^^^^^^^^
  File "/AI4S/Users/howardwang/h204/ecophys/ecomd/models/potentials.py", line 484, in conservative_forces
    u = potential(s, context, u_global=u_global)
        ^^^^^^^^^^^^^^^^^^^^^^^^^^^^^^^^^^^^^^^^
  File "/root/miniconda3/envs/ecophys/lib/python3.12/site-packages/torch/nn/modules/module.py", line 1739, in _wrapped_call_impl
    return self._call_impl(*args, **kwargs)
           ^^^^^^^^^^^^^^^^^^^^^^^^^^^^^^^^
  File "/root/miniconda3/envs/ecophys/lib/python3.12/site-packages/torch/nn/modules/module.py", line 1750, in _call_impl
    return forward_call(*args, **kwargs)
           ^^^^^^^^^^^^^^^^^^^^^^^^^^^^^
  File "/AI4S/Users/howardwang/h204/ecophys/ecomd/models/potentials.py", line 458, in forward
    v_pair = self.pairwise(s, context=u_global)
             ^^^^^^^^^^^^^^^^^^^^^^^^^^^^^^^^^^
  File "/root/miniconda3/envs/ecophys/lib/python3.12/site-packages/torch/nn/modules/module.py", line 1739, in _wrapped_call_impl
    return self._call_impl(*args, **kwargs)
           ^^^^^^^^^^^^^^^^^^^^^^^^^^^^^^^^
  File "/root/miniconda3/envs/ecophys/lib/python3.12/site-packages/torch/nn/modules/module.py", line 1750, in _call_impl
    return forward_call(*args, **kwargs)
           ^^^^^^^^^^^^^^^^^^^^^^^^^^^^^
  File "/AI4S/Users/howardwang/h204/ecophys/ecomd/models/potentials.py", line 353, in forward
    w = torch.sigmoid(self.gate_mlp(gate_inp)).squeeze(-1)   # (E,)
                      ^^^^^^^^^^^^^^^^^^^^^^^
  File "/root/miniconda3/envs/ecophys/lib/python3.12/site-packages/torch/nn/modules/module.py", line 1739, in _wrapped_call_impl
    return self._call_impl(*args, **kwargs)
           ^^^^^^^^^^^^^^^^^^^^^^^^^^^^^^^^
  File "/root/miniconda3/envs/ecophys/lib/python3.12/site-packages/torch/nn/modules/module.py", line 1750, in _call_impl
    return forward_call(*args, **kwargs)
           ^^^^^^^^^^^^^^^^^^^^^^^^^^^^^
  File "/root/miniconda3/envs/ecophys/lib/python3.12/site-packages/torch/nn/modules/container.py", line 250, in forward
    input = module(input)
            ^^^^^^^^^^^^^
  File "/root/miniconda3/envs/ecophys/lib/python3.12/site-packages/torch/nn/modules/module.py", line 1739, in _wrapped_call_impl
    return self._call_impl(*args, **kwargs)
           ^^^^^^^^^^^^^^^^^^^^^^^^^^^^^^^^
  File "/root/miniconda3/envs/ecophys/lib/python3.12/site-packages/torch/nn/modules/module.py", line 1750, in _call_impl
    return forward_call(*args, **kwargs)
           ^^^^^^^^^^^^^^^^^^^^^^^^^^^^^
  File "/root/miniconda3/envs/ecophys/lib/python3.12/site-packages/torch/nn/modules/activation.py", line 432, in forward
    return F.silu(input, inplace=self.inplace)
           ^^^^^^^^^^^^^^^^^^^^^^^^^^^^^^^^^^^
  File "/root/miniconda3/envs/ecophys/lib/python3.12/site-packages/torch/nn/functional.py", line 2380, in silu
    return torch._C._nn.silu(input)
           ^^^^^^^^^^^^^^^^^^^^^^^^
torch.OutOfMemoryError: CUDA out of memory. Tried to allocate 184.00 MiB. GPU 0 has a total capacity of 95.08 GiB of which 108.31 MiB is free. Process 955844 has 72.29 GiB memory in use. Including non-PyTorch memory, this process has 22.68 GiB memory in use. Of the allocated memory 21.63 GiB is allocated by PyTorch, and 567.47 MiB is reserved by PyTorch but unallocated. If reserved but unallocated memory is large try setting PYTORCH_CUDA_ALLOC_CONF=expandable_segments:True to avoid fragmentation.  See documentation for Memory Management  (https://pytorch.org/docs/stable/notes/cuda.html#environment-variables)
E0429 12:33:50.468000 958634 site-packages/torch/distributed/elastic/multiprocessing/api.py:869] failed (exitcode: 1) local_rank: 0 (pid: 958939) of binary: /root/miniconda3/envs/ecophys/bin/python3.12
Traceback (most recent call last):
  File "/root/miniconda3/envs/ecophys/bin/torchrun", line 6, in <module>
    sys.exit(main())
             ^^^^^^
  File "/root/miniconda3/envs/ecophys/lib/python3.12/site-packages/torch/distributed/elastic/multiprocessing/errors/__init__.py", line 355, in wrapper
    return f(*args, **kwargs)
           ^^^^^^^^^^^^^^^^^^
  File "/root/miniconda3/envs/ecophys/lib/python3.12/site-packages/torch/distributed/run.py", line 918, in main
    run(args)
  File "/root/miniconda3/envs/ecophys/lib/python3.12/site-packages/torch/distributed/run.py", line 909, in run
    elastic_launch(
  File "/root/miniconda3/envs/ecophys/lib/python3.12/site-packages/torch/distributed/launcher/api.py", line 138, in __call__
    return launch_agent(self._config, self._entrypoint, list(args))
           ^^^^^^^^^^^^^^^^^^^^^^^^^^^^^^^^^^^^^^^^^^^^^^^^^^^^^^^^
  File "/root/miniconda3/envs/ecophys/lib/python3.12/site-packages/torch/distributed/launcher/api.py", line 269, in launch_agent
    raise ChildFailedError(
torch.distributed.elastic.multiprocessing.errors.ChildFailedError: 
============================================================
ecomd.inference.run_large FAILED
------------------------------------------------------------
Failures:
  <NO_OTHER_FAILURES>
------------------------------------------------------------
Root Cause (first observed failure):
[0]:
  time      : 2026-04-29_12:33:50
  host      : nb-755846ce0e46404ee8-5cfd549bf-wxkpg
  rank      : 0 (local_rank: 0)
  exitcode  : 1 (pid: 958939)
  error_file: <N/A>
  traceback : To enable traceback see: https://pytorch.org/docs/stable/elastic/errors.html
============================================================
  ✗ eval p_4_2__1_3_seed4 exit=1 (card 1)

═ EVAL  p_4_2__2_1_seed2 (card 4) ═ 12:33:50
Traceback (most recent call last):
  File "<frozen runpy>", line 198, in _run_module_as_main
  File "<frozen runpy>", line 88, in _run_code
  File "/AI4S/Users/howardwang/h204/ecophys/ecomd/inference/run_large.py", line 167, in <module>
    main()
  File "/AI4S/Users/howardwang/h204/ecophys/ecomd/inference/run_large.py", line 103, in main
    traj = sim.run(n_steps=args.n_steps, seed=seed)
           ^^^^^^^^^^^^^^^^^^^^^^^^^^^^^^^^^^^^^^^^
  File "/root/miniconda3/envs/ecophys/lib/python3.12/site-packages/torch/utils/_contextlib.py", line 116, in decorate_context
    return func(*args, **kwargs)
           ^^^^^^^^^^^^^^^^^^^^^
  File "/AI4S/Users/howardwang/h204/ecophys/ecomd/models/ecomd.py", line 932, in run
    s_next, price_state, rec, h_regime, h_agent, h_global = self.step(
                                                            ^^^^^^^^^^
  File "/AI4S/Users/howardwang/h204/ecophys/ecomd/models/ecomd.py", line 519, in step
    f_cons = conservative_forces(
             ^^^^^^^^^^^^^^^^^^^^
  File "/AI4S/Users/howardwang/h204/ecophys/ecomd/models/potentials.py", line 484, in conservative_forces
    u = potential(s, context, u_global=u_global)
        ^^^^^^^^^^^^^^^^^^^^^^^^^^^^^^^^^^^^^^^^
  File "/root/miniconda3/envs/ecophys/lib/python3.12/site-packages/torch/nn/modules/module.py", line 1739, in _wrapped_call_impl
    return self._call_impl(*args, **kwargs)
           ^^^^^^^^^^^^^^^^^^^^^^^^^^^^^^^^
  File "/root/miniconda3/envs/ecophys/lib/python3.12/site-packages/torch/nn/modules/module.py", line 1750, in _call_impl
    return forward_call(*args, **kwargs)
           ^^^^^^^^^^^^^^^^^^^^^^^^^^^^^
  File "/AI4S/Users/howardwang/h204/ecophys/ecomd/models/potentials.py", line 458, in forward
    v_pair = self.pairwise(s, context=u_global)
             ^^^^^^^^^^^^^^^^^^^^^^^^^^^^^^^^^^
  File "/root/miniconda3/envs/ecophys/lib/python3.12/site-packages/torch/nn/modules/module.py", line 1739, in _wrapped_call_impl
    return self._call_impl(*args, **kwargs)
           ^^^^^^^^^^^^^^^^^^^^^^^^^^^^^^^^
  File "/root/miniconda3/envs/ecophys/lib/python3.12/site-packages/torch/nn/modules/module.py", line 1750, in _call_impl
    return forward_call(*args, **kwargs)
           ^^^^^^^^^^^^^^^^^^^^^^^^^^^^^
  File "/AI4S/Users/howardwang/h204/ecophys/ecomd/models/potentials.py", line 353, in forward
    w = torch.sigmoid(self.gate_mlp(gate_inp)).squeeze(-1)   # (E,)
                      ^^^^^^^^^^^^^^^^^^^^^^^
  File "/root/miniconda3/envs/ecophys/lib/python3.12/site-packages/torch/nn/modules/module.py", line 1739, in _wrapped_call_impl
    return self._call_impl(*args, **kwargs)
           ^^^^^^^^^^^^^^^^^^^^^^^^^^^^^^^^
  File "/root/miniconda3/envs/ecophys/lib/python3.12/site-packages/torch/nn/modules/module.py", line 1750, in _call_impl
    return forward_call(*args, **kwargs)
           ^^^^^^^^^^^^^^^^^^^^^^^^^^^^^
  File "/root/miniconda3/envs/ecophys/lib/python3.12/site-packages/torch/nn/modules/container.py", line 250, in forward
    input = module(input)
            ^^^^^^^^^^^^^
  File "/root/miniconda3/envs/ecophys/lib/python3.12/site-packages/torch/nn/modules/module.py", line 1739, in _wrapped_call_impl
    return self._call_impl(*args, **kwargs)
           ^^^^^^^^^^^^^^^^^^^^^^^^^^^^^^^^
  File "/root/miniconda3/envs/ecophys/lib/python3.12/site-packages/torch/nn/modules/module.py", line 1750, in _call_impl
    return forward_call(*args, **kwargs)
           ^^^^^^^^^^^^^^^^^^^^^^^^^^^^^
  File "/root/miniconda3/envs/ecophys/lib/python3.12/site-packages/torch/nn/modules/activation.py", line 432, in forward
    return F.silu(input, inplace=self.inplace)
           ^^^^^^^^^^^^^^^^^^^^^^^^^^^^^^^^^^^
  File "/root/miniconda3/envs/ecophys/lib/python3.12/site-packages/torch/nn/functional.py", line 2380, in silu
    return torch._C._nn.silu(input)
           ^^^^^^^^^^^^^^^^^^^^^^^^
torch.OutOfMemoryError: CUDA out of memory. Tried to allocate 184.00 MiB. GPU 0 has a total capacity of 95.08 GiB of which 108.31 MiB is free. Process 956052 has 72.29 GiB memory in use. Including non-PyTorch memory, this process has 22.68 GiB memory in use. Of the allocated memory 21.63 GiB is allocated by PyTorch, and 567.47 MiB is reserved by PyTorch but unallocated. If reserved but unallocated memory is large try setting PYTORCH_CUDA_ALLOC_CONF=expandable_segments:True to avoid fragmentation.  See documentation for Memory Management  (https://pytorch.org/docs/stable/notes/cuda.html#environment-variables)
E0429 12:33:51.500000 958612 site-packages/torch/distributed/elastic/multiprocessing/api.py:869] failed (exitcode: 1) local_rank: 0 (pid: 958872) of binary: /root/miniconda3/envs/ecophys/bin/python3.12
Traceback (most recent call last):
  File "/root/miniconda3/envs/ecophys/bin/torchrun", line 6, in <module>
    sys.exit(main())
             ^^^^^^
  File "/root/miniconda3/envs/ecophys/lib/python3.12/site-packages/torch/distributed/elastic/multiprocessing/errors/__init__.py", line 355, in wrapper
    return f(*args, **kwargs)
           ^^^^^^^^^^^^^^^^^^
  File "/root/miniconda3/envs/ecophys/lib/python3.12/site-packages/torch/distributed/run.py", line 918, in main
    run(args)
  File "/root/miniconda3/envs/ecophys/lib/python3.12/site-packages/torch/distributed/run.py", line 909, in run
    elastic_launch(
  File "/root/miniconda3/envs/ecophys/lib/python3.12/site-packages/torch/distributed/launcher/api.py", line 138, in __call__
    return launch_agent(self._config, self._entrypoint, list(args))
           ^^^^^^^^^^^^^^^^^^^^^^^^^^^^^^^^^^^^^^^^^^^^^^^^^^^^^^^^
  File "/root/miniconda3/envs/ecophys/lib/python3.12/site-packages/torch/distributed/launcher/api.py", line 269, in launch_agent
    raise ChildFailedError(
torch.distributed.elastic.multiprocessing.errors.ChildFailedError: 
============================================================
ecomd.inference.run_large FAILED
------------------------------------------------------------
Failures:
  <NO_OTHER_FAILURES>
------------------------------------------------------------
Root Cause (first observed failure):
[0]:
  time      : 2026-04-29_12:33:51
  host      : nb-755846ce0e46404ee8-5cfd549bf-wxkpg
  rank      : 0 (local_rank: 0)
  exitcode  : 1 (pid: 958872)
  error_file: <N/A>
  traceback : To enable traceback see: https://pytorch.org/docs/stable/elastic/errors.html
============================================================
  ✗ eval p_4_2__1_3_seed3 exit=1 (card 0)

═ EVAL  p_4_2__2_1_seed3 (card 5) ═ 12:33:51
2026-04-29 12:33:53,717 INFO inference_run_large [dist] world_size=1 cuda=True
2026-04-29 12:33:53,891 INFO inference_run_large [rank 0] rollout 1/4 seed=10000 took 113.8s
2026-04-29 12:33:54,249 INFO inference_run_large loaded checkpoint iter=200 from /AI4S/Users/howardwang/h204/ecophys/experiments/048_arch_dyngraph_pairs/results_p_4_2__2_1_seed2/checkpoint.pt
2026-04-29 12:33:55,143 INFO inference_run_large [dist] world_size=1 cuda=True
2026-04-29 12:33:55,428 INFO inference_run_large loaded checkpoint iter=200 from /AI4S/Users/howardwang/h204/ecophys/experiments/048_arch_dyngraph_pairs/results_p_4_2__2_1_seed3/checkpoint.pt
2026-04-29 12:34:45,304 INFO inference_run_large [rank 0] rollout 3/4 seed=10002 took 63.8s
2026-04-29 12:34:46,814 INFO inference_run_large [rank 0] rollout 3/4 seed=10002 took 63.8s
2026-04-29 12:34:52,507 INFO inference_run_large [rank 0] rollout 2/4 seed=10001 took 58.5s
2026-04-29 12:34:55,586 INFO inference_run_large [rank 0] rollout 1/4 seed=10000 took 59.2s
Traceback (most recent call last):
  File "<frozen runpy>", line 198, in _run_module_as_main
  File "<frozen runpy>", line 88, in _run_code
  File "/AI4S/Users/howardwang/h204/ecophys/ecomd/inference/run_large.py", line 167, in <module>
    main()
  File "/AI4S/Users/howardwang/h204/ecophys/ecomd/inference/run_large.py", line 103, in main
    traj = sim.run(n_steps=args.n_steps, seed=seed)
           ^^^^^^^^^^^^^^^^^^^^^^^^^^^^^^^^^^^^^^^^
  File "/root/miniconda3/envs/ecophys/lib/python3.12/site-packages/torch/utils/_contextlib.py", line 116, in decorate_context
    return func(*args, **kwargs)
           ^^^^^^^^^^^^^^^^^^^^^
  File "/AI4S/Users/howardwang/h204/ecophys/ecomd/models/ecomd.py", line 932, in run
    s_next, price_state, rec, h_regime, h_agent, h_global = self.step(
                                                            ^^^^^^^^^^
  File "/AI4S/Users/howardwang/h204/ecophys/ecomd/models/ecomd.py", line 519, in step
    f_cons = conservative_forces(
             ^^^^^^^^^^^^^^^^^^^^
  File "/AI4S/Users/howardwang/h204/ecophys/ecomd/models/potentials.py", line 484, in conservative_forces
    u = potential(s, context, u_global=u_global)
        ^^^^^^^^^^^^^^^^^^^^^^^^^^^^^^^^^^^^^^^^
  File "/root/miniconda3/envs/ecophys/lib/python3.12/site-packages/torch/nn/modules/module.py", line 1739, in _wrapped_call_impl
    return self._call_impl(*args, **kwargs)
           ^^^^^^^^^^^^^^^^^^^^^^^^^^^^^^^^
  File "/root/miniconda3/envs/ecophys/lib/python3.12/site-packages/torch/nn/modules/module.py", line 1750, in _call_impl
    return forward_call(*args, **kwargs)
           ^^^^^^^^^^^^^^^^^^^^^^^^^^^^^
  File "/AI4S/Users/howardwang/h204/ecophys/ecomd/models/potentials.py", line 458, in forward
    v_pair = self.pairwise(s, context=u_global)
             ^^^^^^^^^^^^^^^^^^^^^^^^^^^^^^^^^^
  File "/root/miniconda3/envs/ecophys/lib/python3.12/site-packages/torch/nn/modules/module.py", line 1739, in _wrapped_call_impl
    return self._call_impl(*args, **kwargs)
           ^^^^^^^^^^^^^^^^^^^^^^^^^^^^^^^^
  File "/root/miniconda3/envs/ecophys/lib/python3.12/site-packages/torch/nn/modules/module.py", line 1750, in _call_impl
    return forward_call(*args, **kwargs)
           ^^^^^^^^^^^^^^^^^^^^^^^^^^^^^
  File "/AI4S/Users/howardwang/h204/ecophys/ecomd/models/potentials.py", line 353, in forward
    w = torch.sigmoid(self.gate_mlp(gate_inp)).squeeze(-1)   # (E,)
                      ^^^^^^^^^^^^^^^^^^^^^^^
  File "/root/miniconda3/envs/ecophys/lib/python3.12/site-packages/torch/nn/modules/module.py", line 1739, in _wrapped_call_impl
    return self._call_impl(*args, **kwargs)
           ^^^^^^^^^^^^^^^^^^^^^^^^^^^^^^^^
  File "/root/miniconda3/envs/ecophys/lib/python3.12/site-packages/torch/nn/modules/module.py", line 1750, in _call_impl
    return forward_call(*args, **kwargs)
           ^^^^^^^^^^^^^^^^^^^^^^^^^^^^^
  File "/root/miniconda3/envs/ecophys/lib/python3.12/site-packages/torch/nn/modules/container.py", line 250, in forward
    input = module(input)
            ^^^^^^^^^^^^^
  File "/root/miniconda3/envs/ecophys/lib/python3.12/site-packages/torch/nn/modules/module.py", line 1739, in _wrapped_call_impl
    return self._call_impl(*args, **kwargs)
           ^^^^^^^^^^^^^^^^^^^^^^^^^^^^^^^^
  File "/root/miniconda3/envs/ecophys/lib/python3.12/site-packages/torch/nn/modules/module.py", line 1750, in _call_impl
    return forward_call(*args, **kwargs)
           ^^^^^^^^^^^^^^^^^^^^^^^^^^^^^
  File "/root/miniconda3/envs/ecophys/lib/python3.12/site-packages/torch/nn/modules/activation.py", line 432, in forward
    return F.silu(input, inplace=self.inplace)
           ^^^^^^^^^^^^^^^^^^^^^^^^^^^^^^^^^^^
  File "/root/miniconda3/envs/ecophys/lib/python3.12/site-packages/torch/nn/functional.py", line 2380, in silu
    return torch._C._nn.silu(input)
           ^^^^^^^^^^^^^^^^^^^^^^^^
torch.OutOfMemoryError: CUDA out of memory. Tried to allocate 184.00 MiB. GPU 0 has a total capacity of 95.08 GiB of which 90.31 MiB is free. Process 955974 has 75.47 GiB memory in use. Including non-PyTorch memory, this process has 19.51 GiB memory in use. Of the allocated memory 18.59 GiB is allocated by PyTorch, and 432.56 MiB is reserved by PyTorch but unallocated. If reserved but unallocated memory is large try setting PYTORCH_CUDA_ALLOC_CONF=expandable_segments:True to avoid fragmentation.  See documentation for Memory Management  (https://pytorch.org/docs/stable/notes/cuda.html#environment-variables)
E0429 12:35:11.273000 961171 site-packages/torch/distributed/elastic/multiprocessing/api.py:869] failed (exitcode: 1) local_rank: 0 (pid: 961247) of binary: /root/miniconda3/envs/ecophys/bin/python3.12
Traceback (most recent call last):
  File "/root/miniconda3/envs/ecophys/bin/torchrun", line 6, in <module>
    sys.exit(main())
             ^^^^^^
  File "/root/miniconda3/envs/ecophys/lib/python3.12/site-packages/torch/distributed/elastic/multiprocessing/errors/__init__.py", line 355, in wrapper
    return f(*args, **kwargs)
           ^^^^^^^^^^^^^^^^^^
  File "/root/miniconda3/envs/ecophys/lib/python3.12/site-packages/torch/distributed/run.py", line 918, in main
    run(args)
  File "/root/miniconda3/envs/ecophys/lib/python3.12/site-packages/torch/distributed/run.py", line 909, in run
    elastic_launch(
  File "/root/miniconda3/envs/ecophys/lib/python3.12/site-packages/torch/distributed/launcher/api.py", line 138, in __call__
    return launch_agent(self._config, self._entrypoint, list(args))
           ^^^^^^^^^^^^^^^^^^^^^^^^^^^^^^^^^^^^^^^^^^^^^^^^^^^^^^^^
  File "/root/miniconda3/envs/ecophys/lib/python3.12/site-packages/torch/distributed/launcher/api.py", line 269, in launch_agent
    raise ChildFailedError(
torch.distributed.elastic.multiprocessing.errors.ChildFailedError: 
============================================================
ecomd.inference.run_large FAILED
------------------------------------------------------------
Failures:
  <NO_OTHER_FAILURES>
------------------------------------------------------------
Root Cause (first observed failure):
[0]:
  time      : 2026-04-29_12:35:11
  host      : nb-755846ce0e46404ee8-5cfd549bf-wxkpg
  rank      : 0 (local_rank: 0)
  exitcode  : 1 (pid: 961247)
  error_file: <N/A>
  traceback : To enable traceback see: https://pytorch.org/docs/stable/elastic/errors.html
============================================================
  ✗ eval p_4_2__2_1_seed1 exit=1 (card 3)

═ EVAL  p_4_2__2_1_seed4 (card 6) ═ 12:35:11
2026-04-29 12:35:14,927 INFO inference_run_large [dist] world_size=1 cuda=True
2026-04-29 12:35:15,248 INFO inference_run_large loaded checkpoint iter=200 from /AI4S/Users/howardwang/h204/ecophys/experiments/048_arch_dyngraph_pairs/results_p_4_2__2_1_seed4/checkpoint.pt
Traceback (most recent call last):
  File "<frozen runpy>", line 198, in _run_module_as_main
  File "<frozen runpy>", line 88, in _run_code
  File "/AI4S/Users/howardwang/h204/ecophys/ecomd/inference/run_large.py", line 167, in <module>
    main()
  File "/AI4S/Users/howardwang/h204/ecophys/ecomd/inference/run_large.py", line 103, in main
    traj = sim.run(n_steps=args.n_steps, seed=seed)
           ^^^^^^^^^^^^^^^^^^^^^^^^^^^^^^^^^^^^^^^^
  File "/root/miniconda3/envs/ecophys/lib/python3.12/site-packages/torch/utils/_contextlib.py", line 116, in decorate_context
    return func(*args, **kwargs)
           ^^^^^^^^^^^^^^^^^^^^^
  File "/AI4S/Users/howardwang/h204/ecophys/ecomd/models/ecomd.py", line 932, in run
    s_next, price_state, rec, h_regime, h_agent, h_global = self.step(
                                                            ^^^^^^^^^^
  File "/AI4S/Users/howardwang/h204/ecophys/ecomd/models/ecomd.py", line 519, in step
    f_cons = conservative_forces(
             ^^^^^^^^^^^^^^^^^^^^
  File "/AI4S/Users/howardwang/h204/ecophys/ecomd/models/potentials.py", line 484, in conservative_forces
    u = potential(s, context, u_global=u_global)
        ^^^^^^^^^^^^^^^^^^^^^^^^^^^^^^^^^^^^^^^^
  File "/root/miniconda3/envs/ecophys/lib/python3.12/site-packages/torch/nn/modules/module.py", line 1739, in _wrapped_call_impl
    return self._call_impl(*args, **kwargs)
           ^^^^^^^^^^^^^^^^^^^^^^^^^^^^^^^^
  File "/root/miniconda3/envs/ecophys/lib/python3.12/site-packages/torch/nn/modules/module.py", line 1750, in _call_impl
    return forward_call(*args, **kwargs)
           ^^^^^^^^^^^^^^^^^^^^^^^^^^^^^
  File "/AI4S/Users/howardwang/h204/ecophys/ecomd/models/potentials.py", line 458, in forward
    v_pair = self.pairwise(s, context=u_global)
             ^^^^^^^^^^^^^^^^^^^^^^^^^^^^^^^^^^
  File "/root/miniconda3/envs/ecophys/lib/python3.12/site-packages/torch/nn/modules/module.py", line 1739, in _wrapped_call_impl
    return self._call_impl(*args, **kwargs)
           ^^^^^^^^^^^^^^^^^^^^^^^^^^^^^^^^
  File "/root/miniconda3/envs/ecophys/lib/python3.12/site-packages/torch/nn/modules/module.py", line 1750, in _call_impl
    return forward_call(*args, **kwargs)
           ^^^^^^^^^^^^^^^^^^^^^^^^^^^^^
  File "/AI4S/Users/howardwang/h204/ecophys/ecomd/models/potentials.py", line 353, in forward
    w = torch.sigmoid(self.gate_mlp(gate_inp)).squeeze(-1)   # (E,)
                      ^^^^^^^^^^^^^^^^^^^^^^^
  File "/root/miniconda3/envs/ecophys/lib/python3.12/site-packages/torch/nn/modules/module.py", line 1739, in _wrapped_call_impl
    return self._call_impl(*args, **kwargs)
           ^^^^^^^^^^^^^^^^^^^^^^^^^^^^^^^^
  File "/root/miniconda3/envs/ecophys/lib/python3.12/site-packages/torch/nn/modules/module.py", line 1750, in _call_impl
    return forward_call(*args, **kwargs)
           ^^^^^^^^^^^^^^^^^^^^^^^^^^^^^
  File "/root/miniconda3/envs/ecophys/lib/python3.12/site-packages/torch/nn/modules/container.py", line 250, in forward
    input = module(input)
            ^^^^^^^^^^^^^
  File "/root/miniconda3/envs/ecophys/lib/python3.12/site-packages/torch/nn/modules/module.py", line 1739, in _wrapped_call_impl
    return self._call_impl(*args, **kwargs)
           ^^^^^^^^^^^^^^^^^^^^^^^^^^^^^^^^
  File "/root/miniconda3/envs/ecophys/lib/python3.12/site-packages/torch/nn/modules/module.py", line 1750, in _call_impl
    return forward_call(*args, **kwargs)
           ^^^^^^^^^^^^^^^^^^^^^^^^^^^^^
  File "/root/miniconda3/envs/ecophys/lib/python3.12/site-packages/torch/nn/modules/activation.py", line 432, in forward
    return F.silu(input, inplace=self.inplace)
           ^^^^^^^^^^^^^^^^^^^^^^^^^^^^^^^^^^^
  File "/root/miniconda3/envs/ecophys/lib/python3.12/site-packages/torch/nn/functional.py", line 2380, in silu
    return torch._C._nn.silu(input)
           ^^^^^^^^^^^^^^^^^^^^^^^^
torch.OutOfMemoryError: CUDA out of memory. Tried to allocate 184.00 MiB. GPU 0 has a total capacity of 95.08 GiB of which 90.31 MiB is free. Process 956251 has 75.47 GiB memory in use. Including non-PyTorch memory, this process has 19.51 GiB memory in use. Of the allocated memory 18.59 GiB is allocated by PyTorch, and 432.56 MiB is reserved by PyTorch but unallocated. If reserved but unallocated memory is large try setting PYTORCH_CUDA_ALLOC_CONF=expandable_segments:True to avoid fragmentation.  See documentation for Memory Management  (https://pytorch.org/docs/stable/notes/cuda.html#environment-variables)
E0429 12:35:18.654000 961377 site-packages/torch/distributed/elastic/multiprocessing/api.py:869] failed (exitcode: 1) local_rank: 0 (pid: 961497) of binary: /root/miniconda3/envs/ecophys/bin/python3.12
Traceback (most recent call last):
  File "/root/miniconda3/envs/ecophys/bin/torchrun", line 6, in <module>
    sys.exit(main())
             ^^^^^^
  File "/root/miniconda3/envs/ecophys/lib/python3.12/site-packages/torch/distributed/elastic/multiprocessing/errors/__init__.py", line 355, in wrapper
    return f(*args, **kwargs)
           ^^^^^^^^^^^^^^^^^^
  File "/root/miniconda3/envs/ecophys/lib/python3.12/site-packages/torch/distributed/run.py", line 918, in main
    run(args)
  File "/root/miniconda3/envs/ecophys/lib/python3.12/site-packages/torch/distributed/run.py", line 909, in run
    elastic_launch(
  File "/root/miniconda3/envs/ecophys/lib/python3.12/site-packages/torch/distributed/launcher/api.py", line 138, in __call__
    return launch_agent(self._config, self._entrypoint, list(args))
           ^^^^^^^^^^^^^^^^^^^^^^^^^^^^^^^^^^^^^^^^^^^^^^^^^^^^^^^^
  File "/root/miniconda3/envs/ecophys/lib/python3.12/site-packages/torch/distributed/launcher/api.py", line 269, in launch_agent
    raise ChildFailedError(
torch.distributed.elastic.multiprocessing.errors.ChildFailedError: 
============================================================
ecomd.inference.run_large FAILED
------------------------------------------------------------
Failures:
  <NO_OTHER_FAILURES>
------------------------------------------------------------
Root Cause (first observed failure):
[0]:
  time      : 2026-04-29_12:35:18
  host      : nb-755846ce0e46404ee8-5cfd549bf-wxkpg
  rank      : 0 (local_rank: 0)
  exitcode  : 1 (pid: 961497)
  error_file: <N/A>
  traceback : To enable traceback see: https://pytorch.org/docs/stable/elastic/errors.html
============================================================
  ✗ eval p_4_2__2_1_seed2 exit=1 (card 4)
2026-04-29 12:35:31,383 INFO inference_run_large [rank 0] rollout 4/4 seed=10003 took 101.8s
2026-04-29 12:35:31,386 INFO inference_run_large [rank 0] wrote /AI4S/Users/howardwang/h204/ecophys/experiments/048_arch_dyngraph_pairs/results_p_4_2__1_1_seed3/inference_rank_0.json
2026-04-29 12:35:31,389 INFO inference_run_large [rank 0] merged 4 rollouts → /AI4S/Users/howardwang/h204/ecophys/experiments/048_arch_dyngraph_pairs/results_p_4_2__1_1_seed3/inference_merged.json
2026-04-29 12:35:31,432 INFO inference_run_large [rank 0] rollout 4/4 seed=10003 took 103.0s
2026-04-29 12:35:31,435 INFO inference_run_large [rank 0] wrote /AI4S/Users/howardwang/h204/ecophys/experiments/048_arch_dyngraph_pairs/results_p_4_2__1_1_seed4/inference_rank_0.json
2026-04-29 12:35:31,439 INFO inference_run_large [rank 0] merged 4 rollouts → /AI4S/Users/howardwang/h204/ecophys/experiments/048_arch_dyngraph_pairs/results_p_4_2__1_1_seed4/inference_merged.json
  ✓ eval p_4_2__1_1_seed3 292s (card 3)
  ✓ eval p_4_2__1_1_seed4 292s (card 4)
2026-04-29 12:35:44,837 INFO inference_run_large [rank 0] rollout 4/4 seed=10003 took 59.4s
2026-04-29 12:35:44,840 INFO inference_run_large [rank 0] wrote /AI4S/Users/howardwang/h204/ecophys/experiments/048_arch_dyngraph_pairs/results_p_4_2__1_1_seed1/inference_rank_0.json
2026-04-29 12:35:44,844 INFO inference_run_large [rank 0] merged 4 rollouts → /AI4S/Users/howardwang/h204/ecophys/experiments/048_arch_dyngraph_pairs/results_p_4_2__1_1_seed1/inference_merged.json
  ✓ eval p_4_2__1_1_seed1 305s (card 1)
2026-04-29 12:35:46,499 INFO inference_run_large [rank 0] rollout 4/4 seed=10003 took 59.6s
2026-04-29 12:35:46,502 INFO inference_run_large [rank 0] wrote /AI4S/Users/howardwang/h204/ecophys/experiments/048_arch_dyngraph_pairs/results_p_4_2__1_1_seed0/inference_rank_0.json
2026-04-29 12:35:46,506 INFO inference_run_large [rank 0] merged 4 rollouts → /AI4S/Users/howardwang/h204/ecophys/experiments/048_arch_dyngraph_pairs/results_p_4_2__1_1_seed0/inference_merged.json
  ✓ eval p_4_2__1_1_seed0 307s (card 0)
2026-04-29 12:35:51,158 INFO inference_run_large [rank 0] rollout 3/4 seed=10002 took 58.6s
2026-04-29 12:35:54,521 INFO inference_run_large [rank 0] rollout 2/4 seed=10001 took 58.9s
2026-04-29 12:36:15,209 INFO inference_run_large [rank 0] rollout 1/4 seed=10000 took 59.1s
2026-04-29 12:36:49,757 INFO inference_run_large [rank 0] rollout 4/4 seed=10003 took 58.5s
2026-04-29 12:36:49,760 INFO inference_run_large [rank 0] wrote /AI4S/Users/howardwang/h204/ecophys/experiments/048_arch_dyngraph_pairs/results_p_4_2__2_1_seed0/inference_rank_0.json
2026-04-29 12:36:49,765 INFO inference_run_large [rank 0] merged 4 rollouts → /AI4S/Users/howardwang/h204/ecophys/experiments/048_arch_dyngraph_pairs/results_p_4_2__2_1_seed0/inference_merged.json
  ✓ eval p_4_2__2_1_seed0 295s (card 2)
2026-04-29 12:36:54,082 INFO inference_run_large [rank 0] rollout 3/4 seed=10002 took 59.5s
2026-04-29 12:37:13,856 INFO inference_run_large [rank 0] rollout 2/4 seed=10001 took 58.6s
2026-04-29 12:37:53,784 INFO inference_run_large [rank 0] rollout 4/4 seed=10003 took 59.6s
2026-04-29 12:37:53,787 INFO inference_run_large [rank 0] wrote /AI4S/Users/howardwang/h204/ecophys/experiments/048_arch_dyngraph_pairs/results_p_4_2__2_1_seed3/inference_rank_0.json
2026-04-29 12:37:53,791 INFO inference_run_large [rank 0] merged 4 rollouts → /AI4S/Users/howardwang/h204/ecophys/experiments/048_arch_dyngraph_pairs/results_p_4_2__2_1_seed3/inference_merged.json
  ✓ eval p_4_2__2_1_seed3 243s (card 5)
2026-04-29 12:38:12,556 INFO inference_run_large [rank 0] rollout 3/4 seed=10002 took 58.6s
2026-04-29 12:39:11,201 INFO inference_run_large [rank 0] rollout 4/4 seed=10003 took 58.6s
2026-04-29 12:39:11,204 INFO inference_run_large [rank 0] wrote /AI4S/Users/howardwang/h204/ecophys/experiments/048_arch_dyngraph_pairs/results_p_4_2__2_1_seed4/inference_rank_0.json
2026-04-29 12:39:11,208 INFO inference_run_large [rank 0] merged 4 rollouts → /AI4S/Users/howardwang/h204/ecophys/experiments/048_arch_dyngraph_pairs/results_p_4_2__2_1_seed4/inference_merged.json
  ✓ eval p_4_2__2_1_seed4 241s (card 6)

═══ DONE — Wed Apr 29 12:39:12 PM CST 2026 ═══
