2026-04-28 18:40:15,485 INFO train_distributed [dist] rank=0 world_size=1 local_rank=0 cuda_available=True
2026-04-28 18:40:15,528 INFO train_distributed loaded 2,841 returns for spx/2015-2026_daily
2026-04-28 18:40:15,535 INFO train_distributed targets: acf_sq=0.342 leverage_sum=-0.790 hill_alpha=2.68
2026-04-28 18:40:16,287 INFO train_distributed EcoMDSimulator built: 33043 parameters (device=cuda:0)
2026-04-28 18:40:19,780 INFO train_distributed it=   0 lr=1.00e-04 loss_world=9.6319 |∇|=1.07e+03 γ=1.000 T=0.0500
2026-04-28 18:40:39,837 INFO train_distributed it=   9 lr=1.00e-03 loss_world=12.6688 |∇|=2.36e+03 γ=1.001 T=0.0501
2026-04-28 18:41:02,228 INFO train_distributed it=  19 lr=9.95e-04 loss_world=10.2060 |∇|=1.27e+03 γ=1.000 T=0.0502
2026-04-28 18:41:24,686 INFO train_distributed it=  29 lr=9.78e-04 loss_world=2.8916 |∇|=1.76e+02 γ=0.998 T=0.0502
2026-04-28 18:41:47,162 INFO train_distributed it=  39 lr=9.49e-04 loss_world=2.5548 |∇|=1.98e+02 γ=0.995 T=0.0502
2026-04-28 18:42:09,645 INFO train_distributed it=  49 lr=9.10e-04 loss_world=1.9425 |∇|=1.65e+02 γ=0.991 T=0.0502
2026-04-28 18:42:32,113 INFO train_distributed it=  59 lr=8.60e-04 loss_world=9.3539 |∇|=2.32e+03 γ=0.988 T=0.0502
2026-04-28 18:42:54,566 INFO train_distributed it=  69 lr=8.02e-04 loss_world=2.0641 |∇|=7.06e+02 γ=0.985 T=0.0502
2026-04-28 18:43:17,028 INFO train_distributed it=  79 lr=7.38e-04 loss_world=2.3152 |∇|=4.42e+02 γ=0.984 T=0.0502
2026-04-28 18:43:39,489 INFO train_distributed it=  89 lr=6.68e-04 loss_world=2.4863 |∇|=6.34e+02 γ=0.982 T=0.0502
2026-04-28 18:44:01,955 INFO train_distributed it=  99 lr=5.95e-04 loss_world=3.2962 |∇|=2.99e+03 γ=0.981 T=0.0502
2026-04-28 18:44:24,415 INFO train_distributed it= 109 lr=5.20e-04 loss_world=3.0190 |∇|=4.56e+03 γ=0.980 T=0.0502
2026-04-28 18:44:46,871 INFO train_distributed it= 119 lr=4.47e-04 loss_world=1.8342 |∇|=1.18e+04 γ=0.979 T=0.0503
2026-04-28 18:45:09,332 INFO train_distributed it= 129 lr=3.76e-04 loss_world=4.4650 |∇|=3.69e+03 γ=0.978 T=0.0502
2026-04-28 18:45:31,795 INFO train_distributed it= 139 lr=3.10e-04 loss_world=2.4416 |∇|=1.73e+03 γ=0.978 T=0.0502
2026-04-28 18:45:54,250 INFO train_distributed it= 149 lr=2.51e-04 loss_world=2.2771 |∇|=1.85e+03 γ=0.978 T=0.0502
2026-04-28 18:46:16,708 INFO train_distributed it= 159 lr=2.00e-04 loss_world=1.6563 |∇|=4.20e+02 γ=0.978 T=0.0502
2026-04-28 18:46:39,169 INFO train_distributed it= 169 lr=1.58e-04 loss_world=1.1442 |∇|=3.32e+04 γ=0.978 T=0.0502
2026-04-28 18:47:01,631 INFO train_distributed it= 179 lr=1.27e-04 loss_world=11.6368 |∇|=1.19e+04 γ=0.978 T=0.0503
2026-04-28 18:47:24,082 INFO train_distributed it= 189 lr=1.07e-04 loss_world=0.9622 |∇|=6.46e+03 γ=0.978 T=0.0503
2026-04-28 18:47:46,538 INFO train_distributed it= 199 lr=1.00e-04 loss_world=34.4239 |∇|=1.43e+05 γ=0.978 T=0.0503
2026-04-28 18:47:46,543 INFO train_distributed training finished in 450.3s (200 iters, world_size=1)
2026-04-28 18:47:46,543 INFO train_distributed [rank 0] peak HBM: alloc=7.45 GB, reserved=8.04 GB
2026-04-28 18:47:46,546 INFO train_distributed [rank 0] wrote experiments/038_arch_tier_1_2_kernels/results_t12_kernels_seed7/training_log.json
