2026-04-29 17:06:29,994 INFO train_distributed [dist] rank=0 world_size=1 local_rank=0 cuda_available=True
2026-04-29 17:06:30,043 INFO train_distributed loaded 2,841 returns for spx/2015-2026_daily
2026-04-29 17:06:30,053 INFO train_distributed targets: acf_sq=0.342 leverage_sum=-0.790 hill_alpha=2.68
2026-04-29 17:06:32,046 INFO train_distributed EcoMDSimulator built: 41381 parameters (device=cuda:0)
2026-04-29 17:06:35,788 INFO train_distributed it=   0 lr=1.00e-04 loss_world=3.3149 |∇|=1.98e+02 γ=1.000 T=0.0500
2026-04-29 17:06:57,919 INFO train_distributed it=   9 lr=1.00e-03 loss_world=1.5059 |∇|=3.33e+01 γ=0.996 T=0.0501
2026-04-29 17:07:22,500 INFO train_distributed it=  19 lr=9.95e-04 loss_world=2.5214 |∇|=2.28e+02 γ=0.992 T=0.0502
2026-04-29 17:07:47,094 INFO train_distributed it=  29 lr=9.78e-04 loss_world=1.6441 |∇|=1.45e+02 γ=0.990 T=0.0503
2026-04-29 17:08:11,688 INFO train_distributed it=  39 lr=9.49e-04 loss_world=2.2856 |∇|=7.86e+01 γ=0.988 T=0.0504
2026-04-29 17:08:36,276 INFO train_distributed it=  49 lr=9.10e-04 loss_world=1.2920 |∇|=3.76e+02 γ=0.988 T=0.0507
2026-04-29 17:09:00,874 INFO train_distributed it=  59 lr=8.60e-04 loss_world=1.7243 |∇|=2.33e+02 γ=0.988 T=0.0509
2026-04-29 17:09:25,482 INFO train_distributed it=  69 lr=8.02e-04 loss_world=1.1083 |∇|=2.78e+02 γ=0.987 T=0.0511
2026-04-29 17:09:50,093 INFO train_distributed it=  79 lr=7.38e-04 loss_world=1.7663 |∇|=2.48e+02 γ=0.987 T=0.0513
2026-04-29 17:10:14,698 INFO train_distributed it=  89 lr=6.68e-04 loss_world=1.8147 |∇|=4.33e+02 γ=0.986 T=0.0516
2026-04-29 17:10:39,300 INFO train_distributed it=  99 lr=5.95e-04 loss_world=0.9125 |∇|=2.05e+02 γ=0.986 T=0.0517
2026-04-29 17:11:03,903 INFO train_distributed it= 109 lr=5.20e-04 loss_world=1.4865 |∇|=5.02e+02 γ=0.985 T=0.0519
2026-04-29 17:11:28,494 INFO train_distributed it= 119 lr=4.47e-04 loss_world=1.4456 |∇|=4.66e+02 γ=0.985 T=0.0520
2026-04-29 17:11:53,084 INFO train_distributed it= 129 lr=3.76e-04 loss_world=1.4304 |∇|=5.72e+02 γ=0.984 T=0.0522
2026-04-29 17:12:17,677 INFO train_distributed it= 139 lr=3.10e-04 loss_world=0.8732 |∇|=1.80e+02 γ=0.984 T=0.0523
2026-04-29 17:12:42,272 INFO train_distributed it= 149 lr=2.51e-04 loss_world=0.7093 |∇|=7.15e+02 γ=0.984 T=0.0523
2026-04-29 17:13:06,870 INFO train_distributed it= 159 lr=2.00e-04 loss_world=1.4903 |∇|=7.40e+02 γ=0.984 T=0.0524
2026-04-29 17:13:31,463 INFO train_distributed it= 169 lr=1.58e-04 loss_world=1.9578 |∇|=3.82e+02 γ=0.984 T=0.0524
2026-04-29 17:13:56,067 INFO train_distributed it= 179 lr=1.27e-04 loss_world=0.6957 |∇|=6.17e+03 γ=0.984 T=0.0524
2026-04-29 17:14:20,659 INFO train_distributed it= 189 lr=1.07e-04 loss_world=1.5861 |∇|=2.64e+02 γ=0.984 T=0.0524
2026-04-29 17:14:45,260 INFO train_distributed it= 199 lr=1.00e-04 loss_world=1.0572 |∇|=5.01e+02 γ=0.984 T=0.0524
2026-04-29 17:14:45,266 INFO train_distributed training finished in 493.2s (200 iters, world_size=1)
2026-04-29 17:14:45,266 INFO train_distributed [rank 0] peak HBM: alloc=11.50 GB, reserved=11.67 GB
2026-04-29 17:14:45,269 INFO train_distributed [rank 0] wrote experiments/047_arch_tier_4_2_dyngraph/results_t42_dyngraph_no_u_seed7/training_log.json
