2026-04-29 11:52:21,532 INFO train_distributed [dist] rank=0 world_size=1 local_rank=0 cuda_available=True
2026-04-29 11:52:21,574 INFO train_distributed loaded 2,841 returns for spx/2015-2026_daily
2026-04-29 11:52:21,582 INFO train_distributed targets: acf_sq=0.342 leverage_sum=-0.790 hill_alpha=2.68
2026-04-29 11:52:23,436 INFO train_distributed EcoMDSimulator built: 40997 parameters (device=cuda:0)
2026-04-29 11:52:26,148 INFO train_distributed it=   0 lr=1.00e-04 loss_world=19.6555 |∇|=2.61e+03 γ=1.000 T=0.0500
2026-04-29 11:52:38,783 INFO train_distributed it=   9 lr=1.00e-03 loss_world=1.2602 |∇|=6.24e+01 γ=0.997 T=0.0501
2026-04-29 11:52:52,925 INFO train_distributed it=  19 lr=9.95e-04 loss_world=1.2846 |∇|=3.39e+03 γ=0.994 T=0.0504
2026-04-29 11:53:07,094 INFO train_distributed it=  29 lr=9.78e-04 loss_world=3.2003 |∇|=6.95e+02 γ=0.991 T=0.0506
2026-04-29 11:53:21,260 INFO train_distributed it=  39 lr=9.49e-04 loss_world=8.9207 |∇|=1.05e+03 γ=0.992 T=0.0507
2026-04-29 11:53:35,418 INFO train_distributed it=  49 lr=9.10e-04 loss_world=2.3713 |∇|=3.23e+02 γ=0.993 T=0.0508
2026-04-29 11:53:49,580 INFO train_distributed it=  59 lr=8.60e-04 loss_world=1.4142 |∇|=8.81e+01 γ=0.992 T=0.0507
2026-04-29 11:54:03,741 INFO train_distributed it=  69 lr=8.02e-04 loss_world=1.4760 |∇|=7.33e+01 γ=0.991 T=0.0507
2026-04-29 11:54:17,899 INFO train_distributed it=  79 lr=7.38e-04 loss_world=8.8432 |∇|=2.42e+03 γ=0.990 T=0.0507
2026-04-29 11:54:32,057 INFO train_distributed it=  89 lr=6.68e-04 loss_world=1.4001 |∇|=5.52e+01 γ=0.990 T=0.0506
2026-04-29 11:54:46,206 INFO train_distributed it=  99 lr=5.95e-04 loss_world=1.0055 |∇|=3.31e+01 γ=0.990 T=0.0506
2026-04-29 11:55:00,358 INFO train_distributed it= 109 lr=5.20e-04 loss_world=1.1079 |∇|=3.46e+01 γ=0.990 T=0.0507
2026-04-29 11:55:14,510 INFO train_distributed it= 119 lr=4.47e-04 loss_world=0.9957 |∇|=4.33e+01 γ=0.990 T=0.0506
2026-04-29 11:55:28,666 INFO train_distributed it= 129 lr=3.76e-04 loss_world=1.0593 |∇|=3.36e+01 γ=0.990 T=0.0506
2026-04-29 11:55:42,835 INFO train_distributed it= 139 lr=3.10e-04 loss_world=1.0190 |∇|=3.53e+01 γ=0.990 T=0.0506
2026-04-29 11:55:56,995 INFO train_distributed it= 149 lr=2.51e-04 loss_world=1.0773 |∇|=3.06e+01 γ=0.990 T=0.0506
2026-04-29 11:56:11,153 INFO train_distributed it= 159 lr=2.00e-04 loss_world=1.1114 |∇|=3.43e+01 γ=0.990 T=0.0506
2026-04-29 11:56:25,307 INFO train_distributed it= 169 lr=1.58e-04 loss_world=1.0871 |∇|=3.13e+01 γ=0.990 T=0.0506
2026-04-29 11:56:39,466 INFO train_distributed it= 179 lr=1.27e-04 loss_world=1.0564 |∇|=3.24e+01 γ=0.990 T=0.0506
2026-04-29 11:56:53,624 INFO train_distributed it= 189 lr=1.07e-04 loss_world=1.0099 |∇|=3.23e+01 γ=0.990 T=0.0506
2026-04-29 11:57:07,784 INFO train_distributed it= 199 lr=1.00e-04 loss_world=1.0125 |∇|=3.66e+01 γ=0.990 T=0.0506
2026-04-29 11:57:07,789 INFO train_distributed training finished in 284.4s (200 iters, world_size=1)
2026-04-29 11:57:07,789 INFO train_distributed [rank 0] peak HBM: alloc=9.15 GB, reserved=9.70 GB
2026-04-29 11:57:07,792 INFO train_distributed [rank 0] wrote experiments/047_arch_tier_4_2_dyngraph/results_t42_dyngraph_no_u_seed7/training_log.json
