2026-04-28 18:08:21,748 INFO train_distributed [dist] rank=0 world_size=1 local_rank=0 cuda_available=True
2026-04-28 18:08:21,794 INFO train_distributed loaded 2,841 returns for spx/2015-2026_daily
2026-04-28 18:08:21,801 INFO train_distributed targets: acf_sq=0.342 leverage_sum=-0.790 hill_alpha=2.68
2026-04-28 18:08:26,346 INFO train_distributed EcoMDSimulator built: 34408 parameters (device=cuda:0)
2026-04-28 18:08:28,746 INFO train_distributed it=   0 lr=1.00e-04 loss_world=6.4378 |∇|=2.88e+03 γ=1.000 T=0.0500
2026-04-28 18:08:38,724 INFO train_distributed it=   9 lr=1.00e-03 loss_world=1.6707 |∇|=3.65e+02 γ=0.998 T=0.0500
2026-04-28 18:08:49,921 INFO train_distributed it=  19 lr=9.95e-04 loss_world=5.1358 |∇|=1.04e+03 γ=0.994 T=0.0499
2026-04-28 18:09:01,140 INFO train_distributed it=  29 lr=9.78e-04 loss_world=7.9257 |∇|=1.03e+03 γ=0.990 T=0.0500
2026-04-28 18:09:12,349 INFO train_distributed it=  39 lr=9.49e-04 loss_world=1.4801 |∇|=7.77e+01 γ=0.986 T=0.0500
2026-04-28 18:09:23,541 INFO train_distributed it=  49 lr=9.10e-04 loss_world=8.7977 |∇|=1.28e+03 γ=0.985 T=0.0500
2026-04-28 18:09:34,727 INFO train_distributed it=  59 lr=8.60e-04 loss_world=2.2792 |∇|=1.09e+03 γ=0.983 T=0.0501
2026-04-28 18:09:45,913 INFO train_distributed it=  69 lr=8.02e-04 loss_world=1.5870 |∇|=1.43e+02 γ=0.985 T=0.0501
2026-04-28 18:09:57,097 INFO train_distributed it=  79 lr=7.38e-04 loss_world=1.0483 |∇|=2.03e+02 γ=0.986 T=0.0501
2026-04-28 18:10:08,287 INFO train_distributed it=  89 lr=6.68e-04 loss_world=1.0715 |∇|=7.32e+01 γ=0.988 T=0.0501
2026-04-28 18:10:19,471 INFO train_distributed it=  99 lr=5.95e-04 loss_world=3.4368 |∇|=7.67e+02 γ=0.990 T=0.0501
2026-04-28 18:10:30,676 INFO train_distributed it= 109 lr=5.20e-04 loss_world=1.0822 |∇|=1.83e+02 γ=0.992 T=0.0501
2026-04-28 18:10:41,862 INFO train_distributed it= 119 lr=4.47e-04 loss_world=6.9665 |∇|=1.70e+03 γ=0.993 T=0.0501
2026-04-28 18:10:53,038 INFO train_distributed it= 129 lr=3.76e-04 loss_world=1.0636 |∇|=1.84e+02 γ=0.994 T=0.0501
2026-04-28 18:11:04,224 INFO train_distributed it= 139 lr=3.10e-04 loss_world=1.0218 |∇|=8.84e+01 γ=0.994 T=0.0501
2026-04-28 18:11:15,413 INFO train_distributed it= 149 lr=2.51e-04 loss_world=1.1022 |∇|=1.99e+02 γ=0.994 T=0.0501
2026-04-28 18:11:26,601 INFO train_distributed it= 159 lr=2.00e-04 loss_world=3.0875 |∇|=1.12e+03 γ=0.995 T=0.0501
2026-04-28 18:11:37,784 INFO train_distributed it= 169 lr=1.58e-04 loss_world=1.3359 |∇|=1.32e+02 γ=0.996 T=0.0501
2026-04-28 18:11:48,973 INFO train_distributed it= 179 lr=1.27e-04 loss_world=1.0939 |∇|=4.48e+02 γ=0.996 T=0.0501
2026-04-28 18:12:00,159 INFO train_distributed it= 189 lr=1.07e-04 loss_world=1.1771 |∇|=1.17e+02 γ=0.996 T=0.0501
2026-04-28 18:12:11,356 INFO train_distributed it= 199 lr=1.00e-04 loss_world=1.1004 |∇|=7.92e+01 γ=0.996 T=0.0501
2026-04-28 18:12:11,362 INFO train_distributed training finished in 225.0s (200 iters, world_size=1)
2026-04-28 18:12:11,362 INFO train_distributed [rank 0] peak HBM: alloc=7.10 GB, reserved=7.69 GB
2026-04-28 18:12:11,365 INFO train_distributed [rank 0] wrote experiments/037_arch_tier_1_1_memory/results_t11_memory_seed2/training_log.json
