2026-04-29 11:16:05,500 INFO train_distributed [dist] rank=0 world_size=1 local_rank=0 cuda_available=True
2026-04-29 11:16:05,547 INFO train_distributed loaded 2,841 returns for spx/2015-2026_daily
2026-04-29 11:16:05,556 INFO train_distributed targets: acf_sq=0.342 leverage_sum=-0.790 hill_alpha=2.68
2026-04-29 11:16:06,243 INFO train_distributed EcoMDSimulator built: 34780 parameters (device=cuda:0)
2026-04-29 11:16:08,629 INFO train_distributed it=   0 lr=1.00e-04 loss_world=19.0260 |∇|=9.18e+02 γ=1.000 T=0.0500
2026-04-29 11:16:18,596 INFO train_distributed it=   9 lr=1.00e-03 loss_world=13.5830 |∇|=5.81e+02 γ=0.995 T=0.0498
2026-04-29 11:16:29,765 INFO train_distributed it=  19 lr=9.95e-04 loss_world=1.1287 |∇|=7.88e+02 γ=0.989 T=0.0496
2026-04-29 11:16:40,927 INFO train_distributed it=  29 lr=9.78e-04 loss_world=1.9035 |∇|=1.49e+02 γ=0.986 T=0.0496
2026-04-29 11:16:52,084 INFO train_distributed it=  39 lr=9.49e-04 loss_world=1.1728 |∇|=1.87e+02 γ=0.984 T=0.0496
2026-04-29 11:17:03,247 INFO train_distributed it=  49 lr=9.10e-04 loss_world=10.8515 |∇|=4.65e+03 γ=0.983 T=0.0496
2026-04-29 11:17:14,407 INFO train_distributed it=  59 lr=8.60e-04 loss_world=2.9715 |∇|=4.42e+03 γ=0.982 T=0.0496
2026-04-29 11:17:25,568 INFO train_distributed it=  69 lr=8.02e-04 loss_world=1.2207 |∇|=5.39e+02 γ=0.982 T=0.0495
2026-04-29 11:17:36,730 INFO train_distributed it=  79 lr=7.38e-04 loss_world=1.5181 |∇|=7.32e+02 γ=0.982 T=0.0495
2026-04-29 11:17:47,887 INFO train_distributed it=  89 lr=6.68e-04 loss_world=15.3438 |∇|=4.52e+03 γ=0.983 T=0.0495
2026-04-29 11:17:59,047 INFO train_distributed it=  99 lr=5.95e-04 loss_world=9.3876 |∇|=2.55e+03 γ=0.982 T=0.0495
2026-04-29 11:18:10,210 INFO train_distributed it= 109 lr=5.20e-04 loss_world=18.6630 |∇|=3.94e+03 γ=0.983 T=0.0495
2026-04-29 11:18:21,367 INFO train_distributed it= 119 lr=4.47e-04 loss_world=3.2234 |∇|=1.98e+03 γ=0.983 T=0.0495
2026-04-29 11:18:32,524 INFO train_distributed it= 129 lr=3.76e-04 loss_world=5.9688 |∇|=7.33e+02 γ=0.984 T=0.0495
2026-04-29 11:18:43,677 INFO train_distributed it= 139 lr=3.10e-04 loss_world=1.0845 |∇|=2.54e+02 γ=0.984 T=0.0495
2026-04-29 11:18:54,837 INFO train_distributed it= 149 lr=2.51e-04 loss_world=1.0620 |∇|=1.23e+02 γ=0.984 T=0.0495
2026-04-29 11:19:06,004 INFO train_distributed it= 159 lr=2.00e-04 loss_world=0.9837 |∇|=8.03e+01 γ=0.984 T=0.0495
2026-04-29 11:19:17,179 INFO train_distributed it= 169 lr=1.58e-04 loss_world=1.2905 |∇|=1.00e+02 γ=0.984 T=0.0495
2026-04-29 11:19:28,339 INFO train_distributed it= 179 lr=1.27e-04 loss_world=1.0275 |∇|=1.09e+02 γ=0.984 T=0.0495
2026-04-29 11:19:39,500 INFO train_distributed it= 189 lr=1.07e-04 loss_world=1.4901 |∇|=3.43e+02 γ=0.984 T=0.0495
2026-04-29 11:19:50,661 INFO train_distributed it= 199 lr=1.00e-04 loss_world=4.2567 |∇|=3.90e+03 γ=0.984 T=0.0495
2026-04-29 11:19:50,669 INFO train_distributed training finished in 224.4s (200 iters, world_size=1)
2026-04-29 11:19:50,669 INFO train_distributed [rank 0] peak HBM: alloc=7.09 GB, reserved=7.68 GB
2026-04-29 11:19:50,674 INFO train_distributed [rank 0] wrote experiments/045_arch_tier_4_1_megnet/results_t41_megnet_ext_only_seed7/training_log.json
