2026-04-28 18:40:14,097 INFO train_distributed [dist] rank=0 world_size=1 local_rank=0 cuda_available=True
2026-04-28 18:40:14,143 INFO train_distributed loaded 2,841 returns for spx/2015-2026_daily
2026-04-28 18:40:14,150 INFO train_distributed targets: acf_sq=0.342 leverage_sum=-0.790 hill_alpha=2.68
2026-04-28 18:40:16,132 INFO train_distributed EcoMDSimulator built: 33043 parameters (device=cuda:0)
2026-04-28 18:40:19,638 INFO train_distributed it=   0 lr=1.00e-04 loss_world=13.1966 |∇|=6.92e+03 γ=1.000 T=0.0500
2026-04-28 18:40:39,680 INFO train_distributed it=   9 lr=1.00e-03 loss_world=2.6353 |∇|=1.38e+02 γ=0.999 T=0.0499
2026-04-28 18:41:02,065 INFO train_distributed it=  19 lr=9.95e-04 loss_world=2.7795 |∇|=1.84e+02 γ=0.996 T=0.0499
2026-04-28 18:41:24,537 INFO train_distributed it=  29 lr=9.78e-04 loss_world=2.3673 |∇|=1.06e+02 γ=0.994 T=0.0499
2026-04-28 18:41:47,010 INFO train_distributed it=  39 lr=9.49e-04 loss_world=1.9916 |∇|=1.12e+02 γ=0.992 T=0.0499
2026-04-28 18:42:09,483 INFO train_distributed it=  49 lr=9.10e-04 loss_world=2.1344 |∇|=1.14e+02 γ=0.990 T=0.0499
2026-04-28 18:42:31,939 INFO train_distributed it=  59 lr=8.60e-04 loss_world=2.6131 |∇|=2.39e+02 γ=0.988 T=0.0499
2026-04-28 18:42:54,390 INFO train_distributed it=  69 lr=8.02e-04 loss_world=8.1348 |∇|=3.54e+03 γ=0.987 T=0.0499
2026-04-28 18:43:16,840 INFO train_distributed it=  79 lr=7.38e-04 loss_world=2.3120 |∇|=2.53e+02 γ=0.985 T=0.0500
2026-04-28 18:43:39,288 INFO train_distributed it=  89 lr=6.68e-04 loss_world=6.4381 |∇|=6.83e+03 γ=0.984 T=0.0500
2026-04-28 18:44:01,729 INFO train_distributed it=  99 lr=5.95e-04 loss_world=2.2453 |∇|=2.94e+02 γ=0.983 T=0.0500
2026-04-28 18:44:24,174 INFO train_distributed it= 109 lr=5.20e-04 loss_world=2.1178 |∇|=4.20e+02 γ=0.983 T=0.0500
2026-04-28 18:44:46,614 INFO train_distributed it= 119 lr=4.47e-04 loss_world=6.9183 |∇|=6.02e+03 γ=0.982 T=0.0500
2026-04-28 18:45:09,060 INFO train_distributed it= 129 lr=3.76e-04 loss_world=2.4048 |∇|=4.55e+02 γ=0.981 T=0.0500
2026-04-28 18:45:31,506 INFO train_distributed it= 139 lr=3.10e-04 loss_world=3.1375 |∇|=4.75e+03 γ=0.981 T=0.0500
2026-04-28 18:45:53,949 INFO train_distributed it= 149 lr=2.51e-04 loss_world=9.3048 |∇|=7.65e+03 γ=0.981 T=0.0500
2026-04-28 18:46:16,403 INFO train_distributed it= 159 lr=2.00e-04 loss_world=2.7470 |∇|=1.33e+03 γ=0.980 T=0.0500
2026-04-28 18:46:38,845 INFO train_distributed it= 169 lr=1.58e-04 loss_world=6.8428 |∇|=1.12e+04 γ=0.980 T=0.0500
2026-04-28 18:47:01,281 INFO train_distributed it= 179 lr=1.27e-04 loss_world=2.3118 |∇|=7.99e+02 γ=0.980 T=0.0500
2026-04-28 18:47:23,721 INFO train_distributed it= 189 lr=1.07e-04 loss_world=5.7314 |∇|=8.27e+03 γ=0.980 T=0.0500
2026-04-28 18:47:46,160 INFO train_distributed it= 199 lr=1.00e-04 loss_world=4.8377 |∇|=4.15e+03 γ=0.980 T=0.0500
2026-04-28 18:47:46,166 INFO train_distributed training finished in 450.0s (200 iters, world_size=1)
2026-04-28 18:47:46,166 INFO train_distributed [rank 0] peak HBM: alloc=7.45 GB, reserved=8.04 GB
2026-04-28 18:47:46,169 INFO train_distributed [rank 0] wrote experiments/038_arch_tier_1_2_kernels/results_t12_kernels_seed6/training_log.json
