2026-04-29 11:19:58,229 INFO train_distributed [dist] rank=0 world_size=1 local_rank=0 cuda_available=True
2026-04-29 11:19:58,271 INFO train_distributed loaded 2,841 returns for spx/2015-2026_daily
2026-04-29 11:19:58,279 INFO train_distributed targets: acf_sq=0.342 leverage_sum=-0.790 hill_alpha=2.68
2026-04-29 11:19:59,757 INFO train_distributed EcoMDSimulator built: 36316 parameters (device=cuda:0)
2026-04-29 11:20:02,184 INFO train_distributed it=   0 lr=1.00e-04 loss_world=17.7597 |∇|=1.08e+04 γ=1.000 T=0.0500
2026-04-29 11:20:12,657 INFO train_distributed it=   9 lr=1.00e-03 loss_world=0.9582 |∇|=3.84e+03 γ=1.000 T=0.0501
2026-04-29 11:20:24,346 INFO train_distributed it=  19 lr=9.95e-04 loss_world=2.2368 |∇|=1.45e+02 γ=0.995 T=0.0502
2026-04-29 11:20:36,038 INFO train_distributed it=  29 lr=9.78e-04 loss_world=1.0694 |∇|=2.91e+02 γ=0.991 T=0.0502
2026-04-29 11:20:47,713 INFO train_distributed it=  39 lr=9.49e-04 loss_world=1.4849 |∇|=6.61e+01 γ=0.989 T=0.0503
2026-04-29 11:20:59,382 INFO train_distributed it=  49 lr=9.10e-04 loss_world=9.4761 |∇|=9.98e+02 γ=0.986 T=0.0503
2026-04-29 11:21:11,040 INFO train_distributed it=  59 lr=8.60e-04 loss_world=1.2255 |∇|=7.18e+02 γ=0.985 T=0.0502
2026-04-29 11:21:22,698 INFO train_distributed it=  69 lr=8.02e-04 loss_world=0.9685 |∇|=1.19e+03 γ=0.985 T=0.0501
2026-04-29 11:21:34,348 INFO train_distributed it=  79 lr=7.38e-04 loss_world=1.1582 |∇|=2.62e+02 γ=0.986 T=0.0501
2026-04-29 11:21:46,004 INFO train_distributed it=  89 lr=6.68e-04 loss_world=2.7659 |∇|=7.59e+02 γ=0.988 T=0.0500
2026-04-29 11:21:57,656 INFO train_distributed it=  99 lr=5.95e-04 loss_world=1.6477 |∇|=2.93e+02 γ=0.990 T=0.0501
2026-04-29 11:22:09,319 INFO train_distributed it= 109 lr=5.20e-04 loss_world=1.6181 |∇|=7.82e+02 γ=0.990 T=0.0501
2026-04-29 11:22:20,991 INFO train_distributed it= 119 lr=4.47e-04 loss_world=5.6766 |∇|=4.28e+03 γ=0.991 T=0.0501
2026-04-29 11:22:32,647 INFO train_distributed it= 129 lr=3.76e-04 loss_world=1.0289 |∇|=4.85e+02 γ=0.991 T=0.0501
2026-04-29 11:22:44,307 INFO train_distributed it= 139 lr=3.10e-04 loss_world=1.2434 |∇|=2.75e+02 γ=0.991 T=0.0501
2026-04-29 11:22:55,975 INFO train_distributed it= 149 lr=2.51e-04 loss_world=4.1640 |∇|=3.05e+03 γ=0.991 T=0.0502
2026-04-29 11:23:07,636 INFO train_distributed it= 159 lr=2.00e-04 loss_world=1.3064 |∇|=1.77e+02 γ=0.991 T=0.0502
2026-04-29 11:23:19,293 INFO train_distributed it= 169 lr=1.58e-04 loss_world=1.2632 |∇|=3.43e+02 γ=0.991 T=0.0502
2026-04-29 11:23:30,947 INFO train_distributed it= 179 lr=1.27e-04 loss_world=0.9949 |∇|=4.56e+03 γ=0.991 T=0.0502
2026-04-29 11:23:42,611 INFO train_distributed it= 189 lr=1.07e-04 loss_world=0.9683 |∇|=6.55e+02 γ=0.991 T=0.0502
2026-04-29 11:23:54,292 INFO train_distributed it= 199 lr=1.00e-04 loss_world=1.1759 |∇|=9.03e+02 γ=0.991 T=0.0502
2026-04-29 11:23:54,298 INFO train_distributed training finished in 234.5s (200 iters, world_size=1)
2026-04-29 11:23:54,298 INFO train_distributed [rank 0] peak HBM: alloc=7.24 GB, reserved=8.05 GB
2026-04-29 11:23:54,301 INFO train_distributed [rank 0] wrote experiments/045_arch_tier_4_1_megnet/results_t41_megnet_seed2/training_log.json
