2026-04-28 18:22:24,586 INFO train_distributed [dist] rank=0 world_size=1 local_rank=0 cuda_available=True
2026-04-28 18:22:24,630 INFO train_distributed loaded 2,841 returns for spx/2015-2026_daily
2026-04-28 18:22:24,637 INFO train_distributed targets: acf_sq=0.342 leverage_sum=-0.790 hill_alpha=2.68
2026-04-28 18:22:26,530 INFO train_distributed EcoMDSimulator built: 31588 parameters (device=cuda:0)
2026-04-28 18:22:28,910 INFO train_distributed it=   0 lr=1.00e-04 loss_world=13.9541 |∇|=6.60e+02 γ=1.000 T=0.0500
2026-04-28 18:22:38,773 INFO train_distributed it=   9 lr=1.00e-03 loss_world=1.9266 |∇|=6.93e+01 γ=0.995 T=0.0500
2026-04-28 18:22:49,804 INFO train_distributed it=  19 lr=9.95e-04 loss_world=2.2777 |∇|=5.72e+01 γ=0.989 T=0.0499
2026-04-28 18:23:00,840 INFO train_distributed it=  29 lr=9.78e-04 loss_world=5.2509 |∇|=1.33e+03 γ=0.985 T=0.0499
2026-04-28 18:23:11,866 INFO train_distributed it=  39 lr=9.49e-04 loss_world=2.4651 |∇|=1.56e+02 γ=0.980 T=0.0499
2026-04-28 18:23:22,863 INFO train_distributed it=  49 lr=9.10e-04 loss_world=1.7497 |∇|=1.30e+02 γ=0.974 T=0.0498
2026-04-28 18:23:33,854 INFO train_distributed it=  59 lr=8.60e-04 loss_world=0.9784 |∇|=7.43e+01 γ=0.972 T=0.0498
2026-04-28 18:23:44,836 INFO train_distributed it=  69 lr=8.02e-04 loss_world=2.0129 |∇|=2.48e+02 γ=0.970 T=0.0497
2026-04-28 18:23:55,812 INFO train_distributed it=  79 lr=7.38e-04 loss_world=8.8174 |∇|=2.38e+03 γ=0.970 T=0.0497
2026-04-28 18:24:06,789 INFO train_distributed it=  89 lr=6.68e-04 loss_world=2.0709 |∇|=1.03e+03 γ=0.970 T=0.0495
2026-04-28 18:24:17,754 INFO train_distributed it=  99 lr=5.95e-04 loss_world=1.5802 |∇|=3.14e+02 γ=0.969 T=0.0495
2026-04-28 18:24:28,723 INFO train_distributed it= 109 lr=5.20e-04 loss_world=1.1768 |∇|=1.85e+02 γ=0.970 T=0.0495
2026-04-28 18:24:39,692 INFO train_distributed it= 119 lr=4.47e-04 loss_world=2.8233 |∇|=2.05e+03 γ=0.971 T=0.0495
2026-04-28 18:24:50,645 INFO train_distributed it= 129 lr=3.76e-04 loss_world=7.7018 |∇|=1.84e+03 γ=0.971 T=0.0494
2026-04-28 18:25:01,607 INFO train_distributed it= 139 lr=3.10e-04 loss_world=1.0320 |∇|=1.72e+02 γ=0.972 T=0.0494
2026-04-28 18:25:12,578 INFO train_distributed it= 149 lr=2.51e-04 loss_world=7.6719 |∇|=2.34e+03 γ=0.972 T=0.0494
2026-04-28 18:25:23,544 INFO train_distributed it= 159 lr=2.00e-04 loss_world=1.0242 |∇|=5.47e+02 γ=0.972 T=0.0494
2026-04-28 18:25:34,516 INFO train_distributed it= 169 lr=1.58e-04 loss_world=1.5635 |∇|=5.95e+02 γ=0.972 T=0.0494
2026-04-28 18:25:45,484 INFO train_distributed it= 179 lr=1.27e-04 loss_world=1.2464 |∇|=8.87e+02 γ=0.972 T=0.0494
2026-04-28 18:25:56,451 INFO train_distributed it= 189 lr=1.07e-04 loss_world=1.1879 |∇|=2.16e+02 γ=0.972 T=0.0494
2026-04-28 18:26:07,425 INFO train_distributed it= 199 lr=1.00e-04 loss_world=1.3201 |∇|=3.51e+02 γ=0.972 T=0.0494
2026-04-28 18:26:07,430 INFO train_distributed training finished in 220.9s (200 iters, world_size=1)
2026-04-28 18:26:07,430 INFO train_distributed [rank 0] peak HBM: alloc=7.09 GB, reserved=7.68 GB
2026-04-28 18:26:07,434 INFO train_distributed [rank 0] wrote experiments/040_arch_tier_2_1_jumps/results_t21_jumps_seed0/training_log.json
