2026-04-28 18:47:49,971 INFO train_distributed [dist] rank=0 world_size=1 local_rank=0 cuda_available=True
2026-04-28 18:47:50,014 INFO train_distributed loaded 2,841 returns for spx/2015-2026_daily
2026-04-28 18:47:50,022 INFO train_distributed targets: acf_sq=0.342 leverage_sum=-0.790 hill_alpha=2.68
2026-04-28 18:47:50,811 INFO train_distributed EcoMDSimulator built: 33043 parameters (device=cuda:0)
2026-04-28 18:47:54,267 INFO train_distributed it=   0 lr=1.00e-04 loss_world=54.3369 |∇|=2.80e+04 γ=1.000 T=0.0500
2026-04-28 18:48:14,342 INFO train_distributed it=   9 lr=1.00e-03 loss_world=15.6445 |∇|=1.59e+03 γ=1.004 T=0.0499
2026-04-28 18:48:36,755 INFO train_distributed it=  19 lr=9.95e-04 loss_world=4.8652 |∇|=5.14e+02 γ=1.002 T=0.0499
2026-04-28 18:48:59,231 INFO train_distributed it=  29 lr=9.78e-04 loss_world=2.8616 |∇|=1.11e+03 γ=0.998 T=0.0499
2026-04-28 18:49:21,718 INFO train_distributed it=  39 lr=9.49e-04 loss_world=2.2152 |∇|=3.26e+02 γ=0.995 T=0.0499
2026-04-28 18:49:44,205 INFO train_distributed it=  49 lr=9.10e-04 loss_world=1.9848 |∇|=1.83e+02 γ=0.993 T=0.0499
2026-04-28 18:50:06,689 INFO train_distributed it=  59 lr=8.60e-04 loss_world=2.3541 |∇|=1.58e+02 γ=0.991 T=0.0500
2026-04-28 18:50:29,170 INFO train_distributed it=  69 lr=8.02e-04 loss_world=2.2418 |∇|=2.73e+02 γ=0.990 T=0.0500
2026-04-28 18:50:51,650 INFO train_distributed it=  79 lr=7.38e-04 loss_world=1.9706 |∇|=5.01e+02 γ=0.989 T=0.0499
2026-04-28 18:51:14,139 INFO train_distributed it=  89 lr=6.68e-04 loss_world=2.7255 |∇|=1.92e+02 γ=0.988 T=0.0499
2026-04-28 18:51:36,617 INFO train_distributed it=  99 lr=5.95e-04 loss_world=4.0421 |∇|=1.38e+04 γ=0.987 T=0.0499
2026-04-28 18:51:59,096 INFO train_distributed it= 109 lr=5.20e-04 loss_world=2.4032 |∇|=1.64e+03 γ=0.987 T=0.0499
2026-04-28 18:52:21,575 INFO train_distributed it= 119 lr=4.47e-04 loss_world=6.8663 |∇|=3.75e+03 γ=0.987 T=0.0500
2026-04-28 18:52:44,048 INFO train_distributed it= 129 lr=3.76e-04 loss_world=6.8746 |∇|=2.97e+03 γ=0.989 T=0.0501
2026-04-28 18:53:06,528 INFO train_distributed it= 139 lr=3.10e-04 loss_world=19.4495 |∇|=3.36e+03 γ=0.990 T=0.0502
2026-04-28 18:53:28,995 INFO train_distributed it= 149 lr=2.51e-04 loss_world=5.3917 |∇|=3.18e+03 γ=0.990 T=0.0503
2026-04-28 18:53:51,461 INFO train_distributed it= 159 lr=2.00e-04 loss_world=2.1024 |∇|=8.77e+02 γ=0.990 T=0.0503
2026-04-28 18:54:13,936 INFO train_distributed it= 169 lr=1.58e-04 loss_world=8.3969 |∇|=8.76e+03 γ=0.990 T=0.0503
2026-04-28 18:54:36,410 INFO train_distributed it= 179 lr=1.27e-04 loss_world=19.8833 |∇|=3.71e+04 γ=0.990 T=0.0504
2026-04-28 18:54:58,880 INFO train_distributed it= 189 lr=1.07e-04 loss_world=1.9721 |∇|=2.14e+03 γ=0.990 T=0.0504
2026-04-28 18:55:21,345 INFO train_distributed it= 199 lr=1.00e-04 loss_world=6.2533 |∇|=8.72e+03 γ=0.990 T=0.0504
2026-04-28 18:55:21,350 INFO train_distributed training finished in 450.5s (200 iters, world_size=1)
2026-04-28 18:55:21,350 INFO train_distributed [rank 0] peak HBM: alloc=7.45 GB, reserved=8.04 GB
2026-04-28 18:55:21,353 INFO train_distributed [rank 0] wrote experiments/038_arch_tier_1_2_kernels/results_t12_kernels_seed8/training_log.json
