2026-04-29 11:52:19,624 INFO train_distributed [dist] rank=0 world_size=1 local_rank=0 cuda_available=True
2026-04-29 11:52:19,669 INFO train_distributed loaded 2,841 returns for spx/2015-2026_daily
2026-04-29 11:52:19,677 INFO train_distributed targets: acf_sq=0.342 leverage_sum=-0.790 hill_alpha=2.68
2026-04-29 11:52:23,436 INFO train_distributed EcoMDSimulator built: 40997 parameters (device=cuda:0)
2026-04-29 11:52:26,177 INFO train_distributed it=   0 lr=1.00e-04 loss_world=78.6177 |∇|=1.01e+05 γ=1.000 T=0.0500
2026-04-29 11:52:39,076 INFO train_distributed it=   9 lr=1.00e-03 loss_world=8.0639 |∇|=9.14e+02 γ=1.000 T=0.0500
2026-04-29 11:52:53,443 INFO train_distributed it=  19 lr=9.95e-04 loss_world=84.9868 |∇|=4.12e+04 γ=0.998 T=0.0498
2026-04-29 11:53:07,790 INFO train_distributed it=  29 lr=9.78e-04 loss_world=6.0720 |∇|=1.64e+03 γ=1.001 T=0.0498
2026-04-29 11:53:22,111 INFO train_distributed it=  39 lr=9.49e-04 loss_world=3.6463 |∇|=9.57e+02 γ=1.003 T=0.0498
2026-04-29 11:53:36,428 INFO train_distributed it=  49 lr=9.10e-04 loss_world=4.4069 |∇|=1.18e+03 γ=1.006 T=0.0498
2026-04-29 11:53:50,742 INFO train_distributed it=  59 lr=8.60e-04 loss_world=2.2479 |∇|=3.61e+02 γ=1.008 T=0.0498
2026-04-29 11:54:05,071 INFO train_distributed it=  69 lr=8.02e-04 loss_world=217.5459 |∇|=3.90e+05 γ=1.008 T=0.0498
2026-04-29 11:54:19,338 INFO train_distributed it=  79 lr=7.38e-04 loss_world=91.6714 |∇|=3.08e+05 γ=1.009 T=0.0497
2026-04-29 11:54:33,611 INFO train_distributed it=  89 lr=6.68e-04 loss_world=2.7902 |∇|=1.47e+02 γ=1.010 T=0.0497
2026-04-29 11:54:47,888 INFO train_distributed it=  99 lr=5.95e-04 loss_world=5.5391 |∇|=5.15e+03 γ=1.011 T=0.0498
2026-04-29 11:55:02,164 INFO train_distributed it= 109 lr=5.20e-04 loss_world=22.0903 |∇|=1.18e+05 γ=1.011 T=0.0498
2026-04-29 11:55:16,422 INFO train_distributed it= 119 lr=4.47e-04 loss_world=0.9201 |∇|=6.39e+03 γ=1.011 T=0.0498
2026-04-29 11:55:30,711 INFO train_distributed it= 129 lr=3.76e-04 loss_world=21.9237 |∇|=1.09e+06 γ=1.011 T=0.0498
2026-04-29 11:55:45,012 INFO train_distributed it= 139 lr=3.10e-04 loss_world=5.9800 |∇|=3.13e+04 γ=1.011 T=0.0498
2026-04-29 11:55:59,299 INFO train_distributed it= 149 lr=2.51e-04 loss_world=11.5335 |∇|=9.03e+04 γ=1.011 T=0.0498
2026-04-29 11:56:13,576 INFO train_distributed it= 159 lr=2.00e-04 loss_world=10.1948 |∇|=8.56e+04 γ=1.011 T=0.0498
2026-04-29 11:56:27,867 INFO train_distributed it= 169 lr=1.58e-04 loss_world=18.6903 |∇|=2.75e+05 γ=1.011 T=0.0498
2026-04-29 11:56:42,168 INFO train_distributed it= 179 lr=1.27e-04 loss_world=2.5572 |∇|=6.42e+03 γ=1.011 T=0.0498
2026-04-29 11:56:56,488 INFO train_distributed it= 189 lr=1.07e-04 loss_world=5.5142 |∇|=6.67e+04 γ=1.011 T=0.0498
2026-04-29 11:57:10,809 INFO train_distributed it= 199 lr=1.00e-04 loss_world=1.0248 |∇|=1.86e+04 γ=1.011 T=0.0498
2026-04-29 11:57:10,815 INFO train_distributed training finished in 287.4s (200 iters, world_size=1)
2026-04-29 11:57:10,815 INFO train_distributed [rank 0] peak HBM: alloc=9.15 GB, reserved=9.70 GB
2026-04-29 11:57:10,818 INFO train_distributed [rank 0] wrote experiments/047_arch_tier_4_2_dyngraph/results_t42_dyngraph_no_u_seed1/training_log.json
