2026-04-29 17:06:29,615 INFO train_distributed [dist] rank=0 world_size=1 local_rank=0 cuda_available=True
2026-04-29 17:06:29,662 INFO train_distributed loaded 2,841 returns for spx/2015-2026_daily
2026-04-29 17:06:29,670 INFO train_distributed targets: acf_sq=0.342 leverage_sum=-0.790 hill_alpha=2.68
2026-04-29 17:06:32,067 INFO train_distributed EcoMDSimulator built: 41381 parameters (device=cuda:0)
2026-04-29 17:06:35,816 INFO train_distributed it=   0 lr=1.00e-04 loss_world=2.3265 |∇|=1.93e+01 γ=1.000 T=0.0500
2026-04-29 17:06:57,971 INFO train_distributed it=   9 lr=1.00e-03 loss_world=2.4400 |∇|=2.42e+02 γ=1.001 T=0.0501
2026-04-29 17:07:22,584 INFO train_distributed it=  19 lr=9.95e-04 loss_world=2.3304 |∇|=5.85e+01 γ=0.999 T=0.0504
2026-04-29 17:07:47,202 INFO train_distributed it=  29 lr=9.78e-04 loss_world=2.3533 |∇|=3.04e+01 γ=0.998 T=0.0505
2026-04-29 17:08:11,843 INFO train_distributed it=  39 lr=9.49e-04 loss_world=1.7842 |∇|=1.51e+02 γ=0.990 T=0.0505
2026-04-29 17:08:36,503 INFO train_distributed it=  49 lr=9.10e-04 loss_world=3.6946 |∇|=2.44e+02 γ=0.985 T=0.0507
2026-04-29 17:09:01,168 INFO train_distributed it=  59 lr=8.60e-04 loss_world=4.7203 |∇|=9.73e+02 γ=0.981 T=0.0508
2026-04-29 17:09:25,833 INFO train_distributed it=  69 lr=8.02e-04 loss_world=7.5050 |∇|=5.72e+01 γ=0.971 T=0.0507
2026-04-29 17:09:50,505 INFO train_distributed it=  79 lr=7.38e-04 loss_world=1.9910 |∇|=1.62e+01 γ=0.961 T=0.0506
2026-04-29 17:10:15,180 INFO train_distributed it=  89 lr=6.68e-04 loss_world=1.3962 |∇|=2.61e+02 γ=0.958 T=0.0507
2026-04-29 17:10:39,872 INFO train_distributed it=  99 lr=5.95e-04 loss_world=2.6649 |∇|=6.43e+00 γ=0.958 T=0.0508
2026-04-29 17:11:04,594 INFO train_distributed it= 109 lr=5.20e-04 loss_world=1.6450 |∇|=4.96e+01 γ=0.957 T=0.0509
2026-04-29 17:11:29,321 INFO train_distributed it= 119 lr=4.47e-04 loss_world=2.1813 |∇|=7.69e+01 γ=0.958 T=0.0509
2026-04-29 17:11:54,083 INFO train_distributed it= 129 lr=3.76e-04 loss_world=1.1447 |∇|=1.78e+02 γ=0.958 T=0.0509
2026-04-29 17:12:18,885 INFO train_distributed it= 139 lr=3.10e-04 loss_world=2.1400 |∇|=2.56e+02 γ=0.957 T=0.0510
2026-04-29 17:12:43,696 INFO train_distributed it= 149 lr=2.51e-04 loss_world=1.0216 |∇|=2.42e+02 γ=0.957 T=0.0510
2026-04-29 17:13:08,495 INFO train_distributed it= 159 lr=2.00e-04 loss_world=0.9252 |∇|=2.51e+03 γ=0.957 T=0.0510
2026-04-29 17:13:33,249 INFO train_distributed it= 169 lr=1.58e-04 loss_world=0.9302 |∇|=6.58e+02 γ=0.957 T=0.0510
2026-04-29 17:13:57,990 INFO train_distributed it= 179 lr=1.27e-04 loss_world=1.7673 |∇|=5.26e+02 γ=0.957 T=0.0510
2026-04-29 17:14:22,720 INFO train_distributed it= 189 lr=1.07e-04 loss_world=1.4562 |∇|=2.65e+02 γ=0.957 T=0.0510
2026-04-29 17:14:47,468 INFO train_distributed it= 199 lr=1.00e-04 loss_world=1.8944 |∇|=2.96e+03 γ=0.958 T=0.0510
2026-04-29 17:14:47,474 INFO train_distributed training finished in 495.4s (200 iters, world_size=1)
2026-04-29 17:14:47,474 INFO train_distributed [rank 0] peak HBM: alloc=11.50 GB, reserved=11.67 GB
2026-04-29 17:14:47,477 INFO train_distributed [rank 0] wrote experiments/047_arch_tier_4_2_dyngraph/results_t42_dyngraph_no_u_seed1/training_log.json
