2026-04-29 10:59:30,696 INFO train_distributed [dist] rank=0 world_size=1 local_rank=0 cuda_available=True
2026-04-29 10:59:30,739 INFO train_distributed loaded 2,841 returns for spx/2015-2026_daily
2026-04-29 10:59:30,746 INFO train_distributed targets: acf_sq=0.342 leverage_sum=-0.790 hill_alpha=2.68
2026-04-29 10:59:32,878 INFO train_distributed EcoMDSimulator built: 31780 parameters (device=cuda:0)
2026-04-29 10:59:36,927 INFO train_distributed it=   0 lr=1.00e-04 loss_world=7.3361 |∇|=2.28e+03 γ=1.000 T=0.0500
2026-04-29 11:00:01,145 INFO train_distributed it=   9 lr=1.00e-03 loss_world=3.6206 |∇|=1.16e+03 γ=0.999 T=0.0500
2026-04-29 11:00:28,042 INFO train_distributed it=  19 lr=9.95e-04 loss_world=2.5871 |∇|=1.17e+03 γ=0.998 T=0.0500
2026-04-29 11:00:54,918 INFO train_distributed it=  29 lr=9.78e-04 loss_world=1.5542 |∇|=5.62e+01 γ=0.998 T=0.0499
2026-04-29 11:01:21,794 INFO train_distributed it=  39 lr=9.49e-04 loss_world=0.7957 |∇|=3.86e+01 γ=0.996 T=0.0499
2026-04-29 11:01:48,677 INFO train_distributed it=  49 lr=9.10e-04 loss_world=1.2317 |∇|=5.93e+01 γ=0.995 T=0.0499
2026-04-29 11:02:15,570 INFO train_distributed it=  59 lr=8.60e-04 loss_world=1.1144 |∇|=1.60e+02 γ=0.997 T=0.0498
2026-04-29 11:02:42,472 INFO train_distributed it=  69 lr=8.02e-04 loss_world=0.8850 |∇|=2.27e+02 γ=0.998 T=0.0499
2026-04-29 11:03:09,381 INFO train_distributed it=  79 lr=7.38e-04 loss_world=0.8354 |∇|=4.93e+01 γ=0.997 T=0.0500
2026-04-29 11:03:36,307 INFO train_distributed it=  89 lr=6.68e-04 loss_world=0.9437 |∇|=2.80e+01 γ=0.994 T=0.0499
2026-04-29 11:04:01,939 INFO train_distributed it=  99 lr=5.95e-04 loss_world=0.6814 |∇|=5.75e+01 γ=0.992 T=0.0499
2026-04-29 11:04:14,739 INFO train_distributed it= 109 lr=5.20e-04 loss_world=0.9882 |∇|=3.95e+02 γ=0.991 T=0.0499
2026-04-29 11:04:27,539 INFO train_distributed it= 119 lr=4.47e-04 loss_world=1.2384 |∇|=2.95e+01 γ=0.990 T=0.0500
2026-04-29 11:04:40,338 INFO train_distributed it= 129 lr=3.76e-04 loss_world=0.8898 |∇|=3.48e+01 γ=0.989 T=0.0500
2026-04-29 11:04:53,139 INFO train_distributed it= 139 lr=3.10e-04 loss_world=1.0638 |∇|=5.61e+01 γ=0.990 T=0.0500
2026-04-29 11:05:05,939 INFO train_distributed it= 149 lr=2.51e-04 loss_world=0.7457 |∇|=9.97e+01 γ=0.990 T=0.0500
2026-04-29 11:05:18,739 INFO train_distributed it= 159 lr=2.00e-04 loss_world=0.9431 |∇|=6.11e+01 γ=0.990 T=0.0500
2026-04-29 11:05:31,539 INFO train_distributed it= 169 lr=1.58e-04 loss_world=1.0793 |∇|=1.39e+02 γ=0.991 T=0.0500
2026-04-29 11:05:44,340 INFO train_distributed it= 179 lr=1.27e-04 loss_world=1.0574 |∇|=1.26e+02 γ=0.991 T=0.0500
2026-04-29 11:05:57,140 INFO train_distributed it= 189 lr=1.07e-04 loss_world=0.9365 |∇|=5.73e+01 γ=0.992 T=0.0500
2026-04-29 11:06:09,940 INFO train_distributed it= 199 lr=1.00e-04 loss_world=0.6767 |∇|=1.85e+02 γ=0.992 T=0.0500
2026-04-29 11:06:09,947 INFO train_distributed training finished in 397.1s (200 iters, world_size=1)
2026-04-29 11:06:09,947 INFO train_distributed [rank 0] peak HBM: alloc=7.41 GB, reserved=7.84 GB
2026-04-29 11:06:09,950 INFO train_distributed [rank 0] wrote experiments/039_arch_tier_1_3_features/results_t13_features_all_seed0/training_log.json
