2026-04-29 15:28:27,568 INFO train_distributed [dist] rank=0 world_size=1 local_rank=0 cuda_available=True
2026-04-29 15:28:27,613 INFO train_distributed loaded 2,841 returns for spx/2015-2026_daily
2026-04-29 15:28:27,620 INFO train_distributed targets: acf_sq=0.342 leverage_sum=-0.790 hill_alpha=2.68
2026-04-29 15:28:28,776 INFO train_distributed EcoMDSimulator built: 31976 parameters (device=cuda:0)
2026-04-29 15:28:32,531 INFO train_distributed it=   0 lr=1.00e-04 loss_world=1.9397 |∇|=3.32e+01 γ=1.000 T=0.0500
2026-04-29 15:28:54,657 INFO train_distributed it=   9 lr=1.00e-03 loss_world=9.7146 |∇|=3.45e+02 γ=1.003 T=0.0501
2026-04-29 15:29:19,235 INFO train_distributed it=  19 lr=9.95e-04 loss_world=4.0108 |∇|=9.83e+02 γ=1.004 T=0.0503
2026-04-29 15:29:43,814 INFO train_distributed it=  29 lr=9.78e-04 loss_world=8.1787 |∇|=5.45e+03 γ=1.005 T=0.0504
2026-04-29 15:30:08,395 INFO train_distributed it=  39 lr=9.49e-04 loss_world=1.8005 |∇|=3.62e+02 γ=1.005 T=0.0506
2026-04-29 15:30:32,969 INFO train_distributed it=  49 lr=9.10e-04 loss_world=0.8670 |∇|=1.81e+01 γ=1.003 T=0.0508
2026-04-29 15:30:57,551 INFO train_distributed it=  59 lr=8.60e-04 loss_world=1.0212 |∇|=8.22e+00 γ=1.002 T=0.0509
2026-04-29 15:31:22,127 INFO train_distributed it=  69 lr=8.02e-04 loss_world=0.9329 |∇|=3.51e+01 γ=1.001 T=0.0509
2026-04-29 15:31:46,703 INFO train_distributed it=  79 lr=7.38e-04 loss_world=1.0747 |∇|=1.40e+01 γ=1.001 T=0.0509
2026-04-29 15:32:11,289 INFO train_distributed it=  89 lr=6.68e-04 loss_world=0.8597 |∇|=3.19e+01 γ=1.000 T=0.0510
2026-04-29 15:32:35,871 INFO train_distributed it=  99 lr=5.95e-04 loss_world=0.7210 |∇|=1.75e+01 γ=0.999 T=0.0510
2026-04-29 15:33:00,464 INFO train_distributed it= 109 lr=5.20e-04 loss_world=0.7084 |∇|=7.97e+00 γ=0.998 T=0.0510
2026-04-29 15:33:25,053 INFO train_distributed it= 119 lr=4.47e-04 loss_world=0.9155 |∇|=8.54e+00 γ=0.998 T=0.0510
2026-04-29 15:33:49,640 INFO train_distributed it= 129 lr=3.76e-04 loss_world=0.9043 |∇|=6.09e+01 γ=0.998 T=0.0510
2026-04-29 15:34:14,231 INFO train_distributed it= 139 lr=3.10e-04 loss_world=1.0917 |∇|=1.01e+01 γ=0.999 T=0.0510
2026-04-29 15:34:38,813 INFO train_distributed it= 149 lr=2.51e-04 loss_world=1.3913 |∇|=3.23e+02 γ=0.998 T=0.0510
2026-04-29 15:35:03,406 INFO train_distributed it= 159 lr=2.00e-04 loss_world=1.1277 |∇|=2.72e+01 γ=0.997 T=0.0510
2026-04-29 15:35:28,010 INFO train_distributed it= 169 lr=1.58e-04 loss_world=0.6970 |∇|=2.09e+01 γ=0.996 T=0.0510
2026-04-29 15:35:52,628 INFO train_distributed it= 179 lr=1.27e-04 loss_world=0.8934 |∇|=2.67e+01 γ=0.996 T=0.0510
2026-04-29 15:36:17,221 INFO train_distributed it= 189 lr=1.07e-04 loss_world=0.8003 |∇|=1.24e+01 γ=0.996 T=0.0510
2026-04-29 15:36:41,815 INFO train_distributed it= 199 lr=1.00e-04 loss_world=1.1857 |∇|=1.59e+01 γ=0.996 T=0.0510
2026-04-29 15:36:41,820 INFO train_distributed training finished in 493.0s (200 iters, world_size=1)
2026-04-29 15:36:41,820 INFO train_distributed [rank 0] peak HBM: alloc=9.08 GB, reserved=9.86 GB
2026-04-29 15:36:41,823 INFO train_distributed [rank 0] wrote experiments/039_arch_tier_1_3_features/results_t13_features_all_seed0/training_log.json
