2026-04-29 12:19:33,308 INFO train_distributed [dist] rank=0 world_size=1 local_rank=0 cuda_available=True
2026-04-29 12:19:33,353 INFO train_distributed loaded 2,841 returns for spx/2015-2026_daily
2026-04-29 12:19:33,360 INFO train_distributed targets: acf_sq=0.342 leverage_sum=-0.790 hill_alpha=2.68
2026-04-29 12:19:35,604 INFO train_distributed EcoMDSimulator built: 50849 parameters (device=cuda:0)
2026-04-29 12:19:38,502 INFO train_distributed it=   0 lr=1.00e-04 loss_world=41.6304 |∇|=5.82e+04 γ=1.000 T=0.0500
2026-04-29 12:19:52,564 INFO train_distributed it=   9 lr=1.00e-03 loss_world=1.5513 |∇|=1.85e+02 γ=0.997 T=0.0501
2026-04-29 12:20:08,265 INFO train_distributed it=  19 lr=9.95e-04 loss_world=7.5750 |∇|=2.52e+03 γ=0.998 T=0.0502
2026-04-29 12:20:23,943 INFO train_distributed it=  29 lr=9.78e-04 loss_world=1.9077 |∇|=6.55e+02 γ=0.998 T=0.0503
2026-04-29 12:20:39,565 INFO train_distributed it=  39 lr=9.49e-04 loss_world=1.0877 |∇|=2.45e+00 γ=1.000 T=0.0502
2026-04-29 12:20:55,142 INFO train_distributed it=  49 lr=9.10e-04 loss_world=0.6853 |∇|=7.83e-01 γ=1.002 T=0.0507
2026-04-29 12:21:10,727 INFO train_distributed it=  59 lr=8.60e-04 loss_world=1.5997 |∇|=7.69e+00 γ=1.004 T=0.0510
2026-04-29 12:21:26,304 INFO train_distributed it=  69 lr=8.02e-04 loss_world=0.6479 |∇|=1.86e+01 γ=1.005 T=0.0514
2026-04-29 12:21:41,882 INFO train_distributed it=  79 lr=7.38e-04 loss_world=1.1057 |∇|=2.50e+00 γ=1.008 T=0.0518
2026-04-29 12:21:57,463 INFO train_distributed it=  89 lr=6.68e-04 loss_world=1.0122 |∇|=5.37e+01 γ=1.010 T=0.0521
2026-04-29 12:22:13,048 INFO train_distributed it=  99 lr=5.95e-04 loss_world=0.6817 |∇|=9.25e-01 γ=1.011 T=0.0522
2026-04-29 12:22:28,627 INFO train_distributed it= 109 lr=5.20e-04 loss_world=1.0085 |∇|=3.37e+00 γ=1.012 T=0.0522
2026-04-29 12:22:44,201 INFO train_distributed it= 119 lr=4.47e-04 loss_world=0.9960 |∇|=5.21e+00 γ=1.012 T=0.0523
2026-04-29 12:22:59,779 INFO train_distributed it= 129 lr=3.76e-04 loss_world=1.0589 |∇|=1.76e+01 γ=1.012 T=0.0523
2026-04-29 12:23:15,362 INFO train_distributed it= 139 lr=3.10e-04 loss_world=0.8753 |∇|=5.08e+00 γ=1.012 T=0.0523
2026-04-29 12:23:30,946 INFO train_distributed it= 149 lr=2.51e-04 loss_world=0.8289 |∇|=2.08e+00 γ=1.013 T=0.0523
2026-04-29 12:23:46,530 INFO train_distributed it= 159 lr=2.00e-04 loss_world=1.2442 |∇|=1.35e-01 γ=1.012 T=0.0523
2026-04-29 12:24:02,115 INFO train_distributed it= 169 lr=1.58e-04 loss_world=0.7578 |∇|=1.36e+00 γ=1.012 T=0.0522
2026-04-29 12:24:17,701 INFO train_distributed it= 179 lr=1.27e-04 loss_world=0.8532 |∇|=4.25e+00 γ=1.012 T=0.0522
2026-04-29 12:24:33,280 INFO train_distributed it= 189 lr=1.07e-04 loss_world=0.9261 |∇|=4.06e+00 γ=1.012 T=0.0522
2026-04-29 12:24:48,869 INFO train_distributed it= 199 lr=1.00e-04 loss_world=0.6132 |∇|=1.36e+00 γ=1.012 T=0.0522
2026-04-29 12:24:48,877 INFO train_distributed training finished in 313.3s (200 iters, world_size=1)
2026-04-29 12:24:48,877 INFO train_distributed [rank 0] peak HBM: alloc=9.42 GB, reserved=10.02 GB
2026-04-29 12:24:48,880 INFO train_distributed [rank 0] wrote experiments/048_arch_dyngraph_pairs/results_p_4_2__1_1_seed0/training_log.json
