2026-04-29 16:09:14,852 INFO train_distributed [dist] rank=0 world_size=1 local_rank=0 cuda_available=True
2026-04-29 16:09:14,897 INFO train_distributed loaded 2,841 returns for spx/2015-2026_daily
2026-04-29 16:09:14,905 INFO train_distributed targets: acf_sq=0.342 leverage_sum=-0.790 hill_alpha=2.68
2026-04-29 16:09:15,250 INFO train_distributed EcoMDSimulator built: 33431 parameters (device=cuda:0)
2026-04-29 16:09:20,118 INFO train_distributed it=   0 lr=1.00e-04 loss_world=9.0550 |∇|=1.65e+03 γ=1.000 T=0.0500
2026-04-29 16:09:52,649 INFO train_distributed it=   9 lr=1.00e-03 loss_world=2.6277 |∇|=2.95e+02 γ=1.000 T=0.0501
2026-04-29 16:10:28,781 INFO train_distributed it=  19 lr=9.95e-04 loss_world=0.7470 |∇|=1.53e+01 γ=0.998 T=0.0503
2026-04-29 16:11:04,932 INFO train_distributed it=  29 lr=9.78e-04 loss_world=1.0757 |∇|=2.94e+01 γ=0.997 T=0.0504
2026-04-29 16:11:41,085 INFO train_distributed it=  39 lr=9.49e-04 loss_world=0.9908 |∇|=2.42e+01 γ=0.996 T=0.0505
2026-04-29 16:12:17,223 INFO train_distributed it=  49 lr=9.10e-04 loss_world=0.9760 |∇|=6.72e+01 γ=0.994 T=0.0506
2026-04-29 16:12:53,350 INFO train_distributed it=  59 lr=8.60e-04 loss_world=1.1996 |∇|=2.31e+01 γ=0.991 T=0.0508
2026-04-29 16:13:29,491 INFO train_distributed it=  69 lr=8.02e-04 loss_world=0.8441 |∇|=6.03e+01 γ=0.992 T=0.0507
2026-04-29 16:14:05,628 INFO train_distributed it=  79 lr=7.38e-04 loss_world=1.1400 |∇|=3.33e+01 γ=0.992 T=0.0508
2026-04-29 16:14:41,773 INFO train_distributed it=  89 lr=6.68e-04 loss_world=1.5025 |∇|=5.48e+01 γ=0.993 T=0.0508
2026-04-29 16:15:17,923 INFO train_distributed it=  99 lr=5.95e-04 loss_world=1.1478 |∇|=1.81e+01 γ=0.996 T=0.0507
2026-04-29 16:15:54,057 INFO train_distributed it= 109 lr=5.20e-04 loss_world=0.9427 |∇|=3.10e+01 γ=0.996 T=0.0507
2026-04-29 16:16:30,204 INFO train_distributed it= 119 lr=4.47e-04 loss_world=0.8276 |∇|=5.61e+00 γ=0.997 T=0.0507
2026-04-29 16:17:06,347 INFO train_distributed it= 129 lr=3.76e-04 loss_world=1.3177 |∇|=2.49e+01 γ=0.997 T=0.0507
2026-04-29 16:17:42,487 INFO train_distributed it= 139 lr=3.10e-04 loss_world=0.7557 |∇|=5.62e+01 γ=0.997 T=0.0507
2026-04-29 16:18:18,631 INFO train_distributed it= 149 lr=2.51e-04 loss_world=1.0992 |∇|=4.02e+01 γ=0.997 T=0.0506
2026-04-29 16:18:54,781 INFO train_distributed it= 159 lr=2.00e-04 loss_world=0.8364 |∇|=5.37e+01 γ=0.996 T=0.0506
2026-04-29 16:19:30,987 INFO train_distributed it= 169 lr=1.58e-04 loss_world=0.9586 |∇|=7.51e+00 γ=0.996 T=0.0506
2026-04-29 16:20:07,164 INFO train_distributed it= 179 lr=1.27e-04 loss_world=0.8852 |∇|=7.29e+01 γ=0.996 T=0.0505
2026-04-29 16:20:46,199 INFO train_distributed it= 189 lr=1.07e-04 loss_world=1.2248 |∇|=4.55e+01 γ=0.996 T=0.0505
2026-04-29 16:21:55,743 INFO train_distributed it= 199 lr=1.00e-04 loss_world=0.7017 |∇|=2.20e+01 γ=0.995 T=0.0505
2026-04-29 16:21:55,748 INFO train_distributed training finished in 760.5s (200 iters, world_size=1)
2026-04-29 16:21:55,748 INFO train_distributed [rank 0] peak HBM: alloc=9.09 GB, reserved=10.21 GB
2026-04-29 16:21:55,751 INFO train_distributed [rank 0] wrote experiments/043_arch_pairs/results_p_1_2__1_3_seed3/training_log.json
