2026-04-29 10:59:30,676 INFO train_distributed [dist] rank=0 world_size=1 local_rank=0 cuda_available=True
2026-04-29 10:59:30,721 INFO train_distributed loaded 2,841 returns for spx/2015-2026_daily
2026-04-29 10:59:30,728 INFO train_distributed targets: acf_sq=0.342 leverage_sum=-0.790 hill_alpha=2.68
2026-04-29 10:59:32,852 INFO train_distributed EcoMDSimulator built: 31780 parameters (device=cuda:0)
2026-04-29 10:59:36,842 INFO train_distributed it=   0 lr=1.00e-04 loss_world=2.2150 |∇|=4.25e+02 γ=1.000 T=0.0500
2026-04-29 11:00:01,046 INFO train_distributed it=   9 lr=1.00e-03 loss_world=1.9509 |∇|=1.05e+02 γ=0.998 T=0.0502
2026-04-29 11:00:27,946 INFO train_distributed it=  19 lr=9.95e-04 loss_world=2.3246 |∇|=1.64e+02 γ=0.996 T=0.0503
2026-04-29 11:00:54,844 INFO train_distributed it=  29 lr=9.78e-04 loss_world=2.6821 |∇|=1.02e+02 γ=0.994 T=0.0505
2026-04-29 11:01:21,740 INFO train_distributed it=  39 lr=9.49e-04 loss_world=0.6392 |∇|=4.05e+02 γ=0.990 T=0.0505
2026-04-29 11:01:48,635 INFO train_distributed it=  49 lr=9.10e-04 loss_world=1.0854 |∇|=1.30e+02 γ=0.990 T=0.0504
2026-04-29 11:02:15,532 INFO train_distributed it=  59 lr=8.60e-04 loss_world=1.0788 |∇|=2.04e+01 γ=0.991 T=0.0504
2026-04-29 11:02:42,426 INFO train_distributed it=  69 lr=8.02e-04 loss_world=0.8050 |∇|=1.29e+02 γ=0.994 T=0.0504
2026-04-29 11:03:09,320 INFO train_distributed it=  79 lr=7.38e-04 loss_world=1.3714 |∇|=6.73e+02 γ=0.996 T=0.0506
2026-04-29 11:03:36,216 INFO train_distributed it=  89 lr=6.68e-04 loss_world=0.6779 |∇|=1.82e+02 γ=0.997 T=0.0507
2026-04-29 11:04:01,340 INFO train_distributed it=  99 lr=5.95e-04 loss_world=1.0254 |∇|=7.47e+01 γ=0.998 T=0.0507
2026-04-29 11:04:14,036 INFO train_distributed it= 109 lr=5.20e-04 loss_world=1.1330 |∇|=5.00e+01 γ=0.997 T=0.0507
2026-04-29 11:04:26,713 INFO train_distributed it= 119 lr=4.47e-04 loss_world=1.0760 |∇|=1.91e+02 γ=0.994 T=0.0508
2026-04-29 11:04:39,387 INFO train_distributed it= 129 lr=3.76e-04 loss_world=0.9042 |∇|=1.99e+02 γ=0.993 T=0.0508
2026-04-29 11:04:52,054 INFO train_distributed it= 139 lr=3.10e-04 loss_world=0.9059 |∇|=1.26e+02 γ=0.992 T=0.0508
2026-04-29 11:05:04,722 INFO train_distributed it= 149 lr=2.51e-04 loss_world=1.6458 |∇|=5.82e+02 γ=0.990 T=0.0508
2026-04-29 11:05:17,391 INFO train_distributed it= 159 lr=2.00e-04 loss_world=1.0268 |∇|=1.33e+02 γ=0.991 T=0.0509
2026-04-29 11:05:30,070 INFO train_distributed it= 169 lr=1.58e-04 loss_world=0.8040 |∇|=4.79e+01 γ=0.991 T=0.0509
2026-04-29 11:05:42,750 INFO train_distributed it= 179 lr=1.27e-04 loss_world=1.0616 |∇|=5.03e+01 γ=0.991 T=0.0509
2026-04-29 11:05:55,427 INFO train_distributed it= 189 lr=1.07e-04 loss_world=0.9821 |∇|=6.27e+01 γ=0.992 T=0.0509
2026-04-29 11:06:08,113 INFO train_distributed it= 199 lr=1.00e-04 loss_world=0.7981 |∇|=4.65e+01 γ=0.992 T=0.0509
2026-04-29 11:06:08,119 INFO train_distributed training finished in 395.3s (200 iters, world_size=1)
2026-04-29 11:06:08,119 INFO train_distributed [rank 0] peak HBM: alloc=7.41 GB, reserved=7.84 GB
2026-04-29 11:06:08,123 INFO train_distributed [rank 0] wrote experiments/039_arch_tier_1_3_features/results_t13_features_all_seed6/training_log.json
