2026-04-29 15:28:26,145 INFO train_distributed [dist] rank=0 world_size=1 local_rank=0 cuda_available=True
2026-04-29 15:28:26,190 INFO train_distributed loaded 2,841 returns for spx/2015-2026_daily
2026-04-29 15:28:26,198 INFO train_distributed targets: acf_sq=0.342 leverage_sum=-0.790 hill_alpha=2.68
2026-04-29 15:28:28,803 INFO train_distributed EcoMDSimulator built: 31976 parameters (device=cuda:0)
2026-04-29 15:28:32,569 INFO train_distributed it=   0 lr=1.00e-04 loss_world=4.5071 |∇|=2.51e+02 γ=1.000 T=0.0500
2026-04-29 15:28:54,689 INFO train_distributed it=   9 lr=1.00e-03 loss_world=0.5870 |∇|=5.16e+01 γ=1.002 T=0.0501
2026-04-29 15:29:19,257 INFO train_distributed it=  19 lr=9.95e-04 loss_world=1.0869 |∇|=2.42e+01 γ=1.003 T=0.0502
2026-04-29 15:29:43,816 INFO train_distributed it=  29 lr=9.78e-04 loss_world=0.8675 |∇|=5.99e+01 γ=1.004 T=0.0503
2026-04-29 15:30:08,401 INFO train_distributed it=  39 lr=9.49e-04 loss_world=0.9286 |∇|=2.94e+01 γ=1.004 T=0.0504
2026-04-29 15:30:32,967 INFO train_distributed it=  49 lr=9.10e-04 loss_world=0.8649 |∇|=1.41e+01 γ=1.003 T=0.0506
2026-04-29 15:30:57,543 INFO train_distributed it=  59 lr=8.60e-04 loss_world=0.6437 |∇|=3.23e+01 γ=0.998 T=0.0507
2026-04-29 15:31:22,113 INFO train_distributed it=  69 lr=8.02e-04 loss_world=0.7481 |∇|=3.13e+01 γ=1.000 T=0.0506
2026-04-29 15:31:46,674 INFO train_distributed it=  79 lr=7.38e-04 loss_world=0.8015 |∇|=4.43e+01 γ=1.002 T=0.0506
2026-04-29 15:32:11,237 INFO train_distributed it=  89 lr=6.68e-04 loss_world=1.1289 |∇|=7.32e+00 γ=1.001 T=0.0506
2026-04-29 15:32:35,809 INFO train_distributed it=  99 lr=5.95e-04 loss_world=1.0777 |∇|=1.27e+02 γ=1.001 T=0.0505
2026-04-29 15:33:00,391 INFO train_distributed it= 109 lr=5.20e-04 loss_world=1.3797 |∇|=1.03e+02 γ=0.998 T=0.0504
2026-04-29 15:33:24,971 INFO train_distributed it= 119 lr=4.47e-04 loss_world=1.0523 |∇|=2.38e+01 γ=0.994 T=0.0503
2026-04-29 15:33:49,543 INFO train_distributed it= 129 lr=3.76e-04 loss_world=1.0881 |∇|=7.20e+01 γ=0.991 T=0.0503
2026-04-29 15:34:14,117 INFO train_distributed it= 139 lr=3.10e-04 loss_world=1.1348 |∇|=3.77e+01 γ=0.990 T=0.0503
2026-04-29 15:34:38,692 INFO train_distributed it= 149 lr=2.51e-04 loss_world=1.2068 |∇|=1.17e+01 γ=0.989 T=0.0503
2026-04-29 15:35:03,265 INFO train_distributed it= 159 lr=2.00e-04 loss_world=0.9655 |∇|=4.89e+02 γ=0.988 T=0.0503
2026-04-29 15:35:27,835 INFO train_distributed it= 169 lr=1.58e-04 loss_world=0.9894 |∇|=2.65e+03 γ=0.987 T=0.0503
2026-04-29 15:35:52,406 INFO train_distributed it= 179 lr=1.27e-04 loss_world=1.4399 |∇|=1.14e+03 γ=0.987 T=0.0503
2026-04-29 15:36:16,989 INFO train_distributed it= 189 lr=1.07e-04 loss_world=0.8712 |∇|=7.44e+02 γ=0.987 T=0.0503
2026-04-29 15:36:41,560 INFO train_distributed it= 199 lr=1.00e-04 loss_world=0.6864 |∇|=3.16e+03 γ=0.987 T=0.0503
2026-04-29 15:36:41,565 INFO train_distributed training finished in 492.8s (200 iters, world_size=1)
2026-04-29 15:36:41,565 INFO train_distributed [rank 0] peak HBM: alloc=9.08 GB, reserved=9.86 GB
2026-04-29 15:36:41,568 INFO train_distributed [rank 0] wrote experiments/039_arch_tier_1_3_features/results_t13_features_all_seed6/training_log.json
