2026-04-28 19:16:47,852 INFO train_distributed [dist] rank=0 world_size=1 local_rank=0 cuda_available=True
2026-04-28 19:16:47,898 INFO train_distributed loaded 2,841 returns for spx/2015-2026_daily
2026-04-28 19:16:47,906 INFO train_distributed targets: acf_sq=0.342 leverage_sum=-0.790 hill_alpha=2.68
2026-04-28 19:16:48,583 INFO train_distributed EcoMDSimulator built: 31588 parameters (device=cuda:0)
2026-04-28 19:16:50,898 INFO train_distributed it=   0 lr=1.00e-04 loss_world=13.9789 |∇|=2.58e+03 γ=1.000 T=0.0500
2026-04-28 19:17:00,769 INFO train_distributed it=   9 lr=1.00e-03 loss_world=0.6381 |∇|=1.88e+01 γ=0.997 T=0.0501
2026-04-28 19:17:11,808 INFO train_distributed it=  19 lr=9.95e-04 loss_world=0.7999 |∇|=7.49e+00 γ=0.995 T=0.0501
2026-04-28 19:17:22,858 INFO train_distributed it=  29 lr=9.78e-04 loss_world=0.7340 |∇|=3.60e+00 γ=0.993 T=0.0501
2026-04-28 19:17:33,883 INFO train_distributed it=  39 lr=9.49e-04 loss_world=0.7776 |∇|=4.28e+00 γ=0.991 T=0.0501
2026-04-28 19:17:44,894 INFO train_distributed it=  49 lr=9.10e-04 loss_world=0.7110 |∇|=5.04e+00 γ=0.989 T=0.0501
2026-04-28 19:17:55,899 INFO train_distributed it=  59 lr=8.60e-04 loss_world=0.7649 |∇|=1.13e+01 γ=0.986 T=0.0501
2026-04-28 19:18:06,919 INFO train_distributed it=  69 lr=8.02e-04 loss_world=0.6767 |∇|=5.87e+00 γ=0.983 T=0.0501
2026-04-28 19:18:17,924 INFO train_distributed it=  79 lr=7.38e-04 loss_world=0.6627 |∇|=5.51e+00 γ=0.981 T=0.0501
2026-04-28 19:18:28,934 INFO train_distributed it=  89 lr=6.68e-04 loss_world=0.6944 |∇|=7.46e+01 γ=0.979 T=0.0501
2026-04-28 19:18:39,923 INFO train_distributed it=  99 lr=5.95e-04 loss_world=0.8316 |∇|=6.54e+01 γ=0.973 T=0.0502
2026-04-28 19:18:50,896 INFO train_distributed it= 109 lr=5.20e-04 loss_world=0.8415 |∇|=4.60e+00 γ=0.971 T=0.0502
2026-04-28 19:19:01,863 INFO train_distributed it= 119 lr=4.47e-04 loss_world=0.7139 |∇|=3.00e+00 γ=0.970 T=0.0502
2026-04-28 19:19:12,832 INFO train_distributed it= 129 lr=3.76e-04 loss_world=0.7300 |∇|=2.61e+00 γ=0.969 T=0.0502
2026-04-28 19:19:23,794 INFO train_distributed it= 139 lr=3.10e-04 loss_world=0.7375 |∇|=2.56e+00 γ=0.969 T=0.0502
2026-04-28 19:19:34,752 INFO train_distributed it= 149 lr=2.51e-04 loss_world=0.6827 |∇|=3.59e+00 γ=0.968 T=0.0502
2026-04-28 19:19:45,715 INFO train_distributed it= 159 lr=2.00e-04 loss_world=0.6759 |∇|=3.76e+00 γ=0.968 T=0.0502
2026-04-28 19:19:56,687 INFO train_distributed it= 169 lr=1.58e-04 loss_world=0.6536 |∇|=4.29e+00 γ=0.967 T=0.0502
2026-04-28 19:20:07,645 INFO train_distributed it= 179 lr=1.27e-04 loss_world=0.6499 |∇|=5.29e+00 γ=0.967 T=0.0502
2026-04-28 19:20:18,587 INFO train_distributed it= 189 lr=1.07e-04 loss_world=0.8040 |∇|=6.71e+00 γ=0.967 T=0.0502
2026-04-28 19:20:29,539 INFO train_distributed it= 199 lr=1.00e-04 loss_world=0.7957 |∇|=5.81e+00 γ=0.967 T=0.0502
2026-04-28 19:20:29,544 INFO train_distributed training finished in 221.0s (200 iters, world_size=1)
2026-04-28 19:20:29,544 INFO train_distributed [rank 0] peak HBM: alloc=7.09 GB, reserved=7.48 GB
2026-04-28 19:20:29,547 INFO train_distributed [rank 0] wrote experiments/041_arch_tier_2_2_multitimescale/results_t22_multitimescale_seed8/training_log.json
