2026-04-29 16:21:58,699 INFO train_distributed [dist] rank=0 world_size=1 local_rank=0 cuda_available=True
2026-04-29 16:21:58,750 INFO train_distributed loaded 2,841 returns for spx/2015-2026_daily
2026-04-29 16:21:58,758 INFO train_distributed targets: acf_sq=0.342 leverage_sum=-0.790 hill_alpha=2.68
2026-04-29 16:21:59,031 INFO train_distributed EcoMDSimulator built: 105316 parameters (device=cuda:0)
2026-04-29 16:22:00,779 INFO train_distributed it=   0 lr=1.00e-04 loss_world=0.8133 |∇|=1.66e+00 γ=1.000 T=0.0500
2026-04-29 16:22:03,287 INFO train_distributed it=   9 lr=1.00e-03 loss_world=0.7948 |∇|=1.71e-01 γ=1.004 T=0.0500
2026-04-29 16:22:05,983 INFO train_distributed it=  19 lr=9.95e-04 loss_world=1.0672 |∇|=1.24e+00 γ=1.006 T=0.0499
2026-04-29 16:22:08,698 INFO train_distributed it=  29 lr=9.78e-04 loss_world=0.6777 |∇|=2.14e+01 γ=1.012 T=0.0501
2026-04-29 16:22:11,408 INFO train_distributed it=  39 lr=9.49e-04 loss_world=0.9100 |∇|=4.59e-01 γ=1.017 T=0.0502
2026-04-29 16:22:14,111 INFO train_distributed it=  49 lr=9.10e-04 loss_world=1.5210 |∇|=1.52e+01 γ=1.019 T=0.0503
2026-04-29 16:22:16,910 INFO train_distributed it=  59 lr=8.60e-04 loss_world=0.9358 |∇|=3.67e-01 γ=1.019 T=0.0503
2026-04-29 16:22:19,621 INFO train_distributed it=  69 lr=8.02e-04 loss_world=0.8079 |∇|=2.59e+00 γ=1.019 T=0.0505
2026-04-29 16:22:22,334 INFO train_distributed it=  79 lr=7.38e-04 loss_world=0.7568 |∇|=7.67e+00 γ=1.019 T=0.0505
2026-04-29 16:22:25,091 INFO train_distributed it=  89 lr=6.68e-04 loss_world=0.7331 |∇|=1.31e+00 γ=1.018 T=0.0505
2026-04-29 16:22:27,829 INFO train_distributed it=  99 lr=5.95e-04 loss_world=0.6086 |∇|=3.23e+00 γ=1.015 T=0.0504
2026-04-29 16:22:30,564 INFO train_distributed it= 109 lr=5.20e-04 loss_world=1.0993 |∇|=1.86e+00 γ=1.016 T=0.0505
2026-04-29 16:22:33,263 INFO train_distributed it= 119 lr=4.47e-04 loss_world=1.4826 |∇|=5.33e-01 γ=1.019 T=0.0506
2026-04-29 16:22:35,951 INFO train_distributed it= 129 lr=3.76e-04 loss_world=1.0697 |∇|=9.72e+00 γ=1.021 T=0.0507
2026-04-29 16:22:38,650 INFO train_distributed it= 139 lr=3.10e-04 loss_world=0.9096 |∇|=2.73e+00 γ=1.021 T=0.0508
2026-04-29 16:22:41,351 INFO train_distributed it= 149 lr=2.51e-04 loss_world=0.8106 |∇|=4.06e+00 γ=1.021 T=0.0508
2026-04-29 16:22:44,057 INFO train_distributed it= 159 lr=2.00e-04 loss_world=0.7144 |∇|=4.94e+00 γ=1.021 T=0.0508
2026-04-29 16:22:46,762 INFO train_distributed it= 169 lr=1.58e-04 loss_world=1.7396 |∇|=2.11e+00 γ=1.021 T=0.0508
2026-04-29 16:22:49,472 INFO train_distributed it= 179 lr=1.27e-04 loss_world=0.7496 |∇|=1.46e+00 γ=1.021 T=0.0508
2026-04-29 16:22:52,169 INFO train_distributed it= 189 lr=1.07e-04 loss_world=1.0268 |∇|=5.36e+00 γ=1.022 T=0.0508
2026-04-29 16:22:54,869 INFO train_distributed it= 199 lr=1.00e-04 loss_world=0.7739 |∇|=4.58e+00 γ=1.021 T=0.0508
2026-04-29 16:22:54,876 INFO train_distributed training finished in 55.8s (200 iters, world_size=1)
2026-04-29 16:22:54,876 INFO train_distributed [rank 0] peak HBM: alloc=0.59 GB, reserved=0.77 GB
2026-04-29 16:22:54,879 INFO train_distributed [rank 0] wrote experiments/043_arch_pairs/results_p_3_1__1_3_seed3/training_log.json
