2026-04-28 18:22:25,823 INFO train_distributed [dist] rank=0 world_size=1 local_rank=0 cuda_available=True
2026-04-28 18:22:25,867 INFO train_distributed loaded 2,841 returns for spx/2015-2026_daily
2026-04-28 18:22:25,875 INFO train_distributed targets: acf_sq=0.342 leverage_sum=-0.790 hill_alpha=2.68
2026-04-28 18:22:26,678 INFO train_distributed EcoMDSimulator built: 31588 parameters (device=cuda:0)
2026-04-28 18:22:29,025 INFO train_distributed it=   0 lr=1.00e-04 loss_world=1446.1265 |∇|=3.18e+06 γ=1.000 T=0.0500
2026-04-28 18:22:38,760 INFO train_distributed it=   9 lr=1.00e-03 loss_world=4.6520 |∇|=3.74e+02 γ=0.997 T=0.0501
2026-04-28 18:22:49,666 INFO train_distributed it=  19 lr=9.95e-04 loss_world=4.7213 |∇|=1.80e+03 γ=0.993 T=0.0502
2026-04-28 18:23:00,604 INFO train_distributed it=  29 lr=9.78e-04 loss_world=1.1126 |∇|=1.54e+02 γ=0.991 T=0.0502
2026-04-28 18:23:11,542 INFO train_distributed it=  39 lr=9.49e-04 loss_world=1.1643 |∇|=1.96e+02 γ=0.990 T=0.0503
2026-04-28 18:23:22,481 INFO train_distributed it=  49 lr=9.10e-04 loss_world=1.3919 |∇|=1.02e+02 γ=0.990 T=0.0503
2026-04-28 18:23:33,412 INFO train_distributed it=  59 lr=8.60e-04 loss_world=1.6721 |∇|=1.36e+02 γ=0.991 T=0.0505
2026-04-28 18:23:44,341 INFO train_distributed it=  69 lr=8.02e-04 loss_world=38.1879 |∇|=4.62e+03 γ=0.991 T=0.0505
2026-04-28 18:23:55,269 INFO train_distributed it=  79 lr=7.38e-04 loss_world=28.1503 |∇|=3.11e+03 γ=0.991 T=0.0504
2026-04-28 18:24:06,201 INFO train_distributed it=  89 lr=6.68e-04 loss_world=13.3198 |∇|=1.89e+03 γ=0.990 T=0.0504
2026-04-28 18:24:17,126 INFO train_distributed it=  99 lr=5.95e-04 loss_world=1.1386 |∇|=6.96e+01 γ=0.988 T=0.0505
2026-04-28 18:24:28,047 INFO train_distributed it= 109 lr=5.20e-04 loss_world=5.7610 |∇|=1.79e+03 γ=0.987 T=0.0505
2026-04-28 18:24:38,965 INFO train_distributed it= 119 lr=4.47e-04 loss_world=1.6925 |∇|=5.04e+02 γ=0.988 T=0.0505
2026-04-28 18:24:49,887 INFO train_distributed it= 129 lr=3.76e-04 loss_world=1.4668 |∇|=1.60e+02 γ=0.988 T=0.0505
2026-04-28 18:25:00,806 INFO train_distributed it= 139 lr=3.10e-04 loss_world=2.7089 |∇|=1.69e+03 γ=0.988 T=0.0505
2026-04-28 18:25:11,735 INFO train_distributed it= 149 lr=2.51e-04 loss_world=1.1422 |∇|=8.24e+01 γ=0.988 T=0.0505
2026-04-28 18:25:22,656 INFO train_distributed it= 159 lr=2.00e-04 loss_world=1.3014 |∇|=5.57e+01 γ=0.988 T=0.0505
2026-04-28 18:25:33,575 INFO train_distributed it= 169 lr=1.58e-04 loss_world=1.0509 |∇|=1.37e+02 γ=0.988 T=0.0505
2026-04-28 18:25:44,492 INFO train_distributed it= 179 lr=1.27e-04 loss_world=1.2105 |∇|=2.14e+02 γ=0.988 T=0.0505
2026-04-28 18:25:55,414 INFO train_distributed it= 189 lr=1.07e-04 loss_world=1.6540 |∇|=1.75e+03 γ=0.988 T=0.0505
2026-04-28 18:26:06,336 INFO train_distributed it= 199 lr=1.00e-04 loss_world=1.2406 |∇|=2.52e+02 γ=0.989 T=0.0505
2026-04-28 18:26:06,341 INFO train_distributed training finished in 219.7s (200 iters, world_size=1)
2026-04-28 18:26:06,341 INFO train_distributed [rank 0] peak HBM: alloc=7.09 GB, reserved=7.68 GB
2026-04-28 18:26:06,345 INFO train_distributed [rank 0] wrote experiments/040_arch_tier_2_1_jumps/results_t21_jumps_seed3/training_log.json
