2026-04-29 12:24:54,766 INFO train_distributed [dist] rank=0 world_size=1 local_rank=0 cuda_available=True
2026-04-29 12:24:54,812 INFO train_distributed loaded 2,841 returns for spx/2015-2026_daily
2026-04-29 12:24:54,820 INFO train_distributed targets: acf_sq=0.342 leverage_sum=-0.790 hill_alpha=2.68
2026-04-29 12:24:55,619 INFO train_distributed EcoMDSimulator built: 47261 parameters (device=cuda:0)
2026-04-29 12:24:58,414 INFO train_distributed it=   0 lr=1.00e-04 loss_world=25.3897 |∇|=5.30e+03 γ=1.000 T=0.0500
2026-04-29 12:25:12,153 INFO train_distributed it=   9 lr=1.00e-03 loss_world=2.0589 |∇|=2.79e+01 γ=0.997 T=0.0501
2026-04-29 12:25:27,529 INFO train_distributed it=  19 lr=9.95e-04 loss_world=0.7941 |∇|=1.21e+02 γ=0.995 T=0.0502
2026-04-29 12:25:42,871 INFO train_distributed it=  29 lr=9.78e-04 loss_world=1.1878 |∇|=4.11e+00 γ=0.995 T=0.0502
2026-04-29 12:25:58,191 INFO train_distributed it=  39 lr=9.49e-04 loss_world=0.6982 |∇|=4.53e+00 γ=0.995 T=0.0501
2026-04-29 12:26:13,512 INFO train_distributed it=  49 lr=9.10e-04 loss_world=1.1943 |∇|=3.40e-01 γ=0.995 T=0.0501
2026-04-29 12:26:28,835 INFO train_distributed it=  59 lr=8.60e-04 loss_world=0.8034 |∇|=2.00e+00 γ=0.995 T=0.0499
2026-04-29 12:26:44,154 INFO train_distributed it=  69 lr=8.02e-04 loss_world=0.7933 |∇|=1.55e+00 γ=0.994 T=0.0497
2026-04-29 12:26:59,481 INFO train_distributed it=  79 lr=7.38e-04 loss_world=0.9284 |∇|=8.88e-01 γ=0.994 T=0.0496
2026-04-29 12:27:14,812 INFO train_distributed it=  89 lr=6.68e-04 loss_world=1.2727 |∇|=2.13e+00 γ=0.995 T=0.0498
2026-04-29 12:27:30,147 INFO train_distributed it=  99 lr=5.95e-04 loss_world=1.2273 |∇|=8.24e+00 γ=0.998 T=0.0500
2026-04-29 12:27:45,467 INFO train_distributed it= 109 lr=5.20e-04 loss_world=0.8490 |∇|=1.94e+00 γ=0.999 T=0.0501
2026-04-29 12:28:00,791 INFO train_distributed it= 119 lr=4.47e-04 loss_world=1.2067 |∇|=4.01e+00 γ=1.000 T=0.0501
2026-04-29 12:28:16,122 INFO train_distributed it= 129 lr=3.76e-04 loss_world=1.0664 |∇|=1.35e+00 γ=1.000 T=0.0502
2026-04-29 12:28:31,441 INFO train_distributed it= 139 lr=3.10e-04 loss_world=1.1334 |∇|=2.85e+00 γ=1.000 T=0.0502
2026-04-29 12:28:46,760 INFO train_distributed it= 149 lr=2.51e-04 loss_world=0.8833 |∇|=4.71e-01 γ=1.000 T=0.0502
2026-04-29 12:29:02,084 INFO train_distributed it= 159 lr=2.00e-04 loss_world=0.9773 |∇|=5.61e+00 γ=1.000 T=0.0502
2026-04-29 12:29:17,424 INFO train_distributed it= 169 lr=1.58e-04 loss_world=0.5916 |∇|=3.43e+00 γ=1.000 T=0.0502
2026-04-29 12:29:32,741 INFO train_distributed it= 179 lr=1.27e-04 loss_world=0.8770 |∇|=2.00e+00 γ=1.000 T=0.0502
2026-04-29 12:29:48,066 INFO train_distributed it= 189 lr=1.07e-04 loss_world=1.1225 |∇|=2.89e+00 γ=1.001 T=0.0502
2026-04-29 12:30:03,392 INFO train_distributed it= 199 lr=1.00e-04 loss_world=0.8595 |∇|=1.68e+01 γ=1.001 T=0.0502
2026-04-29 12:30:03,399 INFO train_distributed training finished in 307.8s (200 iters, world_size=1)
2026-04-29 12:30:03,399 INFO train_distributed [rank 0] peak HBM: alloc=9.41 GB, reserved=10.01 GB
2026-04-29 12:30:03,402 INFO train_distributed [rank 0] wrote experiments/048_arch_dyngraph_pairs/results_p_4_2__2_1_seed1/training_log.json
