2026-04-28 18:40:13,045 INFO train_distributed [dist] rank=0 world_size=1 local_rank=0 cuda_available=True
2026-04-28 18:40:13,090 INFO train_distributed loaded 2,841 returns for spx/2015-2026_daily
2026-04-28 18:40:13,097 INFO train_distributed targets: acf_sq=0.342 leverage_sum=-0.790 hill_alpha=2.68
2026-04-28 18:40:16,150 INFO train_distributed EcoMDSimulator built: 33043 parameters (device=cuda:0)
2026-04-28 18:40:19,628 INFO train_distributed it=   0 lr=1.00e-04 loss_world=1.9287 |∇|=1.14e+02 γ=1.000 T=0.0500
2026-04-28 18:40:39,655 INFO train_distributed it=   9 lr=1.00e-03 loss_world=12.3165 |∇|=2.90e+03 γ=1.000 T=0.0501
2026-04-28 18:41:02,014 INFO train_distributed it=  19 lr=9.95e-04 loss_world=2.2009 |∇|=3.97e+02 γ=0.999 T=0.0501
2026-04-28 18:41:24,442 INFO train_distributed it=  29 lr=9.78e-04 loss_world=1.0002 |∇|=3.27e+01 γ=0.997 T=0.0502
2026-04-28 18:41:46,866 INFO train_distributed it=  39 lr=9.49e-04 loss_world=1.0425 |∇|=1.96e+01 γ=0.996 T=0.0502
2026-04-28 18:42:09,295 INFO train_distributed it=  49 lr=9.10e-04 loss_world=1.0391 |∇|=1.88e+01 γ=0.995 T=0.0502
2026-04-28 18:42:31,724 INFO train_distributed it=  59 lr=8.60e-04 loss_world=1.0147 |∇|=1.68e+01 γ=0.995 T=0.0502
2026-04-28 18:42:54,159 INFO train_distributed it=  69 lr=8.02e-04 loss_world=1.0127 |∇|=1.65e+01 γ=0.995 T=0.0502
2026-04-28 18:43:16,591 INFO train_distributed it=  79 lr=7.38e-04 loss_world=1.0053 |∇|=1.67e+01 γ=0.995 T=0.0502
2026-04-28 18:43:39,017 INFO train_distributed it=  89 lr=6.68e-04 loss_world=0.9932 |∇|=1.61e+01 γ=0.995 T=0.0502
2026-04-28 18:44:01,444 INFO train_distributed it=  99 lr=5.95e-04 loss_world=1.0280 |∇|=1.65e+01 γ=0.995 T=0.0502
2026-04-28 18:44:23,864 INFO train_distributed it= 109 lr=5.20e-04 loss_world=0.9964 |∇|=1.59e+01 γ=0.995 T=0.0502
2026-04-28 18:44:46,284 INFO train_distributed it= 119 lr=4.47e-04 loss_world=1.0078 |∇|=1.54e+01 γ=0.995 T=0.0502
2026-04-28 18:45:08,717 INFO train_distributed it= 129 lr=3.76e-04 loss_world=1.0068 |∇|=1.61e+01 γ=0.995 T=0.0502
2026-04-28 18:45:31,139 INFO train_distributed it= 139 lr=3.10e-04 loss_world=0.9925 |∇|=1.55e+01 γ=0.995 T=0.0502
2026-04-28 18:45:53,560 INFO train_distributed it= 149 lr=2.51e-04 loss_world=0.9976 |∇|=1.55e+01 γ=0.995 T=0.0502
2026-04-28 18:46:15,974 INFO train_distributed it= 159 lr=2.00e-04 loss_world=0.9949 |∇|=1.60e+01 γ=0.995 T=0.0502
2026-04-28 18:46:38,391 INFO train_distributed it= 169 lr=1.58e-04 loss_world=1.0048 |∇|=1.55e+01 γ=0.995 T=0.0502
2026-04-28 18:47:00,813 INFO train_distributed it= 179 lr=1.27e-04 loss_world=0.9845 |∇|=1.58e+01 γ=0.995 T=0.0502
2026-04-28 18:47:23,237 INFO train_distributed it= 189 lr=1.07e-04 loss_world=0.9912 |∇|=1.54e+01 γ=0.995 T=0.0502
2026-04-28 18:47:45,652 INFO train_distributed it= 199 lr=1.00e-04 loss_world=0.9794 |∇|=1.58e+01 γ=0.995 T=0.0502
2026-04-28 18:47:45,657 INFO train_distributed training finished in 449.5s (200 iters, world_size=1)
2026-04-28 18:47:45,658 INFO train_distributed [rank 0] peak HBM: alloc=7.45 GB, reserved=8.04 GB
2026-04-28 18:47:45,661 INFO train_distributed [rank 0] wrote experiments/038_arch_tier_1_2_kernels/results_t12_kernels_seed3/training_log.json
