2026-04-29 16:05:20,100 INFO train_distributed [dist] rank=0 world_size=1 local_rank=0 cuda_available=True
2026-04-29 16:05:20,145 INFO train_distributed loaded 2,841 returns for spx/2015-2026_daily
2026-04-29 16:05:20,163 INFO train_distributed targets: acf_sq=0.342 leverage_sum=-0.790 hill_alpha=2.68
2026-04-29 16:05:21,065 INFO train_distributed EcoMDSimulator built: 34796 parameters (device=cuda:0)
2026-04-29 16:05:25,573 INFO train_distributed it=   0 lr=1.00e-04 loss_world=2.5791 |∇|=1.51e+02 γ=1.000 T=0.0500
2026-04-29 16:05:47,943 INFO train_distributed it=   9 lr=1.00e-03 loss_world=1.9986 |∇|=2.91e+01 γ=0.998 T=0.0502
2026-04-29 16:06:12,795 INFO train_distributed it=  19 lr=9.95e-04 loss_world=1.5093 |∇|=4.38e+01 γ=0.995 T=0.0504
2026-04-29 16:06:37,661 INFO train_distributed it=  29 lr=9.78e-04 loss_world=1.5588 |∇|=1.14e+01 γ=0.995 T=0.0504
2026-04-29 16:07:02,525 INFO train_distributed it=  39 lr=9.49e-04 loss_world=1.9957 |∇|=2.90e+02 γ=0.993 T=0.0505
2026-04-29 16:07:27,395 INFO train_distributed it=  49 lr=9.10e-04 loss_world=1.2417 |∇|=1.43e+02 γ=0.999 T=0.0505
2026-04-29 16:07:52,262 INFO train_distributed it=  59 lr=8.60e-04 loss_world=0.5849 |∇|=3.11e+02 γ=1.003 T=0.0504
2026-04-29 16:08:17,113 INFO train_distributed it=  69 lr=8.02e-04 loss_world=0.8480 |∇|=4.09e+04 γ=1.005 T=0.0502
2026-04-29 16:08:41,983 INFO train_distributed it=  79 lr=7.38e-04 loss_world=0.6263 |∇|=1.17e+04 γ=1.007 T=0.0500
2026-04-29 16:09:06,843 INFO train_distributed it=  89 lr=6.68e-04 loss_world=1.2070 |∇|=3.46e+01 γ=1.009 T=0.0500
2026-04-29 16:09:50,299 INFO train_distributed it=  99 lr=5.95e-04 loss_world=0.7754 |∇|=4.80e+01 γ=1.009 T=0.0501
2026-04-29 16:10:44,191 INFO train_distributed it= 109 lr=5.20e-04 loss_world=0.9150 |∇|=5.47e+02 γ=1.009 T=0.0501
2026-04-29 16:11:38,087 INFO train_distributed it= 119 lr=4.47e-04 loss_world=0.8295 |∇|=5.93e+01 γ=1.010 T=0.0501
2026-04-29 16:12:32,004 INFO train_distributed it= 129 lr=3.76e-04 loss_world=1.5235 |∇|=1.86e+01 γ=1.010 T=0.0500
2026-04-29 16:13:25,930 INFO train_distributed it= 139 lr=3.10e-04 loss_world=0.9650 |∇|=3.25e+01 γ=1.010 T=0.0500
2026-04-29 16:14:19,833 INFO train_distributed it= 149 lr=2.51e-04 loss_world=1.1580 |∇|=2.21e+01 γ=1.010 T=0.0500
2026-04-29 16:15:13,779 INFO train_distributed it= 159 lr=2.00e-04 loss_world=0.7119 |∇|=1.14e+02 γ=1.010 T=0.0499
2026-04-29 16:16:07,718 INFO train_distributed it= 169 lr=1.58e-04 loss_world=0.9829 |∇|=8.33e+01 γ=1.010 T=0.0499
2026-04-29 16:17:01,661 INFO train_distributed it= 179 lr=1.27e-04 loss_world=0.6897 |∇|=5.41e+01 γ=1.010 T=0.0499
2026-04-29 16:17:55,597 INFO train_distributed it= 189 lr=1.07e-04 loss_world=0.8811 |∇|=4.90e+01 γ=1.010 T=0.0499
2026-04-29 16:18:49,526 INFO train_distributed it= 199 lr=1.00e-04 loss_world=0.8767 |∇|=6.21e+01 γ=1.010 T=0.0499
2026-04-29 16:18:49,532 INFO train_distributed training finished in 808.5s (200 iters, world_size=1)
2026-04-29 16:18:49,532 INFO train_distributed [rank 0] peak HBM: alloc=9.09 GB, reserved=9.90 GB
2026-04-29 16:18:49,535 INFO train_distributed [rank 0] wrote experiments/043_arch_pairs/results_p_1_1__1_3_seed3/training_log.json
