2026-04-28 19:26:47,971 INFO train_distributed [dist] rank=0 world_size=1 local_rank=0 cuda_available=True
2026-04-28 19:26:48,016 INFO train_distributed loaded 2,841 returns for spx/2015-2026_daily
2026-04-28 19:26:48,023 INFO train_distributed targets: acf_sq=0.342 leverage_sum=-0.790 hill_alpha=2.68
2026-04-28 19:26:48,825 INFO train_distributed EcoMDSimulator built: 35863 parameters (device=cuda:0)
2026-04-28 19:26:52,354 INFO train_distributed it=   0 lr=1.00e-04 loss_world=4.8705 |∇|=1.19e+03 γ=1.000 T=0.0500
2026-04-28 19:27:12,664 INFO train_distributed it=   9 lr=1.00e-03 loss_world=4.3068 |∇|=3.36e+02 γ=1.003 T=0.0501
2026-04-28 19:27:35,347 INFO train_distributed it=  19 lr=9.95e-04 loss_world=2.6489 |∇|=1.61e+02 γ=0.998 T=0.0502
2026-04-28 19:27:58,069 INFO train_distributed it=  29 lr=9.78e-04 loss_world=6.2673 |∇|=9.96e+02 γ=0.994 T=0.0502
2026-04-28 19:28:20,795 INFO train_distributed it=  39 lr=9.49e-04 loss_world=2.5027 |∇|=2.54e+02 γ=0.988 T=0.0503
2026-04-28 19:28:43,523 INFO train_distributed it=  49 lr=9.10e-04 loss_world=25.1798 |∇|=1.47e+04 γ=0.983 T=0.0502
2026-04-28 19:29:06,238 INFO train_distributed it=  59 lr=8.60e-04 loss_world=3.1298 |∇|=2.09e+03 γ=0.979 T=0.0502
2026-04-28 19:29:28,956 INFO train_distributed it=  69 lr=8.02e-04 loss_world=10.5431 |∇|=6.65e+03 γ=0.977 T=0.0502
2026-04-28 19:29:51,669 INFO train_distributed it=  79 lr=7.38e-04 loss_world=4.1958 |∇|=4.04e+03 γ=0.974 T=0.0503
2026-04-28 19:30:14,383 INFO train_distributed it=  89 lr=6.68e-04 loss_world=10.0105 |∇|=3.92e+03 γ=0.972 T=0.0504
2026-04-28 19:30:37,088 INFO train_distributed it=  99 lr=5.95e-04 loss_world=58.3955 |∇|=4.84e+04 γ=0.970 T=0.0505
2026-04-28 19:30:59,788 INFO train_distributed it= 109 lr=5.20e-04 loss_world=19.2059 |∇|=2.32e+04 γ=0.969 T=0.0504
2026-04-28 19:31:28,246 INFO train_distributed it= 119 lr=4.47e-04 loss_world=5.0871 |∇|=7.81e+03 γ=0.967 T=0.0504
2026-04-28 19:32:15,854 INFO train_distributed it= 129 lr=3.76e-04 loss_world=11.2237 |∇|=2.48e+03 γ=0.966 T=0.0504
2026-04-28 19:33:03,348 INFO train_distributed it= 139 lr=3.10e-04 loss_world=5.4186 |∇|=2.40e+04 γ=0.966 T=0.0504
2026-04-28 19:33:50,863 INFO train_distributed it= 149 lr=2.51e-04 loss_world=2.2650 |∇|=7.20e+02 γ=0.966 T=0.0504
2026-04-28 19:34:38,397 INFO train_distributed it= 159 lr=2.00e-04 loss_world=2.1127 |∇|=1.89e+03 γ=0.966 T=0.0504
2026-04-28 19:35:25,862 INFO train_distributed it= 169 lr=1.58e-04 loss_world=2.6692 |∇|=1.45e+03 γ=0.966 T=0.0504
2026-04-28 19:36:13,336 INFO train_distributed it= 179 lr=1.27e-04 loss_world=2.9415 |∇|=5.81e+03 γ=0.966 T=0.0504
2026-04-28 19:37:00,826 INFO train_distributed it= 189 lr=1.07e-04 loss_world=6.5272 |∇|=2.69e+04 γ=0.966 T=0.0504
2026-04-28 19:37:48,325 INFO train_distributed it= 199 lr=1.00e-04 loss_world=4.4391 |∇|=1.71e+04 γ=0.966 T=0.0504
2026-04-28 19:37:48,331 INFO train_distributed training finished in 659.5s (200 iters, world_size=1)
2026-04-28 19:37:48,332 INFO train_distributed [rank 0] peak HBM: alloc=7.47 GB, reserved=8.05 GB
2026-04-28 19:37:48,335 INFO train_distributed [rank 0] wrote experiments/043_arch_pairs/results_p_1_1__1_2_seed1/training_log.json
