2026-04-29 15:57:37,731 INFO train_distributed [dist] rank=0 world_size=1 local_rank=0 cuda_available=True
2026-04-29 15:57:37,776 INFO train_distributed loaded 2,841 returns for spx/2015-2026_daily
2026-04-29 15:57:37,783 INFO train_distributed targets: acf_sq=0.342 leverage_sum=-0.790 hill_alpha=2.68
2026-04-29 15:57:40,386 INFO train_distributed EcoMDSimulator built: 35863 parameters (device=cuda:0)
2026-04-29 15:57:43,961 INFO train_distributed it=   0 lr=1.00e-04 loss_world=4.8705 |∇|=1.19e+03 γ=1.000 T=0.0500
2026-04-29 15:58:04,271 INFO train_distributed it=   9 lr=1.00e-03 loss_world=4.3068 |∇|=3.36e+02 γ=1.003 T=0.0501
2026-04-29 15:58:26,964 INFO train_distributed it=  19 lr=9.95e-04 loss_world=2.6489 |∇|=1.61e+02 γ=0.998 T=0.0502
2026-04-29 15:58:49,703 INFO train_distributed it=  29 lr=9.78e-04 loss_world=6.2673 |∇|=9.96e+02 γ=0.994 T=0.0502
2026-04-29 15:59:12,468 INFO train_distributed it=  39 lr=9.49e-04 loss_world=2.5027 |∇|=2.54e+02 γ=0.988 T=0.0503
2026-04-29 15:59:35,206 INFO train_distributed it=  49 lr=9.10e-04 loss_world=25.1798 |∇|=1.47e+04 γ=0.983 T=0.0502
2026-04-29 15:59:57,947 INFO train_distributed it=  59 lr=8.60e-04 loss_world=3.1298 |∇|=2.09e+03 γ=0.979 T=0.0502
2026-04-29 16:00:20,691 INFO train_distributed it=  69 lr=8.02e-04 loss_world=10.5431 |∇|=6.65e+03 γ=0.977 T=0.0502
2026-04-29 16:00:43,425 INFO train_distributed it=  79 lr=7.38e-04 loss_world=4.1958 |∇|=4.04e+03 γ=0.974 T=0.0503
2026-04-29 16:01:06,155 INFO train_distributed it=  89 lr=6.68e-04 loss_world=10.0105 |∇|=3.92e+03 γ=0.972 T=0.0504
2026-04-29 16:01:28,891 INFO train_distributed it=  99 lr=5.95e-04 loss_world=58.3955 |∇|=4.84e+04 γ=0.970 T=0.0505
2026-04-29 16:01:51,619 INFO train_distributed it= 109 lr=5.20e-04 loss_world=19.2059 |∇|=2.32e+04 γ=0.969 T=0.0504
2026-04-29 16:02:14,343 INFO train_distributed it= 119 lr=4.47e-04 loss_world=5.0871 |∇|=7.81e+03 γ=0.967 T=0.0504
2026-04-29 16:02:37,068 INFO train_distributed it= 129 lr=3.76e-04 loss_world=11.2237 |∇|=2.48e+03 γ=0.966 T=0.0504
2026-04-29 16:02:59,795 INFO train_distributed it= 139 lr=3.10e-04 loss_world=5.4186 |∇|=2.40e+04 γ=0.966 T=0.0504
2026-04-29 16:03:22,514 INFO train_distributed it= 149 lr=2.51e-04 loss_world=2.2650 |∇|=7.20e+02 γ=0.966 T=0.0504
2026-04-29 16:03:45,233 INFO train_distributed it= 159 lr=2.00e-04 loss_world=2.1127 |∇|=1.89e+03 γ=0.966 T=0.0504
2026-04-29 16:04:07,968 INFO train_distributed it= 169 lr=1.58e-04 loss_world=2.6692 |∇|=1.45e+03 γ=0.966 T=0.0504
2026-04-29 16:04:30,693 INFO train_distributed it= 179 lr=1.27e-04 loss_world=2.9415 |∇|=5.81e+03 γ=0.966 T=0.0504
2026-04-29 16:04:53,438 INFO train_distributed it= 189 lr=1.07e-04 loss_world=6.5272 |∇|=2.69e+04 γ=0.966 T=0.0504
2026-04-29 16:05:16,158 INFO train_distributed it= 199 lr=1.00e-04 loss_world=4.4391 |∇|=1.71e+04 γ=0.966 T=0.0504
2026-04-29 16:05:16,164 INFO train_distributed training finished in 455.8s (200 iters, world_size=1)
2026-04-29 16:05:16,164 INFO train_distributed [rank 0] peak HBM: alloc=7.47 GB, reserved=8.05 GB
2026-04-29 16:05:16,167 INFO train_distributed [rank 0] wrote experiments/043_arch_pairs/results_p_1_1__1_2_seed1/training_log.json
