2026-04-29 12:19:33,659 INFO train_distributed [dist] rank=0 world_size=1 local_rank=0 cuda_available=True
2026-04-29 12:19:33,703 INFO train_distributed loaded 2,841 returns for spx/2015-2026_daily
2026-04-29 12:19:33,711 INFO train_distributed targets: acf_sq=0.342 leverage_sum=-0.790 hill_alpha=2.68
2026-04-29 12:19:35,587 INFO train_distributed EcoMDSimulator built: 47453 parameters (device=cuda:0)
2026-04-29 12:19:38,563 INFO train_distributed it=   0 lr=1.00e-04 loss_world=2.4698 |∇|=4.06e+02 γ=1.000 T=0.0500
2026-04-29 12:19:53,845 INFO train_distributed it=   9 lr=1.00e-03 loss_world=2.0513 |∇|=6.91e+00 γ=0.998 T=0.0499
2026-04-29 12:20:10,795 INFO train_distributed it=  19 lr=9.95e-04 loss_world=nan |∇|=nan γ=nan T=nan
2026-04-29 12:20:27,710 INFO train_distributed it=  29 lr=9.78e-04 loss_world=nan |∇|=nan γ=nan T=nan
2026-04-29 12:20:44,624 INFO train_distributed it=  39 lr=9.49e-04 loss_world=nan |∇|=nan γ=nan T=nan
2026-04-29 12:21:01,527 INFO train_distributed it=  49 lr=9.10e-04 loss_world=nan |∇|=nan γ=nan T=nan
2026-04-29 12:21:18,439 INFO train_distributed it=  59 lr=8.60e-04 loss_world=nan |∇|=nan γ=nan T=nan
2026-04-29 12:21:35,342 INFO train_distributed it=  69 lr=8.02e-04 loss_world=nan |∇|=nan γ=nan T=nan
2026-04-29 12:21:52,248 INFO train_distributed it=  79 lr=7.38e-04 loss_world=nan |∇|=nan γ=nan T=nan
2026-04-29 12:22:09,155 INFO train_distributed it=  89 lr=6.68e-04 loss_world=nan |∇|=nan γ=nan T=nan
2026-04-29 12:22:26,058 INFO train_distributed it=  99 lr=5.95e-04 loss_world=nan |∇|=nan γ=nan T=nan
2026-04-29 12:22:42,960 INFO train_distributed it= 109 lr=5.20e-04 loss_world=nan |∇|=nan γ=nan T=nan
2026-04-29 12:22:59,864 INFO train_distributed it= 119 lr=4.47e-04 loss_world=nan |∇|=nan γ=nan T=nan
2026-04-29 12:23:16,767 INFO train_distributed it= 129 lr=3.76e-04 loss_world=nan |∇|=nan γ=nan T=nan
2026-04-29 12:23:33,665 INFO train_distributed it= 139 lr=3.10e-04 loss_world=nan |∇|=nan γ=nan T=nan
2026-04-29 12:23:50,566 INFO train_distributed it= 149 lr=2.51e-04 loss_world=nan |∇|=nan γ=nan T=nan
2026-04-29 12:24:07,474 INFO train_distributed it= 159 lr=2.00e-04 loss_world=nan |∇|=nan γ=nan T=nan
2026-04-29 12:24:24,378 INFO train_distributed it= 169 lr=1.58e-04 loss_world=nan |∇|=nan γ=nan T=nan
2026-04-29 12:24:41,283 INFO train_distributed it= 179 lr=1.27e-04 loss_world=nan |∇|=nan γ=nan T=nan
2026-04-29 12:24:58,208 INFO train_distributed it= 189 lr=1.07e-04 loss_world=nan |∇|=nan γ=nan T=nan
2026-04-29 12:25:15,124 INFO train_distributed it= 199 lr=1.00e-04 loss_world=nan |∇|=nan γ=nan T=nan
2026-04-29 12:25:15,130 INFO train_distributed training finished in 339.5s (200 iters, world_size=1)
2026-04-29 12:25:15,130 INFO train_distributed [rank 0] peak HBM: alloc=9.73 GB, reserved=10.35 GB
2026-04-29 12:25:15,132 INFO train_distributed [rank 0] wrote experiments/048_arch_dyngraph_pairs/results_p_4_2__1_3_seed0/training_log.json
