2026-04-29 12:25:19,174 INFO train_distributed [dist] rank=0 world_size=1 local_rank=0 cuda_available=True
2026-04-29 12:25:19,217 INFO train_distributed loaded 2,841 returns for spx/2015-2026_daily
2026-04-29 12:25:19,224 INFO train_distributed targets: acf_sq=0.342 leverage_sum=-0.790 hill_alpha=2.68
2026-04-29 12:25:19,522 INFO train_distributed EcoMDSimulator built: 47261 parameters (device=cuda:0)
2026-04-29 12:25:22,256 INFO train_distributed it=   0 lr=1.00e-04 loss_world=5.9388 |∇|=1.23e+03 γ=1.000 T=0.0500
2026-04-29 12:25:35,908 INFO train_distributed it=   9 lr=1.00e-03 loss_world=2.9839 |∇|=2.22e+02 γ=0.997 T=0.0500
2026-04-29 12:25:51,192 INFO train_distributed it=  19 lr=9.95e-04 loss_world=2.0046 |∇|=1.58e+01 γ=0.994 T=0.0501
2026-04-29 12:26:06,495 INFO train_distributed it=  29 lr=9.78e-04 loss_world=1.1619 |∇|=7.97e+01 γ=0.994 T=0.0501
2026-04-29 12:26:21,782 INFO train_distributed it=  39 lr=9.49e-04 loss_world=1.4326 |∇|=1.04e+01 γ=0.993 T=0.0501
2026-04-29 12:26:37,061 INFO train_distributed it=  49 lr=9.10e-04 loss_world=1.0499 |∇|=3.47e+01 γ=0.993 T=0.0501
2026-04-29 12:26:52,333 INFO train_distributed it=  59 lr=8.60e-04 loss_world=4.2830 |∇|=1.87e+02 γ=0.992 T=0.0499
2026-04-29 12:27:07,626 INFO train_distributed it=  69 lr=8.02e-04 loss_world=2.8969 |∇|=2.30e+02 γ=0.994 T=0.0499
2026-04-29 12:27:22,905 INFO train_distributed it=  79 lr=7.38e-04 loss_world=1.0871 |∇|=3.46e+01 γ=0.996 T=0.0499
2026-04-29 12:27:38,174 INFO train_distributed it=  89 lr=6.68e-04 loss_world=1.2613 |∇|=6.59e+01 γ=0.997 T=0.0499
2026-04-29 12:27:53,445 INFO train_distributed it=  99 lr=5.95e-04 loss_world=1.0341 |∇|=3.27e+02 γ=0.998 T=0.0499
2026-04-29 12:28:08,738 INFO train_distributed it= 109 lr=5.20e-04 loss_world=1.0239 |∇|=9.41e+01 γ=0.998 T=0.0500
2026-04-29 12:28:24,033 INFO train_distributed it= 119 lr=4.47e-04 loss_world=1.1302 |∇|=6.08e+01 γ=0.998 T=0.0501
2026-04-29 12:28:39,303 INFO train_distributed it= 129 lr=3.76e-04 loss_world=3.5327 |∇|=7.89e+02 γ=0.999 T=0.0501
2026-04-29 12:28:54,572 INFO train_distributed it= 139 lr=3.10e-04 loss_world=1.2246 |∇|=6.78e+01 γ=0.999 T=0.0501
2026-04-29 12:29:09,857 INFO train_distributed it= 149 lr=2.51e-04 loss_world=1.0835 |∇|=1.01e+02 γ=0.999 T=0.0501
2026-04-29 12:29:25,131 INFO train_distributed it= 159 lr=2.00e-04 loss_world=0.9919 |∇|=8.16e+01 γ=0.999 T=0.0501
2026-04-29 12:29:40,407 INFO train_distributed it= 169 lr=1.58e-04 loss_world=0.9951 |∇|=1.33e+02 γ=0.999 T=0.0501
2026-04-29 12:29:55,678 INFO train_distributed it= 179 lr=1.27e-04 loss_world=1.1247 |∇|=7.34e+01 γ=0.999 T=0.0501
2026-04-29 12:30:10,961 INFO train_distributed it= 189 lr=1.07e-04 loss_world=1.0219 |∇|=1.32e+02 γ=0.999 T=0.0501
2026-04-29 12:30:26,246 INFO train_distributed it= 199 lr=1.00e-04 loss_world=1.1100 |∇|=5.77e+01 γ=0.999 T=0.0501
2026-04-29 12:30:26,253 INFO train_distributed training finished in 306.7s (200 iters, world_size=1)
2026-04-29 12:30:26,253 INFO train_distributed [rank 0] peak HBM: alloc=9.41 GB, reserved=10.01 GB
2026-04-29 12:30:26,256 INFO train_distributed [rank 0] wrote experiments/048_arch_dyngraph_pairs/results_p_4_2__2_1_seed4/training_log.json
