2026-04-29 11:57:14,061 INFO train_distributed [dist] rank=0 world_size=1 local_rank=0 cuda_available=True
2026-04-29 11:57:14,106 INFO train_distributed loaded 2,841 returns for spx/2015-2026_daily
2026-04-29 11:57:14,113 INFO train_distributed targets: acf_sq=0.342 leverage_sum=-0.790 hill_alpha=2.68
2026-04-29 11:57:15,704 INFO train_distributed EcoMDSimulator built: 40997 parameters (device=cuda:0)
2026-04-29 11:57:18,454 INFO train_distributed it=   0 lr=1.00e-04 loss_world=32.0974 |∇|=8.90e+03 γ=1.000 T=0.0500
2026-04-29 11:57:31,450 INFO train_distributed it=   9 lr=1.00e-03 loss_world=2.2277 |∇|=2.92e+01 γ=0.996 T=0.0500
2026-04-29 11:57:46,002 INFO train_distributed it=  19 lr=9.95e-04 loss_world=1.1154 |∇|=1.18e+01 γ=0.993 T=0.0500
2026-04-29 11:58:00,537 INFO train_distributed it=  29 lr=9.78e-04 loss_world=4.0359 |∇|=2.33e+03 γ=0.991 T=0.0500
2026-04-29 11:58:15,022 INFO train_distributed it=  39 lr=9.49e-04 loss_world=1.1405 |∇|=1.59e+01 γ=0.989 T=0.0500
2026-04-29 11:58:29,500 INFO train_distributed it=  49 lr=9.10e-04 loss_world=1.2061 |∇|=2.15e+02 γ=0.987 T=0.0500
2026-04-29 11:58:43,977 INFO train_distributed it=  59 lr=8.60e-04 loss_world=1.1842 |∇|=3.86e+01 γ=0.986 T=0.0500
2026-04-29 11:58:58,439 INFO train_distributed it=  69 lr=8.02e-04 loss_world=1.2200 |∇|=1.92e+01 γ=0.986 T=0.0500
2026-04-29 11:59:12,809 INFO train_distributed it=  79 lr=7.38e-04 loss_world=1.1770 |∇|=2.15e+01 γ=0.987 T=0.0500
2026-04-29 11:59:27,152 INFO train_distributed it=  89 lr=6.68e-04 loss_world=1.2214 |∇|=2.68e+01 γ=0.987 T=0.0500
2026-04-29 11:59:41,505 INFO train_distributed it=  99 lr=5.95e-04 loss_world=0.9916 |∇|=3.84e+04 γ=0.987 T=0.0500
2026-04-29 11:59:55,882 INFO train_distributed it= 109 lr=5.20e-04 loss_world=1.5118 |∇|=1.38e+03 γ=0.986 T=0.0500
2026-04-29 12:00:10,240 INFO train_distributed it= 119 lr=4.47e-04 loss_world=4.4492 |∇|=2.49e+04 γ=0.986 T=0.0500
2026-04-29 12:00:24,574 INFO train_distributed it= 129 lr=3.76e-04 loss_world=1.1928 |∇|=4.78e+01 γ=0.985 T=0.0500
2026-04-29 12:00:38,899 INFO train_distributed it= 139 lr=3.10e-04 loss_world=1.0659 |∇|=2.30e+01 γ=0.985 T=0.0500
2026-04-29 12:00:53,225 INFO train_distributed it= 149 lr=2.51e-04 loss_world=1.8470 |∇|=1.77e+04 γ=0.985 T=0.0500
2026-04-29 12:01:07,590 INFO train_distributed it= 159 lr=2.00e-04 loss_world=3.0683 |∇|=2.76e+04 γ=0.985 T=0.0500
2026-04-29 12:01:21,987 INFO train_distributed it= 169 lr=1.58e-04 loss_world=0.9941 |∇|=2.71e+01 γ=0.985 T=0.0500
2026-04-29 12:01:36,359 INFO train_distributed it= 179 lr=1.27e-04 loss_world=1.0582 |∇|=2.83e+03 γ=0.985 T=0.0500
2026-04-29 12:01:50,734 INFO train_distributed it= 189 lr=1.07e-04 loss_world=1.0951 |∇|=2.00e+01 γ=0.985 T=0.0500
2026-04-29 12:02:05,105 INFO train_distributed it= 199 lr=1.00e-04 loss_world=1.0021 |∇|=3.35e+01 γ=0.985 T=0.0500
2026-04-29 12:02:05,111 INFO train_distributed training finished in 289.4s (200 iters, world_size=1)
2026-04-29 12:02:05,111 INFO train_distributed [rank 0] peak HBM: alloc=9.15 GB, reserved=9.70 GB
2026-04-29 12:02:05,114 INFO train_distributed [rank 0] wrote experiments/047_arch_tier_4_2_dyngraph/results_t42_dyngraph_no_u_seed9/training_log.json
