2026-04-29 17:14:49,809 INFO train_distributed [dist] rank=0 world_size=1 local_rank=0 cuda_available=True
2026-04-29 17:14:49,855 INFO train_distributed loaded 2,841 returns for spx/2015-2026_daily
2026-04-29 17:14:49,862 INFO train_distributed targets: acf_sq=0.342 leverage_sum=-0.790 hill_alpha=2.68
2026-04-29 17:14:52,350 INFO train_distributed EcoMDSimulator built: 41381 parameters (device=cuda:0)
2026-04-29 17:14:56,133 INFO train_distributed it=   0 lr=1.00e-04 loss_world=2.7543 |∇|=2.25e+01 γ=1.000 T=0.0500
2026-04-29 17:15:18,342 INFO train_distributed it=   9 lr=1.00e-03 loss_world=1.4584 |∇|=5.84e+02 γ=1.000 T=0.0501
2026-04-29 17:15:43,052 INFO train_distributed it=  19 lr=9.95e-04 loss_world=12.3637 |∇|=6.45e+03 γ=0.999 T=0.0502
2026-04-29 17:16:07,785 INFO train_distributed it=  29 lr=9.78e-04 loss_world=2.1221 |∇|=9.53e+01 γ=0.994 T=0.0505
2026-04-29 17:16:32,496 INFO train_distributed it=  39 lr=9.49e-04 loss_world=1.9968 |∇|=4.51e+01 γ=0.992 T=0.0507
2026-04-29 17:16:57,198 INFO train_distributed it=  49 lr=9.10e-04 loss_world=1.0206 |∇|=1.17e+02 γ=0.991 T=0.0509
2026-04-29 17:17:21,907 INFO train_distributed it=  59 lr=8.60e-04 loss_world=5.7167 |∇|=4.16e+03 γ=0.991 T=0.0512
2026-04-29 17:17:46,620 INFO train_distributed it=  69 lr=8.02e-04 loss_world=3.8877 |∇|=4.04e+03 γ=0.990 T=0.0514
2026-04-29 17:18:11,366 INFO train_distributed it=  79 lr=7.38e-04 loss_world=1.8393 |∇|=1.09e+02 γ=0.989 T=0.0515
2026-04-29 17:18:36,157 INFO train_distributed it=  89 lr=6.68e-04 loss_world=2.9429 |∇|=1.59e+01 γ=0.987 T=0.0516
2026-04-29 17:19:00,961 INFO train_distributed it=  99 lr=5.95e-04 loss_world=1.6697 |∇|=1.85e+02 γ=0.985 T=0.0518
2026-04-29 17:19:25,699 INFO train_distributed it= 109 lr=5.20e-04 loss_world=1.9851 |∇|=2.46e+02 γ=0.985 T=0.0520
2026-04-29 17:19:50,452 INFO train_distributed it= 119 lr=4.47e-04 loss_world=2.6215 |∇|=8.41e+01 γ=0.984 T=0.0521
2026-04-29 17:20:15,214 INFO train_distributed it= 129 lr=3.76e-04 loss_world=3.6055 |∇|=3.14e+03 γ=0.982 T=0.0522
2026-04-29 17:20:39,986 INFO train_distributed it= 139 lr=3.10e-04 loss_world=1.4575 |∇|=3.06e+02 γ=0.981 T=0.0524
2026-04-29 17:21:04,746 INFO train_distributed it= 149 lr=2.51e-04 loss_world=3.1428 |∇|=2.77e+03 γ=0.980 T=0.0525
2026-04-29 17:21:29,460 INFO train_distributed it= 159 lr=2.00e-04 loss_world=1.0114 |∇|=4.45e+02 γ=0.980 T=0.0525
2026-04-29 17:21:54,202 INFO train_distributed it= 169 lr=1.58e-04 loss_world=0.9100 |∇|=1.52e+02 γ=0.980 T=0.0525
2026-04-29 17:22:18,978 INFO train_distributed it= 179 lr=1.27e-04 loss_world=1.9274 |∇|=1.36e+02 γ=0.980 T=0.0525
2026-04-29 17:22:43,748 INFO train_distributed it= 189 lr=1.07e-04 loss_world=0.9249 |∇|=4.05e+02 γ=0.980 T=0.0525
2026-04-29 17:23:08,504 INFO train_distributed it= 199 lr=1.00e-04 loss_world=0.6287 |∇|=2.59e+02 γ=0.980 T=0.0525
2026-04-29 17:23:08,510 INFO train_distributed training finished in 496.2s (200 iters, world_size=1)
2026-04-29 17:23:08,510 INFO train_distributed [rank 0] peak HBM: alloc=11.50 GB, reserved=11.67 GB
2026-04-29 17:23:08,514 INFO train_distributed [rank 0] wrote experiments/047_arch_tier_4_2_dyngraph/results_t42_dyngraph_no_u_seed9/training_log.json
