2026-04-29 16:09:54,981 INFO train_distributed [dist] rank=0 world_size=1 local_rank=0 cuda_available=True
2026-04-29 16:09:55,025 INFO train_distributed loaded 2,841 returns for spx/2015-2026_daily
2026-04-29 16:09:55,033 INFO train_distributed targets: acf_sq=0.342 leverage_sum=-0.790 hill_alpha=2.68
2026-04-29 16:09:55,281 INFO train_distributed EcoMDSimulator built: 33431 parameters (device=cuda:0)
2026-04-29 16:10:00,118 INFO train_distributed it=   0 lr=1.00e-04 loss_world=3.1059 |∇|=1.08e+02 γ=1.000 T=0.0500
2026-04-29 16:10:32,643 INFO train_distributed it=   9 lr=1.00e-03 loss_world=1.2298 |∇|=4.27e+02 γ=1.002 T=0.0502
2026-04-29 16:11:08,782 INFO train_distributed it=  19 lr=9.95e-04 loss_world=0.9069 |∇|=8.73e+01 γ=1.003 T=0.0503
2026-04-29 16:11:44,907 INFO train_distributed it=  29 lr=9.78e-04 loss_world=1.1033 |∇|=1.51e+02 γ=1.003 T=0.0503
2026-04-29 16:12:21,031 INFO train_distributed it=  39 lr=9.49e-04 loss_world=1.0359 |∇|=1.21e+02 γ=1.004 T=0.0504
2026-04-29 16:12:57,158 INFO train_distributed it=  49 lr=9.10e-04 loss_world=1.2896 |∇|=1.98e+01 γ=1.004 T=0.0504
2026-04-29 16:13:33,279 INFO train_distributed it=  59 lr=8.60e-04 loss_world=0.8305 |∇|=3.03e+01 γ=1.005 T=0.0503
2026-04-29 16:14:09,402 INFO train_distributed it=  69 lr=8.02e-04 loss_world=0.7971 |∇|=1.85e+01 γ=1.001 T=0.0504
2026-04-29 16:14:45,521 INFO train_distributed it=  79 lr=7.38e-04 loss_world=0.8988 |∇|=1.23e+02 γ=1.000 T=0.0504
2026-04-29 16:15:21,639 INFO train_distributed it=  89 lr=6.68e-04 loss_world=0.7029 |∇|=1.44e+02 γ=0.997 T=0.0505
2026-04-29 16:15:57,753 INFO train_distributed it=  99 lr=5.95e-04 loss_world=0.8453 |∇|=3.14e+01 γ=0.996 T=0.0505
2026-04-29 16:16:33,875 INFO train_distributed it= 109 lr=5.20e-04 loss_world=1.1531 |∇|=1.10e+02 γ=0.996 T=0.0505
2026-04-29 16:17:09,988 INFO train_distributed it= 119 lr=4.47e-04 loss_world=1.4266 |∇|=5.89e+01 γ=0.995 T=0.0505
2026-04-29 16:17:46,107 INFO train_distributed it= 129 lr=3.76e-04 loss_world=0.9437 |∇|=7.52e+02 γ=0.995 T=0.0505
2026-04-29 16:18:22,231 INFO train_distributed it= 139 lr=3.10e-04 loss_world=1.0905 |∇|=2.34e+01 γ=0.995 T=0.0505
2026-04-29 16:18:58,352 INFO train_distributed it= 149 lr=2.51e-04 loss_world=1.5662 |∇|=1.74e+03 γ=0.995 T=0.0505
2026-04-29 16:19:34,479 INFO train_distributed it= 159 lr=2.00e-04 loss_world=0.7049 |∇|=5.02e+01 γ=0.995 T=0.0505
2026-04-29 16:20:10,597 INFO train_distributed it= 169 lr=1.58e-04 loss_world=1.2769 |∇|=1.39e+02 γ=0.995 T=0.0505
2026-04-29 16:20:46,726 INFO train_distributed it= 179 lr=1.27e-04 loss_world=0.8703 |∇|=8.66e+01 γ=0.995 T=0.0505
2026-04-29 16:21:23,613 INFO train_distributed it= 189 lr=1.07e-04 loss_world=1.2281 |∇|=3.35e+02 γ=0.995 T=0.0504
2026-04-29 16:22:32,995 INFO train_distributed it= 199 lr=1.00e-04 loss_world=1.2606 |∇|=8.54e+01 γ=0.995 T=0.0504
2026-04-29 16:22:33,000 INFO train_distributed training finished in 757.7s (200 iters, world_size=1)
2026-04-29 16:22:33,000 INFO train_distributed [rank 0] peak HBM: alloc=9.09 GB, reserved=10.21 GB
2026-04-29 16:22:33,003 INFO train_distributed [rank 0] wrote experiments/043_arch_pairs/results_p_1_2__1_3_seed4/training_log.json
