2026-04-29 12:02:05,752 INFO train_distributed [dist] rank=0 world_size=1 local_rank=0 cuda_available=True
2026-04-29 12:02:05,798 INFO train_distributed loaded 2,841 returns for spx/2015-2026_daily
2026-04-29 12:02:05,806 INFO train_distributed targets: acf_sq=0.342 leverage_sum=-0.790 hill_alpha=2.68
2026-04-29 12:02:06,139 INFO train_distributed EcoMDSimulator built: 47261 parameters (device=cuda:0)
2026-04-29 12:02:08,993 INFO train_distributed it=   0 lr=1.00e-04 loss_world=1.1731 |∇|=1.17e+03 γ=1.000 T=0.0500
2026-04-29 12:02:22,928 INFO train_distributed it=   9 lr=1.00e-03 loss_world=60.1947 |∇|=1.74e+04 γ=1.000 T=0.0499
2026-04-29 12:02:38,535 INFO train_distributed it=  19 lr=9.95e-04 loss_world=31.1722 |∇|=1.91e+04 γ=1.001 T=0.0499
2026-04-29 12:02:54,055 INFO train_distributed it=  29 lr=9.78e-04 loss_world=1.4194 |∇|=4.06e+01 γ=1.001 T=0.0499
2026-04-29 12:03:09,525 INFO train_distributed it=  39 lr=9.49e-04 loss_world=1.7513 |∇|=1.09e+03 γ=1.001 T=0.0499
2026-04-29 12:03:24,955 INFO train_distributed it=  49 lr=9.10e-04 loss_world=5.2533 |∇|=1.31e+04 γ=1.001 T=0.0498
2026-04-29 12:03:40,377 INFO train_distributed it=  59 lr=8.60e-04 loss_world=2.1000 |∇|=7.30e+05 γ=1.001 T=0.0498
2026-04-29 12:03:55,817 INFO train_distributed it=  69 lr=8.02e-04 loss_world=2.1791 |∇|=1.32e+07 γ=1.000 T=0.0498
2026-04-29 12:04:11,250 INFO train_distributed it=  79 lr=7.38e-04 loss_world=1.6157 |∇|=2.18e+05 γ=1.000 T=0.0499
2026-04-29 12:04:26,632 INFO train_distributed it=  89 lr=6.68e-04 loss_world=7.6476 |∇|=3.95e+06 γ=1.000 T=0.0499
2026-04-29 12:04:42,014 INFO train_distributed it=  99 lr=5.95e-04 loss_world=1.4100 |∇|=1.34e+04 γ=1.000 T=0.0499
2026-04-29 12:04:57,413 INFO train_distributed it= 109 lr=5.20e-04 loss_world=33.1914 |∇|=7.40e+03 γ=1.001 T=0.0499
2026-04-29 12:05:12,814 INFO train_distributed it= 119 lr=4.47e-04 loss_world=4.4929 |∇|=1.26e+03 γ=1.004 T=0.0499
2026-04-29 12:05:28,207 INFO train_distributed it= 129 lr=3.76e-04 loss_world=40.7148 |∇|=1.47e+04 γ=1.005 T=0.0499
2026-04-29 12:05:43,594 INFO train_distributed it= 139 lr=3.10e-04 loss_world=6.3263 |∇|=1.62e+05 γ=1.004 T=0.0499
2026-04-29 12:05:58,977 INFO train_distributed it= 149 lr=2.51e-04 loss_world=5.3333 |∇|=7.38e+02 γ=1.004 T=0.0499
2026-04-29 12:06:14,344 INFO train_distributed it= 159 lr=2.00e-04 loss_world=1.9628 |∇|=8.27e+02 γ=1.005 T=0.0499
2026-04-29 12:06:29,699 INFO train_distributed it= 169 lr=1.58e-04 loss_world=1.3685 |∇|=1.61e+10 γ=1.005 T=0.0499
2026-04-29 12:06:45,045 INFO train_distributed it= 179 lr=1.27e-04 loss_world=1.0613 |∇|=5.32e+08 γ=1.005 T=0.0499
2026-04-29 12:07:00,401 INFO train_distributed it= 189 lr=1.07e-04 loss_world=1.4999 |∇|=8.53e+02 γ=1.005 T=0.0499
2026-04-29 12:07:15,785 INFO train_distributed it= 199 lr=1.00e-04 loss_world=5.7221 |∇|=2.03e+10 γ=1.005 T=0.0499
2026-04-29 12:07:15,792 INFO train_distributed training finished in 309.7s (200 iters, world_size=1)
2026-04-29 12:07:15,792 INFO train_distributed [rank 0] peak HBM: alloc=9.41 GB, reserved=10.01 GB
2026-04-29 12:07:15,795 INFO train_distributed [rank 0] wrote experiments/047_arch_tier_4_2_dyngraph/results_t42_dyngraph_seed6/training_log.json
