2026-04-29 17:23:10,383 INFO train_distributed [dist] rank=0 world_size=1 local_rank=0 cuda_available=True
2026-04-29 17:23:10,429 INFO train_distributed loaded 2,841 returns for spx/2015-2026_daily
2026-04-29 17:23:10,437 INFO train_distributed targets: acf_sq=0.342 leverage_sum=-0.790 hill_alpha=2.68
2026-04-29 17:23:10,695 INFO train_distributed EcoMDSimulator built: 47709 parameters (device=cuda:0)
2026-04-29 17:23:14,908 INFO train_distributed it=   0 lr=1.00e-04 loss_world=2.3625 |∇|=3.80e+01 γ=1.000 T=0.0500
2026-04-29 17:23:41,542 INFO train_distributed it=   9 lr=1.00e-03 loss_world=4.5042 |∇|=1.59e+02 γ=0.997 T=0.0501
2026-04-29 17:24:11,135 INFO train_distributed it=  19 lr=9.95e-04 loss_world=0.9755 |∇|=3.83e+01 γ=0.992 T=0.0502
2026-04-29 17:24:40,734 INFO train_distributed it=  29 lr=9.78e-04 loss_world=0.9512 |∇|=4.93e+01 γ=0.990 T=0.0503
2026-04-29 17:25:10,339 INFO train_distributed it=  39 lr=9.49e-04 loss_world=1.1163 |∇|=2.68e+02 γ=0.989 T=0.0503
2026-04-29 17:25:39,935 INFO train_distributed it=  49 lr=9.10e-04 loss_world=1.1111 |∇|=1.80e+02 γ=0.987 T=0.0504
2026-04-29 17:26:09,533 INFO train_distributed it=  59 lr=8.60e-04 loss_world=1.5135 |∇|=1.58e+02 γ=0.986 T=0.0504
2026-04-29 17:26:39,131 INFO train_distributed it=  69 lr=8.02e-04 loss_world=1.1157 |∇|=2.91e+01 γ=0.984 T=0.0504
2026-04-29 17:27:08,726 INFO train_distributed it=  79 lr=7.38e-04 loss_world=1.2911 |∇|=1.90e+02 γ=0.983 T=0.0504
2026-04-29 17:27:38,320 INFO train_distributed it=  89 lr=6.68e-04 loss_world=1.2475 |∇|=9.81e+01 γ=0.982 T=0.0504
2026-04-29 17:28:07,919 INFO train_distributed it=  99 lr=5.95e-04 loss_world=1.0105 |∇|=9.47e+01 γ=0.980 T=0.0503
2026-04-29 17:28:37,517 INFO train_distributed it= 109 lr=5.20e-04 loss_world=1.1277 |∇|=6.33e+01 γ=0.979 T=0.0503
2026-04-29 17:29:07,113 INFO train_distributed it= 119 lr=4.47e-04 loss_world=1.2840 |∇|=9.50e+01 γ=0.979 T=0.0503
2026-04-29 17:29:36,710 INFO train_distributed it= 129 lr=3.76e-04 loss_world=1.1857 |∇|=3.88e+02 γ=0.979 T=0.0503
2026-04-29 17:30:06,311 INFO train_distributed it= 139 lr=3.10e-04 loss_world=0.9512 |∇|=8.27e+01 γ=0.978 T=0.0503
2026-04-29 17:30:35,914 INFO train_distributed it= 149 lr=2.51e-04 loss_world=1.0807 |∇|=9.76e+01 γ=0.977 T=0.0503
2026-04-29 17:31:05,514 INFO train_distributed it= 159 lr=2.00e-04 loss_world=0.9604 |∇|=7.72e+01 γ=0.977 T=0.0503
2026-04-29 17:31:35,110 INFO train_distributed it= 169 lr=1.58e-04 loss_world=1.1800 |∇|=1.23e+02 γ=0.977 T=0.0503
2026-04-29 17:32:04,700 INFO train_distributed it= 179 lr=1.27e-04 loss_world=1.0649 |∇|=7.80e+01 γ=0.977 T=0.0503
2026-04-29 17:32:34,293 INFO train_distributed it= 189 lr=1.07e-04 loss_world=1.2398 |∇|=1.16e+02 γ=0.977 T=0.0503
2026-04-29 17:33:03,888 INFO train_distributed it= 199 lr=1.00e-04 loss_world=1.2899 |∇|=2.64e+02 γ=0.977 T=0.0503
2026-04-29 17:33:03,895 INFO train_distributed training finished in 593.2s (200 iters, world_size=1)
2026-04-29 17:33:03,895 INFO train_distributed [rank 0] peak HBM: alloc=12.09 GB, reserved=12.55 GB
2026-04-29 17:33:03,898 INFO train_distributed [rank 0] wrote experiments/047_arch_tier_4_2_dyngraph/results_t42_dyngraph_seed6/training_log.json
