2026-04-28 19:13:00,518 INFO train_distributed [dist] rank=0 world_size=1 local_rank=0 cuda_available=True
2026-04-28 19:13:00,562 INFO train_distributed loaded 2,841 returns for spx/2015-2026_daily
2026-04-28 19:13:00,569 INFO train_distributed targets: acf_sq=0.342 leverage_sum=-0.790 hill_alpha=2.68
2026-04-28 19:13:03,943 INFO train_distributed EcoMDSimulator built: 31588 parameters (device=cuda:0)
2026-04-28 19:13:06,313 INFO train_distributed it=   0 lr=1.00e-04 loss_world=0.6144 |∇|=4.99e+02 γ=1.000 T=0.0500
2026-04-28 19:13:16,010 INFO train_distributed it=   9 lr=1.00e-03 loss_world=70.1090 |∇|=1.43e+05 γ=1.000 T=0.0501
2026-04-28 19:13:26,906 INFO train_distributed it=  19 lr=9.95e-04 loss_world=1.2352 |∇|=1.38e+01 γ=1.002 T=0.0500
2026-04-28 19:13:37,826 INFO train_distributed it=  29 lr=9.78e-04 loss_world=0.6255 |∇|=3.82e+01 γ=1.003 T=0.0500
2026-04-28 19:13:48,737 INFO train_distributed it=  39 lr=9.49e-04 loss_world=0.5983 |∇|=2.68e+01 γ=1.003 T=0.0500
2026-04-28 19:13:59,650 INFO train_distributed it=  49 lr=9.10e-04 loss_world=1.0130 |∇|=1.65e+01 γ=1.004 T=0.0500
2026-04-28 19:14:10,573 INFO train_distributed it=  59 lr=8.60e-04 loss_world=0.8046 |∇|=6.16e+01 γ=1.003 T=0.0500
2026-04-28 19:14:21,483 INFO train_distributed it=  69 lr=8.02e-04 loss_world=0.6216 |∇|=3.38e+01 γ=1.003 T=0.0500
2026-04-28 19:14:32,386 INFO train_distributed it=  79 lr=7.38e-04 loss_world=0.6258 |∇|=1.91e+01 γ=1.002 T=0.0500
2026-04-28 19:14:43,290 INFO train_distributed it=  89 lr=6.68e-04 loss_world=0.6820 |∇|=3.02e+01 γ=1.002 T=0.0500
2026-04-28 19:14:54,197 INFO train_distributed it=  99 lr=5.95e-04 loss_world=0.6588 |∇|=3.11e+01 γ=1.002 T=0.0500
2026-04-28 19:15:05,104 INFO train_distributed it= 109 lr=5.20e-04 loss_world=0.6784 |∇|=4.16e+01 γ=1.001 T=0.0500
2026-04-28 19:15:16,017 INFO train_distributed it= 119 lr=4.47e-04 loss_world=0.6871 |∇|=3.11e+01 γ=1.001 T=0.0500
2026-04-28 19:15:26,933 INFO train_distributed it= 129 lr=3.76e-04 loss_world=0.6131 |∇|=2.23e+01 γ=1.001 T=0.0499
2026-04-28 19:15:37,844 INFO train_distributed it= 139 lr=3.10e-04 loss_world=0.6316 |∇|=1.98e+01 γ=1.001 T=0.0499
2026-04-28 19:15:48,754 INFO train_distributed it= 149 lr=2.51e-04 loss_world=0.6271 |∇|=1.99e+01 γ=1.001 T=0.0499
2026-04-28 19:15:59,673 INFO train_distributed it= 159 lr=2.00e-04 loss_world=0.6059 |∇|=2.30e+01 γ=1.001 T=0.0499
2026-04-28 19:16:10,588 INFO train_distributed it= 169 lr=1.58e-04 loss_world=0.6230 |∇|=2.58e+01 γ=1.001 T=0.0499
2026-04-28 19:16:21,504 INFO train_distributed it= 179 lr=1.27e-04 loss_world=0.6042 |∇|=2.37e+01 γ=1.001 T=0.0499
2026-04-28 19:16:32,427 INFO train_distributed it= 189 lr=1.07e-04 loss_world=0.6012 |∇|=2.42e+01 γ=1.001 T=0.0499
2026-04-28 19:16:43,355 INFO train_distributed it= 199 lr=1.00e-04 loss_world=0.6127 |∇|=2.26e+01 γ=1.001 T=0.0499
2026-04-28 19:16:43,360 INFO train_distributed training finished in 219.4s (200 iters, world_size=1)
2026-04-28 19:16:43,360 INFO train_distributed [rank 0] peak HBM: alloc=7.09 GB, reserved=7.48 GB
2026-04-28 19:16:43,363 INFO train_distributed [rank 0] wrote experiments/041_arch_tier_2_2_multitimescale/results_t22_multitimescale_seed4/training_log.json
