2026-04-28 19:13:02,055 INFO train_distributed [dist] rank=0 world_size=1 local_rank=0 cuda_available=True
2026-04-28 19:13:02,097 INFO train_distributed loaded 2,841 returns for spx/2015-2026_daily
2026-04-28 19:13:02,104 INFO train_distributed targets: acf_sq=0.342 leverage_sum=-0.790 hill_alpha=2.68
2026-04-28 19:13:04,005 INFO train_distributed EcoMDSimulator built: 31588 parameters (device=cuda:0)
2026-04-28 19:13:06,364 INFO train_distributed it=   0 lr=1.00e-04 loss_world=17.8038 |∇|=1.73e+03 γ=1.000 T=0.0500
2026-04-28 19:13:16,222 INFO train_distributed it=   9 lr=1.00e-03 loss_world=0.5965 |∇|=3.08e+01 γ=1.001 T=0.0500
2026-04-28 19:13:27,247 INFO train_distributed it=  19 lr=9.95e-04 loss_world=0.8659 |∇|=1.26e+01 γ=1.002 T=0.0500
2026-04-28 19:13:38,342 INFO train_distributed it=  29 lr=9.78e-04 loss_world=1.2079 |∇|=8.62e+00 γ=1.002 T=0.0500
2026-04-28 19:13:49,453 INFO train_distributed it=  39 lr=9.49e-04 loss_world=1.0023 |∇|=6.78e+00 γ=1.002 T=0.0500
2026-04-28 19:14:00,563 INFO train_distributed it=  49 lr=9.10e-04 loss_world=0.9897 |∇|=5.75e+00 γ=1.001 T=0.0500
2026-04-28 19:14:11,669 INFO train_distributed it=  59 lr=8.60e-04 loss_world=1.0756 |∇|=6.72e+00 γ=1.000 T=0.0500
2026-04-28 19:14:22,765 INFO train_distributed it=  69 lr=8.02e-04 loss_world=1.1785 |∇|=6.46e+00 γ=0.998 T=0.0500
2026-04-28 19:14:33,854 INFO train_distributed it=  79 lr=7.38e-04 loss_world=1.1943 |∇|=9.62e+00 γ=0.996 T=0.0500
2026-04-28 19:14:44,944 INFO train_distributed it=  89 lr=6.68e-04 loss_world=1.1308 |∇|=1.06e+01 γ=0.994 T=0.0500
2026-04-28 19:14:56,012 INFO train_distributed it=  99 lr=5.95e-04 loss_world=1.0054 |∇|=5.62e+00 γ=0.993 T=0.0500
2026-04-28 19:15:07,081 INFO train_distributed it= 109 lr=5.20e-04 loss_world=1.2123 |∇|=1.26e+01 γ=0.992 T=0.0500
2026-04-28 19:15:18,147 INFO train_distributed it= 119 lr=4.47e-04 loss_world=4.5307 |∇|=2.12e+02 γ=0.992 T=0.0499
2026-04-28 19:15:29,206 INFO train_distributed it= 129 lr=3.76e-04 loss_world=2.4780 |∇|=1.43e+02 γ=0.990 T=0.0498
2026-04-28 19:15:40,264 INFO train_distributed it= 139 lr=3.10e-04 loss_world=2.4623 |∇|=1.46e+02 γ=0.988 T=0.0498
2026-04-28 19:15:51,329 INFO train_distributed it= 149 lr=2.51e-04 loss_world=2.7211 |∇|=3.10e+02 γ=0.987 T=0.0497
2026-04-28 19:16:02,409 INFO train_distributed it= 159 lr=2.00e-04 loss_world=2.6001 |∇|=3.13e+02 γ=0.985 T=0.0497
2026-04-28 19:16:13,488 INFO train_distributed it= 169 lr=1.58e-04 loss_world=2.4437 |∇|=3.04e+02 γ=0.984 T=0.0497
2026-04-28 19:16:24,572 INFO train_distributed it= 179 lr=1.27e-04 loss_world=2.7341 |∇|=1.13e+03 γ=0.984 T=0.0497
2026-04-28 19:16:35,672 INFO train_distributed it= 189 lr=1.07e-04 loss_world=2.2363 |∇|=3.11e+02 γ=0.984 T=0.0497
2026-04-28 19:16:46,786 INFO train_distributed it= 199 lr=1.00e-04 loss_world=2.2360 |∇|=3.82e+02 γ=0.983 T=0.0497
2026-04-28 19:16:46,791 INFO train_distributed training finished in 222.8s (200 iters, world_size=1)
2026-04-28 19:16:46,791 INFO train_distributed [rank 0] peak HBM: alloc=7.09 GB, reserved=7.48 GB
2026-04-28 19:16:46,794 INFO train_distributed [rank 0] wrote experiments/041_arch_tier_2_2_multitimescale/results_t22_multitimescale_seed5/training_log.json
