2026-04-29 16:09:13,559 INFO train_distributed [dist] rank=0 world_size=1 local_rank=0 cuda_available=True
2026-04-29 16:09:13,605 INFO train_distributed loaded 2,841 returns for spx/2015-2026_daily
2026-04-29 16:09:13,614 INFO train_distributed targets: acf_sq=0.342 leverage_sum=-0.790 hill_alpha=2.68
2026-04-29 16:09:14,494 INFO train_distributed EcoMDSimulator built: 33431 parameters (device=cuda:0)
2026-04-29 16:09:23,615 INFO train_distributed it=   0 lr=1.00e-04 loss_world=3.0336 |∇|=6.38e+01 γ=1.000 T=0.0500
2026-04-29 16:10:33,121 INFO train_distributed it=   9 lr=1.00e-03 loss_world=2.2097 |∇|=4.95e+01 γ=1.002 T=0.0500
2026-04-29 16:11:50,393 INFO train_distributed it=  19 lr=9.95e-04 loss_world=1.5933 |∇|=3.57e+01 γ=1.001 T=0.0503
2026-04-29 16:13:07,680 INFO train_distributed it=  29 lr=9.78e-04 loss_world=1.1972 |∇|=3.48e+01 γ=0.999 T=0.0505
2026-04-29 16:14:24,984 INFO train_distributed it=  39 lr=9.49e-04 loss_world=0.8978 |∇|=1.42e+01 γ=0.999 T=0.0505
2026-04-29 16:15:42,291 INFO train_distributed it=  49 lr=9.10e-04 loss_world=0.6799 |∇|=5.62e+01 γ=1.000 T=0.0505
2026-04-29 16:16:59,648 INFO train_distributed it=  59 lr=8.60e-04 loss_world=0.7000 |∇|=2.23e+01 γ=1.000 T=0.0504
2026-04-29 16:18:17,021 INFO train_distributed it=  69 lr=8.02e-04 loss_world=0.8725 |∇|=3.27e+02 γ=0.999 T=0.0505
2026-04-29 16:19:29,118 INFO train_distributed it=  79 lr=7.38e-04 loss_world=0.6347 |∇|=8.45e+01 γ=0.999 T=0.0506
2026-04-29 16:20:45,141 INFO train_distributed it=  89 lr=6.68e-04 loss_world=1.1673 |∇|=4.92e+01 γ=1.001 T=0.0506
2026-04-29 16:22:01,087 INFO train_distributed it=  99 lr=5.95e-04 loss_world=0.8677 |∇|=5.27e+01 γ=1.002 T=0.0507
2026-04-29 16:23:16,999 INFO train_distributed it= 109 lr=5.20e-04 loss_world=0.9722 |∇|=8.16e+01 γ=1.001 T=0.0508
2026-04-29 16:24:32,871 INFO train_distributed it= 119 lr=4.47e-04 loss_world=0.9236 |∇|=1.94e+01 γ=1.002 T=0.0508
2026-04-29 16:25:48,681 INFO train_distributed it= 129 lr=3.76e-04 loss_world=1.0327 |∇|=1.37e+01 γ=1.003 T=0.0508
2026-04-29 16:26:58,583 INFO train_distributed it= 139 lr=3.10e-04 loss_world=1.4199 |∇|=1.04e+02 γ=1.003 T=0.0508
2026-04-29 16:27:34,740 INFO train_distributed it= 149 lr=2.51e-04 loss_world=0.8783 |∇|=3.35e+01 γ=1.002 T=0.0508
2026-04-29 16:28:10,891 INFO train_distributed it= 159 lr=2.00e-04 loss_world=1.0916 |∇|=1.21e+02 γ=1.001 T=0.0508
2026-04-29 16:28:47,053 INFO train_distributed it= 169 lr=1.58e-04 loss_world=0.9043 |∇|=4.80e+01 γ=1.001 T=0.0508
2026-04-29 16:29:23,222 INFO train_distributed it= 179 lr=1.27e-04 loss_world=0.8579 |∇|=1.24e+02 γ=1.000 T=0.0508
2026-04-29 16:29:59,377 INFO train_distributed it= 189 lr=1.07e-04 loss_world=0.8753 |∇|=6.70e+01 γ=1.000 T=0.0508
2026-04-29 16:30:35,547 INFO train_distributed it= 199 lr=1.00e-04 loss_world=0.7688 |∇|=2.74e+02 γ=1.001 T=0.0508
2026-04-29 16:30:35,552 INFO train_distributed training finished in 1281.1s (200 iters, world_size=1)
2026-04-29 16:30:35,552 INFO train_distributed [rank 0] peak HBM: alloc=9.09 GB, reserved=10.21 GB
2026-04-29 16:30:35,555 INFO train_distributed [rank 0] wrote experiments/043_arch_pairs/results_p_1_2__1_3_seed1/training_log.json
