2026-04-28 19:41:42,311 INFO train_distributed [dist] rank=0 world_size=1 local_rank=0 cuda_available=True
2026-04-28 19:41:42,353 INFO train_distributed loaded 2,841 returns for spx/2015-2026_daily
2026-04-28 19:41:42,372 INFO train_distributed targets: acf_sq=0.342 leverage_sum=-0.790 hill_alpha=2.68
2026-04-28 19:41:42,616 INFO train_distributed EcoMDSimulator built: 31588 parameters (device=cuda:0)
2026-04-28 19:41:44,954 INFO train_distributed it=   0 lr=1.00e-04 loss_world=11.5608 |∇|=2.00e+03 γ=1.000 T=0.0500
2026-04-28 19:41:55,071 INFO train_distributed it=   9 lr=1.00e-03 loss_world=1.9116 |∇|=6.14e+02 γ=0.999 T=0.0501
2026-04-28 19:42:06,344 INFO train_distributed it=  19 lr=9.95e-04 loss_world=1.2816 |∇|=7.36e+01 γ=0.994 T=0.0502
2026-04-28 19:42:17,570 INFO train_distributed it=  29 lr=9.78e-04 loss_world=4.4753 |∇|=1.90e+03 γ=0.991 T=0.0503
2026-04-28 19:42:28,781 INFO train_distributed it=  39 lr=9.49e-04 loss_world=3.8702 |∇|=3.07e+02 γ=0.990 T=0.0503
2026-04-28 19:42:39,969 INFO train_distributed it=  49 lr=9.10e-04 loss_world=1.3198 |∇|=1.31e+01 γ=0.989 T=0.0503
2026-04-28 19:42:51,150 INFO train_distributed it=  59 lr=8.60e-04 loss_world=0.8667 |∇|=1.53e+01 γ=0.988 T=0.0503
2026-04-28 19:43:02,348 INFO train_distributed it=  69 lr=8.02e-04 loss_world=0.6491 |∇|=5.72e+01 γ=0.987 T=0.0502
2026-04-28 19:43:13,538 INFO train_distributed it=  79 lr=7.38e-04 loss_world=0.6776 |∇|=2.59e+01 γ=0.987 T=0.0502
2026-04-28 19:43:24,735 INFO train_distributed it=  89 lr=6.68e-04 loss_world=0.6176 |∇|=2.94e+01 γ=0.986 T=0.0502
2026-04-28 19:43:35,921 INFO train_distributed it=  99 lr=5.95e-04 loss_world=0.6419 |∇|=2.87e+01 γ=0.986 T=0.0502
2026-04-28 19:43:47,124 INFO train_distributed it= 109 lr=5.20e-04 loss_world=0.6489 |∇|=3.39e+01 γ=0.986 T=0.0503
2026-04-28 19:43:58,324 INFO train_distributed it= 119 lr=4.47e-04 loss_world=0.6835 |∇|=3.09e+01 γ=0.986 T=0.0503
2026-04-28 19:44:09,523 INFO train_distributed it= 129 lr=3.76e-04 loss_world=0.6013 |∇|=3.22e+01 γ=0.986 T=0.0503
2026-04-28 19:44:20,722 INFO train_distributed it= 139 lr=3.10e-04 loss_world=0.6553 |∇|=3.58e+01 γ=0.986 T=0.0503
2026-04-28 19:44:31,926 INFO train_distributed it= 149 lr=2.51e-04 loss_world=0.6546 |∇|=3.18e+01 γ=0.986 T=0.0503
2026-04-28 19:44:43,116 INFO train_distributed it= 159 lr=2.00e-04 loss_world=0.6526 |∇|=3.17e+01 γ=0.986 T=0.0503
2026-04-28 19:44:54,318 INFO train_distributed it= 169 lr=1.58e-04 loss_world=0.6278 |∇|=3.26e+01 γ=0.986 T=0.0503
2026-04-28 19:45:05,504 INFO train_distributed it= 179 lr=1.27e-04 loss_world=0.6465 |∇|=3.26e+01 γ=0.986 T=0.0503
2026-04-28 19:45:16,698 INFO train_distributed it= 189 lr=1.07e-04 loss_world=0.6350 |∇|=3.27e+01 γ=0.986 T=0.0503
2026-04-28 19:45:27,911 INFO train_distributed it= 199 lr=1.00e-04 loss_world=0.6192 |∇|=3.69e+01 γ=0.986 T=0.0503
2026-04-28 19:45:27,917 INFO train_distributed training finished in 225.3s (200 iters, world_size=1)
2026-04-28 19:45:27,917 INFO train_distributed [rank 0] peak HBM: alloc=7.09 GB, reserved=7.68 GB
2026-04-28 19:45:27,920 INFO train_distributed [rank 0] wrote experiments/043_arch_pairs/results_p_2_1__2_2_seed1/training_log.json
