2026-04-29 16:47:31,926 INFO train_distributed [dist] rank=0 world_size=1 local_rank=0 cuda_available=True
2026-04-29 16:47:31,971 INFO train_distributed loaded 2,841 returns for spx/2015-2026_daily
2026-04-29 16:47:31,978 INFO train_distributed targets: acf_sq=0.342 leverage_sum=-0.790 hill_alpha=2.68
2026-04-29 16:47:32,613 INFO train_distributed EcoMDSimulator built: 108136 parameters (device=cuda:0)
2026-04-29 16:47:34,487 INFO train_distributed it=   0 lr=1.00e-04 loss_world=0.9887 |∇|=3.05e+00 γ=1.000 T=0.0500
2026-04-29 16:47:39,126 INFO train_distributed it=   9 lr=1.00e-03 loss_world=0.7134 |∇|=9.64e+00 γ=0.999 T=0.0499
2026-04-29 16:47:44,281 INFO train_distributed it=  19 lr=9.95e-04 loss_world=1.4137 |∇|=3.24e+00 γ=0.998 T=0.0498
2026-04-29 16:47:49,445 INFO train_distributed it=  29 lr=9.78e-04 loss_world=0.8907 |∇|=2.28e+00 γ=1.002 T=0.0500
2026-04-29 16:47:54,576 INFO train_distributed it=  39 lr=9.49e-04 loss_world=1.6969 |∇|=2.98e-01 γ=1.003 T=0.0500
2026-04-29 16:47:59,728 INFO train_distributed it=  49 lr=9.10e-04 loss_world=0.6874 |∇|=7.79e-01 γ=1.007 T=0.0501
2026-04-29 16:48:04,871 INFO train_distributed it=  59 lr=8.60e-04 loss_world=1.1141 |∇|=9.89e+00 γ=1.009 T=0.0501
2026-04-29 16:48:10,019 INFO train_distributed it=  69 lr=8.02e-04 loss_world=0.9708 |∇|=3.36e+00 γ=1.011 T=0.0501
2026-04-29 16:48:15,170 INFO train_distributed it=  79 lr=7.38e-04 loss_world=0.8821 |∇|=4.14e-01 γ=1.011 T=0.0501
2026-04-29 16:48:20,332 INFO train_distributed it=  89 lr=6.68e-04 loss_world=0.8372 |∇|=3.20e+00 γ=1.011 T=0.0500
2026-04-29 16:48:25,467 INFO train_distributed it=  99 lr=5.95e-04 loss_world=0.9400 |∇|=1.78e+00 γ=1.014 T=0.0501
2026-04-29 16:48:30,615 INFO train_distributed it= 109 lr=5.20e-04 loss_world=0.9814 |∇|=1.79e+00 γ=1.015 T=0.0502
2026-04-29 16:48:35,749 INFO train_distributed it= 119 lr=4.47e-04 loss_world=1.4432 |∇|=1.13e+00 γ=1.016 T=0.0501
2026-04-29 16:48:40,882 INFO train_distributed it= 129 lr=3.76e-04 loss_world=0.7481 |∇|=1.11e+00 γ=1.016 T=0.0501
2026-04-29 16:48:46,025 INFO train_distributed it= 139 lr=3.10e-04 loss_world=0.8051 |∇|=1.53e+00 γ=1.016 T=0.0501
2026-04-29 16:48:51,228 INFO train_distributed it= 149 lr=2.51e-04 loss_world=0.7758 |∇|=8.46e+00 γ=1.016 T=0.0501
2026-04-29 16:48:56,451 INFO train_distributed it= 159 lr=2.00e-04 loss_world=0.8456 |∇|=3.89e+00 γ=1.017 T=0.0501
2026-04-29 16:49:01,602 INFO train_distributed it= 169 lr=1.58e-04 loss_world=0.8946 |∇|=2.51e+01 γ=1.017 T=0.0501
2026-04-29 16:49:06,734 INFO train_distributed it= 179 lr=1.27e-04 loss_world=0.9214 |∇|=5.21e-01 γ=1.017 T=0.0501
2026-04-29 16:49:11,874 INFO train_distributed it= 189 lr=1.07e-04 loss_world=1.3444 |∇|=4.25e+00 γ=1.017 T=0.0501
2026-04-29 16:49:17,014 INFO train_distributed it= 199 lr=1.00e-04 loss_world=0.8128 |∇|=3.16e+00 γ=1.017 T=0.0501
2026-04-29 16:49:17,022 INFO train_distributed training finished in 104.4s (200 iters, world_size=1)
2026-04-29 16:49:17,022 INFO train_distributed [rank 0] peak HBM: alloc=0.61 GB, reserved=0.82 GB
2026-04-29 16:49:17,025 INFO train_distributed [rank 0] wrote experiments/044_arch_all_stacked/results_stack_with_isab_seed3/training_log.json
