2026-04-29 15:28:26,830 INFO train_distributed [dist] rank=0 world_size=1 local_rank=0 cuda_available=True
2026-04-29 15:28:26,875 INFO train_distributed loaded 2,841 returns for spx/2015-2026_daily
2026-04-29 15:28:26,882 INFO train_distributed targets: acf_sq=0.342 leverage_sum=-0.790 hill_alpha=2.68
2026-04-29 15:28:28,753 INFO train_distributed EcoMDSimulator built: 31976 parameters (device=cuda:0)
2026-04-29 15:28:32,463 INFO train_distributed it=   0 lr=1.00e-04 loss_world=2.7781 |∇|=2.48e+01 γ=1.000 T=0.0500
2026-04-29 15:28:54,599 INFO train_distributed it=   9 lr=1.00e-03 loss_world=0.7554 |∇|=9.43e+00 γ=1.000 T=0.0501
2026-04-29 15:29:19,185 INFO train_distributed it=  19 lr=9.95e-04 loss_world=1.1228 |∇|=4.82e+01 γ=1.000 T=0.0502
2026-04-29 15:29:43,775 INFO train_distributed it=  29 lr=9.78e-04 loss_world=0.9367 |∇|=5.52e+01 γ=1.002 T=0.0502
2026-04-29 15:30:08,360 INFO train_distributed it=  39 lr=9.49e-04 loss_world=0.7744 |∇|=2.06e+01 γ=1.002 T=0.0500
2026-04-29 15:30:32,947 INFO train_distributed it=  49 lr=9.10e-04 loss_world=1.1101 |∇|=2.67e+01 γ=1.003 T=0.0500
2026-04-29 15:30:57,539 INFO train_distributed it=  59 lr=8.60e-04 loss_world=0.9198 |∇|=6.00e+01 γ=1.002 T=0.0499
2026-04-29 15:31:22,127 INFO train_distributed it=  69 lr=8.02e-04 loss_world=0.9437 |∇|=1.54e+01 γ=1.000 T=0.0499
2026-04-29 15:31:46,718 INFO train_distributed it=  79 lr=7.38e-04 loss_world=1.0628 |∇|=4.43e+01 γ=0.999 T=0.0500
2026-04-29 15:32:11,304 INFO train_distributed it=  89 lr=6.68e-04 loss_world=1.0062 |∇|=3.77e+01 γ=0.998 T=0.0499
2026-04-29 15:32:35,897 INFO train_distributed it=  99 lr=5.95e-04 loss_world=0.8739 |∇|=5.78e+01 γ=0.998 T=0.0499
2026-04-29 15:33:00,486 INFO train_distributed it= 109 lr=5.20e-04 loss_world=0.7184 |∇|=4.10e+01 γ=0.997 T=0.0499
2026-04-29 15:33:25,075 INFO train_distributed it= 119 lr=4.47e-04 loss_world=1.1067 |∇|=1.17e+01 γ=0.996 T=0.0497
2026-04-29 15:33:49,677 INFO train_distributed it= 129 lr=3.76e-04 loss_world=1.2086 |∇|=2.69e+02 γ=0.996 T=0.0496
2026-04-29 15:34:14,273 INFO train_distributed it= 139 lr=3.10e-04 loss_world=0.6975 |∇|=2.24e+01 γ=0.996 T=0.0496
2026-04-29 15:34:38,878 INFO train_distributed it= 149 lr=2.51e-04 loss_world=0.5961 |∇|=4.19e+01 γ=0.996 T=0.0495
2026-04-29 15:35:03,488 INFO train_distributed it= 159 lr=2.00e-04 loss_world=1.1550 |∇|=1.84e+01 γ=0.996 T=0.0495
2026-04-29 15:35:28,100 INFO train_distributed it= 169 lr=1.58e-04 loss_world=1.0623 |∇|=2.17e+01 γ=0.996 T=0.0495
2026-04-29 15:35:52,711 INFO train_distributed it= 179 lr=1.27e-04 loss_world=0.8246 |∇|=8.71e+00 γ=0.996 T=0.0495
2026-04-29 15:36:17,325 INFO train_distributed it= 189 lr=1.07e-04 loss_world=1.0136 |∇|=2.00e+01 γ=0.995 T=0.0495
2026-04-29 15:36:41,937 INFO train_distributed it= 199 lr=1.00e-04 loss_world=0.9061 |∇|=6.71e+01 γ=0.995 T=0.0495
2026-04-29 15:36:41,943 INFO train_distributed training finished in 493.2s (200 iters, world_size=1)
2026-04-29 15:36:41,943 INFO train_distributed [rank 0] peak HBM: alloc=9.08 GB, reserved=9.86 GB
2026-04-29 15:36:41,946 INFO train_distributed [rank 0] wrote experiments/039_arch_tier_1_3_features/results_t13_features_all_seed4/training_log.json
