2026-04-29 10:59:30,749 INFO train_distributed [dist] rank=0 world_size=1 local_rank=0 cuda_available=True
2026-04-29 10:59:30,792 INFO train_distributed loaded 2,841 returns for spx/2015-2026_daily
2026-04-29 10:59:30,799 INFO train_distributed targets: acf_sq=0.342 leverage_sum=-0.790 hill_alpha=2.68
2026-04-29 10:59:32,879 INFO train_distributed EcoMDSimulator built: 31780 parameters (device=cuda:0)
2026-04-29 10:59:36,910 INFO train_distributed it=   0 lr=1.00e-04 loss_world=2.5439 |∇|=7.94e+01 γ=1.000 T=0.0500
2026-04-29 11:00:01,018 INFO train_distributed it=   9 lr=1.00e-03 loss_world=2.4135 |∇|=7.84e+01 γ=1.001 T=0.0500
2026-04-29 11:00:27,821 INFO train_distributed it=  19 lr=9.95e-04 loss_world=2.1957 |∇|=3.79e+01 γ=1.001 T=0.0501
2026-04-29 11:00:54,631 INFO train_distributed it=  29 lr=9.78e-04 loss_world=2.1400 |∇|=8.52e+01 γ=1.000 T=0.0503
2026-04-29 11:01:21,442 INFO train_distributed it=  39 lr=9.49e-04 loss_world=2.1409 |∇|=2.43e+02 γ=0.999 T=0.0503
2026-04-29 11:01:48,258 INFO train_distributed it=  49 lr=9.10e-04 loss_world=0.6723 |∇|=2.05e+02 γ=1.001 T=0.0502
2026-04-29 11:02:15,091 INFO train_distributed it=  59 lr=8.60e-04 loss_world=1.2015 |∇|=1.52e+03 γ=1.000 T=0.0503
2026-04-29 11:02:41,933 INFO train_distributed it=  69 lr=8.02e-04 loss_world=0.8434 |∇|=1.81e+02 γ=0.998 T=0.0503
2026-04-29 11:03:08,787 INFO train_distributed it=  79 lr=7.38e-04 loss_world=1.4697 |∇|=1.63e+02 γ=0.997 T=0.0502
2026-04-29 11:03:35,627 INFO train_distributed it=  89 lr=6.68e-04 loss_world=2.9694 |∇|=1.63e+03 γ=1.001 T=0.0503
2026-04-29 11:04:00,871 INFO train_distributed it=  99 lr=5.95e-04 loss_world=0.8008 |∇|=4.40e+01 γ=1.004 T=0.0504
2026-04-29 11:04:13,671 INFO train_distributed it= 109 lr=5.20e-04 loss_world=0.7053 |∇|=5.71e+01 γ=1.005 T=0.0504
2026-04-29 11:04:26,472 INFO train_distributed it= 119 lr=4.47e-04 loss_world=0.8206 |∇|=6.17e+01 γ=1.006 T=0.0505
2026-04-29 11:04:39,271 INFO train_distributed it= 129 lr=3.76e-04 loss_world=0.7427 |∇|=7.13e+01 γ=1.006 T=0.0505
2026-04-29 11:04:52,071 INFO train_distributed it= 139 lr=3.10e-04 loss_world=1.1270 |∇|=3.75e+02 γ=1.006 T=0.0505
2026-04-29 11:05:04,872 INFO train_distributed it= 149 lr=2.51e-04 loss_world=0.7657 |∇|=1.30e+02 γ=1.007 T=0.0505
2026-04-29 11:05:17,671 INFO train_distributed it= 159 lr=2.00e-04 loss_world=1.7790 |∇|=5.24e+02 γ=1.007 T=0.0505
2026-04-29 11:05:30,471 INFO train_distributed it= 169 lr=1.58e-04 loss_world=1.8144 |∇|=4.95e+02 γ=1.007 T=0.0505
2026-04-29 11:05:43,272 INFO train_distributed it= 179 lr=1.27e-04 loss_world=1.1934 |∇|=1.03e+02 γ=1.006 T=0.0505
2026-04-29 11:05:56,073 INFO train_distributed it= 189 lr=1.07e-04 loss_world=0.9538 |∇|=3.83e+02 γ=1.007 T=0.0505
2026-04-29 11:06:08,873 INFO train_distributed it= 199 lr=1.00e-04 loss_world=0.9791 |∇|=3.59e+02 γ=1.007 T=0.0505
2026-04-29 11:06:08,879 INFO train_distributed training finished in 396.0s (200 iters, world_size=1)
2026-04-29 11:06:08,879 INFO train_distributed [rank 0] peak HBM: alloc=7.41 GB, reserved=7.84 GB
2026-04-29 11:06:08,883 INFO train_distributed [rank 0] wrote experiments/039_arch_tier_1_3_features/results_t13_features_all_seed4/training_log.json
