2026-04-29 16:06:05,141 INFO train_distributed [dist] rank=0 world_size=1 local_rank=0 cuda_available=True
2026-04-29 16:06:05,185 INFO train_distributed loaded 2,841 returns for spx/2015-2026_daily
2026-04-29 16:06:05,192 INFO train_distributed targets: acf_sq=0.342 leverage_sum=-0.790 hill_alpha=2.68
2026-04-29 16:06:05,580 INFO train_distributed EcoMDSimulator built: 33431 parameters (device=cuda:0)
2026-04-29 16:06:10,435 INFO train_distributed it=   0 lr=1.00e-04 loss_world=2.2454 |∇|=1.91e+01 γ=1.000 T=0.0500
2026-04-29 16:06:42,951 INFO train_distributed it=   9 lr=1.00e-03 loss_world=2.4405 |∇|=1.68e+01 γ=1.001 T=0.0501
2026-04-29 16:07:19,077 INFO train_distributed it=  19 lr=9.95e-04 loss_world=1.8405 |∇|=1.85e+01 γ=1.003 T=0.0502
2026-04-29 16:07:55,210 INFO train_distributed it=  29 lr=9.78e-04 loss_world=10.2002 |∇|=3.77e+03 γ=1.005 T=0.0505
2026-04-29 16:08:31,345 INFO train_distributed it=  39 lr=9.49e-04 loss_world=0.5932 |∇|=4.43e+01 γ=1.003 T=0.0507
2026-04-29 16:09:07,486 INFO train_distributed it=  49 lr=9.10e-04 loss_world=1.2799 |∇|=4.65e+01 γ=1.004 T=0.0509
2026-04-29 16:09:43,626 INFO train_distributed it=  59 lr=8.60e-04 loss_world=1.1264 |∇|=3.24e+01 γ=1.005 T=0.0510
2026-04-29 16:10:19,775 INFO train_distributed it=  69 lr=8.02e-04 loss_world=1.2651 |∇|=2.31e+01 γ=1.004 T=0.0510
2026-04-29 16:10:55,926 INFO train_distributed it=  79 lr=7.38e-04 loss_world=1.0539 |∇|=5.34e+01 γ=1.005 T=0.0510
2026-04-29 16:11:32,060 INFO train_distributed it=  89 lr=6.68e-04 loss_world=1.0026 |∇|=3.04e+01 γ=1.008 T=0.0510
2026-04-29 16:12:08,212 INFO train_distributed it=  99 lr=5.95e-04 loss_world=1.0009 |∇|=2.21e+01 γ=1.012 T=0.0509
2026-04-29 16:12:44,336 INFO train_distributed it= 109 lr=5.20e-04 loss_world=0.6974 |∇|=2.90e+01 γ=1.010 T=0.0510
2026-04-29 16:13:20,460 INFO train_distributed it= 119 lr=4.47e-04 loss_world=0.8242 |∇|=9.65e+00 γ=1.010 T=0.0511
2026-04-29 16:13:56,591 INFO train_distributed it= 129 lr=3.76e-04 loss_world=0.8584 |∇|=7.84e+01 γ=1.009 T=0.0511
2026-04-29 16:14:32,715 INFO train_distributed it= 139 lr=3.10e-04 loss_world=0.8683 |∇|=2.34e+01 γ=1.008 T=0.0511
2026-04-29 16:15:08,849 INFO train_distributed it= 149 lr=2.51e-04 loss_world=1.0904 |∇|=5.67e+01 γ=1.007 T=0.0511
2026-04-29 16:15:44,978 INFO train_distributed it= 159 lr=2.00e-04 loss_world=1.0483 |∇|=1.95e+02 γ=1.008 T=0.0511
2026-04-29 16:16:21,107 INFO train_distributed it= 169 lr=1.58e-04 loss_world=0.6176 |∇|=5.25e+01 γ=1.008 T=0.0511
2026-04-29 16:16:57,238 INFO train_distributed it= 179 lr=1.27e-04 loss_world=1.1894 |∇|=2.73e+02 γ=1.008 T=0.0511
2026-04-29 16:17:33,377 INFO train_distributed it= 189 lr=1.07e-04 loss_world=1.3487 |∇|=1.08e+02 γ=1.008 T=0.0511
2026-04-29 16:18:09,508 INFO train_distributed it= 199 lr=1.00e-04 loss_world=1.2089 |∇|=6.51e+00 γ=1.008 T=0.0511
2026-04-29 16:18:09,515 INFO train_distributed training finished in 723.9s (200 iters, world_size=1)
2026-04-29 16:18:09,515 INFO train_distributed [rank 0] peak HBM: alloc=9.09 GB, reserved=10.21 GB
2026-04-29 16:18:09,518 INFO train_distributed [rank 0] wrote experiments/043_arch_pairs/results_p_1_2__1_3_seed0/training_log.json
