2026-04-28 18:22:23,164 INFO train_distributed [dist] rank=0 world_size=1 local_rank=0 cuda_available=True
2026-04-28 18:22:23,208 INFO train_distributed loaded 2,841 returns for spx/2015-2026_daily
2026-04-28 18:22:23,229 INFO train_distributed targets: acf_sq=0.342 leverage_sum=-0.790 hill_alpha=2.68
2026-04-28 18:22:26,517 INFO train_distributed EcoMDSimulator built: 31588 parameters (device=cuda:0)
2026-04-28 18:22:28,910 INFO train_distributed it=   0 lr=1.00e-04 loss_world=72.3624 |∇|=3.06e+04 γ=1.000 T=0.0500
2026-04-28 18:22:38,768 INFO train_distributed it=   9 lr=1.00e-03 loss_world=3.9609 |∇|=1.68e+02 γ=1.001 T=0.0500
2026-04-28 18:22:49,822 INFO train_distributed it=  19 lr=9.95e-04 loss_world=2.1328 |∇|=7.68e+01 γ=1.000 T=0.0501
2026-04-28 18:23:00,953 INFO train_distributed it=  29 lr=9.78e-04 loss_world=4.9881 |∇|=8.09e+02 γ=0.998 T=0.0501
2026-04-28 18:23:12,089 INFO train_distributed it=  39 lr=9.49e-04 loss_world=2.3078 |∇|=8.84e+01 γ=0.996 T=0.0501
2026-04-28 18:23:23,232 INFO train_distributed it=  49 lr=9.10e-04 loss_world=2.4941 |∇|=8.40e+01 γ=0.993 T=0.0502
2026-04-28 18:23:34,357 INFO train_distributed it=  59 lr=8.60e-04 loss_world=1.6782 |∇|=6.17e+02 γ=0.988 T=0.0502
2026-04-28 18:23:45,480 INFO train_distributed it=  69 lr=8.02e-04 loss_world=2.8252 |∇|=1.26e+02 γ=0.983 T=0.0503
2026-04-28 18:23:56,596 INFO train_distributed it=  79 lr=7.38e-04 loss_world=2.3663 |∇|=1.50e+02 γ=0.980 T=0.0503
2026-04-28 18:24:07,712 INFO train_distributed it=  89 lr=6.68e-04 loss_world=2.4763 |∇|=1.45e+02 γ=0.977 T=0.0503
2026-04-28 18:24:18,810 INFO train_distributed it=  99 lr=5.95e-04 loss_world=7.1282 |∇|=1.65e+03 γ=0.976 T=0.0502
2026-04-28 18:24:29,909 INFO train_distributed it= 109 lr=5.20e-04 loss_world=1.1349 |∇|=2.77e+02 γ=0.975 T=0.0502
2026-04-28 18:24:41,007 INFO train_distributed it= 119 lr=4.47e-04 loss_world=1.0754 |∇|=6.46e+01 γ=0.974 T=0.0502
2026-04-28 18:24:52,102 INFO train_distributed it= 129 lr=3.76e-04 loss_world=1.0093 |∇|=8.24e+01 γ=0.974 T=0.0502
2026-04-28 18:25:03,206 INFO train_distributed it= 139 lr=3.10e-04 loss_world=1.4797 |∇|=1.57e+03 γ=0.974 T=0.0502
2026-04-28 18:25:14,327 INFO train_distributed it= 149 lr=2.51e-04 loss_world=1.6262 |∇|=1.52e+03 γ=0.974 T=0.0502
2026-04-28 18:25:25,454 INFO train_distributed it= 159 lr=2.00e-04 loss_world=13.5762 |∇|=1.14e+04 γ=0.974 T=0.0502
2026-04-28 18:25:36,558 INFO train_distributed it= 169 lr=1.58e-04 loss_world=1.1605 |∇|=5.21e+02 γ=0.975 T=0.0503
2026-04-28 18:25:47,675 INFO train_distributed it= 179 lr=1.27e-04 loss_world=3.1239 |∇|=2.00e+03 γ=0.974 T=0.0503
2026-04-28 18:25:58,794 INFO train_distributed it= 189 lr=1.07e-04 loss_world=3.4565 |∇|=2.31e+03 γ=0.974 T=0.0503
2026-04-28 18:26:09,919 INFO train_distributed it= 199 lr=1.00e-04 loss_world=2.0195 |∇|=3.16e+03 γ=0.974 T=0.0503
2026-04-28 18:26:09,924 INFO train_distributed training finished in 223.4s (200 iters, world_size=1)
2026-04-28 18:26:09,924 INFO train_distributed [rank 0] peak HBM: alloc=7.09 GB, reserved=7.68 GB
2026-04-28 18:26:09,927 INFO train_distributed [rank 0] wrote experiments/040_arch_tier_2_1_jumps/results_t21_jumps_seed5/training_log.json
