2026-04-29 11:52:22,280 INFO train_distributed [dist] rank=0 world_size=1 local_rank=0 cuda_available=True
2026-04-29 11:52:22,323 INFO train_distributed loaded 2,841 returns for spx/2015-2026_daily
2026-04-29 11:52:22,331 INFO train_distributed targets: acf_sq=0.342 leverage_sum=-0.790 hill_alpha=2.68
2026-04-29 11:52:23,436 INFO train_distributed EcoMDSimulator built: 40997 parameters (device=cuda:0)
2026-04-29 11:52:26,155 INFO train_distributed it=   0 lr=1.00e-04 loss_world=41.9591 |∇|=1.07e+04 γ=1.000 T=0.0500
2026-04-29 11:52:38,867 INFO train_distributed it=   9 lr=1.00e-03 loss_world=1.7560 |∇|=8.07e+01 γ=0.998 T=0.0499
2026-04-29 11:52:53,110 INFO train_distributed it=  19 lr=9.95e-04 loss_world=1.1477 |∇|=1.63e+01 γ=0.996 T=0.0498
2026-04-29 11:53:07,378 INFO train_distributed it=  29 lr=9.78e-04 loss_world=1.0658 |∇|=1.09e+02 γ=0.996 T=0.0498
2026-04-29 11:53:21,630 INFO train_distributed it=  39 lr=9.49e-04 loss_world=2.3303 |∇|=1.03e+03 γ=0.994 T=0.0497
2026-04-29 11:53:35,868 INFO train_distributed it=  49 lr=9.10e-04 loss_world=1.3614 |∇|=2.86e+01 γ=0.994 T=0.0497
2026-04-29 11:53:50,054 INFO train_distributed it=  59 lr=8.60e-04 loss_world=0.6767 |∇|=1.71e+00 γ=0.993 T=0.0500
2026-04-29 11:54:04,240 INFO train_distributed it=  69 lr=8.02e-04 loss_world=0.9362 |∇|=2.89e+00 γ=0.993 T=0.0500
2026-04-29 11:54:18,444 INFO train_distributed it=  79 lr=7.38e-04 loss_world=0.5991 |∇|=3.35e+00 γ=0.994 T=0.0502
2026-04-29 11:54:32,613 INFO train_distributed it=  89 lr=6.68e-04 loss_world=0.7133 |∇|=1.26e+00 γ=0.993 T=0.0501
2026-04-29 11:54:46,780 INFO train_distributed it=  99 lr=5.95e-04 loss_world=0.5868 |∇|=2.62e+00 γ=0.992 T=0.0500
2026-04-29 11:55:00,947 INFO train_distributed it= 109 lr=5.20e-04 loss_world=1.1546 |∇|=2.27e+00 γ=0.992 T=0.0500
2026-04-29 11:55:15,126 INFO train_distributed it= 119 lr=4.47e-04 loss_world=0.6291 |∇|=5.60e+00 γ=0.994 T=0.0502
2026-04-29 11:55:29,298 INFO train_distributed it= 129 lr=3.76e-04 loss_world=0.8438 |∇|=1.00e+00 γ=0.996 T=0.0503
2026-04-29 11:55:43,469 INFO train_distributed it= 139 lr=3.10e-04 loss_world=0.8902 |∇|=1.33e+00 γ=0.996 T=0.0503
2026-04-29 11:55:57,632 INFO train_distributed it= 149 lr=2.51e-04 loss_world=0.8187 |∇|=1.18e+00 γ=0.995 T=0.0503
2026-04-29 11:56:11,811 INFO train_distributed it= 159 lr=2.00e-04 loss_world=0.6168 |∇|=1.38e+00 γ=0.995 T=0.0502
2026-04-29 11:56:25,986 INFO train_distributed it= 169 lr=1.58e-04 loss_world=0.9754 |∇|=2.25e+00 γ=0.994 T=0.0502
2026-04-29 11:56:40,159 INFO train_distributed it= 179 lr=1.27e-04 loss_world=0.5827 |∇|=1.46e+00 γ=0.994 T=0.0502
2026-04-29 11:56:54,337 INFO train_distributed it= 189 lr=1.07e-04 loss_world=0.9075 |∇|=1.50e+00 γ=0.994 T=0.0502
2026-04-29 11:57:08,512 INFO train_distributed it= 199 lr=1.00e-04 loss_world=1.0696 |∇|=4.51e+00 γ=0.994 T=0.0502
2026-04-29 11:57:08,518 INFO train_distributed training finished in 285.1s (200 iters, world_size=1)
2026-04-29 11:57:08,518 INFO train_distributed [rank 0] peak HBM: alloc=9.15 GB, reserved=9.70 GB
2026-04-29 11:57:08,521 INFO train_distributed [rank 0] wrote experiments/047_arch_tier_4_2_dyngraph/results_t42_dyngraph_no_u_seed3/training_log.json
