2026-04-29 17:06:28,152 INFO train_distributed [dist] rank=0 world_size=1 local_rank=0 cuda_available=True
2026-04-29 17:06:28,195 INFO train_distributed loaded 2,841 returns for spx/2015-2026_daily
2026-04-29 17:06:28,216 INFO train_distributed targets: acf_sq=0.342 leverage_sum=-0.790 hill_alpha=2.68
2026-04-29 17:06:32,033 INFO train_distributed EcoMDSimulator built: 41381 parameters (device=cuda:0)
2026-04-29 17:06:35,757 INFO train_distributed it=   0 lr=1.00e-04 loss_world=2.5185 |∇|=1.89e+01 γ=1.000 T=0.0500
2026-04-29 17:06:57,868 INFO train_distributed it=   9 lr=1.00e-03 loss_world=1.8337 |∇|=3.32e+01 γ=0.997 T=0.0500
2026-04-29 17:07:22,421 INFO train_distributed it=  19 lr=9.95e-04 loss_world=1.2878 |∇|=1.19e+02 γ=0.993 T=0.0501
2026-04-29 17:07:46,974 INFO train_distributed it=  29 lr=9.78e-04 loss_world=1.6440 |∇|=5.96e+01 γ=0.991 T=0.0502
2026-04-29 17:08:11,534 INFO train_distributed it=  39 lr=9.49e-04 loss_world=1.0995 |∇|=2.65e+01 γ=0.990 T=0.0502
2026-04-29 17:08:36,075 INFO train_distributed it=  49 lr=9.10e-04 loss_world=0.9007 |∇|=8.94e+01 γ=0.988 T=0.0503
2026-04-29 17:09:00,634 INFO train_distributed it=  59 lr=8.60e-04 loss_world=1.1728 |∇|=2.56e+01 γ=0.987 T=0.0504
2026-04-29 17:09:25,196 INFO train_distributed it=  69 lr=8.02e-04 loss_world=1.2094 |∇|=5.17e+01 γ=0.986 T=0.0504
2026-04-29 17:09:49,743 INFO train_distributed it=  79 lr=7.38e-04 loss_world=1.5254 |∇|=1.54e+02 γ=0.984 T=0.0504
2026-04-29 17:10:14,288 INFO train_distributed it=  89 lr=6.68e-04 loss_world=1.9323 |∇|=4.24e+02 γ=0.983 T=0.0504
2026-04-29 17:10:38,835 INFO train_distributed it=  99 lr=5.95e-04 loss_world=2.5986 |∇|=2.60e+01 γ=0.980 T=0.0505
2026-04-29 17:11:03,388 INFO train_distributed it= 109 lr=5.20e-04 loss_world=3.0601 |∇|=1.51e+03 γ=0.978 T=0.0506
2026-04-29 17:11:27,939 INFO train_distributed it= 119 lr=4.47e-04 loss_world=0.9612 |∇|=3.47e+02 γ=0.977 T=0.0506
2026-04-29 17:11:52,495 INFO train_distributed it= 129 lr=3.76e-04 loss_world=0.9395 |∇|=3.24e+01 γ=0.976 T=0.0506
2026-04-29 17:12:17,046 INFO train_distributed it= 139 lr=3.10e-04 loss_world=0.9166 |∇|=1.56e+02 γ=0.976 T=0.0507
2026-04-29 17:12:41,596 INFO train_distributed it= 149 lr=2.51e-04 loss_world=1.6294 |∇|=4.67e+02 γ=0.976 T=0.0507
2026-04-29 17:13:06,146 INFO train_distributed it= 159 lr=2.00e-04 loss_world=0.7140 |∇|=3.34e+02 γ=0.976 T=0.0507
2026-04-29 17:13:30,696 INFO train_distributed it= 169 lr=1.58e-04 loss_world=0.9962 |∇|=8.91e+01 γ=0.976 T=0.0507
2026-04-29 17:13:55,245 INFO train_distributed it= 179 lr=1.27e-04 loss_world=1.0566 |∇|=2.29e+02 γ=0.976 T=0.0507
2026-04-29 17:14:19,801 INFO train_distributed it= 189 lr=1.07e-04 loss_world=1.2044 |∇|=2.91e+02 γ=0.976 T=0.0507
2026-04-29 17:14:44,350 INFO train_distributed it= 199 lr=1.00e-04 loss_world=0.9513 |∇|=1.58e+03 γ=0.976 T=0.0507
2026-04-29 17:14:44,356 INFO train_distributed training finished in 492.3s (200 iters, world_size=1)
2026-04-29 17:14:44,356 INFO train_distributed [rank 0] peak HBM: alloc=11.50 GB, reserved=11.67 GB
2026-04-29 17:14:44,359 INFO train_distributed [rank 0] wrote experiments/047_arch_tier_4_2_dyngraph/results_t42_dyngraph_no_u_seed3/training_log.json
