2026-04-29 11:41:43,529 INFO train_distributed [dist] rank=0 world_size=1 local_rank=0 cuda_available=True
2026-04-29 11:41:43,575 INFO train_distributed loaded 2,841 returns for spx/2015-2026_daily
2026-04-29 11:41:43,582 INFO train_distributed targets: acf_sq=0.342 leverage_sum=-0.790 hill_alpha=2.68
2026-04-29 11:41:44,165 INFO train_distributed EcoMDSimulator built: 36316 parameters (device=cuda:0)
2026-04-29 11:41:46,750 INFO train_distributed it=   0 lr=1.00e-04 loss_world=70.6472 |∇|=1.05e+05 γ=1.000 T=0.0500
2026-04-29 11:41:57,373 INFO train_distributed it=   9 lr=1.00e-03 loss_world=8.3193 |∇|=9.56e+02 γ=0.997 T=0.0500
2026-04-29 11:42:09,258 INFO train_distributed it=  19 lr=9.95e-04 loss_world=2.6517 |∇|=2.03e+02 γ=0.991 T=0.0499
2026-04-29 11:42:21,113 INFO train_distributed it=  29 lr=9.78e-04 loss_world=1.9186 |∇|=2.39e+03 γ=0.986 T=0.0499
2026-04-29 11:42:32,923 INFO train_distributed it=  39 lr=9.49e-04 loss_world=4.1627 |∇|=9.28e+02 γ=0.979 T=0.0500
2026-04-29 11:42:44,712 INFO train_distributed it=  49 lr=9.10e-04 loss_world=2.9717 |∇|=1.36e+02 γ=0.972 T=0.0500
2026-04-29 11:42:56,501 INFO train_distributed it=  59 lr=8.60e-04 loss_world=3.9645 |∇|=5.24e+02 γ=0.966 T=0.0499
2026-04-29 11:43:08,277 INFO train_distributed it=  69 lr=8.02e-04 loss_world=9.5060 |∇|=1.26e+03 γ=0.961 T=0.0499
2026-04-29 11:43:20,032 INFO train_distributed it=  79 lr=7.38e-04 loss_world=1.9961 |∇|=1.25e+02 γ=0.955 T=0.0499
2026-04-29 11:43:31,780 INFO train_distributed it=  89 lr=6.68e-04 loss_world=2.2495 |∇|=1.04e+02 γ=0.952 T=0.0499
2026-04-29 11:43:43,521 INFO train_distributed it=  99 lr=5.95e-04 loss_world=2.2367 |∇|=1.82e+02 γ=0.950 T=0.0499
2026-04-29 11:43:55,246 INFO train_distributed it= 109 lr=5.20e-04 loss_world=2.1214 |∇|=3.14e+02 γ=0.949 T=0.0499
2026-04-29 11:44:06,972 INFO train_distributed it= 119 lr=4.47e-04 loss_world=7.4369 |∇|=4.28e+04 γ=0.949 T=0.0499
2026-04-29 11:44:18,687 INFO train_distributed it= 129 lr=3.76e-04 loss_world=1.9542 |∇|=1.09e+03 γ=0.949 T=0.0499
2026-04-29 11:44:30,399 INFO train_distributed it= 139 lr=3.10e-04 loss_world=2.8328 |∇|=5.01e+03 γ=0.949 T=0.0499
2026-04-29 11:44:42,114 INFO train_distributed it= 149 lr=2.51e-04 loss_world=1.2848 |∇|=6.51e+02 γ=0.949 T=0.0499
2026-04-29 11:44:53,822 INFO train_distributed it= 159 lr=2.00e-04 loss_world=1.3867 |∇|=7.76e+02 γ=0.949 T=0.0499
2026-04-29 11:45:05,534 INFO train_distributed it= 169 lr=1.58e-04 loss_world=5.4692 |∇|=3.37e+04 γ=0.949 T=0.0499
2026-04-29 11:45:17,253 INFO train_distributed it= 179 lr=1.27e-04 loss_world=1.4407 |∇|=9.99e+02 γ=0.949 T=0.0499
2026-04-29 11:45:28,966 INFO train_distributed it= 189 lr=1.07e-04 loss_world=0.9849 |∇|=1.63e+03 γ=0.949 T=0.0499
2026-04-29 11:45:40,679 INFO train_distributed it= 199 lr=1.00e-04 loss_world=1.2080 |∇|=6.69e+02 γ=0.949 T=0.0499
2026-04-29 11:45:40,685 INFO train_distributed training finished in 236.5s (200 iters, world_size=1)
2026-04-29 11:45:40,685 INFO train_distributed [rank 0] peak HBM: alloc=7.24 GB, reserved=8.05 GB
2026-04-29 11:45:40,688 INFO train_distributed [rank 0] wrote experiments/046_arch_megnet_pairs/results_p_4_1__2_1_seed3/training_log.json
