2026-04-28 18:37:11,679 INFO train_distributed [dist] rank=0 world_size=1 local_rank=0 cuda_available=True
2026-04-28 18:37:11,722 INFO train_distributed loaded 2,841 returns for spx/2015-2026_daily
2026-04-28 18:37:11,729 INFO train_distributed targets: acf_sq=0.342 leverage_sum=-0.790 hill_alpha=2.68
2026-04-28 18:37:11,986 INFO train_distributed EcoMDSimulator built: 105316 parameters (device=cuda:0)
2026-04-28 18:37:13,395 INFO train_distributed it=   0 lr=1.00e-04 loss_world=0.9906 |∇|=9.76e-01 γ=1.000 T=0.0500
2026-04-28 18:37:15,830 INFO train_distributed it=   9 lr=1.00e-03 loss_world=1.0557 |∇|=8.47e-01 γ=1.002 T=0.0499
2026-04-28 18:37:18,505 INFO train_distributed it=  19 lr=9.95e-04 loss_world=0.8926 |∇|=2.48e+00 γ=1.004 T=0.0497
2026-04-28 18:37:21,184 INFO train_distributed it=  29 lr=9.78e-04 loss_world=1.0262 |∇|=1.24e+00 γ=1.003 T=0.0495
2026-04-28 18:37:23,855 INFO train_distributed it=  39 lr=9.49e-04 loss_world=1.6786 |∇|=2.40e+00 γ=1.006 T=0.0496
2026-04-28 18:37:26,530 INFO train_distributed it=  49 lr=9.10e-04 loss_world=0.8314 |∇|=1.35e+01 γ=1.010 T=0.0499
2026-04-28 18:37:29,220 INFO train_distributed it=  59 lr=8.60e-04 loss_world=0.9034 |∇|=4.05e+00 γ=1.012 T=0.0501
2026-04-28 18:37:31,915 INFO train_distributed it=  69 lr=8.02e-04 loss_world=0.5243 |∇|=3.88e+00 γ=1.012 T=0.0503
2026-04-28 18:37:34,593 INFO train_distributed it=  79 lr=7.38e-04 loss_world=1.3709 |∇|=8.69e+00 γ=1.013 T=0.0504
2026-04-28 18:37:37,280 INFO train_distributed it=  89 lr=6.68e-04 loss_world=1.0428 |∇|=1.30e+00 γ=1.011 T=0.0505
2026-04-28 18:37:39,957 INFO train_distributed it=  99 lr=5.95e-04 loss_world=0.8040 |∇|=2.44e+00 γ=1.008 T=0.0505
2026-04-28 18:37:42,637 INFO train_distributed it= 109 lr=5.20e-04 loss_world=0.8643 |∇|=1.31e+00 γ=1.006 T=0.0504
2026-04-28 18:37:45,317 INFO train_distributed it= 119 lr=4.47e-04 loss_world=0.7818 |∇|=1.42e+00 γ=1.007 T=0.0504
2026-04-28 18:37:48,009 INFO train_distributed it= 129 lr=3.76e-04 loss_world=0.8361 |∇|=6.21e+00 γ=1.007 T=0.0503
2026-04-28 18:37:50,691 INFO train_distributed it= 139 lr=3.10e-04 loss_world=0.7894 |∇|=7.52e-01 γ=1.006 T=0.0503
2026-04-28 18:37:53,376 INFO train_distributed it= 149 lr=2.51e-04 loss_world=1.0706 |∇|=3.77e+00 γ=1.006 T=0.0503
2026-04-28 18:37:56,054 INFO train_distributed it= 159 lr=2.00e-04 loss_world=1.0938 |∇|=1.44e+00 γ=1.006 T=0.0503
2026-04-28 18:37:58,776 INFO train_distributed it= 169 lr=1.58e-04 loss_world=1.4156 |∇|=1.76e+00 γ=1.007 T=0.0503
2026-04-28 18:38:01,466 INFO train_distributed it= 179 lr=1.27e-04 loss_world=1.5499 |∇|=4.52e+00 γ=1.007 T=0.0503
2026-04-28 18:38:04,134 INFO train_distributed it= 189 lr=1.07e-04 loss_world=1.3053 |∇|=1.86e+00 γ=1.007 T=0.0503
2026-04-28 18:38:06,810 INFO train_distributed it= 199 lr=1.00e-04 loss_world=0.9777 |∇|=3.16e+00 γ=1.007 T=0.0503
2026-04-28 18:38:06,817 INFO train_distributed training finished in 54.8s (200 iters, world_size=1)
2026-04-28 18:38:06,817 INFO train_distributed [rank 0] peak HBM: alloc=0.59 GB, reserved=0.77 GB
2026-04-28 18:38:06,820 INFO train_distributed [rank 0] wrote experiments/042_arch_tier_3_1_isab/results_t31_isab_seed9/training_log.json
