2026-04-29 15:57:39,252 INFO train_distributed [dist] rank=0 world_size=1 local_rank=0 cuda_available=True
2026-04-29 15:57:39,295 INFO train_distributed loaded 2,841 returns for spx/2015-2026_daily
2026-04-29 15:57:39,303 INFO train_distributed targets: acf_sq=0.342 leverage_sum=-0.790 hill_alpha=2.68
2026-04-29 15:57:40,386 INFO train_distributed EcoMDSimulator built: 34796 parameters (device=cuda:0)
2026-04-29 15:57:44,214 INFO train_distributed it=   0 lr=1.00e-04 loss_world=19.3157 |∇|=8.21e+02 γ=1.000 T=0.0500
2026-04-29 15:58:06,597 INFO train_distributed it=   9 lr=1.00e-03 loss_world=1.1370 |∇|=3.91e+01 γ=0.998 T=0.0501
2026-04-29 15:58:31,470 INFO train_distributed it=  19 lr=9.95e-04 loss_world=1.2601 |∇|=2.24e+01 γ=0.997 T=0.0502
2026-04-29 15:58:56,336 INFO train_distributed it=  29 lr=9.78e-04 loss_world=0.9029 |∇|=8.16e+00 γ=0.996 T=0.0503
2026-04-29 15:59:21,226 INFO train_distributed it=  39 lr=9.49e-04 loss_world=0.7392 |∇|=8.70e+01 γ=0.997 T=0.0502
2026-04-29 15:59:46,104 INFO train_distributed it=  49 lr=9.10e-04 loss_world=0.6845 |∇|=2.01e+01 γ=0.998 T=0.0502
2026-04-29 16:00:10,987 INFO train_distributed it=  59 lr=8.60e-04 loss_world=0.9107 |∇|=9.38e+00 γ=1.001 T=0.0502
2026-04-29 16:00:35,843 INFO train_distributed it=  69 lr=8.02e-04 loss_world=0.9515 |∇|=7.95e+01 γ=1.001 T=0.0503
2026-04-29 16:01:00,691 INFO train_distributed it=  79 lr=7.38e-04 loss_world=0.6876 |∇|=8.65e+01 γ=1.000 T=0.0502
2026-04-29 16:01:25,545 INFO train_distributed it=  89 lr=6.68e-04 loss_world=0.8241 |∇|=1.61e+01 γ=1.002 T=0.0502
2026-04-29 16:01:50,398 INFO train_distributed it=  99 lr=5.95e-04 loss_world=0.6536 |∇|=1.41e+01 γ=1.002 T=0.0502
2026-04-29 16:02:15,249 INFO train_distributed it= 109 lr=5.20e-04 loss_world=1.1775 |∇|=1.14e+01 γ=1.003 T=0.0502
2026-04-29 16:02:40,097 INFO train_distributed it= 119 lr=4.47e-04 loss_world=0.6616 |∇|=1.10e+01 γ=1.004 T=0.0502
2026-04-29 16:03:04,944 INFO train_distributed it= 129 lr=3.76e-04 loss_world=1.0464 |∇|=9.89e+00 γ=1.004 T=0.0502
2026-04-29 16:03:29,804 INFO train_distributed it= 139 lr=3.10e-04 loss_world=1.1284 |∇|=1.57e+01 γ=1.003 T=0.0501
2026-04-29 16:03:54,660 INFO train_distributed it= 149 lr=2.51e-04 loss_world=0.8224 |∇|=2.00e+01 γ=1.003 T=0.0501
2026-04-29 16:04:19,512 INFO train_distributed it= 159 lr=2.00e-04 loss_world=0.9967 |∇|=4.88e+01 γ=1.004 T=0.0501
2026-04-29 16:04:44,359 INFO train_distributed it= 169 lr=1.58e-04 loss_world=4.6191 |∇|=1.75e+03 γ=1.004 T=0.0501
2026-04-29 16:05:09,207 INFO train_distributed it= 179 lr=1.27e-04 loss_world=0.9216 |∇|=3.56e+01 γ=1.004 T=0.0501
2026-04-29 16:05:34,079 INFO train_distributed it= 189 lr=1.07e-04 loss_world=1.1140 |∇|=1.68e+01 γ=1.004 T=0.0501
2026-04-29 16:05:58,931 INFO train_distributed it= 199 lr=1.00e-04 loss_world=1.1882 |∇|=3.45e+01 γ=1.004 T=0.0500
2026-04-29 16:05:58,937 INFO train_distributed training finished in 498.6s (200 iters, world_size=1)
2026-04-29 16:05:58,937 INFO train_distributed [rank 0] peak HBM: alloc=9.09 GB, reserved=9.90 GB
2026-04-29 16:05:58,940 INFO train_distributed [rank 0] wrote experiments/043_arch_pairs/results_p_1_1__1_3_seed2/training_log.json
