2026-04-29 11:19:54,840 INFO train_distributed [dist] rank=0 world_size=1 local_rank=0 cuda_available=True
2026-04-29 11:19:54,885 INFO train_distributed loaded 2,841 returns for spx/2015-2026_daily
2026-04-29 11:19:54,893 INFO train_distributed targets: acf_sq=0.342 leverage_sum=-0.790 hill_alpha=2.68
2026-04-29 11:19:59,585 INFO train_distributed EcoMDSimulator built: 34780 parameters (device=cuda:0)
2026-04-29 11:20:01,987 INFO train_distributed it=   0 lr=1.00e-04 loss_world=48.6797 |∇|=2.55e+04 γ=1.000 T=0.0500
2026-04-29 11:20:12,060 INFO train_distributed it=   9 lr=1.00e-03 loss_world=3.1459 |∇|=2.68e+02 γ=0.996 T=0.0500
2026-04-29 11:20:23,288 INFO train_distributed it=  19 lr=9.95e-04 loss_world=1.9820 |∇|=1.25e+02 γ=0.989 T=0.0500
2026-04-29 11:20:34,516 INFO train_distributed it=  29 lr=9.78e-04 loss_world=1.0856 |∇|=9.05e+03 γ=0.985 T=0.0500
2026-04-29 11:20:45,720 INFO train_distributed it=  39 lr=9.49e-04 loss_world=9.9805 |∇|=1.87e+03 γ=0.982 T=0.0501
2026-04-29 11:20:56,916 INFO train_distributed it=  49 lr=9.10e-04 loss_world=2.1316 |∇|=1.64e+03 γ=0.977 T=0.0500
2026-04-29 11:21:08,091 INFO train_distributed it=  59 lr=8.60e-04 loss_world=2.0468 |∇|=3.00e+02 γ=0.973 T=0.0501
2026-04-29 11:21:19,274 INFO train_distributed it=  69 lr=8.02e-04 loss_world=7.0528 |∇|=1.96e+03 γ=0.969 T=0.0501
2026-04-29 11:21:30,451 INFO train_distributed it=  79 lr=7.38e-04 loss_world=1.7404 |∇|=2.26e+03 γ=0.965 T=0.0501
2026-04-29 11:21:41,620 INFO train_distributed it=  89 lr=6.68e-04 loss_world=3.2652 |∇|=2.61e+03 γ=0.962 T=0.0501
2026-04-29 11:21:52,786 INFO train_distributed it=  99 lr=5.95e-04 loss_world=2.1995 |∇|=4.62e+02 γ=0.959 T=0.0501
2026-04-29 11:22:03,962 INFO train_distributed it= 109 lr=5.20e-04 loss_world=10.3800 |∇|=3.05e+03 γ=0.957 T=0.0501
2026-04-29 11:22:15,128 INFO train_distributed it= 119 lr=4.47e-04 loss_world=40.1495 |∇|=1.55e+04 γ=0.955 T=0.0501
2026-04-29 11:22:26,297 INFO train_distributed it= 129 lr=3.76e-04 loss_world=28.3012 |∇|=3.89e+03 γ=0.952 T=0.0501
2026-04-29 11:22:37,468 INFO train_distributed it= 139 lr=3.10e-04 loss_world=7.4248 |∇|=7.44e+03 γ=0.950 T=0.0501
2026-04-29 11:22:48,635 INFO train_distributed it= 149 lr=2.51e-04 loss_world=1.7730 |∇|=1.53e+03 γ=0.948 T=0.0501
2026-04-29 11:22:59,812 INFO train_distributed it= 159 lr=2.00e-04 loss_world=29.8801 |∇|=1.01e+04 γ=0.948 T=0.0501
2026-04-29 11:23:10,991 INFO train_distributed it= 169 lr=1.58e-04 loss_world=206.8636 |∇|=3.85e+05 γ=0.947 T=0.0501
2026-04-29 11:23:22,195 INFO train_distributed it= 179 lr=1.27e-04 loss_world=314.1611 |∇|=3.24e+05 γ=0.946 T=0.0502
2026-04-29 11:23:33,361 INFO train_distributed it= 189 lr=1.07e-04 loss_world=294.3851 |∇|=3.31e+05 γ=0.946 T=0.0502
2026-04-29 11:23:44,524 INFO train_distributed it= 199 lr=1.00e-04 loss_world=407.7806 |∇|=3.84e+05 γ=0.945 T=0.0502
2026-04-29 11:23:44,530 INFO train_distributed training finished in 224.9s (200 iters, world_size=1)
2026-04-29 11:23:44,531 INFO train_distributed [rank 0] peak HBM: alloc=7.09 GB, reserved=7.68 GB
2026-04-29 11:23:44,533 INFO train_distributed [rank 0] wrote experiments/045_arch_tier_4_1_megnet/results_t41_megnet_ext_only_seed8/training_log.json
