2026-04-29 12:19:32,502 INFO train_distributed [dist] rank=0 world_size=1 local_rank=0 cuda_available=True
2026-04-29 12:19:32,546 INFO train_distributed loaded 2,841 returns for spx/2015-2026_daily
2026-04-29 12:19:32,554 INFO train_distributed targets: acf_sq=0.342 leverage_sum=-0.790 hill_alpha=2.68
2026-04-29 12:19:35,587 INFO train_distributed EcoMDSimulator built: 50849 parameters (device=cuda:0)
2026-04-29 12:19:38,420 INFO train_distributed it=   0 lr=1.00e-04 loss_world=47.3737 |∇|=2.75e+04 γ=1.000 T=0.0500
2026-04-29 12:19:52,444 INFO train_distributed it=   9 lr=1.00e-03 loss_world=2.0237 |∇|=3.05e+01 γ=0.998 T=0.0499
2026-04-29 12:20:08,133 INFO train_distributed it=  19 lr=9.95e-04 loss_world=54.3655 |∇|=3.92e+04 γ=0.995 T=0.0500
2026-04-29 12:20:23,741 INFO train_distributed it=  29 lr=9.78e-04 loss_world=5.8612 |∇|=3.83e+03 γ=0.992 T=0.0500
2026-04-29 12:20:39,317 INFO train_distributed it=  39 lr=9.49e-04 loss_world=2.2261 |∇|=4.99e+01 γ=0.989 T=0.0500
2026-04-29 12:20:54,861 INFO train_distributed it=  49 lr=9.10e-04 loss_world=2.7348 |∇|=1.20e+03 γ=0.987 T=0.0500
2026-04-29 12:21:10,404 INFO train_distributed it=  59 lr=8.60e-04 loss_world=2.7371 |∇|=7.09e+01 γ=0.984 T=0.0500
2026-04-29 12:21:25,947 INFO train_distributed it=  69 lr=8.02e-04 loss_world=6.1242 |∇|=3.32e+03 γ=0.981 T=0.0500
2026-04-29 12:21:41,480 INFO train_distributed it=  79 lr=7.38e-04 loss_world=2.0834 |∇|=5.38e+02 γ=0.980 T=0.0500
2026-04-29 12:21:57,018 INFO train_distributed it=  89 lr=6.68e-04 loss_world=9.1105 |∇|=3.35e+05 γ=0.980 T=0.0500
2026-04-29 12:22:12,552 INFO train_distributed it=  99 lr=5.95e-04 loss_world=2.6935 |∇|=1.12e+03 γ=0.979 T=0.0501
2026-04-29 12:22:28,092 INFO train_distributed it= 109 lr=5.20e-04 loss_world=3.2397 |∇|=1.09e+05 γ=0.977 T=0.0501
2026-04-29 12:22:43,631 INFO train_distributed it= 119 lr=4.47e-04 loss_world=5.3874 |∇|=1.51e+07 γ=0.976 T=0.0501
2026-04-29 12:22:59,182 INFO train_distributed it= 129 lr=3.76e-04 loss_world=1.8573 |∇|=1.63e+04 γ=0.976 T=0.0501
2026-04-29 12:23:14,731 INFO train_distributed it= 139 lr=3.10e-04 loss_world=4.0881 |∇|=1.05e+09 γ=0.976 T=0.0501
2026-04-29 12:23:30,283 INFO train_distributed it= 149 lr=2.51e-04 loss_world=1.8479 |∇|=1.47e+04 γ=0.976 T=0.0501
2026-04-29 12:23:45,838 INFO train_distributed it= 159 lr=2.00e-04 loss_world=4.2400 |∇|=2.92e+05 γ=0.976 T=0.0501
2026-04-29 12:24:01,380 INFO train_distributed it= 169 lr=1.58e-04 loss_world=10.3177 |∇|=6.41e+05 γ=0.976 T=0.0501
2026-04-29 12:24:16,934 INFO train_distributed it= 179 lr=1.27e-04 loss_world=10.4958 |∇|=1.33e+07 γ=0.976 T=0.0501
2026-04-29 12:24:32,490 INFO train_distributed it= 189 lr=1.07e-04 loss_world=2.0330 |∇|=5.76e+06 γ=0.976 T=0.0501
2026-04-29 12:24:48,053 INFO train_distributed it= 199 lr=1.00e-04 loss_world=7.6400 |∇|=1.44e+10 γ=0.976 T=0.0501
2026-04-29 12:24:48,061 INFO train_distributed training finished in 312.5s (200 iters, world_size=1)
2026-04-29 12:24:48,061 INFO train_distributed [rank 0] peak HBM: alloc=9.42 GB, reserved=10.02 GB
2026-04-29 12:24:48,063 INFO train_distributed [rank 0] wrote experiments/048_arch_dyngraph_pairs/results_p_4_2__1_1_seed1/training_log.json
