2026-04-29 11:19:59,344 INFO train_distributed [dist] rank=0 world_size=1 local_rank=0 cuda_available=True
2026-04-29 11:19:59,389 INFO train_distributed loaded 2,841 returns for spx/2015-2026_daily
2026-04-29 11:19:59,396 INFO train_distributed targets: acf_sq=0.342 leverage_sum=-0.790 hill_alpha=2.68
2026-04-29 11:19:59,905 INFO train_distributed EcoMDSimulator built: 36316 parameters (device=cuda:0)
2026-04-29 11:20:02,356 INFO train_distributed it=   0 lr=1.00e-04 loss_world=18.6116 |∇|=5.11e+03 γ=1.000 T=0.0500
2026-04-29 11:20:12,693 INFO train_distributed it=   9 lr=1.00e-03 loss_world=2.9899 |∇|=5.16e+02 γ=0.999 T=0.0500
2026-04-29 11:20:24,311 INFO train_distributed it=  19 lr=9.95e-04 loss_world=2.3032 |∇|=1.75e+02 γ=0.998 T=0.0501
2026-04-29 11:20:35,978 INFO train_distributed it=  29 lr=9.78e-04 loss_world=1.9872 |∇|=2.76e+02 γ=0.997 T=0.0501
2026-04-29 11:20:47,651 INFO train_distributed it=  39 lr=9.49e-04 loss_world=1.1619 |∇|=2.04e+02 γ=0.997 T=0.0501
2026-04-29 11:20:59,320 INFO train_distributed it=  49 lr=9.10e-04 loss_world=5.0217 |∇|=1.62e+03 γ=0.996 T=0.0501
2026-04-29 11:21:10,985 INFO train_distributed it=  59 lr=8.60e-04 loss_world=1.1796 |∇|=8.78e+01 γ=0.996 T=0.0502
2026-04-29 11:21:22,645 INFO train_distributed it=  69 lr=8.02e-04 loss_world=1.1126 |∇|=6.42e+01 γ=0.996 T=0.0501
2026-04-29 11:21:34,291 INFO train_distributed it=  79 lr=7.38e-04 loss_world=1.6416 |∇|=1.20e+02 γ=0.996 T=0.0501
2026-04-29 11:21:45,942 INFO train_distributed it=  89 lr=6.68e-04 loss_world=1.1070 |∇|=5.41e+01 γ=0.996 T=0.0502
2026-04-29 11:21:57,607 INFO train_distributed it=  99 lr=5.95e-04 loss_world=1.0244 |∇|=4.93e+01 γ=0.996 T=0.0502
2026-04-29 11:22:09,261 INFO train_distributed it= 109 lr=5.20e-04 loss_world=1.4087 |∇|=9.06e+01 γ=0.996 T=0.0502
2026-04-29 11:22:20,912 INFO train_distributed it= 119 lr=4.47e-04 loss_world=1.0569 |∇|=9.51e+01 γ=0.996 T=0.0503
2026-04-29 11:22:32,555 INFO train_distributed it= 129 lr=3.76e-04 loss_world=1.4156 |∇|=2.43e+02 γ=0.996 T=0.0503
2026-04-29 11:22:44,201 INFO train_distributed it= 139 lr=3.10e-04 loss_world=1.2242 |∇|=1.63e+02 γ=0.996 T=0.0503
2026-04-29 11:22:55,852 INFO train_distributed it= 149 lr=2.51e-04 loss_world=0.9887 |∇|=8.13e+01 γ=0.996 T=0.0503
2026-04-29 11:23:07,500 INFO train_distributed it= 159 lr=2.00e-04 loss_world=10.1737 |∇|=3.71e+03 γ=0.997 T=0.0503
2026-04-29 11:23:19,147 INFO train_distributed it= 169 lr=1.58e-04 loss_world=1.1760 |∇|=5.42e+02 γ=0.998 T=0.0504
2026-04-29 11:23:30,790 INFO train_distributed it= 179 lr=1.27e-04 loss_world=1.0807 |∇|=7.29e+02 γ=0.999 T=0.0504
2026-04-29 11:23:42,429 INFO train_distributed it= 189 lr=1.07e-04 loss_world=1.1985 |∇|=1.25e+02 γ=0.999 T=0.0504
2026-04-29 11:23:54,081 INFO train_distributed it= 199 lr=1.00e-04 loss_world=0.6227 |∇|=5.28e+02 γ=0.999 T=0.0504
2026-04-29 11:23:54,086 INFO train_distributed training finished in 234.2s (200 iters, world_size=1)
2026-04-29 11:23:54,086 INFO train_distributed [rank 0] peak HBM: alloc=7.24 GB, reserved=8.05 GB
2026-04-29 11:23:54,089 INFO train_distributed [rank 0] wrote experiments/045_arch_tier_4_1_megnet/results_t41_megnet_seed5/training_log.json
