2026-04-29 16:06:04,657 INFO train_distributed [dist] rank=0 world_size=1 local_rank=0 cuda_available=True
2026-04-29 16:06:04,703 INFO train_distributed loaded 2,841 returns for spx/2015-2026_daily
2026-04-29 16:06:04,710 INFO train_distributed targets: acf_sq=0.342 leverage_sum=-0.790 hill_alpha=2.68
2026-04-29 16:06:05,423 INFO train_distributed EcoMDSimulator built: 34408 parameters (device=cuda:0)
2026-04-29 16:06:07,811 INFO train_distributed it=   0 lr=1.00e-04 loss_world=2.5358 |∇|=3.14e+02 γ=1.000 T=0.0500
2026-04-29 16:06:17,772 INFO train_distributed it=   9 lr=1.00e-03 loss_world=2.6448 |∇|=2.22e+02 γ=0.999 T=0.0499
2026-04-29 16:06:28,980 INFO train_distributed it=  19 lr=9.95e-04 loss_world=2.4958 |∇|=2.00e+02 γ=0.994 T=0.0499
2026-04-29 16:06:40,193 INFO train_distributed it=  29 lr=9.78e-04 loss_world=7.8473 |∇|=1.33e+03 γ=0.986 T=0.0499
2026-04-29 16:06:51,400 INFO train_distributed it=  39 lr=9.49e-04 loss_world=4.7560 |∇|=1.25e+03 γ=0.979 T=0.0500
2026-04-29 16:07:02,597 INFO train_distributed it=  49 lr=9.10e-04 loss_world=1.8482 |∇|=2.81e+01 γ=0.972 T=0.0501
2026-04-29 16:07:13,795 INFO train_distributed it=  59 lr=8.60e-04 loss_world=8.5338 |∇|=1.45e+03 γ=0.967 T=0.0502
2026-04-29 16:07:25,001 INFO train_distributed it=  69 lr=8.02e-04 loss_world=2.0716 |∇|=2.57e+02 γ=0.962 T=0.0503
2026-04-29 16:07:36,191 INFO train_distributed it=  79 lr=7.38e-04 loss_world=6.7097 |∇|=1.25e+03 γ=0.957 T=0.0503
2026-04-29 16:07:47,391 INFO train_distributed it=  89 lr=6.68e-04 loss_world=2.2074 |∇|=3.33e+02 γ=0.951 T=0.0503
2026-04-29 16:07:58,584 INFO train_distributed it=  99 lr=5.95e-04 loss_world=3.0444 |∇|=1.78e+03 γ=0.948 T=0.0504
2026-04-29 16:08:09,781 INFO train_distributed it= 109 lr=5.20e-04 loss_world=2.2623 |∇|=3.89e+02 γ=0.946 T=0.0504
2026-04-29 16:08:20,975 INFO train_distributed it= 119 lr=4.47e-04 loss_world=3.4813 |∇|=2.66e+03 γ=0.944 T=0.0504
2026-04-29 16:08:32,179 INFO train_distributed it= 129 lr=3.76e-04 loss_world=1.9557 |∇|=3.83e+02 γ=0.942 T=0.0504
2026-04-29 16:08:43,377 INFO train_distributed it= 139 lr=3.10e-04 loss_world=2.0548 |∇|=6.71e+02 γ=0.941 T=0.0504
2026-04-29 16:08:54,572 INFO train_distributed it= 149 lr=2.51e-04 loss_world=2.3422 |∇|=7.98e+02 γ=0.941 T=0.0504
2026-04-29 16:09:05,773 INFO train_distributed it= 159 lr=2.00e-04 loss_world=2.1298 |∇|=1.36e+03 γ=0.941 T=0.0504
2026-04-29 16:09:16,993 INFO train_distributed it= 169 lr=1.58e-04 loss_world=2.4148 |∇|=1.07e+03 γ=0.941 T=0.0504
2026-04-29 16:09:28,190 INFO train_distributed it= 179 lr=1.27e-04 loss_world=2.5047 |∇|=2.20e+03 γ=0.941 T=0.0504
2026-04-29 16:09:39,383 INFO train_distributed it= 189 lr=1.07e-04 loss_world=3.2408 |∇|=1.38e+04 γ=0.941 T=0.0504
2026-04-29 16:09:50,580 INFO train_distributed it= 199 lr=1.00e-04 loss_world=2.5391 |∇|=1.19e+03 γ=0.941 T=0.0504
2026-04-29 16:09:50,586 INFO train_distributed training finished in 225.2s (200 iters, world_size=1)
2026-04-29 16:09:50,586 INFO train_distributed [rank 0] peak HBM: alloc=7.10 GB, reserved=7.69 GB
2026-04-29 16:09:50,589 INFO train_distributed [rank 0] wrote experiments/043_arch_pairs/results_p_1_1__2_1_seed4/training_log.json
