2026-04-29 15:28:27,321 INFO train_distributed [dist] rank=0 world_size=1 local_rank=0 cuda_available=True
2026-04-29 15:28:27,366 INFO train_distributed loaded 2,841 returns for spx/2015-2026_daily
2026-04-29 15:28:27,374 INFO train_distributed targets: acf_sq=0.342 leverage_sum=-0.790 hill_alpha=2.68
2026-04-29 15:28:28,776 INFO train_distributed EcoMDSimulator built: 31976 parameters (device=cuda:0)
2026-04-29 15:28:32,532 INFO train_distributed it=   0 lr=1.00e-04 loss_world=19.2985 |∇|=8.23e+02 γ=1.000 T=0.0500
2026-04-29 15:28:54,674 INFO train_distributed it=   9 lr=1.00e-03 loss_world=5.0875 |∇|=1.22e+04 γ=1.000 T=0.0500
2026-04-29 15:29:19,270 INFO train_distributed it=  19 lr=9.95e-04 loss_world=0.9106 |∇|=1.75e+01 γ=0.997 T=0.0502
2026-04-29 15:29:43,873 INFO train_distributed it=  29 lr=9.78e-04 loss_world=0.6662 |∇|=2.01e+01 γ=0.998 T=0.0503
2026-04-29 15:30:08,479 INFO train_distributed it=  39 lr=9.49e-04 loss_world=0.9585 |∇|=7.80e+00 γ=1.000 T=0.0503
2026-04-29 15:30:33,074 INFO train_distributed it=  49 lr=9.10e-04 loss_world=0.7347 |∇|=1.74e+01 γ=1.000 T=0.0504
2026-04-29 15:30:57,676 INFO train_distributed it=  59 lr=8.60e-04 loss_world=0.5576 |∇|=1.68e+01 γ=0.999 T=0.0505
2026-04-29 15:31:22,281 INFO train_distributed it=  69 lr=8.02e-04 loss_world=1.0298 |∇|=2.39e+01 γ=0.996 T=0.0506
2026-04-29 15:31:46,902 INFO train_distributed it=  79 lr=7.38e-04 loss_world=1.3702 |∇|=1.01e+02 γ=0.997 T=0.0507
2026-04-29 15:32:11,517 INFO train_distributed it=  89 lr=6.68e-04 loss_world=0.8164 |∇|=5.29e+04 γ=0.992 T=0.0508
2026-04-29 15:32:36,141 INFO train_distributed it=  99 lr=5.95e-04 loss_world=0.9432 |∇|=1.14e+05 γ=0.990 T=0.0508
2026-04-29 15:33:00,766 INFO train_distributed it= 109 lr=5.20e-04 loss_world=1.1306 |∇|=1.21e+06 γ=0.990 T=0.0508
2026-04-29 15:33:25,391 INFO train_distributed it= 119 lr=4.47e-04 loss_world=1.0574 |∇|=5.23e+06 γ=0.990 T=0.0508
2026-04-29 15:33:50,019 INFO train_distributed it= 129 lr=3.76e-04 loss_world=0.8022 |∇|=5.87e+05 γ=0.989 T=0.0508
2026-04-29 15:34:14,642 INFO train_distributed it= 139 lr=3.10e-04 loss_world=0.6428 |∇|=4.29e+06 γ=0.988 T=0.0508
2026-04-29 15:34:39,262 INFO train_distributed it= 149 lr=2.51e-04 loss_world=0.7846 |∇|=3.20e+06 γ=0.988 T=0.0508
2026-04-29 15:35:03,863 INFO train_distributed it= 159 lr=2.00e-04 loss_world=1.0436 |∇|=9.96e+07 γ=0.988 T=0.0508
2026-04-29 15:35:28,460 INFO train_distributed it= 169 lr=1.58e-04 loss_world=0.8399 |∇|=5.43e+06 γ=0.988 T=0.0508
2026-04-29 15:35:53,065 INFO train_distributed it= 179 lr=1.27e-04 loss_world=1.1475 |∇|=7.40e+06 γ=0.988 T=0.0508
2026-04-29 15:36:17,664 INFO train_distributed it= 189 lr=1.07e-04 loss_world=1.0104 |∇|=3.30e+06 γ=0.988 T=0.0509
2026-04-29 15:36:42,266 INFO train_distributed it= 199 lr=1.00e-04 loss_world=0.6081 |∇|=4.18e+06 γ=0.988 T=0.0509
2026-04-29 15:36:42,272 INFO train_distributed training finished in 493.5s (200 iters, world_size=1)
2026-04-29 15:36:42,272 INFO train_distributed [rank 0] peak HBM: alloc=9.08 GB, reserved=9.86 GB
2026-04-29 15:36:42,275 INFO train_distributed [rank 0] wrote experiments/039_arch_tier_1_3_features/results_t13_features_all_seed2/training_log.json
