2026-04-29 16:46:21,225 INFO train_distributed [dist] rank=0 world_size=1 local_rank=0 cuda_available=True
2026-04-29 16:46:21,269 INFO train_distributed loaded 2,841 returns for spx/2015-2026_daily
2026-04-29 16:46:21,276 INFO train_distributed targets: acf_sq=0.342 leverage_sum=-0.790 hill_alpha=2.68
2026-04-29 16:46:22,392 INFO train_distributed EcoMDSimulator built: 36251 parameters (device=cuda:0)
2026-04-29 16:46:27,401 INFO train_distributed it=   0 lr=1.00e-04 loss_world=1.1501 |∇|=1.07e+01 γ=1.000 T=0.0500
2026-04-29 16:47:00,234 INFO train_distributed it=   9 lr=1.00e-03 loss_world=0.8043 |∇|=1.13e+01 γ=0.997 T=0.0501
2026-04-29 16:47:39,548 INFO train_distributed it=  19 lr=9.95e-04 loss_world=0.9240 |∇|=1.90e+01 γ=0.995 T=0.0501
2026-04-29 16:48:51,702 INFO train_distributed it=  29 lr=9.78e-04 loss_world=1.3994 |∇|=1.37e+01 γ=0.995 T=0.0500
2026-04-29 16:49:40,670 INFO train_distributed it=  39 lr=9.49e-04 loss_world=0.8689 |∇|=1.45e+01 γ=1.001 T=0.0500
2026-04-29 16:50:17,133 INFO train_distributed it=  49 lr=9.10e-04 loss_world=0.8559 |∇|=1.72e+01 γ=1.007 T=0.0501
2026-04-29 16:50:53,595 INFO train_distributed it=  59 lr=8.60e-04 loss_world=1.0399 |∇|=2.53e+01 γ=1.007 T=0.0502
2026-04-29 16:51:30,061 INFO train_distributed it=  69 lr=8.02e-04 loss_world=0.9719 |∇|=1.52e+01 γ=1.006 T=0.0502
2026-04-29 16:52:06,543 INFO train_distributed it=  79 lr=7.38e-04 loss_world=0.7260 |∇|=5.16e+00 γ=1.006 T=0.0502
2026-04-29 16:52:43,023 INFO train_distributed it=  89 lr=6.68e-04 loss_world=0.9000 |∇|=2.08e+01 γ=1.007 T=0.0501
2026-04-29 16:53:19,502 INFO train_distributed it=  99 lr=5.95e-04 loss_world=0.7943 |∇|=1.61e+01 γ=1.007 T=0.0501
2026-04-29 16:53:55,979 INFO train_distributed it= 109 lr=5.20e-04 loss_world=1.0669 |∇|=1.71e+01 γ=1.007 T=0.0501
2026-04-29 16:54:32,456 INFO train_distributed it= 119 lr=4.47e-04 loss_world=0.6683 |∇|=2.92e+01 γ=1.006 T=0.0501
2026-04-29 16:55:08,940 INFO train_distributed it= 129 lr=3.76e-04 loss_world=0.6775 |∇|=2.16e+01 γ=1.005 T=0.0501
2026-04-29 16:55:45,420 INFO train_distributed it= 139 lr=3.10e-04 loss_world=1.1264 |∇|=2.57e+01 γ=1.007 T=0.0501
2026-04-29 16:56:21,904 INFO train_distributed it= 149 lr=2.51e-04 loss_world=0.6281 |∇|=1.79e+01 γ=1.007 T=0.0501
2026-04-29 16:56:58,375 INFO train_distributed it= 159 lr=2.00e-04 loss_world=1.3351 |∇|=2.29e+01 γ=1.006 T=0.0500
2026-04-29 16:57:34,860 INFO train_distributed it= 169 lr=1.58e-04 loss_world=0.6474 |∇|=6.36e+01 γ=1.006 T=0.0500
2026-04-29 16:58:11,344 INFO train_distributed it= 179 lr=1.27e-04 loss_world=0.8294 |∇|=5.81e+01 γ=1.006 T=0.0500
2026-04-29 16:58:47,824 INFO train_distributed it= 189 lr=1.07e-04 loss_world=0.8739 |∇|=2.61e+01 γ=1.005 T=0.0500
2026-04-29 16:59:24,310 INFO train_distributed it= 199 lr=1.00e-04 loss_world=0.7207 |∇|=3.91e+01 γ=1.005 T=0.0501
2026-04-29 16:59:24,317 INFO train_distributed training finished in 781.9s (200 iters, world_size=1)
2026-04-29 16:59:24,317 INFO train_distributed [rank 0] peak HBM: alloc=9.10 GB, reserved=10.26 GB
2026-04-29 16:59:24,320 INFO train_distributed [rank 0] wrote experiments/044_arch_all_stacked/results_stack_no_isab_seed0/training_log.json
