2026-04-28 18:47:50,618 INFO train_distributed [dist] rank=0 world_size=1 local_rank=0 cuda_available=True
2026-04-28 18:47:50,659 INFO train_distributed loaded 2,841 returns for spx/2015-2026_daily
2026-04-28 18:47:50,713 INFO train_distributed targets: acf_sq=0.342 leverage_sum=-0.790 hill_alpha=2.68
2026-04-28 18:47:50,979 INFO train_distributed EcoMDSimulator built: 33043 parameters (device=cuda:0)
2026-04-28 18:47:54,434 INFO train_distributed it=   0 lr=1.00e-04 loss_world=22.3999 |∇|=8.67e+03 γ=1.000 T=0.0500
2026-04-28 18:48:14,483 INFO train_distributed it=   9 lr=1.00e-03 loss_world=4.5031 |∇|=1.82e+02 γ=1.001 T=0.0501
2026-04-28 18:48:36,867 INFO train_distributed it=  19 lr=9.95e-04 loss_world=2.5557 |∇|=8.10e+01 γ=0.999 T=0.0500
2026-04-28 18:48:59,340 INFO train_distributed it=  29 lr=9.78e-04 loss_world=2.2422 |∇|=1.66e+02 γ=0.997 T=0.0500
2026-04-28 18:49:21,822 INFO train_distributed it=  39 lr=9.49e-04 loss_world=2.3044 |∇|=7.31e+01 γ=0.994 T=0.0501
2026-04-28 18:49:44,296 INFO train_distributed it=  49 lr=9.10e-04 loss_world=5.9455 |∇|=6.53e+02 γ=0.991 T=0.0501
2026-04-28 18:50:06,774 INFO train_distributed it=  59 lr=8.60e-04 loss_world=2.0853 |∇|=1.88e+02 γ=0.987 T=0.0501
2026-04-28 18:50:29,246 INFO train_distributed it=  69 lr=8.02e-04 loss_world=2.0179 |∇|=9.12e+02 γ=0.984 T=0.0501
2026-04-28 18:50:51,714 INFO train_distributed it=  79 lr=7.38e-04 loss_world=1.9686 |∇|=2.43e+02 γ=0.982 T=0.0501
2026-04-28 18:51:14,174 INFO train_distributed it=  89 lr=6.68e-04 loss_world=2.5840 |∇|=4.38e+02 γ=0.980 T=0.0500
2026-04-28 18:51:36,629 INFO train_distributed it=  99 lr=5.95e-04 loss_world=4.6440 |∇|=6.29e+03 γ=0.979 T=0.0501
2026-04-28 18:51:59,092 INFO train_distributed it= 109 lr=5.20e-04 loss_world=7.6025 |∇|=3.32e+03 γ=0.978 T=0.0501
2026-04-28 18:52:21,559 INFO train_distributed it= 119 lr=4.47e-04 loss_world=1.9771 |∇|=8.56e+02 γ=0.978 T=0.0502
2026-04-28 18:52:44,016 INFO train_distributed it= 129 lr=3.76e-04 loss_world=15.8924 |∇|=1.69e+04 γ=0.977 T=0.0502
2026-04-28 18:53:06,481 INFO train_distributed it= 139 lr=3.10e-04 loss_world=31.3323 |∇|=9.51e+04 γ=0.977 T=0.0502
2026-04-28 18:53:28,936 INFO train_distributed it= 149 lr=2.51e-04 loss_world=40.1759 |∇|=1.77e+05 γ=0.977 T=0.0502
2026-04-28 18:53:51,396 INFO train_distributed it= 159 lr=2.00e-04 loss_world=13.6105 |∇|=1.32e+04 γ=0.977 T=0.0502
2026-04-28 18:54:13,849 INFO train_distributed it= 169 lr=1.58e-04 loss_world=8.4441 |∇|=1.33e+04 γ=0.977 T=0.0502
2026-04-28 18:54:36,309 INFO train_distributed it= 179 lr=1.27e-04 loss_world=6.9579 |∇|=1.39e+04 γ=0.977 T=0.0502
2026-04-28 18:54:58,767 INFO train_distributed it= 189 lr=1.07e-04 loss_world=5.4810 |∇|=4.66e+03 γ=0.977 T=0.0502
2026-04-28 18:55:21,220 INFO train_distributed it= 199 lr=1.00e-04 loss_world=1.0227 |∇|=1.46e+02 γ=0.977 T=0.0502
2026-04-28 18:55:21,225 INFO train_distributed training finished in 450.2s (200 iters, world_size=1)
2026-04-28 18:55:21,225 INFO train_distributed [rank 0] peak HBM: alloc=7.45 GB, reserved=8.04 GB
2026-04-28 18:55:21,229 INFO train_distributed [rank 0] wrote experiments/038_arch_tier_1_2_kernels/results_t12_kernels_seed9/training_log.json
