2026-04-29 12:24:53,143 INFO train_distributed [dist] rank=0 world_size=1 local_rank=0 cuda_available=True
2026-04-29 12:24:53,189 INFO train_distributed loaded 2,841 returns for spx/2015-2026_daily
2026-04-29 12:24:53,196 INFO train_distributed targets: acf_sq=0.342 leverage_sum=-0.790 hill_alpha=2.68
2026-04-29 12:24:55,538 INFO train_distributed EcoMDSimulator built: 47453 parameters (device=cuda:0)
2026-04-29 12:24:58,461 INFO train_distributed it=   0 lr=1.00e-04 loss_world=4.7218 |∇|=8.46e+02 γ=1.000 T=0.0500
2026-04-29 12:25:13,807 INFO train_distributed it=   9 lr=1.00e-03 loss_world=1.8678 |∇|=5.87e+01 γ=0.998 T=0.0500
2026-04-29 12:25:30,948 INFO train_distributed it=  19 lr=9.95e-04 loss_world=2.0299 |∇|=3.99e+01 γ=0.997 T=0.0500
2026-04-29 12:25:48,091 INFO train_distributed it=  29 lr=9.78e-04 loss_world=3.7676 |∇|=1.10e+03 γ=0.996 T=0.0500
2026-04-29 12:26:05,263 INFO train_distributed it=  39 lr=9.49e-04 loss_world=0.6045 |∇|=7.85e+01 γ=0.997 T=0.0499
2026-04-29 12:26:22,444 INFO train_distributed it=  49 lr=9.10e-04 loss_world=1.5583 |∇|=2.17e+02 γ=0.995 T=0.0499
2026-04-29 12:26:39,604 INFO train_distributed it=  59 lr=8.60e-04 loss_world=0.9782 |∇|=2.58e+02 γ=0.997 T=0.0499
2026-04-29 12:26:56,767 INFO train_distributed it=  69 lr=8.02e-04 loss_world=0.7222 |∇|=9.19e+02 γ=0.998 T=0.0499
2026-04-29 12:27:13,940 INFO train_distributed it=  79 lr=7.38e-04 loss_world=1.3936 |∇|=1.57e+02 γ=0.997 T=0.0499
2026-04-29 12:27:31,102 INFO train_distributed it=  89 lr=6.68e-04 loss_world=0.6464 |∇|=6.46e+02 γ=0.996 T=0.0499
2026-04-29 12:27:48,273 INFO train_distributed it=  99 lr=5.95e-04 loss_world=1.2770 |∇|=1.51e+02 γ=0.995 T=0.0498
2026-04-29 12:28:05,424 INFO train_distributed it= 109 lr=5.20e-04 loss_world=1.0221 |∇|=1.10e+02 γ=0.994 T=0.0498
2026-04-29 12:28:22,551 INFO train_distributed it= 119 lr=4.47e-04 loss_world=1.0970 |∇|=6.96e+02 γ=0.994 T=0.0499
2026-04-29 12:28:39,670 INFO train_distributed it= 129 lr=3.76e-04 loss_world=0.8562 |∇|=1.11e+02 γ=0.995 T=0.0499
2026-04-29 12:28:56,794 INFO train_distributed it= 139 lr=3.10e-04 loss_world=0.7486 |∇|=1.40e+02 γ=0.995 T=0.0500
2026-04-29 12:29:13,929 INFO train_distributed it= 149 lr=2.51e-04 loss_world=1.1211 |∇|=1.13e+02 γ=0.996 T=0.0500
2026-04-29 12:29:31,080 INFO train_distributed it= 159 lr=2.00e-04 loss_world=0.9618 |∇|=1.82e+02 γ=0.996 T=0.0500
2026-04-29 12:29:48,236 INFO train_distributed it= 169 lr=1.58e-04 loss_world=1.3119 |∇|=5.41e+02 γ=0.996 T=0.0500
2026-04-29 12:30:05,377 INFO train_distributed it= 179 lr=1.27e-04 loss_world=1.2445 |∇|=5.07e+02 γ=0.996 T=0.0500
2026-04-29 12:30:22,487 INFO train_distributed it= 189 lr=1.07e-04 loss_world=1.0129 |∇|=4.28e+02 γ=0.996 T=0.0500
2026-04-29 12:30:39,548 INFO train_distributed it= 199 lr=1.00e-04 loss_world=0.5568 |∇|=6.58e+02 γ=0.996 T=0.0500
2026-04-29 12:30:39,555 INFO train_distributed training finished in 344.0s (200 iters, world_size=1)
2026-04-29 12:30:39,555 INFO train_distributed [rank 0] peak HBM: alloc=9.73 GB, reserved=10.35 GB
2026-04-29 12:30:39,558 INFO train_distributed [rank 0] wrote experiments/048_arch_dyngraph_pairs/results_p_4_2__1_3_seed4/training_log.json
