2026-04-28 18:40:14,990 INFO train_distributed [dist] rank=0 world_size=1 local_rank=0 cuda_available=True
2026-04-28 18:40:15,033 INFO train_distributed loaded 2,841 returns for spx/2015-2026_daily
2026-04-28 18:40:15,040 INFO train_distributed targets: acf_sq=0.342 leverage_sum=-0.790 hill_alpha=2.68
2026-04-28 18:40:16,137 INFO train_distributed EcoMDSimulator built: 33043 parameters (device=cuda:0)
2026-04-28 18:40:19,655 INFO train_distributed it=   0 lr=1.00e-04 loss_world=23.2341 |∇|=6.40e+03 γ=1.000 T=0.0500
2026-04-28 18:40:39,707 INFO train_distributed it=   9 lr=1.00e-03 loss_world=7.0141 |∇|=1.02e+03 γ=0.998 T=0.0499
2026-04-28 18:41:02,123 INFO train_distributed it=  19 lr=9.95e-04 loss_world=3.3791 |∇|=1.93e+03 γ=0.996 T=0.0498
2026-04-28 18:41:24,561 INFO train_distributed it=  29 lr=9.78e-04 loss_world=4.2270 |∇|=1.26e+03 γ=0.992 T=0.0497
2026-04-28 18:41:47,003 INFO train_distributed it=  39 lr=9.49e-04 loss_world=2.7487 |∇|=1.95e+02 γ=0.989 T=0.0496
2026-04-28 18:42:09,453 INFO train_distributed it=  49 lr=9.10e-04 loss_world=7.2506 |∇|=1.61e+03 γ=0.985 T=0.0496
2026-04-28 18:42:31,893 INFO train_distributed it=  59 lr=8.60e-04 loss_world=2.0056 |∇|=4.82e+02 γ=0.980 T=0.0496
2026-04-28 18:42:54,322 INFO train_distributed it=  69 lr=8.02e-04 loss_world=3.8490 |∇|=7.68e+02 γ=0.976 T=0.0496
2026-04-28 18:43:16,744 INFO train_distributed it=  79 lr=7.38e-04 loss_world=2.5888 |∇|=4.78e+02 γ=0.972 T=0.0497
2026-04-28 18:43:39,176 INFO train_distributed it=  89 lr=6.68e-04 loss_world=2.3409 |∇|=5.87e+02 γ=0.970 T=0.0498
2026-04-28 18:44:01,604 INFO train_distributed it=  99 lr=5.95e-04 loss_world=5.1770 |∇|=3.99e+03 γ=0.968 T=0.0499
2026-04-28 18:44:24,035 INFO train_distributed it= 109 lr=5.20e-04 loss_world=2.3480 |∇|=1.03e+03 γ=0.966 T=0.0500
2026-04-28 18:44:46,457 INFO train_distributed it= 119 lr=4.47e-04 loss_world=2.4133 |∇|=9.02e+02 γ=0.966 T=0.0500
2026-04-28 18:45:08,888 INFO train_distributed it= 129 lr=3.76e-04 loss_world=2.0286 |∇|=2.53e+03 γ=0.965 T=0.0500
2026-04-28 18:45:31,311 INFO train_distributed it= 139 lr=3.10e-04 loss_world=2.4008 |∇|=5.87e+02 γ=0.965 T=0.0500
2026-04-28 18:45:53,742 INFO train_distributed it= 149 lr=2.51e-04 loss_world=4.6551 |∇|=1.13e+04 γ=0.965 T=0.0500
2026-04-28 18:46:16,175 INFO train_distributed it= 159 lr=2.00e-04 loss_world=2.2525 |∇|=1.31e+03 γ=0.964 T=0.0500
2026-04-28 18:46:38,596 INFO train_distributed it= 169 lr=1.58e-04 loss_world=14.3094 |∇|=4.05e+04 γ=0.964 T=0.0500
2026-04-28 18:47:01,016 INFO train_distributed it= 179 lr=1.27e-04 loss_world=3.2065 |∇|=2.40e+04 γ=0.964 T=0.0500
2026-04-28 18:47:23,440 INFO train_distributed it= 189 lr=1.07e-04 loss_world=5.3611 |∇|=2.72e+04 γ=0.964 T=0.0500
2026-04-28 18:47:45,855 INFO train_distributed it= 199 lr=1.00e-04 loss_world=2.9351 |∇|=1.52e+04 γ=0.964 T=0.0500
2026-04-28 18:47:45,861 INFO train_distributed training finished in 449.7s (200 iters, world_size=1)
2026-04-28 18:47:45,861 INFO train_distributed [rank 0] peak HBM: alloc=7.45 GB, reserved=8.04 GB
2026-04-28 18:47:45,864 INFO train_distributed [rank 0] wrote experiments/038_arch_tier_1_2_kernels/results_t12_kernels_seed4/training_log.json
