2026-04-29 15:36:46,753 INFO train_distributed [dist] rank=0 world_size=1 local_rank=0 cuda_available=True
2026-04-29 15:36:46,798 INFO train_distributed loaded 2,841 returns for spx/2015-2026_daily
2026-04-29 15:36:46,805 INFO train_distributed targets: acf_sq=0.342 leverage_sum=-0.790 hill_alpha=2.68
2026-04-29 15:36:47,181 INFO train_distributed EcoMDSimulator built: 31976 parameters (device=cuda:0)
2026-04-29 15:36:50,851 INFO train_distributed it=   0 lr=1.00e-04 loss_world=18.7040 |∇|=6.08e+02 γ=1.000 T=0.0500
2026-04-29 15:37:12,976 INFO train_distributed it=   9 lr=1.00e-03 loss_world=1.6148 |∇|=7.99e+01 γ=0.997 T=0.0502
2026-04-29 15:37:37,537 INFO train_distributed it=  19 lr=9.95e-04 loss_world=2.2052 |∇|=1.20e+02 γ=0.995 T=0.0504
2026-04-29 15:38:02,101 INFO train_distributed it=  29 lr=9.78e-04 loss_world=1.2162 |∇|=1.25e+03 γ=0.993 T=0.0507
2026-04-29 15:38:26,661 INFO train_distributed it=  39 lr=9.49e-04 loss_world=1.0364 |∇|=5.19e+01 γ=0.991 T=0.0510
2026-04-29 15:38:51,223 INFO train_distributed it=  49 lr=9.10e-04 loss_world=1.1081 |∇|=4.82e+02 γ=0.991 T=0.0511
2026-04-29 15:39:15,796 INFO train_distributed it=  59 lr=8.60e-04 loss_world=1.2589 |∇|=5.07e+01 γ=0.990 T=0.0511
2026-04-29 15:39:40,357 INFO train_distributed it=  69 lr=8.02e-04 loss_world=1.1200 |∇|=2.89e+01 γ=0.990 T=0.0511
2026-04-29 15:40:04,918 INFO train_distributed it=  79 lr=7.38e-04 loss_world=1.2126 |∇|=6.46e+00 γ=0.990 T=0.0512
2026-04-29 15:40:29,488 INFO train_distributed it=  89 lr=6.68e-04 loss_world=1.0724 |∇|=1.16e+01 γ=0.989 T=0.0512
2026-04-29 15:40:54,062 INFO train_distributed it=  99 lr=5.95e-04 loss_world=1.2024 |∇|=2.23e+00 γ=0.989 T=0.0512
2026-04-29 15:41:18,629 INFO train_distributed it= 109 lr=5.20e-04 loss_world=1.5762 |∇|=2.67e+01 γ=0.989 T=0.0512
2026-04-29 15:41:43,194 INFO train_distributed it= 119 lr=4.47e-04 loss_world=1.0940 |∇|=3.23e+00 γ=0.989 T=0.0513
2026-04-29 15:42:07,760 INFO train_distributed it= 129 lr=3.76e-04 loss_world=1.1030 |∇|=1.73e+01 γ=0.988 T=0.0513
2026-04-29 15:42:32,323 INFO train_distributed it= 139 lr=3.10e-04 loss_world=1.1376 |∇|=1.62e+01 γ=0.987 T=0.0514
2026-04-29 15:42:56,902 INFO train_distributed it= 149 lr=2.51e-04 loss_world=1.1677 |∇|=8.62e+00 γ=0.987 T=0.0514
2026-04-29 15:43:21,484 INFO train_distributed it= 159 lr=2.00e-04 loss_world=0.7869 |∇|=3.32e+01 γ=0.986 T=0.0514
2026-04-29 15:43:46,052 INFO train_distributed it= 169 lr=1.58e-04 loss_world=0.9793 |∇|=7.54e+01 γ=0.986 T=0.0514
2026-04-29 15:44:10,619 INFO train_distributed it= 179 lr=1.27e-04 loss_world=0.7230 |∇|=2.63e+01 γ=0.986 T=0.0514
2026-04-29 15:44:35,184 INFO train_distributed it= 189 lr=1.07e-04 loss_world=1.2285 |∇|=1.41e+01 γ=0.987 T=0.0514
2026-04-29 15:44:59,748 INFO train_distributed it= 199 lr=1.00e-04 loss_world=1.2043 |∇|=2.67e+02 γ=0.987 T=0.0514
2026-04-29 15:44:59,753 INFO train_distributed training finished in 492.6s (200 iters, world_size=1)
2026-04-29 15:44:59,753 INFO train_distributed [rank 0] peak HBM: alloc=9.08 GB, reserved=9.86 GB
2026-04-29 15:44:59,756 INFO train_distributed [rank 0] wrote experiments/039_arch_tier_1_3_features/results_t13_features_all_seed9/training_log.json
