2026-04-28 19:06:38,148 INFO train_distributed [dist] rank=0 world_size=1 local_rank=0 cuda_available=True
2026-04-28 19:06:38,192 INFO train_distributed loaded 2,841 returns for spx/2015-2026_daily
2026-04-28 19:06:38,200 INFO train_distributed targets: acf_sq=0.342 leverage_sum=-0.790 hill_alpha=2.68
2026-04-28 19:06:38,467 INFO train_distributed EcoMDSimulator built: 31780 parameters (device=cuda:0)
2026-04-28 19:06:41,015 INFO train_distributed it=   0 lr=1.00e-04 loss_world=1.6591 |∇|=1.36e+01 γ=1.000 T=0.0500
2026-04-28 19:06:52,502 INFO train_distributed it=   9 lr=1.00e-03 loss_world=nan |∇|=nan γ=nan T=nan
2026-04-28 19:07:05,262 INFO train_distributed it=  19 lr=9.95e-04 loss_world=nan |∇|=nan γ=nan T=nan
2026-04-28 19:07:18,020 INFO train_distributed it=  29 lr=9.78e-04 loss_world=nan |∇|=nan γ=nan T=nan
2026-04-28 19:07:30,777 INFO train_distributed it=  39 lr=9.49e-04 loss_world=nan |∇|=nan γ=nan T=nan
2026-04-28 19:07:43,536 INFO train_distributed it=  49 lr=9.10e-04 loss_world=nan |∇|=nan γ=nan T=nan
2026-04-28 19:07:56,294 INFO train_distributed it=  59 lr=8.60e-04 loss_world=nan |∇|=nan γ=nan T=nan
2026-04-28 19:08:09,054 INFO train_distributed it=  69 lr=8.02e-04 loss_world=nan |∇|=nan γ=nan T=nan
2026-04-28 19:08:21,812 INFO train_distributed it=  79 lr=7.38e-04 loss_world=nan |∇|=nan γ=nan T=nan
2026-04-28 19:08:34,581 INFO train_distributed it=  89 lr=6.68e-04 loss_world=nan |∇|=nan γ=nan T=nan
2026-04-28 19:08:47,344 INFO train_distributed it=  99 lr=5.95e-04 loss_world=nan |∇|=nan γ=nan T=nan
2026-04-28 19:09:00,116 INFO train_distributed it= 109 lr=5.20e-04 loss_world=nan |∇|=nan γ=nan T=nan
2026-04-28 19:09:12,874 INFO train_distributed it= 119 lr=4.47e-04 loss_world=nan |∇|=nan γ=nan T=nan
2026-04-28 19:09:25,627 INFO train_distributed it= 129 lr=3.76e-04 loss_world=nan |∇|=nan γ=nan T=nan
2026-04-28 19:09:38,383 INFO train_distributed it= 139 lr=3.10e-04 loss_world=nan |∇|=nan γ=nan T=nan
2026-04-28 19:09:51,136 INFO train_distributed it= 149 lr=2.51e-04 loss_world=nan |∇|=nan γ=nan T=nan
2026-04-28 19:10:03,892 INFO train_distributed it= 159 lr=2.00e-04 loss_world=nan |∇|=nan γ=nan T=nan
2026-04-28 19:10:16,644 INFO train_distributed it= 169 lr=1.58e-04 loss_world=nan |∇|=nan γ=nan T=nan
2026-04-28 19:10:29,398 INFO train_distributed it= 179 lr=1.27e-04 loss_world=nan |∇|=nan γ=nan T=nan
2026-04-28 19:10:42,153 INFO train_distributed it= 189 lr=1.07e-04 loss_world=nan |∇|=nan γ=nan T=nan
2026-04-28 19:10:54,911 INFO train_distributed it= 199 lr=1.00e-04 loss_world=nan |∇|=nan γ=nan T=nan
2026-04-28 19:10:54,916 INFO train_distributed training finished in 256.4s (200 iters, world_size=1)
2026-04-28 19:10:54,916 INFO train_distributed [rank 0] peak HBM: alloc=7.41 GB, reserved=7.84 GB
2026-04-28 19:10:54,918 INFO train_distributed [rank 0] wrote experiments/039_arch_tier_1_3_features/results_t13_features_all_seed9/training_log.json
