2026-04-29 17:14:51,631 INFO train_distributed [dist] rank=0 world_size=1 local_rank=0 cuda_available=True
2026-04-29 17:14:51,675 INFO train_distributed loaded 2,841 returns for spx/2015-2026_daily
2026-04-29 17:14:51,682 INFO train_distributed targets: acf_sq=0.342 leverage_sum=-0.790 hill_alpha=2.68
2026-04-29 17:14:53,285 INFO train_distributed EcoMDSimulator built: 47709 parameters (device=cuda:0)
2026-04-29 17:14:57,546 INFO train_distributed it=   0 lr=1.00e-04 loss_world=2.6344 |∇|=1.61e+01 γ=1.000 T=0.0500
2026-04-29 17:15:24,139 INFO train_distributed it=   9 lr=1.00e-03 loss_world=2.2854 |∇|=2.88e+01 γ=0.997 T=0.0501
2026-04-29 17:15:53,673 INFO train_distributed it=  19 lr=9.95e-04 loss_world=0.9406 |∇|=2.68e+02 γ=0.992 T=0.0504
2026-04-29 17:16:23,200 INFO train_distributed it=  29 lr=9.78e-04 loss_world=2.6948 |∇|=1.16e+02 γ=0.988 T=0.0506
2026-04-29 17:16:52,732 INFO train_distributed it=  39 lr=9.49e-04 loss_world=2.3348 |∇|=5.73e+01 γ=0.984 T=0.0509
2026-04-29 17:17:22,265 INFO train_distributed it=  49 lr=9.10e-04 loss_world=2.2491 |∇|=1.38e+01 γ=0.981 T=0.0512
2026-04-29 17:17:51,794 INFO train_distributed it=  59 lr=8.60e-04 loss_world=2.3536 |∇|=2.85e+01 γ=0.977 T=0.0514
2026-04-29 17:18:21,342 INFO train_distributed it=  69 lr=8.02e-04 loss_world=1.7994 |∇|=2.36e+01 γ=0.973 T=0.0518
2026-04-29 17:18:50,877 INFO train_distributed it=  79 lr=7.38e-04 loss_world=2.3990 |∇|=2.85e+01 γ=0.971 T=0.0520
2026-04-29 17:19:20,411 INFO train_distributed it=  89 lr=6.68e-04 loss_world=0.9823 |∇|=6.02e+01 γ=0.969 T=0.0521
2026-04-29 17:19:49,939 INFO train_distributed it=  99 lr=5.95e-04 loss_world=0.9259 |∇|=1.49e+02 γ=0.968 T=0.0523
2026-04-29 17:20:19,468 INFO train_distributed it= 109 lr=5.20e-04 loss_world=0.7710 |∇|=3.51e+02 γ=0.967 T=0.0525
2026-04-29 17:20:48,993 INFO train_distributed it= 119 lr=4.47e-04 loss_world=1.0981 |∇|=4.00e+02 γ=0.966 T=0.0526
2026-04-29 17:21:18,513 INFO train_distributed it= 129 lr=3.76e-04 loss_world=1.6594 |∇|=1.73e+02 γ=0.965 T=0.0528
2026-04-29 17:21:48,040 INFO train_distributed it= 139 lr=3.10e-04 loss_world=1.5455 |∇|=3.52e+02 γ=0.964 T=0.0529
2026-04-29 17:22:17,569 INFO train_distributed it= 149 lr=2.51e-04 loss_world=1.3294 |∇|=1.01e+03 γ=0.963 T=0.0530
2026-04-29 17:22:47,092 INFO train_distributed it= 159 lr=2.00e-04 loss_world=1.3849 |∇|=7.38e+02 γ=0.963 T=0.0530
2026-04-29 17:23:16,624 INFO train_distributed it= 169 lr=1.58e-04 loss_world=0.7397 |∇|=7.45e+02 γ=0.963 T=0.0531
2026-04-29 17:23:46,146 INFO train_distributed it= 179 lr=1.27e-04 loss_world=1.6324 |∇|=6.69e+02 γ=0.962 T=0.0531
2026-04-29 17:24:15,669 INFO train_distributed it= 189 lr=1.07e-04 loss_world=0.8560 |∇|=5.45e+03 γ=0.962 T=0.0531
2026-04-29 17:24:45,201 INFO train_distributed it= 199 lr=1.00e-04 loss_world=1.2037 |∇|=7.13e+02 γ=0.962 T=0.0531
2026-04-29 17:24:45,208 INFO train_distributed training finished in 591.9s (200 iters, world_size=1)
2026-04-29 17:24:45,208 INFO train_distributed [rank 0] peak HBM: alloc=12.09 GB, reserved=12.55 GB
2026-04-29 17:24:45,211 INFO train_distributed [rank 0] wrote experiments/047_arch_tier_4_2_dyngraph/results_t42_dyngraph_seed1/training_log.json
