2026-04-29 11:57:14,505 INFO train_distributed [dist] rank=0 world_size=1 local_rank=0 cuda_available=True
2026-04-29 11:57:14,549 INFO train_distributed loaded 2,841 returns for spx/2015-2026_daily
2026-04-29 11:57:14,557 INFO train_distributed targets: acf_sq=0.342 leverage_sum=-0.790 hill_alpha=2.68
2026-04-29 11:57:15,662 INFO train_distributed EcoMDSimulator built: 47261 parameters (device=cuda:0)
2026-04-29 11:57:18,496 INFO train_distributed it=   0 lr=1.00e-04 loss_world=26.5907 |∇|=6.07e+03 γ=1.000 T=0.0500
2026-04-29 11:57:32,211 INFO train_distributed it=   9 lr=1.00e-03 loss_world=2.1474 |∇|=2.33e+01 γ=0.997 T=0.0499
2026-04-29 11:57:47,539 INFO train_distributed it=  19 lr=9.95e-04 loss_world=1.2098 |∇|=2.93e+01 γ=0.996 T=0.0500
2026-04-29 11:58:02,929 INFO train_distributed it=  29 lr=9.78e-04 loss_world=1.1586 |∇|=1.67e+02 γ=0.995 T=0.0500
2026-04-29 11:58:18,300 INFO train_distributed it=  39 lr=9.49e-04 loss_world=1.2519 |∇|=2.47e+01 γ=0.995 T=0.0500
2026-04-29 11:58:33,621 INFO train_distributed it=  49 lr=9.10e-04 loss_world=1.1602 |∇|=2.05e+01 γ=0.995 T=0.0500
2026-04-29 11:58:48,904 INFO train_distributed it=  59 lr=8.60e-04 loss_world=1.2723 |∇|=3.98e+01 γ=0.995 T=0.0500
2026-04-29 11:59:04,196 INFO train_distributed it=  69 lr=8.02e-04 loss_world=1.2603 |∇|=1.11e+01 γ=0.994 T=0.0500
2026-04-29 11:59:19,476 INFO train_distributed it=  79 lr=7.38e-04 loss_world=9.7683 |∇|=6.45e+06 γ=0.994 T=0.0500
2026-04-29 11:59:34,740 INFO train_distributed it=  89 lr=6.68e-04 loss_world=4.4455 |∇|=4.68e+02 γ=0.993 T=0.0499
2026-04-29 11:59:50,009 INFO train_distributed it=  99 lr=5.95e-04 loss_world=1.5361 |∇|=1.50e+02 γ=0.992 T=0.0499
2026-04-29 12:00:05,278 INFO train_distributed it= 109 lr=5.20e-04 loss_world=30.0042 |∇|=3.53e+06 γ=0.991 T=0.0500
2026-04-29 12:00:20,546 INFO train_distributed it= 119 lr=4.47e-04 loss_world=1.1715 |∇|=1.67e+02 γ=0.990 T=0.0502
2026-04-29 12:00:35,813 INFO train_distributed it= 129 lr=3.76e-04 loss_world=1.2023 |∇|=1.37e+02 γ=0.989 T=0.0503
2026-04-29 12:00:51,078 INFO train_distributed it= 139 lr=3.10e-04 loss_world=1.3733 |∇|=1.24e+02 γ=0.989 T=0.0503
2026-04-29 12:01:06,350 INFO train_distributed it= 149 lr=2.51e-04 loss_world=1.0871 |∇|=1.28e+02 γ=0.990 T=0.0503
2026-04-29 12:01:21,621 INFO train_distributed it= 159 lr=2.00e-04 loss_world=1.5753 |∇|=6.00e+07 γ=0.989 T=0.0502
2026-04-29 12:01:36,894 INFO train_distributed it= 169 lr=1.58e-04 loss_world=1.3217 |∇|=4.11e+06 γ=0.990 T=0.0502
2026-04-29 12:01:52,159 INFO train_distributed it= 179 lr=1.27e-04 loss_world=1.2885 |∇|=2.30e+02 γ=0.990 T=0.0502
2026-04-29 12:02:07,444 INFO train_distributed it= 189 lr=1.07e-04 loss_world=1.1824 |∇|=3.33e+03 γ=0.990 T=0.0502
2026-04-29 12:02:22,725 INFO train_distributed it= 199 lr=1.00e-04 loss_world=1.0998 |∇|=3.19e+07 γ=0.991 T=0.0502
2026-04-29 12:02:22,732 INFO train_distributed training finished in 307.1s (200 iters, world_size=1)
2026-04-29 12:02:22,732 INFO train_distributed [rank 0] peak HBM: alloc=9.41 GB, reserved=10.01 GB
2026-04-29 12:02:22,735 INFO train_distributed [rank 0] wrote experiments/047_arch_tier_4_2_dyngraph/results_t42_dyngraph_seed1/training_log.json
