═══ PHASE RUN — Tue Apr 28 06:40:07 PM CST 2026 ═══
  CONFIG_DIR=experiments/038_arch_tier_1_2_kernels NPROC=1 PARALLEL=8 SKIP_DONE=1
  Configs: 10

═ TRAIN t12_kernels_seed0 (card 0) ═ 18:40:07

═ TRAIN t12_kernels_seed1 (card 1) ═ 18:40:07

═ TRAIN t12_kernels_seed2 (card 2) ═ 18:40:07

═ TRAIN t12_kernels_seed3 (card 3) ═ 18:40:07

═ TRAIN t12_kernels_seed4 (card 4) ═ 18:40:07

═ TRAIN t12_kernels_seed5 (card 5) ═ 18:40:07

═ TRAIN t12_kernels_seed6 (card 6) ═ 18:40:07

═ TRAIN t12_kernels_seed7 (card 7) ═ 18:40:07
2026-04-28 18:40:12,034 INFO train_distributed [dist] rank=0 world_size=1 local_rank=0 cuda_available=True
2026-04-28 18:40:12,080 INFO train_distributed loaded 2,841 returns for spx/2015-2026_daily
2026-04-28 18:40:12,100 INFO train_distributed targets: acf_sq=0.342 leverage_sum=-0.790 hill_alpha=2.68
2026-04-28 18:40:13,045 INFO train_distributed [dist] rank=0 world_size=1 local_rank=0 cuda_available=True
2026-04-28 18:40:13,090 INFO train_distributed loaded 2,841 returns for spx/2015-2026_daily
2026-04-28 18:40:13,097 INFO train_distributed targets: acf_sq=0.342 leverage_sum=-0.790 hill_alpha=2.68
2026-04-28 18:40:13,390 INFO train_distributed [dist] rank=0 world_size=1 local_rank=0 cuda_available=True
2026-04-28 18:40:13,434 INFO train_distributed loaded 2,841 returns for spx/2015-2026_daily
2026-04-28 18:40:13,442 INFO train_distributed targets: acf_sq=0.342 leverage_sum=-0.790 hill_alpha=2.68
2026-04-28 18:40:13,749 INFO train_distributed [dist] rank=0 world_size=1 local_rank=0 cuda_available=True
2026-04-28 18:40:13,793 INFO train_distributed loaded 2,841 returns for spx/2015-2026_daily
2026-04-28 18:40:13,800 INFO train_distributed targets: acf_sq=0.342 leverage_sum=-0.790 hill_alpha=2.68
2026-04-28 18:40:14,097 INFO train_distributed [dist] rank=0 world_size=1 local_rank=0 cuda_available=True
2026-04-28 18:40:14,143 INFO train_distributed loaded 2,841 returns for spx/2015-2026_daily
2026-04-28 18:40:14,150 INFO train_distributed targets: acf_sq=0.342 leverage_sum=-0.790 hill_alpha=2.68
2026-04-28 18:40:14,531 INFO train_distributed [dist] rank=0 world_size=1 local_rank=0 cuda_available=True
2026-04-28 18:40:14,575 INFO train_distributed loaded 2,841 returns for spx/2015-2026_daily
2026-04-28 18:40:14,582 INFO train_distributed targets: acf_sq=0.342 leverage_sum=-0.790 hill_alpha=2.68
2026-04-28 18:40:14,990 INFO train_distributed [dist] rank=0 world_size=1 local_rank=0 cuda_available=True
2026-04-28 18:40:15,033 INFO train_distributed loaded 2,841 returns for spx/2015-2026_daily
2026-04-28 18:40:15,040 INFO train_distributed targets: acf_sq=0.342 leverage_sum=-0.790 hill_alpha=2.68
2026-04-28 18:40:15,485 INFO train_distributed [dist] rank=0 world_size=1 local_rank=0 cuda_available=True
2026-04-28 18:40:15,528 INFO train_distributed loaded 2,841 returns for spx/2015-2026_daily
2026-04-28 18:40:15,535 INFO train_distributed targets: acf_sq=0.342 leverage_sum=-0.790 hill_alpha=2.68
2026-04-28 18:40:16,132 INFO train_distributed EcoMDSimulator built: 33043 parameters (device=cuda:0)
2026-04-28 18:40:16,137 INFO train_distributed EcoMDSimulator built: 33043 parameters (device=cuda:0)
2026-04-28 18:40:16,150 INFO train_distributed EcoMDSimulator built: 33043 parameters (device=cuda:0)
2026-04-28 18:40:16,150 INFO train_distributed EcoMDSimulator built: 33043 parameters (device=cuda:0)
2026-04-28 18:40:16,150 INFO train_distributed EcoMDSimulator built: 33043 parameters (device=cuda:0)
2026-04-28 18:40:16,183 INFO train_distributed EcoMDSimulator built: 33043 parameters (device=cuda:0)
2026-04-28 18:40:16,191 INFO train_distributed EcoMDSimulator built: 33043 parameters (device=cuda:0)
2026-04-28 18:40:16,287 INFO train_distributed EcoMDSimulator built: 33043 parameters (device=cuda:0)
2026-04-28 18:40:19,628 INFO train_distributed it=   0 lr=1.00e-04 loss_world=1.9287 |∇|=1.14e+02 γ=1.000 T=0.0500
2026-04-28 18:40:19,636 INFO train_distributed it=   0 lr=1.00e-04 loss_world=10.9951 |∇|=1.54e+03 γ=1.000 T=0.0500
2026-04-28 18:40:19,638 INFO train_distributed it=   0 lr=1.00e-04 loss_world=13.1966 |∇|=6.92e+03 γ=1.000 T=0.0500
2026-04-28 18:40:19,655 INFO train_distributed it=   0 lr=1.00e-04 loss_world=23.2341 |∇|=6.40e+03 γ=1.000 T=0.0500
2026-04-28 18:40:19,665 INFO train_distributed it=   0 lr=1.00e-04 loss_world=4.1643 |∇|=3.35e+02 γ=1.000 T=0.0500
2026-04-28 18:40:19,700 INFO train_distributed it=   0 lr=1.00e-04 loss_world=4.9060 |∇|=1.21e+03 γ=1.000 T=0.0500
2026-04-28 18:40:19,707 INFO train_distributed it=   0 lr=1.00e-04 loss_world=7.3582 |∇|=6.67e+02 γ=1.000 T=0.0500
2026-04-28 18:40:19,780 INFO train_distributed it=   0 lr=1.00e-04 loss_world=9.6319 |∇|=1.07e+03 γ=1.000 T=0.0500
2026-04-28 18:40:39,655 INFO train_distributed it=   9 lr=1.00e-03 loss_world=12.3165 |∇|=2.90e+03 γ=1.000 T=0.0501
2026-04-28 18:40:39,680 INFO train_distributed it=   9 lr=1.00e-03 loss_world=2.6353 |∇|=1.38e+02 γ=0.999 T=0.0499
2026-04-28 18:40:39,707 INFO train_distributed it=   9 lr=1.00e-03 loss_world=7.0141 |∇|=1.02e+03 γ=0.998 T=0.0499
2026-04-28 18:40:39,725 INFO train_distributed it=   9 lr=1.00e-03 loss_world=4.3590 |∇|=3.82e+02 γ=1.004 T=0.0501
2026-04-28 18:40:39,744 INFO train_distributed it=   9 lr=1.00e-03 loss_world=2.4923 |∇|=1.05e+02 γ=1.002 T=0.0500
2026-04-28 18:40:39,754 INFO train_distributed it=   9 lr=1.00e-03 loss_world=2.6277 |∇|=4.80e+01 γ=1.000 T=0.0500
2026-04-28 18:40:39,771 INFO train_distributed it=   9 lr=1.00e-03 loss_world=1.7802 |∇|=1.01e+02 γ=0.998 T=0.0498
2026-04-28 18:40:39,837 INFO train_distributed it=   9 lr=1.00e-03 loss_world=12.6688 |∇|=2.36e+03 γ=1.001 T=0.0501
2026-04-28 18:41:02,014 INFO train_distributed it=  19 lr=9.95e-04 loss_world=2.2009 |∇|=3.97e+02 γ=0.999 T=0.0501
2026-04-28 18:41:02,065 INFO train_distributed it=  19 lr=9.95e-04 loss_world=2.7795 |∇|=1.84e+02 γ=0.996 T=0.0499
2026-04-28 18:41:02,123 INFO train_distributed it=  19 lr=9.95e-04 loss_world=3.3791 |∇|=1.93e+03 γ=0.996 T=0.0498
2026-04-28 18:41:02,131 INFO train_distributed it=  19 lr=9.95e-04 loss_world=4.3572 |∇|=7.29e+02 γ=1.006 T=0.0503
2026-04-28 18:41:02,135 INFO train_distributed it=  19 lr=9.95e-04 loss_world=12.7960 |∇|=1.36e+03 γ=1.000 T=0.0500
2026-04-28 18:41:02,149 INFO train_distributed it=  19 lr=9.95e-04 loss_world=2.9220 |∇|=2.06e+02 γ=0.996 T=0.0500
2026-04-28 18:41:02,179 INFO train_distributed it=  19 lr=9.95e-04 loss_world=5.3841 |∇|=8.52e+02 γ=0.996 T=0.0496
2026-04-28 18:41:02,228 INFO train_distributed it=  19 lr=9.95e-04 loss_world=10.2060 |∇|=1.27e+03 γ=1.000 T=0.0502
2026-04-28 18:41:24,442 INFO train_distributed it=  29 lr=9.78e-04 loss_world=1.0002 |∇|=3.27e+01 γ=0.997 T=0.0502
2026-04-28 18:41:24,537 INFO train_distributed it=  29 lr=9.78e-04 loss_world=2.3673 |∇|=1.06e+02 γ=0.994 T=0.0499
2026-04-28 18:41:24,561 INFO train_distributed it=  29 lr=9.78e-04 loss_world=4.2270 |∇|=1.26e+03 γ=0.992 T=0.0497
2026-04-28 18:41:24,569 INFO train_distributed it=  29 lr=9.78e-04 loss_world=2.6608 |∇|=1.42e+02 γ=0.995 T=0.0499
2026-04-28 18:41:24,587 INFO train_distributed it=  29 lr=9.78e-04 loss_world=1.7909 |∇|=1.01e+02 γ=1.005 T=0.0504
2026-04-28 18:41:24,616 INFO train_distributed it=  29 lr=9.78e-04 loss_world=5.2406 |∇|=2.81e+03 γ=0.994 T=0.0500
2026-04-28 18:41:24,643 INFO train_distributed it=  29 lr=9.78e-04 loss_world=6.7992 |∇|=1.63e+03 γ=0.995 T=0.0496
2026-04-28 18:41:24,686 INFO train_distributed it=  29 lr=9.78e-04 loss_world=2.8916 |∇|=1.76e+02 γ=0.998 T=0.0502
2026-04-28 18:41:46,866 INFO train_distributed it=  39 lr=9.49e-04 loss_world=1.0425 |∇|=1.96e+01 γ=0.996 T=0.0502
2026-04-28 18:41:47,003 INFO train_distributed it=  39 lr=9.49e-04 loss_world=2.7487 |∇|=1.95e+02 γ=0.989 T=0.0496
2026-04-28 18:41:47,009 INFO train_distributed it=  39 lr=9.49e-04 loss_world=2.2366 |∇|=1.58e+02 γ=0.991 T=0.0499
2026-04-28 18:41:47,010 INFO train_distributed it=  39 lr=9.49e-04 loss_world=1.9916 |∇|=1.12e+02 γ=0.992 T=0.0499
2026-04-28 18:41:47,074 INFO train_distributed it=  39 lr=9.49e-04 loss_world=5.0027 |∇|=5.95e+02 γ=1.003 T=0.0504
2026-04-28 18:41:47,105 INFO train_distributed it=  39 lr=9.49e-04 loss_world=4.4208 |∇|=1.90e+03 γ=0.992 T=0.0499
2026-04-28 18:41:47,113 INFO train_distributed it=  39 lr=9.49e-04 loss_world=3.7336 |∇|=4.06e+02 γ=0.994 T=0.0497
2026-04-28 18:41:47,162 INFO train_distributed it=  39 lr=9.49e-04 loss_world=2.5548 |∇|=1.98e+02 γ=0.995 T=0.0502
2026-04-28 18:42:09,295 INFO train_distributed it=  49 lr=9.10e-04 loss_world=1.0391 |∇|=1.88e+01 γ=0.995 T=0.0502
2026-04-28 18:42:09,446 INFO train_distributed it=  49 lr=9.10e-04 loss_world=9.5863 |∇|=1.61e+03 γ=0.989 T=0.0499
2026-04-28 18:42:09,453 INFO train_distributed it=  49 lr=9.10e-04 loss_world=7.2506 |∇|=1.61e+03 γ=0.985 T=0.0496
2026-04-28 18:42:09,483 INFO train_distributed it=  49 lr=9.10e-04 loss_world=2.1344 |∇|=1.14e+02 γ=0.990 T=0.0499
2026-04-28 18:42:09,572 INFO train_distributed it=  49 lr=9.10e-04 loss_world=2.2531 |∇|=1.37e+02 γ=1.001 T=0.0504
2026-04-28 18:42:09,586 INFO train_distributed it=  49 lr=9.10e-04 loss_world=1.2842 |∇|=6.89e+00 γ=0.993 T=0.0497
2026-04-28 18:42:09,598 INFO train_distributed it=  49 lr=9.10e-04 loss_world=2.2573 |∇|=3.43e+03 γ=0.991 T=0.0500
2026-04-28 18:42:09,645 INFO train_distributed it=  49 lr=9.10e-04 loss_world=1.9425 |∇|=1.65e+02 γ=0.991 T=0.0502
2026-04-28 18:42:31,724 INFO train_distributed it=  59 lr=8.60e-04 loss_world=1.0147 |∇|=1.68e+01 γ=0.995 T=0.0502
2026-04-28 18:42:31,886 INFO train_distributed it=  59 lr=8.60e-04 loss_world=2.4301 |∇|=2.92e+02 γ=0.986 T=0.0499
2026-04-28 18:42:31,893 INFO train_distributed it=  59 lr=8.60e-04 loss_world=2.0056 |∇|=4.82e+02 γ=0.980 T=0.0496
2026-04-28 18:42:31,939 INFO train_distributed it=  59 lr=8.60e-04 loss_world=2.6131 |∇|=2.39e+02 γ=0.988 T=0.0499
2026-04-28 18:42:32,056 INFO train_distributed it=  59 lr=8.60e-04 loss_world=1.2359 |∇|=3.52e+00 γ=0.993 T=0.0497
2026-04-28 18:42:32,069 INFO train_distributed it=  59 lr=8.60e-04 loss_world=2.8938 |∇|=3.57e+02 γ=0.997 T=0.0504
2026-04-28 18:42:32,088 INFO train_distributed it=  59 lr=8.60e-04 loss_world=2.3776 |∇|=5.50e+02 γ=0.991 T=0.0500
2026-04-28 18:42:32,113 INFO train_distributed it=  59 lr=8.60e-04 loss_world=9.3539 |∇|=2.32e+03 γ=0.988 T=0.0502
2026-04-28 18:42:54,159 INFO train_distributed it=  69 lr=8.02e-04 loss_world=1.0127 |∇|=1.65e+01 γ=0.995 T=0.0502
2026-04-28 18:42:54,322 INFO train_distributed it=  69 lr=8.02e-04 loss_world=3.8490 |∇|=7.68e+02 γ=0.976 T=0.0496
2026-04-28 18:42:54,329 INFO train_distributed it=  69 lr=8.02e-04 loss_world=2.7896 |∇|=3.60e+02 γ=0.983 T=0.0499
2026-04-28 18:42:54,390 INFO train_distributed it=  69 lr=8.02e-04 loss_world=8.1348 |∇|=3.54e+03 γ=0.987 T=0.0499
2026-04-28 18:42:54,526 INFO train_distributed it=  69 lr=8.02e-04 loss_world=1.1539 |∇|=3.34e+00 γ=0.993 T=0.0497
2026-04-28 18:42:54,566 INFO train_distributed it=  69 lr=8.02e-04 loss_world=2.0641 |∇|=7.06e+02 γ=0.985 T=0.0502
2026-04-28 18:42:54,567 INFO train_distributed it=  69 lr=8.02e-04 loss_world=1.9589 |∇|=1.69e+02 γ=0.995 T=0.0504
2026-04-28 18:42:54,586 INFO train_distributed it=  69 lr=8.02e-04 loss_world=1.4584 |∇|=2.13e+02 γ=0.990 T=0.0501
2026-04-28 18:43:16,591 INFO train_distributed it=  79 lr=7.38e-04 loss_world=1.0053 |∇|=1.67e+01 γ=0.995 T=0.0502
2026-04-28 18:43:16,744 INFO train_distributed it=  79 lr=7.38e-04 loss_world=2.5888 |∇|=4.78e+02 γ=0.972 T=0.0497
2026-04-28 18:43:16,770 INFO train_distributed it=  79 lr=7.38e-04 loss_world=4.2876 |∇|=2.64e+03 γ=0.981 T=0.0499
2026-04-28 18:43:16,840 INFO train_distributed it=  79 lr=7.38e-04 loss_world=2.3120 |∇|=2.53e+02 γ=0.985 T=0.0500
2026-04-28 18:43:17,003 INFO train_distributed it=  79 lr=7.38e-04 loss_world=1.1326 |∇|=4.18e+00 γ=0.993 T=0.0497
2026-04-28 18:43:17,028 INFO train_distributed it=  79 lr=7.38e-04 loss_world=2.3152 |∇|=4.42e+02 γ=0.984 T=0.0502
2026-04-28 18:43:17,061 INFO train_distributed it=  79 lr=7.38e-04 loss_world=1.2666 |∇|=3.50e+01 γ=0.990 T=0.0502
2026-04-28 18:43:17,061 INFO train_distributed it=  79 lr=7.38e-04 loss_world=2.6870 |∇|=6.79e+02 γ=0.993 T=0.0504
2026-04-28 18:43:39,017 INFO train_distributed it=  89 lr=6.68e-04 loss_world=0.9932 |∇|=1.61e+01 γ=0.995 T=0.0502
2026-04-28 18:43:39,176 INFO train_distributed it=  89 lr=6.68e-04 loss_world=2.3409 |∇|=5.87e+02 γ=0.970 T=0.0498
2026-04-28 18:43:39,209 INFO train_distributed it=  89 lr=6.68e-04 loss_world=9.8598 |∇|=2.36e+03 γ=0.979 T=0.0499
2026-04-28 18:43:39,288 INFO train_distributed it=  89 lr=6.68e-04 loss_world=6.4381 |∇|=6.83e+03 γ=0.984 T=0.0500
2026-04-28 18:43:39,472 INFO train_distributed it=  89 lr=6.68e-04 loss_world=1.1320 |∇|=4.64e+00 γ=0.993 T=0.0497
2026-04-28 18:43:39,489 INFO train_distributed it=  89 lr=6.68e-04 loss_world=2.4863 |∇|=6.34e+02 γ=0.982 T=0.0502
2026-04-28 18:43:39,532 INFO train_distributed it=  89 lr=6.68e-04 loss_world=1.2932 |∇|=7.29e+00 γ=0.990 T=0.0502
2026-04-28 18:43:39,555 INFO train_distributed it=  89 lr=6.68e-04 loss_world=2.5018 |∇|=7.08e+02 γ=0.993 T=0.0504
2026-04-28 18:44:01,444 INFO train_distributed it=  99 lr=5.95e-04 loss_world=1.0280 |∇|=1.65e+01 γ=0.995 T=0.0502
2026-04-28 18:44:01,604 INFO train_distributed it=  99 lr=5.95e-04 loss_world=5.1770 |∇|=3.99e+03 γ=0.968 T=0.0499
2026-04-28 18:44:01,653 INFO train_distributed it=  99 lr=5.95e-04 loss_world=63.1550 |∇|=2.45e+04 γ=0.977 T=0.0500
2026-04-28 18:44:01,729 INFO train_distributed it=  99 lr=5.95e-04 loss_world=2.2453 |∇|=2.94e+02 γ=0.983 T=0.0500
2026-04-28 18:44:01,938 INFO train_distributed it=  99 lr=5.95e-04 loss_world=1.1240 |∇|=4.43e+00 γ=0.993 T=0.0497
2026-04-28 18:44:01,955 INFO train_distributed it=  99 lr=5.95e-04 loss_world=3.2962 |∇|=2.99e+03 γ=0.981 T=0.0502
2026-04-28 18:44:02,003 INFO train_distributed it=  99 lr=5.95e-04 loss_world=1.1274 |∇|=5.26e+01 γ=0.990 T=0.0502
2026-04-28 18:44:02,050 INFO train_distributed it=  99 lr=5.95e-04 loss_world=2.3794 |∇|=2.78e+02 γ=0.992 T=0.0504
2026-04-28 18:44:23,864 INFO train_distributed it= 109 lr=5.20e-04 loss_world=0.9964 |∇|=1.59e+01 γ=0.995 T=0.0502
2026-04-28 18:44:24,035 INFO train_distributed it= 109 lr=5.20e-04 loss_world=2.3480 |∇|=1.03e+03 γ=0.966 T=0.0500
2026-04-28 18:44:24,089 INFO train_distributed it= 109 lr=5.20e-04 loss_world=43.0973 |∇|=1.15e+04 γ=0.974 T=0.0500
2026-04-28 18:44:24,174 INFO train_distributed it= 109 lr=5.20e-04 loss_world=2.1178 |∇|=4.20e+02 γ=0.983 T=0.0500
2026-04-28 18:44:24,407 INFO train_distributed it= 109 lr=5.20e-04 loss_world=1.1266 |∇|=4.68e+00 γ=0.993 T=0.0497
2026-04-28 18:44:24,415 INFO train_distributed it= 109 lr=5.20e-04 loss_world=3.0190 |∇|=4.56e+03 γ=0.980 T=0.0502
2026-04-28 18:44:24,482 INFO train_distributed it= 109 lr=5.20e-04 loss_world=1.1541 |∇|=9.11e+01 γ=0.990 T=0.0502
2026-04-28 18:44:24,541 INFO train_distributed it= 109 lr=5.20e-04 loss_world=1.8871 |∇|=2.49e+02 γ=0.991 T=0.0504
2026-04-28 18:44:46,284 INFO train_distributed it= 119 lr=4.47e-04 loss_world=1.0078 |∇|=1.54e+01 γ=0.995 T=0.0502
2026-04-28 18:44:46,457 INFO train_distributed it= 119 lr=4.47e-04 loss_world=2.4133 |∇|=9.02e+02 γ=0.966 T=0.0500
2026-04-28 18:44:46,524 INFO train_distributed it= 119 lr=4.47e-04 loss_world=2.4109 |∇|=6.03e+02 γ=0.970 T=0.0501
2026-04-28 18:44:46,614 INFO train_distributed it= 119 lr=4.47e-04 loss_world=6.9183 |∇|=6.02e+03 γ=0.982 T=0.0500
2026-04-28 18:44:46,871 INFO train_distributed it= 119 lr=4.47e-04 loss_world=1.8342 |∇|=1.18e+04 γ=0.979 T=0.0503
2026-04-28 18:44:46,876 INFO train_distributed it= 119 lr=4.47e-04 loss_world=1.1247 |∇|=4.71e+00 γ=0.993 T=0.0497
2026-04-28 18:44:46,956 INFO train_distributed it= 119 lr=4.47e-04 loss_world=1.2702 |∇|=7.40e+00 γ=0.990 T=0.0503
2026-04-28 18:44:47,029 INFO train_distributed it= 119 lr=4.47e-04 loss_world=4.4582 |∇|=1.87e+03 γ=0.990 T=0.0504
2026-04-28 18:45:08,717 INFO train_distributed it= 129 lr=3.76e-04 loss_world=1.0068 |∇|=1.61e+01 γ=0.995 T=0.0502
2026-04-28 18:45:08,888 INFO train_distributed it= 129 lr=3.76e-04 loss_world=2.0286 |∇|=2.53e+03 γ=0.965 T=0.0500
2026-04-28 18:45:08,968 INFO train_distributed it= 129 lr=3.76e-04 loss_world=2.0729 |∇|=6.10e+02 γ=0.968 T=0.0501
2026-04-28 18:45:09,060 INFO train_distributed it= 129 lr=3.76e-04 loss_world=2.4048 |∇|=4.55e+02 γ=0.981 T=0.0500
2026-04-28 18:45:09,332 INFO train_distributed it= 129 lr=3.76e-04 loss_world=4.4650 |∇|=3.69e+03 γ=0.978 T=0.0502
2026-04-28 18:45:09,344 INFO train_distributed it= 129 lr=3.76e-04 loss_world=1.1254 |∇|=4.58e+00 γ=0.993 T=0.0497
2026-04-28 18:45:09,427 INFO train_distributed it= 129 lr=3.76e-04 loss_world=1.3061 |∇|=5.19e+00 γ=0.990 T=0.0503
2026-04-28 18:45:09,517 INFO train_distributed it= 129 lr=3.76e-04 loss_world=2.6612 |∇|=6.71e+02 γ=0.989 T=0.0504
2026-04-28 18:45:31,139 INFO train_distributed it= 139 lr=3.10e-04 loss_world=0.9925 |∇|=1.55e+01 γ=0.995 T=0.0502
2026-04-28 18:45:31,311 INFO train_distributed it= 139 lr=3.10e-04 loss_world=2.4008 |∇|=5.87e+02 γ=0.965 T=0.0500
2026-04-28 18:45:31,403 INFO train_distributed it= 139 lr=3.10e-04 loss_world=2.1341 |∇|=4.86e+02 γ=0.967 T=0.0501
2026-04-28 18:45:31,506 INFO train_distributed it= 139 lr=3.10e-04 loss_world=3.1375 |∇|=4.75e+03 γ=0.981 T=0.0500
2026-04-28 18:45:31,795 INFO train_distributed it= 139 lr=3.10e-04 loss_world=2.4416 |∇|=1.73e+03 γ=0.978 T=0.0502
2026-04-28 18:45:31,810 INFO train_distributed it= 139 lr=3.10e-04 loss_world=1.1334 |∇|=4.56e+00 γ=0.993 T=0.0497
2026-04-28 18:45:31,901 INFO train_distributed it= 139 lr=3.10e-04 loss_world=1.1408 |∇|=1.43e+01 γ=0.990 T=0.0503
2026-04-28 18:45:32,014 INFO train_distributed it= 139 lr=3.10e-04 loss_world=2.5610 |∇|=5.65e+02 γ=0.989 T=0.0504
2026-04-28 18:45:53,560 INFO train_distributed it= 149 lr=2.51e-04 loss_world=0.9976 |∇|=1.55e+01 γ=0.995 T=0.0502
2026-04-28 18:45:53,742 INFO train_distributed it= 149 lr=2.51e-04 loss_world=4.6551 |∇|=1.13e+04 γ=0.965 T=0.0500
2026-04-28 18:45:53,830 INFO train_distributed it= 149 lr=2.51e-04 loss_world=6.5259 |∇|=3.81e+03 γ=0.966 T=0.0502
2026-04-28 18:45:53,949 INFO train_distributed it= 149 lr=2.51e-04 loss_world=9.3048 |∇|=7.65e+03 γ=0.981 T=0.0500
2026-04-28 18:45:54,250 INFO train_distributed it= 149 lr=2.51e-04 loss_world=2.2771 |∇|=1.85e+03 γ=0.978 T=0.0502
2026-04-28 18:45:54,279 INFO train_distributed it= 149 lr=2.51e-04 loss_world=1.1288 |∇|=5.02e+00 γ=0.993 T=0.0497
2026-04-28 18:45:54,374 INFO train_distributed it= 149 lr=2.51e-04 loss_world=1.1672 |∇|=1.16e+01 γ=0.990 T=0.0503
2026-04-28 18:45:54,503 INFO train_distributed it= 149 lr=2.51e-04 loss_world=3.0030 |∇|=2.96e+03 γ=0.989 T=0.0504
2026-04-28 18:46:15,974 INFO train_distributed it= 159 lr=2.00e-04 loss_world=0.9949 |∇|=1.60e+01 γ=0.995 T=0.0502
2026-04-28 18:46:16,175 INFO train_distributed it= 159 lr=2.00e-04 loss_world=2.2525 |∇|=1.31e+03 γ=0.964 T=0.0500
2026-04-28 18:46:16,266 INFO train_distributed it= 159 lr=2.00e-04 loss_world=2.0273 |∇|=1.81e+03 γ=0.966 T=0.0502
2026-04-28 18:46:16,403 INFO train_distributed it= 159 lr=2.00e-04 loss_world=2.7470 |∇|=1.33e+03 γ=0.980 T=0.0500
2026-04-28 18:46:16,708 INFO train_distributed it= 159 lr=2.00e-04 loss_world=1.6563 |∇|=4.20e+02 γ=0.978 T=0.0502
2026-04-28 18:46:16,742 INFO train_distributed it= 159 lr=2.00e-04 loss_world=1.1285 |∇|=4.71e+00 γ=0.993 T=0.0497
2026-04-28 18:46:16,848 INFO train_distributed it= 159 lr=2.00e-04 loss_world=1.1211 |∇|=1.49e+01 γ=0.990 T=0.0503
2026-04-28 18:46:16,999 INFO train_distributed it= 159 lr=2.00e-04 loss_world=2.3525 |∇|=9.13e+02 γ=0.989 T=0.0504
2026-04-28 18:46:38,391 INFO train_distributed it= 169 lr=1.58e-04 loss_world=1.0048 |∇|=1.55e+01 γ=0.995 T=0.0502
2026-04-28 18:46:38,596 INFO train_distributed it= 169 lr=1.58e-04 loss_world=14.3094 |∇|=4.05e+04 γ=0.964 T=0.0500
2026-04-28 18:46:38,696 INFO train_distributed it= 169 lr=1.58e-04 loss_world=0.8769 |∇|=5.90e+02 γ=0.966 T=0.0502
2026-04-28 18:46:38,845 INFO train_distributed it= 169 lr=1.58e-04 loss_world=6.8428 |∇|=1.12e+04 γ=0.980 T=0.0500
2026-04-28 18:46:39,169 INFO train_distributed it= 169 lr=1.58e-04 loss_world=1.1442 |∇|=3.32e+04 γ=0.978 T=0.0502
2026-04-28 18:46:39,203 INFO train_distributed it= 169 lr=1.58e-04 loss_world=1.1347 |∇|=5.43e+00 γ=0.993 T=0.0497
2026-04-28 18:46:39,316 INFO train_distributed it= 169 lr=1.58e-04 loss_world=1.1229 |∇|=1.53e+01 γ=0.990 T=0.0503
2026-04-28 18:46:39,487 INFO train_distributed it= 169 lr=1.58e-04 loss_world=2.0959 |∇|=1.02e+03 γ=0.989 T=0.0504
2026-04-28 18:47:00,813 INFO train_distributed it= 179 lr=1.27e-04 loss_world=0.9845 |∇|=1.58e+01 γ=0.995 T=0.0502
2026-04-28 18:47:01,016 INFO train_distributed it= 179 lr=1.27e-04 loss_world=3.2065 |∇|=2.40e+04 γ=0.964 T=0.0500
2026-04-28 18:47:01,127 INFO train_distributed it= 179 lr=1.27e-04 loss_world=1.2362 |∇|=1.58e+03 γ=0.966 T=0.0502
2026-04-28 18:47:01,281 INFO train_distributed it= 179 lr=1.27e-04 loss_world=2.3118 |∇|=7.99e+02 γ=0.980 T=0.0500
2026-04-28 18:47:01,631 INFO train_distributed it= 179 lr=1.27e-04 loss_world=11.6368 |∇|=1.19e+04 γ=0.978 T=0.0503
2026-04-28 18:47:01,660 INFO train_distributed it= 179 lr=1.27e-04 loss_world=1.1374 |∇|=5.76e+00 γ=0.993 T=0.0497
2026-04-28 18:47:01,779 INFO train_distributed it= 179 lr=1.27e-04 loss_world=1.1216 |∇|=1.62e+01 γ=0.990 T=0.0503
2026-04-28 18:47:01,978 INFO train_distributed it= 179 lr=1.27e-04 loss_world=2.6384 |∇|=1.78e+03 γ=0.989 T=0.0504
2026-04-28 18:47:23,237 INFO train_distributed it= 189 lr=1.07e-04 loss_world=0.9912 |∇|=1.54e+01 γ=0.995 T=0.0502
2026-04-28 18:47:23,440 INFO train_distributed it= 189 lr=1.07e-04 loss_world=5.3611 |∇|=2.72e+04 γ=0.964 T=0.0500
2026-04-28 18:47:23,561 INFO train_distributed it= 189 lr=1.07e-04 loss_world=19.3355 |∇|=1.74e+04 γ=0.966 T=0.0503
2026-04-28 18:47:23,721 INFO train_distributed it= 189 lr=1.07e-04 loss_world=5.7314 |∇|=8.27e+03 γ=0.980 T=0.0500
2026-04-28 18:47:24,082 INFO train_distributed it= 189 lr=1.07e-04 loss_world=0.9622 |∇|=6.46e+03 γ=0.978 T=0.0503
2026-04-28 18:47:24,114 INFO train_distributed it= 189 lr=1.07e-04 loss_world=1.1609 |∇|=6.63e+00 γ=0.993 T=0.0497
2026-04-28 18:47:24,244 INFO train_distributed it= 189 lr=1.07e-04 loss_world=1.1366 |∇|=1.44e+01 γ=0.990 T=0.0503
2026-04-28 18:47:24,462 INFO train_distributed it= 189 lr=1.07e-04 loss_world=2.6277 |∇|=4.50e+03 γ=0.989 T=0.0504
2026-04-28 18:47:45,652 INFO train_distributed it= 199 lr=1.00e-04 loss_world=0.9794 |∇|=1.58e+01 γ=0.995 T=0.0502
2026-04-28 18:47:45,657 INFO train_distributed training finished in 449.5s (200 iters, world_size=1)
2026-04-28 18:47:45,658 INFO train_distributed [rank 0] peak HBM: alloc=7.45 GB, reserved=8.04 GB
2026-04-28 18:47:45,661 INFO train_distributed [rank 0] wrote experiments/038_arch_tier_1_2_kernels/results_t12_kernels_seed3/training_log.json
2026-04-28 18:47:45,855 INFO train_distributed it= 199 lr=1.00e-04 loss_world=2.9351 |∇|=1.52e+04 γ=0.964 T=0.0500
2026-04-28 18:47:45,861 INFO train_distributed training finished in 449.7s (200 iters, world_size=1)
2026-04-28 18:47:45,861 INFO train_distributed [rank 0] peak HBM: alloc=7.45 GB, reserved=8.04 GB
2026-04-28 18:47:45,864 INFO train_distributed [rank 0] wrote experiments/038_arch_tier_1_2_kernels/results_t12_kernels_seed4/training_log.json
2026-04-28 18:47:45,985 INFO train_distributed it= 199 lr=1.00e-04 loss_world=21.5546 |∇|=2.38e+04 γ=0.966 T=0.0503
2026-04-28 18:47:45,991 INFO train_distributed training finished in 449.8s (200 iters, world_size=1)
2026-04-28 18:47:45,991 INFO train_distributed [rank 0] peak HBM: alloc=7.45 GB, reserved=8.04 GB
2026-04-28 18:47:45,994 INFO train_distributed [rank 0] wrote experiments/038_arch_tier_1_2_kernels/results_t12_kernels_seed1/training_log.json
2026-04-28 18:47:46,160 INFO train_distributed it= 199 lr=1.00e-04 loss_world=4.8377 |∇|=4.15e+03 γ=0.980 T=0.0500
2026-04-28 18:47:46,166 INFO train_distributed training finished in 450.0s (200 iters, world_size=1)
2026-04-28 18:47:46,166 INFO train_distributed [rank 0] peak HBM: alloc=7.45 GB, reserved=8.04 GB
2026-04-28 18:47:46,169 INFO train_distributed [rank 0] wrote experiments/038_arch_tier_1_2_kernels/results_t12_kernels_seed6/training_log.json
2026-04-28 18:47:46,538 INFO train_distributed it= 199 lr=1.00e-04 loss_world=34.4239 |∇|=1.43e+05 γ=0.978 T=0.0503
2026-04-28 18:47:46,543 INFO train_distributed training finished in 450.3s (200 iters, world_size=1)
2026-04-28 18:47:46,543 INFO train_distributed [rank 0] peak HBM: alloc=7.45 GB, reserved=8.04 GB
2026-04-28 18:47:46,546 INFO train_distributed [rank 0] wrote experiments/038_arch_tier_1_2_kernels/results_t12_kernels_seed7/training_log.json
2026-04-28 18:47:46,580 INFO train_distributed it= 199 lr=1.00e-04 loss_world=1.1228 |∇|=6.56e+00 γ=0.993 T=0.0497
2026-04-28 18:47:46,586 INFO train_distributed training finished in 450.4s (200 iters, world_size=1)
2026-04-28 18:47:46,586 INFO train_distributed [rank 0] peak HBM: alloc=7.45 GB, reserved=8.04 GB
2026-04-28 18:47:46,589 INFO train_distributed [rank 0] wrote experiments/038_arch_tier_1_2_kernels/results_t12_kernels_seed0/training_log.json
  ✓ t12_kernels_seed3 459s (card 3)

═ TRAIN t12_kernels_seed8 (card 0) ═ 18:47:46
2026-04-28 18:47:46,711 INFO train_distributed it= 199 lr=1.00e-04 loss_world=1.1251 |∇|=1.57e+01 γ=0.990 T=0.0503
2026-04-28 18:47:46,716 INFO train_distributed training finished in 450.6s (200 iters, world_size=1)
2026-04-28 18:47:46,716 INFO train_distributed [rank 0] peak HBM: alloc=7.45 GB, reserved=8.04 GB
2026-04-28 18:47:46,719 INFO train_distributed [rank 0] wrote experiments/038_arch_tier_1_2_kernels/results_t12_kernels_seed5/training_log.json
  ✓ t12_kernels_seed4 459s (card 4)

═ TRAIN t12_kernels_seed9 (card 1) ═ 18:47:46
2026-04-28 18:47:46,949 INFO train_distributed it= 199 lr=1.00e-04 loss_world=2.2074 |∇|=1.18e+03 γ=0.989 T=0.0504
2026-04-28 18:47:46,955 INFO train_distributed training finished in 450.8s (200 iters, world_size=1)
2026-04-28 18:47:46,955 INFO train_distributed [rank 0] peak HBM: alloc=7.45 GB, reserved=8.04 GB
2026-04-28 18:47:46,958 INFO train_distributed [rank 0] wrote experiments/038_arch_tier_1_2_kernels/results_t12_kernels_seed2/training_log.json
  ✓ t12_kernels_seed1 460s (card 1)
  ✓ t12_kernels_seed6 460s (card 6)
  ✓ t12_kernels_seed7 460s (card 7)
  ✓ t12_kernels_seed0 460s (card 0)
  ✓ t12_kernels_seed5 460s (card 5)
  ✓ t12_kernels_seed2 460s (card 2)
2026-04-28 18:47:49,971 INFO train_distributed [dist] rank=0 world_size=1 local_rank=0 cuda_available=True
2026-04-28 18:47:50,014 INFO train_distributed loaded 2,841 returns for spx/2015-2026_daily
2026-04-28 18:47:50,022 INFO train_distributed targets: acf_sq=0.342 leverage_sum=-0.790 hill_alpha=2.68
2026-04-28 18:47:50,618 INFO train_distributed [dist] rank=0 world_size=1 local_rank=0 cuda_available=True
2026-04-28 18:47:50,659 INFO train_distributed loaded 2,841 returns for spx/2015-2026_daily
2026-04-28 18:47:50,713 INFO train_distributed targets: acf_sq=0.342 leverage_sum=-0.790 hill_alpha=2.68
2026-04-28 18:47:50,811 INFO train_distributed EcoMDSimulator built: 33043 parameters (device=cuda:0)
2026-04-28 18:47:50,979 INFO train_distributed EcoMDSimulator built: 33043 parameters (device=cuda:0)
2026-04-28 18:47:54,267 INFO train_distributed it=   0 lr=1.00e-04 loss_world=54.3369 |∇|=2.80e+04 γ=1.000 T=0.0500
2026-04-28 18:47:54,434 INFO train_distributed it=   0 lr=1.00e-04 loss_world=22.3999 |∇|=8.67e+03 γ=1.000 T=0.0500
2026-04-28 18:48:14,342 INFO train_distributed it=   9 lr=1.00e-03 loss_world=15.6445 |∇|=1.59e+03 γ=1.004 T=0.0499
2026-04-28 18:48:14,483 INFO train_distributed it=   9 lr=1.00e-03 loss_world=4.5031 |∇|=1.82e+02 γ=1.001 T=0.0501
2026-04-28 18:48:36,755 INFO train_distributed it=  19 lr=9.95e-04 loss_world=4.8652 |∇|=5.14e+02 γ=1.002 T=0.0499
2026-04-28 18:48:36,867 INFO train_distributed it=  19 lr=9.95e-04 loss_world=2.5557 |∇|=8.10e+01 γ=0.999 T=0.0500
2026-04-28 18:48:59,231 INFO train_distributed it=  29 lr=9.78e-04 loss_world=2.8616 |∇|=1.11e+03 γ=0.998 T=0.0499
2026-04-28 18:48:59,340 INFO train_distributed it=  29 lr=9.78e-04 loss_world=2.2422 |∇|=1.66e+02 γ=0.997 T=0.0500
2026-04-28 18:49:21,718 INFO train_distributed it=  39 lr=9.49e-04 loss_world=2.2152 |∇|=3.26e+02 γ=0.995 T=0.0499
2026-04-28 18:49:21,822 INFO train_distributed it=  39 lr=9.49e-04 loss_world=2.3044 |∇|=7.31e+01 γ=0.994 T=0.0501
2026-04-28 18:49:44,205 INFO train_distributed it=  49 lr=9.10e-04 loss_world=1.9848 |∇|=1.83e+02 γ=0.993 T=0.0499
2026-04-28 18:49:44,296 INFO train_distributed it=  49 lr=9.10e-04 loss_world=5.9455 |∇|=6.53e+02 γ=0.991 T=0.0501
2026-04-28 18:50:06,689 INFO train_distributed it=  59 lr=8.60e-04 loss_world=2.3541 |∇|=1.58e+02 γ=0.991 T=0.0500
2026-04-28 18:50:06,774 INFO train_distributed it=  59 lr=8.60e-04 loss_world=2.0853 |∇|=1.88e+02 γ=0.987 T=0.0501
2026-04-28 18:50:29,170 INFO train_distributed it=  69 lr=8.02e-04 loss_world=2.2418 |∇|=2.73e+02 γ=0.990 T=0.0500
2026-04-28 18:50:29,246 INFO train_distributed it=  69 lr=8.02e-04 loss_world=2.0179 |∇|=9.12e+02 γ=0.984 T=0.0501
2026-04-28 18:50:51,650 INFO train_distributed it=  79 lr=7.38e-04 loss_world=1.9706 |∇|=5.01e+02 γ=0.989 T=0.0499
2026-04-28 18:50:51,714 INFO train_distributed it=  79 lr=7.38e-04 loss_world=1.9686 |∇|=2.43e+02 γ=0.982 T=0.0501
2026-04-28 18:51:14,139 INFO train_distributed it=  89 lr=6.68e-04 loss_world=2.7255 |∇|=1.92e+02 γ=0.988 T=0.0499
2026-04-28 18:51:14,174 INFO train_distributed it=  89 lr=6.68e-04 loss_world=2.5840 |∇|=4.38e+02 γ=0.980 T=0.0500
2026-04-28 18:51:36,617 INFO train_distributed it=  99 lr=5.95e-04 loss_world=4.0421 |∇|=1.38e+04 γ=0.987 T=0.0499
2026-04-28 18:51:36,629 INFO train_distributed it=  99 lr=5.95e-04 loss_world=4.6440 |∇|=6.29e+03 γ=0.979 T=0.0501
2026-04-28 18:51:59,092 INFO train_distributed it= 109 lr=5.20e-04 loss_world=7.6025 |∇|=3.32e+03 γ=0.978 T=0.0501
2026-04-28 18:51:59,096 INFO train_distributed it= 109 lr=5.20e-04 loss_world=2.4032 |∇|=1.64e+03 γ=0.987 T=0.0499
2026-04-28 18:52:21,559 INFO train_distributed it= 119 lr=4.47e-04 loss_world=1.9771 |∇|=8.56e+02 γ=0.978 T=0.0502
2026-04-28 18:52:21,575 INFO train_distributed it= 119 lr=4.47e-04 loss_world=6.8663 |∇|=3.75e+03 γ=0.987 T=0.0500
2026-04-28 18:52:44,016 INFO train_distributed it= 129 lr=3.76e-04 loss_world=15.8924 |∇|=1.69e+04 γ=0.977 T=0.0502
2026-04-28 18:52:44,048 INFO train_distributed it= 129 lr=3.76e-04 loss_world=6.8746 |∇|=2.97e+03 γ=0.989 T=0.0501
2026-04-28 18:53:06,481 INFO train_distributed it= 139 lr=3.10e-04 loss_world=31.3323 |∇|=9.51e+04 γ=0.977 T=0.0502
2026-04-28 18:53:06,528 INFO train_distributed it= 139 lr=3.10e-04 loss_world=19.4495 |∇|=3.36e+03 γ=0.990 T=0.0502
2026-04-28 18:53:28,936 INFO train_distributed it= 149 lr=2.51e-04 loss_world=40.1759 |∇|=1.77e+05 γ=0.977 T=0.0502
2026-04-28 18:53:28,995 INFO train_distributed it= 149 lr=2.51e-04 loss_world=5.3917 |∇|=3.18e+03 γ=0.990 T=0.0503
2026-04-28 18:53:51,396 INFO train_distributed it= 159 lr=2.00e-04 loss_world=13.6105 |∇|=1.32e+04 γ=0.977 T=0.0502
2026-04-28 18:53:51,461 INFO train_distributed it= 159 lr=2.00e-04 loss_world=2.1024 |∇|=8.77e+02 γ=0.990 T=0.0503
2026-04-28 18:54:13,849 INFO train_distributed it= 169 lr=1.58e-04 loss_world=8.4441 |∇|=1.33e+04 γ=0.977 T=0.0502
2026-04-28 18:54:13,936 INFO train_distributed it= 169 lr=1.58e-04 loss_world=8.3969 |∇|=8.76e+03 γ=0.990 T=0.0503
2026-04-28 18:54:36,309 INFO train_distributed it= 179 lr=1.27e-04 loss_world=6.9579 |∇|=1.39e+04 γ=0.977 T=0.0502
2026-04-28 18:54:36,410 INFO train_distributed it= 179 lr=1.27e-04 loss_world=19.8833 |∇|=3.71e+04 γ=0.990 T=0.0504
2026-04-28 18:54:58,767 INFO train_distributed it= 189 lr=1.07e-04 loss_world=5.4810 |∇|=4.66e+03 γ=0.977 T=0.0502
2026-04-28 18:54:58,880 INFO train_distributed it= 189 lr=1.07e-04 loss_world=1.9721 |∇|=2.14e+03 γ=0.990 T=0.0504
2026-04-28 18:55:21,220 INFO train_distributed it= 199 lr=1.00e-04 loss_world=1.0227 |∇|=1.46e+02 γ=0.977 T=0.0502
2026-04-28 18:55:21,225 INFO train_distributed training finished in 450.2s (200 iters, world_size=1)
2026-04-28 18:55:21,225 INFO train_distributed [rank 0] peak HBM: alloc=7.45 GB, reserved=8.04 GB
2026-04-28 18:55:21,229 INFO train_distributed [rank 0] wrote experiments/038_arch_tier_1_2_kernels/results_t12_kernels_seed9/training_log.json
2026-04-28 18:55:21,345 INFO train_distributed it= 199 lr=1.00e-04 loss_world=6.2533 |∇|=8.72e+03 γ=0.990 T=0.0504
2026-04-28 18:55:21,350 INFO train_distributed training finished in 450.5s (200 iters, world_size=1)
2026-04-28 18:55:21,350 INFO train_distributed [rank 0] peak HBM: alloc=7.45 GB, reserved=8.04 GB
2026-04-28 18:55:21,353 INFO train_distributed [rank 0] wrote experiments/038_arch_tier_1_2_kernels/results_t12_kernels_seed8/training_log.json
  ✓ t12_kernels_seed9 456s (card 1)
  ✓ t12_kernels_seed8 456s (card 0)

═ EVAL  t12_kernels_seed0 (card 0) ═ 18:55:22

═ EVAL  t12_kernels_seed1 (card 1) ═ 18:55:22

═ EVAL  t12_kernels_seed2 (card 2) ═ 18:55:22

═ EVAL  t12_kernels_seed3 (card 3) ═ 18:55:22

═ EVAL  t12_kernels_seed4 (card 4) ═ 18:55:22

═ EVAL  t12_kernels_seed5 (card 5) ═ 18:55:22

═ EVAL  t12_kernels_seed6 (card 6) ═ 18:55:22

═ EVAL  t12_kernels_seed7 (card 7) ═ 18:55:22
2026-04-28 18:55:27,399 INFO inference_run_large [dist] world_size=1 cuda=True
2026-04-28 18:55:27,701 INFO inference_run_large [dist] world_size=1 cuda=True
2026-04-28 18:55:28,108 INFO inference_run_large [dist] world_size=1 cuda=True
2026-04-28 18:55:28,463 INFO inference_run_large [dist] world_size=1 cuda=True
2026-04-28 18:55:28,794 INFO inference_run_large [dist] world_size=1 cuda=True
2026-04-28 18:55:29,154 INFO inference_run_large [dist] world_size=1 cuda=True
2026-04-28 18:55:29,540 INFO inference_run_large [dist] world_size=1 cuda=True
2026-04-28 18:55:30,032 INFO inference_run_large [dist] world_size=1 cuda=True
2026-04-28 18:55:30,685 INFO inference_run_large loaded checkpoint iter=200 from /AI4S/Users/howardwang/h204/ecophys/experiments/038_arch_tier_1_2_kernels/results_t12_kernels_seed0/checkpoint.pt
2026-04-28 18:55:30,701 INFO inference_run_large loaded checkpoint iter=200 from /AI4S/Users/howardwang/h204/ecophys/experiments/038_arch_tier_1_2_kernels/results_t12_kernels_seed2/checkpoint.pt
2026-04-28 18:55:30,713 INFO inference_run_large loaded checkpoint iter=200 from /AI4S/Users/howardwang/h204/ecophys/experiments/038_arch_tier_1_2_kernels/results_t12_kernels_seed1/checkpoint.pt
2026-04-28 18:55:30,723 INFO inference_run_large loaded checkpoint iter=200 from /AI4S/Users/howardwang/h204/ecophys/experiments/038_arch_tier_1_2_kernels/results_t12_kernels_seed4/checkpoint.pt
2026-04-28 18:55:30,727 INFO inference_run_large loaded checkpoint iter=200 from /AI4S/Users/howardwang/h204/ecophys/experiments/038_arch_tier_1_2_kernels/results_t12_kernels_seed5/checkpoint.pt
2026-04-28 18:55:30,734 INFO inference_run_large loaded checkpoint iter=200 from /AI4S/Users/howardwang/h204/ecophys/experiments/038_arch_tier_1_2_kernels/results_t12_kernels_seed7/checkpoint.pt
2026-04-28 18:55:30,753 INFO inference_run_large loaded checkpoint iter=200 from /AI4S/Users/howardwang/h204/ecophys/experiments/038_arch_tier_1_2_kernels/results_t12_kernels_seed3/checkpoint.pt
2026-04-28 18:55:30,837 INFO inference_run_large loaded checkpoint iter=200 from /AI4S/Users/howardwang/h204/ecophys/experiments/038_arch_tier_1_2_kernels/results_t12_kernels_seed6/checkpoint.pt
2026-04-28 18:56:20,680 INFO inference_run_large [rank 0] rollout 1/4 seed=10000 took 48.9s
2026-04-28 18:56:20,693 INFO inference_run_large [rank 0] rollout 1/4 seed=10000 took 48.9s
2026-04-28 18:56:20,709 INFO inference_run_large [rank 0] rollout 1/4 seed=10000 took 49.0s
2026-04-28 18:56:20,713 INFO inference_run_large [rank 0] rollout 1/4 seed=10000 took 48.9s
2026-04-28 18:56:20,750 INFO inference_run_large [rank 0] rollout 1/4 seed=10000 took 49.0s
2026-04-28 18:56:20,761 INFO inference_run_large [rank 0] rollout 1/4 seed=10000 took 48.9s
2026-04-28 18:56:20,779 INFO inference_run_large [rank 0] rollout 1/4 seed=10000 took 49.0s
2026-04-28 18:56:20,836 INFO inference_run_large [rank 0] rollout 1/4 seed=10000 took 49.1s
2026-04-28 18:57:09,214 INFO inference_run_large [rank 0] rollout 2/4 seed=10001 took 48.5s
2026-04-28 18:57:09,228 INFO inference_run_large [rank 0] rollout 2/4 seed=10001 took 48.5s
2026-04-28 18:57:09,264 INFO inference_run_large [rank 0] rollout 2/4 seed=10001 took 48.5s
2026-04-28 18:57:09,268 INFO inference_run_large [rank 0] rollout 2/4 seed=10001 took 48.5s
2026-04-28 18:57:09,324 INFO inference_run_large [rank 0] rollout 2/4 seed=10001 took 48.5s
2026-04-28 18:57:09,435 INFO inference_run_large [rank 0] rollout 2/4 seed=10001 took 48.6s
2026-04-28 18:57:09,535 INFO inference_run_large [rank 0] rollout 2/4 seed=10001 took 48.6s
2026-04-28 18:57:09,546 INFO inference_run_large [rank 0] rollout 2/4 seed=10001 took 48.7s
2026-04-28 18:57:57,809 INFO inference_run_large [rank 0] rollout 3/4 seed=10002 took 48.5s
2026-04-28 18:57:57,820 INFO inference_run_large [rank 0] rollout 3/4 seed=10002 took 48.5s
2026-04-28 18:57:57,875 INFO inference_run_large [rank 0] rollout 3/4 seed=10002 took 48.5s
2026-04-28 18:57:57,919 INFO inference_run_large [rank 0] rollout 3/4 seed=10002 took 48.6s
2026-04-28 18:57:57,947 INFO inference_run_large [rank 0] rollout 3/4 seed=10002 took 48.5s
2026-04-28 18:57:58,187 INFO inference_run_large [rank 0] rollout 3/4 seed=10002 took 48.7s
2026-04-28 18:57:58,262 INFO inference_run_large [rank 0] rollout 3/4 seed=10002 took 48.6s
2026-04-28 18:57:58,420 INFO inference_run_large [rank 0] rollout 3/4 seed=10002 took 48.8s
2026-04-28 18:58:46,336 INFO inference_run_large [rank 0] rollout 4/4 seed=10003 took 48.4s
2026-04-28 18:58:46,339 INFO inference_run_large [rank 0] wrote /AI4S/Users/howardwang/h204/ecophys/experiments/038_arch_tier_1_2_kernels/results_t12_kernels_seed4/inference_rank_0.json
2026-04-28 18:58:46,344 INFO inference_run_large [rank 0] merged 4 rollouts → /AI4S/Users/howardwang/h204/ecophys/experiments/038_arch_tier_1_2_kernels/results_t12_kernels_seed4/inference_merged.json
2026-04-28 18:58:46,379 INFO inference_run_large [rank 0] rollout 4/4 seed=10003 took 48.5s
2026-04-28 18:58:46,382 INFO inference_run_large [rank 0] wrote /AI4S/Users/howardwang/h204/ecophys/experiments/038_arch_tier_1_2_kernels/results_t12_kernels_seed7/inference_rank_0.json
2026-04-28 18:58:46,386 INFO inference_run_large [rank 0] merged 4 rollouts → /AI4S/Users/howardwang/h204/ecophys/experiments/038_arch_tier_1_2_kernels/results_t12_kernels_seed7/inference_merged.json
2026-04-28 18:58:46,404 INFO inference_run_large [rank 0] rollout 4/4 seed=10003 took 48.4s
2026-04-28 18:58:46,407 INFO inference_run_large [rank 0] wrote /AI4S/Users/howardwang/h204/ecophys/experiments/038_arch_tier_1_2_kernels/results_t12_kernels_seed3/inference_rank_0.json
2026-04-28 18:58:46,411 INFO inference_run_large [rank 0] merged 4 rollouts → /AI4S/Users/howardwang/h204/ecophys/experiments/038_arch_tier_1_2_kernels/results_t12_kernels_seed3/inference_merged.json
2026-04-28 18:58:46,467 INFO inference_run_large [rank 0] rollout 4/4 seed=10003 took 48.5s
2026-04-28 18:58:46,471 INFO inference_run_large [rank 0] wrote /AI4S/Users/howardwang/h204/ecophys/experiments/038_arch_tier_1_2_kernels/results_t12_kernels_seed0/inference_rank_0.json
2026-04-28 18:58:46,475 INFO inference_run_large [rank 0] merged 4 rollouts → /AI4S/Users/howardwang/h204/ecophys/experiments/038_arch_tier_1_2_kernels/results_t12_kernels_seed0/inference_merged.json
2026-04-28 18:58:46,497 INFO inference_run_large [rank 0] rollout 4/4 seed=10003 took 48.5s
2026-04-28 18:58:46,500 INFO inference_run_large [rank 0] wrote /AI4S/Users/howardwang/h204/ecophys/experiments/038_arch_tier_1_2_kernels/results_t12_kernels_seed6/inference_rank_0.json
2026-04-28 18:58:46,504 INFO inference_run_large [rank 0] merged 4 rollouts → /AI4S/Users/howardwang/h204/ecophys/experiments/038_arch_tier_1_2_kernels/results_t12_kernels_seed6/inference_merged.json
2026-04-28 18:58:46,870 INFO inference_run_large [rank 0] rollout 4/4 seed=10003 took 48.6s
2026-04-28 18:58:46,873 INFO inference_run_large [rank 0] wrote /AI4S/Users/howardwang/h204/ecophys/experiments/038_arch_tier_1_2_kernels/results_t12_kernels_seed2/inference_rank_0.json
2026-04-28 18:58:46,877 INFO inference_run_large [rank 0] merged 4 rollouts → /AI4S/Users/howardwang/h204/ecophys/experiments/038_arch_tier_1_2_kernels/results_t12_kernels_seed2/inference_merged.json
2026-04-28 18:58:46,975 INFO inference_run_large [rank 0] rollout 4/4 seed=10003 took 48.6s
2026-04-28 18:58:46,978 INFO inference_run_large [rank 0] wrote /AI4S/Users/howardwang/h204/ecophys/experiments/038_arch_tier_1_2_kernels/results_t12_kernels_seed1/inference_rank_0.json
2026-04-28 18:58:46,982 INFO inference_run_large [rank 0] merged 4 rollouts → /AI4S/Users/howardwang/h204/ecophys/experiments/038_arch_tier_1_2_kernels/results_t12_kernels_seed1/inference_merged.json
  ✓ eval t12_kernels_seed4 205s (card 4)

═ EVAL  t12_kernels_seed8 (card 0) ═ 18:58:47
2026-04-28 18:58:47,369 INFO inference_run_large [rank 0] rollout 4/4 seed=10003 took 48.9s
2026-04-28 18:58:47,373 INFO inference_run_large [rank 0] wrote /AI4S/Users/howardwang/h204/ecophys/experiments/038_arch_tier_1_2_kernels/results_t12_kernels_seed5/inference_rank_0.json
2026-04-28 18:58:47,377 INFO inference_run_large [rank 0] merged 4 rollouts → /AI4S/Users/howardwang/h204/ecophys/experiments/038_arch_tier_1_2_kernels/results_t12_kernels_seed5/inference_merged.json
  ✓ eval t12_kernels_seed7 205s (card 7)

═ EVAL  t12_kernels_seed9 (card 1) ═ 18:58:47
  ✓ eval t12_kernels_seed3 205s (card 3)
  ✓ eval t12_kernels_seed6 205s (card 6)
  ✓ eval t12_kernels_seed0 205s (card 0)
  ✓ eval t12_kernels_seed2 205s (card 2)
  ✓ eval t12_kernels_seed1 206s (card 1)
  ✓ eval t12_kernels_seed5 206s (card 5)
2026-04-28 18:58:51,087 INFO inference_run_large [dist] world_size=1 cuda=True
2026-04-28 18:58:51,425 INFO inference_run_large [dist] world_size=1 cuda=True
2026-04-28 18:58:51,760 INFO inference_run_large loaded checkpoint iter=200 from /AI4S/Users/howardwang/h204/ecophys/experiments/038_arch_tier_1_2_kernels/results_t12_kernels_seed8/checkpoint.pt
2026-04-28 18:58:51,835 INFO inference_run_large loaded checkpoint iter=200 from /AI4S/Users/howardwang/h204/ecophys/experiments/038_arch_tier_1_2_kernels/results_t12_kernels_seed9/checkpoint.pt
2026-04-28 18:59:41,717 INFO inference_run_large [rank 0] rollout 1/4 seed=10000 took 49.0s
2026-04-28 18:59:41,732 INFO inference_run_large [rank 0] rollout 1/4 seed=10000 took 49.0s
2026-04-28 19:00:30,307 INFO inference_run_large [rank 0] rollout 2/4 seed=10001 took 48.5s
2026-04-28 19:00:30,320 INFO inference_run_large [rank 0] rollout 2/4 seed=10001 took 48.5s
2026-04-28 19:01:18,972 INFO inference_run_large [rank 0] rollout 3/4 seed=10002 took 48.6s
2026-04-28 19:01:18,978 INFO inference_run_large [rank 0] rollout 3/4 seed=10002 took 48.6s
2026-04-28 19:02:07,610 INFO inference_run_large [rank 0] rollout 4/4 seed=10003 took 48.6s
2026-04-28 19:02:07,613 INFO inference_run_large [rank 0] wrote /AI4S/Users/howardwang/h204/ecophys/experiments/038_arch_tier_1_2_kernels/results_t12_kernels_seed8/inference_rank_0.json
2026-04-28 19:02:07,617 INFO inference_run_large [rank 0] merged 4 rollouts → /AI4S/Users/howardwang/h204/ecophys/experiments/038_arch_tier_1_2_kernels/results_t12_kernels_seed8/inference_merged.json
2026-04-28 19:02:07,641 INFO inference_run_large [rank 0] rollout 4/4 seed=10003 took 48.6s
2026-04-28 19:02:07,644 INFO inference_run_large [rank 0] wrote /AI4S/Users/howardwang/h204/ecophys/experiments/038_arch_tier_1_2_kernels/results_t12_kernels_seed9/inference_rank_0.json
2026-04-28 19:02:07,648 INFO inference_run_large [rank 0] merged 4 rollouts → /AI4S/Users/howardwang/h204/ecophys/experiments/038_arch_tier_1_2_kernels/results_t12_kernels_seed9/inference_merged.json
  ✓ eval t12_kernels_seed8 201s (card 0)
  ✓ eval t12_kernels_seed9 201s (card 1)

═══ DONE — Tue Apr 28 07:02:08 PM CST 2026 ═══
