2026-04-28 18:26:10,752 INFO train_distributed [dist] rank=0 world_size=1 local_rank=0 cuda_available=True
2026-04-28 18:26:10,795 INFO train_distributed loaded 2,841 returns for spx/2015-2026_daily
2026-04-28 18:26:10,803 INFO train_distributed targets: acf_sq=0.342 leverage_sum=-0.790 hill_alpha=2.68
2026-04-28 18:26:11,456 INFO train_distributed EcoMDSimulator built: 31588 parameters (device=cuda:0)
2026-04-28 18:26:13,804 INFO train_distributed it=   0 lr=1.00e-04 loss_world=51.1633 |∇|=2.81e+04 γ=1.000 T=0.0500
2026-04-28 18:26:23,720 INFO train_distributed it=   9 lr=1.00e-03 loss_world=2.8954 |∇|=6.30e+01 γ=0.996 T=0.0500
2026-04-28 18:26:34,785 INFO train_distributed it=  19 lr=9.95e-04 loss_world=2.4687 |∇|=1.10e+02 γ=0.988 T=0.0500
2026-04-28 18:26:45,814 INFO train_distributed it=  29 lr=9.78e-04 loss_world=6.7566 |∇|=6.36e+02 γ=0.983 T=0.0500
2026-04-28 18:26:56,817 INFO train_distributed it=  39 lr=9.49e-04 loss_world=5.4159 |∇|=1.18e+03 γ=0.978 T=0.0500
2026-04-28 18:27:07,820 INFO train_distributed it=  49 lr=9.10e-04 loss_world=11.1192 |∇|=1.22e+03 γ=0.973 T=0.0500
2026-04-28 18:27:18,796 INFO train_distributed it=  59 lr=8.60e-04 loss_world=2.1244 |∇|=3.12e+02 γ=0.969 T=0.0501
2026-04-28 18:27:29,760 INFO train_distributed it=  69 lr=8.02e-04 loss_world=19.2414 |∇|=2.72e+03 γ=0.966 T=0.0501
2026-04-28 18:27:40,720 INFO train_distributed it=  79 lr=7.38e-04 loss_world=3.1336 |∇|=1.74e+03 γ=0.963 T=0.0501
2026-04-28 18:27:51,679 INFO train_distributed it=  89 lr=6.68e-04 loss_world=7.5406 |∇|=2.29e+03 γ=0.961 T=0.0501
2026-04-28 18:28:02,636 INFO train_distributed it=  99 lr=5.95e-04 loss_world=21.1539 |∇|=3.44e+03 γ=0.959 T=0.0501
2026-04-28 18:28:13,595 INFO train_distributed it= 109 lr=5.20e-04 loss_world=6.8385 |∇|=2.34e+03 γ=0.956 T=0.0501
2026-04-28 18:28:24,545 INFO train_distributed it= 119 lr=4.47e-04 loss_world=22.4590 |∇|=3.94e+03 γ=0.954 T=0.0501
2026-04-28 18:28:35,486 INFO train_distributed it= 129 lr=3.76e-04 loss_world=106.7527 |∇|=3.66e+04 γ=0.951 T=0.0501
2026-04-28 18:28:46,416 INFO train_distributed it= 139 lr=3.10e-04 loss_world=350.3439 |∇|=1.23e+05 γ=0.947 T=0.0501
2026-04-28 18:28:57,345 INFO train_distributed it= 149 lr=2.51e-04 loss_world=647.8868 |∇|=2.95e+05 γ=0.943 T=0.0501
2026-04-28 18:29:08,280 INFO train_distributed it= 159 lr=2.00e-04 loss_world=2498.9934 |∇|=4.27e+06 γ=0.938 T=0.0501
2026-04-28 18:29:19,216 INFO train_distributed it= 169 lr=1.58e-04 loss_world=2474.0752 |∇|=2.48e+06 γ=0.935 T=0.0501
2026-04-28 18:29:30,149 INFO train_distributed it= 179 lr=1.27e-04 loss_world=3662.6760 |∇|=5.56e+06 γ=0.934 T=0.0501
2026-04-28 18:29:41,077 INFO train_distributed it= 189 lr=1.07e-04 loss_world=3754.2346 |∇|=8.40e+06 γ=0.934 T=0.0501
2026-04-28 18:29:52,004 INFO train_distributed it= 199 lr=1.00e-04 loss_world=1489.8376 |∇|=1.19e+06 γ=0.934 T=0.0502
2026-04-28 18:29:52,009 INFO train_distributed training finished in 220.6s (200 iters, world_size=1)
2026-04-28 18:29:52,009 INFO train_distributed [rank 0] peak HBM: alloc=7.09 GB, reserved=7.68 GB
2026-04-28 18:29:52,012 INFO train_distributed [rank 0] wrote experiments/040_arch_tier_2_1_jumps/results_t21_jumps_seed8/training_log.json
