2026-04-29 11:19:58,773 INFO train_distributed [dist] rank=0 world_size=1 local_rank=0 cuda_available=True
2026-04-29 11:19:58,816 INFO train_distributed loaded 2,841 returns for spx/2015-2026_daily
2026-04-29 11:19:58,825 INFO train_distributed targets: acf_sq=0.342 leverage_sum=-0.790 hill_alpha=2.68
2026-04-29 11:19:59,804 INFO train_distributed EcoMDSimulator built: 36316 parameters (device=cuda:0)
2026-04-29 11:20:02,262 INFO train_distributed it=   0 lr=1.00e-04 loss_world=53.1854 |∇|=6.16e+04 γ=1.000 T=0.0500
2026-04-29 11:20:12,860 INFO train_distributed it=   9 lr=1.00e-03 loss_world=2.2307 |∇|=8.54e+01 γ=0.997 T=0.0500
2026-04-29 11:20:24,714 INFO train_distributed it=  19 lr=9.95e-04 loss_world=2.5633 |∇|=1.38e+02 γ=0.992 T=0.0501
2026-04-29 11:20:36,523 INFO train_distributed it=  29 lr=9.78e-04 loss_world=2.5902 |∇|=1.30e+02 γ=0.987 T=0.0501
2026-04-29 11:20:48,315 INFO train_distributed it=  39 lr=9.49e-04 loss_world=4.2895 |∇|=1.06e+03 γ=0.982 T=0.0501
2026-04-29 11:21:00,086 INFO train_distributed it=  49 lr=9.10e-04 loss_world=2.2884 |∇|=1.22e+02 γ=0.978 T=0.0501
2026-04-29 11:21:11,854 INFO train_distributed it=  59 lr=8.60e-04 loss_world=3.6501 |∇|=1.12e+03 γ=0.975 T=0.0502
2026-04-29 11:21:23,610 INFO train_distributed it=  69 lr=8.02e-04 loss_world=1.3446 |∇|=7.99e+03 γ=0.972 T=0.0503
2026-04-29 11:21:35,374 INFO train_distributed it=  79 lr=7.38e-04 loss_world=1.9984 |∇|=1.62e+03 γ=0.970 T=0.0503
2026-04-29 11:21:47,131 INFO train_distributed it=  89 lr=6.68e-04 loss_world=2.2461 |∇|=1.17e+02 γ=0.967 T=0.0503
2026-04-29 11:21:58,881 INFO train_distributed it=  99 lr=5.95e-04 loss_world=2.0112 |∇|=2.19e+02 γ=0.966 T=0.0504
2026-04-29 11:22:10,633 INFO train_distributed it= 109 lr=5.20e-04 loss_world=1.8846 |∇|=6.91e+02 γ=0.965 T=0.0504
2026-04-29 11:22:22,388 INFO train_distributed it= 119 lr=4.47e-04 loss_world=1.8916 |∇|=8.99e+02 γ=0.965 T=0.0504
2026-04-29 11:22:34,141 INFO train_distributed it= 129 lr=3.76e-04 loss_world=1.6032 |∇|=4.95e+02 γ=0.965 T=0.0503
2026-04-29 11:22:45,893 INFO train_distributed it= 139 lr=3.10e-04 loss_world=1.8998 |∇|=2.81e+03 γ=0.965 T=0.0504
2026-04-29 11:22:57,635 INFO train_distributed it= 149 lr=2.51e-04 loss_world=2.4853 |∇|=3.06e+02 γ=0.965 T=0.0504
2026-04-29 11:23:09,388 INFO train_distributed it= 159 lr=2.00e-04 loss_world=1.5922 |∇|=6.67e+03 γ=0.965 T=0.0504
2026-04-29 11:23:21,154 INFO train_distributed it= 169 lr=1.58e-04 loss_world=4.6191 |∇|=8.25e+03 γ=0.965 T=0.0504
2026-04-29 11:23:32,933 INFO train_distributed it= 179 lr=1.27e-04 loss_world=1.9283 |∇|=9.43e+03 γ=0.965 T=0.0504
2026-04-29 11:23:44,697 INFO train_distributed it= 189 lr=1.07e-04 loss_world=1.4021 |∇|=3.51e+02 γ=0.965 T=0.0504
2026-04-29 11:23:56,498 INFO train_distributed it= 199 lr=1.00e-04 loss_world=1.2456 |∇|=1.54e+03 γ=0.965 T=0.0504
2026-04-29 11:23:56,504 INFO train_distributed training finished in 236.7s (200 iters, world_size=1)
2026-04-29 11:23:56,504 INFO train_distributed [rank 0] peak HBM: alloc=7.24 GB, reserved=8.05 GB
2026-04-29 11:23:56,507 INFO train_distributed [rank 0] wrote experiments/045_arch_tier_4_1_megnet/results_t41_megnet_seed3/training_log.json
