2026-04-29 11:37:41,673 INFO train_distributed [dist] rank=0 world_size=1 local_rank=0 cuda_available=True
2026-04-29 11:37:41,717 INFO train_distributed loaded 2,841 returns for spx/2015-2026_daily
2026-04-29 11:37:41,724 INFO train_distributed targets: acf_sq=0.342 leverage_sum=-0.790 hill_alpha=2.68
2026-04-29 11:37:44,684 INFO train_distributed EcoMDSimulator built: 39904 parameters (device=cuda:0)
2026-04-29 11:37:47,174 INFO train_distributed it=   0 lr=1.00e-04 loss_world=19.0507 |∇|=1.00e+04 γ=1.000 T=0.0500
2026-04-29 11:37:57,810 INFO train_distributed it=   9 lr=1.00e-03 loss_world=2.2696 |∇|=1.11e+02 γ=0.997 T=0.0500
2026-04-29 11:38:09,751 INFO train_distributed it=  19 lr=9.95e-04 loss_world=2.2171 |∇|=1.87e+02 γ=0.991 T=0.0501
2026-04-29 11:38:21,703 INFO train_distributed it=  29 lr=9.78e-04 loss_world=8.9033 |∇|=1.45e+03 γ=0.987 T=0.0501
2026-04-29 11:38:33,641 INFO train_distributed it=  39 lr=9.49e-04 loss_world=2.4199 |∇|=2.10e+02 γ=0.981 T=0.0501
2026-04-29 11:38:45,575 INFO train_distributed it=  49 lr=9.10e-04 loss_world=2.6854 |∇|=1.50e+02 γ=0.975 T=0.0501
2026-04-29 11:38:57,505 INFO train_distributed it=  59 lr=8.60e-04 loss_world=9.0343 |∇|=1.50e+03 γ=0.969 T=0.0501
2026-04-29 11:39:09,439 INFO train_distributed it=  69 lr=8.02e-04 loss_world=2.7431 |∇|=1.32e+02 γ=0.963 T=0.0501
2026-04-29 11:39:21,373 INFO train_distributed it=  79 lr=7.38e-04 loss_world=2.6771 |∇|=1.14e+02 γ=0.959 T=0.0501
2026-04-29 11:39:33,299 INFO train_distributed it=  89 lr=6.68e-04 loss_world=2.3006 |∇|=1.46e+02 γ=0.957 T=0.0501
2026-04-29 11:39:45,238 INFO train_distributed it=  99 lr=5.95e-04 loss_world=1.9683 |∇|=2.02e+02 γ=0.955 T=0.0502
2026-04-29 11:39:57,173 INFO train_distributed it= 109 lr=5.20e-04 loss_world=1.6343 |∇|=6.69e+02 γ=0.954 T=0.0502
2026-04-29 11:40:09,103 INFO train_distributed it= 119 lr=4.47e-04 loss_world=1.7255 |∇|=8.08e+01 γ=0.954 T=0.0502
2026-04-29 11:40:21,045 INFO train_distributed it= 129 lr=3.76e-04 loss_world=1.7903 |∇|=4.69e+02 γ=0.954 T=0.0502
2026-04-29 11:40:32,969 INFO train_distributed it= 139 lr=3.10e-04 loss_world=1.0860 |∇|=5.97e+02 γ=0.954 T=0.0502
2026-04-29 11:40:44,892 INFO train_distributed it= 149 lr=2.51e-04 loss_world=1.3553 |∇|=3.74e+02 γ=0.954 T=0.0502
2026-04-29 11:40:56,818 INFO train_distributed it= 159 lr=2.00e-04 loss_world=1.0587 |∇|=1.29e+02 γ=0.954 T=0.0502
2026-04-29 11:41:08,749 INFO train_distributed it= 169 lr=1.58e-04 loss_world=1.3188 |∇|=3.29e+02 γ=0.954 T=0.0502
2026-04-29 11:41:20,670 INFO train_distributed it= 179 lr=1.27e-04 loss_world=1.4085 |∇|=3.83e+02 γ=0.954 T=0.0502
2026-04-29 11:41:32,590 INFO train_distributed it= 189 lr=1.07e-04 loss_world=1.1759 |∇|=2.50e+03 γ=0.954 T=0.0502
2026-04-29 11:41:44,522 INFO train_distributed it= 199 lr=1.00e-04 loss_world=0.9565 |∇|=4.07e+03 γ=0.954 T=0.0502
2026-04-29 11:41:44,529 INFO train_distributed training finished in 239.8s (200 iters, world_size=1)
2026-04-29 11:41:44,529 INFO train_distributed [rank 0] peak HBM: alloc=7.25 GB, reserved=8.06 GB
2026-04-29 11:41:44,532 INFO train_distributed [rank 0] wrote experiments/046_arch_megnet_pairs/results_p_4_1__1_1_seed3/training_log.json
