2026-04-29 15:57:39,765 INFO train_distributed [dist] rank=0 world_size=1 local_rank=0 cuda_available=True
2026-04-29 15:57:39,810 INFO train_distributed loaded 2,841 returns for spx/2015-2026_daily
2026-04-29 15:57:39,817 INFO train_distributed targets: acf_sq=0.342 leverage_sum=-0.790 hill_alpha=2.68
2026-04-29 15:57:40,529 INFO train_distributed EcoMDSimulator built: 34796 parameters (device=cuda:0)
2026-04-29 15:57:44,328 INFO train_distributed it=   0 lr=1.00e-04 loss_world=2.6724 |∇|=5.86e+01 γ=1.000 T=0.0500
2026-04-29 15:58:06,743 INFO train_distributed it=   9 lr=1.00e-03 loss_world=1.4748 |∇|=3.38e+01 γ=0.999 T=0.0501
2026-04-29 15:58:31,607 INFO train_distributed it=  19 lr=9.95e-04 loss_world=0.9140 |∇|=1.18e+02 γ=0.998 T=0.0503
2026-04-29 15:58:56,471 INFO train_distributed it=  29 lr=9.78e-04 loss_world=0.9528 |∇|=1.76e+01 γ=0.996 T=0.0504
2026-04-29 15:59:21,323 INFO train_distributed it=  39 lr=9.49e-04 loss_world=1.2860 |∇|=5.03e+00 γ=0.996 T=0.0504
2026-04-29 15:59:46,190 INFO train_distributed it=  49 lr=9.10e-04 loss_world=0.9294 |∇|=5.04e+01 γ=0.995 T=0.0503
2026-04-29 16:00:11,045 INFO train_distributed it=  59 lr=8.60e-04 loss_world=1.0139 |∇|=1.70e+01 γ=0.992 T=0.0503
2026-04-29 16:00:35,900 INFO train_distributed it=  69 lr=8.02e-04 loss_world=1.0537 |∇|=2.99e+00 γ=0.989 T=0.0504
2026-04-29 16:01:00,762 INFO train_distributed it=  79 lr=7.38e-04 loss_world=1.0855 |∇|=1.34e+01 γ=0.987 T=0.0504
2026-04-29 16:01:25,615 INFO train_distributed it=  89 lr=6.68e-04 loss_world=2.4043 |∇|=2.06e+02 γ=0.987 T=0.0504
2026-04-29 16:01:50,464 INFO train_distributed it=  99 lr=5.95e-04 loss_world=0.7710 |∇|=1.84e+01 γ=0.985 T=0.0502
2026-04-29 16:02:15,318 INFO train_distributed it= 109 lr=5.20e-04 loss_world=1.1976 |∇|=8.07e+00 γ=0.987 T=0.0502
2026-04-29 16:02:40,174 INFO train_distributed it= 119 lr=4.47e-04 loss_world=2.6413 |∇|=8.31e+03 γ=0.989 T=0.0502
2026-04-29 16:03:05,021 INFO train_distributed it= 129 lr=3.76e-04 loss_world=1.7027 |∇|=8.81e+02 γ=0.993 T=0.0502
2026-04-29 16:03:29,878 INFO train_distributed it= 139 lr=3.10e-04 loss_world=1.0432 |∇|=2.19e+02 γ=0.995 T=0.0502
2026-04-29 16:03:54,728 INFO train_distributed it= 149 lr=2.51e-04 loss_world=0.9949 |∇|=1.41e+02 γ=0.995 T=0.0502
2026-04-29 16:04:19,591 INFO train_distributed it= 159 lr=2.00e-04 loss_world=1.0665 |∇|=8.54e+01 γ=0.995 T=0.0502
2026-04-29 16:04:44,447 INFO train_distributed it= 169 lr=1.58e-04 loss_world=1.1465 |∇|=6.87e+01 γ=0.996 T=0.0502
2026-04-29 16:05:09,306 INFO train_distributed it= 179 lr=1.27e-04 loss_world=1.4587 |∇|=3.08e+01 γ=0.996 T=0.0502
2026-04-29 16:05:34,202 INFO train_distributed it= 189 lr=1.07e-04 loss_world=1.1996 |∇|=8.29e+01 γ=0.996 T=0.0502
2026-04-29 16:05:59,065 INFO train_distributed it= 199 lr=1.00e-04 loss_world=1.6774 |∇|=1.81e+02 γ=0.996 T=0.0502
2026-04-29 16:05:59,071 INFO train_distributed training finished in 498.5s (200 iters, world_size=1)
2026-04-29 16:05:59,071 INFO train_distributed [rank 0] peak HBM: alloc=9.09 GB, reserved=9.90 GB
2026-04-29 16:05:59,074 INFO train_distributed [rank 0] wrote experiments/043_arch_pairs/results_p_1_1__1_3_seed1/training_log.json
