2026-04-28 18:40:12,034 INFO train_distributed [dist] rank=0 world_size=1 local_rank=0 cuda_available=True
2026-04-28 18:40:12,080 INFO train_distributed loaded 2,841 returns for spx/2015-2026_daily
2026-04-28 18:40:12,100 INFO train_distributed targets: acf_sq=0.342 leverage_sum=-0.790 hill_alpha=2.68
2026-04-28 18:40:16,150 INFO train_distributed EcoMDSimulator built: 33043 parameters (device=cuda:0)
2026-04-28 18:40:19,665 INFO train_distributed it=   0 lr=1.00e-04 loss_world=4.1643 |∇|=3.35e+02 γ=1.000 T=0.0500
2026-04-28 18:40:39,754 INFO train_distributed it=   9 lr=1.00e-03 loss_world=2.6277 |∇|=4.80e+01 γ=1.000 T=0.0500
2026-04-28 18:41:02,149 INFO train_distributed it=  19 lr=9.95e-04 loss_world=2.9220 |∇|=2.06e+02 γ=0.996 T=0.0500
2026-04-28 18:41:24,616 INFO train_distributed it=  29 lr=9.78e-04 loss_world=5.2406 |∇|=2.81e+03 γ=0.994 T=0.0500
2026-04-28 18:41:47,105 INFO train_distributed it=  39 lr=9.49e-04 loss_world=4.4208 |∇|=1.90e+03 γ=0.992 T=0.0499
2026-04-28 18:42:09,598 INFO train_distributed it=  49 lr=9.10e-04 loss_world=2.2573 |∇|=3.43e+03 γ=0.991 T=0.0500
2026-04-28 18:42:32,088 INFO train_distributed it=  59 lr=8.60e-04 loss_world=2.3776 |∇|=5.50e+02 γ=0.991 T=0.0500
2026-04-28 18:42:54,586 INFO train_distributed it=  69 lr=8.02e-04 loss_world=1.4584 |∇|=2.13e+02 γ=0.990 T=0.0501
2026-04-28 18:43:17,061 INFO train_distributed it=  79 lr=7.38e-04 loss_world=1.2666 |∇|=3.50e+01 γ=0.990 T=0.0502
2026-04-28 18:43:39,532 INFO train_distributed it=  89 lr=6.68e-04 loss_world=1.2932 |∇|=7.29e+00 γ=0.990 T=0.0502
2026-04-28 18:44:02,003 INFO train_distributed it=  99 lr=5.95e-04 loss_world=1.1274 |∇|=5.26e+01 γ=0.990 T=0.0502
2026-04-28 18:44:24,482 INFO train_distributed it= 109 lr=5.20e-04 loss_world=1.1541 |∇|=9.11e+01 γ=0.990 T=0.0502
2026-04-28 18:44:46,956 INFO train_distributed it= 119 lr=4.47e-04 loss_world=1.2702 |∇|=7.40e+00 γ=0.990 T=0.0503
2026-04-28 18:45:09,427 INFO train_distributed it= 129 lr=3.76e-04 loss_world=1.3061 |∇|=5.19e+00 γ=0.990 T=0.0503
2026-04-28 18:45:31,901 INFO train_distributed it= 139 lr=3.10e-04 loss_world=1.1408 |∇|=1.43e+01 γ=0.990 T=0.0503
2026-04-28 18:45:54,374 INFO train_distributed it= 149 lr=2.51e-04 loss_world=1.1672 |∇|=1.16e+01 γ=0.990 T=0.0503
2026-04-28 18:46:16,848 INFO train_distributed it= 159 lr=2.00e-04 loss_world=1.1211 |∇|=1.49e+01 γ=0.990 T=0.0503
2026-04-28 18:46:39,316 INFO train_distributed it= 169 lr=1.58e-04 loss_world=1.1229 |∇|=1.53e+01 γ=0.990 T=0.0503
2026-04-28 18:47:01,779 INFO train_distributed it= 179 lr=1.27e-04 loss_world=1.1216 |∇|=1.62e+01 γ=0.990 T=0.0503
2026-04-28 18:47:24,244 INFO train_distributed it= 189 lr=1.07e-04 loss_world=1.1366 |∇|=1.44e+01 γ=0.990 T=0.0503
2026-04-28 18:47:46,711 INFO train_distributed it= 199 lr=1.00e-04 loss_world=1.1251 |∇|=1.57e+01 γ=0.990 T=0.0503
2026-04-28 18:47:46,716 INFO train_distributed training finished in 450.6s (200 iters, world_size=1)
2026-04-28 18:47:46,716 INFO train_distributed [rank 0] peak HBM: alloc=7.45 GB, reserved=8.04 GB
2026-04-28 18:47:46,719 INFO train_distributed [rank 0] wrote experiments/038_arch_tier_1_2_kernels/results_t12_kernels_seed5/training_log.json
