[e2-preflight] episodes built: 1
[e2-preflight] episodes built: 12
[e2-preflight] episodes built: 24
[e2-preflight] episodes built: 36
[e2-preflight] episodes built: 48
[e2-preflight] episodes built: 60
[e2-preflight] episodes built: 72
[e2-preflight] episodes built: 84
[e2-preflight] episodes built: 96
[e2-preflight] episodes built: 108
[e2-preflight] episodes built: 120
[e2-preflight] episodes built: 132
[e2-preflight] episodes built: 144
[e2-preflight] episodes built: 156
[e2-preflight] episodes built: 168
[e2-preflight] episodes built: 180
[e2-preflight] episodes built: 192

[e2-preflight] conservative rule (ci_upper, threshold 0.10): 16
[e2-preflight] point estimate variant: 8
[e2-preflight]   c_lat_exec: K=16 CI95 ratio_vs_between = [0.007036708815854022, 0.01770354586654788]
[e2-preflight]   alloc_hhi_mean: K=16 CI95 ratio_vs_between = [0.019778359984027764, 0.05443738935722766]
[e2-preflight]   alloc_l2_mean: K=16 CI95 ratio_vs_between = [0.0033405493793807607, 0.015453152694077288]
[e2-preflight]   alloc_proprata_dev_mean: K=16 CI95 ratio_vs_between = [0.026966257100513195, 0.08150623605284184]
[e2-preflight]   n_maker_orders_filled: K=16 CI95 ratio_vs_between = [0.0010609399125692434, 0.0038546694246928467]

[e2-preflight] STOP-CLASS FLAG: not raised
[e2-preflight] invariants (all must be 0): {'fifo_payload_projection_identity': 0, 'request_boundary_aggregate_hash_identity': 0, 'ru_accepted_stream_identity': 0, 'cleared_volume_matches_plan': 0, 'zero_rejections': 0, 'ru_null_stat_draw_variance_zero': 0, 'note': 'counts are failure counts; all must be 0'}
[e2-preflight] elapsed 642.4s; written to /root/ecophys-remote/experiments/reexploration/e2_preflight_rerun_20260907/results.json
