2026-04-28 18:08:24,428 INFO train_distributed [dist] rank=0 world_size=1 local_rank=0 cuda_available=True
2026-04-28 18:08:24,471 INFO train_distributed loaded 2,841 returns for spx/2015-2026_daily
2026-04-28 18:08:24,479 INFO train_distributed targets: acf_sq=0.342 leverage_sum=-0.790 hill_alpha=2.68
2026-04-28 18:08:26,349 INFO train_distributed EcoMDSimulator built: 34408 parameters (device=cuda:0)
2026-04-28 18:08:28,799 INFO train_distributed it=   0 lr=1.00e-04 loss_world=18.9084 |∇|=5.65e+03 γ=1.000 T=0.0500
2026-04-28 18:08:38,790 INFO train_distributed it=   9 lr=1.00e-03 loss_world=5.9437 |∇|=7.40e+02 γ=0.997 T=0.0500
2026-04-28 18:08:49,993 INFO train_distributed it=  19 lr=9.95e-04 loss_world=2.5937 |∇|=2.13e+02 γ=0.990 T=0.0499
2026-04-28 18:09:01,202 INFO train_distributed it=  29 lr=9.78e-04 loss_world=7.0018 |∇|=9.17e+02 γ=0.984 T=0.0499
2026-04-28 18:09:12,404 INFO train_distributed it=  39 lr=9.49e-04 loss_world=2.6575 |∇|=2.74e+02 γ=0.977 T=0.0499
2026-04-28 18:09:23,596 INFO train_distributed it=  49 lr=9.10e-04 loss_world=4.3902 |∇|=2.14e+03 γ=0.971 T=0.0500
2026-04-28 18:09:34,790 INFO train_distributed it=  59 lr=8.60e-04 loss_world=2.2463 |∇|=2.74e+02 γ=0.966 T=0.0500
2026-04-28 18:09:45,981 INFO train_distributed it=  69 lr=8.02e-04 loss_world=2.4316 |∇|=4.08e+02 γ=0.964 T=0.0500
2026-04-28 18:09:57,179 INFO train_distributed it=  79 lr=7.38e-04 loss_world=1.2716 |∇|=1.00e+04 γ=0.962 T=0.0500
2026-04-28 18:10:08,375 INFO train_distributed it=  89 lr=6.68e-04 loss_world=2.5826 |∇|=8.53e+02 γ=0.960 T=0.0500
2026-04-28 18:10:19,568 INFO train_distributed it=  99 lr=5.95e-04 loss_world=2.3445 |∇|=3.99e+02 γ=0.959 T=0.0500
2026-04-28 18:10:30,756 INFO train_distributed it= 109 lr=5.20e-04 loss_world=2.6079 |∇|=3.16e+02 γ=0.959 T=0.0500
2026-04-28 18:10:41,947 INFO train_distributed it= 119 lr=4.47e-04 loss_world=1.2826 |∇|=1.06e+04 γ=0.958 T=0.0500
2026-04-28 18:10:53,135 INFO train_distributed it= 129 lr=3.76e-04 loss_world=2.0614 |∇|=9.81e+02 γ=0.958 T=0.0500
2026-04-28 18:11:04,329 INFO train_distributed it= 139 lr=3.10e-04 loss_world=2.4967 |∇|=5.62e+02 γ=0.958 T=0.0500
2026-04-28 18:11:15,530 INFO train_distributed it= 149 lr=2.51e-04 loss_world=5.1206 |∇|=2.20e+04 γ=0.958 T=0.0500
2026-04-28 18:11:26,716 INFO train_distributed it= 159 lr=2.00e-04 loss_world=1.7659 |∇|=1.98e+04 γ=0.958 T=0.0500
2026-04-28 18:11:37,904 INFO train_distributed it= 169 lr=1.58e-04 loss_world=1.9588 |∇|=1.94e+03 γ=0.958 T=0.0500
2026-04-28 18:11:49,091 INFO train_distributed it= 179 lr=1.27e-04 loss_world=1.9860 |∇|=2.44e+03 γ=0.958 T=0.0500
2026-04-28 18:12:00,283 INFO train_distributed it= 189 lr=1.07e-04 loss_world=2.4584 |∇|=9.82e+03 γ=0.957 T=0.0500
2026-04-28 18:12:11,482 INFO train_distributed it= 199 lr=1.00e-04 loss_world=2.2732 |∇|=6.72e+03 γ=0.957 T=0.0500
2026-04-28 18:12:11,488 INFO train_distributed training finished in 225.1s (200 iters, world_size=1)
2026-04-28 18:12:11,488 INFO train_distributed [rank 0] peak HBM: alloc=7.10 GB, reserved=7.69 GB
2026-04-28 18:12:11,491 INFO train_distributed [rank 0] wrote experiments/037_arch_tier_1_1_memory/results_t11_memory_seed1/training_log.json
