2026-04-29 11:19:57,246 INFO train_distributed [dist] rank=0 world_size=1 local_rank=0 cuda_available=True
2026-04-29 11:19:57,292 INFO train_distributed loaded 2,841 returns for spx/2015-2026_daily
2026-04-29 11:19:57,300 INFO train_distributed targets: acf_sq=0.342 leverage_sum=-0.790 hill_alpha=2.68
2026-04-29 11:19:59,711 INFO train_distributed EcoMDSimulator built: 36316 parameters (device=cuda:0)
2026-04-29 11:20:02,163 INFO train_distributed it=   0 lr=1.00e-04 loss_world=42.4417 |∇|=1.40e+04 γ=1.000 T=0.0500
2026-04-29 11:20:12,524 INFO train_distributed it=   9 lr=1.00e-03 loss_world=4.3116 |∇|=2.82e+02 γ=0.996 T=0.0499
2026-04-29 11:20:24,177 INFO train_distributed it=  19 lr=9.95e-04 loss_world=2.4499 |∇|=8.94e+01 γ=0.987 T=0.0500
2026-04-29 11:20:35,829 INFO train_distributed it=  29 lr=9.78e-04 loss_world=2.1223 |∇|=1.31e+02 γ=0.981 T=0.0500
2026-04-29 11:20:47,483 INFO train_distributed it=  39 lr=9.49e-04 loss_world=2.7910 |∇|=1.49e+02 γ=0.975 T=0.0499
2026-04-29 11:20:59,139 INFO train_distributed it=  49 lr=9.10e-04 loss_world=2.7472 |∇|=1.71e+02 γ=0.969 T=0.0499
2026-04-29 11:21:10,796 INFO train_distributed it=  59 lr=8.60e-04 loss_world=2.5423 |∇|=1.51e+02 γ=0.965 T=0.0499
2026-04-29 11:21:22,436 INFO train_distributed it=  69 lr=8.02e-04 loss_world=1.9742 |∇|=1.42e+02 γ=0.961 T=0.0499
2026-04-29 11:21:34,075 INFO train_distributed it=  79 lr=7.38e-04 loss_world=0.9314 |∇|=1.32e+02 γ=0.959 T=0.0499
2026-04-29 11:21:45,716 INFO train_distributed it=  89 lr=6.68e-04 loss_world=10.9885 |∇|=1.82e+03 γ=0.959 T=0.0499
2026-04-29 11:21:57,353 INFO train_distributed it=  99 lr=5.95e-04 loss_world=2.9645 |∇|=1.17e+03 γ=0.958 T=0.0499
2026-04-29 11:22:08,994 INFO train_distributed it= 109 lr=5.20e-04 loss_world=1.2869 |∇|=1.11e+02 γ=0.958 T=0.0499
2026-04-29 11:22:20,629 INFO train_distributed it= 119 lr=4.47e-04 loss_world=2.1506 |∇|=8.68e+02 γ=0.958 T=0.0499
2026-04-29 11:22:32,269 INFO train_distributed it= 129 lr=3.76e-04 loss_world=1.2125 |∇|=1.21e+02 γ=0.957 T=0.0498
2026-04-29 11:22:43,913 INFO train_distributed it= 139 lr=3.10e-04 loss_world=1.1690 |∇|=1.53e+02 γ=0.957 T=0.0498
2026-04-29 11:22:55,546 INFO train_distributed it= 149 lr=2.51e-04 loss_world=1.0407 |∇|=5.98e+02 γ=0.957 T=0.0498
2026-04-29 11:23:07,190 INFO train_distributed it= 159 lr=2.00e-04 loss_world=1.1561 |∇|=1.16e+02 γ=0.957 T=0.0498
2026-04-29 11:23:18,826 INFO train_distributed it= 169 lr=1.58e-04 loss_world=1.1635 |∇|=1.10e+02 γ=0.957 T=0.0498
2026-04-29 11:23:30,459 INFO train_distributed it= 179 lr=1.27e-04 loss_world=1.0906 |∇|=3.87e+02 γ=0.957 T=0.0498
2026-04-29 11:23:42,093 INFO train_distributed it= 189 lr=1.07e-04 loss_world=1.3232 |∇|=4.03e+02 γ=0.957 T=0.0498
2026-04-29 11:23:53,736 INFO train_distributed it= 199 lr=1.00e-04 loss_world=1.1474 |∇|=2.76e+02 γ=0.957 T=0.0498
2026-04-29 11:23:53,742 INFO train_distributed training finished in 234.0s (200 iters, world_size=1)
2026-04-29 11:23:53,742 INFO train_distributed [rank 0] peak HBM: alloc=7.24 GB, reserved=8.05 GB
2026-04-29 11:23:53,745 INFO train_distributed [rank 0] wrote experiments/045_arch_tier_4_1_megnet/results_t41_megnet_seed1/training_log.json
