2026-04-28 18:37:10,884 INFO train_distributed [dist] rank=0 world_size=1 local_rank=0 cuda_available=True
2026-04-28 18:37:10,928 INFO train_distributed loaded 2,841 returns for spx/2015-2026_daily
2026-04-28 18:37:10,936 INFO train_distributed targets: acf_sq=0.342 leverage_sum=-0.790 hill_alpha=2.68
2026-04-28 18:37:11,733 INFO train_distributed EcoMDSimulator built: 105316 parameters (device=cuda:0)
2026-04-28 18:37:13,191 INFO train_distributed it=   0 lr=1.00e-04 loss_world=0.6796 |∇|=1.65e+00 γ=1.000 T=0.0500
2026-04-28 18:37:15,587 INFO train_distributed it=   9 lr=1.00e-03 loss_world=0.8906 |∇|=2.39e+00 γ=1.001 T=0.0500
2026-04-28 18:37:18,256 INFO train_distributed it=  19 lr=9.95e-04 loss_world=0.9295 |∇|=2.86e+00 γ=1.000 T=0.0499
2026-04-28 18:37:20,929 INFO train_distributed it=  29 lr=9.78e-04 loss_world=0.9152 |∇|=4.22e+00 γ=1.005 T=0.0502
2026-04-28 18:37:23,601 INFO train_distributed it=  39 lr=9.49e-04 loss_world=0.7984 |∇|=8.69e+00 γ=1.007 T=0.0502
2026-04-28 18:37:26,277 INFO train_distributed it=  49 lr=9.10e-04 loss_world=1.0982 |∇|=1.64e+00 γ=1.013 T=0.0505
2026-04-28 18:37:28,945 INFO train_distributed it=  59 lr=8.60e-04 loss_world=1.2211 |∇|=4.07e+00 γ=1.017 T=0.0507
2026-04-28 18:37:31,611 INFO train_distributed it=  69 lr=8.02e-04 loss_world=0.7749 |∇|=8.60e+00 γ=1.019 T=0.0510
2026-04-28 18:37:34,283 INFO train_distributed it=  79 lr=7.38e-04 loss_world=0.7893 |∇|=4.12e+00 γ=1.021 T=0.0511
2026-04-28 18:37:36,938 INFO train_distributed it=  89 lr=6.68e-04 loss_world=1.0008 |∇|=1.82e+00 γ=1.022 T=0.0511
2026-04-28 18:37:39,605 INFO train_distributed it=  99 lr=5.95e-04 loss_world=0.7253 |∇|=1.38e+00 γ=1.020 T=0.0510
2026-04-28 18:37:42,265 INFO train_distributed it= 109 lr=5.20e-04 loss_world=0.8702 |∇|=1.18e+00 γ=1.019 T=0.0509
2026-04-28 18:37:44,936 INFO train_distributed it= 119 lr=4.47e-04 loss_world=0.7402 |∇|=2.62e+00 γ=1.019 T=0.0510
2026-04-28 18:37:47,639 INFO train_distributed it= 129 lr=3.76e-04 loss_world=0.7317 |∇|=2.35e+00 γ=1.020 T=0.0511
2026-04-28 18:37:50,305 INFO train_distributed it= 139 lr=3.10e-04 loss_world=0.8365 |∇|=1.52e+00 γ=1.020 T=0.0511
2026-04-28 18:37:52,971 INFO train_distributed it= 149 lr=2.51e-04 loss_world=0.8737 |∇|=1.39e+00 γ=1.019 T=0.0510
2026-04-28 18:37:55,628 INFO train_distributed it= 159 lr=2.00e-04 loss_world=1.2947 |∇|=3.02e+00 γ=1.019 T=0.0510
2026-04-28 18:37:58,291 INFO train_distributed it= 169 lr=1.58e-04 loss_world=0.7575 |∇|=1.47e+00 γ=1.020 T=0.0510
2026-04-28 18:38:00,963 INFO train_distributed it= 179 lr=1.27e-04 loss_world=0.8801 |∇|=1.81e+00 γ=1.019 T=0.0510
2026-04-28 18:38:03,656 INFO train_distributed it= 189 lr=1.07e-04 loss_world=1.6539 |∇|=3.81e+00 γ=1.019 T=0.0510
2026-04-28 18:38:06,330 INFO train_distributed it= 199 lr=1.00e-04 loss_world=0.6726 |∇|=3.42e+00 γ=1.020 T=0.0511
2026-04-28 18:38:06,337 INFO train_distributed training finished in 54.6s (200 iters, world_size=1)
2026-04-28 18:38:06,337 INFO train_distributed [rank 0] peak HBM: alloc=0.59 GB, reserved=0.77 GB
2026-04-28 18:38:06,340 INFO train_distributed [rank 0] wrote experiments/042_arch_tier_3_1_isab/results_t31_isab_seed8/training_log.json
