═══ PHASE RUN — Tue Apr 28 06:08:17 PM CST 2026 ═══
  CONFIG_DIR=experiments/037_arch_tier_1_1_memory NPROC=1 PARALLEL=8 SKIP_DONE=1
  Configs: 10

═ TRAIN t11_memory_seed0 (card 0) ═ 18:08:17

═ TRAIN t11_memory_seed1 (card 1) ═ 18:08:17

═ TRAIN t11_memory_seed2 (card 2) ═ 18:08:17

═ TRAIN t11_memory_seed3 (card 3) ═ 18:08:17

═ TRAIN t11_memory_seed4 (card 4) ═ 18:08:17

═ TRAIN t11_memory_seed5 (card 5) ═ 18:08:17

═ TRAIN t11_memory_seed6 (card 6) ═ 18:08:17

═ TRAIN t11_memory_seed7 (card 7) ═ 18:08:17
2026-04-28 18:08:21,748 INFO train_distributed [dist] rank=0 world_size=1 local_rank=0 cuda_available=True
2026-04-28 18:08:21,794 INFO train_distributed loaded 2,841 returns for spx/2015-2026_daily
2026-04-28 18:08:21,801 INFO train_distributed targets: acf_sq=0.342 leverage_sum=-0.790 hill_alpha=2.68
2026-04-28 18:08:23,438 INFO train_distributed [dist] rank=0 world_size=1 local_rank=0 cuda_available=True
2026-04-28 18:08:23,484 INFO train_distributed loaded 2,841 returns for spx/2015-2026_daily
2026-04-28 18:08:23,491 INFO train_distributed targets: acf_sq=0.342 leverage_sum=-0.790 hill_alpha=2.68
2026-04-28 18:08:23,662 INFO train_distributed [dist] rank=0 world_size=1 local_rank=0 cuda_available=True
2026-04-28 18:08:23,707 INFO train_distributed loaded 2,841 returns for spx/2015-2026_daily
2026-04-28 18:08:23,714 INFO train_distributed targets: acf_sq=0.342 leverage_sum=-0.790 hill_alpha=2.68
2026-04-28 18:08:24,064 INFO train_distributed [dist] rank=0 world_size=1 local_rank=0 cuda_available=True
2026-04-28 18:08:24,108 INFO train_distributed loaded 2,841 returns for spx/2015-2026_daily
2026-04-28 18:08:24,115 INFO train_distributed targets: acf_sq=0.342 leverage_sum=-0.790 hill_alpha=2.68
2026-04-28 18:08:24,428 INFO train_distributed [dist] rank=0 world_size=1 local_rank=0 cuda_available=True
2026-04-28 18:08:24,471 INFO train_distributed loaded 2,841 returns for spx/2015-2026_daily
2026-04-28 18:08:24,479 INFO train_distributed targets: acf_sq=0.342 leverage_sum=-0.790 hill_alpha=2.68
2026-04-28 18:08:24,945 INFO train_distributed [dist] rank=0 world_size=1 local_rank=0 cuda_available=True
2026-04-28 18:08:24,988 INFO train_distributed loaded 2,841 returns for spx/2015-2026_daily
2026-04-28 18:08:24,995 INFO train_distributed targets: acf_sq=0.342 leverage_sum=-0.790 hill_alpha=2.68
2026-04-28 18:08:25,182 INFO train_distributed [dist] rank=0 world_size=1 local_rank=0 cuda_available=True
2026-04-28 18:08:25,223 INFO train_distributed loaded 2,841 returns for spx/2015-2026_daily
2026-04-28 18:08:25,230 INFO train_distributed targets: acf_sq=0.342 leverage_sum=-0.790 hill_alpha=2.68
2026-04-28 18:08:25,674 INFO train_distributed [dist] rank=0 world_size=1 local_rank=0 cuda_available=True
2026-04-28 18:08:25,715 INFO train_distributed loaded 2,841 returns for spx/2015-2026_daily
2026-04-28 18:08:25,723 INFO train_distributed targets: acf_sq=0.342 leverage_sum=-0.790 hill_alpha=2.68
2026-04-28 18:08:26,333 INFO train_distributed EcoMDSimulator built: 34408 parameters (device=cuda:0)
2026-04-28 18:08:26,346 INFO train_distributed EcoMDSimulator built: 34408 parameters (device=cuda:0)
2026-04-28 18:08:26,349 INFO train_distributed EcoMDSimulator built: 34408 parameters (device=cuda:0)
2026-04-28 18:08:26,349 INFO train_distributed EcoMDSimulator built: 34408 parameters (device=cuda:0)
2026-04-28 18:08:26,369 INFO train_distributed EcoMDSimulator built: 34408 parameters (device=cuda:0)
2026-04-28 18:08:26,369 INFO train_distributed EcoMDSimulator built: 34408 parameters (device=cuda:0)
2026-04-28 18:08:26,369 INFO train_distributed EcoMDSimulator built: 34408 parameters (device=cuda:0)
2026-04-28 18:08:26,481 INFO train_distributed EcoMDSimulator built: 34408 parameters (device=cuda:0)
2026-04-28 18:08:28,746 INFO train_distributed it=   0 lr=1.00e-04 loss_world=6.4378 |∇|=2.88e+03 γ=1.000 T=0.0500
2026-04-28 18:08:28,746 INFO train_distributed it=   0 lr=1.00e-04 loss_world=100.9024 |∇|=4.07e+04 γ=1.000 T=0.0500
2026-04-28 18:08:28,750 INFO train_distributed it=   0 lr=1.00e-04 loss_world=2.6222 |∇|=4.06e+02 γ=1.000 T=0.0500
2026-04-28 18:08:28,798 INFO train_distributed it=   0 lr=1.00e-04 loss_world=20.4248 |∇|=1.06e+03 γ=1.000 T=0.0500
2026-04-28 18:08:28,799 INFO train_distributed it=   0 lr=1.00e-04 loss_world=18.9084 |∇|=5.65e+03 γ=1.000 T=0.0500
2026-04-28 18:08:28,809 INFO train_distributed it=   0 lr=1.00e-04 loss_world=12.9237 |∇|=1.54e+03 γ=1.000 T=0.0500
2026-04-28 18:08:28,821 INFO train_distributed it=   0 lr=1.00e-04 loss_world=1269.0442 |∇|=8.16e+05 γ=1.000 T=0.0500
2026-04-28 18:08:28,854 INFO train_distributed it=   0 lr=1.00e-04 loss_world=14.2759 |∇|=6.69e+02 γ=1.000 T=0.0500
2026-04-28 18:08:38,693 INFO train_distributed it=   9 lr=1.00e-03 loss_world=2.2411 |∇|=1.09e+02 γ=1.000 T=0.0500
2026-04-28 18:08:38,724 INFO train_distributed it=   9 lr=1.00e-03 loss_world=1.6707 |∇|=3.65e+02 γ=0.998 T=0.0500
2026-04-28 18:08:38,738 INFO train_distributed it=   9 lr=1.00e-03 loss_world=1.3909 |∇|=9.96e+01 γ=1.003 T=0.0500
2026-04-28 18:08:38,780 INFO train_distributed it=   9 lr=1.00e-03 loss_world=1.9070 |∇|=5.35e+01 γ=0.996 T=0.0501
2026-04-28 18:08:38,782 INFO train_distributed it=   9 lr=1.00e-03 loss_world=5.7032 |∇|=2.95e+02 γ=0.997 T=0.0501
2026-04-28 18:08:38,790 INFO train_distributed it=   9 lr=1.00e-03 loss_world=5.9437 |∇|=7.40e+02 γ=0.997 T=0.0500
2026-04-28 18:08:38,793 INFO train_distributed it=   9 lr=1.00e-03 loss_world=14.5035 |∇|=5.34e+02 γ=0.995 T=0.0498
2026-04-28 18:08:38,830 INFO train_distributed it=   9 lr=1.00e-03 loss_world=1.9706 |∇|=9.48e+02 γ=0.995 T=0.0500
2026-04-28 18:08:49,884 INFO train_distributed it=  19 lr=9.95e-04 loss_world=1.7947 |∇|=4.53e+02 γ=0.993 T=0.0500
2026-04-28 18:08:49,888 INFO train_distributed it=  19 lr=9.95e-04 loss_world=1.2919 |∇|=8.41e+01 γ=1.002 T=0.0500
2026-04-28 18:08:49,921 INFO train_distributed it=  19 lr=9.95e-04 loss_world=5.1358 |∇|=1.04e+03 γ=0.994 T=0.0499
2026-04-28 18:08:49,977 INFO train_distributed it=  19 lr=9.95e-04 loss_world=1.7149 |∇|=1.58e+02 γ=0.992 T=0.0502
2026-04-28 18:08:49,993 INFO train_distributed it=  19 lr=9.95e-04 loss_world=2.5937 |∇|=2.13e+02 γ=0.990 T=0.0499
2026-04-28 18:08:50,006 INFO train_distributed it=  19 lr=9.95e-04 loss_world=4.8074 |∇|=5.59e+02 γ=0.989 T=0.0496
2026-04-28 18:08:50,016 INFO train_distributed it=  19 lr=9.95e-04 loss_world=2.0568 |∇|=8.38e+01 γ=0.988 T=0.0502
2026-04-28 18:08:50,033 INFO train_distributed it=  19 lr=9.95e-04 loss_world=2.0381 |∇|=7.05e+01 γ=0.992 T=0.0501
2026-04-28 18:09:01,083 INFO train_distributed it=  29 lr=9.78e-04 loss_world=6.4618 |∇|=6.99e+02 γ=1.002 T=0.0500
2026-04-28 18:09:01,097 INFO train_distributed it=  29 lr=9.78e-04 loss_world=6.5077 |∇|=1.04e+03 γ=0.987 T=0.0498
2026-04-28 18:09:01,140 INFO train_distributed it=  29 lr=9.78e-04 loss_world=7.9257 |∇|=1.03e+03 γ=0.990 T=0.0500
2026-04-28 18:09:01,202 INFO train_distributed it=  29 lr=9.78e-04 loss_world=7.0018 |∇|=9.17e+02 γ=0.984 T=0.0499
2026-04-28 18:09:01,203 INFO train_distributed it=  29 lr=9.78e-04 loss_world=0.9783 |∇|=2.88e+02 γ=0.989 T=0.0502
2026-04-28 18:09:01,220 INFO train_distributed it=  29 lr=9.78e-04 loss_world=1.6190 |∇|=1.50e+02 γ=0.986 T=0.0495
2026-04-28 18:09:01,234 INFO train_distributed it=  29 lr=9.78e-04 loss_world=6.4896 |∇|=9.92e+02 γ=0.983 T=0.0503
2026-04-28 18:09:01,337 INFO train_distributed it=  29 lr=9.78e-04 loss_world=2.6707 |∇|=9.52e+02 γ=0.989 T=0.0501
2026-04-28 18:09:12,267 INFO train_distributed it=  39 lr=9.49e-04 loss_world=13.0372 |∇|=1.65e+03 γ=0.980 T=0.0498
2026-04-28 18:09:12,271 INFO train_distributed it=  39 lr=9.49e-04 loss_world=1.3026 |∇|=1.23e+03 γ=0.998 T=0.0500
2026-04-28 18:09:12,349 INFO train_distributed it=  39 lr=9.49e-04 loss_world=1.4801 |∇|=7.77e+01 γ=0.986 T=0.0500
2026-04-28 18:09:12,404 INFO train_distributed it=  39 lr=9.49e-04 loss_world=2.6575 |∇|=2.74e+02 γ=0.977 T=0.0499
2026-04-28 18:09:12,416 INFO train_distributed it=  39 lr=9.49e-04 loss_world=1.0240 |∇|=1.18e+02 γ=0.985 T=0.0495
2026-04-28 18:09:12,419 INFO train_distributed it=  39 lr=9.49e-04 loss_world=1.2121 |∇|=2.68e+01 γ=0.987 T=0.0502
2026-04-28 18:09:12,452 INFO train_distributed it=  39 lr=9.49e-04 loss_world=2.4346 |∇|=1.87e+02 γ=0.979 T=0.0504
2026-04-28 18:09:12,649 INFO train_distributed it=  39 lr=9.49e-04 loss_world=1.1879 |∇|=2.94e+01 γ=0.989 T=0.0501
2026-04-28 18:09:23,439 INFO train_distributed it=  49 lr=9.10e-04 loss_world=1.1858 |∇|=9.02e+01 γ=0.974 T=0.0498
2026-04-28 18:09:23,461 INFO train_distributed it=  49 lr=9.10e-04 loss_world=1.3243 |∇|=1.25e+02 γ=0.997 T=0.0500
2026-04-28 18:09:23,541 INFO train_distributed it=  49 lr=9.10e-04 loss_world=8.7977 |∇|=1.28e+03 γ=0.985 T=0.0500
2026-04-28 18:09:23,595 INFO train_distributed it=  49 lr=9.10e-04 loss_world=2.4372 |∇|=1.44e+03 γ=0.985 T=0.0495
2026-04-28 18:09:23,596 INFO train_distributed it=  49 lr=9.10e-04 loss_world=4.3902 |∇|=2.14e+03 γ=0.971 T=0.0500
2026-04-28 18:09:23,625 INFO train_distributed it=  49 lr=9.10e-04 loss_world=1.2789 |∇|=7.84e+00 γ=0.986 T=0.0503
2026-04-28 18:09:23,662 INFO train_distributed it=  49 lr=9.10e-04 loss_world=2.2684 |∇|=2.67e+02 γ=0.976 T=0.0504
2026-04-28 18:09:23,927 INFO train_distributed it=  49 lr=9.10e-04 loss_world=1.1006 |∇|=6.13e+01 γ=0.988 T=0.0501
2026-04-28 18:09:34,601 INFO train_distributed it=  59 lr=8.60e-04 loss_world=1.1035 |∇|=1.92e+02 γ=0.972 T=0.0498
2026-04-28 18:09:34,633 INFO train_distributed it=  59 lr=8.60e-04 loss_world=4.0047 |∇|=2.10e+03 γ=0.998 T=0.0500
2026-04-28 18:09:34,727 INFO train_distributed it=  59 lr=8.60e-04 loss_world=2.2792 |∇|=1.09e+03 γ=0.983 T=0.0501
2026-04-28 18:09:34,770 INFO train_distributed it=  59 lr=8.60e-04 loss_world=1.4746 |∇|=1.28e+02 γ=0.984 T=0.0495
2026-04-28 18:09:34,790 INFO train_distributed it=  59 lr=8.60e-04 loss_world=2.2463 |∇|=2.74e+02 γ=0.966 T=0.0500
2026-04-28 18:09:34,828 INFO train_distributed it=  59 lr=8.60e-04 loss_world=1.3062 |∇|=6.77e+00 γ=0.986 T=0.0503
2026-04-28 18:09:34,873 INFO train_distributed it=  59 lr=8.60e-04 loss_world=1.3142 |∇|=9.84e+01 γ=0.975 T=0.0503
2026-04-28 18:09:35,200 INFO train_distributed it=  59 lr=8.60e-04 loss_world=1.0766 |∇|=5.37e+01 γ=0.988 T=0.0501
2026-04-28 18:09:45,763 INFO train_distributed it=  69 lr=8.02e-04 loss_world=3.0948 |∇|=1.52e+03 γ=0.972 T=0.0498
2026-04-28 18:09:45,807 INFO train_distributed it=  69 lr=8.02e-04 loss_world=1.0194 |∇|=3.25e+02 γ=0.999 T=0.0500
2026-04-28 18:09:45,913 INFO train_distributed it=  69 lr=8.02e-04 loss_world=1.5870 |∇|=1.43e+02 γ=0.985 T=0.0501
2026-04-28 18:09:45,955 INFO train_distributed it=  69 lr=8.02e-04 loss_world=1.8652 |∇|=2.04e+02 γ=0.984 T=0.0495
2026-04-28 18:09:45,981 INFO train_distributed it=  69 lr=8.02e-04 loss_world=2.4316 |∇|=4.08e+02 γ=0.964 T=0.0500
2026-04-28 18:09:46,026 INFO train_distributed it=  69 lr=8.02e-04 loss_world=1.3144 |∇|=8.35e+00 γ=0.986 T=0.0503
2026-04-28 18:09:46,078 INFO train_distributed it=  69 lr=8.02e-04 loss_world=0.8171 |∇|=4.59e+02 γ=0.975 T=0.0503
2026-04-28 18:09:46,457 INFO train_distributed it=  69 lr=8.02e-04 loss_world=2.0940 |∇|=1.62e+02 γ=0.987 T=0.0501
2026-04-28 18:09:56,927 INFO train_distributed it=  79 lr=7.38e-04 loss_world=1.9896 |∇|=2.85e+02 γ=0.972 T=0.0498
2026-04-28 18:09:56,977 INFO train_distributed it=  79 lr=7.38e-04 loss_world=1.0864 |∇|=1.56e+02 γ=1.000 T=0.0500
2026-04-28 18:09:57,097 INFO train_distributed it=  79 lr=7.38e-04 loss_world=1.0483 |∇|=2.03e+02 γ=0.986 T=0.0501
2026-04-28 18:09:57,130 INFO train_distributed it=  79 lr=7.38e-04 loss_world=1.9175 |∇|=2.33e+03 γ=0.984 T=0.0495
2026-04-28 18:09:57,179 INFO train_distributed it=  79 lr=7.38e-04 loss_world=1.2716 |∇|=1.00e+04 γ=0.962 T=0.0500
2026-04-28 18:09:57,231 INFO train_distributed it=  79 lr=7.38e-04 loss_world=2.6409 |∇|=4.75e+02 γ=0.986 T=0.0503
2026-04-28 18:09:57,287 INFO train_distributed it=  79 lr=7.38e-04 loss_world=25.4713 |∇|=6.15e+03 γ=0.975 T=0.0503
2026-04-28 18:09:57,714 INFO train_distributed it=  79 lr=7.38e-04 loss_world=8.7608 |∇|=6.99e+02 γ=0.986 T=0.0501
2026-04-28 18:10:08,095 INFO train_distributed it=  89 lr=6.68e-04 loss_world=1.3083 |∇|=5.12e+02 γ=0.972 T=0.0498
2026-04-28 18:10:08,150 INFO train_distributed it=  89 lr=6.68e-04 loss_world=4.9170 |∇|=6.18e+02 γ=1.000 T=0.0500
2026-04-28 18:10:08,287 INFO train_distributed it=  89 lr=6.68e-04 loss_world=1.0715 |∇|=7.32e+01 γ=0.988 T=0.0501
2026-04-28 18:10:08,315 INFO train_distributed it=  89 lr=6.68e-04 loss_world=1.6456 |∇|=1.08e+02 γ=0.984 T=0.0495
2026-04-28 18:10:08,375 INFO train_distributed it=  89 lr=6.68e-04 loss_world=2.5826 |∇|=8.53e+02 γ=0.960 T=0.0500
2026-04-28 18:10:08,437 INFO train_distributed it=  89 lr=6.68e-04 loss_world=12.3076 |∇|=3.18e+03 γ=0.985 T=0.0505
2026-04-28 18:10:08,499 INFO train_distributed it=  89 lr=6.68e-04 loss_world=4.0000 |∇|=8.90e+02 γ=0.975 T=0.0504
2026-04-28 18:10:08,980 INFO train_distributed it=  89 lr=6.68e-04 loss_world=0.9855 |∇|=4.04e+01 γ=0.985 T=0.0500
2026-04-28 18:10:19,263 INFO train_distributed it=  99 lr=5.95e-04 loss_world=3.0522 |∇|=1.72e+03 γ=0.972 T=0.0498
2026-04-28 18:10:19,326 INFO train_distributed it=  99 lr=5.95e-04 loss_world=3.3907 |∇|=1.62e+03 γ=1.000 T=0.0500
2026-04-28 18:10:19,471 INFO train_distributed it=  99 lr=5.95e-04 loss_world=3.4368 |∇|=7.67e+02 γ=0.990 T=0.0501
2026-04-28 18:10:19,498 INFO train_distributed it=  99 lr=5.95e-04 loss_world=1.0552 |∇|=4.81e+02 γ=0.984 T=0.0495
2026-04-28 18:10:19,568 INFO train_distributed it=  99 lr=5.95e-04 loss_world=2.3445 |∇|=3.99e+02 γ=0.959 T=0.0500
2026-04-28 18:10:19,643 INFO train_distributed it=  99 lr=5.95e-04 loss_world=21.6037 |∇|=2.11e+03 γ=0.987 T=0.0506
2026-04-28 18:10:19,705 INFO train_distributed it=  99 lr=5.95e-04 loss_world=15.4960 |∇|=2.05e+03 γ=0.975 T=0.0504
2026-04-28 18:10:20,242 INFO train_distributed it=  99 lr=5.95e-04 loss_world=1.1588 |∇|=5.69e+01 γ=0.984 T=0.0500
2026-04-28 18:10:30,421 INFO train_distributed it= 109 lr=5.20e-04 loss_world=0.8658 |∇|=6.04e+02 γ=0.972 T=0.0499
2026-04-28 18:10:30,494 INFO train_distributed it= 109 lr=5.20e-04 loss_world=1.5840 |∇|=5.78e+02 γ=1.001 T=0.0500
2026-04-28 18:10:30,670 INFO train_distributed it= 109 lr=5.20e-04 loss_world=1.7261 |∇|=1.98e+02 γ=0.984 T=0.0496
2026-04-28 18:10:30,676 INFO train_distributed it= 109 lr=5.20e-04 loss_world=1.0822 |∇|=1.83e+02 γ=0.992 T=0.0501
2026-04-28 18:10:30,756 INFO train_distributed it= 109 lr=5.20e-04 loss_world=2.6079 |∇|=3.16e+02 γ=0.959 T=0.0500
2026-04-28 18:10:30,839 INFO train_distributed it= 109 lr=5.20e-04 loss_world=1.3063 |∇|=1.10e+02 γ=0.988 T=0.0507
2026-04-28 18:10:30,898 INFO train_distributed it= 109 lr=5.20e-04 loss_world=5.6336 |∇|=1.11e+03 γ=0.976 T=0.0505
2026-04-28 18:10:31,505 INFO train_distributed it= 109 lr=5.20e-04 loss_world=1.2829 |∇|=6.78e+01 γ=0.984 T=0.0500
2026-04-28 18:10:41,580 INFO train_distributed it= 119 lr=4.47e-04 loss_world=0.8903 |∇|=8.20e+02 γ=0.972 T=0.0499
2026-04-28 18:10:41,656 INFO train_distributed it= 119 lr=4.47e-04 loss_world=1.3280 |∇|=1.46e+02 γ=1.001 T=0.0500
2026-04-28 18:10:41,843 INFO train_distributed it= 119 lr=4.47e-04 loss_world=1.2792 |∇|=1.25e+02 γ=0.984 T=0.0496
2026-04-28 18:10:41,862 INFO train_distributed it= 119 lr=4.47e-04 loss_world=6.9665 |∇|=1.70e+03 γ=0.993 T=0.0501
2026-04-28 18:10:41,947 INFO train_distributed it= 119 lr=4.47e-04 loss_world=1.2826 |∇|=1.06e+04 γ=0.958 T=0.0500
2026-04-28 18:10:42,035 INFO train_distributed it= 119 lr=4.47e-04 loss_world=1.4125 |∇|=3.53e+03 γ=0.988 T=0.0507
2026-04-28 18:10:42,105 INFO train_distributed it= 119 lr=4.47e-04 loss_world=12.0001 |∇|=2.14e+03 γ=0.976 T=0.0506
2026-04-28 18:10:42,773 INFO train_distributed it= 119 lr=4.47e-04 loss_world=1.1068 |∇|=1.02e+02 γ=0.984 T=0.0500
2026-04-28 18:10:52,735 INFO train_distributed it= 129 lr=3.76e-04 loss_world=6.9076 |∇|=4.09e+03 γ=0.973 T=0.0499
2026-04-28 18:10:52,830 INFO train_distributed it= 129 lr=3.76e-04 loss_world=1.8276 |∇|=3.83e+02 γ=1.002 T=0.0501
2026-04-28 18:10:53,020 INFO train_distributed it= 129 lr=3.76e-04 loss_world=1.0641 |∇|=1.51e+02 γ=0.984 T=0.0496
2026-04-28 18:10:53,038 INFO train_distributed it= 129 lr=3.76e-04 loss_world=1.0636 |∇|=1.84e+02 γ=0.994 T=0.0501
2026-04-28 18:10:53,135 INFO train_distributed it= 129 lr=3.76e-04 loss_world=2.0614 |∇|=9.81e+02 γ=0.958 T=0.0500
2026-04-28 18:10:53,245 INFO train_distributed it= 129 lr=3.76e-04 loss_world=5.0831 |∇|=2.82e+03 γ=0.988 T=0.0507
2026-04-28 18:10:53,299 INFO train_distributed it= 129 lr=3.76e-04 loss_world=1.8064 |∇|=1.47e+02 γ=0.976 T=0.0506
2026-04-28 18:10:54,046 INFO train_distributed it= 129 lr=3.76e-04 loss_world=1.0895 |∇|=7.57e+01 γ=0.984 T=0.0500
2026-04-28 18:11:03,899 INFO train_distributed it= 139 lr=3.10e-04 loss_world=2.9495 |∇|=3.89e+03 γ=0.974 T=0.0499
2026-04-28 18:11:04,001 INFO train_distributed it= 139 lr=3.10e-04 loss_world=1.5154 |∇|=4.40e+02 γ=1.002 T=0.0501
2026-04-28 18:11:04,204 INFO train_distributed it= 139 lr=3.10e-04 loss_world=1.2882 |∇|=2.08e+02 γ=0.984 T=0.0496
2026-04-28 18:11:04,224 INFO train_distributed it= 139 lr=3.10e-04 loss_world=1.0218 |∇|=8.84e+01 γ=0.994 T=0.0501
2026-04-28 18:11:04,329 INFO train_distributed it= 139 lr=3.10e-04 loss_world=2.4967 |∇|=5.62e+02 γ=0.958 T=0.0500
2026-04-28 18:11:04,447 INFO train_distributed it= 139 lr=3.10e-04 loss_world=0.8656 |∇|=6.20e+02 γ=0.988 T=0.0507
2026-04-28 18:11:04,497 INFO train_distributed it= 139 lr=3.10e-04 loss_world=1.6350 |∇|=5.73e+02 γ=0.976 T=0.0506
2026-04-28 18:11:05,332 INFO train_distributed it= 139 lr=3.10e-04 loss_world=1.0459 |∇|=1.34e+02 γ=0.984 T=0.0500
2026-04-28 18:11:15,061 INFO train_distributed it= 149 lr=2.51e-04 loss_world=1.4477 |∇|=9.11e+02 γ=0.974 T=0.0499
2026-04-28 18:11:15,169 INFO train_distributed it= 149 lr=2.51e-04 loss_world=1.1047 |∇|=1.29e+02 γ=1.002 T=0.0501
2026-04-28 18:11:15,413 INFO train_distributed it= 149 lr=2.51e-04 loss_world=1.1022 |∇|=1.99e+02 γ=0.994 T=0.0501
2026-04-28 18:11:15,431 INFO train_distributed it= 149 lr=2.51e-04 loss_world=1.8503 |∇|=1.75e+02 γ=0.984 T=0.0496
2026-04-28 18:11:15,530 INFO train_distributed it= 149 lr=2.51e-04 loss_world=5.1206 |∇|=2.20e+04 γ=0.958 T=0.0500
2026-04-28 18:11:15,648 INFO train_distributed it= 149 lr=2.51e-04 loss_world=1.5654 |∇|=7.12e+02 γ=0.988 T=0.0507
2026-04-28 18:11:15,693 INFO train_distributed it= 149 lr=2.51e-04 loss_world=1.0480 |∇|=3.31e+02 γ=0.976 T=0.0506
2026-04-28 18:11:16,602 INFO train_distributed it= 149 lr=2.51e-04 loss_world=1.2713 |∇|=6.61e+01 γ=0.984 T=0.0500
2026-04-28 18:11:26,235 INFO train_distributed it= 159 lr=2.00e-04 loss_world=1.0838 |∇|=2.13e+02 γ=0.974 T=0.0499
2026-04-28 18:11:26,343 INFO train_distributed it= 159 lr=2.00e-04 loss_world=1.5822 |∇|=7.35e+02 γ=1.002 T=0.0501
2026-04-28 18:11:26,601 INFO train_distributed it= 159 lr=2.00e-04 loss_world=3.0875 |∇|=1.12e+03 γ=0.995 T=0.0501
2026-04-28 18:11:26,610 INFO train_distributed it= 159 lr=2.00e-04 loss_world=1.0997 |∇|=9.15e+01 γ=0.984 T=0.0496
2026-04-28 18:11:26,716 INFO train_distributed it= 159 lr=2.00e-04 loss_world=1.7659 |∇|=1.98e+04 γ=0.958 T=0.0500
2026-04-28 18:11:26,853 INFO train_distributed it= 159 lr=2.00e-04 loss_world=1.3318 |∇|=3.51e+02 γ=0.988 T=0.0507
2026-04-28 18:11:26,889 INFO train_distributed it= 159 lr=2.00e-04 loss_world=1.1172 |∇|=1.71e+02 γ=0.976 T=0.0506
2026-04-28 18:11:27,857 INFO train_distributed it= 159 lr=2.00e-04 loss_world=1.0238 |∇|=2.04e+02 γ=0.984 T=0.0500
2026-04-28 18:11:37,393 INFO train_distributed it= 169 lr=1.58e-04 loss_world=4.3547 |∇|=2.95e+03 γ=0.974 T=0.0499
2026-04-28 18:11:37,508 INFO train_distributed it= 169 lr=1.58e-04 loss_world=3.1312 |∇|=4.89e+03 γ=1.002 T=0.0501
2026-04-28 18:11:37,784 INFO train_distributed it= 169 lr=1.58e-04 loss_world=1.3359 |∇|=1.32e+02 γ=0.996 T=0.0501
2026-04-28 18:11:37,795 INFO train_distributed it= 169 lr=1.58e-04 loss_world=1.2757 |∇|=1.10e+02 γ=0.984 T=0.0496
2026-04-28 18:11:37,904 INFO train_distributed it= 169 lr=1.58e-04 loss_world=1.9588 |∇|=1.94e+03 γ=0.958 T=0.0500
2026-04-28 18:11:38,056 INFO train_distributed it= 169 lr=1.58e-04 loss_world=1.1408 |∇|=3.52e+02 γ=0.988 T=0.0507
2026-04-28 18:11:38,082 INFO train_distributed it= 169 lr=1.58e-04 loss_world=0.9946 |∇|=1.27e+02 γ=0.976 T=0.0506
2026-04-28 18:11:39,111 INFO train_distributed it= 169 lr=1.58e-04 loss_world=1.0726 |∇|=9.00e+02 γ=0.984 T=0.0500
2026-04-28 18:11:48,549 INFO train_distributed it= 179 lr=1.27e-04 loss_world=2.5283 |∇|=3.89e+03 γ=0.975 T=0.0499
2026-04-28 18:11:48,677 INFO train_distributed it= 179 lr=1.27e-04 loss_world=1.4488 |∇|=2.44e+02 γ=1.002 T=0.0501
2026-04-28 18:11:48,973 INFO train_distributed it= 179 lr=1.27e-04 loss_world=1.0939 |∇|=4.48e+02 γ=0.996 T=0.0501
2026-04-28 18:11:48,979 INFO train_distributed it= 179 lr=1.27e-04 loss_world=1.3139 |∇|=1.30e+02 γ=0.984 T=0.0496
2026-04-28 18:11:49,091 INFO train_distributed it= 179 lr=1.27e-04 loss_world=1.9860 |∇|=2.44e+03 γ=0.958 T=0.0500
2026-04-28 18:11:49,266 INFO train_distributed it= 179 lr=1.27e-04 loss_world=1.2705 |∇|=9.57e+02 γ=0.988 T=0.0507
2026-04-28 18:11:49,272 INFO train_distributed it= 179 lr=1.27e-04 loss_world=2.5995 |∇|=1.64e+03 γ=0.976 T=0.0506
2026-04-28 18:11:50,371 INFO train_distributed it= 179 lr=1.27e-04 loss_world=1.4210 |∇|=1.79e+02 γ=0.984 T=0.0500
2026-04-28 18:11:59,713 INFO train_distributed it= 189 lr=1.07e-04 loss_world=1.1346 |∇|=2.98e+02 γ=0.975 T=0.0499
2026-04-28 18:11:59,844 INFO train_distributed it= 189 lr=1.07e-04 loss_world=1.2840 |∇|=6.94e+02 γ=1.003 T=0.0501
2026-04-28 18:12:00,159 INFO train_distributed it= 189 lr=1.07e-04 loss_world=1.1771 |∇|=1.17e+02 γ=0.996 T=0.0501
2026-04-28 18:12:00,160 INFO train_distributed it= 189 lr=1.07e-04 loss_world=1.0785 |∇|=9.54e+01 γ=0.984 T=0.0496
2026-04-28 18:12:00,283 INFO train_distributed it= 189 lr=1.07e-04 loss_world=2.4584 |∇|=9.82e+03 γ=0.957 T=0.0500
2026-04-28 18:12:00,467 INFO train_distributed it= 189 lr=1.07e-04 loss_world=1.0724 |∇|=1.72e+02 γ=0.976 T=0.0506
2026-04-28 18:12:00,470 INFO train_distributed it= 189 lr=1.07e-04 loss_world=0.9195 |∇|=1.54e+03 γ=0.989 T=0.0507
2026-04-28 18:12:01,636 INFO train_distributed it= 189 lr=1.07e-04 loss_world=5.7114 |∇|=2.15e+03 γ=0.984 T=0.0500
2026-04-28 18:12:10,875 INFO train_distributed it= 199 lr=1.00e-04 loss_world=1.0173 |∇|=3.70e+02 γ=0.975 T=0.0499
2026-04-28 18:12:10,881 INFO train_distributed training finished in 224.5s (200 iters, world_size=1)
2026-04-28 18:12:10,881 INFO train_distributed [rank 0] peak HBM: alloc=7.10 GB, reserved=7.69 GB
2026-04-28 18:12:10,884 INFO train_distributed [rank 0] wrote experiments/037_arch_tier_1_1_memory/results_t11_memory_seed4/training_log.json
2026-04-28 18:12:11,013 INFO train_distributed it= 199 lr=1.00e-04 loss_world=0.9587 |∇|=1.28e+02 γ=1.003 T=0.0501
2026-04-28 18:12:11,019 INFO train_distributed training finished in 224.7s (200 iters, world_size=1)
2026-04-28 18:12:11,020 INFO train_distributed [rank 0] peak HBM: alloc=7.10 GB, reserved=7.69 GB
2026-04-28 18:12:11,023 INFO train_distributed [rank 0] wrote experiments/037_arch_tier_1_1_memory/results_t11_memory_seed6/training_log.json
2026-04-28 18:12:11,344 INFO train_distributed it= 199 lr=1.00e-04 loss_world=1.0582 |∇|=1.26e+02 γ=0.984 T=0.0496
2026-04-28 18:12:11,350 INFO train_distributed training finished in 225.0s (200 iters, world_size=1)
2026-04-28 18:12:11,350 INFO train_distributed [rank 0] peak HBM: alloc=7.10 GB, reserved=7.69 GB
2026-04-28 18:12:11,353 INFO train_distributed [rank 0] wrote experiments/037_arch_tier_1_1_memory/results_t11_memory_seed7/training_log.json
2026-04-28 18:12:11,356 INFO train_distributed it= 199 lr=1.00e-04 loss_world=1.1004 |∇|=7.92e+01 γ=0.996 T=0.0501
2026-04-28 18:12:11,362 INFO train_distributed training finished in 225.0s (200 iters, world_size=1)
2026-04-28 18:12:11,362 INFO train_distributed [rank 0] peak HBM: alloc=7.10 GB, reserved=7.69 GB
2026-04-28 18:12:11,365 INFO train_distributed [rank 0] wrote experiments/037_arch_tier_1_1_memory/results_t11_memory_seed2/training_log.json
2026-04-28 18:12:11,482 INFO train_distributed it= 199 lr=1.00e-04 loss_world=2.2732 |∇|=6.72e+03 γ=0.957 T=0.0500
2026-04-28 18:12:11,488 INFO train_distributed training finished in 225.1s (200 iters, world_size=1)
2026-04-28 18:12:11,488 INFO train_distributed [rank 0] peak HBM: alloc=7.10 GB, reserved=7.69 GB
2026-04-28 18:12:11,491 INFO train_distributed [rank 0] wrote experiments/037_arch_tier_1_1_memory/results_t11_memory_seed1/training_log.json
2026-04-28 18:12:11,669 INFO train_distributed it= 199 lr=1.00e-04 loss_world=2.0258 |∇|=7.00e+02 γ=0.976 T=0.0506
2026-04-28 18:12:11,675 INFO train_distributed it= 199 lr=1.00e-04 loss_world=1.7472 |∇|=2.68e+03 γ=0.989 T=0.0507
2026-04-28 18:12:11,675 INFO train_distributed training finished in 225.2s (200 iters, world_size=1)
2026-04-28 18:12:11,675 INFO train_distributed [rank 0] peak HBM: alloc=7.10 GB, reserved=7.69 GB
2026-04-28 18:12:11,678 INFO train_distributed [rank 0] wrote experiments/037_arch_tier_1_1_memory/results_t11_memory_seed0/training_log.json
2026-04-28 18:12:11,681 INFO train_distributed training finished in 225.3s (200 iters, world_size=1)
2026-04-28 18:12:11,681 INFO train_distributed [rank 0] peak HBM: alloc=7.10 GB, reserved=7.69 GB
2026-04-28 18:12:11,684 INFO train_distributed [rank 0] wrote experiments/037_arch_tier_1_1_memory/results_t11_memory_seed3/training_log.json
  ✓ t11_memory_seed4 234s (card 4)

═ TRAIN t11_memory_seed8 (card 0) ═ 18:12:11
  ✓ t11_memory_seed6 235s (card 6)

═ TRAIN t11_memory_seed9 (card 1) ═ 18:12:12
  ✓ t11_memory_seed7 235s (card 7)
  ✓ t11_memory_seed2 235s (card 2)
  ✓ t11_memory_seed1 235s (card 1)
  ✓ t11_memory_seed3 235s (card 3)
  ✓ t11_memory_seed0 235s (card 0)
2026-04-28 18:12:12,910 INFO train_distributed it= 199 lr=1.00e-04 loss_world=1.5801 |∇|=6.39e+02 γ=0.984 T=0.0500
2026-04-28 18:12:12,916 INFO train_distributed training finished in 226.6s (200 iters, world_size=1)
2026-04-28 18:12:12,916 INFO train_distributed [rank 0] peak HBM: alloc=7.10 GB, reserved=7.69 GB
2026-04-28 18:12:12,919 INFO train_distributed [rank 0] wrote experiments/037_arch_tier_1_1_memory/results_t11_memory_seed5/training_log.json
  ✓ t11_memory_seed5 236s (card 5)
2026-04-28 18:12:15,577 INFO train_distributed [dist] rank=0 world_size=1 local_rank=0 cuda_available=True
2026-04-28 18:12:15,622 INFO train_distributed loaded 2,841 returns for spx/2015-2026_daily
2026-04-28 18:12:15,630 INFO train_distributed targets: acf_sq=0.342 leverage_sum=-0.790 hill_alpha=2.68
2026-04-28 18:12:16,030 INFO train_distributed [dist] rank=0 world_size=1 local_rank=0 cuda_available=True
2026-04-28 18:12:16,072 INFO train_distributed loaded 2,841 returns for spx/2015-2026_daily
2026-04-28 18:12:16,080 INFO train_distributed targets: acf_sq=0.342 leverage_sum=-0.790 hill_alpha=2.68
2026-04-28 18:12:16,365 INFO train_distributed EcoMDSimulator built: 34408 parameters (device=cuda:0)
2026-04-28 18:12:16,483 INFO train_distributed EcoMDSimulator built: 34408 parameters (device=cuda:0)
2026-04-28 18:12:18,756 INFO train_distributed it=   0 lr=1.00e-04 loss_world=48.3639 |∇|=2.53e+04 γ=1.000 T=0.0500
2026-04-28 18:12:18,829 INFO train_distributed it=   0 lr=1.00e-04 loss_world=29.4963 |∇|=2.14e+03 γ=1.000 T=0.0500
2026-04-28 18:12:28,801 INFO train_distributed it=   9 lr=1.00e-03 loss_world=2.8961 |∇|=6.70e+01 γ=0.996 T=0.0500
2026-04-28 18:12:28,862 INFO train_distributed it=   9 lr=1.00e-03 loss_world=2.3383 |∇|=7.72e+01 γ=1.004 T=0.0499
2026-04-28 18:12:40,036 INFO train_distributed it=  19 lr=9.95e-04 loss_world=3.3554 |∇|=4.34e+02 γ=0.988 T=0.0499
2026-04-28 18:12:40,088 INFO train_distributed it=  19 lr=9.95e-04 loss_world=5.4237 |∇|=5.34e+02 γ=1.007 T=0.0499
2026-04-28 18:12:51,246 INFO train_distributed it=  29 lr=9.78e-04 loss_world=8.9110 |∇|=9.22e+02 γ=0.981 T=0.0499
2026-04-28 18:12:51,295 INFO train_distributed it=  29 lr=9.78e-04 loss_world=2.9638 |∇|=9.08e+02 γ=1.006 T=0.0498
2026-04-28 18:13:02,441 INFO train_distributed it=  39 lr=9.49e-04 loss_world=3.2218 |∇|=6.73e+02 γ=0.974 T=0.0499
2026-04-28 18:13:02,506 INFO train_distributed it=  39 lr=9.49e-04 loss_world=3.0152 |∇|=8.30e+02 γ=1.003 T=0.0498
2026-04-28 18:13:13,632 INFO train_distributed it=  49 lr=9.10e-04 loss_world=2.5760 |∇|=1.82e+02 γ=0.968 T=0.0499
2026-04-28 18:13:13,712 INFO train_distributed it=  49 lr=9.10e-04 loss_world=3.6943 |∇|=8.90e+02 γ=1.000 T=0.0497
2026-04-28 18:13:24,822 INFO train_distributed it=  59 lr=8.60e-04 loss_world=1.7399 |∇|=3.19e+03 γ=0.961 T=0.0499
2026-04-28 18:13:24,908 INFO train_distributed it=  59 lr=8.60e-04 loss_world=2.4310 |∇|=2.31e+02 γ=0.995 T=0.0497
2026-04-28 18:13:36,004 INFO train_distributed it=  69 lr=8.02e-04 loss_world=5.4967 |∇|=1.81e+03 γ=0.958 T=0.0499
2026-04-28 18:13:36,107 INFO train_distributed it=  69 lr=8.02e-04 loss_world=2.6404 |∇|=4.16e+02 γ=0.992 T=0.0497
2026-04-28 18:13:47,192 INFO train_distributed it=  79 lr=7.38e-04 loss_world=7.0606 |∇|=2.17e+03 γ=0.955 T=0.0498
2026-04-28 18:13:47,310 INFO train_distributed it=  79 lr=7.38e-04 loss_world=1.1597 |∇|=7.82e+01 γ=0.989 T=0.0497
2026-04-28 18:13:58,378 INFO train_distributed it=  89 lr=6.68e-04 loss_world=2.5610 |∇|=6.66e+02 γ=0.952 T=0.0498
2026-04-28 18:13:58,509 INFO train_distributed it=  89 lr=6.68e-04 loss_world=1.4312 |∇|=7.14e+01 γ=0.988 T=0.0497
2026-04-28 18:14:09,565 INFO train_distributed it=  99 lr=5.95e-04 loss_world=2.6538 |∇|=6.89e+02 γ=0.950 T=0.0498
2026-04-28 18:14:09,713 INFO train_distributed it=  99 lr=5.95e-04 loss_world=17.3596 |∇|=3.74e+03 γ=0.988 T=0.0497
2026-04-28 18:14:20,752 INFO train_distributed it= 109 lr=5.20e-04 loss_world=5.7058 |∇|=3.58e+03 γ=0.949 T=0.0498
2026-04-28 18:14:20,901 INFO train_distributed it= 109 lr=5.20e-04 loss_world=1.0704 |∇|=3.71e+02 γ=0.987 T=0.0498
2026-04-28 18:14:31,937 INFO train_distributed it= 119 lr=4.47e-04 loss_world=5.8964 |∇|=4.94e+03 γ=0.948 T=0.0498
2026-04-28 18:14:32,087 INFO train_distributed it= 119 lr=4.47e-04 loss_world=2.1617 |∇|=1.06e+03 γ=0.987 T=0.0498
2026-04-28 18:14:43,114 INFO train_distributed it= 129 lr=3.76e-04 loss_world=14.9869 |∇|=1.12e+04 γ=0.948 T=0.0498
2026-04-28 18:14:43,280 INFO train_distributed it= 129 lr=3.76e-04 loss_world=1.4295 |∇|=2.08e+02 γ=0.987 T=0.0498
2026-04-28 18:14:54,298 INFO train_distributed it= 139 lr=3.10e-04 loss_world=33.0138 |∇|=1.42e+04 γ=0.947 T=0.0498
2026-04-28 18:14:54,469 INFO train_distributed it= 139 lr=3.10e-04 loss_world=1.4911 |∇|=3.32e+03 γ=0.987 T=0.0498
2026-04-28 18:15:05,489 INFO train_distributed it= 149 lr=2.51e-04 loss_world=21.6392 |∇|=9.88e+03 γ=0.946 T=0.0498
2026-04-28 18:15:05,664 INFO train_distributed it= 149 lr=2.51e-04 loss_world=3.7933 |∇|=2.09e+03 γ=0.987 T=0.0498
2026-04-28 18:15:16,668 INFO train_distributed it= 159 lr=2.00e-04 loss_world=94.5098 |∇|=3.71e+04 γ=0.945 T=0.0499
2026-04-28 18:15:16,855 INFO train_distributed it= 159 lr=2.00e-04 loss_world=1.3804 |∇|=1.29e+02 γ=0.987 T=0.0498
2026-04-28 18:15:27,847 INFO train_distributed it= 169 lr=1.58e-04 loss_world=467.2106 |∇|=3.15e+05 γ=0.944 T=0.0499
2026-04-28 18:15:28,038 INFO train_distributed it= 169 lr=1.58e-04 loss_world=1.3938 |∇|=1.76e+02 γ=0.987 T=0.0498
2026-04-28 18:15:39,026 INFO train_distributed it= 179 lr=1.27e-04 loss_world=491.9967 |∇|=2.84e+05 γ=0.943 T=0.0499
2026-04-28 18:15:39,219 INFO train_distributed it= 179 lr=1.27e-04 loss_world=1.6742 |∇|=2.42e+02 γ=0.987 T=0.0499
2026-04-28 18:15:50,199 INFO train_distributed it= 189 lr=1.07e-04 loss_world=1546.9854 |∇|=1.71e+06 γ=0.941 T=0.0499
2026-04-28 18:15:50,401 INFO train_distributed it= 189 lr=1.07e-04 loss_world=1.7437 |∇|=2.40e+02 γ=0.987 T=0.0499
2026-04-28 18:16:01,385 INFO train_distributed it= 199 lr=1.00e-04 loss_world=1948.3721 |∇|=2.53e+06 γ=0.941 T=0.0499
2026-04-28 18:16:01,391 INFO train_distributed training finished in 225.0s (200 iters, world_size=1)
2026-04-28 18:16:01,391 INFO train_distributed [rank 0] peak HBM: alloc=7.10 GB, reserved=7.69 GB
2026-04-28 18:16:01,394 INFO train_distributed [rank 0] wrote experiments/037_arch_tier_1_1_memory/results_t11_memory_seed8/training_log.json
2026-04-28 18:16:01,585 INFO train_distributed it= 199 lr=1.00e-04 loss_world=1.1745 |∇|=1.15e+02 γ=0.987 T=0.0499
2026-04-28 18:16:01,590 INFO train_distributed training finished in 225.1s (200 iters, world_size=1)
2026-04-28 18:16:01,591 INFO train_distributed [rank 0] peak HBM: alloc=7.10 GB, reserved=7.69 GB
2026-04-28 18:16:01,594 INFO train_distributed [rank 0] wrote experiments/037_arch_tier_1_1_memory/results_t11_memory_seed9/training_log.json
  ✓ t11_memory_seed8 231s (card 0)
  ✓ t11_memory_seed9 230s (card 1)

═ EVAL  t11_memory_seed0 (card 0) ═ 18:16:02

═ EVAL  t11_memory_seed1 (card 1) ═ 18:16:02

═ EVAL  t11_memory_seed2 (card 2) ═ 18:16:02

═ EVAL  t11_memory_seed3 (card 3) ═ 18:16:02

═ EVAL  t11_memory_seed4 (card 4) ═ 18:16:02

═ EVAL  t11_memory_seed5 (card 5) ═ 18:16:02

═ EVAL  t11_memory_seed6 (card 6) ═ 18:16:02

═ EVAL  t11_memory_seed7 (card 7) ═ 18:16:02
2026-04-28 18:16:06,538 INFO inference_run_large [dist] world_size=1 cuda=True
2026-04-28 18:16:07,799 INFO inference_run_large [dist] world_size=1 cuda=True
2026-04-28 18:16:08,345 INFO inference_run_large [dist] world_size=1 cuda=True
2026-04-28 18:16:08,622 INFO inference_run_large [dist] world_size=1 cuda=True
2026-04-28 18:16:08,976 INFO inference_run_large [dist] world_size=1 cuda=True
2026-04-28 18:16:09,376 INFO inference_run_large [dist] world_size=1 cuda=True
2026-04-28 18:16:09,750 INFO inference_run_large [dist] world_size=1 cuda=True
2026-04-28 18:16:10,253 INFO inference_run_large [dist] world_size=1 cuda=True
2026-04-28 18:16:10,879 INFO inference_run_large loaded checkpoint iter=200 from /AI4S/Users/howardwang/h204/ecophys/experiments/037_arch_tier_1_1_memory/results_t11_memory_seed7/checkpoint.pt
2026-04-28 18:16:10,879 INFO inference_run_large loaded checkpoint iter=200 from /AI4S/Users/howardwang/h204/ecophys/experiments/037_arch_tier_1_1_memory/results_t11_memory_seed0/checkpoint.pt
2026-04-28 18:16:10,892 INFO inference_run_large loaded checkpoint iter=200 from /AI4S/Users/howardwang/h204/ecophys/experiments/037_arch_tier_1_1_memory/results_t11_memory_seed4/checkpoint.pt
2026-04-28 18:16:10,892 INFO inference_run_large loaded checkpoint iter=200 from /AI4S/Users/howardwang/h204/ecophys/experiments/037_arch_tier_1_1_memory/results_t11_memory_seed6/checkpoint.pt
2026-04-28 18:16:10,920 INFO inference_run_large loaded checkpoint iter=200 from /AI4S/Users/howardwang/h204/ecophys/experiments/037_arch_tier_1_1_memory/results_t11_memory_seed2/checkpoint.pt
2026-04-28 18:16:10,943 INFO inference_run_large loaded checkpoint iter=200 from /AI4S/Users/howardwang/h204/ecophys/experiments/037_arch_tier_1_1_memory/results_t11_memory_seed1/checkpoint.pt
2026-04-28 18:16:10,945 INFO inference_run_large loaded checkpoint iter=200 from /AI4S/Users/howardwang/h204/ecophys/experiments/037_arch_tier_1_1_memory/results_t11_memory_seed3/checkpoint.pt
2026-04-28 18:16:11,058 INFO inference_run_large loaded checkpoint iter=200 from /AI4S/Users/howardwang/h204/ecophys/experiments/037_arch_tier_1_1_memory/results_t11_memory_seed5/checkpoint.pt
2026-04-28 18:16:56,947 INFO inference_run_large [rank 0] rollout 1/4 seed=10000 took 45.0s
2026-04-28 18:16:56,979 INFO inference_run_large [rank 0] rollout 1/4 seed=10000 took 45.1s
2026-04-28 18:16:56,998 INFO inference_run_large [rank 0] rollout 1/4 seed=10000 took 45.1s
2026-04-28 18:16:57,093 INFO inference_run_large [rank 0] rollout 1/4 seed=10000 took 45.1s
2026-04-28 18:16:57,132 INFO inference_run_large [rank 0] rollout 1/4 seed=10000 took 45.2s
2026-04-28 18:16:57,135 INFO inference_run_large [rank 0] rollout 1/4 seed=10000 took 45.0s
2026-04-28 18:16:57,149 INFO inference_run_large [rank 0] rollout 1/4 seed=10000 took 45.1s
2026-04-28 18:16:57,191 INFO inference_run_large [rank 0] rollout 1/4 seed=10000 took 45.1s
2026-04-28 18:17:41,563 INFO inference_run_large [rank 0] rollout 2/4 seed=10001 took 44.5s
2026-04-28 18:17:41,628 INFO inference_run_large [rank 0] rollout 2/4 seed=10001 took 44.6s
2026-04-28 18:17:41,644 INFO inference_run_large [rank 0] rollout 2/4 seed=10001 took 44.6s
2026-04-28 18:17:41,787 INFO inference_run_large [rank 0] rollout 2/4 seed=10001 took 44.6s
2026-04-28 18:17:41,824 INFO inference_run_large [rank 0] rollout 2/4 seed=10001 took 44.7s
2026-04-28 18:17:41,873 INFO inference_run_large [rank 0] rollout 2/4 seed=10001 took 44.7s
2026-04-28 18:17:41,903 INFO inference_run_large [rank 0] rollout 2/4 seed=10001 took 44.7s
2026-04-28 18:17:41,939 INFO inference_run_large [rank 0] rollout 2/4 seed=10001 took 44.7s
2026-04-28 18:18:26,179 INFO inference_run_large [rank 0] rollout 3/4 seed=10002 took 44.5s
2026-04-28 18:18:26,223 INFO inference_run_large [rank 0] rollout 3/4 seed=10002 took 44.5s
2026-04-28 18:18:26,267 INFO inference_run_large [rank 0] rollout 3/4 seed=10002 took 44.5s
2026-04-28 18:18:26,382 INFO inference_run_large [rank 0] rollout 3/4 seed=10002 took 44.5s
2026-04-28 18:18:26,546 INFO inference_run_large [rank 0] rollout 3/4 seed=10002 took 44.6s
2026-04-28 18:18:26,607 INFO inference_run_large [rank 0] rollout 3/4 seed=10002 took 44.7s
2026-04-28 18:18:26,645 INFO inference_run_large [rank 0] rollout 3/4 seed=10002 took 44.6s
2026-04-28 18:18:26,846 INFO inference_run_large [rank 0] rollout 3/4 seed=10002 took 44.9s
2026-04-28 18:19:10,850 INFO inference_run_large [rank 0] rollout 4/4 seed=10003 took 44.6s
2026-04-28 18:19:10,853 INFO inference_run_large [rank 0] wrote /AI4S/Users/howardwang/h204/ecophys/experiments/037_arch_tier_1_1_memory/results_t11_memory_seed4/inference_rank_0.json
2026-04-28 18:19:10,858 INFO inference_run_large [rank 0] merged 4 rollouts → /AI4S/Users/howardwang/h204/ecophys/experiments/037_arch_tier_1_1_memory/results_t11_memory_seed4/inference_merged.json
2026-04-28 18:19:10,906 INFO inference_run_large [rank 0] rollout 4/4 seed=10003 took 44.6s
2026-04-28 18:19:10,910 INFO inference_run_large [rank 0] wrote /AI4S/Users/howardwang/h204/ecophys/experiments/037_arch_tier_1_1_memory/results_t11_memory_seed7/inference_rank_0.json
2026-04-28 18:19:10,914 INFO inference_run_large [rank 0] merged 4 rollouts → /AI4S/Users/howardwang/h204/ecophys/experiments/037_arch_tier_1_1_memory/results_t11_memory_seed7/inference_merged.json
2026-04-28 18:19:10,961 INFO inference_run_large [rank 0] rollout 4/4 seed=10003 took 44.6s
2026-04-28 18:19:10,964 INFO inference_run_large [rank 0] wrote /AI4S/Users/howardwang/h204/ecophys/experiments/037_arch_tier_1_1_memory/results_t11_memory_seed0/inference_rank_0.json
2026-04-28 18:19:10,968 INFO inference_run_large [rank 0] merged 4 rollouts → /AI4S/Users/howardwang/h204/ecophys/experiments/037_arch_tier_1_1_memory/results_t11_memory_seed0/inference_merged.json
2026-04-28 18:19:11,071 INFO inference_run_large [rank 0] rollout 4/4 seed=10003 took 44.6s
2026-04-28 18:19:11,074 INFO inference_run_large [rank 0] wrote /AI4S/Users/howardwang/h204/ecophys/experiments/037_arch_tier_1_1_memory/results_t11_memory_seed6/inference_rank_0.json
2026-04-28 18:19:11,079 INFO inference_run_large [rank 0] merged 4 rollouts → /AI4S/Users/howardwang/h204/ecophys/experiments/037_arch_tier_1_1_memory/results_t11_memory_seed6/inference_merged.json
2026-04-28 18:19:11,322 INFO inference_run_large [rank 0] rollout 4/4 seed=10003 took 44.7s
2026-04-28 18:19:11,326 INFO inference_run_large [rank 0] wrote /AI4S/Users/howardwang/h204/ecophys/experiments/037_arch_tier_1_1_memory/results_t11_memory_seed1/inference_rank_0.json
2026-04-28 18:19:11,330 INFO inference_run_large [rank 0] merged 4 rollouts → /AI4S/Users/howardwang/h204/ecophys/experiments/037_arch_tier_1_1_memory/results_t11_memory_seed1/inference_merged.json
2026-04-28 18:19:11,369 INFO inference_run_large [rank 0] rollout 4/4 seed=10003 took 44.7s
2026-04-28 18:19:11,372 INFO inference_run_large [rank 0] wrote /AI4S/Users/howardwang/h204/ecophys/experiments/037_arch_tier_1_1_memory/results_t11_memory_seed3/inference_rank_0.json
2026-04-28 18:19:11,377 INFO inference_run_large [rank 0] merged 4 rollouts → /AI4S/Users/howardwang/h204/ecophys/experiments/037_arch_tier_1_1_memory/results_t11_memory_seed3/inference_merged.json
2026-04-28 18:19:11,467 INFO inference_run_large [rank 0] rollout 4/4 seed=10003 took 44.7s
2026-04-28 18:19:11,470 INFO inference_run_large [rank 0] wrote /AI4S/Users/howardwang/h204/ecophys/experiments/037_arch_tier_1_1_memory/results_t11_memory_seed2/inference_rank_0.json
2026-04-28 18:19:11,474 INFO inference_run_large [rank 0] merged 4 rollouts → /AI4S/Users/howardwang/h204/ecophys/experiments/037_arch_tier_1_1_memory/results_t11_memory_seed2/inference_merged.json
  ✓ eval t11_memory_seed4 189s (card 4)

═ EVAL  t11_memory_seed8 (card 0) ═ 18:19:11
  ✓ eval t11_memory_seed7 189s (card 7)

═ EVAL  t11_memory_seed9 (card 1) ═ 18:19:11
2026-04-28 18:19:12,004 INFO inference_run_large [rank 0] rollout 4/4 seed=10003 took 45.1s
2026-04-28 18:19:12,007 INFO inference_run_large [rank 0] wrote /AI4S/Users/howardwang/h204/ecophys/experiments/037_arch_tier_1_1_memory/results_t11_memory_seed5/inference_rank_0.json
2026-04-28 18:19:12,012 INFO inference_run_large [rank 0] merged 4 rollouts → /AI4S/Users/howardwang/h204/ecophys/experiments/037_arch_tier_1_1_memory/results_t11_memory_seed5/inference_merged.json
  ✓ eval t11_memory_seed0 190s (card 0)
  ✓ eval t11_memory_seed6 190s (card 6)
  ✓ eval t11_memory_seed3 190s (card 3)
  ✓ eval t11_memory_seed1 190s (card 1)
  ✓ eval t11_memory_seed2 190s (card 2)
  ✓ eval t11_memory_seed5 190s (card 5)
2026-04-28 18:19:15,592 INFO inference_run_large [dist] world_size=1 cuda=True
2026-04-28 18:19:15,930 INFO inference_run_large [dist] world_size=1 cuda=True
2026-04-28 18:19:16,191 INFO inference_run_large loaded checkpoint iter=200 from /AI4S/Users/howardwang/h204/ecophys/experiments/037_arch_tier_1_1_memory/results_t11_memory_seed8/checkpoint.pt
2026-04-28 18:19:16,295 INFO inference_run_large loaded checkpoint iter=200 from /AI4S/Users/howardwang/h204/ecophys/experiments/037_arch_tier_1_1_memory/results_t11_memory_seed9/checkpoint.pt
2026-04-28 18:20:02,290 INFO inference_run_large [rank 0] rollout 1/4 seed=10000 took 45.2s
2026-04-28 18:20:02,311 INFO inference_run_large [rank 0] rollout 1/4 seed=10000 took 45.1s
2026-04-28 18:20:46,976 INFO inference_run_large [rank 0] rollout 2/4 seed=10001 took 44.6s
2026-04-28 18:20:47,043 INFO inference_run_large [rank 0] rollout 2/4 seed=10001 took 44.7s
2026-04-28 18:21:31,647 INFO inference_run_large [rank 0] rollout 3/4 seed=10002 took 44.6s
2026-04-28 18:21:31,799 INFO inference_run_large [rank 0] rollout 3/4 seed=10002 took 44.7s
2026-04-28 18:22:16,371 INFO inference_run_large [rank 0] rollout 4/4 seed=10003 took 44.6s
2026-04-28 18:22:16,374 INFO inference_run_large [rank 0] wrote /AI4S/Users/howardwang/h204/ecophys/experiments/037_arch_tier_1_1_memory/results_t11_memory_seed9/inference_rank_0.json
2026-04-28 18:22:16,378 INFO inference_run_large [rank 0] merged 4 rollouts → /AI4S/Users/howardwang/h204/ecophys/experiments/037_arch_tier_1_1_memory/results_t11_memory_seed9/inference_merged.json
2026-04-28 18:22:16,601 INFO inference_run_large [rank 0] rollout 4/4 seed=10003 took 44.7s
2026-04-28 18:22:16,604 INFO inference_run_large [rank 0] wrote /AI4S/Users/howardwang/h204/ecophys/experiments/037_arch_tier_1_1_memory/results_t11_memory_seed8/inference_rank_0.json
2026-04-28 18:22:16,608 INFO inference_run_large [rank 0] merged 4 rollouts → /AI4S/Users/howardwang/h204/ecophys/experiments/037_arch_tier_1_1_memory/results_t11_memory_seed8/inference_merged.json
  ✓ eval t11_memory_seed9 186s (card 1)
  ✓ eval t11_memory_seed8 186s (card 0)

═══ DONE — Tue Apr 28 06:22:17 PM CST 2026 ═══
