═══ PHASE RUN — Tue Apr 28 06:22:17 PM CST 2026 ═══
  CONFIG_DIR=experiments/040_arch_tier_2_1_jumps NPROC=1 PARALLEL=8 SKIP_DONE=1
  Configs: 10

═ TRAIN t21_jumps_seed0 (card 0) ═ 18:22:17

═ TRAIN t21_jumps_seed1 (card 1) ═ 18:22:17

═ TRAIN t21_jumps_seed2 (card 2) ═ 18:22:17

═ TRAIN t21_jumps_seed3 (card 3) ═ 18:22:17

═ TRAIN t21_jumps_seed4 (card 4) ═ 18:22:17

═ TRAIN t21_jumps_seed5 (card 5) ═ 18:22:17

═ TRAIN t21_jumps_seed6 (card 6) ═ 18:22:17

═ TRAIN t21_jumps_seed7 (card 7) ═ 18:22:17
2026-04-28 18:22:23,164 INFO train_distributed [dist] rank=0 world_size=1 local_rank=0 cuda_available=True
2026-04-28 18:22:23,208 INFO train_distributed loaded 2,841 returns for spx/2015-2026_daily
2026-04-28 18:22:23,229 INFO train_distributed targets: acf_sq=0.342 leverage_sum=-0.790 hill_alpha=2.68
2026-04-28 18:22:23,507 INFO train_distributed [dist] rank=0 world_size=1 local_rank=0 cuda_available=True
2026-04-28 18:22:23,551 INFO train_distributed loaded 2,841 returns for spx/2015-2026_daily
2026-04-28 18:22:23,558 INFO train_distributed targets: acf_sq=0.342 leverage_sum=-0.790 hill_alpha=2.68
2026-04-28 18:22:23,878 INFO train_distributed [dist] rank=0 world_size=1 local_rank=0 cuda_available=True
2026-04-28 18:22:23,922 INFO train_distributed loaded 2,841 returns for spx/2015-2026_daily
2026-04-28 18:22:23,930 INFO train_distributed targets: acf_sq=0.342 leverage_sum=-0.790 hill_alpha=2.68
2026-04-28 18:22:24,227 INFO train_distributed [dist] rank=0 world_size=1 local_rank=0 cuda_available=True
2026-04-28 18:22:24,271 INFO train_distributed loaded 2,841 returns for spx/2015-2026_daily
2026-04-28 18:22:24,278 INFO train_distributed targets: acf_sq=0.342 leverage_sum=-0.790 hill_alpha=2.68
2026-04-28 18:22:24,586 INFO train_distributed [dist] rank=0 world_size=1 local_rank=0 cuda_available=True
2026-04-28 18:22:24,630 INFO train_distributed loaded 2,841 returns for spx/2015-2026_daily
2026-04-28 18:22:24,637 INFO train_distributed targets: acf_sq=0.342 leverage_sum=-0.790 hill_alpha=2.68
2026-04-28 18:22:24,993 INFO train_distributed [dist] rank=0 world_size=1 local_rank=0 cuda_available=True
2026-04-28 18:22:25,037 INFO train_distributed loaded 2,841 returns for spx/2015-2026_daily
2026-04-28 18:22:25,045 INFO train_distributed targets: acf_sq=0.342 leverage_sum=-0.790 hill_alpha=2.68
2026-04-28 18:22:25,386 INFO train_distributed [dist] rank=0 world_size=1 local_rank=0 cuda_available=True
2026-04-28 18:22:25,431 INFO train_distributed loaded 2,841 returns for spx/2015-2026_daily
2026-04-28 18:22:25,438 INFO train_distributed targets: acf_sq=0.342 leverage_sum=-0.790 hill_alpha=2.68
2026-04-28 18:22:25,823 INFO train_distributed [dist] rank=0 world_size=1 local_rank=0 cuda_available=True
2026-04-28 18:22:25,867 INFO train_distributed loaded 2,841 returns for spx/2015-2026_daily
2026-04-28 18:22:25,875 INFO train_distributed targets: acf_sq=0.342 leverage_sum=-0.790 hill_alpha=2.68
2026-04-28 18:22:26,517 INFO train_distributed EcoMDSimulator built: 31588 parameters (device=cuda:0)
2026-04-28 18:22:26,519 INFO train_distributed EcoMDSimulator built: 31588 parameters (device=cuda:0)
2026-04-28 18:22:26,530 INFO train_distributed EcoMDSimulator built: 31588 parameters (device=cuda:0)
2026-04-28 18:22:26,541 INFO train_distributed EcoMDSimulator built: 31588 parameters (device=cuda:0)
2026-04-28 18:22:26,563 INFO train_distributed EcoMDSimulator built: 31588 parameters (device=cuda:0)
2026-04-28 18:22:26,564 INFO train_distributed EcoMDSimulator built: 31588 parameters (device=cuda:0)
2026-04-28 18:22:26,583 INFO train_distributed EcoMDSimulator built: 31588 parameters (device=cuda:0)
2026-04-28 18:22:26,678 INFO train_distributed EcoMDSimulator built: 31588 parameters (device=cuda:0)
2026-04-28 18:22:28,910 INFO train_distributed it=   0 lr=1.00e-04 loss_world=72.3624 |∇|=3.06e+04 γ=1.000 T=0.0500
2026-04-28 18:22:28,910 INFO train_distributed it=   0 lr=1.00e-04 loss_world=13.9541 |∇|=6.60e+02 γ=1.000 T=0.0500
2026-04-28 18:22:28,913 INFO train_distributed it=   0 lr=1.00e-04 loss_world=19.2957 |∇|=5.69e+03 γ=1.000 T=0.0500
2026-04-28 18:22:28,918 INFO train_distributed it=   0 lr=1.00e-04 loss_world=14.7358 |∇|=1.79e+03 γ=1.000 T=0.0500
2026-04-28 18:22:28,928 INFO train_distributed it=   0 lr=1.00e-04 loss_world=2.5016 |∇|=2.73e+02 γ=1.000 T=0.0500
2026-04-28 18:22:28,934 INFO train_distributed it=   0 lr=1.00e-04 loss_world=6.1754 |∇|=2.77e+03 γ=1.000 T=0.0500
2026-04-28 18:22:28,961 INFO train_distributed it=   0 lr=1.00e-04 loss_world=26.8571 |∇|=2.04e+03 γ=1.000 T=0.0500
2026-04-28 18:22:29,025 INFO train_distributed it=   0 lr=1.00e-04 loss_world=1446.1265 |∇|=3.18e+06 γ=1.000 T=0.0500
2026-04-28 18:22:38,622 INFO train_distributed it=   9 lr=1.00e-03 loss_world=5.1146 |∇|=1.16e+03 γ=0.999 T=0.0501
2026-04-28 18:22:38,652 INFO train_distributed it=   9 lr=1.00e-03 loss_world=2.5299 |∇|=2.29e+02 γ=1.000 T=0.0499
2026-04-28 18:22:38,694 INFO train_distributed it=   9 lr=1.00e-03 loss_world=2.6604 |∇|=1.16e+02 γ=0.998 T=0.0501
2026-04-28 18:22:38,729 INFO train_distributed it=   9 lr=1.00e-03 loss_world=1.7533 |∇|=2.12e+02 γ=0.996 T=0.0500
2026-04-28 18:22:38,760 INFO train_distributed it=   9 lr=1.00e-03 loss_world=4.6520 |∇|=3.74e+02 γ=0.997 T=0.0501
2026-04-28 18:22:38,768 INFO train_distributed it=   9 lr=1.00e-03 loss_world=3.9609 |∇|=1.68e+02 γ=1.001 T=0.0500
2026-04-28 18:22:38,773 INFO train_distributed it=   9 lr=1.00e-03 loss_world=1.9266 |∇|=6.93e+01 γ=0.995 T=0.0500
2026-04-28 18:22:38,853 INFO train_distributed it=   9 lr=1.00e-03 loss_world=5.8967 |∇|=7.08e+02 γ=0.997 T=0.0500
2026-04-28 18:22:49,522 INFO train_distributed it=  19 lr=9.95e-04 loss_world=1.4328 |∇|=2.19e+03 γ=0.995 T=0.0500
2026-04-28 18:22:49,576 INFO train_distributed it=  19 lr=9.95e-04 loss_world=7.6456 |∇|=1.13e+03 γ=0.994 T=0.0499
2026-04-28 18:22:49,641 INFO train_distributed it=  19 lr=9.95e-04 loss_world=5.2386 |∇|=4.16e+02 γ=0.991 T=0.0501
2026-04-28 18:22:49,666 INFO train_distributed it=  19 lr=9.95e-04 loss_world=4.7213 |∇|=1.80e+03 γ=0.993 T=0.0502
2026-04-28 18:22:49,669 INFO train_distributed it=  19 lr=9.95e-04 loss_world=40.7785 |∇|=8.50e+03 γ=0.991 T=0.0500
2026-04-28 18:22:49,804 INFO train_distributed it=  19 lr=9.95e-04 loss_world=2.2777 |∇|=5.72e+01 γ=0.989 T=0.0499
2026-04-28 18:22:49,822 INFO train_distributed it=  19 lr=9.95e-04 loss_world=2.1328 |∇|=7.68e+01 γ=1.000 T=0.0501
2026-04-28 18:22:49,929 INFO train_distributed it=  19 lr=9.95e-04 loss_world=1.8949 |∇|=3.91e+01 γ=0.991 T=0.0500
2026-04-28 18:23:00,455 INFO train_distributed it=  29 lr=9.78e-04 loss_world=6.9318 |∇|=1.26e+03 γ=0.991 T=0.0500
2026-04-28 18:23:00,501 INFO train_distributed it=  29 lr=9.78e-04 loss_world=2.9929 |∇|=1.78e+02 γ=0.989 T=0.0499
2026-04-28 18:23:00,604 INFO train_distributed it=  29 lr=9.78e-04 loss_world=1.1126 |∇|=1.54e+02 γ=0.991 T=0.0502
2026-04-28 18:23:00,606 INFO train_distributed it=  29 lr=9.78e-04 loss_world=2.3974 |∇|=1.78e+02 γ=0.984 T=0.0502
2026-04-28 18:23:00,616 INFO train_distributed it=  29 lr=9.78e-04 loss_world=1.3981 |∇|=8.72e+01 γ=0.988 T=0.0500
2026-04-28 18:23:00,840 INFO train_distributed it=  29 lr=9.78e-04 loss_world=5.2509 |∇|=1.33e+03 γ=0.985 T=0.0499
2026-04-28 18:23:00,953 INFO train_distributed it=  29 lr=9.78e-04 loss_world=4.9881 |∇|=8.09e+02 γ=0.998 T=0.0501
2026-04-28 18:23:00,983 INFO train_distributed it=  29 lr=9.78e-04 loss_world=2.2671 |∇|=1.68e+02 γ=0.983 T=0.0500
2026-04-28 18:23:11,387 INFO train_distributed it=  39 lr=9.49e-04 loss_world=2.0550 |∇|=2.78e+02 γ=0.986 T=0.0500
2026-04-28 18:23:11,430 INFO train_distributed it=  39 lr=9.49e-04 loss_world=2.3879 |∇|=2.82e+02 γ=0.984 T=0.0499
2026-04-28 18:23:11,542 INFO train_distributed it=  39 lr=9.49e-04 loss_world=1.1643 |∇|=1.96e+02 γ=0.990 T=0.0503
2026-04-28 18:23:11,563 INFO train_distributed it=  39 lr=9.49e-04 loss_world=1.6583 |∇|=1.03e+02 γ=0.986 T=0.0500
2026-04-28 18:23:11,571 INFO train_distributed it=  39 lr=9.49e-04 loss_world=1.1707 |∇|=1.85e+02 γ=0.981 T=0.0502
2026-04-28 18:23:11,866 INFO train_distributed it=  39 lr=9.49e-04 loss_world=2.4651 |∇|=1.56e+02 γ=0.980 T=0.0499
2026-04-28 18:23:12,013 INFO train_distributed it=  39 lr=9.49e-04 loss_world=2.9033 |∇|=1.25e+02 γ=0.975 T=0.0499
2026-04-28 18:23:12,089 INFO train_distributed it=  39 lr=9.49e-04 loss_world=2.3078 |∇|=8.84e+01 γ=0.996 T=0.0501
2026-04-28 18:23:22,309 INFO train_distributed it=  49 lr=9.10e-04 loss_world=2.8723 |∇|=7.82e+02 γ=0.985 T=0.0500
2026-04-28 18:23:22,349 INFO train_distributed it=  49 lr=9.10e-04 loss_world=5.7227 |∇|=9.00e+02 γ=0.977 T=0.0499
2026-04-28 18:23:22,481 INFO train_distributed it=  49 lr=9.10e-04 loss_world=1.3919 |∇|=1.02e+02 γ=0.990 T=0.0503
2026-04-28 18:23:22,497 INFO train_distributed it=  49 lr=9.10e-04 loss_world=13.4650 |∇|=2.08e+03 γ=0.985 T=0.0500
2026-04-28 18:23:22,527 INFO train_distributed it=  49 lr=9.10e-04 loss_world=1.3920 |∇|=2.50e+02 γ=0.980 T=0.0503
2026-04-28 18:23:22,863 INFO train_distributed it=  49 lr=9.10e-04 loss_world=1.7497 |∇|=1.30e+02 γ=0.974 T=0.0498
2026-04-28 18:23:23,035 INFO train_distributed it=  49 lr=9.10e-04 loss_world=1.2231 |∇|=6.41e+03 γ=0.970 T=0.0500
2026-04-28 18:23:23,232 INFO train_distributed it=  49 lr=9.10e-04 loss_world=2.4941 |∇|=8.40e+01 γ=0.993 T=0.0502
2026-04-28 18:23:33,228 INFO train_distributed it=  59 lr=8.60e-04 loss_world=3.3748 |∇|=4.14e+02 γ=0.986 T=0.0501
2026-04-28 18:23:33,273 INFO train_distributed it=  59 lr=8.60e-04 loss_world=6.1184 |∇|=1.18e+03 γ=0.970 T=0.0501
2026-04-28 18:23:33,412 INFO train_distributed it=  59 lr=8.60e-04 loss_world=1.6721 |∇|=1.36e+02 γ=0.991 T=0.0505
2026-04-28 18:23:33,450 INFO train_distributed it=  59 lr=8.60e-04 loss_world=1.0563 |∇|=1.27e+02 γ=0.983 T=0.0499
2026-04-28 18:23:33,499 INFO train_distributed it=  59 lr=8.60e-04 loss_world=2.9611 |∇|=9.93e+02 γ=0.980 T=0.0503
2026-04-28 18:23:33,854 INFO train_distributed it=  59 lr=8.60e-04 loss_world=0.9784 |∇|=7.43e+01 γ=0.972 T=0.0498
2026-04-28 18:23:34,051 INFO train_distributed it=  59 lr=8.60e-04 loss_world=3.3164 |∇|=2.23e+03 γ=0.967 T=0.0500
2026-04-28 18:23:34,357 INFO train_distributed it=  59 lr=8.60e-04 loss_world=1.6782 |∇|=6.17e+02 γ=0.988 T=0.0502
2026-04-28 18:23:44,147 INFO train_distributed it=  69 lr=8.02e-04 loss_world=1.5371 |∇|=3.71e+02 γ=0.988 T=0.0502
2026-04-28 18:23:44,184 INFO train_distributed it=  69 lr=8.02e-04 loss_world=21.8612 |∇|=4.44e+03 γ=0.964 T=0.0502
2026-04-28 18:23:44,341 INFO train_distributed it=  69 lr=8.02e-04 loss_world=38.1879 |∇|=4.62e+03 γ=0.991 T=0.0505
2026-04-28 18:23:44,378 INFO train_distributed it=  69 lr=8.02e-04 loss_world=1.7132 |∇|=3.10e+02 γ=0.983 T=0.0499
2026-04-28 18:23:44,454 INFO train_distributed it=  69 lr=8.02e-04 loss_world=10.8472 |∇|=1.42e+03 γ=0.979 T=0.0504
2026-04-28 18:23:44,836 INFO train_distributed it=  69 lr=8.02e-04 loss_world=2.0129 |∇|=2.48e+02 γ=0.970 T=0.0497
2026-04-28 18:23:45,078 INFO train_distributed it=  69 lr=8.02e-04 loss_world=2.2834 |∇|=2.11e+02 γ=0.963 T=0.0499
2026-04-28 18:23:45,480 INFO train_distributed it=  69 lr=8.02e-04 loss_world=2.8252 |∇|=1.26e+02 γ=0.983 T=0.0503
2026-04-28 18:23:55,067 INFO train_distributed it=  79 lr=7.38e-04 loss_world=8.0972 |∇|=3.50e+03 γ=0.989 T=0.0503
2026-04-28 18:23:55,101 INFO train_distributed it=  79 lr=7.38e-04 loss_world=1.6691 |∇|=2.40e+03 γ=0.959 T=0.0502
2026-04-28 18:23:55,269 INFO train_distributed it=  79 lr=7.38e-04 loss_world=28.1503 |∇|=3.11e+03 γ=0.991 T=0.0504
2026-04-28 18:23:55,316 INFO train_distributed it=  79 lr=7.38e-04 loss_world=13.2306 |∇|=1.94e+03 γ=0.983 T=0.0499
2026-04-28 18:23:55,414 INFO train_distributed it=  79 lr=7.38e-04 loss_world=1.4067 |∇|=9.81e+01 γ=0.980 T=0.0503
2026-04-28 18:23:55,812 INFO train_distributed it=  79 lr=7.38e-04 loss_world=8.8174 |∇|=2.38e+03 γ=0.970 T=0.0497
2026-04-28 18:23:56,091 INFO train_distributed it=  79 lr=7.38e-04 loss_world=2.3527 |∇|=2.21e+02 γ=0.962 T=0.0499
2026-04-28 18:23:56,596 INFO train_distributed it=  79 lr=7.38e-04 loss_world=2.3663 |∇|=1.50e+02 γ=0.980 T=0.0503
2026-04-28 18:24:05,995 INFO train_distributed it=  89 lr=6.68e-04 loss_world=7.7094 |∇|=1.15e+03 γ=0.990 T=0.0503
2026-04-28 18:24:06,031 INFO train_distributed it=  89 lr=6.68e-04 loss_world=5.6188 |∇|=2.33e+03 γ=0.956 T=0.0503
2026-04-28 18:24:06,201 INFO train_distributed it=  89 lr=6.68e-04 loss_world=13.3198 |∇|=1.89e+03 γ=0.990 T=0.0504
2026-04-28 18:24:06,277 INFO train_distributed it=  89 lr=6.68e-04 loss_world=7.9797 |∇|=1.43e+03 γ=0.983 T=0.0499
2026-04-28 18:24:06,374 INFO train_distributed it=  89 lr=6.68e-04 loss_world=1.4201 |∇|=1.13e+02 γ=0.980 T=0.0503
2026-04-28 18:24:06,789 INFO train_distributed it=  89 lr=6.68e-04 loss_world=2.0709 |∇|=1.03e+03 γ=0.970 T=0.0495
2026-04-28 18:24:07,093 INFO train_distributed it=  89 lr=6.68e-04 loss_world=3.3284 |∇|=5.79e+03 γ=0.961 T=0.0499
2026-04-28 18:24:07,712 INFO train_distributed it=  89 lr=6.68e-04 loss_world=2.4763 |∇|=1.45e+02 γ=0.977 T=0.0503
2026-04-28 18:24:16,910 INFO train_distributed it=  99 lr=5.95e-04 loss_world=6.1467 |∇|=5.12e+03 γ=0.991 T=0.0503
2026-04-28 18:24:16,947 INFO train_distributed it=  99 lr=5.95e-04 loss_world=2.6546 |∇|=5.85e+02 γ=0.952 T=0.0503
2026-04-28 18:24:17,126 INFO train_distributed it=  99 lr=5.95e-04 loss_world=1.1386 |∇|=6.96e+01 γ=0.988 T=0.0505
2026-04-28 18:24:17,221 INFO train_distributed it=  99 lr=5.95e-04 loss_world=5.6008 |∇|=2.37e+03 γ=0.983 T=0.0498
2026-04-28 18:24:17,331 INFO train_distributed it=  99 lr=5.95e-04 loss_world=0.8589 |∇|=3.27e+02 γ=0.981 T=0.0504
2026-04-28 18:24:17,754 INFO train_distributed it=  99 lr=5.95e-04 loss_world=1.5802 |∇|=3.14e+02 γ=0.969 T=0.0495
2026-04-28 18:24:18,092 INFO train_distributed it=  99 lr=5.95e-04 loss_world=2.5482 |∇|=1.79e+02 γ=0.960 T=0.0499
2026-04-28 18:24:18,810 INFO train_distributed it=  99 lr=5.95e-04 loss_world=7.1282 |∇|=1.65e+03 γ=0.976 T=0.0502
2026-04-28 18:24:27,828 INFO train_distributed it= 109 lr=5.20e-04 loss_world=4.6565 |∇|=6.62e+02 γ=0.991 T=0.0503
2026-04-28 18:24:27,854 INFO train_distributed it= 109 lr=5.20e-04 loss_world=2.1294 |∇|=4.15e+02 γ=0.949 T=0.0503
2026-04-28 18:24:28,047 INFO train_distributed it= 109 lr=5.20e-04 loss_world=5.7610 |∇|=1.79e+03 γ=0.987 T=0.0505
2026-04-28 18:24:28,152 INFO train_distributed it= 109 lr=5.20e-04 loss_world=1.1189 |∇|=1.92e+02 γ=0.984 T=0.0498
2026-04-28 18:24:28,288 INFO train_distributed it= 109 lr=5.20e-04 loss_world=6.6034 |∇|=5.74e+03 γ=0.982 T=0.0504
2026-04-28 18:24:28,723 INFO train_distributed it= 109 lr=5.20e-04 loss_world=1.1768 |∇|=1.85e+02 γ=0.970 T=0.0495
2026-04-28 18:24:29,090 INFO train_distributed it= 109 lr=5.20e-04 loss_world=1.7210 |∇|=1.69e+03 γ=0.960 T=0.0499
2026-04-28 18:24:29,909 INFO train_distributed it= 109 lr=5.20e-04 loss_world=1.1349 |∇|=2.77e+02 γ=0.975 T=0.0502
2026-04-28 18:24:38,740 INFO train_distributed it= 119 lr=4.47e-04 loss_world=1.0674 |∇|=7.86e+02 γ=0.991 T=0.0503
2026-04-28 18:24:38,758 INFO train_distributed it= 119 lr=4.47e-04 loss_world=2.0595 |∇|=3.52e+02 γ=0.947 T=0.0503
2026-04-28 18:24:38,965 INFO train_distributed it= 119 lr=4.47e-04 loss_world=1.6925 |∇|=5.04e+02 γ=0.988 T=0.0505
2026-04-28 18:24:39,083 INFO train_distributed it= 119 lr=4.47e-04 loss_world=14.3246 |∇|=2.39e+03 γ=0.984 T=0.0498
2026-04-28 18:24:39,241 INFO train_distributed it= 119 lr=4.47e-04 loss_world=1.2676 |∇|=1.21e+02 γ=0.982 T=0.0504
2026-04-28 18:24:39,692 INFO train_distributed it= 119 lr=4.47e-04 loss_world=2.8233 |∇|=2.05e+03 γ=0.971 T=0.0495
2026-04-28 18:24:40,086 INFO train_distributed it= 119 lr=4.47e-04 loss_world=2.1135 |∇|=7.02e+02 γ=0.960 T=0.0499
2026-04-28 18:24:41,007 INFO train_distributed it= 119 lr=4.47e-04 loss_world=1.0754 |∇|=6.46e+01 γ=0.974 T=0.0502
2026-04-28 18:24:49,653 INFO train_distributed it= 129 lr=3.76e-04 loss_world=1.2112 |∇|=1.87e+02 γ=0.993 T=0.0504
2026-04-28 18:24:49,663 INFO train_distributed it= 129 lr=3.76e-04 loss_world=2.6310 |∇|=8.68e+02 γ=0.946 T=0.0503
2026-04-28 18:24:49,887 INFO train_distributed it= 129 lr=3.76e-04 loss_world=1.4668 |∇|=1.60e+02 γ=0.988 T=0.0505
2026-04-28 18:24:50,010 INFO train_distributed it= 129 lr=3.76e-04 loss_world=1.1475 |∇|=2.27e+02 γ=0.985 T=0.0499
2026-04-28 18:24:50,189 INFO train_distributed it= 129 lr=3.76e-04 loss_world=1.0342 |∇|=1.24e+02 γ=0.983 T=0.0504
2026-04-28 18:24:50,645 INFO train_distributed it= 129 lr=3.76e-04 loss_world=7.7018 |∇|=1.84e+03 γ=0.971 T=0.0494
2026-04-28 18:24:51,074 INFO train_distributed it= 129 lr=3.76e-04 loss_world=2.4645 |∇|=1.53e+02 γ=0.960 T=0.0499
2026-04-28 18:24:52,102 INFO train_distributed it= 129 lr=3.76e-04 loss_world=1.0093 |∇|=8.24e+01 γ=0.974 T=0.0502
2026-04-28 18:25:00,570 INFO train_distributed it= 139 lr=3.10e-04 loss_world=1.1320 |∇|=3.89e+02 γ=0.994 T=0.0504
2026-04-28 18:25:00,573 INFO train_distributed it= 139 lr=3.10e-04 loss_world=2.6867 |∇|=3.14e+02 γ=0.945 T=0.0503
2026-04-28 18:25:00,806 INFO train_distributed it= 139 lr=3.10e-04 loss_world=2.7089 |∇|=1.69e+03 γ=0.988 T=0.0505
2026-04-28 18:25:00,940 INFO train_distributed it= 139 lr=3.10e-04 loss_world=1.6372 |∇|=2.00e+02 γ=0.985 T=0.0498
2026-04-28 18:25:01,146 INFO train_distributed it= 139 lr=3.10e-04 loss_world=1.1214 |∇|=8.28e+01 γ=0.983 T=0.0504
2026-04-28 18:25:01,607 INFO train_distributed it= 139 lr=3.10e-04 loss_world=1.0320 |∇|=1.72e+02 γ=0.972 T=0.0494
2026-04-28 18:25:02,080 INFO train_distributed it= 139 lr=3.10e-04 loss_world=1.9763 |∇|=4.36e+02 γ=0.960 T=0.0499
2026-04-28 18:25:03,206 INFO train_distributed it= 139 lr=3.10e-04 loss_world=1.4797 |∇|=1.57e+03 γ=0.974 T=0.0502
2026-04-28 18:25:11,486 INFO train_distributed it= 149 lr=2.51e-04 loss_world=2.2123 |∇|=8.44e+02 γ=0.945 T=0.0503
2026-04-28 18:25:11,492 INFO train_distributed it= 149 lr=2.51e-04 loss_world=1.2387 |∇|=5.99e+02 γ=0.994 T=0.0504
2026-04-28 18:25:11,735 INFO train_distributed it= 149 lr=2.51e-04 loss_world=1.1422 |∇|=8.24e+01 γ=0.988 T=0.0505
2026-04-28 18:25:11,876 INFO train_distributed it= 149 lr=2.51e-04 loss_world=1.3095 |∇|=2.01e+02 γ=0.985 T=0.0498
2026-04-28 18:25:12,098 INFO train_distributed it= 149 lr=2.51e-04 loss_world=1.0068 |∇|=1.22e+02 γ=0.983 T=0.0504
2026-04-28 18:25:12,578 INFO train_distributed it= 149 lr=2.51e-04 loss_world=7.6719 |∇|=2.34e+03 γ=0.972 T=0.0494
2026-04-28 18:25:13,092 INFO train_distributed it= 149 lr=2.51e-04 loss_world=2.4468 |∇|=5.32e+02 γ=0.960 T=0.0499
2026-04-28 18:25:14,327 INFO train_distributed it= 149 lr=2.51e-04 loss_world=1.6262 |∇|=1.52e+03 γ=0.974 T=0.0502
2026-04-28 18:25:22,402 INFO train_distributed it= 159 lr=2.00e-04 loss_world=2.4495 |∇|=5.28e+02 γ=0.945 T=0.0503
2026-04-28 18:25:22,408 INFO train_distributed it= 159 lr=2.00e-04 loss_world=1.2562 |∇|=4.45e+02 γ=0.994 T=0.0504
2026-04-28 18:25:22,656 INFO train_distributed it= 159 lr=2.00e-04 loss_world=1.3014 |∇|=5.57e+01 γ=0.988 T=0.0505
2026-04-28 18:25:22,806 INFO train_distributed it= 159 lr=2.00e-04 loss_world=1.4927 |∇|=2.60e+02 γ=0.985 T=0.0497
2026-04-28 18:25:23,048 INFO train_distributed it= 159 lr=2.00e-04 loss_world=1.0595 |∇|=1.65e+02 γ=0.983 T=0.0503
2026-04-28 18:25:23,544 INFO train_distributed it= 159 lr=2.00e-04 loss_world=1.0242 |∇|=5.47e+02 γ=0.972 T=0.0494
2026-04-28 18:25:24,109 INFO train_distributed it= 159 lr=2.00e-04 loss_world=1.4324 |∇|=1.36e+04 γ=0.960 T=0.0499
2026-04-28 18:25:25,454 INFO train_distributed it= 159 lr=2.00e-04 loss_world=13.5762 |∇|=1.14e+04 γ=0.974 T=0.0502
2026-04-28 18:25:33,323 INFO train_distributed it= 169 lr=1.58e-04 loss_world=1.8140 |∇|=2.93e+03 γ=0.945 T=0.0503
2026-04-28 18:25:33,323 INFO train_distributed it= 169 lr=1.58e-04 loss_world=4.9543 |∇|=2.17e+03 γ=0.994 T=0.0504
2026-04-28 18:25:33,575 INFO train_distributed it= 169 lr=1.58e-04 loss_world=1.0509 |∇|=1.37e+02 γ=0.988 T=0.0505
2026-04-28 18:25:33,741 INFO train_distributed it= 169 lr=1.58e-04 loss_world=1.0096 |∇|=6.71e+02 γ=0.985 T=0.0497
2026-04-28 18:25:34,002 INFO train_distributed it= 169 lr=1.58e-04 loss_world=1.2625 |∇|=8.71e+01 γ=0.983 T=0.0504
2026-04-28 18:25:34,516 INFO train_distributed it= 169 lr=1.58e-04 loss_world=1.5635 |∇|=5.95e+02 γ=0.972 T=0.0494
2026-04-28 18:25:35,114 INFO train_distributed it= 169 lr=1.58e-04 loss_world=2.2914 |∇|=2.21e+03 γ=0.960 T=0.0499
2026-04-28 18:25:36,558 INFO train_distributed it= 169 lr=1.58e-04 loss_world=1.1605 |∇|=5.21e+02 γ=0.975 T=0.0503
2026-04-28 18:25:44,232 INFO train_distributed it= 179 lr=1.27e-04 loss_world=1.8305 |∇|=3.48e+03 γ=0.994 T=0.0504
2026-04-28 18:25:44,249 INFO train_distributed it= 179 lr=1.27e-04 loss_world=2.1268 |∇|=1.26e+03 γ=0.945 T=0.0503
2026-04-28 18:25:44,492 INFO train_distributed it= 179 lr=1.27e-04 loss_world=1.2105 |∇|=2.14e+02 γ=0.988 T=0.0505
2026-04-28 18:25:44,672 INFO train_distributed it= 179 lr=1.27e-04 loss_world=4.9020 |∇|=3.48e+03 γ=0.985 T=0.0497
2026-04-28 18:25:44,954 INFO train_distributed it= 179 lr=1.27e-04 loss_world=1.1022 |∇|=8.78e+01 γ=0.983 T=0.0504
2026-04-28 18:25:45,484 INFO train_distributed it= 179 lr=1.27e-04 loss_world=1.2464 |∇|=8.87e+02 γ=0.972 T=0.0494
2026-04-28 18:25:46,121 INFO train_distributed it= 179 lr=1.27e-04 loss_world=2.4564 |∇|=3.12e+03 γ=0.960 T=0.0499
2026-04-28 18:25:47,675 INFO train_distributed it= 179 lr=1.27e-04 loss_world=3.1239 |∇|=2.00e+03 γ=0.974 T=0.0503
2026-04-28 18:25:55,145 INFO train_distributed it= 189 lr=1.07e-04 loss_world=0.9499 |∇|=2.74e+02 γ=0.994 T=0.0504
2026-04-28 18:25:55,177 INFO train_distributed it= 189 lr=1.07e-04 loss_world=2.0158 |∇|=3.19e+03 γ=0.945 T=0.0503
2026-04-28 18:25:55,414 INFO train_distributed it= 189 lr=1.07e-04 loss_world=1.6540 |∇|=1.75e+03 γ=0.988 T=0.0505
2026-04-28 18:25:55,600 INFO train_distributed it= 189 lr=1.07e-04 loss_world=3.4178 |∇|=3.07e+03 γ=0.985 T=0.0497
2026-04-28 18:25:55,907 INFO train_distributed it= 189 lr=1.07e-04 loss_world=1.1898 |∇|=2.28e+02 γ=0.983 T=0.0504
2026-04-28 18:25:56,451 INFO train_distributed it= 189 lr=1.07e-04 loss_world=1.1879 |∇|=2.16e+02 γ=0.972 T=0.0494
2026-04-28 18:25:57,138 INFO train_distributed it= 189 lr=1.07e-04 loss_world=2.3964 |∇|=2.11e+03 γ=0.960 T=0.0499
2026-04-28 18:25:58,794 INFO train_distributed it= 189 lr=1.07e-04 loss_world=3.4565 |∇|=2.31e+03 γ=0.974 T=0.0503
2026-04-28 18:26:06,065 INFO train_distributed it= 199 lr=1.00e-04 loss_world=0.9834 |∇|=1.66e+02 γ=0.994 T=0.0504
2026-04-28 18:26:06,070 INFO train_distributed training finished in 219.5s (200 iters, world_size=1)
2026-04-28 18:26:06,070 INFO train_distributed [rank 0] peak HBM: alloc=7.09 GB, reserved=7.68 GB
2026-04-28 18:26:06,073 INFO train_distributed [rank 0] wrote experiments/040_arch_tier_2_1_jumps/results_t21_jumps_seed6/training_log.json
2026-04-28 18:26:06,106 INFO train_distributed it= 199 lr=1.00e-04 loss_world=4.0944 |∇|=3.58e+04 γ=0.945 T=0.0503
2026-04-28 18:26:06,111 INFO train_distributed training finished in 219.5s (200 iters, world_size=1)
2026-04-28 18:26:06,111 INFO train_distributed [rank 0] peak HBM: alloc=7.09 GB, reserved=7.68 GB
2026-04-28 18:26:06,114 INFO train_distributed [rank 0] wrote experiments/040_arch_tier_2_1_jumps/results_t21_jumps_seed4/training_log.json
2026-04-28 18:26:06,336 INFO train_distributed it= 199 lr=1.00e-04 loss_world=1.2406 |∇|=2.52e+02 γ=0.989 T=0.0505
2026-04-28 18:26:06,341 INFO train_distributed training finished in 219.7s (200 iters, world_size=1)
2026-04-28 18:26:06,341 INFO train_distributed [rank 0] peak HBM: alloc=7.09 GB, reserved=7.68 GB
2026-04-28 18:26:06,345 INFO train_distributed [rank 0] wrote experiments/040_arch_tier_2_1_jumps/results_t21_jumps_seed3/training_log.json
2026-04-28 18:26:06,531 INFO train_distributed it= 199 lr=1.00e-04 loss_world=1.4955 |∇|=1.53e+02 γ=0.985 T=0.0497
2026-04-28 18:26:06,537 INFO train_distributed training finished in 220.0s (200 iters, world_size=1)
2026-04-28 18:26:06,537 INFO train_distributed [rank 0] peak HBM: alloc=7.09 GB, reserved=7.68 GB
2026-04-28 18:26:06,540 INFO train_distributed [rank 0] wrote experiments/040_arch_tier_2_1_jumps/results_t21_jumps_seed7/training_log.json
2026-04-28 18:26:06,856 INFO train_distributed it= 199 lr=1.00e-04 loss_world=1.3961 |∇|=2.16e+03 γ=0.983 T=0.0504
2026-04-28 18:26:06,862 INFO train_distributed training finished in 220.3s (200 iters, world_size=1)
2026-04-28 18:26:06,862 INFO train_distributed [rank 0] peak HBM: alloc=7.09 GB, reserved=7.68 GB
2026-04-28 18:26:06,865 INFO train_distributed [rank 0] wrote experiments/040_arch_tier_2_1_jumps/results_t21_jumps_seed2/training_log.json
  ✓ t21_jumps_seed6 230s (card 6)

═ TRAIN t21_jumps_seed8 (card 0) ═ 18:26:07
  ✓ t21_jumps_seed4 230s (card 4)

═ TRAIN t21_jumps_seed9 (card 1) ═ 18:26:07
  ✓ t21_jumps_seed3 230s (card 3)
2026-04-28 18:26:07,425 INFO train_distributed it= 199 lr=1.00e-04 loss_world=1.3201 |∇|=3.51e+02 γ=0.972 T=0.0494
2026-04-28 18:26:07,430 INFO train_distributed training finished in 220.9s (200 iters, world_size=1)
2026-04-28 18:26:07,430 INFO train_distributed [rank 0] peak HBM: alloc=7.09 GB, reserved=7.68 GB
2026-04-28 18:26:07,434 INFO train_distributed [rank 0] wrote experiments/040_arch_tier_2_1_jumps/results_t21_jumps_seed0/training_log.json
  ✓ t21_jumps_seed7 230s (card 7)
  ✓ t21_jumps_seed2 230s (card 2)
2026-04-28 18:26:08,148 INFO train_distributed it= 199 lr=1.00e-04 loss_world=2.2701 |∇|=1.67e+03 γ=0.960 T=0.0499
2026-04-28 18:26:08,154 INFO train_distributed training finished in 221.6s (200 iters, world_size=1)
2026-04-28 18:26:08,154 INFO train_distributed [rank 0] peak HBM: alloc=7.09 GB, reserved=7.68 GB
2026-04-28 18:26:08,157 INFO train_distributed [rank 0] wrote experiments/040_arch_tier_2_1_jumps/results_t21_jumps_seed1/training_log.json
  ✓ t21_jumps_seed0 231s (card 0)
  ✓ t21_jumps_seed1 232s (card 1)
2026-04-28 18:26:09,919 INFO train_distributed it= 199 lr=1.00e-04 loss_world=2.0195 |∇|=3.16e+03 γ=0.974 T=0.0503
2026-04-28 18:26:09,924 INFO train_distributed training finished in 223.4s (200 iters, world_size=1)
2026-04-28 18:26:09,924 INFO train_distributed [rank 0] peak HBM: alloc=7.09 GB, reserved=7.68 GB
2026-04-28 18:26:09,927 INFO train_distributed [rank 0] wrote experiments/040_arch_tier_2_1_jumps/results_t21_jumps_seed5/training_log.json
2026-04-28 18:26:10,752 INFO train_distributed [dist] rank=0 world_size=1 local_rank=0 cuda_available=True
2026-04-28 18:26:10,795 INFO train_distributed loaded 2,841 returns for spx/2015-2026_daily
2026-04-28 18:26:10,803 INFO train_distributed targets: acf_sq=0.342 leverage_sum=-0.790 hill_alpha=2.68
2026-04-28 18:26:11,262 INFO train_distributed [dist] rank=0 world_size=1 local_rank=0 cuda_available=True
  ✓ t21_jumps_seed5 234s (card 5)
2026-04-28 18:26:11,307 INFO train_distributed loaded 2,841 returns for spx/2015-2026_daily
2026-04-28 18:26:11,314 INFO train_distributed targets: acf_sq=0.342 leverage_sum=-0.790 hill_alpha=2.68
2026-04-28 18:26:11,456 INFO train_distributed EcoMDSimulator built: 31588 parameters (device=cuda:0)
2026-04-28 18:26:11,601 INFO train_distributed EcoMDSimulator built: 31588 parameters (device=cuda:0)
2026-04-28 18:26:13,804 INFO train_distributed it=   0 lr=1.00e-04 loss_world=51.1633 |∇|=2.81e+04 γ=1.000 T=0.0500
2026-04-28 18:26:13,990 INFO train_distributed it=   0 lr=1.00e-04 loss_world=28.1698 |∇|=1.97e+03 γ=1.000 T=0.0500
2026-04-28 18:26:23,720 INFO train_distributed it=   9 lr=1.00e-03 loss_world=2.8954 |∇|=6.30e+01 γ=0.996 T=0.0500
2026-04-28 18:26:23,917 INFO train_distributed it=   9 lr=1.00e-03 loss_world=5.3681 |∇|=4.57e+02 γ=1.003 T=0.0501
2026-04-28 18:26:34,785 INFO train_distributed it=  19 lr=9.95e-04 loss_world=2.4687 |∇|=1.10e+02 γ=0.988 T=0.0500
2026-04-28 18:26:35,015 INFO train_distributed it=  19 lr=9.95e-04 loss_world=2.6053 |∇|=8.62e+01 γ=1.003 T=0.0502
2026-04-28 18:26:45,814 INFO train_distributed it=  29 lr=9.78e-04 loss_world=6.7566 |∇|=6.36e+02 γ=0.983 T=0.0500
2026-04-28 18:26:46,075 INFO train_distributed it=  29 lr=9.78e-04 loss_world=2.8897 |∇|=1.09e+02 γ=1.000 T=0.0502
2026-04-28 18:26:56,817 INFO train_distributed it=  39 lr=9.49e-04 loss_world=5.4159 |∇|=1.18e+03 γ=0.978 T=0.0500
2026-04-28 18:26:57,103 INFO train_distributed it=  39 lr=9.49e-04 loss_world=2.5963 |∇|=1.45e+02 γ=0.997 T=0.0502
2026-04-28 18:27:07,820 INFO train_distributed it=  49 lr=9.10e-04 loss_world=11.1192 |∇|=1.22e+03 γ=0.973 T=0.0500
2026-04-28 18:27:08,129 INFO train_distributed it=  49 lr=9.10e-04 loss_world=4.9368 |∇|=9.49e+02 γ=0.994 T=0.0502
2026-04-28 18:27:18,796 INFO train_distributed it=  59 lr=8.60e-04 loss_world=2.1244 |∇|=3.12e+02 γ=0.969 T=0.0501
2026-04-28 18:27:19,133 INFO train_distributed it=  59 lr=8.60e-04 loss_world=2.8588 |∇|=1.60e+02 γ=0.990 T=0.0502
2026-04-28 18:27:29,760 INFO train_distributed it=  69 lr=8.02e-04 loss_world=19.2414 |∇|=2.72e+03 γ=0.966 T=0.0501
2026-04-28 18:27:30,133 INFO train_distributed it=  69 lr=8.02e-04 loss_world=4.6326 |∇|=9.05e+02 γ=0.987 T=0.0503
2026-04-28 18:27:40,720 INFO train_distributed it=  79 lr=7.38e-04 loss_world=3.1336 |∇|=1.74e+03 γ=0.963 T=0.0501
2026-04-28 18:27:41,130 INFO train_distributed it=  79 lr=7.38e-04 loss_world=1.5845 |∇|=4.47e+03 γ=0.984 T=0.0503
2026-04-28 18:27:51,679 INFO train_distributed it=  89 lr=6.68e-04 loss_world=7.5406 |∇|=2.29e+03 γ=0.961 T=0.0501
2026-04-28 18:27:52,116 INFO train_distributed it=  89 lr=6.68e-04 loss_world=2.3104 |∇|=1.86e+02 γ=0.980 T=0.0502
2026-04-28 18:28:02,636 INFO train_distributed it=  99 lr=5.95e-04 loss_world=21.1539 |∇|=3.44e+03 γ=0.959 T=0.0501
2026-04-28 18:28:03,106 INFO train_distributed it=  99 lr=5.95e-04 loss_world=2.2755 |∇|=1.63e+02 γ=0.978 T=0.0502
2026-04-28 18:28:13,595 INFO train_distributed it= 109 lr=5.20e-04 loss_world=6.8385 |∇|=2.34e+03 γ=0.956 T=0.0501
2026-04-28 18:28:14,103 INFO train_distributed it= 109 lr=5.20e-04 loss_world=4.0960 |∇|=1.46e+03 γ=0.977 T=0.0502
2026-04-28 18:28:24,545 INFO train_distributed it= 119 lr=4.47e-04 loss_world=22.4590 |∇|=3.94e+03 γ=0.954 T=0.0501
2026-04-28 18:28:25,084 INFO train_distributed it= 119 lr=4.47e-04 loss_world=6.9798 |∇|=2.77e+03 γ=0.975 T=0.0502
2026-04-28 18:28:35,486 INFO train_distributed it= 129 lr=3.76e-04 loss_world=106.7527 |∇|=3.66e+04 γ=0.951 T=0.0501
2026-04-28 18:28:36,057 INFO train_distributed it= 129 lr=3.76e-04 loss_world=3.6998 |∇|=2.60e+03 γ=0.974 T=0.0502
2026-04-28 18:28:46,416 INFO train_distributed it= 139 lr=3.10e-04 loss_world=350.3439 |∇|=1.23e+05 γ=0.947 T=0.0501
2026-04-28 18:28:47,024 INFO train_distributed it= 139 lr=3.10e-04 loss_world=3.2064 |∇|=2.40e+03 γ=0.974 T=0.0502
2026-04-28 18:28:57,345 INFO train_distributed it= 149 lr=2.51e-04 loss_world=647.8868 |∇|=2.95e+05 γ=0.943 T=0.0501
2026-04-28 18:28:57,989 INFO train_distributed it= 149 lr=2.51e-04 loss_world=2.0209 |∇|=5.96e+02 γ=0.973 T=0.0502
2026-04-28 18:29:08,280 INFO train_distributed it= 159 lr=2.00e-04 loss_world=2498.9934 |∇|=4.27e+06 γ=0.938 T=0.0501
2026-04-28 18:29:08,950 INFO train_distributed it= 159 lr=2.00e-04 loss_world=1.5310 |∇|=5.62e+02 γ=0.973 T=0.0502
2026-04-28 18:29:19,216 INFO train_distributed it= 169 lr=1.58e-04 loss_world=2474.0752 |∇|=2.48e+06 γ=0.935 T=0.0501
2026-04-28 18:29:19,922 INFO train_distributed it= 169 lr=1.58e-04 loss_world=1.4781 |∇|=1.03e+03 γ=0.973 T=0.0502
2026-04-28 18:29:30,149 INFO train_distributed it= 179 lr=1.27e-04 loss_world=3662.6760 |∇|=5.56e+06 γ=0.934 T=0.0501
2026-04-28 18:29:30,888 INFO train_distributed it= 179 lr=1.27e-04 loss_world=1.0544 |∇|=1.17e+02 γ=0.973 T=0.0502
2026-04-28 18:29:41,077 INFO train_distributed it= 189 lr=1.07e-04 loss_world=3754.2346 |∇|=8.40e+06 γ=0.934 T=0.0501
2026-04-28 18:29:41,863 INFO train_distributed it= 189 lr=1.07e-04 loss_world=1.0742 |∇|=8.83e+01 γ=0.973 T=0.0502
2026-04-28 18:29:52,004 INFO train_distributed it= 199 lr=1.00e-04 loss_world=1489.8376 |∇|=1.19e+06 γ=0.934 T=0.0502
2026-04-28 18:29:52,009 INFO train_distributed training finished in 220.6s (200 iters, world_size=1)
2026-04-28 18:29:52,009 INFO train_distributed [rank 0] peak HBM: alloc=7.09 GB, reserved=7.68 GB
2026-04-28 18:29:52,012 INFO train_distributed [rank 0] wrote experiments/040_arch_tier_2_1_jumps/results_t21_jumps_seed8/training_log.json
2026-04-28 18:29:52,829 INFO train_distributed it= 199 lr=1.00e-04 loss_world=1.1315 |∇|=5.23e+01 γ=0.973 T=0.0502
2026-04-28 18:29:52,834 INFO train_distributed training finished in 221.2s (200 iters, world_size=1)
2026-04-28 18:29:52,834 INFO train_distributed [rank 0] peak HBM: alloc=7.09 GB, reserved=7.68 GB
2026-04-28 18:29:52,837 INFO train_distributed [rank 0] wrote experiments/040_arch_tier_2_1_jumps/results_t21_jumps_seed9/training_log.json
  ✓ t21_jumps_seed8 225s (card 0)
  ✓ t21_jumps_seed9 226s (card 1)

═ EVAL  t21_jumps_seed0 (card 0) ═ 18:29:53

═ EVAL  t21_jumps_seed1 (card 1) ═ 18:29:53

═ EVAL  t21_jumps_seed2 (card 2) ═ 18:29:53

═ EVAL  t21_jumps_seed3 (card 3) ═ 18:29:53

═ EVAL  t21_jumps_seed4 (card 4) ═ 18:29:53

═ EVAL  t21_jumps_seed5 (card 5) ═ 18:29:53

═ EVAL  t21_jumps_seed6 (card 6) ═ 18:29:53

═ EVAL  t21_jumps_seed7 (card 7) ═ 18:29:53
2026-04-28 18:29:57,529 INFO inference_run_large [dist] world_size=1 cuda=True
2026-04-28 18:29:59,139 INFO inference_run_large [dist] world_size=1 cuda=True
2026-04-28 18:29:59,520 INFO inference_run_large [dist] world_size=1 cuda=True
2026-04-28 18:29:59,964 INFO inference_run_large [dist] world_size=1 cuda=True
2026-04-28 18:30:00,365 INFO inference_run_large [dist] world_size=1 cuda=True
2026-04-28 18:30:00,743 INFO inference_run_large [dist] world_size=1 cuda=True
2026-04-28 18:30:01,142 INFO inference_run_large [dist] world_size=1 cuda=True
2026-04-28 18:30:01,634 INFO inference_run_large [dist] world_size=1 cuda=True
2026-04-28 18:30:02,153 INFO inference_run_large loaded checkpoint iter=200 from /AI4S/Users/howardwang/h204/ecophys/experiments/040_arch_tier_2_1_jumps/results_t21_jumps_seed4/checkpoint.pt
2026-04-28 18:30:02,326 INFO inference_run_large loaded checkpoint iter=200 from /AI4S/Users/howardwang/h204/ecophys/experiments/040_arch_tier_2_1_jumps/results_t21_jumps_seed3/checkpoint.pt
2026-04-28 18:30:02,326 INFO inference_run_large loaded checkpoint iter=200 from /AI4S/Users/howardwang/h204/ecophys/experiments/040_arch_tier_2_1_jumps/results_t21_jumps_seed0/checkpoint.pt
2026-04-28 18:30:02,327 INFO inference_run_large loaded checkpoint iter=200 from /AI4S/Users/howardwang/h204/ecophys/experiments/040_arch_tier_2_1_jumps/results_t21_jumps_seed2/checkpoint.pt
2026-04-28 18:30:02,351 INFO inference_run_large loaded checkpoint iter=200 from /AI4S/Users/howardwang/h204/ecophys/experiments/040_arch_tier_2_1_jumps/results_t21_jumps_seed1/checkpoint.pt
2026-04-28 18:30:02,352 INFO inference_run_large loaded checkpoint iter=200 from /AI4S/Users/howardwang/h204/ecophys/experiments/040_arch_tier_2_1_jumps/results_t21_jumps_seed5/checkpoint.pt
2026-04-28 18:30:02,375 INFO inference_run_large loaded checkpoint iter=200 from /AI4S/Users/howardwang/h204/ecophys/experiments/040_arch_tier_2_1_jumps/results_t21_jumps_seed7/checkpoint.pt
2026-04-28 18:30:02,518 INFO inference_run_large loaded checkpoint iter=200 from /AI4S/Users/howardwang/h204/ecophys/experiments/040_arch_tier_2_1_jumps/results_t21_jumps_seed6/checkpoint.pt
2026-04-28 18:30:47,837 INFO inference_run_large [rank 0] rollout 1/4 seed=10000 took 44.5s
2026-04-28 18:30:47,839 INFO inference_run_large [rank 0] rollout 1/4 seed=10000 took 44.5s
2026-04-28 18:30:47,887 INFO inference_run_large [rank 0] rollout 1/4 seed=10000 took 44.7s
2026-04-28 18:30:47,949 INFO inference_run_large [rank 0] rollout 1/4 seed=10000 took 44.6s
2026-04-28 18:30:47,982 INFO inference_run_large [rank 0] rollout 1/4 seed=10000 took 44.6s
2026-04-28 18:30:47,990 INFO inference_run_large [rank 0] rollout 1/4 seed=10000 took 44.6s
2026-04-28 18:30:48,064 INFO inference_run_large [rank 0] rollout 1/4 seed=10000 took 44.7s
2026-04-28 18:30:48,307 INFO inference_run_large [rank 0] rollout 1/4 seed=10000 took 44.9s
2026-04-28 18:31:31,719 INFO inference_run_large [rank 0] rollout 2/4 seed=10001 took 43.8s
2026-04-28 18:31:31,734 INFO inference_run_large [rank 0] rollout 2/4 seed=10001 took 43.8s
2026-04-28 18:31:31,929 INFO inference_run_large [rank 0] rollout 2/4 seed=10001 took 43.9s
2026-04-28 18:31:31,940 INFO inference_run_large [rank 0] rollout 2/4 seed=10001 took 43.9s
2026-04-28 18:31:31,957 INFO inference_run_large [rank 0] rollout 2/4 seed=10001 took 43.9s
2026-04-28 18:31:31,958 INFO inference_run_large [rank 0] rollout 2/4 seed=10001 took 43.9s
2026-04-28 18:31:32,290 INFO inference_run_large [rank 0] rollout 2/4 seed=10001 took 43.9s
2026-04-28 18:31:32,344 INFO inference_run_large [rank 0] rollout 2/4 seed=10001 took 44.2s
2026-04-28 18:32:15,594 INFO inference_run_large [rank 0] rollout 3/4 seed=10002 took 43.8s
2026-04-28 18:32:15,650 INFO inference_run_large [rank 0] rollout 3/4 seed=10002 took 43.8s
2026-04-28 18:32:15,932 INFO inference_run_large [rank 0] rollout 3/4 seed=10002 took 43.9s
2026-04-28 18:32:15,956 INFO inference_run_large [rank 0] rollout 3/4 seed=10002 took 43.9s
2026-04-28 18:32:15,959 INFO inference_run_large [rank 0] rollout 3/4 seed=10002 took 43.9s
2026-04-28 18:32:16,029 INFO inference_run_large [rank 0] rollout 3/4 seed=10002 took 44.0s
2026-04-28 18:32:16,260 INFO inference_run_large [rank 0] rollout 3/4 seed=10002 took 43.9s
2026-04-28 18:32:16,695 INFO inference_run_large [rank 0] rollout 3/4 seed=10002 took 44.3s
2026-04-28 18:32:59,522 INFO inference_run_large [rank 0] rollout 4/4 seed=10003 took 43.8s
2026-04-28 18:32:59,525 INFO inference_run_large [rank 0] wrote /AI4S/Users/howardwang/h204/ecophys/experiments/040_arch_tier_2_1_jumps/results_t21_jumps_seed3/inference_rank_0.json
2026-04-28 18:32:59,529 INFO inference_run_large [rank 0] merged 4 rollouts → /AI4S/Users/howardwang/h204/ecophys/experiments/040_arch_tier_2_1_jumps/results_t21_jumps_seed3/inference_merged.json
2026-04-28 18:32:59,660 INFO inference_run_large [rank 0] rollout 4/4 seed=10003 took 43.9s
2026-04-28 18:32:59,663 INFO inference_run_large [rank 0] wrote /AI4S/Users/howardwang/h204/ecophys/experiments/040_arch_tier_2_1_jumps/results_t21_jumps_seed0/inference_rank_0.json
2026-04-28 18:32:59,667 INFO inference_run_large [rank 0] merged 4 rollouts → /AI4S/Users/howardwang/h204/ecophys/experiments/040_arch_tier_2_1_jumps/results_t21_jumps_seed0/inference_merged.json
2026-04-28 18:32:59,970 INFO inference_run_large [rank 0] rollout 4/4 seed=10003 took 44.0s
2026-04-28 18:32:59,973 INFO inference_run_large [rank 0] wrote /AI4S/Users/howardwang/h204/ecophys/experiments/040_arch_tier_2_1_jumps/results_t21_jumps_seed7/inference_rank_0.json
2026-04-28 18:32:59,978 INFO inference_run_large [rank 0] merged 4 rollouts → /AI4S/Users/howardwang/h204/ecophys/experiments/040_arch_tier_2_1_jumps/results_t21_jumps_seed7/inference_merged.json
2026-04-28 18:32:59,978 INFO inference_run_large [rank 0] rollout 4/4 seed=10003 took 43.9s
2026-04-28 18:32:59,982 INFO inference_run_large [rank 0] wrote /AI4S/Users/howardwang/h204/ecophys/experiments/040_arch_tier_2_1_jumps/results_t21_jumps_seed1/inference_rank_0.json
2026-04-28 18:32:59,986 INFO inference_run_large [rank 0] merged 4 rollouts → /AI4S/Users/howardwang/h204/ecophys/experiments/040_arch_tier_2_1_jumps/results_t21_jumps_seed1/inference_merged.json
2026-04-28 18:32:59,986 INFO inference_run_large [rank 0] rollout 4/4 seed=10003 took 43.9s
2026-04-28 18:32:59,990 INFO inference_run_large [rank 0] wrote /AI4S/Users/howardwang/h204/ecophys/experiments/040_arch_tier_2_1_jumps/results_t21_jumps_seed2/inference_rank_0.json
2026-04-28 18:32:59,994 INFO inference_run_large [rank 0] merged 4 rollouts → /AI4S/Users/howardwang/h204/ecophys/experiments/040_arch_tier_2_1_jumps/results_t21_jumps_seed2/inference_merged.json
2026-04-28 18:33:00,111 INFO inference_run_large [rank 0] rollout 4/4 seed=10003 took 44.0s
2026-04-28 18:33:00,115 INFO inference_run_large [rank 0] wrote /AI4S/Users/howardwang/h204/ecophys/experiments/040_arch_tier_2_1_jumps/results_t21_jumps_seed4/inference_rank_0.json
2026-04-28 18:33:00,119 INFO inference_run_large [rank 0] merged 4 rollouts → /AI4S/Users/howardwang/h204/ecophys/experiments/040_arch_tier_2_1_jumps/results_t21_jumps_seed4/inference_merged.json
2026-04-28 18:33:00,276 INFO inference_run_large [rank 0] rollout 4/4 seed=10003 took 43.9s
2026-04-28 18:33:00,279 INFO inference_run_large [rank 0] wrote /AI4S/Users/howardwang/h204/ecophys/experiments/040_arch_tier_2_1_jumps/results_t21_jumps_seed6/inference_rank_0.json
2026-04-28 18:33:00,284 INFO inference_run_large [rank 0] merged 4 rollouts → /AI4S/Users/howardwang/h204/ecophys/experiments/040_arch_tier_2_1_jumps/results_t21_jumps_seed6/inference_merged.json
  ✓ eval t21_jumps_seed3 187s (card 3)

═ EVAL  t21_jumps_seed8 (card 0) ═ 18:33:00
  ✓ eval t21_jumps_seed0 187s (card 0)

═ EVAL  t21_jumps_seed9 (card 1) ═ 18:33:00
  ✓ eval t21_jumps_seed7 188s (card 7)
2026-04-28 18:33:01,190 INFO inference_run_large [rank 0] rollout 4/4 seed=10003 took 44.4s
2026-04-28 18:33:01,193 INFO inference_run_large [rank 0] wrote /AI4S/Users/howardwang/h204/ecophys/experiments/040_arch_tier_2_1_jumps/results_t21_jumps_seed5/inference_rank_0.json
2026-04-28 18:33:01,197 INFO inference_run_large [rank 0] merged 4 rollouts → /AI4S/Users/howardwang/h204/ecophys/experiments/040_arch_tier_2_1_jumps/results_t21_jumps_seed5/inference_merged.json
  ✓ eval t21_jumps_seed1 188s (card 1)
  ✓ eval t21_jumps_seed4 188s (card 4)
  ✓ eval t21_jumps_seed6 188s (card 6)
  ✓ eval t21_jumps_seed2 188s (card 2)
  ✓ eval t21_jumps_seed5 189s (card 5)
2026-04-28 18:33:03,984 INFO inference_run_large [dist] world_size=1 cuda=True
2026-04-28 18:33:04,448 INFO inference_run_large [dist] world_size=1 cuda=True
2026-04-28 18:33:04,741 INFO inference_run_large loaded checkpoint iter=200 from /AI4S/Users/howardwang/h204/ecophys/experiments/040_arch_tier_2_1_jumps/results_t21_jumps_seed8/checkpoint.pt
2026-04-28 18:33:04,916 INFO inference_run_large loaded checkpoint iter=200 from /AI4S/Users/howardwang/h204/ecophys/experiments/040_arch_tier_2_1_jumps/results_t21_jumps_seed9/checkpoint.pt
2026-04-28 18:33:50,065 INFO inference_run_large [rank 0] rollout 1/4 seed=10000 took 44.4s
2026-04-28 18:33:50,098 INFO inference_run_large [rank 0] rollout 1/4 seed=10000 took 44.3s
2026-04-28 18:34:33,998 INFO inference_run_large [rank 0] rollout 2/4 seed=10001 took 43.8s
2026-04-28 18:34:34,061 INFO inference_run_large [rank 0] rollout 2/4 seed=10001 took 43.9s
2026-04-28 18:35:17,894 INFO inference_run_large [rank 0] rollout 3/4 seed=10002 took 43.8s
2026-04-28 18:35:18,058 INFO inference_run_large [rank 0] rollout 3/4 seed=10002 took 43.9s
2026-04-28 18:36:01,880 INFO inference_run_large [rank 0] rollout 4/4 seed=10003 took 43.9s
2026-04-28 18:36:01,883 INFO inference_run_large [rank 0] wrote /AI4S/Users/howardwang/h204/ecophys/experiments/040_arch_tier_2_1_jumps/results_t21_jumps_seed9/inference_rank_0.json
2026-04-28 18:36:01,887 INFO inference_run_large [rank 0] merged 4 rollouts → /AI4S/Users/howardwang/h204/ecophys/experiments/040_arch_tier_2_1_jumps/results_t21_jumps_seed9/inference_merged.json
2026-04-28 18:36:02,123 INFO inference_run_large [rank 0] rollout 4/4 seed=10003 took 44.0s
2026-04-28 18:36:02,127 INFO inference_run_large [rank 0] wrote /AI4S/Users/howardwang/h204/ecophys/experiments/040_arch_tier_2_1_jumps/results_t21_jumps_seed8/inference_rank_0.json
2026-04-28 18:36:02,131 INFO inference_run_large [rank 0] merged 4 rollouts → /AI4S/Users/howardwang/h204/ecophys/experiments/040_arch_tier_2_1_jumps/results_t21_jumps_seed8/inference_merged.json
  ✓ eval t21_jumps_seed9 182s (card 1)
  ✓ eval t21_jumps_seed8 183s (card 0)

═══ DONE — Tue Apr 28 06:36:03 PM CST 2026 ═══
