2026-04-29 11:41:44,182 INFO train_distributed [dist] rank=0 world_size=1 local_rank=0 cuda_available=True
2026-04-29 11:41:44,226 INFO train_distributed loaded 2,841 returns for spx/2015-2026_daily
2026-04-29 11:41:44,234 INFO train_distributed targets: acf_sq=0.342 leverage_sum=-0.790 hill_alpha=2.68
2026-04-29 11:41:44,721 INFO train_distributed EcoMDSimulator built: 36316 parameters (device=cuda:0)
2026-04-29 11:41:47,416 INFO train_distributed it=   0 lr=1.00e-04 loss_world=44.1181 |∇|=9.83e+03 γ=1.000 T=0.0500
2026-04-29 11:41:58,077 INFO train_distributed it=   9 lr=1.00e-03 loss_world=4.8442 |∇|=6.66e+02 γ=1.003 T=0.0500
2026-04-29 11:42:09,979 INFO train_distributed it=  19 lr=9.95e-04 loss_world=3.3091 |∇|=4.35e+02 γ=1.000 T=0.0501
2026-04-29 11:42:21,835 INFO train_distributed it=  29 lr=9.78e-04 loss_world=3.8346 |∇|=8.13e+02 γ=0.994 T=0.0502
2026-04-29 11:42:33,670 INFO train_distributed it=  39 lr=9.49e-04 loss_world=2.2403 |∇|=1.24e+02 γ=0.990 T=0.0502
2026-04-29 11:42:45,483 INFO train_distributed it=  49 lr=9.10e-04 loss_world=2.1593 |∇|=1.66e+02 γ=0.985 T=0.0502
2026-04-29 11:42:57,292 INFO train_distributed it=  59 lr=8.60e-04 loss_world=2.0463 |∇|=1.68e+02 γ=0.982 T=0.0502
2026-04-29 11:43:09,081 INFO train_distributed it=  69 lr=8.02e-04 loss_world=8.0536 |∇|=1.49e+03 γ=0.979 T=0.0502
2026-04-29 11:43:20,859 INFO train_distributed it=  79 lr=7.38e-04 loss_world=4.7535 |∇|=7.54e+02 γ=0.975 T=0.0503
2026-04-29 11:43:32,624 INFO train_distributed it=  89 lr=6.68e-04 loss_world=2.5756 |∇|=1.68e+02 γ=0.971 T=0.0504
2026-04-29 11:43:44,373 INFO train_distributed it=  99 lr=5.95e-04 loss_world=2.1386 |∇|=1.82e+02 γ=0.966 T=0.0504
2026-04-29 11:43:56,120 INFO train_distributed it= 109 lr=5.20e-04 loss_world=3.9811 |∇|=8.04e+02 γ=0.964 T=0.0504
2026-04-29 11:44:07,866 INFO train_distributed it= 119 lr=4.47e-04 loss_world=1.8981 |∇|=2.26e+03 γ=0.963 T=0.0504
2026-04-29 11:44:19,600 INFO train_distributed it= 129 lr=3.76e-04 loss_world=2.0155 |∇|=2.56e+02 γ=0.962 T=0.0504
2026-04-29 11:44:31,335 INFO train_distributed it= 139 lr=3.10e-04 loss_world=6.2365 |∇|=1.19e+04 γ=0.961 T=0.0504
2026-04-29 11:44:43,058 INFO train_distributed it= 149 lr=2.51e-04 loss_world=2.3949 |∇|=1.43e+03 γ=0.961 T=0.0504
2026-04-29 11:44:54,772 INFO train_distributed it= 159 lr=2.00e-04 loss_world=2.2504 |∇|=2.58e+02 γ=0.961 T=0.0504
2026-04-29 11:45:06,492 INFO train_distributed it= 169 lr=1.58e-04 loss_world=2.0957 |∇|=7.98e+02 γ=0.961 T=0.0504
2026-04-29 11:45:18,205 INFO train_distributed it= 179 lr=1.27e-04 loss_world=2.2875 |∇|=1.93e+03 γ=0.961 T=0.0504
2026-04-29 11:45:29,907 INFO train_distributed it= 189 lr=1.07e-04 loss_world=1.7075 |∇|=2.12e+04 γ=0.961 T=0.0504
2026-04-29 11:45:41,612 INFO train_distributed it= 199 lr=1.00e-04 loss_world=2.2322 |∇|=1.37e+03 γ=0.961 T=0.0504
2026-04-29 11:45:41,618 INFO train_distributed training finished in 236.9s (200 iters, world_size=1)
2026-04-29 11:45:41,618 INFO train_distributed [rank 0] peak HBM: alloc=7.24 GB, reserved=8.05 GB
2026-04-29 11:45:41,621 INFO train_distributed [rank 0] wrote experiments/046_arch_megnet_pairs/results_p_4_1__2_1_seed4/training_log.json
