2026-04-28 18:36:11,271 INFO train_distributed [dist] rank=0 world_size=1 local_rank=0 cuda_available=True
2026-04-28 18:36:11,316 INFO train_distributed loaded 2,841 returns for spx/2015-2026_daily
2026-04-28 18:36:11,323 INFO train_distributed targets: acf_sq=0.342 leverage_sum=-0.790 hill_alpha=2.68
2026-04-28 18:36:12,033 INFO train_distributed EcoMDSimulator built: 105316 parameters (device=cuda:0)
2026-04-28 18:36:13,486 INFO train_distributed it=   0 lr=1.00e-04 loss_world=1.0501 |∇|=1.52e+00 γ=1.000 T=0.0500
2026-04-28 18:36:15,960 INFO train_distributed it=   9 lr=1.00e-03 loss_world=0.9239 |∇|=8.51e-01 γ=1.002 T=0.0501
2026-04-28 18:36:18,721 INFO train_distributed it=  19 lr=9.95e-04 loss_world=1.4426 |∇|=2.86e-01 γ=1.006 T=0.0504
2026-04-28 18:36:21,458 INFO train_distributed it=  29 lr=9.78e-04 loss_world=0.7945 |∇|=7.64e+00 γ=1.007 T=0.0504
2026-04-28 18:36:24,103 INFO train_distributed it=  39 lr=9.49e-04 loss_world=1.8899 |∇|=6.89e-01 γ=1.009 T=0.0505
2026-04-28 18:36:26,755 INFO train_distributed it=  49 lr=9.10e-04 loss_world=0.8095 |∇|=3.16e+00 γ=1.010 T=0.0504
2026-04-28 18:36:29,457 INFO train_distributed it=  59 lr=8.60e-04 loss_world=0.7662 |∇|=1.66e+00 γ=1.010 T=0.0503
2026-04-28 18:36:32,099 INFO train_distributed it=  69 lr=8.02e-04 loss_world=0.7495 |∇|=1.61e+00 γ=1.009 T=0.0503
2026-04-28 18:36:34,757 INFO train_distributed it=  79 lr=7.38e-04 loss_world=0.6079 |∇|=2.35e+00 γ=1.009 T=0.0502
2026-04-28 18:36:37,420 INFO train_distributed it=  89 lr=6.68e-04 loss_world=0.8258 |∇|=2.40e+00 γ=1.010 T=0.0503
2026-04-28 18:36:40,168 INFO train_distributed it=  99 lr=5.95e-04 loss_world=0.9465 |∇|=1.85e+00 γ=1.009 T=0.0503
2026-04-28 18:36:42,815 INFO train_distributed it= 109 lr=5.20e-04 loss_world=0.7555 |∇|=2.47e+00 γ=1.012 T=0.0504
2026-04-28 18:36:45,467 INFO train_distributed it= 119 lr=4.47e-04 loss_world=0.9296 |∇|=2.89e+00 γ=1.013 T=0.0504
2026-04-28 18:36:48,128 INFO train_distributed it= 129 lr=3.76e-04 loss_world=0.7296 |∇|=3.98e+00 γ=1.013 T=0.0503
2026-04-28 18:36:50,809 INFO train_distributed it= 139 lr=3.10e-04 loss_world=0.8403 |∇|=8.26e+00 γ=1.013 T=0.0503
2026-04-28 18:36:53,481 INFO train_distributed it= 149 lr=2.51e-04 loss_world=0.7704 |∇|=1.80e+01 γ=1.014 T=0.0504
2026-04-28 18:36:56,142 INFO train_distributed it= 159 lr=2.00e-04 loss_world=0.9495 |∇|=4.16e+00 γ=1.015 T=0.0504
2026-04-28 18:36:58,801 INFO train_distributed it= 169 lr=1.58e-04 loss_world=0.7589 |∇|=4.40e-01 γ=1.015 T=0.0503
2026-04-28 18:37:01,487 INFO train_distributed it= 179 lr=1.27e-04 loss_world=0.6461 |∇|=1.80e+00 γ=1.016 T=0.0504
2026-04-28 18:37:04,158 INFO train_distributed it= 189 lr=1.07e-04 loss_world=0.9254 |∇|=7.60e+00 γ=1.016 T=0.0504
2026-04-28 18:37:06,823 INFO train_distributed it= 199 lr=1.00e-04 loss_world=0.9220 |∇|=2.23e+00 γ=1.016 T=0.0504
2026-04-28 18:37:06,831 INFO train_distributed training finished in 54.8s (200 iters, world_size=1)
2026-04-28 18:37:06,831 INFO train_distributed [rank 0] peak HBM: alloc=0.59 GB, reserved=0.77 GB
2026-04-28 18:37:06,834 INFO train_distributed [rank 0] wrote experiments/042_arch_tier_3_1_isab/results_t31_isab_seed2/training_log.json
