2026-04-29 11:16:01,613 INFO train_distributed [dist] rank=0 world_size=1 local_rank=0 cuda_available=True
2026-04-29 11:16:01,659 INFO train_distributed loaded 2,841 returns for spx/2015-2026_daily
2026-04-29 11:16:01,666 INFO train_distributed targets: acf_sq=0.342 leverage_sum=-0.790 hill_alpha=2.68
2026-04-29 11:16:06,006 INFO train_distributed EcoMDSimulator built: 34780 parameters (device=cuda:0)
2026-04-29 11:16:08,370 INFO train_distributed it=   0 lr=1.00e-04 loss_world=6.6564 |∇|=3.04e+03 γ=1.000 T=0.0500
2026-04-29 11:16:18,317 INFO train_distributed it=   9 lr=1.00e-03 loss_world=2.2166 |∇|=1.61e+02 γ=0.998 T=0.0500
2026-04-29 11:16:29,478 INFO train_distributed it=  19 lr=9.95e-04 loss_world=2.4027 |∇|=1.89e+02 γ=0.993 T=0.0501
2026-04-29 11:16:40,668 INFO train_distributed it=  29 lr=9.78e-04 loss_world=5.3023 |∇|=1.36e+03 γ=0.990 T=0.0502
2026-04-29 11:16:51,827 INFO train_distributed it=  39 lr=9.49e-04 loss_world=0.9715 |∇|=1.71e+02 γ=0.986 T=0.0502
2026-04-29 11:17:02,999 INFO train_distributed it=  49 lr=9.10e-04 loss_world=1.5265 |∇|=1.50e+02 γ=0.981 T=0.0502
2026-04-29 11:17:14,192 INFO train_distributed it=  59 lr=8.60e-04 loss_world=1.5720 |∇|=1.52e+02 γ=0.979 T=0.0501
2026-04-29 11:17:25,352 INFO train_distributed it=  69 lr=8.02e-04 loss_world=1.3151 |∇|=2.28e+02 γ=0.978 T=0.0501
2026-04-29 11:17:36,514 INFO train_distributed it=  79 lr=7.38e-04 loss_world=1.3034 |∇|=4.32e+02 γ=0.978 T=0.0502
2026-04-29 11:17:47,677 INFO train_distributed it=  89 lr=6.68e-04 loss_world=1.4810 |∇|=8.00e+01 γ=0.978 T=0.0502
2026-04-29 11:17:58,844 INFO train_distributed it=  99 lr=5.95e-04 loss_world=1.8953 |∇|=9.81e+02 γ=0.978 T=0.0502
2026-04-29 11:18:10,015 INFO train_distributed it= 109 lr=5.20e-04 loss_world=1.7833 |∇|=1.79e+02 γ=0.977 T=0.0502
2026-04-29 11:18:21,180 INFO train_distributed it= 119 lr=4.47e-04 loss_world=1.8785 |∇|=5.98e+02 γ=0.977 T=0.0502
2026-04-29 11:18:32,339 INFO train_distributed it= 129 lr=3.76e-04 loss_world=1.1425 |∇|=1.72e+02 γ=0.977 T=0.0501
2026-04-29 11:18:43,491 INFO train_distributed it= 139 lr=3.10e-04 loss_world=1.1387 |∇|=2.19e+02 γ=0.977 T=0.0501
2026-04-29 11:18:54,647 INFO train_distributed it= 149 lr=2.51e-04 loss_world=1.0629 |∇|=1.30e+02 γ=0.978 T=0.0501
2026-04-29 11:19:05,803 INFO train_distributed it= 159 lr=2.00e-04 loss_world=1.1825 |∇|=1.36e+02 γ=0.978 T=0.0501
2026-04-29 11:19:16,956 INFO train_distributed it= 169 lr=1.58e-04 loss_world=0.7537 |∇|=1.62e+03 γ=0.978 T=0.0501
2026-04-29 11:19:28,109 INFO train_distributed it= 179 lr=1.27e-04 loss_world=0.9905 |∇|=2.04e+02 γ=0.978 T=0.0501
2026-04-29 11:19:39,259 INFO train_distributed it= 189 lr=1.07e-04 loss_world=1.6634 |∇|=2.29e+02 γ=0.978 T=0.0501
2026-04-29 11:19:50,405 INFO train_distributed it= 199 lr=1.00e-04 loss_world=5.9690 |∇|=1.85e+03 γ=0.979 T=0.0501
2026-04-29 11:19:50,411 INFO train_distributed training finished in 224.4s (200 iters, world_size=1)
2026-04-29 11:19:50,412 INFO train_distributed [rank 0] peak HBM: alloc=7.09 GB, reserved=7.68 GB
2026-04-29 11:19:50,414 INFO train_distributed [rank 0] wrote experiments/045_arch_tier_4_1_megnet/results_t41_megnet_ext_only_seed2/training_log.json
