2026-04-29 12:19:34,420 INFO train_distributed [dist] rank=0 world_size=1 local_rank=0 cuda_available=True
2026-04-29 12:19:34,465 INFO train_distributed loaded 2,841 returns for spx/2015-2026_daily
2026-04-29 12:19:34,472 INFO train_distributed targets: acf_sq=0.342 leverage_sum=-0.790 hill_alpha=2.68
2026-04-29 12:19:35,588 INFO train_distributed EcoMDSimulator built: 50849 parameters (device=cuda:0)
2026-04-29 12:19:38,418 INFO train_distributed it=   0 lr=1.00e-04 loss_world=32.3326 |∇|=2.33e+04 γ=1.000 T=0.0500
2026-04-29 12:19:52,350 INFO train_distributed it=   9 lr=1.00e-03 loss_world=2.6514 |∇|=9.75e+01 γ=1.000 T=0.0500
2026-04-29 12:20:07,873 INFO train_distributed it=  19 lr=9.95e-04 loss_world=1.9480 |∇|=1.03e+02 γ=1.003 T=0.0500
2026-04-29 12:20:23,455 INFO train_distributed it=  29 lr=9.78e-04 loss_world=0.9510 |∇|=6.78e-01 γ=1.005 T=0.0500
2026-04-29 12:20:39,047 INFO train_distributed it=  39 lr=9.49e-04 loss_world=1.2985 |∇|=2.44e+01 γ=1.006 T=0.0502
2026-04-29 12:20:54,658 INFO train_distributed it=  49 lr=9.10e-04 loss_world=0.7850 |∇|=5.71e+00 γ=1.008 T=0.0504
2026-04-29 12:21:10,264 INFO train_distributed it=  59 lr=8.60e-04 loss_world=0.7191 |∇|=1.73e+00 γ=1.009 T=0.0505
2026-04-29 12:21:25,872 INFO train_distributed it=  69 lr=8.02e-04 loss_world=0.7242 |∇|=1.45e+00 γ=1.009 T=0.0505
2026-04-29 12:21:41,465 INFO train_distributed it=  79 lr=7.38e-04 loss_world=0.5875 |∇|=1.98e+00 γ=1.010 T=0.0507
2026-04-29 12:21:57,046 INFO train_distributed it=  89 lr=6.68e-04 loss_world=0.7988 |∇|=1.86e+00 γ=1.010 T=0.0508
2026-04-29 12:22:12,637 INFO train_distributed it=  99 lr=5.95e-04 loss_world=0.9618 |∇|=1.49e+00 γ=1.010 T=0.0508
2026-04-29 12:22:28,239 INFO train_distributed it= 109 lr=5.20e-04 loss_world=0.7177 |∇|=1.92e+00 γ=1.011 T=0.0509
2026-04-29 12:22:43,834 INFO train_distributed it= 119 lr=4.47e-04 loss_world=1.0942 |∇|=6.03e+00 γ=1.012 T=0.0509
2026-04-29 12:22:59,427 INFO train_distributed it= 129 lr=3.76e-04 loss_world=0.8007 |∇|=1.99e+00 γ=1.012 T=0.0510
2026-04-29 12:23:15,023 INFO train_distributed it= 139 lr=3.10e-04 loss_world=1.0418 |∇|=2.64e+00 γ=1.013 T=0.0510
2026-04-29 12:23:30,614 INFO train_distributed it= 149 lr=2.51e-04 loss_world=0.8874 |∇|=1.14e+01 γ=1.013 T=0.0510
2026-04-29 12:23:46,213 INFO train_distributed it= 159 lr=2.00e-04 loss_world=0.9283 |∇|=5.06e+00 γ=1.013 T=0.0510
2026-04-29 12:24:01,819 INFO train_distributed it= 169 lr=1.58e-04 loss_world=0.8165 |∇|=3.13e-01 γ=1.012 T=0.0510
2026-04-29 12:24:17,433 INFO train_distributed it= 179 lr=1.27e-04 loss_world=0.6262 |∇|=1.29e+00 γ=1.012 T=0.0509
2026-04-29 12:24:33,043 INFO train_distributed it= 189 lr=1.07e-04 loss_world=0.8302 |∇|=2.62e+00 γ=1.012 T=0.0509
2026-04-29 12:24:48,631 INFO train_distributed it= 199 lr=1.00e-04 loss_world=0.9371 |∇|=2.07e+00 γ=1.012 T=0.0510
2026-04-29 12:24:48,639 INFO train_distributed training finished in 313.1s (200 iters, world_size=1)
2026-04-29 12:24:48,639 INFO train_distributed [rank 0] peak HBM: alloc=9.42 GB, reserved=10.02 GB
2026-04-29 12:24:48,642 INFO train_distributed [rank 0] wrote experiments/048_arch_dyngraph_pairs/results_p_4_2__1_1_seed2/training_log.json
