2026-04-29 17:06:31,312 INFO train_distributed [dist] rank=0 world_size=1 local_rank=0 cuda_available=True
2026-04-29 17:06:31,356 INFO train_distributed loaded 2,841 returns for spx/2015-2026_daily
2026-04-29 17:06:31,364 INFO train_distributed targets: acf_sq=0.342 leverage_sum=-0.790 hill_alpha=2.68
2026-04-29 17:06:32,181 INFO train_distributed EcoMDSimulator built: 41381 parameters (device=cuda:0)
2026-04-29 17:06:35,877 INFO train_distributed it=   0 lr=1.00e-04 loss_world=11.8236 |∇|=4.99e+02 γ=1.000 T=0.0500
2026-04-29 17:06:58,011 INFO train_distributed it=   9 lr=1.00e-03 loss_world=2.7629 |∇|=1.05e+01 γ=0.997 T=0.0500
2026-04-29 17:07:22,627 INFO train_distributed it=  19 lr=9.95e-04 loss_world=2.0495 |∇|=8.82e+01 γ=0.994 T=0.0500
2026-04-29 17:07:47,255 INFO train_distributed it=  29 lr=9.78e-04 loss_world=2.2487 |∇|=9.61e+01 γ=0.991 T=0.0503
2026-04-29 17:08:11,930 INFO train_distributed it=  39 lr=9.49e-04 loss_world=2.4682 |∇|=3.92e+01 γ=0.990 T=0.0506
2026-04-29 17:08:36,669 INFO train_distributed it=  49 lr=9.10e-04 loss_world=2.4823 |∇|=2.13e+01 γ=0.989 T=0.0508
2026-04-29 17:09:01,444 INFO train_distributed it=  59 lr=8.60e-04 loss_world=2.5528 |∇|=1.32e+03 γ=0.986 T=0.0509
2026-04-29 17:09:26,223 INFO train_distributed it=  69 lr=8.02e-04 loss_world=1.0521 |∇|=5.73e+03 γ=0.985 T=0.0511
2026-04-29 17:09:51,026 INFO train_distributed it=  79 lr=7.38e-04 loss_world=1.7327 |∇|=2.54e+01 γ=0.984 T=0.0514
2026-04-29 17:10:15,843 INFO train_distributed it=  89 lr=6.68e-04 loss_world=1.2424 |∇|=6.79e+02 γ=0.984 T=0.0517
2026-04-29 17:10:40,688 INFO train_distributed it=  99 lr=5.95e-04 loss_world=1.6322 |∇|=6.13e+02 γ=0.984 T=0.0519
2026-04-29 17:11:05,521 INFO train_distributed it= 109 lr=5.20e-04 loss_world=1.8445 |∇|=1.25e+02 γ=0.985 T=0.0520
2026-04-29 17:11:30,362 INFO train_distributed it= 119 lr=4.47e-04 loss_world=2.2497 |∇|=2.34e+02 γ=0.985 T=0.0521
2026-04-29 17:11:55,271 INFO train_distributed it= 129 lr=3.76e-04 loss_world=1.3737 |∇|=1.67e+02 γ=0.985 T=0.0521
2026-04-29 17:12:20,216 INFO train_distributed it= 139 lr=3.10e-04 loss_world=1.3056 |∇|=5.65e+01 γ=0.985 T=0.0522
2026-04-29 17:12:45,172 INFO train_distributed it= 149 lr=2.51e-04 loss_world=1.0168 |∇|=4.96e+02 γ=0.985 T=0.0523
2026-04-29 17:13:10,111 INFO train_distributed it= 159 lr=2.00e-04 loss_world=0.8771 |∇|=4.19e+02 γ=0.985 T=0.0523
2026-04-29 17:13:35,027 INFO train_distributed it= 169 lr=1.58e-04 loss_world=0.7041 |∇|=4.80e+02 γ=0.985 T=0.0523
2026-04-29 17:13:59,904 INFO train_distributed it= 179 lr=1.27e-04 loss_world=0.7869 |∇|=5.72e+02 γ=0.985 T=0.0523
2026-04-29 17:14:24,792 INFO train_distributed it= 189 lr=1.07e-04 loss_world=0.7731 |∇|=9.11e+02 γ=0.985 T=0.0523
2026-04-29 17:14:49,698 INFO train_distributed it= 199 lr=1.00e-04 loss_world=0.7020 |∇|=4.84e+02 γ=0.985 T=0.0523
2026-04-29 17:14:49,704 INFO train_distributed training finished in 497.5s (200 iters, world_size=1)
2026-04-29 17:14:49,704 INFO train_distributed [rank 0] peak HBM: alloc=11.50 GB, reserved=11.67 GB
2026-04-29 17:14:49,707 INFO train_distributed [rank 0] wrote experiments/047_arch_tier_4_2_dyngraph/results_t42_dyngraph_no_u_seed5/training_log.json
