2026-04-29 11:52:20,827 INFO train_distributed [dist] rank=0 world_size=1 local_rank=0 cuda_available=True
2026-04-29 11:52:20,870 INFO train_distributed loaded 2,841 returns for spx/2015-2026_daily
2026-04-29 11:52:20,877 INFO train_distributed targets: acf_sq=0.342 leverage_sum=-0.790 hill_alpha=2.68
2026-04-29 11:52:23,436 INFO train_distributed EcoMDSimulator built: 40997 parameters (device=cuda:0)
2026-04-29 11:52:26,177 INFO train_distributed it=   0 lr=1.00e-04 loss_world=33.1739 |∇|=1.18e+04 γ=1.000 T=0.0500
2026-04-29 11:52:39,040 INFO train_distributed it=   9 lr=1.00e-03 loss_world=2.6150 |∇|=2.38e+02 γ=1.000 T=0.0499
2026-04-29 11:52:53,447 INFO train_distributed it=  19 lr=9.95e-04 loss_world=1.6118 |∇|=2.29e+01 γ=1.001 T=0.0499
2026-04-29 11:53:07,944 INFO train_distributed it=  29 lr=9.78e-04 loss_world=6.9074 |∇|=2.63e+04 γ=1.004 T=0.0498
2026-04-29 11:53:22,456 INFO train_distributed it=  39 lr=9.49e-04 loss_world=0.7834 |∇|=7.44e+00 γ=1.007 T=0.0502
2026-04-29 11:53:36,948 INFO train_distributed it=  49 lr=9.10e-04 loss_world=0.7437 |∇|=1.01e+00 γ=1.007 T=0.0498
2026-04-29 11:53:51,439 INFO train_distributed it=  59 lr=8.60e-04 loss_world=1.3988 |∇|=3.39e+00 γ=1.011 T=0.0501
2026-04-29 11:54:05,925 INFO train_distributed it=  69 lr=8.02e-04 loss_world=0.5924 |∇|=1.05e+01 γ=1.013 T=0.0503
2026-04-29 11:54:20,405 INFO train_distributed it=  79 lr=7.38e-04 loss_world=1.3153 |∇|=4.60e+00 γ=1.015 T=0.0503
2026-04-29 11:54:34,897 INFO train_distributed it=  89 lr=6.68e-04 loss_world=0.9357 |∇|=4.67e+00 γ=1.015 T=0.0504
2026-04-29 11:54:49,393 INFO train_distributed it=  99 lr=5.95e-04 loss_world=0.8712 |∇|=3.24e+00 γ=1.015 T=0.0504
2026-04-29 11:55:03,905 INFO train_distributed it= 109 lr=5.20e-04 loss_world=1.0055 |∇|=6.98e+00 γ=1.016 T=0.0504
2026-04-29 11:55:18,446 INFO train_distributed it= 119 lr=4.47e-04 loss_world=1.3252 |∇|=1.95e+00 γ=1.016 T=0.0504
2026-04-29 11:55:32,996 INFO train_distributed it= 129 lr=3.76e-04 loss_world=1.3280 |∇|=1.60e+01 γ=1.016 T=0.0504
2026-04-29 11:55:47,542 INFO train_distributed it= 139 lr=3.10e-04 loss_world=0.8800 |∇|=4.70e+00 γ=1.015 T=0.0504
2026-04-29 11:56:02,090 INFO train_distributed it= 149 lr=2.51e-04 loss_world=0.7801 |∇|=3.07e+00 γ=1.015 T=0.0503
2026-04-29 11:56:16,661 INFO train_distributed it= 159 lr=2.00e-04 loss_world=0.6512 |∇|=3.10e+00 γ=1.016 T=0.0503
2026-04-29 11:56:31,227 INFO train_distributed it= 169 lr=1.58e-04 loss_world=0.9674 |∇|=3.46e+00 γ=1.016 T=0.0503
2026-04-29 11:56:45,789 INFO train_distributed it= 179 lr=1.27e-04 loss_world=0.6537 |∇|=2.07e+00 γ=1.016 T=0.0503
2026-04-29 11:57:00,356 INFO train_distributed it= 189 lr=1.07e-04 loss_world=0.9696 |∇|=8.36e+00 γ=1.016 T=0.0503
2026-04-29 11:57:14,953 INFO train_distributed it= 199 lr=1.00e-04 loss_world=0.6363 |∇|=3.79e+00 γ=1.016 T=0.0503
2026-04-29 11:57:14,959 INFO train_distributed training finished in 291.5s (200 iters, world_size=1)
2026-04-29 11:57:14,959 INFO train_distributed [rank 0] peak HBM: alloc=9.15 GB, reserved=9.70 GB
2026-04-29 11:57:14,962 INFO train_distributed [rank 0] wrote experiments/047_arch_tier_4_2_dyngraph/results_t42_dyngraph_no_u_seed5/training_log.json
