2026-04-28 19:13:01,701 INFO train_distributed [dist] rank=0 world_size=1 local_rank=0 cuda_available=True
2026-04-28 19:13:01,745 INFO train_distributed loaded 2,841 returns for spx/2015-2026_daily
2026-04-28 19:13:01,752 INFO train_distributed targets: acf_sq=0.342 leverage_sum=-0.790 hill_alpha=2.68
2026-04-28 19:13:03,995 INFO train_distributed EcoMDSimulator built: 31588 parameters (device=cuda:0)
2026-04-28 19:13:06,364 INFO train_distributed it=   0 lr=1.00e-04 loss_world=3.7162 |∇|=1.76e+02 γ=1.000 T=0.0500
2026-04-28 19:13:16,060 INFO train_distributed it=   9 lr=1.00e-03 loss_world=0.6442 |∇|=2.09e+01 γ=1.004 T=0.0501
2026-04-28 19:13:26,931 INFO train_distributed it=  19 lr=9.95e-04 loss_world=1.0639 |∇|=7.48e+00 γ=1.007 T=0.0501
2026-04-28 19:13:37,843 INFO train_distributed it=  29 lr=9.78e-04 loss_world=0.9890 |∇|=4.97e+00 γ=1.007 T=0.0501
2026-04-28 19:13:48,760 INFO train_distributed it=  39 lr=9.49e-04 loss_world=1.0036 |∇|=5.00e+00 γ=1.007 T=0.0501
2026-04-28 19:13:59,681 INFO train_distributed it=  49 lr=9.10e-04 loss_world=0.9809 |∇|=4.49e+00 γ=1.006 T=0.0502
2026-04-28 19:14:10,598 INFO train_distributed it=  59 lr=8.60e-04 loss_world=1.0562 |∇|=2.94e+00 γ=1.005 T=0.0502
2026-04-28 19:14:21,511 INFO train_distributed it=  69 lr=8.02e-04 loss_world=0.9656 |∇|=5.39e+00 γ=1.003 T=0.0502
2026-04-28 19:14:32,427 INFO train_distributed it=  79 lr=7.38e-04 loss_world=0.9606 |∇|=5.73e+00 γ=1.002 T=0.0502
2026-04-28 19:14:43,342 INFO train_distributed it=  89 lr=6.68e-04 loss_world=0.9696 |∇|=4.87e+00 γ=1.000 T=0.0502
2026-04-28 19:14:54,253 INFO train_distributed it=  99 lr=5.95e-04 loss_world=1.1539 |∇|=4.77e+00 γ=0.998 T=0.0502
2026-04-28 19:15:05,165 INFO train_distributed it= 109 lr=5.20e-04 loss_world=0.9742 |∇|=3.54e+00 γ=0.997 T=0.0502
2026-04-28 19:15:16,080 INFO train_distributed it= 119 lr=4.47e-04 loss_world=0.9637 |∇|=2.76e+00 γ=0.996 T=0.0502
2026-04-28 19:15:26,986 INFO train_distributed it= 129 lr=3.76e-04 loss_world=0.9798 |∇|=3.74e+00 γ=0.995 T=0.0502
2026-04-28 19:15:37,894 INFO train_distributed it= 139 lr=3.10e-04 loss_world=0.9895 |∇|=5.46e+00 γ=0.994 T=0.0502
2026-04-28 19:15:48,805 INFO train_distributed it= 149 lr=2.51e-04 loss_world=1.0357 |∇|=3.53e+00 γ=0.993 T=0.0502
2026-04-28 19:15:59,714 INFO train_distributed it= 159 lr=2.00e-04 loss_world=0.9539 |∇|=3.41e+00 γ=0.992 T=0.0502
2026-04-28 19:16:10,626 INFO train_distributed it= 169 lr=1.58e-04 loss_world=0.9647 |∇|=4.06e+00 γ=0.991 T=0.0502
2026-04-28 19:16:21,534 INFO train_distributed it= 179 lr=1.27e-04 loss_world=0.9534 |∇|=4.62e+00 γ=0.991 T=0.0502
2026-04-28 19:16:32,443 INFO train_distributed it= 189 lr=1.07e-04 loss_world=1.1300 |∇|=7.16e+00 γ=0.990 T=0.0502
2026-04-28 19:16:43,353 INFO train_distributed it= 199 lr=1.00e-04 loss_world=1.0615 |∇|=2.59e+01 γ=0.990 T=0.0502
2026-04-28 19:16:43,359 INFO train_distributed training finished in 219.4s (200 iters, world_size=1)
2026-04-28 19:16:43,359 INFO train_distributed [rank 0] peak HBM: alloc=7.09 GB, reserved=7.48 GB
2026-04-28 19:16:43,362 INFO train_distributed [rank 0] wrote experiments/041_arch_tier_2_2_multitimescale/results_t22_multitimescale_seed3/training_log.json
