═══ PHASE RUN — Wed Apr 29 05:06:23 PM CST 2026 ═══
  CONFIG_DIR=experiments/047_arch_tier_4_2_dyngraph NPROC=1 PARALLEL=8 SKIP_DONE=0
  Configs: 20

═ TRAIN t42_dyngraph_no_u_seed0 (card 0) ═ 17:06:23

═ TRAIN t42_dyngraph_no_u_seed1 (card 1) ═ 17:06:23

═ TRAIN t42_dyngraph_no_u_seed2 (card 2) ═ 17:06:23

═ TRAIN t42_dyngraph_no_u_seed3 (card 3) ═ 17:06:23

═ TRAIN t42_dyngraph_no_u_seed4 (card 4) ═ 17:06:23

═ TRAIN t42_dyngraph_no_u_seed5 (card 5) ═ 17:06:23

═ TRAIN t42_dyngraph_no_u_seed6 (card 6) ═ 17:06:23

═ TRAIN t42_dyngraph_no_u_seed7 (card 7) ═ 17:06:23
2026-04-29 17:06:28,152 INFO train_distributed [dist] rank=0 world_size=1 local_rank=0 cuda_available=True
2026-04-29 17:06:28,195 INFO train_distributed loaded 2,841 returns for spx/2015-2026_daily
2026-04-29 17:06:28,216 INFO train_distributed targets: acf_sq=0.342 leverage_sum=-0.790 hill_alpha=2.68
2026-04-29 17:06:28,914 INFO train_distributed [dist] rank=0 world_size=1 local_rank=0 cuda_available=True
2026-04-29 17:06:28,958 INFO train_distributed loaded 2,841 returns for spx/2015-2026_daily
2026-04-29 17:06:28,965 INFO train_distributed targets: acf_sq=0.342 leverage_sum=-0.790 hill_alpha=2.68
2026-04-29 17:06:29,255 INFO train_distributed [dist] rank=0 world_size=1 local_rank=0 cuda_available=True
2026-04-29 17:06:29,297 INFO train_distributed loaded 2,841 returns for spx/2015-2026_daily
2026-04-29 17:06:29,304 INFO train_distributed targets: acf_sq=0.342 leverage_sum=-0.790 hill_alpha=2.68
2026-04-29 17:06:29,615 INFO train_distributed [dist] rank=0 world_size=1 local_rank=0 cuda_available=True
2026-04-29 17:06:29,662 INFO train_distributed loaded 2,841 returns for spx/2015-2026_daily
2026-04-29 17:06:29,670 INFO train_distributed targets: acf_sq=0.342 leverage_sum=-0.790 hill_alpha=2.68
2026-04-29 17:06:29,994 INFO train_distributed [dist] rank=0 world_size=1 local_rank=0 cuda_available=True
2026-04-29 17:06:30,043 INFO train_distributed loaded 2,841 returns for spx/2015-2026_daily
2026-04-29 17:06:30,053 INFO train_distributed targets: acf_sq=0.342 leverage_sum=-0.790 hill_alpha=2.68
2026-04-29 17:06:30,413 INFO train_distributed [dist] rank=0 world_size=1 local_rank=0 cuda_available=True
2026-04-29 17:06:30,457 INFO train_distributed loaded 2,841 returns for spx/2015-2026_daily
2026-04-29 17:06:30,464 INFO train_distributed targets: acf_sq=0.342 leverage_sum=-0.790 hill_alpha=2.68
2026-04-29 17:06:30,850 INFO train_distributed [dist] rank=0 world_size=1 local_rank=0 cuda_available=True
2026-04-29 17:06:30,894 INFO train_distributed loaded 2,841 returns for spx/2015-2026_daily
2026-04-29 17:06:30,901 INFO train_distributed targets: acf_sq=0.342 leverage_sum=-0.790 hill_alpha=2.68
2026-04-29 17:06:31,312 INFO train_distributed [dist] rank=0 world_size=1 local_rank=0 cuda_available=True
2026-04-29 17:06:31,356 INFO train_distributed loaded 2,841 returns for spx/2015-2026_daily
2026-04-29 17:06:31,364 INFO train_distributed targets: acf_sq=0.342 leverage_sum=-0.790 hill_alpha=2.68
2026-04-29 17:06:32,033 INFO train_distributed EcoMDSimulator built: 41381 parameters (device=cuda:0)
2026-04-29 17:06:32,033 INFO train_distributed EcoMDSimulator built: 41381 parameters (device=cuda:0)
2026-04-29 17:06:32,033 INFO train_distributed EcoMDSimulator built: 41381 parameters (device=cuda:0)
2026-04-29 17:06:32,046 INFO train_distributed EcoMDSimulator built: 41381 parameters (device=cuda:0)
2026-04-29 17:06:32,066 INFO train_distributed EcoMDSimulator built: 41381 parameters (device=cuda:0)
2026-04-29 17:06:32,067 INFO train_distributed EcoMDSimulator built: 41381 parameters (device=cuda:0)
2026-04-29 17:06:32,083 INFO train_distributed EcoMDSimulator built: 41381 parameters (device=cuda:0)
2026-04-29 17:06:32,181 INFO train_distributed EcoMDSimulator built: 41381 parameters (device=cuda:0)
2026-04-29 17:06:35,757 INFO train_distributed it=   0 lr=1.00e-04 loss_world=2.5185 |∇|=1.89e+01 γ=1.000 T=0.0500
2026-04-29 17:06:35,758 INFO train_distributed it=   0 lr=1.00e-04 loss_world=2.4129 |∇|=3.28e+01 γ=1.000 T=0.0500
2026-04-29 17:06:35,765 INFO train_distributed it=   0 lr=1.00e-04 loss_world=9.7314 |∇|=1.27e+03 γ=1.000 T=0.0500
2026-04-29 17:06:35,788 INFO train_distributed it=   0 lr=1.00e-04 loss_world=3.3149 |∇|=1.98e+02 γ=1.000 T=0.0500
2026-04-29 17:06:35,794 INFO train_distributed it=   0 lr=1.00e-04 loss_world=5.0810 |∇|=7.38e+02 γ=1.000 T=0.0500
2026-04-29 17:06:35,816 INFO train_distributed it=   0 lr=1.00e-04 loss_world=2.3265 |∇|=1.93e+01 γ=1.000 T=0.0500
2026-04-29 17:06:35,816 INFO train_distributed it=   0 lr=1.00e-04 loss_world=4.2892 |∇|=3.69e+02 γ=1.000 T=0.0500
2026-04-29 17:06:35,877 INFO train_distributed it=   0 lr=1.00e-04 loss_world=11.8236 |∇|=4.99e+02 γ=1.000 T=0.0500
2026-04-29 17:06:57,868 INFO train_distributed it=   9 lr=1.00e-03 loss_world=1.8337 |∇|=3.32e+01 γ=0.997 T=0.0500
2026-04-29 17:06:57,879 INFO train_distributed it=   9 lr=1.00e-03 loss_world=2.4581 |∇|=2.81e+01 γ=1.001 T=0.0500
2026-04-29 17:06:57,919 INFO train_distributed it=   9 lr=1.00e-03 loss_world=1.5059 |∇|=3.33e+01 γ=0.996 T=0.0501
2026-04-29 17:06:57,933 INFO train_distributed it=   9 lr=1.00e-03 loss_world=5.2476 |∇|=3.33e+03 γ=0.997 T=0.0500
2026-04-29 17:06:57,937 INFO train_distributed it=   9 lr=1.00e-03 loss_world=56.0681 |∇|=9.29e+04 γ=0.997 T=0.0502
2026-04-29 17:06:57,971 INFO train_distributed it=   9 lr=1.00e-03 loss_world=2.4400 |∇|=2.42e+02 γ=1.001 T=0.0501
2026-04-29 17:06:57,972 INFO train_distributed it=   9 lr=1.00e-03 loss_world=2.1920 |∇|=1.25e+02 γ=0.997 T=0.0499
2026-04-29 17:06:58,011 INFO train_distributed it=   9 lr=1.00e-03 loss_world=2.7629 |∇|=1.05e+01 γ=0.997 T=0.0500
2026-04-29 17:07:22,421 INFO train_distributed it=  19 lr=9.95e-04 loss_world=1.2878 |∇|=1.19e+02 γ=0.993 T=0.0501
2026-04-29 17:07:22,466 INFO train_distributed it=  19 lr=9.95e-04 loss_world=1.9123 |∇|=1.22e+03 γ=0.999 T=0.0500
2026-04-29 17:07:22,500 INFO train_distributed it=  19 lr=9.95e-04 loss_world=2.5214 |∇|=2.28e+02 γ=0.992 T=0.0502
2026-04-29 17:07:22,508 INFO train_distributed it=  19 lr=9.95e-04 loss_world=0.9740 |∇|=4.78e+01 γ=0.992 T=0.0500
2026-04-29 17:07:22,570 INFO train_distributed it=  19 lr=9.95e-04 loss_world=2.3378 |∇|=3.32e+01 γ=0.993 T=0.0504
2026-04-29 17:07:22,583 INFO train_distributed it=  19 lr=9.95e-04 loss_world=1.6723 |∇|=7.18e+02 γ=0.995 T=0.0498
2026-04-29 17:07:22,584 INFO train_distributed it=  19 lr=9.95e-04 loss_world=2.3304 |∇|=5.85e+01 γ=0.999 T=0.0504
2026-04-29 17:07:22,627 INFO train_distributed it=  19 lr=9.95e-04 loss_world=2.0495 |∇|=8.82e+01 γ=0.994 T=0.0500
2026-04-29 17:07:46,974 INFO train_distributed it=  29 lr=9.78e-04 loss_world=1.6440 |∇|=5.96e+01 γ=0.991 T=0.0502
2026-04-29 17:07:47,075 INFO train_distributed it=  29 lr=9.78e-04 loss_world=2.3943 |∇|=3.78e+01 γ=0.993 T=0.0500
2026-04-29 17:07:47,094 INFO train_distributed it=  29 lr=9.78e-04 loss_world=1.6441 |∇|=1.45e+02 γ=0.990 T=0.0503
2026-04-29 17:07:47,095 INFO train_distributed it=  29 lr=9.78e-04 loss_world=1.0794 |∇|=3.55e+01 γ=0.990 T=0.0500
2026-04-29 17:07:47,195 INFO train_distributed it=  29 lr=9.78e-04 loss_world=3.3646 |∇|=1.01e+02 γ=0.993 T=0.0499
2026-04-29 17:07:47,201 INFO train_distributed it=  29 lr=9.78e-04 loss_world=1.9033 |∇|=5.02e+01 γ=0.990 T=0.0507
2026-04-29 17:07:47,202 INFO train_distributed it=  29 lr=9.78e-04 loss_world=2.3533 |∇|=3.04e+01 γ=0.998 T=0.0505
2026-04-29 17:07:47,255 INFO train_distributed it=  29 lr=9.78e-04 loss_world=2.2487 |∇|=9.61e+01 γ=0.991 T=0.0503
2026-04-29 17:08:11,534 INFO train_distributed it=  39 lr=9.49e-04 loss_world=1.0995 |∇|=2.65e+01 γ=0.990 T=0.0502
2026-04-29 17:08:11,670 INFO train_distributed it=  39 lr=9.49e-04 loss_world=6.7125 |∇|=8.00e+01 γ=0.985 T=0.0500
2026-04-29 17:08:11,681 INFO train_distributed it=  39 lr=9.49e-04 loss_world=0.8779 |∇|=2.53e+01 γ=0.989 T=0.0501
2026-04-29 17:08:11,688 INFO train_distributed it=  39 lr=9.49e-04 loss_world=2.2856 |∇|=7.86e+01 γ=0.988 T=0.0504
2026-04-29 17:08:11,818 INFO train_distributed it=  39 lr=9.49e-04 loss_world=4.4025 |∇|=7.19e+02 γ=0.990 T=0.0500
2026-04-29 17:08:11,832 INFO train_distributed it=  39 lr=9.49e-04 loss_world=4.5078 |∇|=3.20e+03 γ=0.989 T=0.0509
2026-04-29 17:08:11,843 INFO train_distributed it=  39 lr=9.49e-04 loss_world=1.7842 |∇|=1.51e+02 γ=0.990 T=0.0505
2026-04-29 17:08:11,930 INFO train_distributed it=  39 lr=9.49e-04 loss_world=2.4682 |∇|=3.92e+01 γ=0.990 T=0.0506
2026-04-29 17:08:36,075 INFO train_distributed it=  49 lr=9.10e-04 loss_world=0.9007 |∇|=8.94e+01 γ=0.988 T=0.0503
2026-04-29 17:08:36,258 INFO train_distributed it=  49 lr=9.10e-04 loss_world=1.1726 |∇|=1.42e+02 γ=0.989 T=0.0501
2026-04-29 17:08:36,265 INFO train_distributed it=  49 lr=9.10e-04 loss_world=6.2754 |∇|=9.43e+01 γ=0.974 T=0.0499
2026-04-29 17:08:36,276 INFO train_distributed it=  49 lr=9.10e-04 loss_world=1.2920 |∇|=3.76e+02 γ=0.988 T=0.0507
2026-04-29 17:08:36,448 INFO train_distributed it=  49 lr=9.10e-04 loss_world=1.7299 |∇|=1.94e+01 γ=0.987 T=0.0501
2026-04-29 17:08:36,459 INFO train_distributed it=  49 lr=9.10e-04 loss_world=2.0405 |∇|=9.64e+01 γ=0.988 T=0.0511
2026-04-29 17:08:36,503 INFO train_distributed it=  49 lr=9.10e-04 loss_world=3.6946 |∇|=2.44e+02 γ=0.985 T=0.0507
2026-04-29 17:08:36,669 INFO train_distributed it=  49 lr=9.10e-04 loss_world=2.4823 |∇|=2.13e+01 γ=0.989 T=0.0508
2026-04-29 17:09:00,634 INFO train_distributed it=  59 lr=8.60e-04 loss_world=1.1728 |∇|=2.56e+01 γ=0.987 T=0.0504
2026-04-29 17:09:00,854 INFO train_distributed it=  59 lr=8.60e-04 loss_world=1.3332 |∇|=3.50e+01 γ=0.988 T=0.0501
2026-04-29 17:09:00,872 INFO train_distributed it=  59 lr=8.60e-04 loss_world=1.2221 |∇|=1.65e+02 γ=0.967 T=0.0500
2026-04-29 17:09:00,874 INFO train_distributed it=  59 lr=8.60e-04 loss_world=1.7243 |∇|=2.33e+02 γ=0.988 T=0.0509
2026-04-29 17:09:01,073 INFO train_distributed it=  59 lr=8.60e-04 loss_world=2.6155 |∇|=1.63e+01 γ=0.985 T=0.0501
2026-04-29 17:09:01,081 INFO train_distributed it=  59 lr=8.60e-04 loss_world=1.7546 |∇|=3.31e+02 γ=0.986 T=0.0513
2026-04-29 17:09:01,168 INFO train_distributed it=  59 lr=8.60e-04 loss_world=4.7203 |∇|=9.73e+02 γ=0.981 T=0.0508
2026-04-29 17:09:01,444 INFO train_distributed it=  59 lr=8.60e-04 loss_world=2.5528 |∇|=1.32e+03 γ=0.986 T=0.0509
2026-04-29 17:09:25,196 INFO train_distributed it=  69 lr=8.02e-04 loss_world=1.2094 |∇|=5.17e+01 γ=0.986 T=0.0504
2026-04-29 17:09:25,457 INFO train_distributed it=  69 lr=8.02e-04 loss_world=1.0108 |∇|=7.35e+01 γ=0.987 T=0.0501
2026-04-29 17:09:25,482 INFO train_distributed it=  69 lr=8.02e-04 loss_world=1.1083 |∇|=2.78e+02 γ=0.987 T=0.0511
2026-04-29 17:09:25,482 INFO train_distributed it=  69 lr=8.02e-04 loss_world=1.8064 |∇|=8.77e+00 γ=0.965 T=0.0500
2026-04-29 17:09:25,695 INFO train_distributed it=  69 lr=8.02e-04 loss_world=1.1754 |∇|=5.16e+02 γ=0.984 T=0.0515
2026-04-29 17:09:25,704 INFO train_distributed it=  69 lr=8.02e-04 loss_world=2.4632 |∇|=2.43e+01 γ=0.984 T=0.0501
2026-04-29 17:09:25,833 INFO train_distributed it=  69 lr=8.02e-04 loss_world=7.5050 |∇|=5.72e+01 γ=0.971 T=0.0507
2026-04-29 17:09:26,223 INFO train_distributed it=  69 lr=8.02e-04 loss_world=1.0521 |∇|=5.73e+03 γ=0.985 T=0.0511
2026-04-29 17:09:49,743 INFO train_distributed it=  79 lr=7.38e-04 loss_world=1.5254 |∇|=1.54e+02 γ=0.984 T=0.0504
2026-04-29 17:09:50,062 INFO train_distributed it=  79 lr=7.38e-04 loss_world=1.2453 |∇|=4.81e+01 γ=0.986 T=0.0501
2026-04-29 17:09:50,093 INFO train_distributed it=  79 lr=7.38e-04 loss_world=1.7663 |∇|=2.48e+02 γ=0.987 T=0.0513
2026-04-29 17:09:50,108 INFO train_distributed it=  79 lr=7.38e-04 loss_world=2.0484 |∇|=6.00e+01 γ=0.967 T=0.0501
2026-04-29 17:09:50,304 INFO train_distributed it=  79 lr=7.38e-04 loss_world=1.5805 |∇|=1.14e+02 γ=0.984 T=0.0517
2026-04-29 17:09:50,336 INFO train_distributed it=  79 lr=7.38e-04 loss_world=1.7038 |∇|=2.18e+02 γ=0.983 T=0.0502
2026-04-29 17:09:50,505 INFO train_distributed it=  79 lr=7.38e-04 loss_world=1.9910 |∇|=1.62e+01 γ=0.961 T=0.0506
2026-04-29 17:09:51,026 INFO train_distributed it=  79 lr=7.38e-04 loss_world=1.7327 |∇|=2.54e+01 γ=0.984 T=0.0514
2026-04-29 17:10:14,288 INFO train_distributed it=  89 lr=6.68e-04 loss_world=1.9323 |∇|=4.24e+02 γ=0.983 T=0.0504
2026-04-29 17:10:14,664 INFO train_distributed it=  89 lr=6.68e-04 loss_world=0.9199 |∇|=6.29e+01 γ=0.984 T=0.0501
2026-04-29 17:10:14,698 INFO train_distributed it=  89 lr=6.68e-04 loss_world=1.8147 |∇|=4.33e+02 γ=0.986 T=0.0516
2026-04-29 17:10:14,730 INFO train_distributed it=  89 lr=6.68e-04 loss_world=1.3081 |∇|=2.67e+02 γ=0.968 T=0.0503
2026-04-29 17:10:14,922 INFO train_distributed it=  89 lr=6.68e-04 loss_world=1.1669 |∇|=1.15e+02 γ=0.983 T=0.0519
2026-04-29 17:10:14,974 INFO train_distributed it=  89 lr=6.68e-04 loss_world=2.6223 |∇|=1.87e+01 γ=0.981 T=0.0503
2026-04-29 17:10:15,180 INFO train_distributed it=  89 lr=6.68e-04 loss_world=1.3962 |∇|=2.61e+02 γ=0.958 T=0.0507
2026-04-29 17:10:15,843 INFO train_distributed it=  89 lr=6.68e-04 loss_world=1.2424 |∇|=6.79e+02 γ=0.984 T=0.0517
2026-04-29 17:10:38,835 INFO train_distributed it=  99 lr=5.95e-04 loss_world=2.5986 |∇|=2.60e+01 γ=0.980 T=0.0505
2026-04-29 17:10:39,255 INFO train_distributed it=  99 lr=5.95e-04 loss_world=0.9400 |∇|=1.57e+01 γ=0.982 T=0.0500
2026-04-29 17:10:39,300 INFO train_distributed it=  99 lr=5.95e-04 loss_world=0.9125 |∇|=2.05e+02 γ=0.986 T=0.0517
2026-04-29 17:10:39,346 INFO train_distributed it=  99 lr=5.95e-04 loss_world=11.5055 |∇|=1.01e+04 γ=0.969 T=0.0504
2026-04-29 17:10:39,536 INFO train_distributed it=  99 lr=5.95e-04 loss_world=1.8809 |∇|=9.19e+02 γ=0.982 T=0.0521
2026-04-29 17:10:39,617 INFO train_distributed it=  99 lr=5.95e-04 loss_world=1.2891 |∇|=3.73e+02 γ=0.979 T=0.0505
2026-04-29 17:10:39,872 INFO train_distributed it=  99 lr=5.95e-04 loss_world=2.6649 |∇|=6.43e+00 γ=0.958 T=0.0508
2026-04-29 17:10:40,688 INFO train_distributed it=  99 lr=5.95e-04 loss_world=1.6322 |∇|=6.13e+02 γ=0.984 T=0.0519
2026-04-29 17:11:03,388 INFO train_distributed it= 109 lr=5.20e-04 loss_world=3.0601 |∇|=1.51e+03 γ=0.978 T=0.0506
2026-04-29 17:11:03,837 INFO train_distributed it= 109 lr=5.20e-04 loss_world=1.2389 |∇|=3.25e+01 γ=0.981 T=0.0500
2026-04-29 17:11:03,903 INFO train_distributed it= 109 lr=5.20e-04 loss_world=1.4865 |∇|=5.02e+02 γ=0.985 T=0.0519
2026-04-29 17:11:03,951 INFO train_distributed it= 109 lr=5.20e-04 loss_world=1.9600 |∇|=9.64e+01 γ=0.969 T=0.0505
2026-04-29 17:11:04,148 INFO train_distributed it= 109 lr=5.20e-04 loss_world=1.1746 |∇|=3.12e+02 γ=0.982 T=0.0522
2026-04-29 17:11:04,264 INFO train_distributed it= 109 lr=5.20e-04 loss_world=2.3648 |∇|=4.23e+02 γ=0.978 T=0.0506
2026-04-29 17:11:04,594 INFO train_distributed it= 109 lr=5.20e-04 loss_world=1.6450 |∇|=4.96e+01 γ=0.957 T=0.0509
2026-04-29 17:11:05,521 INFO train_distributed it= 109 lr=5.20e-04 loss_world=1.8445 |∇|=1.25e+02 γ=0.985 T=0.0520
2026-04-29 17:11:27,939 INFO train_distributed it= 119 lr=4.47e-04 loss_world=0.9612 |∇|=3.47e+02 γ=0.977 T=0.0506
2026-04-29 17:11:28,426 INFO train_distributed it= 119 lr=4.47e-04 loss_world=1.2527 |∇|=3.13e+01 γ=0.981 T=0.0500
2026-04-29 17:11:28,494 INFO train_distributed it= 119 lr=4.47e-04 loss_world=1.4456 |∇|=4.66e+02 γ=0.985 T=0.0520
2026-04-29 17:11:28,555 INFO train_distributed it= 119 lr=4.47e-04 loss_world=1.4298 |∇|=5.47e+02 γ=0.969 T=0.0506
2026-04-29 17:11:28,758 INFO train_distributed it= 119 lr=4.47e-04 loss_world=5.4585 |∇|=3.42e+03 γ=0.982 T=0.0523
2026-04-29 17:11:28,916 INFO train_distributed it= 119 lr=4.47e-04 loss_world=3.5188 |∇|=3.00e+02 γ=0.979 T=0.0508
2026-04-29 17:11:29,321 INFO train_distributed it= 119 lr=4.47e-04 loss_world=2.1813 |∇|=7.69e+01 γ=0.958 T=0.0509
2026-04-29 17:11:30,362 INFO train_distributed it= 119 lr=4.47e-04 loss_world=2.2497 |∇|=2.34e+02 γ=0.985 T=0.0521
2026-04-29 17:11:52,495 INFO train_distributed it= 129 lr=3.76e-04 loss_world=0.9395 |∇|=3.24e+01 γ=0.976 T=0.0506
2026-04-29 17:11:53,009 INFO train_distributed it= 129 lr=3.76e-04 loss_world=1.0291 |∇|=2.35e+01 γ=0.982 T=0.0500
2026-04-29 17:11:53,084 INFO train_distributed it= 129 lr=3.76e-04 loss_world=1.4304 |∇|=5.72e+02 γ=0.984 T=0.0522
2026-04-29 17:11:53,176 INFO train_distributed it= 129 lr=3.76e-04 loss_world=1.1444 |∇|=8.24e+02 γ=0.969 T=0.0506
2026-04-29 17:11:53,370 INFO train_distributed it= 129 lr=3.76e-04 loss_world=0.7483 |∇|=4.62e+02 γ=0.981 T=0.0523
2026-04-29 17:11:53,597 INFO train_distributed it= 129 lr=3.76e-04 loss_world=1.8813 |∇|=2.64e+02 γ=0.978 T=0.0508
2026-04-29 17:11:54,083 INFO train_distributed it= 129 lr=3.76e-04 loss_world=1.1447 |∇|=1.78e+02 γ=0.958 T=0.0509
2026-04-29 17:11:55,271 INFO train_distributed it= 129 lr=3.76e-04 loss_world=1.3737 |∇|=1.67e+02 γ=0.985 T=0.0521
2026-04-29 17:12:17,046 INFO train_distributed it= 139 lr=3.10e-04 loss_world=0.9166 |∇|=1.56e+02 γ=0.976 T=0.0507
2026-04-29 17:12:17,595 INFO train_distributed it= 139 lr=3.10e-04 loss_world=1.3406 |∇|=2.02e+01 γ=0.982 T=0.0499
2026-04-29 17:12:17,677 INFO train_distributed it= 139 lr=3.10e-04 loss_world=0.8732 |∇|=1.80e+02 γ=0.984 T=0.0523
2026-04-29 17:12:17,851 INFO train_distributed it= 139 lr=3.10e-04 loss_world=1.1856 |∇|=8.63e+02 γ=0.970 T=0.0506
2026-04-29 17:12:17,979 INFO train_distributed it= 139 lr=3.10e-04 loss_world=0.9559 |∇|=4.96e+02 γ=0.981 T=0.0524
2026-04-29 17:12:18,323 INFO train_distributed it= 139 lr=3.10e-04 loss_world=1.0068 |∇|=5.83e+02 γ=0.977 T=0.0508
2026-04-29 17:12:18,885 INFO train_distributed it= 139 lr=3.10e-04 loss_world=2.1400 |∇|=2.56e+02 γ=0.957 T=0.0510
2026-04-29 17:12:20,216 INFO train_distributed it= 139 lr=3.10e-04 loss_world=1.3056 |∇|=5.65e+01 γ=0.985 T=0.0522
2026-04-29 17:12:41,596 INFO train_distributed it= 149 lr=2.51e-04 loss_world=1.6294 |∇|=4.67e+02 γ=0.976 T=0.0507
2026-04-29 17:12:42,187 INFO train_distributed it= 149 lr=2.51e-04 loss_world=1.1390 |∇|=4.39e+01 γ=0.983 T=0.0499
2026-04-29 17:12:42,272 INFO train_distributed it= 149 lr=2.51e-04 loss_world=0.7093 |∇|=7.15e+02 γ=0.984 T=0.0523
2026-04-29 17:12:42,519 INFO train_distributed it= 149 lr=2.51e-04 loss_world=1.4000 |∇|=1.30e+03 γ=0.970 T=0.0506
2026-04-29 17:12:42,589 INFO train_distributed it= 149 lr=2.51e-04 loss_world=1.2433 |∇|=7.70e+02 γ=0.981 T=0.0524
2026-04-29 17:12:43,048 INFO train_distributed it= 149 lr=2.51e-04 loss_world=1.0399 |∇|=9.79e+02 γ=0.977 T=0.0508
2026-04-29 17:12:43,696 INFO train_distributed it= 149 lr=2.51e-04 loss_world=1.0216 |∇|=2.42e+02 γ=0.957 T=0.0510
2026-04-29 17:12:45,172 INFO train_distributed it= 149 lr=2.51e-04 loss_world=1.0168 |∇|=4.96e+02 γ=0.985 T=0.0523
2026-04-29 17:13:06,146 INFO train_distributed it= 159 lr=2.00e-04 loss_world=0.7140 |∇|=3.34e+02 γ=0.976 T=0.0507
2026-04-29 17:13:06,774 INFO train_distributed it= 159 lr=2.00e-04 loss_world=1.5094 |∇|=1.95e+02 γ=0.983 T=0.0499
2026-04-29 17:13:06,870 INFO train_distributed it= 159 lr=2.00e-04 loss_world=1.4903 |∇|=7.40e+02 γ=0.984 T=0.0524
2026-04-29 17:13:07,174 INFO train_distributed it= 159 lr=2.00e-04 loss_world=1.8631 |∇|=4.69e+02 γ=0.971 T=0.0506
2026-04-29 17:13:07,200 INFO train_distributed it= 159 lr=2.00e-04 loss_world=1.6350 |∇|=6.66e+02 γ=0.981 T=0.0524
2026-04-29 17:13:07,757 INFO train_distributed it= 159 lr=2.00e-04 loss_world=1.2385 |∇|=6.52e+02 γ=0.977 T=0.0508
2026-04-29 17:13:08,495 INFO train_distributed it= 159 lr=2.00e-04 loss_world=0.9252 |∇|=2.51e+03 γ=0.957 T=0.0510
2026-04-29 17:13:10,111 INFO train_distributed it= 159 lr=2.00e-04 loss_world=0.8771 |∇|=4.19e+02 γ=0.985 T=0.0523
2026-04-29 17:13:30,696 INFO train_distributed it= 169 lr=1.58e-04 loss_world=0.9962 |∇|=8.91e+01 γ=0.976 T=0.0507
2026-04-29 17:13:31,365 INFO train_distributed it= 169 lr=1.58e-04 loss_world=1.1796 |∇|=5.15e+01 γ=0.983 T=0.0499
2026-04-29 17:13:31,463 INFO train_distributed it= 169 lr=1.58e-04 loss_world=1.9578 |∇|=3.82e+02 γ=0.984 T=0.0524
2026-04-29 17:13:31,818 INFO train_distributed it= 169 lr=1.58e-04 loss_world=2.3004 |∇|=5.29e+02 γ=0.982 T=0.0524
2026-04-29 17:13:31,830 INFO train_distributed it= 169 lr=1.58e-04 loss_world=0.6541 |∇|=3.11e+02 γ=0.971 T=0.0506
2026-04-29 17:13:32,443 INFO train_distributed it= 169 lr=1.58e-04 loss_world=0.7161 |∇|=2.35e+02 γ=0.977 T=0.0508
2026-04-29 17:13:33,249 INFO train_distributed it= 169 lr=1.58e-04 loss_world=0.9302 |∇|=6.58e+02 γ=0.957 T=0.0510
2026-04-29 17:13:35,027 INFO train_distributed it= 169 lr=1.58e-04 loss_world=0.7041 |∇|=4.80e+02 γ=0.985 T=0.0523
2026-04-29 17:13:55,245 INFO train_distributed it= 179 lr=1.27e-04 loss_world=1.0566 |∇|=2.29e+02 γ=0.976 T=0.0507
2026-04-29 17:13:55,957 INFO train_distributed it= 179 lr=1.27e-04 loss_world=1.4016 |∇|=2.97e+02 γ=0.983 T=0.0499
2026-04-29 17:13:56,067 INFO train_distributed it= 179 lr=1.27e-04 loss_world=0.6957 |∇|=6.17e+03 γ=0.984 T=0.0524
2026-04-29 17:13:56,431 INFO train_distributed it= 179 lr=1.27e-04 loss_world=1.0653 |∇|=1.32e+03 γ=0.982 T=0.0524
2026-04-29 17:13:56,462 INFO train_distributed it= 179 lr=1.27e-04 loss_world=1.9564 |∇|=1.07e+02 γ=0.971 T=0.0506
2026-04-29 17:13:57,105 INFO train_distributed it= 179 lr=1.27e-04 loss_world=0.7967 |∇|=1.63e+02 γ=0.978 T=0.0508
2026-04-29 17:13:57,990 INFO train_distributed it= 179 lr=1.27e-04 loss_world=1.7673 |∇|=5.26e+02 γ=0.957 T=0.0510
2026-04-29 17:13:59,904 INFO train_distributed it= 179 lr=1.27e-04 loss_world=0.7869 |∇|=5.72e+02 γ=0.985 T=0.0523
2026-04-29 17:14:19,801 INFO train_distributed it= 189 lr=1.07e-04 loss_world=1.2044 |∇|=2.91e+02 γ=0.976 T=0.0507
2026-04-29 17:14:20,545 INFO train_distributed it= 189 lr=1.07e-04 loss_world=1.2598 |∇|=3.29e+01 γ=0.983 T=0.0499
2026-04-29 17:14:20,659 INFO train_distributed it= 189 lr=1.07e-04 loss_world=1.5861 |∇|=2.64e+02 γ=0.984 T=0.0524
2026-04-29 17:14:21,052 INFO train_distributed it= 189 lr=1.07e-04 loss_world=0.8241 |∇|=1.47e+02 γ=0.982 T=0.0524
2026-04-29 17:14:21,093 INFO train_distributed it= 189 lr=1.07e-04 loss_world=1.5842 |∇|=7.31e+02 γ=0.972 T=0.0506
2026-04-29 17:14:21,756 INFO train_distributed it= 189 lr=1.07e-04 loss_world=0.6949 |∇|=5.62e+02 γ=0.978 T=0.0507
2026-04-29 17:14:22,720 INFO train_distributed it= 189 lr=1.07e-04 loss_world=1.4562 |∇|=2.65e+02 γ=0.957 T=0.0510
2026-04-29 17:14:24,792 INFO train_distributed it= 189 lr=1.07e-04 loss_world=0.7731 |∇|=9.11e+02 γ=0.985 T=0.0523
2026-04-29 17:14:44,350 INFO train_distributed it= 199 lr=1.00e-04 loss_world=0.9513 |∇|=1.58e+03 γ=0.976 T=0.0507
2026-04-29 17:14:44,356 INFO train_distributed training finished in 492.3s (200 iters, world_size=1)
2026-04-29 17:14:44,356 INFO train_distributed [rank 0] peak HBM: alloc=11.50 GB, reserved=11.67 GB
2026-04-29 17:14:44,359 INFO train_distributed [rank 0] wrote experiments/047_arch_tier_4_2_dyngraph/results_t42_dyngraph_no_u_seed3/training_log.json
2026-04-29 17:14:45,132 INFO train_distributed it= 199 lr=1.00e-04 loss_world=1.3978 |∇|=9.87e+01 γ=0.983 T=0.0499
2026-04-29 17:14:45,138 INFO train_distributed training finished in 493.1s (200 iters, world_size=1)
2026-04-29 17:14:45,138 INFO train_distributed [rank 0] peak HBM: alloc=11.50 GB, reserved=11.67 GB
2026-04-29 17:14:45,141 INFO train_distributed [rank 0] wrote experiments/047_arch_tier_4_2_dyngraph/results_t42_dyngraph_no_u_seed6/training_log.json
  ✓ t42_dyngraph_no_u_seed3 502s (card 3)

═ TRAIN t42_dyngraph_no_u_seed8 (card 0) ═ 17:14:45
2026-04-29 17:14:45,260 INFO train_distributed it= 199 lr=1.00e-04 loss_world=1.0572 |∇|=5.01e+02 γ=0.984 T=0.0524
2026-04-29 17:14:45,266 INFO train_distributed training finished in 493.2s (200 iters, world_size=1)
2026-04-29 17:14:45,266 INFO train_distributed [rank 0] peak HBM: alloc=11.50 GB, reserved=11.67 GB
2026-04-29 17:14:45,269 INFO train_distributed [rank 0] wrote experiments/047_arch_tier_4_2_dyngraph/results_t42_dyngraph_no_u_seed7/training_log.json
2026-04-29 17:14:45,661 INFO train_distributed it= 199 lr=1.00e-04 loss_world=1.6486 |∇|=9.10e+02 γ=0.982 T=0.0524
2026-04-29 17:14:45,668 INFO train_distributed training finished in 493.6s (200 iters, world_size=1)
2026-04-29 17:14:45,668 INFO train_distributed [rank 0] peak HBM: alloc=11.50 GB, reserved=11.67 GB
2026-04-29 17:14:45,671 INFO train_distributed [rank 0] wrote experiments/047_arch_tier_4_2_dyngraph/results_t42_dyngraph_no_u_seed2/training_log.json
2026-04-29 17:14:45,734 INFO train_distributed it= 199 lr=1.00e-04 loss_world=1.5909 |∇|=4.89e+01 γ=0.972 T=0.0506
2026-04-29 17:14:45,741 INFO train_distributed training finished in 493.7s (200 iters, world_size=1)
2026-04-29 17:14:45,741 INFO train_distributed [rank 0] peak HBM: alloc=11.50 GB, reserved=11.67 GB
2026-04-29 17:14:45,744 INFO train_distributed [rank 0] wrote experiments/047_arch_tier_4_2_dyngraph/results_t42_dyngraph_no_u_seed4/training_log.json
  ✓ t42_dyngraph_no_u_seed6 503s (card 6)

═ TRAIN t42_dyngraph_no_u_seed9 (card 1) ═ 17:14:46
  ✓ t42_dyngraph_no_u_seed7 503s (card 7)

═ TRAIN t42_dyngraph_seed0 (card 2) ═ 17:14:46
2026-04-29 17:14:46,435 INFO train_distributed it= 199 lr=1.00e-04 loss_world=4.2053 |∇|=3.40e+03 γ=0.978 T=0.0507
2026-04-29 17:14:46,441 INFO train_distributed training finished in 494.4s (200 iters, world_size=1)
2026-04-29 17:14:46,441 INFO train_distributed [rank 0] peak HBM: alloc=11.50 GB, reserved=11.67 GB
2026-04-29 17:14:46,445 INFO train_distributed [rank 0] wrote experiments/047_arch_tier_4_2_dyngraph/results_t42_dyngraph_no_u_seed0/training_log.json
  ✓ t42_dyngraph_no_u_seed2 503s (card 2)

═ TRAIN t42_dyngraph_seed1 (card 3) ═ 17:14:46
  ✓ t42_dyngraph_no_u_seed4 503s (card 4)

═ TRAIN t42_dyngraph_seed2 (card 4) ═ 17:14:46
  ✓ t42_dyngraph_no_u_seed0 504s (card 0)

═ TRAIN t42_dyngraph_seed3 (card 5) ═ 17:14:47
2026-04-29 17:14:47,468 INFO train_distributed it= 199 lr=1.00e-04 loss_world=1.8944 |∇|=2.96e+03 γ=0.958 T=0.0510
2026-04-29 17:14:47,474 INFO train_distributed training finished in 495.4s (200 iters, world_size=1)
2026-04-29 17:14:47,474 INFO train_distributed [rank 0] peak HBM: alloc=11.50 GB, reserved=11.67 GB
2026-04-29 17:14:47,477 INFO train_distributed [rank 0] wrote experiments/047_arch_tier_4_2_dyngraph/results_t42_dyngraph_no_u_seed1/training_log.json
  ✓ t42_dyngraph_no_u_seed1 505s (card 1)

═ TRAIN t42_dyngraph_seed4 (card 6) ═ 17:14:48
2026-04-29 17:14:48,972 INFO train_distributed [dist] rank=0 world_size=1 local_rank=0 cuda_available=True
2026-04-29 17:14:49,017 INFO train_distributed loaded 2,841 returns for spx/2015-2026_daily
2026-04-29 17:14:49,024 INFO train_distributed targets: acf_sq=0.342 leverage_sum=-0.790 hill_alpha=2.68
2026-04-29 17:14:49,568 INFO train_distributed EcoMDSimulator built: 41381 parameters (device=cuda:0)
2026-04-29 17:14:49,698 INFO train_distributed it= 199 lr=1.00e-04 loss_world=0.7020 |∇|=4.84e+02 γ=0.985 T=0.0523
2026-04-29 17:14:49,704 INFO train_distributed training finished in 497.5s (200 iters, world_size=1)
2026-04-29 17:14:49,704 INFO train_distributed [rank 0] peak HBM: alloc=11.50 GB, reserved=11.67 GB
2026-04-29 17:14:49,707 INFO train_distributed [rank 0] wrote experiments/047_arch_tier_4_2_dyngraph/results_t42_dyngraph_no_u_seed5/training_log.json
2026-04-29 17:14:49,809 INFO train_distributed [dist] rank=0 world_size=1 local_rank=0 cuda_available=True
2026-04-29 17:14:49,855 INFO train_distributed loaded 2,841 returns for spx/2015-2026_daily
2026-04-29 17:14:49,862 INFO train_distributed targets: acf_sq=0.342 leverage_sum=-0.790 hill_alpha=2.68
2026-04-29 17:14:50,705 INFO train_distributed [dist] rank=0 world_size=1 local_rank=0 cuda_available=True
2026-04-29 17:14:50,750 INFO train_distributed loaded 2,841 returns for spx/2015-2026_daily
2026-04-29 17:14:50,759 INFO train_distributed targets: acf_sq=0.342 leverage_sum=-0.790 hill_alpha=2.68
2026-04-29 17:14:51,132 INFO train_distributed [dist] rank=0 world_size=1 local_rank=0 cuda_available=True
2026-04-29 17:14:51,177 INFO train_distributed loaded 2,841 returns for spx/2015-2026_daily
2026-04-29 17:14:51,184 INFO train_distributed targets: acf_sq=0.342 leverage_sum=-0.790 hill_alpha=2.68
2026-04-29 17:14:51,631 INFO train_distributed [dist] rank=0 world_size=1 local_rank=0 cuda_available=True
2026-04-29 17:14:51,675 INFO train_distributed loaded 2,841 returns for spx/2015-2026_daily
2026-04-29 17:14:51,682 INFO train_distributed targets: acf_sq=0.342 leverage_sum=-0.790 hill_alpha=2.68
  ✓ t42_dyngraph_no_u_seed5 509s (card 5)

═ TRAIN t42_dyngraph_seed5 (card 7) ═ 17:14:52
2026-04-29 17:14:52,350 INFO train_distributed EcoMDSimulator built: 41381 parameters (device=cuda:0)
2026-04-29 17:14:52,351 INFO train_distributed EcoMDSimulator built: 47709 parameters (device=cuda:0)
2026-04-29 17:14:52,615 INFO train_distributed [dist] rank=0 world_size=1 local_rank=0 cuda_available=True
2026-04-29 17:14:52,661 INFO train_distributed loaded 2,841 returns for spx/2015-2026_daily
2026-04-29 17:14:52,669 INFO train_distributed targets: acf_sq=0.342 leverage_sum=-0.790 hill_alpha=2.68
2026-04-29 17:14:53,093 INFO train_distributed [dist] rank=0 world_size=1 local_rank=0 cuda_available=True
2026-04-29 17:14:53,138 INFO train_distributed loaded 2,841 returns for spx/2015-2026_daily
2026-04-29 17:14:53,146 INFO train_distributed targets: acf_sq=0.342 leverage_sum=-0.790 hill_alpha=2.68
2026-04-29 17:14:53,176 INFO train_distributed EcoMDSimulator built: 47709 parameters (device=cuda:0)
2026-04-29 17:14:53,285 INFO train_distributed EcoMDSimulator built: 47709 parameters (device=cuda:0)
2026-04-29 17:14:53,302 INFO train_distributed EcoMDSimulator built: 47709 parameters (device=cuda:0)
2026-04-29 17:14:53,454 INFO train_distributed EcoMDSimulator built: 47709 parameters (device=cuda:0)
2026-04-29 17:14:54,420 INFO train_distributed it=   0 lr=1.00e-04 loss_world=1.9082 |∇|=1.60e+01 γ=1.000 T=0.0500
2026-04-29 17:14:55,691 INFO train_distributed [dist] rank=0 world_size=1 local_rank=0 cuda_available=True
2026-04-29 17:14:55,734 INFO train_distributed loaded 2,841 returns for spx/2015-2026_daily
2026-04-29 17:14:55,742 INFO train_distributed targets: acf_sq=0.342 leverage_sum=-0.790 hill_alpha=2.68
2026-04-29 17:14:56,002 INFO train_distributed EcoMDSimulator built: 47709 parameters (device=cuda:0)
2026-04-29 17:14:56,133 INFO train_distributed it=   0 lr=1.00e-04 loss_world=2.7543 |∇|=2.25e+01 γ=1.000 T=0.0500
2026-04-29 17:14:56,670 INFO train_distributed it=   0 lr=1.00e-04 loss_world=17.6099 |∇|=6.09e+03 γ=1.000 T=0.0500
2026-04-29 17:14:57,419 INFO train_distributed it=   0 lr=1.00e-04 loss_world=2.4068 |∇|=8.88e+01 γ=1.000 T=0.0500
2026-04-29 17:14:57,543 INFO train_distributed it=   0 lr=1.00e-04 loss_world=19.9227 |∇|=2.40e+03 γ=1.000 T=0.0500
2026-04-29 17:14:57,546 INFO train_distributed it=   0 lr=1.00e-04 loss_world=2.6344 |∇|=1.61e+01 γ=1.000 T=0.0500
2026-04-29 17:14:57,951 INFO train_distributed it=   0 lr=1.00e-04 loss_world=5.0605 |∇|=2.39e+02 γ=1.000 T=0.0500
2026-04-29 17:15:00,153 INFO train_distributed it=   0 lr=1.00e-04 loss_world=6.8645 |∇|=3.80e+02 γ=1.000 T=0.0500
2026-04-29 17:15:16,617 INFO train_distributed it=   9 lr=1.00e-03 loss_world=2.0730 |∇|=1.03e+02 γ=0.998 T=0.0501
2026-04-29 17:15:18,342 INFO train_distributed it=   9 lr=1.00e-03 loss_world=1.4584 |∇|=5.84e+02 γ=1.000 T=0.0501
2026-04-29 17:15:23,288 INFO train_distributed it=   9 lr=1.00e-03 loss_world=2.1034 |∇|=7.63e+01 γ=0.996 T=0.0500
2026-04-29 17:15:24,015 INFO train_distributed it=   9 lr=1.00e-03 loss_world=2.9400 |∇|=7.01e+01 γ=1.000 T=0.0503
2026-04-29 17:15:24,139 INFO train_distributed it=   9 lr=1.00e-03 loss_world=2.2854 |∇|=2.88e+01 γ=0.997 T=0.0501
2026-04-29 17:15:24,209 INFO train_distributed it=   9 lr=1.00e-03 loss_world=2.6164 |∇|=2.00e+01 γ=0.995 T=0.0500
2026-04-29 17:15:24,559 INFO train_distributed it=   9 lr=1.00e-03 loss_world=2.3417 |∇|=1.16e+01 γ=0.997 T=0.0502
2026-04-29 17:15:26,740 INFO train_distributed it=   9 lr=1.00e-03 loss_world=2.1144 |∇|=2.96e+01 γ=0.997 T=0.0500
2026-04-29 17:15:41,312 INFO train_distributed it=  19 lr=9.95e-04 loss_world=2.5234 |∇|=2.80e+01 γ=0.996 T=0.0504
2026-04-29 17:15:43,052 INFO train_distributed it=  19 lr=9.95e-04 loss_world=12.3637 |∇|=6.45e+03 γ=0.999 T=0.0502
2026-04-29 17:15:52,859 INFO train_distributed it=  19 lr=9.95e-04 loss_world=2.5090 |∇|=3.25e+01 γ=0.993 T=0.0501
2026-04-29 17:15:53,572 INFO train_distributed it=  19 lr=9.95e-04 loss_world=0.9785 |∇|=1.08e+02 γ=0.997 T=0.0505
2026-04-29 17:15:53,673 INFO train_distributed it=  19 lr=9.95e-04 loss_world=0.9406 |∇|=2.68e+02 γ=0.992 T=0.0504
2026-04-29 17:15:53,830 INFO train_distributed it=  19 lr=9.95e-04 loss_world=2.0500 |∇|=8.43e+00 γ=0.990 T=0.0500
2026-04-29 17:15:54,122 INFO train_distributed it=  19 lr=9.95e-04 loss_world=1.2709 |∇|=5.11e+02 γ=0.992 T=0.0504
2026-04-29 17:15:56,285 INFO train_distributed it=  19 lr=9.95e-04 loss_world=5.1004 |∇|=5.39e+02 γ=0.993 T=0.0502
2026-04-29 17:16:06,018 INFO train_distributed it=  29 lr=9.78e-04 loss_world=3.0859 |∇|=2.71e+02 γ=0.990 T=0.0505
2026-04-29 17:16:07,785 INFO train_distributed it=  29 lr=9.78e-04 loss_world=2.1221 |∇|=9.53e+01 γ=0.994 T=0.0505
2026-04-29 17:16:22,430 INFO train_distributed it=  29 lr=9.78e-04 loss_world=3.0400 |∇|=7.62e+01 γ=0.990 T=0.0503
2026-04-29 17:16:23,134 INFO train_distributed it=  29 lr=9.78e-04 loss_world=0.9682 |∇|=9.24e+01 γ=0.994 T=0.0506
2026-04-29 17:16:23,200 INFO train_distributed it=  29 lr=9.78e-04 loss_world=2.6948 |∇|=1.16e+02 γ=0.988 T=0.0506
2026-04-29 17:16:23,439 INFO train_distributed it=  29 lr=9.78e-04 loss_world=1.9259 |∇|=1.89e+01 γ=0.987 T=0.0502
2026-04-29 17:16:23,689 INFO train_distributed it=  29 lr=9.78e-04 loss_world=1.0709 |∇|=1.75e+02 γ=0.989 T=0.0506
2026-04-29 17:16:25,819 INFO train_distributed it=  29 lr=9.78e-04 loss_world=1.7633 |∇|=2.29e+03 γ=0.990 T=0.0504
2026-04-29 17:16:30,711 INFO train_distributed it=  39 lr=9.49e-04 loss_world=2.0288 |∇|=1.53e+01 γ=0.987 T=0.0504
2026-04-29 17:16:32,496 INFO train_distributed it=  39 lr=9.49e-04 loss_world=1.9968 |∇|=4.51e+01 γ=0.992 T=0.0507
2026-04-29 17:16:51,975 INFO train_distributed it=  39 lr=9.49e-04 loss_world=2.9313 |∇|=1.51e+01 γ=0.987 T=0.0504
2026-04-29 17:16:52,692 INFO train_distributed it=  39 lr=9.49e-04 loss_world=1.0836 |∇|=1.25e+01 γ=0.991 T=0.0507
2026-04-29 17:16:52,732 INFO train_distributed it=  39 lr=9.49e-04 loss_world=2.3348 |∇|=5.73e+01 γ=0.984 T=0.0509
2026-04-29 17:16:53,038 INFO train_distributed it=  39 lr=9.49e-04 loss_world=1.9018 |∇|=1.50e+01 γ=0.986 T=0.0503
2026-04-29 17:16:53,250 INFO train_distributed it=  39 lr=9.49e-04 loss_world=1.3157 |∇|=2.94e+01 γ=0.986 T=0.0508
2026-04-29 17:16:55,354 INFO train_distributed it=  39 lr=9.49e-04 loss_world=2.4469 |∇|=1.21e+01 γ=0.987 T=0.0506
2026-04-29 17:16:55,397 INFO train_distributed it=  49 lr=9.10e-04 loss_world=2.1479 |∇|=6.07e+00 γ=0.984 T=0.0504
2026-04-29 17:16:57,198 INFO train_distributed it=  49 lr=9.10e-04 loss_world=1.0206 |∇|=1.17e+02 γ=0.991 T=0.0509
2026-04-29 17:17:20,083 INFO train_distributed it=  59 lr=8.60e-04 loss_world=1.5490 |∇|=3.20e+02 γ=0.982 T=0.0503
2026-04-29 17:17:21,531 INFO train_distributed it=  49 lr=9.10e-04 loss_world=1.2438 |∇|=2.07e+03 γ=0.984 T=0.0505
2026-04-29 17:17:21,907 INFO train_distributed it=  59 lr=8.60e-04 loss_world=5.7167 |∇|=4.16e+03 γ=0.991 T=0.0512
2026-04-29 17:17:22,261 INFO train_distributed it=  49 lr=9.10e-04 loss_world=1.0573 |∇|=4.81e+01 γ=0.988 T=0.0508
2026-04-29 17:17:22,265 INFO train_distributed it=  49 lr=9.10e-04 loss_world=2.2491 |∇|=1.38e+01 γ=0.981 T=0.0512
2026-04-29 17:17:22,645 INFO train_distributed it=  49 lr=9.10e-04 loss_world=1.7395 |∇|=8.65e+01 γ=0.985 T=0.0505
2026-04-29 17:17:22,832 INFO train_distributed it=  49 lr=9.10e-04 loss_world=1.1755 |∇|=6.10e+00 γ=0.985 T=0.0509
2026-04-29 17:17:24,897 INFO train_distributed it=  49 lr=9.10e-04 loss_world=1.9877 |∇|=5.37e+01 γ=0.984 T=0.0507
2026-04-29 17:17:44,769 INFO train_distributed it=  69 lr=8.02e-04 loss_world=1.9207 |∇|=4.37e+01 γ=0.981 T=0.0505
2026-04-29 17:17:46,620 INFO train_distributed it=  69 lr=8.02e-04 loss_world=3.8877 |∇|=4.04e+03 γ=0.990 T=0.0514
2026-04-29 17:17:51,082 INFO train_distributed it=  59 lr=8.60e-04 loss_world=1.6667 |∇|=2.00e+02 γ=0.979 T=0.0508
2026-04-29 17:17:51,794 INFO train_distributed it=  59 lr=8.60e-04 loss_world=2.3536 |∇|=2.85e+01 γ=0.977 T=0.0514
2026-04-29 17:17:51,833 INFO train_distributed it=  59 lr=8.60e-04 loss_world=1.3271 |∇|=7.06e+01 γ=0.988 T=0.0509
2026-04-29 17:17:52,265 INFO train_distributed it=  59 lr=8.60e-04 loss_world=1.2031 |∇|=1.76e+02 γ=0.983 T=0.0508
2026-04-29 17:17:52,403 INFO train_distributed it=  59 lr=8.60e-04 loss_world=1.5645 |∇|=5.28e+01 γ=0.985 T=0.0509
2026-04-29 17:17:54,446 INFO train_distributed it=  59 lr=8.60e-04 loss_world=2.1618 |∇|=4.98e+01 γ=0.982 T=0.0508
2026-04-29 17:18:09,522 INFO train_distributed it=  79 lr=7.38e-04 loss_world=1.9183 |∇|=3.53e+01 γ=0.981 T=0.0506
2026-04-29 17:18:11,366 INFO train_distributed it=  79 lr=7.38e-04 loss_world=1.8393 |∇|=1.09e+02 γ=0.989 T=0.0515
2026-04-29 17:18:20,628 INFO train_distributed it=  69 lr=8.02e-04 loss_world=1.9149 |∇|=1.07e+01 γ=0.978 T=0.0510
2026-04-29 17:18:21,342 INFO train_distributed it=  69 lr=8.02e-04 loss_world=1.7994 |∇|=2.36e+01 γ=0.973 T=0.0518
2026-04-29 17:18:21,389 INFO train_distributed it=  69 lr=8.02e-04 loss_world=1.0657 |∇|=1.10e+02 γ=0.986 T=0.0510
2026-04-29 17:18:21,910 INFO train_distributed it=  69 lr=8.02e-04 loss_world=0.5747 |∇|=2.54e+02 γ=0.982 T=0.0510
2026-04-29 17:18:21,970 INFO train_distributed it=  69 lr=8.02e-04 loss_world=1.1581 |∇|=8.71e+01 γ=0.984 T=0.0510
2026-04-29 17:18:23,989 INFO train_distributed it=  69 lr=8.02e-04 loss_world=0.9215 |∇|=8.05e+02 γ=0.978 T=0.0511
2026-04-29 17:18:34,258 INFO train_distributed it=  89 lr=6.68e-04 loss_world=1.8893 |∇|=6.54e+01 γ=0.981 T=0.0507
2026-04-29 17:18:36,157 INFO train_distributed it=  89 lr=6.68e-04 loss_world=2.9429 |∇|=1.59e+01 γ=0.987 T=0.0516
2026-04-29 17:18:50,176 INFO train_distributed it=  79 lr=7.38e-04 loss_world=1.8957 |∇|=1.52e+01 γ=0.977 T=0.0511
2026-04-29 17:18:50,877 INFO train_distributed it=  79 lr=7.38e-04 loss_world=2.3990 |∇|=2.85e+01 γ=0.971 T=0.0520
2026-04-29 17:18:50,949 INFO train_distributed it=  79 lr=7.38e-04 loss_world=1.2989 |∇|=1.44e+01 γ=0.985 T=0.0510
2026-04-29 17:18:51,522 INFO train_distributed it=  79 lr=7.38e-04 loss_world=1.8192 |∇|=1.78e+02 γ=0.982 T=0.0512
2026-04-29 17:18:51,549 INFO train_distributed it=  79 lr=7.38e-04 loss_world=0.7235 |∇|=2.03e+01 γ=0.984 T=0.0511
2026-04-29 17:18:53,525 INFO train_distributed it=  79 lr=7.38e-04 loss_world=2.1362 |∇|=8.15e+01 γ=0.976 T=0.0514
2026-04-29 17:18:58,988 INFO train_distributed it=  99 lr=5.95e-04 loss_world=0.8487 |∇|=2.97e+02 γ=0.981 T=0.0508
2026-04-29 17:19:00,961 INFO train_distributed it=  99 lr=5.95e-04 loss_world=1.6697 |∇|=1.85e+02 γ=0.985 T=0.0518
2026-04-29 17:19:19,726 INFO train_distributed it=  89 lr=6.68e-04 loss_world=4.7189 |∇|=1.08e+03 γ=0.977 T=0.0511
2026-04-29 17:19:20,411 INFO train_distributed it=  89 lr=6.68e-04 loss_world=0.9823 |∇|=6.02e+01 γ=0.969 T=0.0521
2026-04-29 17:19:20,521 INFO train_distributed it=  89 lr=6.68e-04 loss_world=1.6720 |∇|=2.11e+02 γ=0.985 T=0.0511
2026-04-29 17:19:21,124 INFO train_distributed it=  89 lr=6.68e-04 loss_world=1.4968 |∇|=1.80e+03 γ=0.983 T=0.0511
2026-04-29 17:19:21,135 INFO train_distributed it=  89 lr=6.68e-04 loss_world=0.9107 |∇|=3.65e+02 γ=0.982 T=0.0513
2026-04-29 17:19:23,072 INFO train_distributed it=  89 lr=6.68e-04 loss_world=1.3807 |∇|=4.02e+02 γ=0.975 T=0.0516
2026-04-29 17:19:23,675 INFO train_distributed it= 109 lr=5.20e-04 loss_world=2.4955 |∇|=5.98e+01 γ=0.980 T=0.0510
2026-04-29 17:19:25,699 INFO train_distributed it= 109 lr=5.20e-04 loss_world=1.9851 |∇|=2.46e+02 γ=0.985 T=0.0520
2026-04-29 17:19:48,351 INFO train_distributed it= 119 lr=4.47e-04 loss_world=2.5416 |∇|=2.07e+01 γ=0.978 T=0.0511
2026-04-29 17:19:49,272 INFO train_distributed it=  99 lr=5.95e-04 loss_world=2.2429 |∇|=8.73e+01 γ=0.977 T=0.0512
2026-04-29 17:19:49,939 INFO train_distributed it=  99 lr=5.95e-04 loss_world=0.9259 |∇|=1.49e+02 γ=0.968 T=0.0523
2026-04-29 17:19:50,093 INFO train_distributed it=  99 lr=5.95e-04 loss_world=0.9375 |∇|=7.25e+01 γ=0.984 T=0.0511
2026-04-29 17:19:50,452 INFO train_distributed it= 119 lr=4.47e-04 loss_world=2.6215 |∇|=8.41e+01 γ=0.984 T=0.0521
2026-04-29 17:19:50,692 INFO train_distributed it=  99 lr=5.95e-04 loss_world=1.6967 |∇|=2.25e+02 γ=0.982 T=0.0512
2026-04-29 17:19:50,742 INFO train_distributed it=  99 lr=5.95e-04 loss_world=1.1230 |∇|=2.67e+02 γ=0.982 T=0.0515
2026-04-29 17:19:52,605 INFO train_distributed it=  99 lr=5.95e-04 loss_world=2.0584 |∇|=7.53e+01 γ=0.973 T=0.0518
2026-04-29 17:20:13,044 INFO train_distributed it= 129 lr=3.76e-04 loss_world=1.7220 |∇|=1.85e+02 γ=0.976 T=0.0512
2026-04-29 17:20:15,214 INFO train_distributed it= 129 lr=3.76e-04 loss_world=3.6055 |∇|=3.14e+03 γ=0.982 T=0.0522
2026-04-29 17:20:18,825 INFO train_distributed it= 109 lr=5.20e-04 loss_world=2.8480 |∇|=8.06e+02 γ=0.977 T=0.0512
2026-04-29 17:20:19,468 INFO train_distributed it= 109 lr=5.20e-04 loss_world=0.7710 |∇|=3.51e+02 γ=0.967 T=0.0525
2026-04-29 17:20:19,665 INFO train_distributed it= 109 lr=5.20e-04 loss_world=0.9725 |∇|=9.96e+01 γ=0.983 T=0.0511
2026-04-29 17:20:20,259 INFO train_distributed it= 109 lr=5.20e-04 loss_world=0.7784 |∇|=2.93e+02 γ=0.981 T=0.0512
2026-04-29 17:20:20,338 INFO train_distributed it= 109 lr=5.20e-04 loss_world=1.1974 |∇|=1.54e+02 γ=0.982 T=0.0516
2026-04-29 17:20:22,136 INFO train_distributed it= 109 lr=5.20e-04 loss_world=1.1096 |∇|=7.83e+01 γ=0.972 T=0.0519
2026-04-29 17:20:37,747 INFO train_distributed it= 139 lr=3.10e-04 loss_world=1.9457 |∇|=8.47e+02 γ=0.975 T=0.0514
2026-04-29 17:20:39,986 INFO train_distributed it= 139 lr=3.10e-04 loss_world=1.4575 |∇|=3.06e+02 γ=0.981 T=0.0524
2026-04-29 17:20:48,387 INFO train_distributed it= 119 lr=4.47e-04 loss_world=2.1938 |∇|=1.78e+02 γ=0.977 T=0.0513
2026-04-29 17:20:48,993 INFO train_distributed it= 119 lr=4.47e-04 loss_world=1.0981 |∇|=4.00e+02 γ=0.966 T=0.0526
2026-04-29 17:20:49,242 INFO train_distributed it= 119 lr=4.47e-04 loss_world=1.2085 |∇|=3.82e+01 γ=0.983 T=0.0511
2026-04-29 17:20:49,829 INFO train_distributed it= 119 lr=4.47e-04 loss_world=1.1998 |∇|=1.16e+02 γ=0.980 T=0.0512
2026-04-29 17:20:49,943 INFO train_distributed it= 119 lr=4.47e-04 loss_world=0.5536 |∇|=2.41e+01 γ=0.981 T=0.0516
2026-04-29 17:20:51,662 INFO train_distributed it= 119 lr=4.47e-04 loss_world=2.0697 |∇|=1.67e+02 γ=0.972 T=0.0521
2026-04-29 17:21:02,440 INFO train_distributed it= 149 lr=2.51e-04 loss_world=2.6175 |∇|=2.47e+03 γ=0.973 T=0.0513
2026-04-29 17:21:04,746 INFO train_distributed it= 149 lr=2.51e-04 loss_world=3.1428 |∇|=2.77e+03 γ=0.980 T=0.0525
2026-04-29 17:21:17,939 INFO train_distributed it= 129 lr=3.76e-04 loss_world=2.3807 |∇|=1.82e+02 γ=0.977 T=0.0513
2026-04-29 17:21:18,513 INFO train_distributed it= 129 lr=3.76e-04 loss_world=1.6594 |∇|=1.73e+02 γ=0.965 T=0.0528
2026-04-29 17:21:18,832 INFO train_distributed it= 129 lr=3.76e-04 loss_world=1.2303 |∇|=6.03e+01 γ=0.983 T=0.0511
2026-04-29 17:21:19,401 INFO train_distributed it= 129 lr=3.76e-04 loss_world=1.1197 |∇|=7.36e+02 γ=0.979 T=0.0513
2026-04-29 17:21:19,543 INFO train_distributed it= 129 lr=3.76e-04 loss_world=0.8225 |∇|=8.51e+02 γ=0.981 T=0.0516
2026-04-29 17:21:21,191 INFO train_distributed it= 129 lr=3.76e-04 loss_world=2.1507 |∇|=6.99e+02 γ=0.971 T=0.0522
2026-04-29 17:21:27,112 INFO train_distributed it= 159 lr=2.00e-04 loss_world=1.4506 |∇|=5.36e+02 γ=0.972 T=0.0513
2026-04-29 17:21:29,460 INFO train_distributed it= 159 lr=2.00e-04 loss_world=1.0114 |∇|=4.45e+02 γ=0.980 T=0.0525
2026-04-29 17:21:47,493 INFO train_distributed it= 139 lr=3.10e-04 loss_world=2.4650 |∇|=3.26e+03 γ=0.977 T=0.0513
2026-04-29 17:21:48,040 INFO train_distributed it= 139 lr=3.10e-04 loss_world=1.5455 |∇|=3.52e+02 γ=0.964 T=0.0529
2026-04-29 17:21:48,409 INFO train_distributed it= 139 lr=3.10e-04 loss_world=1.2624 |∇|=4.72e+01 γ=0.983 T=0.0511
2026-04-29 17:21:48,978 INFO train_distributed it= 139 lr=3.10e-04 loss_world=1.1519 |∇|=8.23e+01 γ=0.979 T=0.0514
2026-04-29 17:21:49,145 INFO train_distributed it= 139 lr=3.10e-04 loss_world=0.9345 |∇|=1.65e+02 γ=0.981 T=0.0516
2026-04-29 17:21:50,726 INFO train_distributed it= 139 lr=3.10e-04 loss_world=0.8339 |∇|=7.54e+02 γ=0.971 T=0.0523
2026-04-29 17:21:51,801 INFO train_distributed it= 169 lr=1.58e-04 loss_world=0.8647 |∇|=2.09e+02 γ=0.971 T=0.0514
2026-04-29 17:21:54,202 INFO train_distributed it= 169 lr=1.58e-04 loss_world=0.9100 |∇|=1.52e+02 γ=0.980 T=0.0525
2026-04-29 17:22:16,520 INFO train_distributed it= 179 lr=1.27e-04 loss_world=1.0387 |∇|=2.30e+02 γ=0.971 T=0.0514
2026-04-29 17:22:17,038 INFO train_distributed it= 149 lr=2.51e-04 loss_world=1.3734 |∇|=6.20e+02 γ=0.977 T=0.0513
2026-04-29 17:22:17,569 INFO train_distributed it= 149 lr=2.51e-04 loss_world=1.3294 |∇|=1.01e+03 γ=0.963 T=0.0530
2026-04-29 17:22:17,972 INFO train_distributed it= 149 lr=2.51e-04 loss_world=0.9136 |∇|=9.45e+01 γ=0.983 T=0.0511
2026-04-29 17:22:18,545 INFO train_distributed it= 149 lr=2.51e-04 loss_world=1.5216 |∇|=1.66e+02 γ=0.979 T=0.0514
2026-04-29 17:22:18,762 INFO train_distributed it= 149 lr=2.51e-04 loss_world=1.1473 |∇|=2.41e+02 γ=0.981 T=0.0517
2026-04-29 17:22:18,978 INFO train_distributed it= 179 lr=1.27e-04 loss_world=1.9274 |∇|=1.36e+02 γ=0.980 T=0.0525
2026-04-29 17:22:20,264 INFO train_distributed it= 149 lr=2.51e-04 loss_world=2.1459 |∇|=1.30e+02 γ=0.971 T=0.0523
2026-04-29 17:22:41,210 INFO train_distributed it= 189 lr=1.07e-04 loss_world=2.2984 |∇|=5.78e+02 γ=0.971 T=0.0514
2026-04-29 17:22:43,748 INFO train_distributed it= 189 lr=1.07e-04 loss_world=0.9249 |∇|=4.05e+02 γ=0.980 T=0.0525
2026-04-29 17:22:46,596 INFO train_distributed it= 159 lr=2.00e-04 loss_world=1.7201 |∇|=3.52e+02 γ=0.976 T=0.0513
2026-04-29 17:22:47,092 INFO train_distributed it= 159 lr=2.00e-04 loss_world=1.3849 |∇|=7.38e+02 γ=0.963 T=0.0530
2026-04-29 17:22:47,545 INFO train_distributed it= 159 lr=2.00e-04 loss_world=1.2361 |∇|=3.27e+01 γ=0.984 T=0.0511
2026-04-29 17:22:48,113 INFO train_distributed it= 159 lr=2.00e-04 loss_world=0.9767 |∇|=1.58e+02 γ=0.979 T=0.0514
2026-04-29 17:22:48,373 INFO train_distributed it= 159 lr=2.00e-04 loss_world=0.8779 |∇|=1.17e+03 γ=0.981 T=0.0517
2026-04-29 17:22:49,800 INFO train_distributed it= 159 lr=2.00e-04 loss_world=0.6577 |∇|=1.22e+02 γ=0.970 T=0.0524
2026-04-29 17:23:05,880 INFO train_distributed it= 199 lr=1.00e-04 loss_world=0.9741 |∇|=1.67e+03 γ=0.971 T=0.0514
2026-04-29 17:23:05,887 INFO train_distributed training finished in 496.3s (200 iters, world_size=1)
2026-04-29 17:23:05,887 INFO train_distributed [rank 0] peak HBM: alloc=11.50 GB, reserved=11.67 GB
2026-04-29 17:23:05,890 INFO train_distributed [rank 0] wrote experiments/047_arch_tier_4_2_dyngraph/results_t42_dyngraph_no_u_seed8/training_log.json
  ✓ t42_dyngraph_no_u_seed8 501s (card 0)

═ TRAIN t42_dyngraph_seed6 (card 0) ═ 17:23:06
2026-04-29 17:23:08,504 INFO train_distributed it= 199 lr=1.00e-04 loss_world=0.6287 |∇|=2.59e+02 γ=0.980 T=0.0525
2026-04-29 17:23:08,510 INFO train_distributed training finished in 496.2s (200 iters, world_size=1)
2026-04-29 17:23:08,510 INFO train_distributed [rank 0] peak HBM: alloc=11.50 GB, reserved=11.67 GB
2026-04-29 17:23:08,514 INFO train_distributed [rank 0] wrote experiments/047_arch_tier_4_2_dyngraph/results_t42_dyngraph_no_u_seed9/training_log.json
  ✓ t42_dyngraph_no_u_seed9 503s (card 1)

═ TRAIN t42_dyngraph_seed7 (card 1) ═ 17:23:09
2026-04-29 17:23:10,383 INFO train_distributed [dist] rank=0 world_size=1 local_rank=0 cuda_available=True
2026-04-29 17:23:10,429 INFO train_distributed loaded 2,841 returns for spx/2015-2026_daily
2026-04-29 17:23:10,437 INFO train_distributed targets: acf_sq=0.342 leverage_sum=-0.790 hill_alpha=2.68
2026-04-29 17:23:10,695 INFO train_distributed EcoMDSimulator built: 47709 parameters (device=cuda:0)
2026-04-29 17:23:13,018 INFO train_distributed [dist] rank=0 world_size=1 local_rank=0 cuda_available=True
2026-04-29 17:23:13,064 INFO train_distributed loaded 2,841 returns for spx/2015-2026_daily
2026-04-29 17:23:13,072 INFO train_distributed targets: acf_sq=0.342 leverage_sum=-0.790 hill_alpha=2.68
2026-04-29 17:23:13,339 INFO train_distributed EcoMDSimulator built: 47709 parameters (device=cuda:0)
2026-04-29 17:23:14,908 INFO train_distributed it=   0 lr=1.00e-04 loss_world=2.3625 |∇|=3.80e+01 γ=1.000 T=0.0500
2026-04-29 17:23:16,164 INFO train_distributed it= 169 lr=1.58e-04 loss_world=1.4795 |∇|=5.99e+02 γ=0.976 T=0.0513
2026-04-29 17:23:16,624 INFO train_distributed it= 169 lr=1.58e-04 loss_world=0.7397 |∇|=7.45e+02 γ=0.963 T=0.0531
2026-04-29 17:23:17,138 INFO train_distributed it= 169 lr=1.58e-04 loss_world=1.3059 |∇|=2.29e+02 γ=0.984 T=0.0511
2026-04-29 17:23:17,554 INFO train_distributed it=   0 lr=1.00e-04 loss_world=2.3382 |∇|=1.40e+01 γ=1.000 T=0.0500
2026-04-29 17:23:17,704 INFO train_distributed it= 169 lr=1.58e-04 loss_world=0.9053 |∇|=1.54e+02 γ=0.979 T=0.0514
2026-04-29 17:23:17,997 INFO train_distributed it= 169 lr=1.58e-04 loss_world=1.3360 |∇|=1.40e+02 γ=0.981 T=0.0517
2026-04-29 17:23:19,338 INFO train_distributed it= 169 lr=1.58e-04 loss_world=0.9483 |∇|=4.28e+02 γ=0.970 T=0.0524
2026-04-29 17:23:41,542 INFO train_distributed it=   9 lr=1.00e-03 loss_world=4.5042 |∇|=1.59e+02 γ=0.997 T=0.0501
2026-04-29 17:23:44,193 INFO train_distributed it=   9 lr=1.00e-03 loss_world=9.1983 |∇|=1.70e+03 γ=1.002 T=0.0501
2026-04-29 17:23:45,708 INFO train_distributed it= 179 lr=1.27e-04 loss_world=1.8011 |∇|=3.69e+02 γ=0.976 T=0.0513
2026-04-29 17:23:46,146 INFO train_distributed it= 179 lr=1.27e-04 loss_world=1.6324 |∇|=6.69e+02 γ=0.962 T=0.0531
2026-04-29 17:23:46,712 INFO train_distributed it= 179 lr=1.27e-04 loss_world=0.9389 |∇|=1.64e+02 γ=0.984 T=0.0511
2026-04-29 17:23:47,276 INFO train_distributed it= 179 lr=1.27e-04 loss_world=1.2963 |∇|=2.46e+03 γ=0.979 T=0.0514
2026-04-29 17:23:47,623 INFO train_distributed it= 179 lr=1.27e-04 loss_world=0.7098 |∇|=1.39e+02 γ=0.981 T=0.0517
2026-04-29 17:23:48,874 INFO train_distributed it= 179 lr=1.27e-04 loss_world=0.7423 |∇|=9.26e+02 γ=0.970 T=0.0524
2026-04-29 17:24:11,135 INFO train_distributed it=  19 lr=9.95e-04 loss_world=0.9755 |∇|=3.83e+01 γ=0.992 T=0.0502
2026-04-29 17:24:13,795 INFO train_distributed it=  19 lr=9.95e-04 loss_world=8.7932 |∇|=5.48e+02 γ=1.001 T=0.0500
2026-04-29 17:24:15,259 INFO train_distributed it= 189 lr=1.07e-04 loss_world=1.6024 |∇|=6.60e+02 γ=0.976 T=0.0513
2026-04-29 17:24:15,669 INFO train_distributed it= 189 lr=1.07e-04 loss_world=0.8560 |∇|=5.45e+03 γ=0.962 T=0.0531
2026-04-29 17:24:16,291 INFO train_distributed it= 189 lr=1.07e-04 loss_world=1.0542 |∇|=7.52e+01 γ=0.984 T=0.0511
2026-04-29 17:24:16,840 INFO train_distributed it= 189 lr=1.07e-04 loss_world=1.5683 |∇|=1.04e+03 γ=0.979 T=0.0514
2026-04-29 17:24:17,267 INFO train_distributed it= 189 lr=1.07e-04 loss_world=1.2541 |∇|=3.68e+01 γ=0.981 T=0.0517
2026-04-29 17:24:18,414 INFO train_distributed it= 189 lr=1.07e-04 loss_world=0.6834 |∇|=4.32e+02 γ=0.970 T=0.0524
2026-04-29 17:24:40,734 INFO train_distributed it=  29 lr=9.78e-04 loss_world=0.9512 |∇|=4.93e+01 γ=0.990 T=0.0503
2026-04-29 17:24:43,411 INFO train_distributed it=  29 lr=9.78e-04 loss_world=2.3026 |∇|=5.32e+01 γ=0.995 T=0.0500
2026-04-29 17:24:44,809 INFO train_distributed it= 199 lr=1.00e-04 loss_world=0.9525 |∇|=1.61e+03 γ=0.977 T=0.0513
2026-04-29 17:24:44,816 INFO train_distributed training finished in 592.5s (200 iters, world_size=1)
2026-04-29 17:24:44,816 INFO train_distributed [rank 0] peak HBM: alloc=12.09 GB, reserved=12.55 GB
2026-04-29 17:24:44,819 INFO train_distributed [rank 0] wrote experiments/047_arch_tier_4_2_dyngraph/results_t42_dyngraph_seed0/training_log.json
2026-04-29 17:24:45,201 INFO train_distributed it= 199 lr=1.00e-04 loss_world=1.2037 |∇|=7.13e+02 γ=0.962 T=0.0531
2026-04-29 17:24:45,208 INFO train_distributed training finished in 591.9s (200 iters, world_size=1)
2026-04-29 17:24:45,208 INFO train_distributed [rank 0] peak HBM: alloc=12.09 GB, reserved=12.55 GB
2026-04-29 17:24:45,211 INFO train_distributed [rank 0] wrote experiments/047_arch_tier_4_2_dyngraph/results_t42_dyngraph_seed1/training_log.json
  ✓ t42_dyngraph_seed0 599s (card 2)

═ TRAIN t42_dyngraph_seed8 (card 2) ═ 17:24:45
2026-04-29 17:24:45,875 INFO train_distributed it= 199 lr=1.00e-04 loss_world=0.9575 |∇|=6.23e+01 γ=0.984 T=0.0511
2026-04-29 17:24:45,882 INFO train_distributed training finished in 592.7s (200 iters, world_size=1)
2026-04-29 17:24:45,882 INFO train_distributed [rank 0] peak HBM: alloc=12.09 GB, reserved=12.55 GB
2026-04-29 17:24:45,885 INFO train_distributed [rank 0] wrote experiments/047_arch_tier_4_2_dyngraph/results_t42_dyngraph_seed2/training_log.json
  ✓ t42_dyngraph_seed1 600s (card 3)

═ TRAIN t42_dyngraph_seed9 (card 3) ═ 17:24:46
2026-04-29 17:24:46,409 INFO train_distributed it= 199 lr=1.00e-04 loss_world=0.9805 |∇|=8.96e+02 γ=0.979 T=0.0514
2026-04-29 17:24:46,416 INFO train_distributed training finished in 593.0s (200 iters, world_size=1)
2026-04-29 17:24:46,416 INFO train_distributed [rank 0] peak HBM: alloc=12.09 GB, reserved=12.55 GB
2026-04-29 17:24:46,420 INFO train_distributed [rank 0] wrote experiments/047_arch_tier_4_2_dyngraph/results_t42_dyngraph_seed4/training_log.json
  ✓ t42_dyngraph_seed2 600s (card 4)
2026-04-29 17:24:46,893 INFO train_distributed it= 199 lr=1.00e-04 loss_world=0.5339 |∇|=3.31e+01 γ=0.981 T=0.0518
2026-04-29 17:24:46,900 INFO train_distributed training finished in 593.6s (200 iters, world_size=1)
2026-04-29 17:24:46,900 INFO train_distributed [rank 0] peak HBM: alloc=12.09 GB, reserved=12.55 GB
2026-04-29 17:24:46,903 INFO train_distributed [rank 0] wrote experiments/047_arch_tier_4_2_dyngraph/results_t42_dyngraph_seed3/training_log.json
  ✓ t42_dyngraph_seed4 599s (card 6)
  ✓ t42_dyngraph_seed3 600s (card 5)
2026-04-29 17:24:47,953 INFO train_distributed it= 199 lr=1.00e-04 loss_world=0.6067 |∇|=4.26e+02 γ=0.970 T=0.0524
2026-04-29 17:24:47,961 INFO train_distributed training finished in 592.0s (200 iters, world_size=1)
2026-04-29 17:24:47,961 INFO train_distributed [rank 0] peak HBM: alloc=12.09 GB, reserved=12.55 GB
2026-04-29 17:24:47,964 INFO train_distributed [rank 0] wrote experiments/047_arch_tier_4_2_dyngraph/results_t42_dyngraph_seed5/training_log.json
  ✓ t42_dyngraph_seed5 596s (card 7)
2026-04-29 17:24:49,329 INFO train_distributed [dist] rank=0 world_size=1 local_rank=0 cuda_available=True
2026-04-29 17:24:49,374 INFO train_distributed loaded 2,841 returns for spx/2015-2026_daily
2026-04-29 17:24:49,382 INFO train_distributed targets: acf_sq=0.342 leverage_sum=-0.790 hill_alpha=2.68
2026-04-29 17:24:49,979 INFO train_distributed [dist] rank=0 world_size=1 local_rank=0 cuda_available=True
2026-04-29 17:24:50,024 INFO train_distributed loaded 2,841 returns for spx/2015-2026_daily
2026-04-29 17:24:50,032 INFO train_distributed targets: acf_sq=0.342 leverage_sum=-0.790 hill_alpha=2.68
2026-04-29 17:24:50,052 INFO train_distributed EcoMDSimulator built: 47709 parameters (device=cuda:0)
2026-04-29 17:24:50,282 INFO train_distributed EcoMDSimulator built: 47709 parameters (device=cuda:0)
2026-04-29 17:24:54,248 INFO train_distributed it=   0 lr=1.00e-04 loss_world=2.1174 |∇|=5.26e+01 γ=1.000 T=0.0500
2026-04-29 17:24:54,487 INFO train_distributed it=   0 lr=1.00e-04 loss_world=1.5000 |∇|=1.29e+02 γ=1.000 T=0.0500
2026-04-29 17:25:10,339 INFO train_distributed it=  39 lr=9.49e-04 loss_world=1.1163 |∇|=2.68e+02 γ=0.989 T=0.0503
2026-04-29 17:25:13,027 INFO train_distributed it=  39 lr=9.49e-04 loss_world=2.2508 |∇|=1.86e+01 γ=0.992 T=0.0504
2026-04-29 17:25:20,878 INFO train_distributed it=   9 lr=1.00e-03 loss_world=17.0810 |∇|=5.14e+03 γ=0.997 T=0.0502
2026-04-29 17:25:21,095 INFO train_distributed it=   9 lr=1.00e-03 loss_world=5.0864 |∇|=6.92e+01 γ=0.997 T=0.0502
2026-04-29 17:25:39,935 INFO train_distributed it=  49 lr=9.10e-04 loss_world=1.1111 |∇|=1.80e+02 γ=0.987 T=0.0504
2026-04-29 17:25:42,649 INFO train_distributed it=  49 lr=9.10e-04 loss_world=0.7412 |∇|=7.50e+02 γ=0.991 T=0.0507
2026-04-29 17:25:50,467 INFO train_distributed it=  19 lr=9.95e-04 loss_world=1.0385 |∇|=1.52e+02 γ=0.991 T=0.0506
2026-04-29 17:25:50,648 INFO train_distributed it=  19 lr=9.95e-04 loss_world=2.2430 |∇|=1.38e+01 γ=0.991 T=0.0503
2026-04-29 17:26:09,533 INFO train_distributed it=  59 lr=8.60e-04 loss_world=1.5135 |∇|=1.58e+02 γ=0.986 T=0.0504
2026-04-29 17:26:12,278 INFO train_distributed it=  59 lr=8.60e-04 loss_world=1.4306 |∇|=1.01e+02 γ=0.990 T=0.0509
2026-04-29 17:26:20,051 INFO train_distributed it=  29 lr=9.78e-04 loss_world=1.1989 |∇|=3.70e+01 γ=0.989 T=0.0508
2026-04-29 17:26:20,218 INFO train_distributed it=  29 lr=9.78e-04 loss_world=2.0284 |∇|=2.41e+01 γ=0.987 T=0.0505
2026-04-29 17:26:39,131 INFO train_distributed it=  69 lr=8.02e-04 loss_world=1.1157 |∇|=2.91e+01 γ=0.984 T=0.0504
2026-04-29 17:26:41,904 INFO train_distributed it=  69 lr=8.02e-04 loss_world=2.4840 |∇|=5.87e+02 γ=0.990 T=0.0511
2026-04-29 17:26:49,636 INFO train_distributed it=  39 lr=9.49e-04 loss_world=1.2506 |∇|=7.62e+01 γ=0.987 T=0.0509
2026-04-29 17:26:49,781 INFO train_distributed it=  39 lr=9.49e-04 loss_world=2.1885 |∇|=2.96e+01 γ=0.984 T=0.0506
2026-04-29 17:27:08,726 INFO train_distributed it=  79 lr=7.38e-04 loss_world=1.2911 |∇|=1.90e+02 γ=0.983 T=0.0504
2026-04-29 17:27:11,526 INFO train_distributed it=  79 lr=7.38e-04 loss_world=1.9215 |∇|=2.33e+01 γ=0.988 T=0.0515
2026-04-29 17:27:19,227 INFO train_distributed it=  49 lr=9.10e-04 loss_world=0.8145 |∇|=1.37e+02 γ=0.986 T=0.0510
2026-04-29 17:27:19,351 INFO train_distributed it=  49 lr=9.10e-04 loss_world=1.8003 |∇|=1.07e+02 γ=0.982 T=0.0508
2026-04-29 17:27:38,320 INFO train_distributed it=  89 lr=6.68e-04 loss_world=1.2475 |∇|=9.81e+01 γ=0.982 T=0.0504
2026-04-29 17:27:41,152 INFO train_distributed it=  89 lr=6.68e-04 loss_world=1.0373 |∇|=4.06e+01 γ=0.984 T=0.0517
2026-04-29 17:27:48,817 INFO train_distributed it=  59 lr=8.60e-04 loss_world=0.9687 |∇|=1.52e+02 γ=0.987 T=0.0512
2026-04-29 17:27:48,917 INFO train_distributed it=  59 lr=8.60e-04 loss_world=1.1551 |∇|=6.33e+02 γ=0.981 T=0.0510
2026-04-29 17:28:07,919 INFO train_distributed it=  99 lr=5.95e-04 loss_world=1.0105 |∇|=9.47e+01 γ=0.980 T=0.0503
2026-04-29 17:28:10,766 INFO train_distributed it=  99 lr=5.95e-04 loss_world=1.2162 |∇|=4.27e+01 γ=0.986 T=0.0518
2026-04-29 17:28:18,402 INFO train_distributed it=  69 lr=8.02e-04 loss_world=1.3121 |∇|=1.45e+02 γ=0.986 T=0.0513
2026-04-29 17:28:18,480 INFO train_distributed it=  69 lr=8.02e-04 loss_world=2.2006 |∇|=2.64e+01 γ=0.980 T=0.0512
2026-04-29 17:28:37,517 INFO train_distributed it= 109 lr=5.20e-04 loss_world=1.1277 |∇|=6.33e+01 γ=0.979 T=0.0503
2026-04-29 17:28:40,374 INFO train_distributed it= 109 lr=5.20e-04 loss_world=1.0407 |∇|=2.04e+02 γ=0.988 T=0.0519
2026-04-29 17:28:47,989 INFO train_distributed it=  79 lr=7.38e-04 loss_world=2.1449 |∇|=3.85e+02 γ=0.984 T=0.0514
2026-04-29 17:28:48,044 INFO train_distributed it=  79 lr=7.38e-04 loss_world=1.1657 |∇|=4.00e+02 γ=0.980 T=0.0514
2026-04-29 17:29:07,113 INFO train_distributed it= 119 lr=4.47e-04 loss_world=1.2840 |∇|=9.50e+01 γ=0.979 T=0.0503
2026-04-29 17:29:09,975 INFO train_distributed it= 119 lr=4.47e-04 loss_world=1.4416 |∇|=2.80e+02 γ=0.988 T=0.0519
2026-04-29 17:29:17,577 INFO train_distributed it=  89 lr=6.68e-04 loss_world=0.9736 |∇|=4.36e+01 γ=0.982 T=0.0514
2026-04-29 17:29:17,608 INFO train_distributed it=  89 lr=6.68e-04 loss_world=0.7680 |∇|=3.46e+02 γ=0.979 T=0.0515
2026-04-29 17:29:36,710 INFO train_distributed it= 129 lr=3.76e-04 loss_world=1.1857 |∇|=3.88e+02 γ=0.979 T=0.0503
2026-04-29 17:29:39,583 INFO train_distributed it= 129 lr=3.76e-04 loss_world=0.9961 |∇|=1.75e+02 γ=0.986 T=0.0520
2026-04-29 17:29:47,169 INFO train_distributed it=  99 lr=5.95e-04 loss_world=1.0129 |∇|=9.89e+01 γ=0.979 T=0.0517
2026-04-29 17:29:47,192 INFO train_distributed it=  99 lr=5.95e-04 loss_world=1.3353 |∇|=2.22e+02 γ=0.980 T=0.0515
2026-04-29 17:30:06,311 INFO train_distributed it= 139 lr=3.10e-04 loss_world=0.9512 |∇|=8.27e+01 γ=0.978 T=0.0503
2026-04-29 17:30:09,195 INFO train_distributed it= 139 lr=3.10e-04 loss_world=0.9085 |∇|=5.55e+01 γ=0.985 T=0.0521
2026-04-29 17:30:16,728 INFO train_distributed it= 109 lr=5.20e-04 loss_world=1.3757 |∇|=1.44e+03 γ=0.978 T=0.0518
2026-04-29 17:30:16,781 INFO train_distributed it= 109 lr=5.20e-04 loss_world=0.6622 |∇|=8.12e+01 γ=0.978 T=0.0515
2026-04-29 17:30:35,914 INFO train_distributed it= 149 lr=2.51e-04 loss_world=1.0807 |∇|=9.76e+01 γ=0.977 T=0.0503
2026-04-29 17:30:38,811 INFO train_distributed it= 149 lr=2.51e-04 loss_world=0.6543 |∇|=2.21e+01 γ=0.984 T=0.0521
2026-04-29 17:30:46,294 INFO train_distributed it= 119 lr=4.47e-04 loss_world=0.6051 |∇|=2.09e+02 γ=0.978 T=0.0519
2026-04-29 17:30:46,370 INFO train_distributed it= 119 lr=4.47e-04 loss_world=0.9467 |∇|=1.17e+02 γ=0.976 T=0.0516
2026-04-29 17:31:05,514 INFO train_distributed it= 159 lr=2.00e-04 loss_world=0.9604 |∇|=7.72e+01 γ=0.977 T=0.0503
2026-04-29 17:31:08,418 INFO train_distributed it= 159 lr=2.00e-04 loss_world=0.8710 |∇|=2.18e+02 γ=0.984 T=0.0522
2026-04-29 17:31:15,862 INFO train_distributed it= 129 lr=3.76e-04 loss_world=1.0998 |∇|=9.99e+02 γ=0.978 T=0.0520
2026-04-29 17:31:15,959 INFO train_distributed it= 129 lr=3.76e-04 loss_world=1.0380 |∇|=4.11e+01 γ=0.975 T=0.0517
2026-04-29 17:31:35,110 INFO train_distributed it= 169 lr=1.58e-04 loss_world=1.1800 |∇|=1.23e+02 γ=0.977 T=0.0503
2026-04-29 17:31:38,017 INFO train_distributed it= 169 lr=1.58e-04 loss_world=0.9394 |∇|=3.12e+02 γ=0.983 T=0.0522
2026-04-29 17:31:45,425 INFO train_distributed it= 139 lr=3.10e-04 loss_world=0.8527 |∇|=9.47e+02 γ=0.977 T=0.0520
2026-04-29 17:31:45,545 INFO train_distributed it= 139 lr=3.10e-04 loss_world=0.9806 |∇|=9.03e+01 γ=0.973 T=0.0518
2026-04-29 17:32:04,700 INFO train_distributed it= 179 lr=1.27e-04 loss_world=1.0649 |∇|=7.80e+01 γ=0.977 T=0.0503
2026-04-29 17:32:07,628 INFO train_distributed it= 179 lr=1.27e-04 loss_world=1.4468 |∇|=9.85e+02 γ=0.983 T=0.0523
2026-04-29 17:32:14,991 INFO train_distributed it= 149 lr=2.51e-04 loss_world=0.8446 |∇|=1.45e+03 γ=0.977 T=0.0520
2026-04-29 17:32:15,137 INFO train_distributed it= 149 lr=2.51e-04 loss_world=1.2790 |∇|=3.45e+02 γ=0.973 T=0.0519
2026-04-29 17:32:34,293 INFO train_distributed it= 189 lr=1.07e-04 loss_world=1.2398 |∇|=1.16e+02 γ=0.977 T=0.0503
2026-04-29 17:32:37,235 INFO train_distributed it= 189 lr=1.07e-04 loss_world=1.1018 |∇|=2.49e+02 γ=0.983 T=0.0523
2026-04-29 17:32:44,560 INFO train_distributed it= 159 lr=2.00e-04 loss_world=0.9599 |∇|=1.98e+03 γ=0.977 T=0.0520
2026-04-29 17:32:44,739 INFO train_distributed it= 159 lr=2.00e-04 loss_world=1.0695 |∇|=5.86e+03 γ=0.973 T=0.0519
2026-04-29 17:33:03,888 INFO train_distributed it= 199 lr=1.00e-04 loss_world=1.2899 |∇|=2.64e+02 γ=0.977 T=0.0503
2026-04-29 17:33:03,895 INFO train_distributed training finished in 593.2s (200 iters, world_size=1)
2026-04-29 17:33:03,895 INFO train_distributed [rank 0] peak HBM: alloc=12.09 GB, reserved=12.55 GB
2026-04-29 17:33:03,898 INFO train_distributed [rank 0] wrote experiments/047_arch_tier_4_2_dyngraph/results_t42_dyngraph_seed6/training_log.json
  ✓ t42_dyngraph_seed6 598s (card 0)
2026-04-29 17:33:06,838 INFO train_distributed it= 199 lr=1.00e-04 loss_world=0.8916 |∇|=1.02e+02 γ=0.983 T=0.0523
2026-04-29 17:33:06,845 INFO train_distributed training finished in 593.5s (200 iters, world_size=1)
2026-04-29 17:33:06,845 INFO train_distributed [rank 0] peak HBM: alloc=12.09 GB, reserved=12.55 GB
2026-04-29 17:33:06,848 INFO train_distributed [rank 0] wrote experiments/047_arch_tier_4_2_dyngraph/results_t42_dyngraph_seed7/training_log.json
  ✓ t42_dyngraph_seed7 598s (card 1)
2026-04-29 17:33:14,132 INFO train_distributed it= 169 lr=1.58e-04 loss_world=1.7872 |∇|=3.41e+02 γ=0.977 T=0.0521
2026-04-29 17:33:14,336 INFO train_distributed it= 169 lr=1.58e-04 loss_world=0.6196 |∇|=2.04e+02 γ=0.972 T=0.0519
2026-04-29 17:33:43,700 INFO train_distributed it= 179 lr=1.27e-04 loss_world=1.3628 |∇|=1.65e+03 γ=0.977 T=0.0521
2026-04-29 17:33:43,922 INFO train_distributed it= 179 lr=1.27e-04 loss_world=1.1497 |∇|=1.03e+02 γ=0.972 T=0.0519
2026-04-29 17:34:13,278 INFO train_distributed it= 189 lr=1.07e-04 loss_world=0.8644 |∇|=7.26e+02 γ=0.977 T=0.0521
2026-04-29 17:34:13,510 INFO train_distributed it= 189 lr=1.07e-04 loss_world=0.9631 |∇|=5.23e+02 γ=0.972 T=0.0519
2026-04-29 17:34:42,851 INFO train_distributed it= 199 lr=1.00e-04 loss_world=0.8388 |∇|=2.40e+02 γ=0.977 T=0.0521
2026-04-29 17:34:42,859 INFO train_distributed training finished in 592.6s (200 iters, world_size=1)
2026-04-29 17:34:42,859 INFO train_distributed [rank 0] peak HBM: alloc=12.09 GB, reserved=12.55 GB
2026-04-29 17:34:42,862 INFO train_distributed [rank 0] wrote experiments/047_arch_tier_4_2_dyngraph/results_t42_dyngraph_seed9/training_log.json
2026-04-29 17:34:43,095 INFO train_distributed it= 199 lr=1.00e-04 loss_world=1.0112 |∇|=4.70e+02 γ=0.973 T=0.0519
2026-04-29 17:34:43,102 INFO train_distributed training finished in 593.1s (200 iters, world_size=1)
2026-04-29 17:34:43,102 INFO train_distributed [rank 0] peak HBM: alloc=12.09 GB, reserved=12.55 GB
2026-04-29 17:34:43,105 INFO train_distributed [rank 0] wrote experiments/047_arch_tier_4_2_dyngraph/results_t42_dyngraph_seed8/training_log.json
  ✓ t42_dyngraph_seed9 597s (card 3)
  ✓ t42_dyngraph_seed8 599s (card 2)

═ EVAL  t42_dyngraph_no_u_seed0 (card 0) ═ 17:34:44

═ EVAL  t42_dyngraph_no_u_seed1 (card 1) ═ 17:34:44

═ EVAL  t42_dyngraph_no_u_seed2 (card 2) ═ 17:34:44

═ EVAL  t42_dyngraph_no_u_seed3 (card 3) ═ 17:34:44

═ EVAL  t42_dyngraph_no_u_seed4 (card 4) ═ 17:34:44

═ EVAL  t42_dyngraph_no_u_seed5 (card 5) ═ 17:34:44

═ EVAL  t42_dyngraph_no_u_seed6 (card 6) ═ 17:34:44

═ EVAL  t42_dyngraph_no_u_seed7 (card 7) ═ 17:34:44
2026-04-29 17:34:48,038 INFO inference_run_large [dist] world_size=1 cuda=True
2026-04-29 17:34:48,795 INFO inference_run_large [dist] world_size=1 cuda=True
2026-04-29 17:34:49,818 INFO inference_run_large [dist] world_size=1 cuda=True
2026-04-29 17:34:50,133 INFO inference_run_large [dist] world_size=1 cuda=True
2026-04-29 17:34:50,494 INFO inference_run_large [dist] world_size=1 cuda=True
2026-04-29 17:34:51,026 INFO inference_run_large [dist] world_size=1 cuda=True
2026-04-29 17:34:51,351 INFO inference_run_large [dist] world_size=1 cuda=True
2026-04-29 17:34:52,009 INFO inference_run_large [dist] world_size=1 cuda=True
2026-04-29 17:34:52,518 INFO inference_run_large loaded checkpoint iter=200 from /AI4S/Users/howardwang/h204/ecophys/experiments/047_arch_tier_4_2_dyngraph/results_t42_dyngraph_no_u_seed4/checkpoint.pt
2026-04-29 17:34:52,539 INFO inference_run_large loaded checkpoint iter=200 from /AI4S/Users/howardwang/h204/ecophys/experiments/047_arch_tier_4_2_dyngraph/results_t42_dyngraph_no_u_seed1/checkpoint.pt
2026-04-29 17:34:52,640 INFO inference_run_large loaded checkpoint iter=200 from /AI4S/Users/howardwang/h204/ecophys/experiments/047_arch_tier_4_2_dyngraph/results_t42_dyngraph_no_u_seed6/checkpoint.pt
2026-04-29 17:34:52,642 INFO inference_run_large loaded checkpoint iter=200 from /AI4S/Users/howardwang/h204/ecophys/experiments/047_arch_tier_4_2_dyngraph/results_t42_dyngraph_no_u_seed0/checkpoint.pt
2026-04-29 17:34:52,675 INFO inference_run_large loaded checkpoint iter=200 from /AI4S/Users/howardwang/h204/ecophys/experiments/047_arch_tier_4_2_dyngraph/results_t42_dyngraph_no_u_seed5/checkpoint.pt
2026-04-29 17:34:52,675 INFO inference_run_large loaded checkpoint iter=200 from /AI4S/Users/howardwang/h204/ecophys/experiments/047_arch_tier_4_2_dyngraph/results_t42_dyngraph_no_u_seed7/checkpoint.pt
2026-04-29 17:34:52,685 INFO inference_run_large loaded checkpoint iter=200 from /AI4S/Users/howardwang/h204/ecophys/experiments/047_arch_tier_4_2_dyngraph/results_t42_dyngraph_no_u_seed3/checkpoint.pt
2026-04-29 17:34:52,806 INFO inference_run_large loaded checkpoint iter=200 from /AI4S/Users/howardwang/h204/ecophys/experiments/047_arch_tier_4_2_dyngraph/results_t42_dyngraph_no_u_seed2/checkpoint.pt
2026-04-29 17:36:12,491 INFO inference_run_large [rank 0] rollout 1/4 seed=10000 took 78.8s
2026-04-29 17:36:12,533 INFO inference_run_large [rank 0] rollout 1/4 seed=10000 took 78.9s
2026-04-29 17:36:12,544 INFO inference_run_large [rank 0] rollout 1/4 seed=10000 took 78.9s
2026-04-29 17:36:12,592 INFO inference_run_large [rank 0] rollout 1/4 seed=10000 took 79.0s
2026-04-29 17:36:12,609 INFO inference_run_large [rank 0] rollout 1/4 seed=10000 took 79.0s
2026-04-29 17:36:12,683 INFO inference_run_large [rank 0] rollout 1/4 seed=10000 took 79.0s
2026-04-29 17:36:12,745 INFO inference_run_large [rank 0] rollout 1/4 seed=10000 took 79.0s
2026-04-29 17:36:12,851 INFO inference_run_large [rank 0] rollout 1/4 seed=10000 took 79.0s
2026-04-29 17:37:30,956 INFO inference_run_large [rank 0] rollout 2/4 seed=10001 took 78.4s
2026-04-29 17:37:31,033 INFO inference_run_large [rank 0] rollout 2/4 seed=10001 took 78.4s
2026-04-29 17:37:31,094 INFO inference_run_large [rank 0] rollout 2/4 seed=10001 took 78.4s
2026-04-29 17:37:31,218 INFO inference_run_large [rank 0] rollout 2/4 seed=10001 took 78.5s
2026-04-29 17:37:31,243 INFO inference_run_large [rank 0] rollout 2/4 seed=10001 took 78.5s
2026-04-29 17:37:31,343 INFO inference_run_large [rank 0] rollout 2/4 seed=10001 took 78.6s
2026-04-29 17:37:31,406 INFO inference_run_large [rank 0] rollout 2/4 seed=10001 took 78.5s
2026-04-29 17:37:31,579 INFO inference_run_large [rank 0] rollout 2/4 seed=10001 took 78.6s
2026-04-29 17:38:49,503 INFO inference_run_large [rank 0] rollout 3/4 seed=10002 took 78.4s
2026-04-29 17:38:49,590 INFO inference_run_large [rank 0] rollout 3/4 seed=10002 took 78.5s
2026-04-29 17:38:49,755 INFO inference_run_large [rank 0] rollout 3/4 seed=10002 took 78.6s
2026-04-29 17:38:49,918 INFO inference_run_large [rank 0] rollout 3/4 seed=10002 took 78.6s
2026-04-29 17:38:49,953 INFO inference_run_large [rank 0] rollout 3/4 seed=10002 took 78.6s
2026-04-29 17:38:50,083 INFO inference_run_large [rank 0] rollout 3/4 seed=10002 took 78.6s
2026-04-29 17:38:50,126 INFO inference_run_large [rank 0] rollout 3/4 seed=10002 took 78.6s
2026-04-29 17:38:50,333 INFO inference_run_large [rank 0] rollout 3/4 seed=10002 took 78.6s
2026-04-29 17:40:08,021 INFO inference_run_large [rank 0] rollout 4/4 seed=10003 took 78.4s
2026-04-29 17:40:08,025 INFO inference_run_large [rank 0] wrote /AI4S/Users/howardwang/h204/ecophys/experiments/047_arch_tier_4_2_dyngraph/results_t42_dyngraph_no_u_seed6/inference_rank_0.json
2026-04-29 17:40:08,029 INFO inference_run_large [rank 0] merged 4 rollouts → /AI4S/Users/howardwang/h204/ecophys/experiments/047_arch_tier_4_2_dyngraph/results_t42_dyngraph_no_u_seed6/inference_merged.json
2026-04-29 17:40:08,095 INFO inference_run_large [rank 0] rollout 4/4 seed=10003 took 78.4s
2026-04-29 17:40:08,099 INFO inference_run_large [rank 0] wrote /AI4S/Users/howardwang/h204/ecophys/experiments/047_arch_tier_4_2_dyngraph/results_t42_dyngraph_no_u_seed3/inference_rank_0.json
2026-04-29 17:40:08,103 INFO inference_run_large [rank 0] merged 4 rollouts → /AI4S/Users/howardwang/h204/ecophys/experiments/047_arch_tier_4_2_dyngraph/results_t42_dyngraph_no_u_seed3/inference_merged.json
2026-04-29 17:40:08,349 INFO inference_run_large [rank 0] rollout 4/4 seed=10003 took 78.5s
2026-04-29 17:40:08,352 INFO inference_run_large [rank 0] wrote /AI4S/Users/howardwang/h204/ecophys/experiments/047_arch_tier_4_2_dyngraph/results_t42_dyngraph_no_u_seed7/inference_rank_0.json
2026-04-29 17:40:08,356 INFO inference_run_large [rank 0] merged 4 rollouts → /AI4S/Users/howardwang/h204/ecophys/experiments/047_arch_tier_4_2_dyngraph/results_t42_dyngraph_no_u_seed7/inference_merged.json
2026-04-29 17:40:08,579 INFO inference_run_large [rank 0] rollout 4/4 seed=10003 took 78.6s
2026-04-29 17:40:08,583 INFO inference_run_large [rank 0] wrote /AI4S/Users/howardwang/h204/ecophys/experiments/047_arch_tier_4_2_dyngraph/results_t42_dyngraph_no_u_seed4/inference_rank_0.json
2026-04-29 17:40:08,588 INFO inference_run_large [rank 0] merged 4 rollouts → /AI4S/Users/howardwang/h204/ecophys/experiments/047_arch_tier_4_2_dyngraph/results_t42_dyngraph_no_u_seed4/inference_merged.json
2026-04-29 17:40:08,595 INFO inference_run_large [rank 0] rollout 4/4 seed=10003 took 78.5s
2026-04-29 17:40:08,598 INFO inference_run_large [rank 0] wrote /AI4S/Users/howardwang/h204/ecophys/experiments/047_arch_tier_4_2_dyngraph/results_t42_dyngraph_no_u_seed1/inference_rank_0.json
2026-04-29 17:40:08,603 INFO inference_run_large [rank 0] merged 4 rollouts → /AI4S/Users/howardwang/h204/ecophys/experiments/047_arch_tier_4_2_dyngraph/results_t42_dyngraph_no_u_seed1/inference_merged.json
2026-04-29 17:40:08,794 INFO inference_run_large [rank 0] rollout 4/4 seed=10003 took 78.6s
2026-04-29 17:40:08,798 INFO inference_run_large [rank 0] wrote /AI4S/Users/howardwang/h204/ecophys/experiments/047_arch_tier_4_2_dyngraph/results_t42_dyngraph_no_u_seed0/inference_rank_0.json
2026-04-29 17:40:08,802 INFO inference_run_large [rank 0] merged 4 rollouts → /AI4S/Users/howardwang/h204/ecophys/experiments/047_arch_tier_4_2_dyngraph/results_t42_dyngraph_no_u_seed0/inference_merged.json
2026-04-29 17:40:08,812 INFO inference_run_large [rank 0] rollout 4/4 seed=10003 took 78.6s
2026-04-29 17:40:08,815 INFO inference_run_large [rank 0] wrote /AI4S/Users/howardwang/h204/ecophys/experiments/047_arch_tier_4_2_dyngraph/results_t42_dyngraph_no_u_seed5/inference_rank_0.json
2026-04-29 17:40:08,819 INFO inference_run_large [rank 0] merged 4 rollouts → /AI4S/Users/howardwang/h204/ecophys/experiments/047_arch_tier_4_2_dyngraph/results_t42_dyngraph_no_u_seed5/inference_merged.json
  ✓ eval t42_dyngraph_no_u_seed6 325s (card 6)

═ EVAL  t42_dyngraph_no_u_seed8 (card 0) ═ 17:40:09
2026-04-29 17:40:09,029 INFO inference_run_large [rank 0] rollout 4/4 seed=10003 took 78.6s
2026-04-29 17:40:09,032 INFO inference_run_large [rank 0] wrote /AI4S/Users/howardwang/h204/ecophys/experiments/047_arch_tier_4_2_dyngraph/results_t42_dyngraph_no_u_seed2/inference_rank_0.json
2026-04-29 17:40:09,036 INFO inference_run_large [rank 0] merged 4 rollouts → /AI4S/Users/howardwang/h204/ecophys/experiments/047_arch_tier_4_2_dyngraph/results_t42_dyngraph_no_u_seed2/inference_merged.json
  ✓ eval t42_dyngraph_no_u_seed3 325s (card 3)

═ EVAL  t42_dyngraph_no_u_seed9 (card 1) ═ 17:40:09
  ✓ eval t42_dyngraph_no_u_seed7 325s (card 7)

═ EVAL  t42_dyngraph_seed0 (card 2) ═ 17:40:09
  ✓ eval t42_dyngraph_no_u_seed4 325s (card 4)

═ EVAL  t42_dyngraph_seed1 (card 3) ═ 17:40:09
  ✓ eval t42_dyngraph_no_u_seed1 325s (card 1)

═ EVAL  t42_dyngraph_seed2 (card 4) ═ 17:40:09
  ✓ eval t42_dyngraph_no_u_seed0 326s (card 0)

═ EVAL  t42_dyngraph_seed3 (card 5) ═ 17:40:10
  ✓ eval t42_dyngraph_no_u_seed5 326s (card 5)

═ EVAL  t42_dyngraph_seed4 (card 6) ═ 17:40:10
  ✓ eval t42_dyngraph_no_u_seed2 326s (card 2)

═ EVAL  t42_dyngraph_seed5 (card 7) ═ 17:40:10
2026-04-29 17:40:12,815 INFO inference_run_large [dist] world_size=1 cuda=True
2026-04-29 17:40:13,858 INFO inference_run_large [dist] world_size=1 cuda=True
2026-04-29 17:40:14,490 INFO inference_run_large [dist] world_size=1 cuda=True
2026-04-29 17:40:15,042 INFO inference_run_large [dist] world_size=1 cuda=True
2026-04-29 17:40:15,773 INFO inference_run_large [dist] world_size=1 cuda=True
2026-04-29 17:40:16,227 INFO inference_run_large [dist] world_size=1 cuda=True
2026-04-29 17:40:16,678 INFO inference_run_large [dist] world_size=1 cuda=True
2026-04-29 17:40:17,190 INFO inference_run_large [dist] world_size=1 cuda=True
2026-04-29 17:40:17,577 INFO inference_run_large loaded checkpoint iter=200 from /AI4S/Users/howardwang/h204/ecophys/experiments/047_arch_tier_4_2_dyngraph/results_t42_dyngraph_no_u_seed8/checkpoint.pt
2026-04-29 17:40:17,599 INFO inference_run_large loaded checkpoint iter=200 from /AI4S/Users/howardwang/h204/ecophys/experiments/047_arch_tier_4_2_dyngraph/results_t42_dyngraph_no_u_seed9/checkpoint.pt
2026-04-29 17:40:17,646 INFO inference_run_large loaded checkpoint iter=200 from /AI4S/Users/howardwang/h204/ecophys/experiments/047_arch_tier_4_2_dyngraph/results_t42_dyngraph_seed0/checkpoint.pt
2026-04-29 17:40:17,678 INFO inference_run_large loaded checkpoint iter=200 from /AI4S/Users/howardwang/h204/ecophys/experiments/047_arch_tier_4_2_dyngraph/results_t42_dyngraph_seed3/checkpoint.pt
2026-04-29 17:40:17,680 INFO inference_run_large loaded checkpoint iter=200 from /AI4S/Users/howardwang/h204/ecophys/experiments/047_arch_tier_4_2_dyngraph/results_t42_dyngraph_seed1/checkpoint.pt
2026-04-29 17:40:17,697 INFO inference_run_large loaded checkpoint iter=200 from /AI4S/Users/howardwang/h204/ecophys/experiments/047_arch_tier_4_2_dyngraph/results_t42_dyngraph_seed2/checkpoint.pt
2026-04-29 17:40:17,716 INFO inference_run_large loaded checkpoint iter=200 from /AI4S/Users/howardwang/h204/ecophys/experiments/047_arch_tier_4_2_dyngraph/results_t42_dyngraph_seed4/checkpoint.pt
2026-04-29 17:40:17,842 INFO inference_run_large loaded checkpoint iter=200 from /AI4S/Users/howardwang/h204/ecophys/experiments/047_arch_tier_4_2_dyngraph/results_t42_dyngraph_seed5/checkpoint.pt
2026-04-29 17:41:37,467 INFO inference_run_large [rank 0] rollout 1/4 seed=10000 took 78.9s
2026-04-29 17:41:37,650 INFO inference_run_large [rank 0] rollout 1/4 seed=10000 took 79.1s
2026-04-29 17:41:42,679 INFO inference_run_large [rank 0] rollout 1/4 seed=10000 took 84.0s
2026-04-29 17:41:42,729 INFO inference_run_large [rank 0] rollout 1/4 seed=10000 took 84.0s
2026-04-29 17:41:42,739 INFO inference_run_large [rank 0] rollout 1/4 seed=10000 took 84.0s
2026-04-29 17:41:42,758 INFO inference_run_large [rank 0] rollout 1/4 seed=10000 took 84.1s
2026-04-29 17:41:42,761 INFO inference_run_large [rank 0] rollout 1/4 seed=10000 took 83.9s
2026-04-29 17:41:42,802 INFO inference_run_large [rank 0] rollout 1/4 seed=10000 took 84.1s
2026-04-29 17:42:56,054 INFO inference_run_large [rank 0] rollout 2/4 seed=10001 took 78.5s
2026-04-29 17:42:56,418 INFO inference_run_large [rank 0] rollout 2/4 seed=10001 took 78.6s
2026-04-29 17:43:06,284 INFO inference_run_large [rank 0] rollout 2/4 seed=10001 took 83.5s
2026-04-29 17:43:06,292 INFO inference_run_large [rank 0] rollout 2/4 seed=10001 took 83.4s
2026-04-29 17:43:06,368 INFO inference_run_large [rank 0] rollout 2/4 seed=10001 took 83.5s
2026-04-29 17:43:06,388 INFO inference_run_large [rank 0] rollout 2/4 seed=10001 took 83.6s
2026-04-29 17:43:06,475 INFO inference_run_large [rank 0] rollout 2/4 seed=10001 took 83.6s
2026-04-29 17:43:06,499 INFO inference_run_large [rank 0] rollout 2/4 seed=10001 took 83.6s
2026-04-29 17:44:14,675 INFO inference_run_large [rank 0] rollout 3/4 seed=10002 took 78.5s
2026-04-29 17:44:15,231 INFO inference_run_large [rank 0] rollout 3/4 seed=10002 took 78.7s
2026-04-29 17:44:29,897 INFO inference_run_large [rank 0] rollout 3/4 seed=10002 took 83.5s
2026-04-29 17:44:29,903 INFO inference_run_large [rank 0] rollout 3/4 seed=10002 took 83.5s
2026-04-29 17:44:30,096 INFO inference_run_large [rank 0] rollout 3/4 seed=10002 took 83.6s
2026-04-29 17:44:30,114 INFO inference_run_large [rank 0] rollout 3/4 seed=10002 took 83.6s
2026-04-29 17:44:30,271 INFO inference_run_large [rank 0] rollout 3/4 seed=10002 took 83.7s
2026-04-29 17:44:30,275 INFO inference_run_large [rank 0] rollout 3/4 seed=10002 took 83.7s
2026-04-29 17:45:33,264 INFO inference_run_large [rank 0] rollout 4/4 seed=10003 took 78.5s
2026-04-29 17:45:33,267 INFO inference_run_large [rank 0] wrote /AI4S/Users/howardwang/h204/ecophys/experiments/047_arch_tier_4_2_dyngraph/results_t42_dyngraph_no_u_seed8/inference_rank_0.json
2026-04-29 17:45:33,271 INFO inference_run_large [rank 0] merged 4 rollouts → /AI4S/Users/howardwang/h204/ecophys/experiments/047_arch_tier_4_2_dyngraph/results_t42_dyngraph_no_u_seed8/inference_merged.json
2026-04-29 17:45:33,945 INFO inference_run_large [rank 0] rollout 4/4 seed=10003 took 78.6s
2026-04-29 17:45:33,948 INFO inference_run_large [rank 0] wrote /AI4S/Users/howardwang/h204/ecophys/experiments/047_arch_tier_4_2_dyngraph/results_t42_dyngraph_no_u_seed9/inference_rank_0.json
2026-04-29 17:45:33,952 INFO inference_run_large [rank 0] merged 4 rollouts → /AI4S/Users/howardwang/h204/ecophys/experiments/047_arch_tier_4_2_dyngraph/results_t42_dyngraph_no_u_seed9/inference_merged.json
  ✓ eval t42_dyngraph_no_u_seed8 325s (card 0)

═ EVAL  t42_dyngraph_seed6 (card 0) ═ 17:45:34
  ✓ eval t42_dyngraph_no_u_seed9 325s (card 1)

═ EVAL  t42_dyngraph_seed7 (card 1) ═ 17:45:34
2026-04-29 17:45:37,450 INFO inference_run_large [dist] world_size=1 cuda=True
2026-04-29 17:45:37,931 INFO inference_run_large loaded checkpoint iter=200 from /AI4S/Users/howardwang/h204/ecophys/experiments/047_arch_tier_4_2_dyngraph/results_t42_dyngraph_seed6/checkpoint.pt
2026-04-29 17:45:38,415 INFO inference_run_large [dist] world_size=1 cuda=True
2026-04-29 17:45:38,685 INFO inference_run_large loaded checkpoint iter=200 from /AI4S/Users/howardwang/h204/ecophys/experiments/047_arch_tier_4_2_dyngraph/results_t42_dyngraph_seed7/checkpoint.pt
2026-04-29 17:45:53,408 INFO inference_run_large [rank 0] rollout 4/4 seed=10003 took 83.4s
2026-04-29 17:45:53,412 INFO inference_run_large [rank 0] wrote /AI4S/Users/howardwang/h204/ecophys/experiments/047_arch_tier_4_2_dyngraph/results_t42_dyngraph_seed5/inference_rank_0.json
2026-04-29 17:45:53,416 INFO inference_run_large [rank 0] merged 4 rollouts → /AI4S/Users/howardwang/h204/ecophys/experiments/047_arch_tier_4_2_dyngraph/results_t42_dyngraph_seed5/inference_merged.json
2026-04-29 17:45:53,476 INFO inference_run_large [rank 0] rollout 4/4 seed=10003 took 83.5s
2026-04-29 17:45:53,479 INFO inference_run_large [rank 0] wrote /AI4S/Users/howardwang/h204/ecophys/experiments/047_arch_tier_4_2_dyngraph/results_t42_dyngraph_seed1/inference_rank_0.json
2026-04-29 17:45:53,483 INFO inference_run_large [rank 0] merged 4 rollouts → /AI4S/Users/howardwang/h204/ecophys/experiments/047_arch_tier_4_2_dyngraph/results_t42_dyngraph_seed1/inference_merged.json
2026-04-29 17:45:53,730 INFO inference_run_large [rank 0] rollout 4/4 seed=10003 took 83.5s
2026-04-29 17:45:53,733 INFO inference_run_large [rank 0] wrote /AI4S/Users/howardwang/h204/ecophys/experiments/047_arch_tier_4_2_dyngraph/results_t42_dyngraph_seed3/inference_rank_0.json
2026-04-29 17:45:53,737 INFO inference_run_large [rank 0] merged 4 rollouts → /AI4S/Users/howardwang/h204/ecophys/experiments/047_arch_tier_4_2_dyngraph/results_t42_dyngraph_seed3/inference_merged.json
2026-04-29 17:45:53,786 INFO inference_run_large [rank 0] rollout 4/4 seed=10003 took 83.6s
2026-04-29 17:45:53,790 INFO inference_run_large [rank 0] wrote /AI4S/Users/howardwang/h204/ecophys/experiments/047_arch_tier_4_2_dyngraph/results_t42_dyngraph_seed4/inference_rank_0.json
2026-04-29 17:45:53,794 INFO inference_run_large [rank 0] merged 4 rollouts → /AI4S/Users/howardwang/h204/ecophys/experiments/047_arch_tier_4_2_dyngraph/results_t42_dyngraph_seed4/inference_merged.json
2026-04-29 17:45:53,889 INFO inference_run_large [rank 0] rollout 4/4 seed=10003 took 83.5s
2026-04-29 17:45:53,893 INFO inference_run_large [rank 0] wrote /AI4S/Users/howardwang/h204/ecophys/experiments/047_arch_tier_4_2_dyngraph/results_t42_dyngraph_seed0/inference_rank_0.json
2026-04-29 17:45:53,897 INFO inference_run_large [rank 0] merged 4 rollouts → /AI4S/Users/howardwang/h204/ecophys/experiments/047_arch_tier_4_2_dyngraph/results_t42_dyngraph_seed0/inference_merged.json
2026-04-29 17:45:53,995 INFO inference_run_large [rank 0] rollout 4/4 seed=10003 took 83.6s
2026-04-29 17:45:53,998 INFO inference_run_large [rank 0] wrote /AI4S/Users/howardwang/h204/ecophys/experiments/047_arch_tier_4_2_dyngraph/results_t42_dyngraph_seed2/inference_rank_0.json
2026-04-29 17:45:54,002 INFO inference_run_large [rank 0] merged 4 rollouts → /AI4S/Users/howardwang/h204/ecophys/experiments/047_arch_tier_4_2_dyngraph/results_t42_dyngraph_seed2/inference_merged.json
  ✓ eval t42_dyngraph_seed5 344s (card 7)

═ EVAL  t42_dyngraph_seed8 (card 2) ═ 17:45:54
  ✓ eval t42_dyngraph_seed1 345s (card 3)

═ EVAL  t42_dyngraph_seed9 (card 3) ═ 17:45:54
  ✓ eval t42_dyngraph_seed3 344s (card 5)
  ✓ eval t42_dyngraph_seed4 344s (card 6)
  ✓ eval t42_dyngraph_seed0 345s (card 2)
  ✓ eval t42_dyngraph_seed2 346s (card 4)
2026-04-29 17:45:57,788 INFO inference_run_large [dist] world_size=1 cuda=True
2026-04-29 17:45:58,512 INFO inference_run_large [dist] world_size=1 cuda=True
2026-04-29 17:45:58,624 INFO inference_run_large loaded checkpoint iter=200 from /AI4S/Users/howardwang/h204/ecophys/experiments/047_arch_tier_4_2_dyngraph/results_t42_dyngraph_seed8/checkpoint.pt
2026-04-29 17:45:58,798 INFO inference_run_large loaded checkpoint iter=200 from /AI4S/Users/howardwang/h204/ecophys/experiments/047_arch_tier_4_2_dyngraph/results_t42_dyngraph_seed9/checkpoint.pt
2026-04-29 17:47:03,250 INFO inference_run_large [rank 0] rollout 1/4 seed=10000 took 84.4s
2026-04-29 17:47:03,760 INFO inference_run_large [rank 0] rollout 1/4 seed=10000 took 84.0s
2026-04-29 17:47:23,524 INFO inference_run_large [rank 0] rollout 1/4 seed=10000 took 83.8s
2026-04-29 17:47:23,585 INFO inference_run_large [rank 0] rollout 1/4 seed=10000 took 84.0s
2026-04-29 17:48:26,954 INFO inference_run_large [rank 0] rollout 2/4 seed=10001 took 83.6s
2026-04-29 17:48:27,364 INFO inference_run_large [rank 0] rollout 2/4 seed=10001 took 83.5s
2026-04-29 17:48:46,960 INFO inference_run_large [rank 0] rollout 2/4 seed=10001 took 83.3s
2026-04-29 17:48:47,153 INFO inference_run_large [rank 0] rollout 2/4 seed=10001 took 83.5s
2026-04-29 17:49:50,721 INFO inference_run_large [rank 0] rollout 3/4 seed=10002 took 83.7s
2026-04-29 17:49:51,014 INFO inference_run_large [rank 0] rollout 3/4 seed=10002 took 83.5s
2026-04-29 17:50:10,466 INFO inference_run_large [rank 0] rollout 3/4 seed=10002 took 83.4s
2026-04-29 17:50:10,785 INFO inference_run_large [rank 0] rollout 3/4 seed=10002 took 83.5s
2026-04-29 17:51:14,416 INFO inference_run_large [rank 0] rollout 4/4 seed=10003 took 83.6s
2026-04-29 17:51:14,419 INFO inference_run_large [rank 0] wrote /AI4S/Users/howardwang/h204/ecophys/experiments/047_arch_tier_4_2_dyngraph/results_t42_dyngraph_seed6/inference_rank_0.json
2026-04-29 17:51:14,423 INFO inference_run_large [rank 0] merged 4 rollouts → /AI4S/Users/howardwang/h204/ecophys/experiments/047_arch_tier_4_2_dyngraph/results_t42_dyngraph_seed6/inference_merged.json
2026-04-29 17:51:14,589 INFO inference_run_large [rank 0] rollout 4/4 seed=10003 took 83.5s
2026-04-29 17:51:14,592 INFO inference_run_large [rank 0] wrote /AI4S/Users/howardwang/h204/ecophys/experiments/047_arch_tier_4_2_dyngraph/results_t42_dyngraph_seed7/inference_rank_0.json
2026-04-29 17:51:14,596 INFO inference_run_large [rank 0] merged 4 rollouts → /AI4S/Users/howardwang/h204/ecophys/experiments/047_arch_tier_4_2_dyngraph/results_t42_dyngraph_seed7/inference_merged.json
  ✓ eval t42_dyngraph_seed6 341s (card 0)
  ✓ eval t42_dyngraph_seed7 341s (card 1)
2026-04-29 17:51:33,917 INFO inference_run_large [rank 0] rollout 4/4 seed=10003 took 83.4s
2026-04-29 17:51:33,920 INFO inference_run_large [rank 0] wrote /AI4S/Users/howardwang/h204/ecophys/experiments/047_arch_tier_4_2_dyngraph/results_t42_dyngraph_seed9/inference_rank_0.json
2026-04-29 17:51:33,924 INFO inference_run_large [rank 0] merged 4 rollouts → /AI4S/Users/howardwang/h204/ecophys/experiments/047_arch_tier_4_2_dyngraph/results_t42_dyngraph_seed9/inference_merged.json
2026-04-29 17:51:34,354 INFO inference_run_large [rank 0] rollout 4/4 seed=10003 took 83.5s
2026-04-29 17:51:34,358 INFO inference_run_large [rank 0] wrote /AI4S/Users/howardwang/h204/ecophys/experiments/047_arch_tier_4_2_dyngraph/results_t42_dyngraph_seed8/inference_rank_0.json
2026-04-29 17:51:34,362 INFO inference_run_large [rank 0] merged 4 rollouts → /AI4S/Users/howardwang/h204/ecophys/experiments/047_arch_tier_4_2_dyngraph/results_t42_dyngraph_seed8/inference_merged.json
  ✓ eval t42_dyngraph_seed9 340s (card 3)
  ✓ eval t42_dyngraph_seed8 341s (card 2)

═══ DONE — Wed Apr 29 05:51:35 PM CST 2026 ═══
