═══ PHASE RUN — Wed Apr 29 11:52:14 AM CST 2026 ═══
  CONFIG_DIR=experiments/047_arch_tier_4_2_dyngraph NPROC=1 PARALLEL=8 SKIP_DONE=1
  Configs: 20

═ TRAIN t42_dyngraph_no_u_seed0 (card 0) ═ 11:52:14

═ TRAIN t42_dyngraph_no_u_seed1 (card 1) ═ 11:52:14

═ TRAIN t42_dyngraph_no_u_seed2 (card 2) ═ 11:52:14

═ TRAIN t42_dyngraph_no_u_seed3 (card 3) ═ 11:52:14

═ TRAIN t42_dyngraph_no_u_seed4 (card 4) ═ 11:52:14

═ TRAIN t42_dyngraph_no_u_seed5 (card 5) ═ 11:52:14

═ TRAIN t42_dyngraph_no_u_seed6 (card 6) ═ 11:52:14

═ TRAIN t42_dyngraph_no_u_seed7 (card 7) ═ 11:52:14
2026-04-29 11:52:19,624 INFO train_distributed [dist] rank=0 world_size=1 local_rank=0 cuda_available=True
2026-04-29 11:52:19,669 INFO train_distributed loaded 2,841 returns for spx/2015-2026_daily
2026-04-29 11:52:19,677 INFO train_distributed targets: acf_sq=0.342 leverage_sum=-0.790 hill_alpha=2.68
2026-04-29 11:52:20,393 INFO train_distributed [dist] rank=0 world_size=1 local_rank=0 cuda_available=True
2026-04-29 11:52:20,438 INFO train_distributed loaded 2,841 returns for spx/2015-2026_daily
2026-04-29 11:52:20,446 INFO train_distributed targets: acf_sq=0.342 leverage_sum=-0.790 hill_alpha=2.68
2026-04-29 11:52:20,827 INFO train_distributed [dist] rank=0 world_size=1 local_rank=0 cuda_available=True
2026-04-29 11:52:20,870 INFO train_distributed loaded 2,841 returns for spx/2015-2026_daily
2026-04-29 11:52:20,877 INFO train_distributed targets: acf_sq=0.342 leverage_sum=-0.790 hill_alpha=2.68
2026-04-29 11:52:21,171 INFO train_distributed [dist] rank=0 world_size=1 local_rank=0 cuda_available=True
2026-04-29 11:52:21,213 INFO train_distributed loaded 2,841 returns for spx/2015-2026_daily
2026-04-29 11:52:21,221 INFO train_distributed targets: acf_sq=0.342 leverage_sum=-0.790 hill_alpha=2.68
2026-04-29 11:52:21,532 INFO train_distributed [dist] rank=0 world_size=1 local_rank=0 cuda_available=True
2026-04-29 11:52:21,574 INFO train_distributed loaded 2,841 returns for spx/2015-2026_daily
2026-04-29 11:52:21,582 INFO train_distributed targets: acf_sq=0.342 leverage_sum=-0.790 hill_alpha=2.68
2026-04-29 11:52:21,904 INFO train_distributed [dist] rank=0 world_size=1 local_rank=0 cuda_available=True
2026-04-29 11:52:21,946 INFO train_distributed loaded 2,841 returns for spx/2015-2026_daily
2026-04-29 11:52:21,954 INFO train_distributed targets: acf_sq=0.342 leverage_sum=-0.790 hill_alpha=2.68
2026-04-29 11:52:22,280 INFO train_distributed [dist] rank=0 world_size=1 local_rank=0 cuda_available=True
2026-04-29 11:52:22,323 INFO train_distributed loaded 2,841 returns for spx/2015-2026_daily
2026-04-29 11:52:22,331 INFO train_distributed targets: acf_sq=0.342 leverage_sum=-0.790 hill_alpha=2.68
2026-04-29 11:52:22,771 INFO train_distributed [dist] rank=0 world_size=1 local_rank=0 cuda_available=True
2026-04-29 11:52:22,816 INFO train_distributed loaded 2,841 returns for spx/2015-2026_daily
2026-04-29 11:52:22,823 INFO train_distributed targets: acf_sq=0.342 leverage_sum=-0.790 hill_alpha=2.68
2026-04-29 11:52:23,436 INFO train_distributed EcoMDSimulator built: 40997 parameters (device=cuda:0)
2026-04-29 11:52:23,436 INFO train_distributed EcoMDSimulator built: 40997 parameters (device=cuda:0)
2026-04-29 11:52:23,436 INFO train_distributed EcoMDSimulator built: 40997 parameters (device=cuda:0)
2026-04-29 11:52:23,436 INFO train_distributed EcoMDSimulator built: 40997 parameters (device=cuda:0)
2026-04-29 11:52:23,436 INFO train_distributed EcoMDSimulator built: 40997 parameters (device=cuda:0)
2026-04-29 11:52:23,469 INFO train_distributed EcoMDSimulator built: 40997 parameters (device=cuda:0)
2026-04-29 11:52:23,470 INFO train_distributed EcoMDSimulator built: 40997 parameters (device=cuda:0)
2026-04-29 11:52:23,577 INFO train_distributed EcoMDSimulator built: 40997 parameters (device=cuda:0)
2026-04-29 11:52:26,148 INFO train_distributed it=   0 lr=1.00e-04 loss_world=19.6555 |∇|=2.61e+03 γ=1.000 T=0.0500
2026-04-29 11:52:26,155 INFO train_distributed it=   0 lr=1.00e-04 loss_world=41.9591 |∇|=1.07e+04 γ=1.000 T=0.0500
2026-04-29 11:52:26,158 INFO train_distributed it=   0 lr=1.00e-04 loss_world=2.2079 |∇|=4.87e+02 γ=1.000 T=0.0500
2026-04-29 11:52:26,170 INFO train_distributed it=   0 lr=1.00e-04 loss_world=2.8169 |∇|=1.33e+02 γ=1.000 T=0.0500
2026-04-29 11:52:26,177 INFO train_distributed it=   0 lr=1.00e-04 loss_world=78.6177 |∇|=1.01e+05 γ=1.000 T=0.0500
2026-04-29 11:52:26,177 INFO train_distributed it=   0 lr=1.00e-04 loss_world=33.1739 |∇|=1.18e+04 γ=1.000 T=0.0500
2026-04-29 11:52:26,199 INFO train_distributed it=   0 lr=1.00e-04 loss_world=6.1822 |∇|=2.45e+02 γ=1.000 T=0.0500
2026-04-29 11:52:26,227 INFO train_distributed it=   0 lr=1.00e-04 loss_world=18.6430 |∇|=5.94e+03 γ=1.000 T=0.0500
2026-04-29 11:52:38,783 INFO train_distributed it=   9 lr=1.00e-03 loss_world=1.2602 |∇|=6.24e+01 γ=0.997 T=0.0501
2026-04-29 11:52:38,822 INFO train_distributed it=   9 lr=1.00e-03 loss_world=1.2566 |∇|=1.50e+02 γ=0.998 T=0.0499
2026-04-29 11:52:38,828 INFO train_distributed it=   9 lr=1.00e-03 loss_world=1.6496 |∇|=9.41e+01 γ=0.999 T=0.0498
2026-04-29 11:52:38,864 INFO train_distributed it=   9 lr=1.00e-03 loss_world=1.9875 |∇|=4.21e+01 γ=0.998 T=0.0499
2026-04-29 11:52:38,867 INFO train_distributed it=   9 lr=1.00e-03 loss_world=1.7560 |∇|=8.07e+01 γ=0.998 T=0.0499
2026-04-29 11:52:39,040 INFO train_distributed it=   9 lr=1.00e-03 loss_world=2.6150 |∇|=2.38e+02 γ=1.000 T=0.0499
2026-04-29 11:52:39,076 INFO train_distributed it=   9 lr=1.00e-03 loss_world=8.0639 |∇|=9.14e+02 γ=1.000 T=0.0500
2026-04-29 11:52:39,099 INFO train_distributed it=   9 lr=1.00e-03 loss_world=2.7435 |∇|=6.79e+01 γ=0.998 T=0.0501
2026-04-29 11:52:52,925 INFO train_distributed it=  19 lr=9.95e-04 loss_world=1.2846 |∇|=3.39e+03 γ=0.994 T=0.0504
2026-04-29 11:52:52,958 INFO train_distributed it=  19 lr=9.95e-04 loss_world=1.1878 |∇|=4.34e+01 γ=0.997 T=0.0497
2026-04-29 11:52:52,968 INFO train_distributed it=  19 lr=9.95e-04 loss_world=1.0798 |∇|=1.25e+01 γ=1.000 T=0.0498
2026-04-29 11:52:53,041 INFO train_distributed it=  19 lr=9.95e-04 loss_world=0.9739 |∇|=7.62e+01 γ=0.997 T=0.0500
2026-04-29 11:52:53,110 INFO train_distributed it=  19 lr=9.95e-04 loss_world=1.1477 |∇|=1.63e+01 γ=0.996 T=0.0498
2026-04-29 11:52:53,443 INFO train_distributed it=  19 lr=9.95e-04 loss_world=84.9868 |∇|=4.12e+04 γ=0.998 T=0.0498
2026-04-29 11:52:53,447 INFO train_distributed it=  19 lr=9.95e-04 loss_world=1.6118 |∇|=2.29e+01 γ=1.001 T=0.0499
2026-04-29 11:52:53,468 INFO train_distributed it=  19 lr=9.95e-04 loss_world=48.5079 |∇|=8.34e+04 γ=1.000 T=0.0501
2026-04-29 11:53:07,094 INFO train_distributed it=  29 lr=9.78e-04 loss_world=3.2003 |∇|=6.95e+02 γ=0.991 T=0.0506
2026-04-29 11:53:07,105 INFO train_distributed it=  29 lr=9.78e-04 loss_world=1.1617 |∇|=1.36e+01 γ=0.997 T=0.0496
2026-04-29 11:53:07,142 INFO train_distributed it=  29 lr=9.78e-04 loss_world=0.8114 |∇|=8.49e+00 γ=1.000 T=0.0501
2026-04-29 11:53:07,199 INFO train_distributed it=  29 lr=9.78e-04 loss_world=3.2683 |∇|=6.00e+02 γ=0.996 T=0.0501
2026-04-29 11:53:07,378 INFO train_distributed it=  29 lr=9.78e-04 loss_world=1.0658 |∇|=1.09e+02 γ=0.996 T=0.0498
2026-04-29 11:53:07,790 INFO train_distributed it=  29 lr=9.78e-04 loss_world=6.0720 |∇|=1.64e+03 γ=1.001 T=0.0498
2026-04-29 11:53:07,791 INFO train_distributed it=  29 lr=9.78e-04 loss_world=5.5438 |∇|=6.26e+02 γ=0.998 T=0.0502
2026-04-29 11:53:07,944 INFO train_distributed it=  29 lr=9.78e-04 loss_world=6.9074 |∇|=2.63e+04 γ=1.004 T=0.0498
2026-04-29 11:53:21,244 INFO train_distributed it=  39 lr=9.49e-04 loss_world=1.0030 |∇|=1.71e+01 γ=0.998 T=0.0495
2026-04-29 11:53:21,260 INFO train_distributed it=  39 lr=9.49e-04 loss_world=8.9207 |∇|=1.05e+03 γ=0.992 T=0.0507
2026-04-29 11:53:21,326 INFO train_distributed it=  39 lr=9.49e-04 loss_world=1.0612 |∇|=3.33e+00 γ=1.000 T=0.0504
2026-04-29 11:53:21,362 INFO train_distributed it=  39 lr=9.49e-04 loss_world=0.7147 |∇|=8.74e+02 γ=0.992 T=0.0501
2026-04-29 11:53:21,630 INFO train_distributed it=  39 lr=9.49e-04 loss_world=2.3303 |∇|=1.03e+03 γ=0.994 T=0.0497
2026-04-29 11:53:22,065 INFO train_distributed it=  39 lr=9.49e-04 loss_world=218.6508 |∇|=1.21e+05 γ=0.996 T=0.0502
2026-04-29 11:53:22,111 INFO train_distributed it=  39 lr=9.49e-04 loss_world=3.6463 |∇|=9.57e+02 γ=1.003 T=0.0498
2026-04-29 11:53:22,456 INFO train_distributed it=  39 lr=9.49e-04 loss_world=0.7834 |∇|=7.44e+00 γ=1.007 T=0.0502
2026-04-29 11:53:35,384 INFO train_distributed it=  49 lr=9.10e-04 loss_world=1.3356 |∇|=1.51e+02 γ=1.001 T=0.0494
2026-04-29 11:53:35,418 INFO train_distributed it=  49 lr=9.10e-04 loss_world=2.3713 |∇|=3.23e+02 γ=0.993 T=0.0508
2026-04-29 11:53:35,469 INFO train_distributed it=  49 lr=9.10e-04 loss_world=0.9961 |∇|=1.96e+01 γ=1.000 T=0.0505
2026-04-29 11:53:35,511 INFO train_distributed it=  49 lr=9.10e-04 loss_world=1.8915 |∇|=1.61e+03 γ=0.985 T=0.0502
2026-04-29 11:53:35,868 INFO train_distributed it=  49 lr=9.10e-04 loss_world=1.3614 |∇|=2.86e+01 γ=0.994 T=0.0497
2026-04-29 11:53:36,300 INFO train_distributed it=  49 lr=9.10e-04 loss_world=8.3311 |∇|=7.75e+02 γ=0.990 T=0.0504
2026-04-29 11:53:36,428 INFO train_distributed it=  49 lr=9.10e-04 loss_world=4.4069 |∇|=1.18e+03 γ=1.006 T=0.0498
2026-04-29 11:53:36,948 INFO train_distributed it=  49 lr=9.10e-04 loss_world=0.7437 |∇|=1.01e+00 γ=1.007 T=0.0498
2026-04-29 11:53:49,514 INFO train_distributed it=  59 lr=8.60e-04 loss_world=1.4009 |∇|=6.92e+01 γ=1.001 T=0.0494
2026-04-29 11:53:49,580 INFO train_distributed it=  59 lr=8.60e-04 loss_world=1.4142 |∇|=8.81e+01 γ=0.992 T=0.0507
2026-04-29 11:53:49,614 INFO train_distributed it=  59 lr=8.60e-04 loss_world=0.9893 |∇|=1.09e+00 γ=1.001 T=0.0507
2026-04-29 11:53:49,650 INFO train_distributed it=  59 lr=8.60e-04 loss_world=1.6060 |∇|=2.37e+02 γ=0.983 T=0.0502
2026-04-29 11:53:50,054 INFO train_distributed it=  59 lr=8.60e-04 loss_world=0.6767 |∇|=1.71e+00 γ=0.993 T=0.0500
2026-04-29 11:53:50,558 INFO train_distributed it=  59 lr=8.60e-04 loss_world=5.1487 |∇|=8.06e+04 γ=0.984 T=0.0506
2026-04-29 11:53:50,742 INFO train_distributed it=  59 lr=8.60e-04 loss_world=2.2479 |∇|=3.61e+02 γ=1.008 T=0.0498
2026-04-29 11:53:51,439 INFO train_distributed it=  59 lr=8.60e-04 loss_world=1.3988 |∇|=3.39e+00 γ=1.011 T=0.0501
2026-04-29 11:54:03,652 INFO train_distributed it=  69 lr=8.02e-04 loss_world=1.4330 |∇|=1.23e+03 γ=1.001 T=0.0494
2026-04-29 11:54:03,741 INFO train_distributed it=  69 lr=8.02e-04 loss_world=1.4760 |∇|=7.33e+01 γ=0.991 T=0.0507
2026-04-29 11:54:03,748 INFO train_distributed it=  69 lr=8.02e-04 loss_world=1.0826 |∇|=2.24e+01 γ=1.001 T=0.0507
2026-04-29 11:54:03,797 INFO train_distributed it=  69 lr=8.02e-04 loss_world=1.4627 |∇|=2.86e+02 γ=0.982 T=0.0502
2026-04-29 11:54:04,240 INFO train_distributed it=  69 lr=8.02e-04 loss_world=0.9362 |∇|=2.89e+00 γ=0.993 T=0.0500
2026-04-29 11:54:04,797 INFO train_distributed it=  69 lr=8.02e-04 loss_world=7.5633 |∇|=1.18e+03 γ=0.981 T=0.0506
2026-04-29 11:54:05,071 INFO train_distributed it=  69 lr=8.02e-04 loss_world=217.5459 |∇|=3.90e+05 γ=1.008 T=0.0498
2026-04-29 11:54:05,925 INFO train_distributed it=  69 lr=8.02e-04 loss_world=0.5924 |∇|=1.05e+01 γ=1.013 T=0.0503
2026-04-29 11:54:17,786 INFO train_distributed it=  79 lr=7.38e-04 loss_world=1.3680 |∇|=3.10e+03 γ=1.000 T=0.0493
2026-04-29 11:54:17,888 INFO train_distributed it=  79 lr=7.38e-04 loss_world=0.6125 |∇|=1.02e+00 γ=0.997 T=0.0505
2026-04-29 11:54:17,899 INFO train_distributed it=  79 lr=7.38e-04 loss_world=8.8432 |∇|=2.42e+03 γ=0.990 T=0.0507
2026-04-29 11:54:17,939 INFO train_distributed it=  79 lr=7.38e-04 loss_world=4.5859 |∇|=1.71e+03 γ=0.981 T=0.0501
2026-04-29 11:54:18,444 INFO train_distributed it=  79 lr=7.38e-04 loss_world=0.5991 |∇|=3.35e+00 γ=0.994 T=0.0502
2026-04-29 11:54:19,017 INFO train_distributed it=  79 lr=7.38e-04 loss_world=3.4540 |∇|=3.67e+03 γ=0.974 T=0.0506
2026-04-29 11:54:19,338 INFO train_distributed it=  79 lr=7.38e-04 loss_world=91.6714 |∇|=3.08e+05 γ=1.009 T=0.0497
2026-04-29 11:54:20,405 INFO train_distributed it=  79 lr=7.38e-04 loss_world=1.3153 |∇|=4.60e+00 γ=1.015 T=0.0503
2026-04-29 11:54:31,917 INFO train_distributed it=  89 lr=6.68e-04 loss_world=1.0643 |∇|=3.55e+01 γ=1.001 T=0.0493
2026-04-29 11:54:32,027 INFO train_distributed it=  89 lr=6.68e-04 loss_world=0.7680 |∇|=1.72e+00 γ=0.998 T=0.0505
2026-04-29 11:54:32,057 INFO train_distributed it=  89 lr=6.68e-04 loss_world=1.4001 |∇|=5.52e+01 γ=0.990 T=0.0506
2026-04-29 11:54:32,070 INFO train_distributed it=  89 lr=6.68e-04 loss_world=5.2765 |∇|=9.95e+02 γ=0.981 T=0.0501
2026-04-29 11:54:32,613 INFO train_distributed it=  89 lr=6.68e-04 loss_world=0.7133 |∇|=1.26e+00 γ=0.993 T=0.0501
2026-04-29 11:54:33,249 INFO train_distributed it=  89 lr=6.68e-04 loss_world=2.5079 |∇|=2.64e+07 γ=0.970 T=0.0505
2026-04-29 11:54:33,611 INFO train_distributed it=  89 lr=6.68e-04 loss_world=2.7902 |∇|=1.47e+02 γ=1.010 T=0.0497
2026-04-29 11:54:34,897 INFO train_distributed it=  89 lr=6.68e-04 loss_world=0.9357 |∇|=4.67e+00 γ=1.015 T=0.0504
2026-04-29 11:54:46,053 INFO train_distributed it=  99 lr=5.95e-04 loss_world=1.1475 |∇|=1.35e+01 γ=1.001 T=0.0493
2026-04-29 11:54:46,174 INFO train_distributed it=  99 lr=5.95e-04 loss_world=0.6693 |∇|=1.03e+00 γ=1.003 T=0.0507
2026-04-29 11:54:46,206 INFO train_distributed it=  99 lr=5.95e-04 loss_world=1.0055 |∇|=3.31e+01 γ=0.990 T=0.0506
2026-04-29 11:54:46,211 INFO train_distributed it=  99 lr=5.95e-04 loss_world=0.7327 |∇|=2.27e+03 γ=0.981 T=0.0501
2026-04-29 11:54:46,780 INFO train_distributed it=  99 lr=5.95e-04 loss_world=0.5868 |∇|=2.62e+00 γ=0.992 T=0.0500
2026-04-29 11:54:47,474 INFO train_distributed it=  99 lr=5.95e-04 loss_world=2.3906 |∇|=3.66e+14 γ=0.969 T=0.0505
2026-04-29 11:54:47,888 INFO train_distributed it=  99 lr=5.95e-04 loss_world=5.5391 |∇|=5.15e+03 γ=1.011 T=0.0498
2026-04-29 11:54:49,393 INFO train_distributed it=  99 lr=5.95e-04 loss_world=0.8712 |∇|=3.24e+00 γ=1.015 T=0.0504
2026-04-29 11:55:00,183 INFO train_distributed it= 109 lr=5.20e-04 loss_world=2.2528 |∇|=4.09e+04 γ=1.002 T=0.0493
2026-04-29 11:55:00,325 INFO train_distributed it= 109 lr=5.20e-04 loss_world=0.8422 |∇|=1.96e+00 γ=1.008 T=0.0509
2026-04-29 11:55:00,354 INFO train_distributed it= 109 lr=5.20e-04 loss_world=4.7585 |∇|=9.61e+02 γ=0.981 T=0.0501
2026-04-29 11:55:00,358 INFO train_distributed it= 109 lr=5.20e-04 loss_world=1.1079 |∇|=3.46e+01 γ=0.990 T=0.0507
2026-04-29 11:55:00,947 INFO train_distributed it= 109 lr=5.20e-04 loss_world=1.1546 |∇|=2.27e+00 γ=0.992 T=0.0500
2026-04-29 11:55:01,693 INFO train_distributed it= 109 lr=5.20e-04 loss_world=2.3644 |∇|=1.29e+15 γ=0.968 T=0.0505
2026-04-29 11:55:02,164 INFO train_distributed it= 109 lr=5.20e-04 loss_world=22.0903 |∇|=1.18e+05 γ=1.011 T=0.0498
2026-04-29 11:55:03,905 INFO train_distributed it= 109 lr=5.20e-04 loss_world=1.0055 |∇|=6.98e+00 γ=1.016 T=0.0504
2026-04-29 11:55:14,320 INFO train_distributed it= 119 lr=4.47e-04 loss_world=1.7135 |∇|=1.78e+04 γ=1.002 T=0.0493
2026-04-29 11:55:14,492 INFO train_distributed it= 119 lr=4.47e-04 loss_world=8.3813 |∇|=1.72e+03 γ=0.982 T=0.0502
2026-04-29 11:55:14,494 INFO train_distributed it= 119 lr=4.47e-04 loss_world=0.7574 |∇|=1.28e+00 γ=1.012 T=0.0511
2026-04-29 11:55:14,510 INFO train_distributed it= 119 lr=4.47e-04 loss_world=0.9957 |∇|=4.33e+01 γ=0.990 T=0.0506
2026-04-29 11:55:15,126 INFO train_distributed it= 119 lr=4.47e-04 loss_world=0.6291 |∇|=5.60e+00 γ=0.994 T=0.0502
2026-04-29 11:55:15,927 INFO train_distributed it= 119 lr=4.47e-04 loss_world=2.3211 |∇|=7.81e+10 γ=0.968 T=0.0505
2026-04-29 11:55:16,422 INFO train_distributed it= 119 lr=4.47e-04 loss_world=0.9201 |∇|=6.39e+03 γ=1.011 T=0.0498
2026-04-29 11:55:18,446 INFO train_distributed it= 119 lr=4.47e-04 loss_world=1.3252 |∇|=1.95e+00 γ=1.016 T=0.0504
2026-04-29 11:55:28,447 INFO train_distributed it= 129 lr=3.76e-04 loss_world=1.1137 |∇|=1.95e+01 γ=1.002 T=0.0493
2026-04-29 11:55:28,624 INFO train_distributed it= 129 lr=3.76e-04 loss_world=1.3817 |∇|=4.28e+02 γ=0.983 T=0.0502
2026-04-29 11:55:28,666 INFO train_distributed it= 129 lr=3.76e-04 loss_world=1.0593 |∇|=3.36e+01 γ=0.990 T=0.0506
2026-04-29 11:55:28,671 INFO train_distributed it= 129 lr=3.76e-04 loss_world=0.7961 |∇|=2.76e+00 γ=1.014 T=0.0511
2026-04-29 11:55:29,298 INFO train_distributed it= 129 lr=3.76e-04 loss_world=0.8438 |∇|=1.00e+00 γ=0.996 T=0.0503
2026-04-29 11:55:30,153 INFO train_distributed it= 129 lr=3.76e-04 loss_world=9.1823 |∇|=1.45e+09 γ=0.968 T=0.0505
2026-04-29 11:55:30,711 INFO train_distributed it= 129 lr=3.76e-04 loss_world=21.9237 |∇|=1.09e+06 γ=1.011 T=0.0498
2026-04-29 11:55:32,996 INFO train_distributed it= 129 lr=3.76e-04 loss_world=1.3280 |∇|=1.60e+01 γ=1.016 T=0.0504
2026-04-29 11:55:42,578 INFO train_distributed it= 139 lr=3.10e-04 loss_world=1.0873 |∇|=2.38e+01 γ=1.002 T=0.0493
2026-04-29 11:55:42,765 INFO train_distributed it= 139 lr=3.10e-04 loss_world=1.3693 |∇|=3.02e+02 γ=0.984 T=0.0502
2026-04-29 11:55:42,835 INFO train_distributed it= 139 lr=3.10e-04 loss_world=1.0190 |∇|=3.53e+01 γ=0.990 T=0.0506
2026-04-29 11:55:42,862 INFO train_distributed it= 139 lr=3.10e-04 loss_world=0.6275 |∇|=1.19e+00 γ=1.015 T=0.0512
2026-04-29 11:55:43,469 INFO train_distributed it= 139 lr=3.10e-04 loss_world=0.8902 |∇|=1.33e+00 γ=0.996 T=0.0503
2026-04-29 11:55:44,371 INFO train_distributed it= 139 lr=3.10e-04 loss_world=164.0105 |∇|=2.87e+04 γ=0.970 T=0.0505
2026-04-29 11:55:45,012 INFO train_distributed it= 139 lr=3.10e-04 loss_world=5.9800 |∇|=3.13e+04 γ=1.011 T=0.0498
2026-04-29 11:55:47,542 INFO train_distributed it= 139 lr=3.10e-04 loss_world=0.8800 |∇|=4.70e+00 γ=1.015 T=0.0504
2026-04-29 11:55:56,710 INFO train_distributed it= 149 lr=2.51e-04 loss_world=1.0963 |∇|=1.15e+02 γ=1.002 T=0.0493
2026-04-29 11:55:56,907 INFO train_distributed it= 149 lr=2.51e-04 loss_world=0.7023 |∇|=6.81e+02 γ=0.984 T=0.0502
2026-04-29 11:55:56,995 INFO train_distributed it= 149 lr=2.51e-04 loss_world=1.0773 |∇|=3.06e+01 γ=0.990 T=0.0506
2026-04-29 11:55:57,062 INFO train_distributed it= 149 lr=2.51e-04 loss_world=1.5530 |∇|=3.38e+00 γ=1.017 T=0.0513
2026-04-29 11:55:57,632 INFO train_distributed it= 149 lr=2.51e-04 loss_world=0.8187 |∇|=1.18e+00 γ=0.995 T=0.0503
2026-04-29 11:55:58,585 INFO train_distributed it= 149 lr=2.51e-04 loss_world=3.8141 |∇|=2.47e+07 γ=0.972 T=0.0505
2026-04-29 11:55:59,299 INFO train_distributed it= 149 lr=2.51e-04 loss_world=11.5335 |∇|=9.03e+04 γ=1.011 T=0.0498
2026-04-29 11:56:02,090 INFO train_distributed it= 149 lr=2.51e-04 loss_world=0.7801 |∇|=3.07e+00 γ=1.015 T=0.0503
2026-04-29 11:56:10,849 INFO train_distributed it= 159 lr=2.00e-04 loss_world=1.1496 |∇|=9.76e+00 γ=1.002 T=0.0493
2026-04-29 11:56:11,049 INFO train_distributed it= 159 lr=2.00e-04 loss_world=1.2726 |∇|=2.88e+02 γ=0.985 T=0.0502
2026-04-29 11:56:11,153 INFO train_distributed it= 159 lr=2.00e-04 loss_world=1.1114 |∇|=3.43e+01 γ=0.990 T=0.0506
2026-04-29 11:56:11,260 INFO train_distributed it= 159 lr=2.00e-04 loss_world=0.7625 |∇|=3.01e+00 γ=1.019 T=0.0513
2026-04-29 11:56:11,811 INFO train_distributed it= 159 lr=2.00e-04 loss_world=0.6168 |∇|=1.38e+00 γ=0.995 T=0.0502
2026-04-29 11:56:12,809 INFO train_distributed it= 159 lr=2.00e-04 loss_world=15.0003 |∇|=1.34e+14 γ=0.973 T=0.0505
2026-04-29 11:56:13,576 INFO train_distributed it= 159 lr=2.00e-04 loss_world=10.1948 |∇|=8.56e+04 γ=1.011 T=0.0498
2026-04-29 11:56:16,661 INFO train_distributed it= 159 lr=2.00e-04 loss_world=0.6512 |∇|=3.10e+00 γ=1.016 T=0.0503
2026-04-29 11:56:24,987 INFO train_distributed it= 169 lr=1.58e-04 loss_world=1.0344 |∇|=3.25e+01 γ=1.001 T=0.0493
2026-04-29 11:56:25,178 INFO train_distributed it= 169 lr=1.58e-04 loss_world=0.9027 |∇|=6.13e+02 γ=0.985 T=0.0502
2026-04-29 11:56:25,307 INFO train_distributed it= 169 lr=1.58e-04 loss_world=1.0871 |∇|=3.13e+01 γ=0.990 T=0.0506
2026-04-29 11:56:25,463 INFO train_distributed it= 169 lr=1.58e-04 loss_world=0.7086 |∇|=9.85e+00 γ=1.019 T=0.0513
2026-04-29 11:56:25,986 INFO train_distributed it= 169 lr=1.58e-04 loss_world=0.9754 |∇|=2.25e+00 γ=0.994 T=0.0502
2026-04-29 11:56:27,026 INFO train_distributed it= 169 lr=1.58e-04 loss_world=4.5986 |∇|=1.82e+06 γ=0.974 T=0.0505
2026-04-29 11:56:27,867 INFO train_distributed it= 169 lr=1.58e-04 loss_world=18.6903 |∇|=2.75e+05 γ=1.011 T=0.0498
2026-04-29 11:56:31,227 INFO train_distributed it= 169 lr=1.58e-04 loss_world=0.9674 |∇|=3.46e+00 γ=1.016 T=0.0503
2026-04-29 11:56:39,135 INFO train_distributed it= 179 lr=1.27e-04 loss_world=1.1743 |∇|=1.81e+01 γ=1.001 T=0.0492
2026-04-29 11:56:39,316 INFO train_distributed it= 179 lr=1.27e-04 loss_world=0.9779 |∇|=4.58e+02 γ=0.985 T=0.0502
2026-04-29 11:56:39,466 INFO train_distributed it= 179 lr=1.27e-04 loss_world=1.0564 |∇|=3.24e+01 γ=0.990 T=0.0506
2026-04-29 11:56:39,666 INFO train_distributed it= 179 lr=1.27e-04 loss_world=1.0325 |∇|=6.67e+00 γ=1.019 T=0.0513
2026-04-29 11:56:40,159 INFO train_distributed it= 179 lr=1.27e-04 loss_world=0.5827 |∇|=1.46e+00 γ=0.994 T=0.0502
2026-04-29 11:56:41,252 INFO train_distributed it= 179 lr=1.27e-04 loss_world=6.8017 |∇|=4.32e+05 γ=0.974 T=0.0505
2026-04-29 11:56:42,168 INFO train_distributed it= 179 lr=1.27e-04 loss_world=2.5572 |∇|=6.42e+03 γ=1.011 T=0.0498
2026-04-29 11:56:45,789 INFO train_distributed it= 179 lr=1.27e-04 loss_world=0.6537 |∇|=2.07e+00 γ=1.016 T=0.0503
2026-04-29 11:56:53,285 INFO train_distributed it= 189 lr=1.07e-04 loss_world=1.1679 |∇|=1.39e+01 γ=1.001 T=0.0492
2026-04-29 11:56:53,440 INFO train_distributed it= 189 lr=1.07e-04 loss_world=2.1459 |∇|=3.23e+03 γ=0.985 T=0.0502
2026-04-29 11:56:53,624 INFO train_distributed it= 189 lr=1.07e-04 loss_world=1.0099 |∇|=3.23e+01 γ=0.990 T=0.0506
2026-04-29 11:56:53,901 INFO train_distributed it= 189 lr=1.07e-04 loss_world=1.1397 |∇|=1.66e+01 γ=1.019 T=0.0513
2026-04-29 11:56:54,337 INFO train_distributed it= 189 lr=1.07e-04 loss_world=0.9075 |∇|=1.50e+00 γ=0.994 T=0.0502
2026-04-29 11:56:55,489 INFO train_distributed it= 189 lr=1.07e-04 loss_world=7.5770 |∇|=1.97e+12 γ=0.974 T=0.0505
2026-04-29 11:56:56,488 INFO train_distributed it= 189 lr=1.07e-04 loss_world=5.5142 |∇|=6.67e+04 γ=1.011 T=0.0498
2026-04-29 11:57:00,356 INFO train_distributed it= 189 lr=1.07e-04 loss_world=0.9696 |∇|=8.36e+00 γ=1.016 T=0.0503
2026-04-29 11:57:07,438 INFO train_distributed it= 199 lr=1.00e-04 loss_world=1.1191 |∇|=1.10e+01 γ=1.001 T=0.0492
2026-04-29 11:57:07,443 INFO train_distributed training finished in 283.9s (200 iters, world_size=1)
2026-04-29 11:57:07,443 INFO train_distributed [rank 0] peak HBM: alloc=9.15 GB, reserved=9.70 GB
2026-04-29 11:57:07,446 INFO train_distributed [rank 0] wrote experiments/047_arch_tier_4_2_dyngraph/results_t42_dyngraph_no_u_seed6/training_log.json
2026-04-29 11:57:07,566 INFO train_distributed it= 199 lr=1.00e-04 loss_world=0.9115 |∇|=2.03e+03 γ=0.985 T=0.0502
2026-04-29 11:57:07,571 INFO train_distributed training finished in 284.1s (200 iters, world_size=1)
2026-04-29 11:57:07,571 INFO train_distributed [rank 0] peak HBM: alloc=9.15 GB, reserved=9.70 GB
2026-04-29 11:57:07,574 INFO train_distributed [rank 0] wrote experiments/047_arch_tier_4_2_dyngraph/results_t42_dyngraph_no_u_seed2/training_log.json
2026-04-29 11:57:07,784 INFO train_distributed it= 199 lr=1.00e-04 loss_world=1.0125 |∇|=3.66e+01 γ=0.990 T=0.0506
2026-04-29 11:57:07,789 INFO train_distributed training finished in 284.4s (200 iters, world_size=1)
2026-04-29 11:57:07,789 INFO train_distributed [rank 0] peak HBM: alloc=9.15 GB, reserved=9.70 GB
2026-04-29 11:57:07,792 INFO train_distributed [rank 0] wrote experiments/047_arch_tier_4_2_dyngraph/results_t42_dyngraph_no_u_seed7/training_log.json
2026-04-29 11:57:08,142 INFO train_distributed it= 199 lr=1.00e-04 loss_world=0.9406 |∇|=2.03e-01 γ=1.019 T=0.0513
2026-04-29 11:57:08,147 INFO train_distributed training finished in 284.7s (200 iters, world_size=1)
2026-04-29 11:57:08,148 INFO train_distributed [rank 0] peak HBM: alloc=9.15 GB, reserved=9.70 GB
2026-04-29 11:57:08,150 INFO train_distributed [rank 0] wrote experiments/047_arch_tier_4_2_dyngraph/results_t42_dyngraph_no_u_seed4/training_log.json
2026-04-29 11:57:08,512 INFO train_distributed it= 199 lr=1.00e-04 loss_world=1.0696 |∇|=4.51e+00 γ=0.994 T=0.0502
2026-04-29 11:57:08,518 INFO train_distributed training finished in 285.1s (200 iters, world_size=1)
2026-04-29 11:57:08,518 INFO train_distributed [rank 0] peak HBM: alloc=9.15 GB, reserved=9.70 GB
2026-04-29 11:57:08,521 INFO train_distributed [rank 0] wrote experiments/047_arch_tier_4_2_dyngraph/results_t42_dyngraph_no_u_seed3/training_log.json
  ✓ t42_dyngraph_no_u_seed6 294s (card 6)

═ TRAIN t42_dyngraph_no_u_seed8 (card 0) ═ 11:57:08
  ✓ t42_dyngraph_no_u_seed2 294s (card 2)

═ TRAIN t42_dyngraph_no_u_seed9 (card 1) ═ 11:57:08
  ✓ t42_dyngraph_no_u_seed7 294s (card 7)

═ TRAIN t42_dyngraph_seed0 (card 2) ═ 11:57:08
  ✓ t42_dyngraph_no_u_seed4 295s (card 4)

═ TRAIN t42_dyngraph_seed1 (card 3) ═ 11:57:09
  ✓ t42_dyngraph_no_u_seed3 295s (card 3)

═ TRAIN t42_dyngraph_seed2 (card 4) ═ 11:57:09
2026-04-29 11:57:09,745 INFO train_distributed it= 199 lr=1.00e-04 loss_world=9.8179 |∇|=5.66e+12 γ=0.974 T=0.0505
2026-04-29 11:57:09,750 INFO train_distributed training finished in 286.3s (200 iters, world_size=1)
2026-04-29 11:57:09,751 INFO train_distributed [rank 0] peak HBM: alloc=9.15 GB, reserved=9.70 GB
2026-04-29 11:57:09,753 INFO train_distributed [rank 0] wrote experiments/047_arch_tier_4_2_dyngraph/results_t42_dyngraph_no_u_seed0/training_log.json
  ✓ t42_dyngraph_no_u_seed0 296s (card 0)

═ TRAIN t42_dyngraph_seed3 (card 5) ═ 11:57:10
2026-04-29 11:57:10,809 INFO train_distributed it= 199 lr=1.00e-04 loss_world=1.0248 |∇|=1.86e+04 γ=1.011 T=0.0498
2026-04-29 11:57:10,815 INFO train_distributed training finished in 287.4s (200 iters, world_size=1)
2026-04-29 11:57:10,815 INFO train_distributed [rank 0] peak HBM: alloc=9.15 GB, reserved=9.70 GB
2026-04-29 11:57:10,818 INFO train_distributed [rank 0] wrote experiments/047_arch_tier_4_2_dyngraph/results_t42_dyngraph_no_u_seed1/training_log.json
  ✓ t42_dyngraph_no_u_seed1 297s (card 1)

═ TRAIN t42_dyngraph_seed4 (card 6) ═ 11:57:11
2026-04-29 11:57:12,437 INFO train_distributed [dist] rank=0 world_size=1 local_rank=0 cuda_available=True
2026-04-29 11:57:12,480 INFO train_distributed loaded 2,841 returns for spx/2015-2026_daily
2026-04-29 11:57:12,488 INFO train_distributed targets: acf_sq=0.342 leverage_sum=-0.790 hill_alpha=2.68
2026-04-29 11:57:13,506 INFO train_distributed [dist] rank=0 world_size=1 local_rank=0 cuda_available=True
2026-04-29 11:57:13,551 INFO train_distributed loaded 2,841 returns for spx/2015-2026_daily
2026-04-29 11:57:13,559 INFO train_distributed targets: acf_sq=0.342 leverage_sum=-0.790 hill_alpha=2.68
2026-04-29 11:57:14,061 INFO train_distributed [dist] rank=0 world_size=1 local_rank=0 cuda_available=True
2026-04-29 11:57:14,106 INFO train_distributed loaded 2,841 returns for spx/2015-2026_daily
2026-04-29 11:57:14,113 INFO train_distributed targets: acf_sq=0.342 leverage_sum=-0.790 hill_alpha=2.68
2026-04-29 11:57:14,505 INFO train_distributed [dist] rank=0 world_size=1 local_rank=0 cuda_available=True
2026-04-29 11:57:14,549 INFO train_distributed loaded 2,841 returns for spx/2015-2026_daily
2026-04-29 11:57:14,557 INFO train_distributed targets: acf_sq=0.342 leverage_sum=-0.790 hill_alpha=2.68
2026-04-29 11:57:14,953 INFO train_distributed it= 199 lr=1.00e-04 loss_world=0.6363 |∇|=3.79e+00 γ=1.016 T=0.0503
2026-04-29 11:57:14,959 INFO train_distributed training finished in 291.5s (200 iters, world_size=1)
2026-04-29 11:57:14,959 INFO train_distributed [rank 0] peak HBM: alloc=9.15 GB, reserved=9.70 GB
2026-04-29 11:57:14,962 INFO train_distributed [rank 0] wrote experiments/047_arch_tier_4_2_dyngraph/results_t42_dyngraph_no_u_seed5/training_log.json
2026-04-29 11:57:15,066 INFO train_distributed [dist] rank=0 world_size=1 local_rank=0 cuda_available=True
2026-04-29 11:57:15,111 INFO train_distributed loaded 2,841 returns for spx/2015-2026_daily
2026-04-29 11:57:15,119 INFO train_distributed targets: acf_sq=0.342 leverage_sum=-0.790 hill_alpha=2.68
2026-04-29 11:57:15,400 INFO train_distributed [dist] rank=0 world_size=1 local_rank=0 cuda_available=True
2026-04-29 11:57:15,416 INFO train_distributed EcoMDSimulator built: 40997 parameters (device=cuda:0)
2026-04-29 11:57:15,446 INFO train_distributed loaded 2,841 returns for spx/2015-2026_daily
2026-04-29 11:57:15,453 INFO train_distributed targets: acf_sq=0.342 leverage_sum=-0.790 hill_alpha=2.68
2026-04-29 11:57:15,661 INFO train_distributed EcoMDSimulator built: 47261 parameters (device=cuda:0)
2026-04-29 11:57:15,662 INFO train_distributed EcoMDSimulator built: 47261 parameters (device=cuda:0)
2026-04-29 11:57:15,704 INFO train_distributed EcoMDSimulator built: 40997 parameters (device=cuda:0)
  ✓ t42_dyngraph_no_u_seed5 301s (card 5)

═ TRAIN t42_dyngraph_seed5 (card 7) ═ 11:57:15
2026-04-29 11:57:16,155 INFO train_distributed EcoMDSimulator built: 47261 parameters (device=cuda:0)
2026-04-29 11:57:16,326 INFO train_distributed [dist] rank=0 world_size=1 local_rank=0 cuda_available=True
2026-04-29 11:57:16,371 INFO train_distributed loaded 2,841 returns for spx/2015-2026_daily
2026-04-29 11:57:16,379 INFO train_distributed targets: acf_sq=0.342 leverage_sum=-0.790 hill_alpha=2.68
2026-04-29 11:57:16,383 INFO train_distributed EcoMDSimulator built: 47261 parameters (device=cuda:0)
2026-04-29 11:57:16,680 INFO train_distributed EcoMDSimulator built: 47261 parameters (device=cuda:0)
2026-04-29 11:57:18,320 INFO train_distributed it=   0 lr=1.00e-04 loss_world=156.1357 |∇|=6.79e+05 γ=1.000 T=0.0500
2026-04-29 11:57:18,454 INFO train_distributed it=   0 lr=1.00e-04 loss_world=32.0974 |∇|=8.90e+03 γ=1.000 T=0.0500
2026-04-29 11:57:18,496 INFO train_distributed it=   0 lr=1.00e-04 loss_world=26.5907 |∇|=6.07e+03 γ=1.000 T=0.0500
2026-04-29 11:57:18,496 INFO train_distributed it=   0 lr=1.00e-04 loss_world=18.6722 |∇|=9.03e+03 γ=1.000 T=0.0500
2026-04-29 11:57:18,955 INFO train_distributed it=   0 lr=1.00e-04 loss_world=40.8446 |∇|=3.56e+04 γ=1.000 T=0.0500
2026-04-29 11:57:19,178 INFO train_distributed it=   0 lr=1.00e-04 loss_world=105.8541 |∇|=2.48e+05 γ=1.000 T=0.0500
2026-04-29 11:57:19,458 INFO train_distributed it=   0 lr=1.00e-04 loss_world=5.9374 |∇|=1.23e+03 γ=1.000 T=0.0500
2026-04-29 11:57:19,589 INFO train_distributed [dist] rank=0 world_size=1 local_rank=0 cuda_available=True
2026-04-29 11:57:19,636 INFO train_distributed loaded 2,841 returns for spx/2015-2026_daily
2026-04-29 11:57:19,643 INFO train_distributed targets: acf_sq=0.342 leverage_sum=-0.790 hill_alpha=2.68
2026-04-29 11:57:19,899 INFO train_distributed EcoMDSimulator built: 47261 parameters (device=cuda:0)
2026-04-29 11:57:22,605 INFO train_distributed it=   0 lr=1.00e-04 loss_world=5.3364 |∇|=5.08e+02 γ=1.000 T=0.0500
2026-04-29 11:57:31,218 INFO train_distributed it=   9 lr=1.00e-03 loss_world=2.3129 |∇|=2.56e+01 γ=0.999 T=0.0501
2026-04-29 11:57:31,450 INFO train_distributed it=   9 lr=1.00e-03 loss_world=2.2277 |∇|=2.92e+01 γ=0.996 T=0.0500
2026-04-29 11:57:32,205 INFO train_distributed it=   9 lr=1.00e-03 loss_world=2.0337 |∇|=4.25e+01 γ=0.997 T=0.0501
2026-04-29 11:57:32,211 INFO train_distributed it=   9 lr=1.00e-03 loss_world=2.1474 |∇|=2.33e+01 γ=0.997 T=0.0499
2026-04-29 11:57:32,767 INFO train_distributed it=   9 lr=1.00e-03 loss_world=2.8188 |∇|=6.72e+01 γ=1.000 T=0.0500
2026-04-29 11:57:33,112 INFO train_distributed it=   9 lr=1.00e-03 loss_world=8.4486 |∇|=1.79e+03 γ=0.997 T=0.0501
2026-04-29 11:57:33,243 INFO train_distributed it=   9 lr=1.00e-03 loss_world=2.9918 |∇|=2.36e+02 γ=0.996 T=0.0500
2026-04-29 11:57:36,196 INFO train_distributed it=   9 lr=1.00e-03 loss_world=4.2084 |∇|=5.29e+02 γ=1.002 T=0.0500
2026-04-29 11:57:45,709 INFO train_distributed it=  19 lr=9.95e-04 loss_world=2.1004 |∇|=3.94e+01 γ=1.001 T=0.0502
2026-04-29 11:57:46,002 INFO train_distributed it=  19 lr=9.95e-04 loss_world=1.1154 |∇|=1.18e+01 γ=0.993 T=0.0500
2026-04-29 11:57:47,539 INFO train_distributed it=  19 lr=9.95e-04 loss_world=1.2098 |∇|=2.93e+01 γ=0.996 T=0.0500
2026-04-29 11:57:47,547 INFO train_distributed it=  19 lr=9.95e-04 loss_world=1.3331 |∇|=1.88e+02 γ=1.000 T=0.0501
2026-04-29 11:57:48,227 INFO train_distributed it=  19 lr=9.95e-04 loss_world=2.8630 |∇|=1.55e+02 γ=1.004 T=0.0501
2026-04-29 11:57:48,413 INFO train_distributed it=  19 lr=9.95e-04 loss_world=0.7978 |∇|=3.07e+01 γ=0.994 T=0.0502
2026-04-29 11:57:49,010 INFO train_distributed it=  19 lr=9.95e-04 loss_world=1.1305 |∇|=1.42e+02 γ=0.993 T=0.0500
2026-04-29 11:57:51,452 INFO train_distributed it=  19 lr=9.95e-04 loss_world=1.2516 |∇|=4.42e+02 γ=1.002 T=0.0500
2026-04-29 11:58:00,224 INFO train_distributed it=  29 lr=9.78e-04 loss_world=3.6475 |∇|=4.46e+03 γ=1.006 T=0.0502
2026-04-29 11:58:00,537 INFO train_distributed it=  29 lr=9.78e-04 loss_world=4.0359 |∇|=2.33e+03 γ=0.991 T=0.0500
2026-04-29 11:58:02,929 INFO train_distributed it=  29 lr=9.78e-04 loss_world=1.1586 |∇|=1.67e+02 γ=0.995 T=0.0500
2026-04-29 11:58:02,934 INFO train_distributed it=  29 lr=9.78e-04 loss_world=1.1965 |∇|=2.51e+01 γ=1.001 T=0.0501
2026-04-29 11:58:03,722 INFO train_distributed it=  29 lr=9.78e-04 loss_world=4.0519 |∇|=4.45e+03 γ=1.008 T=0.0501
2026-04-29 11:58:03,728 INFO train_distributed it=  29 lr=9.78e-04 loss_world=0.7684 |∇|=1.41e+01 γ=0.993 T=0.0503
2026-04-29 11:58:04,752 INFO train_distributed it=  29 lr=9.78e-04 loss_world=0.9953 |∇|=1.24e+01 γ=0.993 T=0.0500
2026-04-29 11:58:06,762 INFO train_distributed it=  29 lr=9.78e-04 loss_world=3.6196 |∇|=8.93e+04 γ=1.001 T=0.0501
2026-04-29 11:58:14,655 INFO train_distributed it=  39 lr=9.49e-04 loss_world=0.8277 |∇|=2.75e+00 γ=1.008 T=0.0500
2026-04-29 11:58:15,022 INFO train_distributed it=  39 lr=9.49e-04 loss_world=1.1405 |∇|=1.59e+01 γ=0.989 T=0.0500
2026-04-29 11:58:18,295 INFO train_distributed it=  39 lr=9.49e-04 loss_world=1.1850 |∇|=3.72e+01 γ=1.000 T=0.0501
2026-04-29 11:58:18,300 INFO train_distributed it=  39 lr=9.49e-04 loss_world=1.2519 |∇|=2.47e+01 γ=0.995 T=0.0500
2026-04-29 11:58:19,028 INFO train_distributed it=  39 lr=9.49e-04 loss_world=1.5222 |∇|=6.71e+01 γ=0.993 T=0.0503
2026-04-29 11:58:19,243 INFO train_distributed it=  39 lr=9.49e-04 loss_world=1.7042 |∇|=3.30e+01 γ=1.010 T=0.0503
2026-04-29 11:58:20,450 INFO train_distributed it=  39 lr=9.49e-04 loss_world=1.1155 |∇|=1.29e+01 γ=0.991 T=0.0500
2026-04-29 11:58:22,066 INFO train_distributed it=  39 lr=9.49e-04 loss_world=3.8349 |∇|=3.88e+02 γ=1.000 T=0.0501
2026-04-29 11:58:28,827 INFO train_distributed it=  49 lr=9.10e-04 loss_world=0.8310 |∇|=4.28e+00 γ=1.011 T=0.0503
2026-04-29 11:58:29,500 INFO train_distributed it=  49 lr=9.10e-04 loss_world=1.2061 |∇|=2.15e+02 γ=0.987 T=0.0500
2026-04-29 11:58:33,621 INFO train_distributed it=  49 lr=9.10e-04 loss_world=1.1602 |∇|=2.05e+01 γ=0.995 T=0.0500
2026-04-29 11:58:33,640 INFO train_distributed it=  49 lr=9.10e-04 loss_world=1.1653 |∇|=5.10e+00 γ=1.000 T=0.0499
2026-04-29 11:58:34,320 INFO train_distributed it=  49 lr=9.10e-04 loss_world=2.5305 |∇|=9.53e+02 γ=0.993 T=0.0503
2026-04-29 11:58:34,735 INFO train_distributed it=  49 lr=9.10e-04 loss_world=1.0044 |∇|=3.48e+00 γ=1.012 T=0.0505
2026-04-29 11:58:36,151 INFO train_distributed it=  49 lr=9.10e-04 loss_world=1.1736 |∇|=7.67e+00 γ=0.991 T=0.0500
2026-04-29 11:58:37,371 INFO train_distributed it=  49 lr=9.10e-04 loss_world=7.4848 |∇|=1.12e+03 γ=0.997 T=0.0501
2026-04-29 11:58:42,993 INFO train_distributed it=  59 lr=8.60e-04 loss_world=0.9204 |∇|=2.01e+01 γ=1.013 T=0.0504
2026-04-29 11:58:43,977 INFO train_distributed it=  59 lr=8.60e-04 loss_world=1.1842 |∇|=3.86e+01 γ=0.986 T=0.0500
2026-04-29 11:58:48,904 INFO train_distributed it=  59 lr=8.60e-04 loss_world=1.2723 |∇|=3.98e+01 γ=0.995 T=0.0500
2026-04-29 11:58:48,968 INFO train_distributed it=  59 lr=8.60e-04 loss_world=1.5293 |∇|=2.26e+00 γ=1.000 T=0.0501
2026-04-29 11:58:49,627 INFO train_distributed it=  59 lr=8.60e-04 loss_world=1.7763 |∇|=2.96e+02 γ=0.995 T=0.0503
2026-04-29 11:58:50,134 INFO train_distributed it=  59 lr=8.60e-04 loss_world=0.7540 |∇|=1.03e+01 γ=1.013 T=0.0506
2026-04-29 11:58:51,848 INFO train_distributed it=  59 lr=8.60e-04 loss_world=1.0271 |∇|=1.54e+02 γ=0.991 T=0.0500
2026-04-29 11:58:52,666 INFO train_distributed it=  59 lr=8.60e-04 loss_world=8.7963 |∇|=2.36e+03 γ=0.994 T=0.0500
2026-04-29 11:58:57,162 INFO train_distributed it=  69 lr=8.02e-04 loss_world=0.7453 |∇|=3.35e-01 γ=1.014 T=0.0507
2026-04-29 11:58:58,439 INFO train_distributed it=  69 lr=8.02e-04 loss_world=1.2200 |∇|=1.92e+01 γ=0.986 T=0.0500
2026-04-29 11:59:04,196 INFO train_distributed it=  69 lr=8.02e-04 loss_world=1.2603 |∇|=1.11e+01 γ=0.994 T=0.0500
2026-04-29 11:59:04,289 INFO train_distributed it=  69 lr=8.02e-04 loss_world=0.8312 |∇|=1.78e+00 γ=1.000 T=0.0502
2026-04-29 11:59:04,925 INFO train_distributed it=  69 lr=8.02e-04 loss_world=1.0980 |∇|=1.13e+02 γ=0.998 T=0.0503
2026-04-29 11:59:05,496 INFO train_distributed it=  69 lr=8.02e-04 loss_world=0.8885 |∇|=1.21e+00 γ=1.014 T=0.0507
2026-04-29 11:59:07,548 INFO train_distributed it=  69 lr=8.02e-04 loss_world=1.0619 |∇|=1.22e+01 γ=0.989 T=0.0500
2026-04-29 11:59:07,959 INFO train_distributed it=  69 lr=8.02e-04 loss_world=1.1737 |∇|=2.56e+02 γ=0.991 T=0.0500
2026-04-29 11:59:11,329 INFO train_distributed it=  79 lr=7.38e-04 loss_world=0.8098 |∇|=3.94e+00 γ=1.014 T=0.0508
2026-04-29 11:59:12,809 INFO train_distributed it=  79 lr=7.38e-04 loss_world=1.1770 |∇|=2.15e+01 γ=0.987 T=0.0500
2026-04-29 11:59:19,476 INFO train_distributed it=  79 lr=7.38e-04 loss_world=9.7683 |∇|=6.45e+06 γ=0.994 T=0.0500
2026-04-29 11:59:19,609 INFO train_distributed it=  79 lr=7.38e-04 loss_world=0.9825 |∇|=2.05e+00 γ=1.001 T=0.0503
2026-04-29 11:59:20,228 INFO train_distributed it=  79 lr=7.38e-04 loss_world=4.5161 |∇|=4.80e+03 γ=1.001 T=0.0503
2026-04-29 11:59:20,850 INFO train_distributed it=  79 lr=7.38e-04 loss_world=0.8086 |∇|=8.41e-01 γ=1.014 T=0.0507
2026-04-29 11:59:23,186 INFO train_distributed it=  79 lr=7.38e-04 loss_world=1.2371 |∇|=8.60e+03 γ=0.989 T=0.0500
2026-04-29 11:59:23,252 INFO train_distributed it=  79 lr=7.38e-04 loss_world=1.3528 |∇|=3.05e+03 γ=0.989 T=0.0500
2026-04-29 11:59:25,489 INFO train_distributed it=  89 lr=6.68e-04 loss_world=1.0728 |∇|=5.64e+00 γ=1.014 T=0.0508
2026-04-29 11:59:27,152 INFO train_distributed it=  89 lr=6.68e-04 loss_world=1.2214 |∇|=2.68e+01 γ=0.987 T=0.0500
2026-04-29 11:59:34,740 INFO train_distributed it=  89 lr=6.68e-04 loss_world=4.4455 |∇|=4.68e+02 γ=0.993 T=0.0499
2026-04-29 11:59:34,930 INFO train_distributed it=  89 lr=6.68e-04 loss_world=2.0074 |∇|=1.19e+01 γ=1.001 T=0.0505
2026-04-29 11:59:35,528 INFO train_distributed it=  89 lr=6.68e-04 loss_world=1.3974 |∇|=1.70e+02 γ=1.004 T=0.0503
2026-04-29 11:59:36,209 INFO train_distributed it=  89 lr=6.68e-04 loss_world=0.8407 |∇|=1.66e-01 γ=1.014 T=0.0507
2026-04-29 11:59:38,540 INFO train_distributed it=  89 lr=6.68e-04 loss_world=1.5581 |∇|=2.03e+02 γ=0.988 T=0.0500
2026-04-29 11:59:38,768 INFO train_distributed it=  89 lr=6.68e-04 loss_world=1.1983 |∇|=1.20e+02 γ=0.990 T=0.0500
2026-04-29 11:59:39,652 INFO train_distributed it=  99 lr=5.95e-04 loss_world=0.7468 |∇|=1.91e+00 γ=1.015 T=0.0509
2026-04-29 11:59:41,505 INFO train_distributed it=  99 lr=5.95e-04 loss_world=0.9916 |∇|=3.84e+04 γ=0.987 T=0.0500
2026-04-29 11:59:50,009 INFO train_distributed it=  99 lr=5.95e-04 loss_world=1.5361 |∇|=1.50e+02 γ=0.992 T=0.0499
2026-04-29 11:59:50,240 INFO train_distributed it=  99 lr=5.95e-04 loss_world=0.6305 |∇|=3.26e+00 γ=1.002 T=0.0506
2026-04-29 11:59:50,830 INFO train_distributed it=  99 lr=5.95e-04 loss_world=1.3403 |∇|=2.89e+02 γ=1.005 T=0.0503
2026-04-29 11:59:51,565 INFO train_distributed it=  99 lr=5.95e-04 loss_world=1.0718 |∇|=1.82e+00 γ=1.015 T=0.0508
2026-04-29 11:59:53,814 INFO train_distributed it= 109 lr=5.20e-04 loss_world=1.0187 |∇|=1.29e+00 γ=1.015 T=0.0510
2026-04-29 11:59:53,839 INFO train_distributed it=  99 lr=5.95e-04 loss_world=1.2313 |∇|=5.94e+01 γ=0.987 T=0.0500
2026-04-29 11:59:54,333 INFO train_distributed it=  99 lr=5.95e-04 loss_world=3.8269 |∇|=2.23e+03 γ=0.990 T=0.0499
2026-04-29 11:59:55,882 INFO train_distributed it= 109 lr=5.20e-04 loss_world=1.5118 |∇|=1.38e+03 γ=0.986 T=0.0500
2026-04-29 12:00:05,278 INFO train_distributed it= 109 lr=5.20e-04 loss_world=30.0042 |∇|=3.53e+06 γ=0.991 T=0.0500
2026-04-29 12:00:05,562 INFO train_distributed it= 109 lr=5.20e-04 loss_world=0.8245 |∇|=1.89e+00 γ=1.002 T=0.0507
2026-04-29 12:00:06,127 INFO train_distributed it= 109 lr=5.20e-04 loss_world=1.2631 |∇|=1.54e+02 γ=1.005 T=0.0503
2026-04-29 12:00:06,917 INFO train_distributed it= 109 lr=5.20e-04 loss_world=0.8276 |∇|=2.00e+01 γ=1.016 T=0.0508
2026-04-29 12:00:07,972 INFO train_distributed it= 119 lr=4.47e-04 loss_world=0.8048 |∇|=2.55e+00 γ=1.015 T=0.0510
2026-04-29 12:00:09,133 INFO train_distributed it= 109 lr=5.20e-04 loss_world=1.1076 |∇|=8.13e+01 γ=0.987 T=0.0500
2026-04-29 12:00:09,877 INFO train_distributed it= 109 lr=5.20e-04 loss_world=5.2621 |∇|=5.37e+03 γ=0.991 T=0.0498
2026-04-29 12:00:10,240 INFO train_distributed it= 119 lr=4.47e-04 loss_world=4.4492 |∇|=2.49e+04 γ=0.986 T=0.0500
2026-04-29 12:00:20,546 INFO train_distributed it= 119 lr=4.47e-04 loss_world=1.1715 |∇|=1.67e+02 γ=0.990 T=0.0502
2026-04-29 12:00:20,881 INFO train_distributed it= 119 lr=4.47e-04 loss_world=1.0223 |∇|=3.21e+00 γ=1.002 T=0.0507
2026-04-29 12:00:21,422 INFO train_distributed it= 119 lr=4.47e-04 loss_world=0.9810 |∇|=1.05e+02 γ=1.006 T=0.0503
2026-04-29 12:00:22,132 INFO train_distributed it= 129 lr=3.76e-04 loss_world=0.7140 |∇|=2.40e+00 γ=1.014 T=0.0510
2026-04-29 12:00:22,240 INFO train_distributed it= 119 lr=4.47e-04 loss_world=0.8561 |∇|=6.71e+00 γ=1.015 T=0.0508
2026-04-29 12:00:24,417 INFO train_distributed it= 119 lr=4.47e-04 loss_world=1.3019 |∇|=9.98e+01 γ=0.987 T=0.0500
2026-04-29 12:00:24,574 INFO train_distributed it= 129 lr=3.76e-04 loss_world=1.1928 |∇|=4.78e+01 γ=0.985 T=0.0500
2026-04-29 12:00:25,396 INFO train_distributed it= 119 lr=4.47e-04 loss_world=1.0126 |∇|=2.64e+02 γ=0.992 T=0.0496
2026-04-29 12:00:35,813 INFO train_distributed it= 129 lr=3.76e-04 loss_world=1.2023 |∇|=1.37e+02 γ=0.989 T=0.0503
2026-04-29 12:00:36,197 INFO train_distributed it= 129 lr=3.76e-04 loss_world=1.2600 |∇|=1.33e+00 γ=1.002 T=0.0507
2026-04-29 12:00:36,287 INFO train_distributed it= 139 lr=3.10e-04 loss_world=0.8251 |∇|=1.54e+00 γ=1.013 T=0.0510
2026-04-29 12:00:36,733 INFO train_distributed it= 129 lr=3.76e-04 loss_world=2.1286 |∇|=2.10e+03 γ=1.007 T=0.0503
2026-04-29 12:00:37,568 INFO train_distributed it= 129 lr=3.76e-04 loss_world=0.7816 |∇|=3.70e+00 γ=1.015 T=0.0508
2026-04-29 12:00:38,899 INFO train_distributed it= 139 lr=3.10e-04 loss_world=1.0659 |∇|=2.30e+01 γ=0.985 T=0.0500
2026-04-29 12:00:39,696 INFO train_distributed it= 129 lr=3.76e-04 loss_world=1.3570 |∇|=9.54e+01 γ=0.986 T=0.0500
2026-04-29 12:00:40,895 INFO train_distributed it= 129 lr=3.76e-04 loss_world=8.5423 |∇|=1.93e+03 γ=0.993 T=0.0495
2026-04-29 12:00:50,442 INFO train_distributed it= 149 lr=2.51e-04 loss_world=0.8877 |∇|=1.35e+00 γ=1.013 T=0.0509
2026-04-29 12:00:51,078 INFO train_distributed it= 139 lr=3.10e-04 loss_world=1.3733 |∇|=1.24e+02 γ=0.989 T=0.0503
2026-04-29 12:00:51,512 INFO train_distributed it= 139 lr=3.10e-04 loss_world=1.2328 |∇|=1.86e+00 γ=1.002 T=0.0507
2026-04-29 12:00:52,047 INFO train_distributed it= 139 lr=3.10e-04 loss_world=1.5569 |∇|=2.14e+02 γ=1.007 T=0.0504
2026-04-29 12:00:52,896 INFO train_distributed it= 139 lr=3.10e-04 loss_world=0.9649 |∇|=2.62e+00 γ=1.015 T=0.0509
2026-04-29 12:00:53,225 INFO train_distributed it= 149 lr=2.51e-04 loss_world=1.8470 |∇|=1.77e+04 γ=0.985 T=0.0500
2026-04-29 12:00:54,972 INFO train_distributed it= 139 lr=3.10e-04 loss_world=1.1519 |∇|=7.87e+01 γ=0.986 T=0.0501
2026-04-29 12:00:56,406 INFO train_distributed it= 139 lr=3.10e-04 loss_world=40.0165 |∇|=1.41e+04 γ=0.993 T=0.0494
2026-04-29 12:01:04,601 INFO train_distributed it= 159 lr=2.00e-04 loss_world=1.2323 |∇|=2.82e+00 γ=1.012 T=0.0509
2026-04-29 12:01:06,350 INFO train_distributed it= 149 lr=2.51e-04 loss_world=1.0871 |∇|=1.28e+02 γ=0.990 T=0.0503
2026-04-29 12:01:06,823 INFO train_distributed it= 149 lr=2.51e-04 loss_world=0.7097 |∇|=2.03e+00 γ=1.003 T=0.0507
2026-04-29 12:01:07,342 INFO train_distributed it= 149 lr=2.51e-04 loss_world=1.1612 |∇|=2.27e+02 γ=1.007 T=0.0504
2026-04-29 12:01:07,590 INFO train_distributed it= 159 lr=2.00e-04 loss_world=3.0683 |∇|=2.76e+04 γ=0.985 T=0.0500
2026-04-29 12:01:08,238 INFO train_distributed it= 149 lr=2.51e-04 loss_world=0.8630 |∇|=1.11e+01 γ=1.015 T=0.0508
2026-04-29 12:01:10,253 INFO train_distributed it= 149 lr=2.51e-04 loss_world=1.1825 |∇|=1.32e+02 γ=0.985 T=0.0501
2026-04-29 12:01:11,952 INFO train_distributed it= 149 lr=2.51e-04 loss_world=1.5286 |∇|=1.48e+02 γ=0.994 T=0.0494
2026-04-29 12:01:18,775 INFO train_distributed it= 169 lr=1.58e-04 loss_world=0.7601 |∇|=1.40e+00 γ=1.013 T=0.0509
2026-04-29 12:01:21,621 INFO train_distributed it= 159 lr=2.00e-04 loss_world=1.5753 |∇|=6.00e+07 γ=0.989 T=0.0502
2026-04-29 12:01:21,987 INFO train_distributed it= 169 lr=1.58e-04 loss_world=0.9941 |∇|=2.71e+01 γ=0.985 T=0.0500
2026-04-29 12:01:22,133 INFO train_distributed it= 159 lr=2.00e-04 loss_world=1.2291 |∇|=2.60e+00 γ=1.003 T=0.0508
2026-04-29 12:01:22,638 INFO train_distributed it= 159 lr=2.00e-04 loss_world=1.3072 |∇|=1.96e+02 γ=1.007 T=0.0504
2026-04-29 12:01:23,603 INFO train_distributed it= 159 lr=2.00e-04 loss_world=0.9767 |∇|=1.94e+00 γ=1.015 T=0.0508
2026-04-29 12:01:25,531 INFO train_distributed it= 159 lr=2.00e-04 loss_world=1.1272 |∇|=7.86e+01 γ=0.985 T=0.0501
2026-04-29 12:01:27,483 INFO train_distributed it= 159 lr=2.00e-04 loss_world=1.4005 |∇|=6.14e+02 γ=0.994 T=0.0494
2026-04-29 12:01:32,936 INFO train_distributed it= 179 lr=1.27e-04 loss_world=0.8934 |∇|=1.45e+00 γ=1.013 T=0.0509
2026-04-29 12:01:36,359 INFO train_distributed it= 179 lr=1.27e-04 loss_world=1.0582 |∇|=2.83e+03 γ=0.985 T=0.0500
2026-04-29 12:01:36,894 INFO train_distributed it= 169 lr=1.58e-04 loss_world=1.3217 |∇|=4.11e+06 γ=0.990 T=0.0502
2026-04-29 12:01:37,468 INFO train_distributed it= 169 lr=1.58e-04 loss_world=0.7004 |∇|=1.46e+00 γ=1.003 T=0.0508
2026-04-29 12:01:37,931 INFO train_distributed it= 169 lr=1.58e-04 loss_world=1.6229 |∇|=6.41e+01 γ=1.006 T=0.0504
2026-04-29 12:01:38,960 INFO train_distributed it= 169 lr=1.58e-04 loss_world=0.8149 |∇|=4.86e-01 γ=1.014 T=0.0508
2026-04-29 12:01:40,807 INFO train_distributed it= 169 lr=1.58e-04 loss_world=1.0679 |∇|=8.87e+01 γ=0.985 T=0.0501
2026-04-29 12:01:43,004 INFO train_distributed it= 169 lr=1.58e-04 loss_world=1.4235 |∇|=5.23e+02 γ=0.994 T=0.0494
2026-04-29 12:01:47,102 INFO train_distributed it= 189 lr=1.07e-04 loss_world=1.7182 |∇|=2.85e+00 γ=1.013 T=0.0509
2026-04-29 12:01:50,734 INFO train_distributed it= 189 lr=1.07e-04 loss_world=1.0951 |∇|=2.00e+01 γ=0.985 T=0.0500
2026-04-29 12:01:52,159 INFO train_distributed it= 179 lr=1.27e-04 loss_world=1.2885 |∇|=2.30e+02 γ=0.990 T=0.0502
2026-04-29 12:01:52,783 INFO train_distributed it= 179 lr=1.27e-04 loss_world=0.8277 |∇|=1.29e+00 γ=1.002 T=0.0507
2026-04-29 12:01:53,223 INFO train_distributed it= 179 lr=1.27e-04 loss_world=1.0821 |∇|=1.47e+02 γ=1.006 T=0.0504
2026-04-29 12:01:54,309 INFO train_distributed it= 179 lr=1.27e-04 loss_world=0.6264 |∇|=1.33e+00 γ=1.014 T=0.0507
2026-04-29 12:01:56,085 INFO train_distributed it= 179 lr=1.27e-04 loss_world=1.0828 |∇|=1.37e+02 γ=0.985 T=0.0501
2026-04-29 12:01:58,520 INFO train_distributed it= 179 lr=1.27e-04 loss_world=0.9353 |∇|=5.95e+02 γ=0.995 T=0.0494
2026-04-29 12:02:01,274 INFO train_distributed it= 199 lr=1.00e-04 loss_world=0.6850 |∇|=3.12e+00 γ=1.013 T=0.0509
2026-04-29 12:02:01,280 INFO train_distributed training finished in 285.9s (200 iters, world_size=1)
2026-04-29 12:02:01,280 INFO train_distributed [rank 0] peak HBM: alloc=9.15 GB, reserved=9.70 GB
2026-04-29 12:02:01,283 INFO train_distributed [rank 0] wrote experiments/047_arch_tier_4_2_dyngraph/results_t42_dyngraph_no_u_seed8/training_log.json
  ✓ t42_dyngraph_no_u_seed8 294s (card 0)

═ TRAIN t42_dyngraph_seed6 (card 0) ═ 12:02:02
2026-04-29 12:02:05,105 INFO train_distributed it= 199 lr=1.00e-04 loss_world=1.0021 |∇|=3.35e+01 γ=0.985 T=0.0500
2026-04-29 12:02:05,111 INFO train_distributed training finished in 289.4s (200 iters, world_size=1)
2026-04-29 12:02:05,111 INFO train_distributed [rank 0] peak HBM: alloc=9.15 GB, reserved=9.70 GB
2026-04-29 12:02:05,114 INFO train_distributed [rank 0] wrote experiments/047_arch_tier_4_2_dyngraph/results_t42_dyngraph_no_u_seed9/training_log.json
2026-04-29 12:02:05,752 INFO train_distributed [dist] rank=0 world_size=1 local_rank=0 cuda_available=True
2026-04-29 12:02:05,798 INFO train_distributed loaded 2,841 returns for spx/2015-2026_daily
2026-04-29 12:02:05,806 INFO train_distributed targets: acf_sq=0.342 leverage_sum=-0.790 hill_alpha=2.68
2026-04-29 12:02:06,139 INFO train_distributed EcoMDSimulator built: 47261 parameters (device=cuda:0)
  ✓ t42_dyngraph_no_u_seed9 298s (card 1)

═ TRAIN t42_dyngraph_seed7 (card 1) ═ 12:02:06
2026-04-29 12:02:07,444 INFO train_distributed it= 189 lr=1.07e-04 loss_world=1.1824 |∇|=3.33e+03 γ=0.990 T=0.0502
2026-04-29 12:02:08,117 INFO train_distributed it= 189 lr=1.07e-04 loss_world=0.8649 |∇|=4.51e-01 γ=1.002 T=0.0507
2026-04-29 12:02:08,516 INFO train_distributed it= 189 lr=1.07e-04 loss_world=1.2624 |∇|=3.55e+02 γ=1.007 T=0.0504
2026-04-29 12:02:08,993 INFO train_distributed it=   0 lr=1.00e-04 loss_world=1.1731 |∇|=1.17e+03 γ=1.000 T=0.0500
2026-04-29 12:02:09,682 INFO train_distributed it= 189 lr=1.07e-04 loss_world=0.8010 |∇|=3.00e+00 γ=1.014 T=0.0507
2026-04-29 12:02:09,913 INFO train_distributed [dist] rank=0 world_size=1 local_rank=0 cuda_available=True
2026-04-29 12:02:09,958 INFO train_distributed loaded 2,841 returns for spx/2015-2026_daily
2026-04-29 12:02:09,965 INFO train_distributed targets: acf_sq=0.342 leverage_sum=-0.790 hill_alpha=2.68
2026-04-29 12:02:10,264 INFO train_distributed EcoMDSimulator built: 47261 parameters (device=cuda:0)
2026-04-29 12:02:11,387 INFO train_distributed it= 189 lr=1.07e-04 loss_world=1.7833 |∇|=2.57e+02 γ=0.985 T=0.0501
2026-04-29 12:02:13,007 INFO train_distributed it=   0 lr=1.00e-04 loss_world=2.7622 |∇|=6.04e+02 γ=1.000 T=0.0500
2026-04-29 12:02:14,022 INFO train_distributed it= 189 lr=1.07e-04 loss_world=1.1360 |∇|=3.87e+02 γ=0.995 T=0.0494
2026-04-29 12:02:22,725 INFO train_distributed it= 199 lr=1.00e-04 loss_world=1.0998 |∇|=3.19e+07 γ=0.991 T=0.0502
2026-04-29 12:02:22,732 INFO train_distributed training finished in 307.1s (200 iters, world_size=1)
2026-04-29 12:02:22,732 INFO train_distributed [rank 0] peak HBM: alloc=9.41 GB, reserved=10.01 GB
2026-04-29 12:02:22,735 INFO train_distributed [rank 0] wrote experiments/047_arch_tier_4_2_dyngraph/results_t42_dyngraph_seed1/training_log.json
2026-04-29 12:02:22,928 INFO train_distributed it=   9 lr=1.00e-03 loss_world=60.1947 |∇|=1.74e+04 γ=1.000 T=0.0499
2026-04-29 12:02:23,463 INFO train_distributed it= 199 lr=1.00e-04 loss_world=0.6173 |∇|=1.86e+00 γ=1.003 T=0.0507
2026-04-29 12:02:23,470 INFO train_distributed training finished in 307.8s (200 iters, world_size=1)
2026-04-29 12:02:23,471 INFO train_distributed [rank 0] peak HBM: alloc=9.41 GB, reserved=10.01 GB
2026-04-29 12:02:23,474 INFO train_distributed [rank 0] wrote experiments/047_arch_tier_4_2_dyngraph/results_t42_dyngraph_seed0/training_log.json
  ✓ t42_dyngraph_seed1 314s (card 3)

═ TRAIN t42_dyngraph_seed8 (card 2) ═ 12:02:23
2026-04-29 12:02:23,798 INFO train_distributed it= 199 lr=1.00e-04 loss_world=0.9523 |∇|=5.16e+02 γ=1.007 T=0.0504
2026-04-29 12:02:23,805 INFO train_distributed training finished in 307.1s (200 iters, world_size=1)
2026-04-29 12:02:23,805 INFO train_distributed [rank 0] peak HBM: alloc=9.41 GB, reserved=10.01 GB
2026-04-29 12:02:23,808 INFO train_distributed [rank 0] wrote experiments/047_arch_tier_4_2_dyngraph/results_t42_dyngraph_seed4/training_log.json
  ✓ t42_dyngraph_seed0 316s (card 2)

═ TRAIN t42_dyngraph_seed9 (card 3) ═ 12:02:24
  ✓ t42_dyngraph_seed4 313s (card 6)
2026-04-29 12:02:25,026 INFO train_distributed it= 199 lr=1.00e-04 loss_world=0.9822 |∇|=2.34e+00 γ=1.014 T=0.0507
2026-04-29 12:02:25,033 INFO train_distributed training finished in 308.9s (200 iters, world_size=1)
2026-04-29 12:02:25,033 INFO train_distributed [rank 0] peak HBM: alloc=9.41 GB, reserved=10.01 GB
2026-04-29 12:02:25,036 INFO train_distributed [rank 0] wrote experiments/047_arch_tier_4_2_dyngraph/results_t42_dyngraph_seed2/training_log.json
  ✓ t42_dyngraph_seed2 316s (card 4)
2026-04-29 12:02:26,703 INFO train_distributed it= 199 lr=1.00e-04 loss_world=1.0863 |∇|=2.05e+02 γ=0.985 T=0.0501
2026-04-29 12:02:26,710 INFO train_distributed training finished in 306.8s (200 iters, world_size=1)
2026-04-29 12:02:26,710 INFO train_distributed [rank 0] peak HBM: alloc=9.41 GB, reserved=10.01 GB
2026-04-29 12:02:26,713 INFO train_distributed [rank 0] wrote experiments/047_arch_tier_4_2_dyngraph/results_t42_dyngraph_seed5/training_log.json
2026-04-29 12:02:26,933 INFO train_distributed it=   9 lr=1.00e-03 loss_world=2.0515 |∇|=1.29e+02 γ=1.001 T=0.0501
2026-04-29 12:02:27,125 INFO train_distributed [dist] rank=0 world_size=1 local_rank=0 cuda_available=True
2026-04-29 12:02:27,171 INFO train_distributed loaded 2,841 returns for spx/2015-2026_daily
2026-04-29 12:02:27,179 INFO train_distributed targets: acf_sq=0.342 leverage_sum=-0.790 hill_alpha=2.68
  ✓ t42_dyngraph_seed5 312s (card 7)
2026-04-29 12:02:27,703 INFO train_distributed EcoMDSimulator built: 47261 parameters (device=cuda:0)
2026-04-29 12:02:28,014 INFO train_distributed [dist] rank=0 world_size=1 local_rank=0 cuda_available=True
2026-04-29 12:02:28,060 INFO train_distributed loaded 2,841 returns for spx/2015-2026_daily
2026-04-29 12:02:28,067 INFO train_distributed targets: acf_sq=0.342 leverage_sum=-0.790 hill_alpha=2.68
2026-04-29 12:02:28,334 INFO train_distributed EcoMDSimulator built: 47261 parameters (device=cuda:0)
2026-04-29 12:02:29,513 INFO train_distributed it= 199 lr=1.00e-04 loss_world=1.2817 |∇|=2.53e+02 γ=0.995 T=0.0494
2026-04-29 12:02:29,519 INFO train_distributed training finished in 313.1s (200 iters, world_size=1)
2026-04-29 12:02:29,519 INFO train_distributed [rank 0] peak HBM: alloc=9.41 GB, reserved=10.01 GB
2026-04-29 12:02:29,522 INFO train_distributed [rank 0] wrote experiments/047_arch_tier_4_2_dyngraph/results_t42_dyngraph_seed3/training_log.json
  ✓ t42_dyngraph_seed3 320s (card 5)
2026-04-29 12:02:30,634 INFO train_distributed it=   0 lr=1.00e-04 loss_world=8.3435 |∇|=9.60e+02 γ=1.000 T=0.0500
2026-04-29 12:02:31,093 INFO train_distributed it=   0 lr=1.00e-04 loss_world=7.0671 |∇|=7.04e+02 γ=1.000 T=0.0500
2026-04-29 12:02:38,535 INFO train_distributed it=  19 lr=9.95e-04 loss_world=31.1722 |∇|=1.91e+04 γ=1.001 T=0.0499
2026-04-29 12:02:42,513 INFO train_distributed it=  19 lr=9.95e-04 loss_world=4.1161 |∇|=4.58e+02 γ=1.003 T=0.0502
2026-04-29 12:02:44,330 INFO train_distributed it=   9 lr=1.00e-03 loss_world=2.4867 |∇|=5.29e+01 γ=0.996 T=0.0500
2026-04-29 12:02:44,779 INFO train_distributed it=   9 lr=1.00e-03 loss_world=2.3107 |∇|=6.20e+01 γ=0.999 T=0.0500
2026-04-29 12:02:54,055 INFO train_distributed it=  29 lr=9.78e-04 loss_world=1.4194 |∇|=4.06e+01 γ=1.001 T=0.0499
2026-04-29 12:02:58,145 INFO train_distributed it=  29 lr=9.78e-04 loss_world=2.0590 |∇|=3.36e+01 γ=1.008 T=0.0501
2026-04-29 12:02:59,710 INFO train_distributed it=  19 lr=9.95e-04 loss_world=1.4224 |∇|=4.38e+02 γ=0.992 T=0.0501
2026-04-29 12:03:00,099 INFO train_distributed it=  19 lr=9.95e-04 loss_world=8.6995 |∇|=1.95e+03 γ=0.997 T=0.0500
2026-04-29 12:03:09,525 INFO train_distributed it=  39 lr=9.49e-04 loss_world=1.7513 |∇|=1.09e+03 γ=1.001 T=0.0499
2026-04-29 12:03:13,825 INFO train_distributed it=  39 lr=9.49e-04 loss_world=2.1265 |∇|=4.00e+01 γ=1.011 T=0.0501
2026-04-29 12:03:15,090 INFO train_distributed it=  29 lr=9.78e-04 loss_world=1.0361 |∇|=1.38e+01 γ=0.989 T=0.0501
2026-04-29 12:03:15,438 INFO train_distributed it=  29 lr=9.78e-04 loss_world=1.9578 |∇|=4.94e+01 γ=0.996 T=0.0500
2026-04-29 12:03:24,955 INFO train_distributed it=  49 lr=9.10e-04 loss_world=5.2533 |∇|=1.31e+04 γ=1.001 T=0.0498
2026-04-29 12:03:29,506 INFO train_distributed it=  49 lr=9.10e-04 loss_world=18.0723 |∇|=3.04e+03 γ=1.012 T=0.0500
2026-04-29 12:03:30,409 INFO train_distributed it=  39 lr=9.49e-04 loss_world=7.2018 |∇|=1.64e+03 γ=0.986 T=0.0501
2026-04-29 12:03:30,735 INFO train_distributed it=  39 lr=9.49e-04 loss_world=1.2918 |∇|=1.06e+03 γ=0.996 T=0.0500
2026-04-29 12:03:40,377 INFO train_distributed it=  59 lr=8.60e-04 loss_world=2.1000 |∇|=7.30e+05 γ=1.001 T=0.0498
2026-04-29 12:03:45,195 INFO train_distributed it=  59 lr=8.60e-04 loss_world=1.8949 |∇|=4.87e+01 γ=1.013 T=0.0501
2026-04-29 12:03:45,719 INFO train_distributed it=  49 lr=9.10e-04 loss_world=1.2014 |∇|=5.71e+01 γ=0.984 T=0.0502
2026-04-29 12:03:46,036 INFO train_distributed it=  49 lr=9.10e-04 loss_world=2.7483 |∇|=3.00e+02 γ=0.995 T=0.0500
2026-04-29 12:03:55,817 INFO train_distributed it=  69 lr=8.02e-04 loss_world=2.1791 |∇|=1.32e+07 γ=1.000 T=0.0498
2026-04-29 12:04:00,835 INFO train_distributed it=  69 lr=8.02e-04 loss_world=12.4642 |∇|=2.21e+03 γ=1.012 T=0.0502
2026-04-29 12:04:01,023 INFO train_distributed it=  59 lr=8.60e-04 loss_world=1.4146 |∇|=6.83e+01 γ=0.984 T=0.0502
2026-04-29 12:04:01,327 INFO train_distributed it=  59 lr=8.60e-04 loss_world=1.9780 |∇|=1.71e+02 γ=0.995 T=0.0500
2026-04-29 12:04:11,250 INFO train_distributed it=  79 lr=7.38e-04 loss_world=1.6157 |∇|=2.18e+05 γ=1.000 T=0.0499
2026-04-29 12:04:16,310 INFO train_distributed it=  69 lr=8.02e-04 loss_world=19.9863 |∇|=6.13e+05 γ=0.983 T=0.0502
2026-04-29 12:04:16,390 INFO train_distributed it=  79 lr=7.38e-04 loss_world=17.3244 |∇|=2.92e+04 γ=1.011 T=0.0503
2026-04-29 12:04:16,615 INFO train_distributed it=  69 lr=8.02e-04 loss_world=1.2890 |∇|=6.57e+03 γ=0.995 T=0.0500
2026-04-29 12:04:26,632 INFO train_distributed it=  89 lr=6.68e-04 loss_world=7.6476 |∇|=3.95e+06 γ=1.000 T=0.0499
2026-04-29 12:04:31,593 INFO train_distributed it=  79 lr=7.38e-04 loss_world=19.1106 |∇|=6.11e+02 γ=0.981 T=0.0503
2026-04-29 12:04:31,907 INFO train_distributed it=  89 lr=6.68e-04 loss_world=7.6993 |∇|=3.17e+03 γ=1.010 T=0.0503
2026-04-29 12:04:31,911 INFO train_distributed it=  79 lr=7.38e-04 loss_world=2.2877 |∇|=2.46e+02 γ=0.995 T=0.0500
2026-04-29 12:04:42,014 INFO train_distributed it=  99 lr=5.95e-04 loss_world=1.4100 |∇|=1.34e+04 γ=1.000 T=0.0499
2026-04-29 12:04:46,873 INFO train_distributed it=  89 lr=6.68e-04 loss_world=9.6626 |∇|=4.54e+02 γ=0.979 T=0.0505
2026-04-29 12:04:47,222 INFO train_distributed it=  89 lr=6.68e-04 loss_world=2.0774 |∇|=2.53e+02 γ=0.995 T=0.0500
2026-04-29 12:04:47,424 INFO train_distributed it=  99 lr=5.95e-04 loss_world=8.0491 |∇|=1.23e+04 γ=1.008 T=0.0503
2026-04-29 12:04:57,413 INFO train_distributed it= 109 lr=5.20e-04 loss_world=33.1914 |∇|=7.40e+03 γ=1.001 T=0.0499
2026-04-29 12:05:02,157 INFO train_distributed it=  99 lr=5.95e-04 loss_world=2.1692 |∇|=2.62e+02 γ=0.976 T=0.0505
2026-04-29 12:05:02,510 INFO train_distributed it=  99 lr=5.95e-04 loss_world=2.3927 |∇|=2.14e+02 γ=0.995 T=0.0500
2026-04-29 12:05:02,979 INFO train_distributed it= 109 lr=5.20e-04 loss_world=2.5145 |∇|=2.64e+02 γ=1.006 T=0.0503
2026-04-29 12:05:12,814 INFO train_distributed it= 119 lr=4.47e-04 loss_world=4.4929 |∇|=1.26e+03 γ=1.004 T=0.0499
2026-04-29 12:05:17,451 INFO train_distributed it= 109 lr=5.20e-04 loss_world=1.7940 |∇|=6.83e+01 γ=0.976 T=0.0505
2026-04-29 12:05:17,775 INFO train_distributed it= 109 lr=5.20e-04 loss_world=2.7055 |∇|=6.55e+02 γ=0.995 T=0.0500
2026-04-29 12:05:18,545 INFO train_distributed it= 119 lr=4.47e-04 loss_world=10.6983 |∇|=3.17e+04 γ=1.006 T=0.0503
2026-04-29 12:05:28,207 INFO train_distributed it= 129 lr=3.76e-04 loss_world=40.7148 |∇|=1.47e+04 γ=1.005 T=0.0499
2026-04-29 12:05:32,733 INFO train_distributed it= 119 lr=4.47e-04 loss_world=1.1563 |∇|=3.35e+01 γ=0.976 T=0.0505
2026-04-29 12:05:33,044 INFO train_distributed it= 119 lr=4.47e-04 loss_world=2.3459 |∇|=5.03e+02 γ=0.995 T=0.0500
2026-04-29 12:05:34,134 INFO train_distributed it= 129 lr=3.76e-04 loss_world=59.7977 |∇|=4.42e+05 γ=1.007 T=0.0503
2026-04-29 12:05:43,594 INFO train_distributed it= 139 lr=3.10e-04 loss_world=6.3263 |∇|=1.62e+05 γ=1.004 T=0.0499
2026-04-29 12:05:48,008 INFO train_distributed it= 129 lr=3.76e-04 loss_world=1.2559 |∇|=3.41e+01 γ=0.976 T=0.0505
2026-04-29 12:05:48,319 INFO train_distributed it= 129 lr=3.76e-04 loss_world=2.4643 |∇|=6.18e+02 γ=0.995 T=0.0500
2026-04-29 12:05:49,713 INFO train_distributed it= 139 lr=3.10e-04 loss_world=0.7985 |∇|=1.01e+04 γ=1.007 T=0.0503
2026-04-29 12:05:58,977 INFO train_distributed it= 149 lr=2.51e-04 loss_world=5.3333 |∇|=7.38e+02 γ=1.004 T=0.0499
2026-04-29 12:06:03,303 INFO train_distributed it= 139 lr=3.10e-04 loss_world=1.2857 |∇|=4.34e+01 γ=0.976 T=0.0504
2026-04-29 12:06:03,600 INFO train_distributed it= 139 lr=3.10e-04 loss_world=2.4484 |∇|=4.97e+02 γ=0.995 T=0.0500
2026-04-29 12:06:05,220 INFO train_distributed it= 149 lr=2.51e-04 loss_world=0.6362 |∇|=5.66e+03 γ=1.007 T=0.0503
2026-04-29 12:06:14,344 INFO train_distributed it= 159 lr=2.00e-04 loss_world=1.9628 |∇|=8.27e+02 γ=1.005 T=0.0499
2026-04-29 12:06:18,582 INFO train_distributed it= 149 lr=2.51e-04 loss_world=1.0584 |∇|=3.75e+01 γ=0.976 T=0.0504
2026-04-29 12:06:18,873 INFO train_distributed it= 149 lr=2.51e-04 loss_world=2.5875 |∇|=7.73e+02 γ=0.995 T=0.0500
2026-04-29 12:06:20,711 INFO train_distributed it= 159 lr=2.00e-04 loss_world=1.9944 |∇|=3.86e+02 γ=1.007 T=0.0503
2026-04-29 12:06:29,699 INFO train_distributed it= 169 lr=1.58e-04 loss_world=1.3685 |∇|=1.61e+10 γ=1.005 T=0.0499
2026-04-29 12:06:33,855 INFO train_distributed it= 159 lr=2.00e-04 loss_world=1.0683 |∇|=3.50e+01 γ=0.976 T=0.0504
2026-04-29 12:06:34,141 INFO train_distributed it= 159 lr=2.00e-04 loss_world=2.0003 |∇|=2.80e+02 γ=0.995 T=0.0500
2026-04-29 12:06:36,158 INFO train_distributed it= 169 lr=1.58e-04 loss_world=2.5055 |∇|=1.25e+03 γ=1.007 T=0.0503
2026-04-29 12:06:45,045 INFO train_distributed it= 179 lr=1.27e-04 loss_world=1.0613 |∇|=5.32e+08 γ=1.005 T=0.0499
2026-04-29 12:06:49,141 INFO train_distributed it= 169 lr=1.58e-04 loss_world=0.9891 |∇|=3.26e+01 γ=0.976 T=0.0504
2026-04-29 12:06:49,416 INFO train_distributed it= 169 lr=1.58e-04 loss_world=2.2524 |∇|=4.43e+02 γ=0.995 T=0.0500
2026-04-29 12:06:51,580 INFO train_distributed it= 179 lr=1.27e-04 loss_world=9.0849 |∇|=1.90e+04 γ=1.007 T=0.0503
2026-04-29 12:07:00,401 INFO train_distributed it= 189 lr=1.07e-04 loss_world=1.4999 |∇|=8.53e+02 γ=1.005 T=0.0499
2026-04-29 12:07:04,452 INFO train_distributed it= 179 lr=1.27e-04 loss_world=0.9972 |∇|=3.37e+01 γ=0.976 T=0.0504
2026-04-29 12:07:04,695 INFO train_distributed it= 179 lr=1.27e-04 loss_world=1.6968 |∇|=8.11e+02 γ=0.995 T=0.0500
2026-04-29 12:07:07,028 INFO train_distributed it= 189 lr=1.07e-04 loss_world=1.2409 |∇|=8.24e+02 γ=1.007 T=0.0503
2026-04-29 12:07:15,785 INFO train_distributed it= 199 lr=1.00e-04 loss_world=5.7221 |∇|=2.03e+10 γ=1.005 T=0.0499
2026-04-29 12:07:15,792 INFO train_distributed training finished in 309.7s (200 iters, world_size=1)
2026-04-29 12:07:15,792 INFO train_distributed [rank 0] peak HBM: alloc=9.41 GB, reserved=10.01 GB
2026-04-29 12:07:15,795 INFO train_distributed [rank 0] wrote experiments/047_arch_tier_4_2_dyngraph/results_t42_dyngraph_seed6/training_log.json
  ✓ t42_dyngraph_seed6 314s (card 0)
2026-04-29 12:07:19,756 INFO train_distributed it= 189 lr=1.07e-04 loss_world=1.0324 |∇|=3.05e+01 γ=0.976 T=0.0504
2026-04-29 12:07:19,965 INFO train_distributed it= 189 lr=1.07e-04 loss_world=2.0846 |∇|=1.69e+04 γ=0.996 T=0.0500
2026-04-29 12:07:22,504 INFO train_distributed it= 199 lr=1.00e-04 loss_world=1.7121 |∇|=2.05e+03 γ=1.007 T=0.0503
2026-04-29 12:07:22,511 INFO train_distributed training finished in 312.2s (200 iters, world_size=1)
2026-04-29 12:07:22,511 INFO train_distributed [rank 0] peak HBM: alloc=9.41 GB, reserved=10.01 GB
2026-04-29 12:07:22,514 INFO train_distributed [rank 0] wrote experiments/047_arch_tier_4_2_dyngraph/results_t42_dyngraph_seed7/training_log.json
  ✓ t42_dyngraph_seed7 317s (card 1)
2026-04-29 12:07:35,031 INFO train_distributed it= 199 lr=1.00e-04 loss_world=1.0392 |∇|=2.83e+01 γ=0.976 T=0.0504
2026-04-29 12:07:35,038 INFO train_distributed training finished in 307.3s (200 iters, world_size=1)
2026-04-29 12:07:35,038 INFO train_distributed [rank 0] peak HBM: alloc=9.41 GB, reserved=10.01 GB
2026-04-29 12:07:35,041 INFO train_distributed [rank 0] wrote experiments/047_arch_tier_4_2_dyngraph/results_t42_dyngraph_seed8/training_log.json
2026-04-29 12:07:35,238 INFO train_distributed it= 199 lr=1.00e-04 loss_world=2.8692 |∇|=1.88e+03 γ=0.996 T=0.0500
2026-04-29 12:07:35,245 INFO train_distributed training finished in 306.9s (200 iters, world_size=1)
2026-04-29 12:07:35,245 INFO train_distributed [rank 0] peak HBM: alloc=9.41 GB, reserved=10.01 GB
2026-04-29 12:07:35,248 INFO train_distributed [rank 0] wrote experiments/047_arch_tier_4_2_dyngraph/results_t42_dyngraph_seed9/training_log.json
  ✓ t42_dyngraph_seed8 313s (card 2)
  ✓ t42_dyngraph_seed9 312s (card 3)

═ EVAL  t42_dyngraph_no_u_seed0 (card 0) ═ 12:07:36

═ EVAL  t42_dyngraph_no_u_seed1 (card 1) ═ 12:07:36

═ EVAL  t42_dyngraph_no_u_seed2 (card 2) ═ 12:07:36

═ EVAL  t42_dyngraph_no_u_seed3 (card 3) ═ 12:07:36

═ EVAL  t42_dyngraph_no_u_seed4 (card 4) ═ 12:07:36

═ EVAL  t42_dyngraph_no_u_seed5 (card 5) ═ 12:07:36

═ EVAL  t42_dyngraph_no_u_seed6 (card 6) ═ 12:07:36

═ EVAL  t42_dyngraph_no_u_seed7 (card 7) ═ 12:07:36
2026-04-29 12:07:41,379 INFO inference_run_large [dist] world_size=1 cuda=True
2026-04-29 12:07:41,745 INFO inference_run_large [dist] world_size=1 cuda=True
2026-04-29 12:07:42,160 INFO inference_run_large [dist] world_size=1 cuda=True
2026-04-29 12:07:42,516 INFO inference_run_large [dist] world_size=1 cuda=True
2026-04-29 12:07:42,842 INFO inference_run_large [dist] world_size=1 cuda=True
2026-04-29 12:07:43,214 INFO inference_run_large [dist] world_size=1 cuda=True
2026-04-29 12:07:43,594 INFO inference_run_large [dist] world_size=1 cuda=True
2026-04-29 12:07:44,031 INFO inference_run_large [dist] world_size=1 cuda=True
2026-04-29 12:07:44,722 INFO inference_run_large loaded checkpoint iter=200 from /AI4S/Users/howardwang/h204/ecophys/experiments/047_arch_tier_4_2_dyngraph/results_t42_dyngraph_no_u_seed2/checkpoint.pt
2026-04-29 12:07:44,741 INFO inference_run_large loaded checkpoint iter=200 from /AI4S/Users/howardwang/h204/ecophys/experiments/047_arch_tier_4_2_dyngraph/results_t42_dyngraph_no_u_seed5/checkpoint.pt
2026-04-29 12:07:44,761 INFO inference_run_large loaded checkpoint iter=200 from /AI4S/Users/howardwang/h204/ecophys/experiments/047_arch_tier_4_2_dyngraph/results_t42_dyngraph_no_u_seed3/checkpoint.pt
2026-04-29 12:07:44,761 INFO inference_run_large loaded checkpoint iter=200 from /AI4S/Users/howardwang/h204/ecophys/experiments/047_arch_tier_4_2_dyngraph/results_t42_dyngraph_no_u_seed4/checkpoint.pt
2026-04-29 12:07:44,772 INFO inference_run_large loaded checkpoint iter=200 from /AI4S/Users/howardwang/h204/ecophys/experiments/047_arch_tier_4_2_dyngraph/results_t42_dyngraph_no_u_seed1/checkpoint.pt
2026-04-29 12:07:44,772 INFO inference_run_large loaded checkpoint iter=200 from /AI4S/Users/howardwang/h204/ecophys/experiments/047_arch_tier_4_2_dyngraph/results_t42_dyngraph_no_u_seed6/checkpoint.pt
2026-04-29 12:07:44,773 INFO inference_run_large loaded checkpoint iter=200 from /AI4S/Users/howardwang/h204/ecophys/experiments/047_arch_tier_4_2_dyngraph/results_t42_dyngraph_no_u_seed0/checkpoint.pt
2026-04-29 12:07:44,880 INFO inference_run_large loaded checkpoint iter=200 from /AI4S/Users/howardwang/h204/ecophys/experiments/047_arch_tier_4_2_dyngraph/results_t42_dyngraph_no_u_seed7/checkpoint.pt
2026-04-29 12:08:39,889 INFO inference_run_large [rank 0] rollout 1/4 seed=10000 took 54.1s
2026-04-29 12:08:39,996 INFO inference_run_large [rank 0] rollout 1/4 seed=10000 took 54.2s
2026-04-29 12:08:40,008 INFO inference_run_large [rank 0] rollout 1/4 seed=10000 took 54.1s
2026-04-29 12:08:40,075 INFO inference_run_large [rank 0] rollout 1/4 seed=10000 took 54.3s
2026-04-29 12:08:40,079 INFO inference_run_large [rank 0] rollout 1/4 seed=10000 took 54.4s
2026-04-29 12:08:40,124 INFO inference_run_large [rank 0] rollout 1/4 seed=10000 took 54.4s
2026-04-29 12:08:40,496 INFO inference_run_large [rank 0] rollout 1/4 seed=10000 took 54.6s
2026-04-29 12:08:40,516 INFO inference_run_large [rank 0] rollout 1/4 seed=10000 took 54.7s
2026-04-29 12:09:33,638 INFO inference_run_large [rank 0] rollout 2/4 seed=10001 took 53.7s
2026-04-29 12:09:33,813 INFO inference_run_large [rank 0] rollout 2/4 seed=10001 took 53.7s
2026-04-29 12:09:33,915 INFO inference_run_large [rank 0] rollout 2/4 seed=10001 took 53.8s
2026-04-29 12:09:34,065 INFO inference_run_large [rank 0] rollout 2/4 seed=10001 took 53.9s
2026-04-29 12:09:34,079 INFO inference_run_large [rank 0] rollout 2/4 seed=10001 took 53.9s
2026-04-29 12:09:34,713 INFO inference_run_large [rank 0] rollout 2/4 seed=10001 took 54.5s
2026-04-29 12:09:34,791 INFO inference_run_large [rank 0] rollout 2/4 seed=10001 took 54.2s
2026-04-29 12:09:34,868 INFO inference_run_large [rank 0] rollout 2/4 seed=10001 took 54.3s
2026-04-29 12:10:27,436 INFO inference_run_large [rank 0] rollout 3/4 seed=10002 took 53.7s
2026-04-29 12:10:27,683 INFO inference_run_large [rank 0] rollout 3/4 seed=10002 took 53.8s
2026-04-29 12:10:27,914 INFO inference_run_large [rank 0] rollout 3/4 seed=10002 took 53.9s
2026-04-29 12:10:28,093 INFO inference_run_large [rank 0] rollout 3/4 seed=10002 took 53.9s
2026-04-29 12:10:28,454 INFO inference_run_large [rank 0] rollout 3/4 seed=10002 took 54.3s
2026-04-29 12:10:29,264 INFO inference_run_large [rank 0] rollout 3/4 seed=10002 took 54.4s
2026-04-29 12:10:29,344 INFO inference_run_large [rank 0] rollout 3/4 seed=10002 took 54.4s
2026-04-29 12:10:29,685 INFO inference_run_large [rank 0] rollout 3/4 seed=10002 took 54.9s
2026-04-29 12:11:21,205 INFO inference_run_large [rank 0] rollout 4/4 seed=10003 took 53.7s
2026-04-29 12:11:21,208 INFO inference_run_large [rank 0] wrote /AI4S/Users/howardwang/h204/ecophys/experiments/047_arch_tier_4_2_dyngraph/results_t42_dyngraph_no_u_seed6/inference_rank_0.json
2026-04-29 12:11:21,212 INFO inference_run_large [rank 0] merged 4 rollouts → /AI4S/Users/howardwang/h204/ecophys/experiments/047_arch_tier_4_2_dyngraph/results_t42_dyngraph_no_u_seed6/inference_merged.json
2026-04-29 12:11:21,497 INFO inference_run_large [rank 0] rollout 4/4 seed=10003 took 53.7s
2026-04-29 12:11:21,500 INFO inference_run_large [rank 0] wrote /AI4S/Users/howardwang/h204/ecophys/experiments/047_arch_tier_4_2_dyngraph/results_t42_dyngraph_no_u_seed7/inference_rank_0.json
2026-04-29 12:11:21,504 INFO inference_run_large [rank 0] merged 4 rollouts → /AI4S/Users/howardwang/h204/ecophys/experiments/047_arch_tier_4_2_dyngraph/results_t42_dyngraph_no_u_seed7/inference_merged.json
2026-04-29 12:11:21,884 INFO inference_run_large [rank 0] rollout 4/4 seed=10003 took 53.9s
2026-04-29 12:11:21,887 INFO inference_run_large [rank 0] wrote /AI4S/Users/howardwang/h204/ecophys/experiments/047_arch_tier_4_2_dyngraph/results_t42_dyngraph_no_u_seed3/inference_rank_0.json
2026-04-29 12:11:21,891 INFO inference_run_large [rank 0] merged 4 rollouts → /AI4S/Users/howardwang/h204/ecophys/experiments/047_arch_tier_4_2_dyngraph/results_t42_dyngraph_no_u_seed3/inference_merged.json
2026-04-29 12:11:22,034 INFO inference_run_large [rank 0] rollout 4/4 seed=10003 took 53.9s
2026-04-29 12:11:22,037 INFO inference_run_large [rank 0] wrote /AI4S/Users/howardwang/h204/ecophys/experiments/047_arch_tier_4_2_dyngraph/results_t42_dyngraph_no_u_seed2/inference_rank_0.json
2026-04-29 12:11:22,041 INFO inference_run_large [rank 0] merged 4 rollouts → /AI4S/Users/howardwang/h204/ecophys/experiments/047_arch_tier_4_2_dyngraph/results_t42_dyngraph_no_u_seed2/inference_merged.json
  ✓ eval t42_dyngraph_no_u_seed6 226s (card 6)

═ EVAL  t42_dyngraph_no_u_seed8 (card 0) ═ 12:11:22
  ✓ eval t42_dyngraph_no_u_seed7 226s (card 7)

═ EVAL  t42_dyngraph_no_u_seed9 (card 1) ═ 12:11:22
  ✓ eval t42_dyngraph_no_u_seed3 226s (card 3)

═ EVAL  t42_dyngraph_seed0 (card 2) ═ 12:11:22
2026-04-29 12:11:22,894 INFO inference_run_large [rank 0] rollout 4/4 seed=10003 took 54.4s
2026-04-29 12:11:22,897 INFO inference_run_large [rank 0] wrote /AI4S/Users/howardwang/h204/ecophys/experiments/047_arch_tier_4_2_dyngraph/results_t42_dyngraph_no_u_seed4/inference_rank_0.json
2026-04-29 12:11:22,901 INFO inference_run_large [rank 0] merged 4 rollouts → /AI4S/Users/howardwang/h204/ecophys/experiments/047_arch_tier_4_2_dyngraph/results_t42_dyngraph_no_u_seed4/inference_merged.json
  ✓ eval t42_dyngraph_no_u_seed2 227s (card 2)

═ EVAL  t42_dyngraph_seed1 (card 3) ═ 12:11:23
2026-04-29 12:11:23,761 INFO inference_run_large [rank 0] rollout 4/4 seed=10003 took 54.4s
2026-04-29 12:11:23,764 INFO inference_run_large [rank 0] wrote /AI4S/Users/howardwang/h204/ecophys/experiments/047_arch_tier_4_2_dyngraph/results_t42_dyngraph_no_u_seed0/inference_rank_0.json
2026-04-29 12:11:23,768 INFO inference_run_large [rank 0] merged 4 rollouts → /AI4S/Users/howardwang/h204/ecophys/experiments/047_arch_tier_4_2_dyngraph/results_t42_dyngraph_no_u_seed0/inference_merged.json
  ✓ eval t42_dyngraph_no_u_seed4 227s (card 4)

═ EVAL  t42_dyngraph_seed2 (card 4) ═ 12:11:23
2026-04-29 12:11:23,873 INFO inference_run_large [rank 0] rollout 4/4 seed=10003 took 54.4s
2026-04-29 12:11:23,877 INFO inference_run_large [rank 0] wrote /AI4S/Users/howardwang/h204/ecophys/experiments/047_arch_tier_4_2_dyngraph/results_t42_dyngraph_no_u_seed1/inference_rank_0.json
2026-04-29 12:11:23,881 INFO inference_run_large [rank 0] merged 4 rollouts → /AI4S/Users/howardwang/h204/ecophys/experiments/047_arch_tier_4_2_dyngraph/results_t42_dyngraph_no_u_seed1/inference_merged.json
  ✓ eval t42_dyngraph_no_u_seed0 228s (card 0)

═ EVAL  t42_dyngraph_seed3 (card 5) ═ 12:11:24
2026-04-29 12:11:24,857 INFO inference_run_large [rank 0] rollout 4/4 seed=10003 took 55.1s
2026-04-29 12:11:24,861 INFO inference_run_large [rank 0] wrote /AI4S/Users/howardwang/h204/ecophys/experiments/047_arch_tier_4_2_dyngraph/results_t42_dyngraph_no_u_seed5/inference_rank_0.json
2026-04-29 12:11:24,865 INFO inference_run_large [rank 0] merged 4 rollouts → /AI4S/Users/howardwang/h204/ecophys/experiments/047_arch_tier_4_2_dyngraph/results_t42_dyngraph_no_u_seed5/inference_merged.json
  ✓ eval t42_dyngraph_no_u_seed1 228s (card 1)

═ EVAL  t42_dyngraph_seed4 (card 6) ═ 12:11:24
2026-04-29 12:11:25,570 INFO inference_run_large [dist] world_size=1 cuda=True
  ✓ eval t42_dyngraph_no_u_seed5 230s (card 5)

═ EVAL  t42_dyngraph_seed5 (card 7) ═ 12:11:26
2026-04-29 12:11:26,246 INFO inference_run_large [dist] world_size=1 cuda=True
2026-04-29 12:11:26,922 INFO inference_run_large [dist] world_size=1 cuda=True
2026-04-29 12:11:27,277 INFO inference_run_large [dist] world_size=1 cuda=True
2026-04-29 12:11:27,575 INFO inference_run_large loaded checkpoint iter=200 from /AI4S/Users/howardwang/h204/ecophys/experiments/047_arch_tier_4_2_dyngraph/results_t42_dyngraph_no_u_seed8/checkpoint.pt
2026-04-29 12:11:28,062 INFO inference_run_large [dist] world_size=1 cuda=True
2026-04-29 12:11:28,192 INFO inference_run_large loaded checkpoint iter=200 from /AI4S/Users/howardwang/h204/ecophys/experiments/047_arch_tier_4_2_dyngraph/results_t42_dyngraph_no_u_seed9/checkpoint.pt
2026-04-29 12:11:28,253 INFO inference_run_large loaded checkpoint iter=200 from /AI4S/Users/howardwang/h204/ecophys/experiments/047_arch_tier_4_2_dyngraph/results_t42_dyngraph_seed0/checkpoint.pt
2026-04-29 12:11:28,676 INFO inference_run_large loaded checkpoint iter=200 from /AI4S/Users/howardwang/h204/ecophys/experiments/047_arch_tier_4_2_dyngraph/results_t42_dyngraph_seed1/checkpoint.pt
2026-04-29 12:11:29,056 INFO inference_run_large [dist] world_size=1 cuda=True
2026-04-29 12:11:29,536 INFO inference_run_large [dist] world_size=1 cuda=True
2026-04-29 12:11:29,844 INFO inference_run_large loaded checkpoint iter=200 from /AI4S/Users/howardwang/h204/ecophys/experiments/047_arch_tier_4_2_dyngraph/results_t42_dyngraph_seed2/checkpoint.pt
2026-04-29 12:11:30,028 INFO inference_run_large loaded checkpoint iter=200 from /AI4S/Users/howardwang/h204/ecophys/experiments/047_arch_tier_4_2_dyngraph/results_t42_dyngraph_seed3/checkpoint.pt
2026-04-29 12:11:30,256 INFO inference_run_large [dist] world_size=1 cuda=True
2026-04-29 12:11:30,437 INFO inference_run_large loaded checkpoint iter=200 from /AI4S/Users/howardwang/h204/ecophys/experiments/047_arch_tier_4_2_dyngraph/results_t42_dyngraph_seed4/checkpoint.pt
2026-04-29 12:11:30,574 INFO inference_run_large loaded checkpoint iter=200 from /AI4S/Users/howardwang/h204/ecophys/experiments/047_arch_tier_4_2_dyngraph/results_t42_dyngraph_seed5/checkpoint.pt
2026-04-29 12:12:23,635 INFO inference_run_large [rank 0] rollout 1/4 seed=10000 took 55.2s
2026-04-29 12:12:24,330 INFO inference_run_large [rank 0] rollout 1/4 seed=10000 took 55.2s
2026-04-29 12:12:28,719 INFO inference_run_large [rank 0] rollout 1/4 seed=10000 took 59.5s
2026-04-29 12:12:29,035 INFO inference_run_large [rank 0] rollout 1/4 seed=10000 took 59.5s
2026-04-29 12:12:29,806 INFO inference_run_large [rank 0] rollout 1/4 seed=10000 took 59.0s
2026-04-29 12:12:30,419 INFO inference_run_large [rank 0] rollout 1/4 seed=10000 took 59.1s
2026-04-29 12:12:30,641 INFO inference_run_large [rank 0] rollout 1/4 seed=10000 took 59.2s
2026-04-29 12:12:30,681 INFO inference_run_large [rank 0] rollout 1/4 seed=10000 took 59.7s
2026-04-29 12:13:18,066 INFO inference_run_large [rank 0] rollout 2/4 seed=10001 took 54.4s
2026-04-29 12:13:18,710 INFO inference_run_large [rank 0] rollout 2/4 seed=10001 took 54.3s
2026-04-29 12:13:27,353 INFO inference_run_large [rank 0] rollout 2/4 seed=10001 took 58.6s
2026-04-29 12:13:27,671 INFO inference_run_large [rank 0] rollout 2/4 seed=10001 took 58.6s
2026-04-29 12:13:28,225 INFO inference_run_large [rank 0] rollout 2/4 seed=10001 took 58.3s
2026-04-29 12:13:28,993 INFO inference_run_large [rank 0] rollout 2/4 seed=10001 took 58.5s
2026-04-29 12:13:29,334 INFO inference_run_large [rank 0] rollout 2/4 seed=10001 took 58.6s
2026-04-29 12:13:29,773 INFO inference_run_large [rank 0] rollout 2/4 seed=10001 took 59.0s
2026-04-29 12:14:12,628 INFO inference_run_large [rank 0] rollout 3/4 seed=10002 took 54.5s
2026-04-29 12:14:13,200 INFO inference_run_large [rank 0] rollout 3/4 seed=10002 took 54.4s
2026-04-29 12:14:26,052 INFO inference_run_large [rank 0] rollout 3/4 seed=10002 took 58.6s
2026-04-29 12:14:26,347 INFO inference_run_large [rank 0] rollout 3/4 seed=10002 took 58.6s
2026-04-29 12:14:26,798 INFO inference_run_large [rank 0] rollout 3/4 seed=10002 took 58.5s
2026-04-29 12:14:27,632 INFO inference_run_large [rank 0] rollout 3/4 seed=10002 took 58.6s
2026-04-29 12:14:28,078 INFO inference_run_large [rank 0] rollout 3/4 seed=10002 took 58.7s
2026-04-29 12:14:29,045 INFO inference_run_large [rank 0] rollout 3/4 seed=10002 took 59.2s
2026-04-29 12:15:07,224 INFO inference_run_large [rank 0] rollout 4/4 seed=10003 took 54.5s
2026-04-29 12:15:07,227 INFO inference_run_large [rank 0] wrote /AI4S/Users/howardwang/h204/ecophys/experiments/047_arch_tier_4_2_dyngraph/results_t42_dyngraph_no_u_seed8/inference_rank_0.json
2026-04-29 12:15:07,230 INFO inference_run_large [rank 0] merged 4 rollouts → /AI4S/Users/howardwang/h204/ecophys/experiments/047_arch_tier_4_2_dyngraph/results_t42_dyngraph_no_u_seed8/inference_merged.json
2026-04-29 12:15:07,697 INFO inference_run_large [rank 0] rollout 4/4 seed=10003 took 54.4s
2026-04-29 12:15:07,700 INFO inference_run_large [rank 0] wrote /AI4S/Users/howardwang/h204/ecophys/experiments/047_arch_tier_4_2_dyngraph/results_t42_dyngraph_no_u_seed9/inference_rank_0.json
2026-04-29 12:15:07,704 INFO inference_run_large [rank 0] merged 4 rollouts → /AI4S/Users/howardwang/h204/ecophys/experiments/047_arch_tier_4_2_dyngraph/results_t42_dyngraph_no_u_seed9/inference_merged.json
  ✓ eval t42_dyngraph_no_u_seed8 226s (card 0)

═ EVAL  t42_dyngraph_seed6 (card 0) ═ 12:15:08
  ✓ eval t42_dyngraph_no_u_seed9 226s (card 1)

═ EVAL  t42_dyngraph_seed7 (card 1) ═ 12:15:08
2026-04-29 12:15:11,670 INFO inference_run_large [dist] world_size=1 cuda=True
2026-04-29 12:15:12,370 INFO inference_run_large [dist] world_size=1 cuda=True
2026-04-29 12:15:12,632 INFO inference_run_large loaded checkpoint iter=200 from /AI4S/Users/howardwang/h204/ecophys/experiments/047_arch_tier_4_2_dyngraph/results_t42_dyngraph_seed6/checkpoint.pt
2026-04-29 12:15:12,758 INFO inference_run_large loaded checkpoint iter=200 from /AI4S/Users/howardwang/h204/ecophys/experiments/047_arch_tier_4_2_dyngraph/results_t42_dyngraph_seed7/checkpoint.pt
2026-04-29 12:15:24,697 INFO inference_run_large [rank 0] rollout 4/4 seed=10003 took 58.6s
2026-04-29 12:15:24,701 INFO inference_run_large [rank 0] wrote /AI4S/Users/howardwang/h204/ecophys/experiments/047_arch_tier_4_2_dyngraph/results_t42_dyngraph_seed0/inference_rank_0.json
2026-04-29 12:15:24,705 INFO inference_run_large [rank 0] merged 4 rollouts → /AI4S/Users/howardwang/h204/ecophys/experiments/047_arch_tier_4_2_dyngraph/results_t42_dyngraph_seed0/inference_merged.json
2026-04-29 12:15:24,967 INFO inference_run_large [rank 0] rollout 4/4 seed=10003 took 58.5s
2026-04-29 12:15:24,970 INFO inference_run_large [rank 0] wrote /AI4S/Users/howardwang/h204/ecophys/experiments/047_arch_tier_4_2_dyngraph/results_t42_dyngraph_seed1/inference_rank_0.json
2026-04-29 12:15:24,974 INFO inference_run_large [rank 0] merged 4 rollouts → /AI4S/Users/howardwang/h204/ecophys/experiments/047_arch_tier_4_2_dyngraph/results_t42_dyngraph_seed1/inference_merged.json
2026-04-29 12:15:25,403 INFO inference_run_large [rank 0] rollout 4/4 seed=10003 took 58.5s
2026-04-29 12:15:25,406 INFO inference_run_large [rank 0] wrote /AI4S/Users/howardwang/h204/ecophys/experiments/047_arch_tier_4_2_dyngraph/results_t42_dyngraph_seed2/inference_rank_0.json
2026-04-29 12:15:25,410 INFO inference_run_large [rank 0] merged 4 rollouts → /AI4S/Users/howardwang/h204/ecophys/experiments/047_arch_tier_4_2_dyngraph/results_t42_dyngraph_seed2/inference_merged.json
  ✓ eval t42_dyngraph_seed0 243s (card 2)

═ EVAL  t42_dyngraph_seed8 (card 2) ═ 12:15:25
  ✓ eval t42_dyngraph_seed1 242s (card 3)

═ EVAL  t42_dyngraph_seed9 (card 3) ═ 12:15:25
2026-04-29 12:15:26,214 INFO inference_run_large [rank 0] rollout 4/4 seed=10003 took 58.5s
2026-04-29 12:15:26,217 INFO inference_run_large [rank 0] wrote /AI4S/Users/howardwang/h204/ecophys/experiments/047_arch_tier_4_2_dyngraph/results_t42_dyngraph_seed4/inference_rank_0.json
2026-04-29 12:15:26,221 INFO inference_run_large [rank 0] merged 4 rollouts → /AI4S/Users/howardwang/h204/ecophys/experiments/047_arch_tier_4_2_dyngraph/results_t42_dyngraph_seed4/inference_merged.json
  ✓ eval t42_dyngraph_seed2 243s (card 4)
2026-04-29 12:15:26,773 INFO inference_run_large [rank 0] rollout 4/4 seed=10003 took 58.6s
2026-04-29 12:15:26,776 INFO inference_run_large [rank 0] wrote /AI4S/Users/howardwang/h204/ecophys/experiments/047_arch_tier_4_2_dyngraph/results_t42_dyngraph_seed5/inference_rank_0.json
2026-04-29 12:15:26,780 INFO inference_run_large [rank 0] merged 4 rollouts → /AI4S/Users/howardwang/h204/ecophys/experiments/047_arch_tier_4_2_dyngraph/results_t42_dyngraph_seed5/inference_merged.json
  ✓ eval t42_dyngraph_seed4 243s (card 6)
  ✓ eval t42_dyngraph_seed5 241s (card 7)
2026-04-29 12:15:28,357 INFO inference_run_large [rank 0] rollout 4/4 seed=10003 took 59.2s
2026-04-29 12:15:28,360 INFO inference_run_large [rank 0] wrote /AI4S/Users/howardwang/h204/ecophys/experiments/047_arch_tier_4_2_dyngraph/results_t42_dyngraph_seed3/inference_rank_0.json
2026-04-29 12:15:28,363 INFO inference_run_large [rank 0] merged 4 rollouts → /AI4S/Users/howardwang/h204/ecophys/experiments/047_arch_tier_4_2_dyngraph/results_t42_dyngraph_seed3/inference_merged.json
2026-04-29 12:15:28,914 INFO inference_run_large [dist] world_size=1 cuda=True
2026-04-29 12:15:29,482 INFO inference_run_large [dist] world_size=1 cuda=True
2026-04-29 12:15:29,686 INFO inference_run_large loaded checkpoint iter=200 from /AI4S/Users/howardwang/h204/ecophys/experiments/047_arch_tier_4_2_dyngraph/results_t42_dyngraph_seed8/checkpoint.pt
  ✓ eval t42_dyngraph_seed3 245s (card 5)
2026-04-29 12:15:29,801 INFO inference_run_large loaded checkpoint iter=200 from /AI4S/Users/howardwang/h204/ecophys/experiments/047_arch_tier_4_2_dyngraph/results_t42_dyngraph_seed9/checkpoint.pt
2026-04-29 12:16:12,889 INFO inference_run_large [rank 0] rollout 1/4 seed=10000 took 59.3s
2026-04-29 12:16:13,012 INFO inference_run_large [rank 0] rollout 1/4 seed=10000 took 59.3s
2026-04-29 12:16:29,687 INFO inference_run_large [rank 0] rollout 1/4 seed=10000 took 59.0s
2026-04-29 12:16:29,688 INFO inference_run_large [rank 0] rollout 1/4 seed=10000 took 59.1s
2026-04-29 12:17:11,720 INFO inference_run_large [rank 0] rollout 2/4 seed=10001 took 58.8s
2026-04-29 12:17:11,835 INFO inference_run_large [rank 0] rollout 2/4 seed=10001 took 58.7s
2026-04-29 12:17:28,215 INFO inference_run_large [rank 0] rollout 2/4 seed=10001 took 58.4s
2026-04-29 12:17:28,363 INFO inference_run_large [rank 0] rollout 2/4 seed=10001 took 58.6s
2026-04-29 12:18:10,605 INFO inference_run_large [rank 0] rollout 3/4 seed=10002 took 58.8s
2026-04-29 12:18:10,758 INFO inference_run_large [rank 0] rollout 3/4 seed=10002 took 58.8s
2026-04-29 12:18:26,811 INFO inference_run_large [rank 0] rollout 3/4 seed=10002 took 58.5s
2026-04-29 12:18:27,067 INFO inference_run_large [rank 0] rollout 3/4 seed=10002 took 58.6s
2026-04-29 12:19:09,540 INFO inference_run_large [rank 0] rollout 4/4 seed=10003 took 58.9s
2026-04-29 12:19:09,544 INFO inference_run_large [rank 0] wrote /AI4S/Users/howardwang/h204/ecophys/experiments/047_arch_tier_4_2_dyngraph/results_t42_dyngraph_seed6/inference_rank_0.json
2026-04-29 12:19:09,548 INFO inference_run_large [rank 0] merged 4 rollouts → /AI4S/Users/howardwang/h204/ecophys/experiments/047_arch_tier_4_2_dyngraph/results_t42_dyngraph_seed6/inference_merged.json
2026-04-29 12:19:09,690 INFO inference_run_large [rank 0] rollout 4/4 seed=10003 took 58.8s
2026-04-29 12:19:09,694 INFO inference_run_large [rank 0] wrote /AI4S/Users/howardwang/h204/ecophys/experiments/047_arch_tier_4_2_dyngraph/results_t42_dyngraph_seed7/inference_rank_0.json
2026-04-29 12:19:09,698 INFO inference_run_large [rank 0] merged 4 rollouts → /AI4S/Users/howardwang/h204/ecophys/experiments/047_arch_tier_4_2_dyngraph/results_t42_dyngraph_seed7/inference_merged.json
  ✓ eval t42_dyngraph_seed6 242s (card 0)
  ✓ eval t42_dyngraph_seed7 242s (card 1)
2026-04-29 12:19:25,342 INFO inference_run_large [rank 0] rollout 4/4 seed=10003 took 58.5s
2026-04-29 12:19:25,345 INFO inference_run_large [rank 0] wrote /AI4S/Users/howardwang/h204/ecophys/experiments/047_arch_tier_4_2_dyngraph/results_t42_dyngraph_seed9/inference_rank_0.json
2026-04-29 12:19:25,349 INFO inference_run_large [rank 0] merged 4 rollouts → /AI4S/Users/howardwang/h204/ecophys/experiments/047_arch_tier_4_2_dyngraph/results_t42_dyngraph_seed9/inference_merged.json
2026-04-29 12:19:25,718 INFO inference_run_large [rank 0] rollout 4/4 seed=10003 took 58.6s
2026-04-29 12:19:25,721 INFO inference_run_large [rank 0] wrote /AI4S/Users/howardwang/h204/ecophys/experiments/047_arch_tier_4_2_dyngraph/results_t42_dyngraph_seed8/inference_rank_0.json
2026-04-29 12:19:25,725 INFO inference_run_large [rank 0] merged 4 rollouts → /AI4S/Users/howardwang/h204/ecophys/experiments/047_arch_tier_4_2_dyngraph/results_t42_dyngraph_seed8/inference_merged.json
  ✓ eval t42_dyngraph_seed9 241s (card 3)
  ✓ eval t42_dyngraph_seed8 241s (card 2)

═══ DONE — Wed Apr 29 12:19:26 PM CST 2026 ═══
