2026-04-29 12:24:54,259 INFO train_distributed [dist] rank=0 world_size=1 local_rank=0 cuda_available=True
2026-04-29 12:24:54,305 INFO train_distributed loaded 2,841 returns for spx/2015-2026_daily
2026-04-29 12:24:54,317 INFO train_distributed targets: acf_sq=0.342 leverage_sum=-0.790 hill_alpha=2.68
2026-04-29 12:24:55,591 INFO train_distributed EcoMDSimulator built: 47261 parameters (device=cuda:0)
2026-04-29 12:24:58,370 INFO train_distributed it=   0 lr=1.00e-04 loss_world=16.8605 |∇|=7.33e+03 γ=1.000 T=0.0500
2026-04-29 12:25:12,090 INFO train_distributed it=   9 lr=1.00e-03 loss_world=2.0578 |∇|=4.24e+01 γ=0.997 T=0.0501
2026-04-29 12:25:27,413 INFO train_distributed it=  19 lr=9.95e-04 loss_world=1.4062 |∇|=2.60e+03 γ=0.997 T=0.0502
2026-04-29 12:25:42,770 INFO train_distributed it=  29 lr=9.78e-04 loss_world=1.8923 |∇|=7.01e+01 γ=0.997 T=0.0502
2026-04-29 12:25:58,104 INFO train_distributed it=  39 lr=9.49e-04 loss_world=1.0357 |∇|=2.80e+00 γ=0.997 T=0.0502
2026-04-29 12:26:13,439 INFO train_distributed it=  49 lr=9.10e-04 loss_world=1.0477 |∇|=6.72e-02 γ=0.998 T=0.0503
2026-04-29 12:26:28,752 INFO train_distributed it=  59 lr=8.60e-04 loss_world=1.1857 |∇|=4.03e+00 γ=0.998 T=0.0504
2026-04-29 12:26:44,059 INFO train_distributed it=  69 lr=8.02e-04 loss_world=1.3335 |∇|=1.11e+00 γ=1.001 T=0.0507
2026-04-29 12:26:59,368 INFO train_distributed it=  79 lr=7.38e-04 loss_world=1.2884 |∇|=9.09e+00 γ=1.004 T=0.0510
2026-04-29 12:27:14,682 INFO train_distributed it=  89 lr=6.68e-04 loss_world=0.7197 |∇|=6.64e+00 γ=1.005 T=0.0511
2026-04-29 12:27:29,986 INFO train_distributed it=  99 lr=5.95e-04 loss_world=0.5363 |∇|=2.61e+00 γ=1.005 T=0.0511
2026-04-29 12:27:45,287 INFO train_distributed it= 109 lr=5.20e-04 loss_world=0.9505 |∇|=1.22e-01 γ=1.005 T=0.0510
2026-04-29 12:28:00,607 INFO train_distributed it= 119 lr=4.47e-04 loss_world=1.0018 |∇|=1.31e+00 γ=1.004 T=0.0509
2026-04-29 12:28:15,913 INFO train_distributed it= 129 lr=3.76e-04 loss_world=0.8505 |∇|=7.70e-01 γ=1.004 T=0.0508
2026-04-29 12:28:31,221 INFO train_distributed it= 139 lr=3.10e-04 loss_world=1.0405 |∇|=3.62e-01 γ=1.004 T=0.0508
2026-04-29 12:28:46,523 INFO train_distributed it= 149 lr=2.51e-04 loss_world=0.5849 |∇|=3.29e+00 γ=1.005 T=0.0509
2026-04-29 12:29:01,832 INFO train_distributed it= 159 lr=2.00e-04 loss_world=1.4809 |∇|=8.30e+01 γ=1.007 T=0.0509
2026-04-29 12:29:17,173 INFO train_distributed it= 169 lr=1.58e-04 loss_world=0.7739 |∇|=1.66e+00 γ=1.008 T=0.0510
2026-04-29 12:29:32,504 INFO train_distributed it= 179 lr=1.27e-04 loss_world=0.6775 |∇|=2.32e+00 γ=1.009 T=0.0510
2026-04-29 12:29:47,825 INFO train_distributed it= 189 lr=1.07e-04 loss_world=0.8308 |∇|=3.07e-01 γ=1.009 T=0.0511
2026-04-29 12:30:03,141 INFO train_distributed it= 199 lr=1.00e-04 loss_world=0.7795 |∇|=1.49e+01 γ=1.009 T=0.0510
2026-04-29 12:30:03,147 INFO train_distributed training finished in 307.6s (200 iters, world_size=1)
2026-04-29 12:30:03,147 INFO train_distributed [rank 0] peak HBM: alloc=9.41 GB, reserved=10.01 GB
2026-04-29 12:30:03,151 INFO train_distributed [rank 0] wrote experiments/048_arch_dyngraph_pairs/results_p_4_2__2_1_seed0/training_log.json
