2026-04-29 11:41:51,064 INFO train_distributed [dist] rank=0 world_size=1 local_rank=0 cuda_available=True
2026-04-29 11:41:51,109 INFO train_distributed loaded 2,841 returns for spx/2015-2026_daily
2026-04-29 11:41:51,118 INFO train_distributed targets: acf_sq=0.342 leverage_sum=-0.790 hill_alpha=2.68
2026-04-29 11:41:51,511 INFO train_distributed EcoMDSimulator built: 110044 parameters (device=cuda:0)
2026-04-29 11:41:52,996 INFO train_distributed it=   0 lr=1.00e-04 loss_world=1.0649 |∇|=5.39e-01 γ=1.000 T=0.0500
2026-04-29 11:41:55,907 INFO train_distributed it=   9 lr=1.00e-03 loss_world=0.9973 |∇|=1.53e+00 γ=1.003 T=0.0501
2026-04-29 11:41:59,160 INFO train_distributed it=  19 lr=9.95e-04 loss_world=0.7864 |∇|=9.09e-01 γ=1.011 T=0.0500
2026-04-29 11:42:02,382 INFO train_distributed it=  29 lr=9.78e-04 loss_world=0.8830 |∇|=8.22e-01 γ=1.011 T=0.0500
2026-04-29 11:42:05,597 INFO train_distributed it=  39 lr=9.49e-04 loss_world=1.1609 |∇|=1.53e+00 γ=1.008 T=0.0498
2026-04-29 11:42:08,737 INFO train_distributed it=  49 lr=9.10e-04 loss_world=0.8067 |∇|=2.73e+01 γ=1.014 T=0.0500
2026-04-29 11:42:11,945 INFO train_distributed it=  59 lr=8.60e-04 loss_world=0.7908 |∇|=1.81e+00 γ=1.017 T=0.0500
2026-04-29 11:42:15,055 INFO train_distributed it=  69 lr=8.02e-04 loss_world=1.1092 |∇|=2.25e+00 γ=1.018 T=0.0500
2026-04-29 11:42:18,186 INFO train_distributed it=  79 lr=7.38e-04 loss_world=1.1723 |∇|=2.70e+00 γ=1.018 T=0.0500
2026-04-29 11:42:21,290 INFO train_distributed it=  89 lr=6.68e-04 loss_world=1.3582 |∇|=3.72e+00 γ=1.018 T=0.0500
2026-04-29 11:42:24,393 INFO train_distributed it=  99 lr=5.95e-04 loss_world=0.5368 |∇|=1.14e+00 γ=1.018 T=0.0499
2026-04-29 11:42:27,493 INFO train_distributed it= 109 lr=5.20e-04 loss_world=0.7714 |∇|=2.08e+00 γ=1.018 T=0.0499
2026-04-29 11:42:30,645 INFO train_distributed it= 119 lr=4.47e-04 loss_world=0.9805 |∇|=1.72e+00 γ=1.018 T=0.0499
2026-04-29 11:42:33,791 INFO train_distributed it= 129 lr=3.76e-04 loss_world=0.7489 |∇|=2.95e+00 γ=1.019 T=0.0500
2026-04-29 11:42:36,940 INFO train_distributed it= 139 lr=3.10e-04 loss_world=0.7968 |∇|=2.46e+00 γ=1.019 T=0.0500
2026-04-29 11:42:40,056 INFO train_distributed it= 149 lr=2.51e-04 loss_world=1.8389 |∇|=5.04e+00 γ=1.021 T=0.0501
2026-04-29 11:42:43,163 INFO train_distributed it= 159 lr=2.00e-04 loss_world=0.6935 |∇|=5.17e+00 γ=1.023 T=0.0501
2026-04-29 11:42:46,252 INFO train_distributed it= 169 lr=1.58e-04 loss_world=0.4528 |∇|=2.96e+01 γ=1.024 T=0.0501
2026-04-29 11:42:49,349 INFO train_distributed it= 179 lr=1.27e-04 loss_world=1.0324 |∇|=1.93e+00 γ=1.024 T=0.0501
2026-04-29 11:42:52,534 INFO train_distributed it= 189 lr=1.07e-04 loss_world=1.4402 |∇|=6.95e+00 γ=1.025 T=0.0501
2026-04-29 11:42:55,633 INFO train_distributed it= 199 lr=1.00e-04 loss_world=0.8211 |∇|=1.55e+00 γ=1.025 T=0.0501
2026-04-29 11:42:55,641 INFO train_distributed training finished in 64.1s (200 iters, world_size=1)
2026-04-29 11:42:55,641 INFO train_distributed [rank 0] peak HBM: alloc=0.60 GB, reserved=0.79 GB
2026-04-29 11:42:55,643 INFO train_distributed [rank 0] wrote experiments/046_arch_megnet_pairs/results_p_4_1__3_1_seed4/training_log.json
