2026-04-29 11:16:04,174 INFO train_distributed [dist] rank=0 world_size=1 local_rank=0 cuda_available=True
2026-04-29 11:16:04,217 INFO train_distributed loaded 2,841 returns for spx/2015-2026_daily
2026-04-29 11:16:04,224 INFO train_distributed targets: acf_sq=0.342 leverage_sum=-0.790 hill_alpha=2.68
2026-04-29 11:16:06,100 INFO train_distributed EcoMDSimulator built: 34780 parameters (device=cuda:0)
2026-04-29 11:16:08,502 INFO train_distributed it=   0 lr=1.00e-04 loss_world=1316.5596 |∇|=3.21e+06 γ=1.000 T=0.0500
2026-04-29 11:16:18,409 INFO train_distributed it=   9 lr=1.00e-03 loss_world=6.6633 |∇|=3.02e+02 γ=0.997 T=0.0501
2026-04-29 11:16:29,543 INFO train_distributed it=  19 lr=9.95e-04 loss_world=0.6158 |∇|=2.39e+02 γ=0.991 T=0.0501
2026-04-29 11:16:40,703 INFO train_distributed it=  29 lr=9.78e-04 loss_world=0.9523 |∇|=3.21e+02 γ=0.988 T=0.0501
2026-04-29 11:16:51,858 INFO train_distributed it=  39 lr=9.49e-04 loss_world=6.8362 |∇|=8.15e+02 γ=0.986 T=0.0501
2026-04-29 11:17:03,012 INFO train_distributed it=  49 lr=9.10e-04 loss_world=1.0137 |∇|=3.09e+02 γ=0.985 T=0.0501
2026-04-29 11:17:14,168 INFO train_distributed it=  59 lr=8.60e-04 loss_world=1.3341 |∇|=1.80e+02 γ=0.984 T=0.0500
2026-04-29 11:17:25,313 INFO train_distributed it=  69 lr=8.02e-04 loss_world=1.4778 |∇|=1.07e+02 γ=0.983 T=0.0499
2026-04-29 11:17:36,459 INFO train_distributed it=  79 lr=7.38e-04 loss_world=1.0037 |∇|=2.41e+02 γ=0.983 T=0.0498
2026-04-29 11:17:47,606 INFO train_distributed it=  89 lr=6.68e-04 loss_world=1.2578 |∇|=9.16e+01 γ=0.983 T=0.0498
2026-04-29 11:17:58,753 INFO train_distributed it=  99 lr=5.95e-04 loss_world=1.0422 |∇|=1.20e+02 γ=0.984 T=0.0498
2026-04-29 11:18:09,905 INFO train_distributed it= 109 lr=5.20e-04 loss_world=1.1077 |∇|=4.16e+02 γ=0.984 T=0.0498
2026-04-29 11:18:21,068 INFO train_distributed it= 119 lr=4.47e-04 loss_world=1.1336 |∇|=1.17e+02 γ=0.984 T=0.0498
2026-04-29 11:18:32,249 INFO train_distributed it= 129 lr=3.76e-04 loss_world=1.5904 |∇|=1.25e+02 γ=0.984 T=0.0499
2026-04-29 11:18:43,402 INFO train_distributed it= 139 lr=3.10e-04 loss_world=0.9486 |∇|=2.36e+02 γ=0.985 T=0.0499
2026-04-29 11:18:54,564 INFO train_distributed it= 149 lr=2.51e-04 loss_world=1.4071 |∇|=5.30e+02 γ=0.985 T=0.0499
2026-04-29 11:19:05,712 INFO train_distributed it= 159 lr=2.00e-04 loss_world=18.0707 |∇|=3.58e+03 γ=0.985 T=0.0499
2026-04-29 11:19:16,857 INFO train_distributed it= 169 lr=1.58e-04 loss_world=1.4481 |∇|=1.98e+02 γ=0.985 T=0.0499
2026-04-29 11:19:28,000 INFO train_distributed it= 179 lr=1.27e-04 loss_world=7.5981 |∇|=4.63e+03 γ=0.985 T=0.0499
2026-04-29 11:19:39,181 INFO train_distributed it= 189 lr=1.07e-04 loss_world=0.8627 |∇|=3.57e+02 γ=0.985 T=0.0499
2026-04-29 11:19:50,377 INFO train_distributed it= 199 lr=1.00e-04 loss_world=1.0640 |∇|=2.09e+02 γ=0.985 T=0.0499
2026-04-29 11:19:50,385 INFO train_distributed training finished in 224.3s (200 iters, world_size=1)
2026-04-29 11:19:50,385 INFO train_distributed [rank 0] peak HBM: alloc=7.09 GB, reserved=7.68 GB
2026-04-29 11:19:50,389 INFO train_distributed [rank 0] wrote experiments/045_arch_tier_4_1_megnet/results_t41_megnet_ext_only_seed3/training_log.json
