2026-04-29 16:46:21,640 INFO train_distributed [dist] rank=0 world_size=1 local_rank=0 cuda_available=True
2026-04-29 16:46:21,685 INFO train_distributed loaded 2,841 returns for spx/2015-2026_daily
2026-04-29 16:46:21,693 INFO train_distributed targets: acf_sq=0.342 leverage_sum=-0.790 hill_alpha=2.68
2026-04-29 16:46:22,505 INFO train_distributed EcoMDSimulator built: 108136 parameters (device=cuda:0)
2026-04-29 16:46:24,046 INFO train_distributed it=   0 lr=1.00e-04 loss_world=1.1343 |∇|=1.30e+00 γ=1.000 T=0.0500
2026-04-29 16:46:26,916 INFO train_distributed it=   9 lr=1.00e-03 loss_world=0.8168 |∇|=5.44e+00 γ=1.002 T=0.0500
2026-04-29 16:46:30,250 INFO train_distributed it=  19 lr=9.95e-04 loss_world=0.9126 |∇|=2.69e+00 γ=1.006 T=0.0503
2026-04-29 16:46:33,591 INFO train_distributed it=  29 lr=9.78e-04 loss_world=0.5897 |∇|=2.20e+01 γ=1.007 T=0.0505
2026-04-29 16:46:36,807 INFO train_distributed it=  39 lr=9.49e-04 loss_world=0.8550 |∇|=9.84e-01 γ=1.011 T=0.0506
2026-04-29 16:46:40,029 INFO train_distributed it=  49 lr=9.10e-04 loss_world=0.8311 |∇|=6.87e+00 γ=1.013 T=0.0507
2026-04-29 16:46:43,232 INFO train_distributed it=  59 lr=8.60e-04 loss_world=0.8088 |∇|=3.50e+00 γ=1.011 T=0.0505
2026-04-29 16:46:46,426 INFO train_distributed it=  69 lr=8.02e-04 loss_world=0.9121 |∇|=2.68e+00 γ=1.011 T=0.0505
2026-04-29 16:46:49,623 INFO train_distributed it=  79 lr=7.38e-04 loss_world=1.0041 |∇|=2.96e+00 γ=1.013 T=0.0505
2026-04-29 16:46:52,814 INFO train_distributed it=  89 lr=6.68e-04 loss_world=1.0960 |∇|=9.10e+00 γ=1.014 T=0.0505
2026-04-29 16:46:56,005 INFO train_distributed it=  99 lr=5.95e-04 loss_world=0.7915 |∇|=3.21e-01 γ=1.016 T=0.0507
2026-04-29 16:46:59,251 INFO train_distributed it= 109 lr=5.20e-04 loss_world=0.7846 |∇|=3.01e+00 γ=1.016 T=0.0506
2026-04-29 16:47:02,452 INFO train_distributed it= 119 lr=4.47e-04 loss_world=1.2656 |∇|=1.48e+00 γ=1.014 T=0.0505
2026-04-29 16:47:05,653 INFO train_distributed it= 129 lr=3.76e-04 loss_world=0.7429 |∇|=2.99e+00 γ=1.014 T=0.0505
2026-04-29 16:47:08,847 INFO train_distributed it= 139 lr=3.10e-04 loss_world=1.1228 |∇|=4.60e+00 γ=1.015 T=0.0506
2026-04-29 16:47:12,053 INFO train_distributed it= 149 lr=2.51e-04 loss_world=0.9162 |∇|=9.35e-01 γ=1.015 T=0.0506
2026-04-29 16:47:15,249 INFO train_distributed it= 159 lr=2.00e-04 loss_world=1.2627 |∇|=1.66e+00 γ=1.016 T=0.0507
2026-04-29 16:47:18,449 INFO train_distributed it= 169 lr=1.58e-04 loss_world=1.0361 |∇|=1.48e+00 γ=1.016 T=0.0507
2026-04-29 16:47:21,635 INFO train_distributed it= 179 lr=1.27e-04 loss_world=0.9963 |∇|=3.07e+00 γ=1.015 T=0.0506
2026-04-29 16:47:24,835 INFO train_distributed it= 189 lr=1.07e-04 loss_world=1.4186 |∇|=3.73e+00 γ=1.015 T=0.0506
2026-04-29 16:47:28,089 INFO train_distributed it= 199 lr=1.00e-04 loss_world=0.9434 |∇|=2.05e+00 γ=1.015 T=0.0506
2026-04-29 16:47:28,096 INFO train_distributed training finished in 65.6s (200 iters, world_size=1)
2026-04-29 16:47:28,097 INFO train_distributed [rank 0] peak HBM: alloc=0.61 GB, reserved=0.82 GB
2026-04-29 16:47:28,100 INFO train_distributed [rank 0] wrote experiments/044_arch_all_stacked/results_stack_with_isab_seed1/training_log.json
