2026-04-29 12:19:31,685 INFO train_distributed [dist] rank=0 world_size=1 local_rank=0 cuda_available=True
2026-04-29 12:19:31,730 INFO train_distributed loaded 2,841 returns for spx/2015-2026_daily
2026-04-29 12:19:31,751 INFO train_distributed targets: acf_sq=0.342 leverage_sum=-0.790 hill_alpha=2.68
2026-04-29 12:19:35,555 INFO train_distributed EcoMDSimulator built: 47453 parameters (device=cuda:0)
2026-04-29 12:19:38,518 INFO train_distributed it=   0 lr=1.00e-04 loss_world=1.9679 |∇|=3.01e+01 γ=1.000 T=0.0500
2026-04-29 12:19:53,737 INFO train_distributed it=   9 lr=1.00e-03 loss_world=1.9577 |∇|=3.89e+00 γ=0.995 T=0.0501
2026-04-29 12:20:10,604 INFO train_distributed it=  19 lr=9.95e-04 loss_world=nan |∇|=nan γ=nan T=nan
2026-04-29 12:20:27,454 INFO train_distributed it=  29 lr=9.78e-04 loss_world=nan |∇|=nan γ=nan T=nan
2026-04-29 12:20:44,305 INFO train_distributed it=  39 lr=9.49e-04 loss_world=nan |∇|=nan γ=nan T=nan
2026-04-29 12:21:01,159 INFO train_distributed it=  49 lr=9.10e-04 loss_world=nan |∇|=nan γ=nan T=nan
2026-04-29 12:21:18,017 INFO train_distributed it=  59 lr=8.60e-04 loss_world=nan |∇|=nan γ=nan T=nan
2026-04-29 12:21:34,864 INFO train_distributed it=  69 lr=8.02e-04 loss_world=nan |∇|=nan γ=nan T=nan
2026-04-29 12:21:51,711 INFO train_distributed it=  79 lr=7.38e-04 loss_world=nan |∇|=nan γ=nan T=nan
2026-04-29 12:22:08,580 INFO train_distributed it=  89 lr=6.68e-04 loss_world=nan |∇|=nan γ=nan T=nan
2026-04-29 12:22:25,433 INFO train_distributed it=  99 lr=5.95e-04 loss_world=nan |∇|=nan γ=nan T=nan
2026-04-29 12:22:42,282 INFO train_distributed it= 109 lr=5.20e-04 loss_world=nan |∇|=nan γ=nan T=nan
2026-04-29 12:22:59,133 INFO train_distributed it= 119 lr=4.47e-04 loss_world=nan |∇|=nan γ=nan T=nan
2026-04-29 12:23:15,995 INFO train_distributed it= 129 lr=3.76e-04 loss_world=nan |∇|=nan γ=nan T=nan
2026-04-29 12:23:32,846 INFO train_distributed it= 139 lr=3.10e-04 loss_world=nan |∇|=nan γ=nan T=nan
2026-04-29 12:23:49,695 INFO train_distributed it= 149 lr=2.51e-04 loss_world=nan |∇|=nan γ=nan T=nan
2026-04-29 12:24:06,552 INFO train_distributed it= 159 lr=2.00e-04 loss_world=nan |∇|=nan γ=nan T=nan
2026-04-29 12:24:23,401 INFO train_distributed it= 169 lr=1.58e-04 loss_world=nan |∇|=nan γ=nan T=nan
2026-04-29 12:24:40,257 INFO train_distributed it= 179 lr=1.27e-04 loss_world=nan |∇|=nan γ=nan T=nan
2026-04-29 12:24:57,123 INFO train_distributed it= 189 lr=1.07e-04 loss_world=nan |∇|=nan γ=nan T=nan
2026-04-29 12:25:13,975 INFO train_distributed it= 199 lr=1.00e-04 loss_world=nan |∇|=nan γ=nan T=nan
2026-04-29 12:25:13,982 INFO train_distributed training finished in 338.4s (200 iters, world_size=1)
2026-04-29 12:25:13,982 INFO train_distributed [rank 0] peak HBM: alloc=9.73 GB, reserved=10.35 GB
2026-04-29 12:25:13,984 INFO train_distributed [rank 0] wrote experiments/048_arch_dyngraph_pairs/results_p_4_2__1_3_seed1/training_log.json
