2026-04-29 12:02:09,913 INFO train_distributed [dist] rank=0 world_size=1 local_rank=0 cuda_available=True
2026-04-29 12:02:09,958 INFO train_distributed loaded 2,841 returns for spx/2015-2026_daily
2026-04-29 12:02:09,965 INFO train_distributed targets: acf_sq=0.342 leverage_sum=-0.790 hill_alpha=2.68
2026-04-29 12:02:10,264 INFO train_distributed EcoMDSimulator built: 47261 parameters (device=cuda:0)
2026-04-29 12:02:13,007 INFO train_distributed it=   0 lr=1.00e-04 loss_world=2.7622 |∇|=6.04e+02 γ=1.000 T=0.0500
2026-04-29 12:02:26,933 INFO train_distributed it=   9 lr=1.00e-03 loss_world=2.0515 |∇|=1.29e+02 γ=1.001 T=0.0501
2026-04-29 12:02:42,513 INFO train_distributed it=  19 lr=9.95e-04 loss_world=4.1161 |∇|=4.58e+02 γ=1.003 T=0.0502
2026-04-29 12:02:58,145 INFO train_distributed it=  29 lr=9.78e-04 loss_world=2.0590 |∇|=3.36e+01 γ=1.008 T=0.0501
2026-04-29 12:03:13,825 INFO train_distributed it=  39 lr=9.49e-04 loss_world=2.1265 |∇|=4.00e+01 γ=1.011 T=0.0501
2026-04-29 12:03:29,506 INFO train_distributed it=  49 lr=9.10e-04 loss_world=18.0723 |∇|=3.04e+03 γ=1.012 T=0.0500
2026-04-29 12:03:45,195 INFO train_distributed it=  59 lr=8.60e-04 loss_world=1.8949 |∇|=4.87e+01 γ=1.013 T=0.0501
2026-04-29 12:04:00,835 INFO train_distributed it=  69 lr=8.02e-04 loss_world=12.4642 |∇|=2.21e+03 γ=1.012 T=0.0502
2026-04-29 12:04:16,390 INFO train_distributed it=  79 lr=7.38e-04 loss_world=17.3244 |∇|=2.92e+04 γ=1.011 T=0.0503
2026-04-29 12:04:31,907 INFO train_distributed it=  89 lr=6.68e-04 loss_world=7.6993 |∇|=3.17e+03 γ=1.010 T=0.0503
2026-04-29 12:04:47,424 INFO train_distributed it=  99 lr=5.95e-04 loss_world=8.0491 |∇|=1.23e+04 γ=1.008 T=0.0503
2026-04-29 12:05:02,979 INFO train_distributed it= 109 lr=5.20e-04 loss_world=2.5145 |∇|=2.64e+02 γ=1.006 T=0.0503
2026-04-29 12:05:18,545 INFO train_distributed it= 119 lr=4.47e-04 loss_world=10.6983 |∇|=3.17e+04 γ=1.006 T=0.0503
2026-04-29 12:05:34,134 INFO train_distributed it= 129 lr=3.76e-04 loss_world=59.7977 |∇|=4.42e+05 γ=1.007 T=0.0503
2026-04-29 12:05:49,713 INFO train_distributed it= 139 lr=3.10e-04 loss_world=0.7985 |∇|=1.01e+04 γ=1.007 T=0.0503
2026-04-29 12:06:05,220 INFO train_distributed it= 149 lr=2.51e-04 loss_world=0.6362 |∇|=5.66e+03 γ=1.007 T=0.0503
2026-04-29 12:06:20,711 INFO train_distributed it= 159 lr=2.00e-04 loss_world=1.9944 |∇|=3.86e+02 γ=1.007 T=0.0503
2026-04-29 12:06:36,158 INFO train_distributed it= 169 lr=1.58e-04 loss_world=2.5055 |∇|=1.25e+03 γ=1.007 T=0.0503
2026-04-29 12:06:51,580 INFO train_distributed it= 179 lr=1.27e-04 loss_world=9.0849 |∇|=1.90e+04 γ=1.007 T=0.0503
2026-04-29 12:07:07,028 INFO train_distributed it= 189 lr=1.07e-04 loss_world=1.2409 |∇|=8.24e+02 γ=1.007 T=0.0503
2026-04-29 12:07:22,504 INFO train_distributed it= 199 lr=1.00e-04 loss_world=1.7121 |∇|=2.05e+03 γ=1.007 T=0.0503
2026-04-29 12:07:22,511 INFO train_distributed training finished in 312.2s (200 iters, world_size=1)
2026-04-29 12:07:22,511 INFO train_distributed [rank 0] peak HBM: alloc=9.41 GB, reserved=10.01 GB
2026-04-29 12:07:22,514 INFO train_distributed [rank 0] wrote experiments/047_arch_tier_4_2_dyngraph/results_t42_dyngraph_seed7/training_log.json
