2026-04-29 17:23:13,018 INFO train_distributed [dist] rank=0 world_size=1 local_rank=0 cuda_available=True
2026-04-29 17:23:13,064 INFO train_distributed loaded 2,841 returns for spx/2015-2026_daily
2026-04-29 17:23:13,072 INFO train_distributed targets: acf_sq=0.342 leverage_sum=-0.790 hill_alpha=2.68
2026-04-29 17:23:13,339 INFO train_distributed EcoMDSimulator built: 47709 parameters (device=cuda:0)
2026-04-29 17:23:17,554 INFO train_distributed it=   0 lr=1.00e-04 loss_world=2.3382 |∇|=1.40e+01 γ=1.000 T=0.0500
2026-04-29 17:23:44,193 INFO train_distributed it=   9 lr=1.00e-03 loss_world=9.1983 |∇|=1.70e+03 γ=1.002 T=0.0501
2026-04-29 17:24:13,795 INFO train_distributed it=  19 lr=9.95e-04 loss_world=8.7932 |∇|=5.48e+02 γ=1.001 T=0.0500
2026-04-29 17:24:43,411 INFO train_distributed it=  29 lr=9.78e-04 loss_world=2.3026 |∇|=5.32e+01 γ=0.995 T=0.0500
2026-04-29 17:25:13,027 INFO train_distributed it=  39 lr=9.49e-04 loss_world=2.2508 |∇|=1.86e+01 γ=0.992 T=0.0504
2026-04-29 17:25:42,649 INFO train_distributed it=  49 lr=9.10e-04 loss_world=0.7412 |∇|=7.50e+02 γ=0.991 T=0.0507
2026-04-29 17:26:12,278 INFO train_distributed it=  59 lr=8.60e-04 loss_world=1.4306 |∇|=1.01e+02 γ=0.990 T=0.0509
2026-04-29 17:26:41,904 INFO train_distributed it=  69 lr=8.02e-04 loss_world=2.4840 |∇|=5.87e+02 γ=0.990 T=0.0511
2026-04-29 17:27:11,526 INFO train_distributed it=  79 lr=7.38e-04 loss_world=1.9215 |∇|=2.33e+01 γ=0.988 T=0.0515
2026-04-29 17:27:41,152 INFO train_distributed it=  89 lr=6.68e-04 loss_world=1.0373 |∇|=4.06e+01 γ=0.984 T=0.0517
2026-04-29 17:28:10,766 INFO train_distributed it=  99 lr=5.95e-04 loss_world=1.2162 |∇|=4.27e+01 γ=0.986 T=0.0518
2026-04-29 17:28:40,374 INFO train_distributed it= 109 lr=5.20e-04 loss_world=1.0407 |∇|=2.04e+02 γ=0.988 T=0.0519
2026-04-29 17:29:09,975 INFO train_distributed it= 119 lr=4.47e-04 loss_world=1.4416 |∇|=2.80e+02 γ=0.988 T=0.0519
2026-04-29 17:29:39,583 INFO train_distributed it= 129 lr=3.76e-04 loss_world=0.9961 |∇|=1.75e+02 γ=0.986 T=0.0520
2026-04-29 17:30:09,195 INFO train_distributed it= 139 lr=3.10e-04 loss_world=0.9085 |∇|=5.55e+01 γ=0.985 T=0.0521
2026-04-29 17:30:38,811 INFO train_distributed it= 149 lr=2.51e-04 loss_world=0.6543 |∇|=2.21e+01 γ=0.984 T=0.0521
2026-04-29 17:31:08,418 INFO train_distributed it= 159 lr=2.00e-04 loss_world=0.8710 |∇|=2.18e+02 γ=0.984 T=0.0522
2026-04-29 17:31:38,017 INFO train_distributed it= 169 lr=1.58e-04 loss_world=0.9394 |∇|=3.12e+02 γ=0.983 T=0.0522
2026-04-29 17:32:07,628 INFO train_distributed it= 179 lr=1.27e-04 loss_world=1.4468 |∇|=9.85e+02 γ=0.983 T=0.0523
2026-04-29 17:32:37,235 INFO train_distributed it= 189 lr=1.07e-04 loss_world=1.1018 |∇|=2.49e+02 γ=0.983 T=0.0523
2026-04-29 17:33:06,838 INFO train_distributed it= 199 lr=1.00e-04 loss_world=0.8916 |∇|=1.02e+02 γ=0.983 T=0.0523
2026-04-29 17:33:06,845 INFO train_distributed training finished in 593.5s (200 iters, world_size=1)
2026-04-29 17:33:06,845 INFO train_distributed [rank 0] peak HBM: alloc=12.09 GB, reserved=12.55 GB
2026-04-29 17:33:06,848 INFO train_distributed [rank 0] wrote experiments/047_arch_tier_4_2_dyngraph/results_t42_dyngraph_seed7/training_log.json
