2026-04-29 12:25:18,612 INFO train_distributed [dist] rank=0 world_size=1 local_rank=0 cuda_available=True
2026-04-29 12:25:18,655 INFO train_distributed loaded 2,841 returns for spx/2015-2026_daily
2026-04-29 12:25:18,662 INFO train_distributed targets: acf_sq=0.342 leverage_sum=-0.790 hill_alpha=2.68
2026-04-29 12:25:19,360 INFO train_distributed EcoMDSimulator built: 47261 parameters (device=cuda:0)
2026-04-29 12:25:22,170 INFO train_distributed it=   0 lr=1.00e-04 loss_world=159.9645 |∇|=3.34e+05 γ=1.000 T=0.0500
2026-04-29 12:25:36,206 INFO train_distributed it=   9 lr=1.00e-03 loss_world=2.6010 |∇|=5.89e+01 γ=0.996 T=0.0499
2026-04-29 12:25:51,929 INFO train_distributed it=  19 lr=9.95e-04 loss_world=1.3158 |∇|=2.26e+01 γ=0.992 T=0.0499
2026-04-29 12:26:07,647 INFO train_distributed it=  29 lr=9.78e-04 loss_world=1.2085 |∇|=6.22e+01 γ=0.991 T=0.0499
2026-04-29 12:26:23,346 INFO train_distributed it=  39 lr=9.49e-04 loss_world=1.2395 |∇|=1.59e+01 γ=0.990 T=0.0499
2026-04-29 12:26:39,044 INFO train_distributed it=  49 lr=9.10e-04 loss_world=1.1568 |∇|=1.31e+01 γ=0.990 T=0.0499
2026-04-29 12:26:54,744 INFO train_distributed it=  59 lr=8.60e-04 loss_world=1.1412 |∇|=2.02e+01 γ=0.990 T=0.0499
2026-04-29 12:27:10,444 INFO train_distributed it=  69 lr=8.02e-04 loss_world=10.7474 |∇|=3.05e+04 γ=0.989 T=0.0499
2026-04-29 12:27:26,133 INFO train_distributed it=  79 lr=7.38e-04 loss_world=1.7576 |∇|=4.21e+01 γ=0.988 T=0.0498
2026-04-29 12:27:41,764 INFO train_distributed it=  89 lr=6.68e-04 loss_world=0.7945 |∇|=4.63e+00 γ=0.987 T=0.0497
2026-04-29 12:27:57,063 INFO train_distributed it=  99 lr=5.95e-04 loss_world=0.9014 |∇|=1.71e+00 γ=0.989 T=0.0495
2026-04-29 12:28:12,352 INFO train_distributed it= 109 lr=5.20e-04 loss_world=1.0030 |∇|=1.06e+00 γ=0.990 T=0.0496
2026-04-29 12:28:27,633 INFO train_distributed it= 119 lr=4.47e-04 loss_world=1.6281 |∇|=1.35e+00 γ=0.991 T=0.0496
2026-04-29 12:28:42,915 INFO train_distributed it= 129 lr=3.76e-04 loss_world=0.7133 |∇|=4.28e+00 γ=0.992 T=0.0497
2026-04-29 12:28:58,194 INFO train_distributed it= 139 lr=3.10e-04 loss_world=0.8089 |∇|=4.65e+00 γ=0.992 T=0.0497
2026-04-29 12:29:13,490 INFO train_distributed it= 149 lr=2.51e-04 loss_world=0.6944 |∇|=1.95e+00 γ=0.992 T=0.0496
2026-04-29 12:29:28,782 INFO train_distributed it= 159 lr=2.00e-04 loss_world=0.7325 |∇|=1.61e+00 γ=0.991 T=0.0496
2026-04-29 12:29:44,069 INFO train_distributed it= 169 lr=1.58e-04 loss_world=1.4955 |∇|=5.15e+00 γ=0.991 T=0.0496
2026-04-29 12:29:59,362 INFO train_distributed it= 179 lr=1.27e-04 loss_world=1.0778 |∇|=4.18e-01 γ=0.991 T=0.0496
2026-04-29 12:30:14,651 INFO train_distributed it= 189 lr=1.07e-04 loss_world=1.3838 |∇|=2.45e+00 γ=0.991 T=0.0496
2026-04-29 12:30:29,941 INFO train_distributed it= 199 lr=1.00e-04 loss_world=0.5789 |∇|=2.57e+00 γ=0.991 T=0.0496
2026-04-29 12:30:29,948 INFO train_distributed training finished in 310.6s (200 iters, world_size=1)
2026-04-29 12:30:29,948 INFO train_distributed [rank 0] peak HBM: alloc=9.41 GB, reserved=10.01 GB
2026-04-29 12:30:29,951 INFO train_distributed [rank 0] wrote experiments/048_arch_dyngraph_pairs/results_p_4_2__2_1_seed3/training_log.json
