2026-04-28 18:12:15,577 INFO train_distributed [dist] rank=0 world_size=1 local_rank=0 cuda_available=True
2026-04-28 18:12:15,622 INFO train_distributed loaded 2,841 returns for spx/2015-2026_daily
2026-04-28 18:12:15,630 INFO train_distributed targets: acf_sq=0.342 leverage_sum=-0.790 hill_alpha=2.68
2026-04-28 18:12:16,365 INFO train_distributed EcoMDSimulator built: 34408 parameters (device=cuda:0)
2026-04-28 18:12:18,756 INFO train_distributed it=   0 lr=1.00e-04 loss_world=48.3639 |∇|=2.53e+04 γ=1.000 T=0.0500
2026-04-28 18:12:28,801 INFO train_distributed it=   9 lr=1.00e-03 loss_world=2.8961 |∇|=6.70e+01 γ=0.996 T=0.0500
2026-04-28 18:12:40,036 INFO train_distributed it=  19 lr=9.95e-04 loss_world=3.3554 |∇|=4.34e+02 γ=0.988 T=0.0499
2026-04-28 18:12:51,246 INFO train_distributed it=  29 lr=9.78e-04 loss_world=8.9110 |∇|=9.22e+02 γ=0.981 T=0.0499
2026-04-28 18:13:02,441 INFO train_distributed it=  39 lr=9.49e-04 loss_world=3.2218 |∇|=6.73e+02 γ=0.974 T=0.0499
2026-04-28 18:13:13,632 INFO train_distributed it=  49 lr=9.10e-04 loss_world=2.5760 |∇|=1.82e+02 γ=0.968 T=0.0499
2026-04-28 18:13:24,822 INFO train_distributed it=  59 lr=8.60e-04 loss_world=1.7399 |∇|=3.19e+03 γ=0.961 T=0.0499
2026-04-28 18:13:36,004 INFO train_distributed it=  69 lr=8.02e-04 loss_world=5.4967 |∇|=1.81e+03 γ=0.958 T=0.0499
2026-04-28 18:13:47,192 INFO train_distributed it=  79 lr=7.38e-04 loss_world=7.0606 |∇|=2.17e+03 γ=0.955 T=0.0498
2026-04-28 18:13:58,378 INFO train_distributed it=  89 lr=6.68e-04 loss_world=2.5610 |∇|=6.66e+02 γ=0.952 T=0.0498
2026-04-28 18:14:09,565 INFO train_distributed it=  99 lr=5.95e-04 loss_world=2.6538 |∇|=6.89e+02 γ=0.950 T=0.0498
2026-04-28 18:14:20,752 INFO train_distributed it= 109 lr=5.20e-04 loss_world=5.7058 |∇|=3.58e+03 γ=0.949 T=0.0498
2026-04-28 18:14:31,937 INFO train_distributed it= 119 lr=4.47e-04 loss_world=5.8964 |∇|=4.94e+03 γ=0.948 T=0.0498
2026-04-28 18:14:43,114 INFO train_distributed it= 129 lr=3.76e-04 loss_world=14.9869 |∇|=1.12e+04 γ=0.948 T=0.0498
2026-04-28 18:14:54,298 INFO train_distributed it= 139 lr=3.10e-04 loss_world=33.0138 |∇|=1.42e+04 γ=0.947 T=0.0498
2026-04-28 18:15:05,489 INFO train_distributed it= 149 lr=2.51e-04 loss_world=21.6392 |∇|=9.88e+03 γ=0.946 T=0.0498
2026-04-28 18:15:16,668 INFO train_distributed it= 159 lr=2.00e-04 loss_world=94.5098 |∇|=3.71e+04 γ=0.945 T=0.0499
2026-04-28 18:15:27,847 INFO train_distributed it= 169 lr=1.58e-04 loss_world=467.2106 |∇|=3.15e+05 γ=0.944 T=0.0499
2026-04-28 18:15:39,026 INFO train_distributed it= 179 lr=1.27e-04 loss_world=491.9967 |∇|=2.84e+05 γ=0.943 T=0.0499
2026-04-28 18:15:50,199 INFO train_distributed it= 189 lr=1.07e-04 loss_world=1546.9854 |∇|=1.71e+06 γ=0.941 T=0.0499
2026-04-28 18:16:01,385 INFO train_distributed it= 199 lr=1.00e-04 loss_world=1948.3721 |∇|=2.53e+06 γ=0.941 T=0.0499
2026-04-28 18:16:01,391 INFO train_distributed training finished in 225.0s (200 iters, world_size=1)
2026-04-28 18:16:01,391 INFO train_distributed [rank 0] peak HBM: alloc=7.10 GB, reserved=7.69 GB
2026-04-28 18:16:01,394 INFO train_distributed [rank 0] wrote experiments/037_arch_tier_1_1_memory/results_t11_memory_seed8/training_log.json
