2026-04-29 11:23:49,589 INFO train_distributed [dist] rank=0 world_size=1 local_rank=0 cuda_available=True
2026-04-29 11:23:49,634 INFO train_distributed loaded 2,841 returns for spx/2015-2026_daily
2026-04-29 11:23:49,641 INFO train_distributed targets: acf_sq=0.342 leverage_sum=-0.790 hill_alpha=2.68
2026-04-29 11:23:50,418 INFO train_distributed EcoMDSimulator built: 36316 parameters (device=cuda:0)
2026-04-29 11:23:52,829 INFO train_distributed it=   0 lr=1.00e-04 loss_world=18.2516 |∇|=2.99e+03 γ=1.000 T=0.0500
2026-04-29 11:24:03,381 INFO train_distributed it=   9 lr=1.00e-03 loss_world=1.0530 |∇|=3.67e+01 γ=1.000 T=0.0499
2026-04-29 11:24:15,178 INFO train_distributed it=  19 lr=9.95e-04 loss_world=1.4257 |∇|=2.31e+03 γ=1.000 T=0.0498
2026-04-29 11:24:26,969 INFO train_distributed it=  29 lr=9.78e-04 loss_world=1.2095 |∇|=6.32e+01 γ=1.000 T=0.0498
2026-04-29 11:24:38,728 INFO train_distributed it=  39 lr=9.49e-04 loss_world=1.5370 |∇|=1.63e+02 γ=0.999 T=0.0497
2026-04-29 11:24:50,480 INFO train_distributed it=  49 lr=9.10e-04 loss_world=9.5174 |∇|=1.38e+03 γ=0.999 T=0.0497
2026-04-29 11:25:02,228 INFO train_distributed it=  59 lr=8.60e-04 loss_world=7.9053 |∇|=4.34e+03 γ=0.999 T=0.0496
2026-04-29 11:25:13,958 INFO train_distributed it=  69 lr=8.02e-04 loss_world=1.4966 |∇|=1.01e+02 γ=0.997 T=0.0496
2026-04-29 11:25:25,689 INFO train_distributed it=  79 lr=7.38e-04 loss_world=0.9834 |∇|=8.27e+01 γ=0.995 T=0.0496
2026-04-29 11:25:37,417 INFO train_distributed it=  89 lr=6.68e-04 loss_world=1.4114 |∇|=3.48e+02 γ=0.995 T=0.0496
2026-04-29 11:25:49,152 INFO train_distributed it=  99 lr=5.95e-04 loss_world=1.0326 |∇|=2.74e+02 γ=0.995 T=0.0496
2026-04-29 11:26:00,898 INFO train_distributed it= 109 lr=5.20e-04 loss_world=5.8487 |∇|=1.67e+03 γ=0.995 T=0.0496
2026-04-29 11:26:12,625 INFO train_distributed it= 119 lr=4.47e-04 loss_world=1.1284 |∇|=9.08e+01 γ=0.996 T=0.0496
2026-04-29 11:26:24,352 INFO train_distributed it= 129 lr=3.76e-04 loss_world=1.2809 |∇|=8.57e+01 γ=0.996 T=0.0496
2026-04-29 11:26:36,077 INFO train_distributed it= 139 lr=3.10e-04 loss_world=1.5716 |∇|=1.34e+02 γ=0.996 T=0.0496
2026-04-29 11:26:47,802 INFO train_distributed it= 149 lr=2.51e-04 loss_world=0.9533 |∇|=9.21e+02 γ=0.997 T=0.0496
2026-04-29 11:26:59,532 INFO train_distributed it= 159 lr=2.00e-04 loss_world=1.1322 |∇|=5.36e+01 γ=0.997 T=0.0496
2026-04-29 11:27:11,265 INFO train_distributed it= 169 lr=1.58e-04 loss_world=3.2315 |∇|=8.94e+02 γ=0.997 T=0.0496
2026-04-29 11:27:22,996 INFO train_distributed it= 179 lr=1.27e-04 loss_world=0.8237 |∇|=3.22e+02 γ=0.997 T=0.0496
2026-04-29 11:27:34,726 INFO train_distributed it= 189 lr=1.07e-04 loss_world=1.2456 |∇|=1.27e+02 γ=0.997 T=0.0496
2026-04-29 11:27:46,466 INFO train_distributed it= 199 lr=1.00e-04 loss_world=1.0545 |∇|=9.57e+01 γ=0.997 T=0.0496
2026-04-29 11:27:46,472 INFO train_distributed training finished in 236.1s (200 iters, world_size=1)
2026-04-29 11:27:46,472 INFO train_distributed [rank 0] peak HBM: alloc=7.24 GB, reserved=8.05 GB
2026-04-29 11:27:46,475 INFO train_distributed [rank 0] wrote experiments/045_arch_tier_4_1_megnet/results_t41_megnet_seed6/training_log.json
