2026-04-28 18:08:23,662 INFO train_distributed [dist] rank=0 world_size=1 local_rank=0 cuda_available=True
2026-04-28 18:08:23,707 INFO train_distributed loaded 2,841 returns for spx/2015-2026_daily
2026-04-28 18:08:23,714 INFO train_distributed targets: acf_sq=0.342 leverage_sum=-0.790 hill_alpha=2.68
2026-04-28 18:08:26,369 INFO train_distributed EcoMDSimulator built: 34408 parameters (device=cuda:0)
2026-04-28 18:08:28,809 INFO train_distributed it=   0 lr=1.00e-04 loss_world=12.9237 |∇|=1.54e+03 γ=1.000 T=0.0500
2026-04-28 18:08:38,738 INFO train_distributed it=   9 lr=1.00e-03 loss_world=1.3909 |∇|=9.96e+01 γ=1.003 T=0.0500
2026-04-28 18:08:49,888 INFO train_distributed it=  19 lr=9.95e-04 loss_world=1.2919 |∇|=8.41e+01 γ=1.002 T=0.0500
2026-04-28 18:09:01,083 INFO train_distributed it=  29 lr=9.78e-04 loss_world=6.4618 |∇|=6.99e+02 γ=1.002 T=0.0500
2026-04-28 18:09:12,271 INFO train_distributed it=  39 lr=9.49e-04 loss_world=1.3026 |∇|=1.23e+03 γ=0.998 T=0.0500
2026-04-28 18:09:23,461 INFO train_distributed it=  49 lr=9.10e-04 loss_world=1.3243 |∇|=1.25e+02 γ=0.997 T=0.0500
2026-04-28 18:09:34,633 INFO train_distributed it=  59 lr=8.60e-04 loss_world=4.0047 |∇|=2.10e+03 γ=0.998 T=0.0500
2026-04-28 18:09:45,807 INFO train_distributed it=  69 lr=8.02e-04 loss_world=1.0194 |∇|=3.25e+02 γ=0.999 T=0.0500
2026-04-28 18:09:56,977 INFO train_distributed it=  79 lr=7.38e-04 loss_world=1.0864 |∇|=1.56e+02 γ=1.000 T=0.0500
2026-04-28 18:10:08,150 INFO train_distributed it=  89 lr=6.68e-04 loss_world=4.9170 |∇|=6.18e+02 γ=1.000 T=0.0500
2026-04-28 18:10:19,326 INFO train_distributed it=  99 lr=5.95e-04 loss_world=3.3907 |∇|=1.62e+03 γ=1.000 T=0.0500
2026-04-28 18:10:30,494 INFO train_distributed it= 109 lr=5.20e-04 loss_world=1.5840 |∇|=5.78e+02 γ=1.001 T=0.0500
2026-04-28 18:10:41,656 INFO train_distributed it= 119 lr=4.47e-04 loss_world=1.3280 |∇|=1.46e+02 γ=1.001 T=0.0500
2026-04-28 18:10:52,830 INFO train_distributed it= 129 lr=3.76e-04 loss_world=1.8276 |∇|=3.83e+02 γ=1.002 T=0.0501
2026-04-28 18:11:04,001 INFO train_distributed it= 139 lr=3.10e-04 loss_world=1.5154 |∇|=4.40e+02 γ=1.002 T=0.0501
2026-04-28 18:11:15,169 INFO train_distributed it= 149 lr=2.51e-04 loss_world=1.1047 |∇|=1.29e+02 γ=1.002 T=0.0501
2026-04-28 18:11:26,343 INFO train_distributed it= 159 lr=2.00e-04 loss_world=1.5822 |∇|=7.35e+02 γ=1.002 T=0.0501
2026-04-28 18:11:37,508 INFO train_distributed it= 169 lr=1.58e-04 loss_world=3.1312 |∇|=4.89e+03 γ=1.002 T=0.0501
2026-04-28 18:11:48,677 INFO train_distributed it= 179 lr=1.27e-04 loss_world=1.4488 |∇|=2.44e+02 γ=1.002 T=0.0501
2026-04-28 18:11:59,844 INFO train_distributed it= 189 lr=1.07e-04 loss_world=1.2840 |∇|=6.94e+02 γ=1.003 T=0.0501
2026-04-28 18:12:11,013 INFO train_distributed it= 199 lr=1.00e-04 loss_world=0.9587 |∇|=1.28e+02 γ=1.003 T=0.0501
2026-04-28 18:12:11,019 INFO train_distributed training finished in 224.7s (200 iters, world_size=1)
2026-04-28 18:12:11,020 INFO train_distributed [rank 0] peak HBM: alloc=7.10 GB, reserved=7.69 GB
2026-04-28 18:12:11,023 INFO train_distributed [rank 0] wrote experiments/037_arch_tier_1_1_memory/results_t11_memory_seed6/training_log.json
