2026-04-28 18:08:23,438 INFO train_distributed [dist] rank=0 world_size=1 local_rank=0 cuda_available=True
2026-04-28 18:08:23,484 INFO train_distributed loaded 2,841 returns for spx/2015-2026_daily
2026-04-28 18:08:23,491 INFO train_distributed targets: acf_sq=0.342 leverage_sum=-0.790 hill_alpha=2.68
2026-04-28 18:08:26,333 INFO train_distributed EcoMDSimulator built: 34408 parameters (device=cuda:0)
2026-04-28 18:08:28,746 INFO train_distributed it=   0 lr=1.00e-04 loss_world=100.9024 |∇|=4.07e+04 γ=1.000 T=0.0500
2026-04-28 18:08:38,780 INFO train_distributed it=   9 lr=1.00e-03 loss_world=1.9070 |∇|=5.35e+01 γ=0.996 T=0.0501
2026-04-28 18:08:50,033 INFO train_distributed it=  19 lr=9.95e-04 loss_world=2.0381 |∇|=7.05e+01 γ=0.992 T=0.0501
2026-04-28 18:09:01,337 INFO train_distributed it=  29 lr=9.78e-04 loss_world=2.6707 |∇|=9.52e+02 γ=0.989 T=0.0501
2026-04-28 18:09:12,649 INFO train_distributed it=  39 lr=9.49e-04 loss_world=1.1879 |∇|=2.94e+01 γ=0.989 T=0.0501
2026-04-28 18:09:23,927 INFO train_distributed it=  49 lr=9.10e-04 loss_world=1.1006 |∇|=6.13e+01 γ=0.988 T=0.0501
2026-04-28 18:09:35,200 INFO train_distributed it=  59 lr=8.60e-04 loss_world=1.0766 |∇|=5.37e+01 γ=0.988 T=0.0501
2026-04-28 18:09:46,457 INFO train_distributed it=  69 lr=8.02e-04 loss_world=2.0940 |∇|=1.62e+02 γ=0.987 T=0.0501
2026-04-28 18:09:57,714 INFO train_distributed it=  79 lr=7.38e-04 loss_world=8.7608 |∇|=6.99e+02 γ=0.986 T=0.0501
2026-04-28 18:10:08,980 INFO train_distributed it=  89 lr=6.68e-04 loss_world=0.9855 |∇|=4.04e+01 γ=0.985 T=0.0500
2026-04-28 18:10:20,242 INFO train_distributed it=  99 lr=5.95e-04 loss_world=1.1588 |∇|=5.69e+01 γ=0.984 T=0.0500
2026-04-28 18:10:31,505 INFO train_distributed it= 109 lr=5.20e-04 loss_world=1.2829 |∇|=6.78e+01 γ=0.984 T=0.0500
2026-04-28 18:10:42,773 INFO train_distributed it= 119 lr=4.47e-04 loss_world=1.1068 |∇|=1.02e+02 γ=0.984 T=0.0500
2026-04-28 18:10:54,046 INFO train_distributed it= 129 lr=3.76e-04 loss_world=1.0895 |∇|=7.57e+01 γ=0.984 T=0.0500
2026-04-28 18:11:05,332 INFO train_distributed it= 139 lr=3.10e-04 loss_world=1.0459 |∇|=1.34e+02 γ=0.984 T=0.0500
2026-04-28 18:11:16,602 INFO train_distributed it= 149 lr=2.51e-04 loss_world=1.2713 |∇|=6.61e+01 γ=0.984 T=0.0500
2026-04-28 18:11:27,857 INFO train_distributed it= 159 lr=2.00e-04 loss_world=1.0238 |∇|=2.04e+02 γ=0.984 T=0.0500
2026-04-28 18:11:39,111 INFO train_distributed it= 169 lr=1.58e-04 loss_world=1.0726 |∇|=9.00e+02 γ=0.984 T=0.0500
2026-04-28 18:11:50,371 INFO train_distributed it= 179 lr=1.27e-04 loss_world=1.4210 |∇|=1.79e+02 γ=0.984 T=0.0500
2026-04-28 18:12:01,636 INFO train_distributed it= 189 lr=1.07e-04 loss_world=5.7114 |∇|=2.15e+03 γ=0.984 T=0.0500
2026-04-28 18:12:12,910 INFO train_distributed it= 199 lr=1.00e-04 loss_world=1.5801 |∇|=6.39e+02 γ=0.984 T=0.0500
2026-04-28 18:12:12,916 INFO train_distributed training finished in 226.6s (200 iters, world_size=1)
2026-04-28 18:12:12,916 INFO train_distributed [rank 0] peak HBM: alloc=7.10 GB, reserved=7.69 GB
2026-04-28 18:12:12,919 INFO train_distributed [rank 0] wrote experiments/037_arch_tier_1_1_memory/results_t11_memory_seed5/training_log.json
