2026-04-28 18:36:09,988 INFO train_distributed [dist] rank=0 world_size=1 local_rank=0 cuda_available=True
2026-04-28 18:36:10,032 INFO train_distributed loaded 2,841 returns for spx/2015-2026_daily
2026-04-28 18:36:10,039 INFO train_distributed targets: acf_sq=0.342 leverage_sum=-0.790 hill_alpha=2.68
2026-04-28 18:36:11,900 INFO train_distributed EcoMDSimulator built: 105316 parameters (device=cuda:0)
2026-04-28 18:36:13,405 INFO train_distributed it=   0 lr=1.00e-04 loss_world=0.7009 |∇|=3.21e+00 γ=1.000 T=0.0500
2026-04-28 18:36:15,795 INFO train_distributed it=   9 lr=1.00e-03 loss_world=0.7978 |∇|=2.35e+00 γ=1.000 T=0.0500
2026-04-28 18:36:18,452 INFO train_distributed it=  19 lr=9.95e-04 loss_world=0.7398 |∇|=1.55e+00 γ=0.996 T=0.0498
2026-04-28 18:36:21,109 INFO train_distributed it=  29 lr=9.78e-04 loss_world=0.5641 |∇|=3.28e+00 γ=1.001 T=0.0500
2026-04-28 18:36:23,773 INFO train_distributed it=  39 lr=9.49e-04 loss_world=0.9233 |∇|=1.31e+00 γ=1.004 T=0.0502
2026-04-28 18:36:26,450 INFO train_distributed it=  49 lr=9.10e-04 loss_world=1.2357 |∇|=1.35e+00 γ=1.004 T=0.0503
2026-04-28 18:36:29,118 INFO train_distributed it=  59 lr=8.60e-04 loss_world=1.4284 |∇|=2.81e+00 γ=1.007 T=0.0505
2026-04-28 18:36:31,787 INFO train_distributed it=  69 lr=8.02e-04 loss_world=0.7540 |∇|=6.62e-01 γ=1.007 T=0.0505
2026-04-28 18:36:34,613 INFO train_distributed it=  79 lr=7.38e-04 loss_world=0.9816 |∇|=4.43e+00 γ=1.007 T=0.0505
2026-04-28 18:36:37,287 INFO train_distributed it=  89 lr=6.68e-04 loss_world=0.8654 |∇|=1.44e+00 γ=1.005 T=0.0504
2026-04-28 18:36:39,947 INFO train_distributed it=  99 lr=5.95e-04 loss_world=0.7989 |∇|=1.98e+00 γ=1.003 T=0.0502
2026-04-28 18:36:42,607 INFO train_distributed it= 109 lr=5.20e-04 loss_world=1.0019 |∇|=1.83e+00 γ=1.001 T=0.0501
2026-04-28 18:36:45,269 INFO train_distributed it= 119 lr=4.47e-04 loss_world=0.9075 |∇|=3.83e+00 γ=1.000 T=0.0500
2026-04-28 18:36:47,937 INFO train_distributed it= 129 lr=3.76e-04 loss_world=0.9448 |∇|=3.33e+00 γ=1.001 T=0.0501
2026-04-28 18:36:50,600 INFO train_distributed it= 139 lr=3.10e-04 loss_world=1.0598 |∇|=3.71e+00 γ=1.001 T=0.0501
2026-04-28 18:36:53,263 INFO train_distributed it= 149 lr=2.51e-04 loss_world=1.1441 |∇|=6.61e+00 γ=1.002 T=0.0502
2026-04-28 18:36:55,918 INFO train_distributed it= 159 lr=2.00e-04 loss_world=0.6665 |∇|=3.33e+00 γ=1.003 T=0.0503
2026-04-28 18:36:58,580 INFO train_distributed it= 169 lr=1.58e-04 loss_world=1.1419 |∇|=2.35e+00 γ=1.003 T=0.0503
2026-04-28 18:37:01,236 INFO train_distributed it= 179 lr=1.27e-04 loss_world=0.6764 |∇|=4.86e+00 γ=1.002 T=0.0502
2026-04-28 18:37:03,904 INFO train_distributed it= 189 lr=1.07e-04 loss_world=0.9119 |∇|=2.76e+00 γ=1.002 T=0.0502
2026-04-28 18:37:06,633 INFO train_distributed it= 199 lr=1.00e-04 loss_world=0.5587 |∇|=3.88e+00 γ=1.002 T=0.0502
2026-04-28 18:37:06,641 INFO train_distributed training finished in 54.7s (200 iters, world_size=1)
2026-04-28 18:37:06,641 INFO train_distributed [rank 0] peak HBM: alloc=0.59 GB, reserved=0.77 GB
2026-04-28 18:37:06,644 INFO train_distributed [rank 0] wrote experiments/042_arch_tier_3_1_isab/results_t31_isab_seed5/training_log.json
