2026-04-28 18:40:13,390 INFO train_distributed [dist] rank=0 world_size=1 local_rank=0 cuda_available=True
2026-04-28 18:40:13,434 INFO train_distributed loaded 2,841 returns for spx/2015-2026_daily
2026-04-28 18:40:13,442 INFO train_distributed targets: acf_sq=0.342 leverage_sum=-0.790 hill_alpha=2.68
2026-04-28 18:40:16,191 INFO train_distributed EcoMDSimulator built: 33043 parameters (device=cuda:0)
2026-04-28 18:40:19,707 INFO train_distributed it=   0 lr=1.00e-04 loss_world=7.3582 |∇|=6.67e+02 γ=1.000 T=0.0500
2026-04-28 18:40:39,771 INFO train_distributed it=   9 lr=1.00e-03 loss_world=1.7802 |∇|=1.01e+02 γ=0.998 T=0.0498
2026-04-28 18:41:02,179 INFO train_distributed it=  19 lr=9.95e-04 loss_world=5.3841 |∇|=8.52e+02 γ=0.996 T=0.0496
2026-04-28 18:41:24,643 INFO train_distributed it=  29 lr=9.78e-04 loss_world=6.7992 |∇|=1.63e+03 γ=0.995 T=0.0496
2026-04-28 18:41:47,113 INFO train_distributed it=  39 lr=9.49e-04 loss_world=3.7336 |∇|=4.06e+02 γ=0.994 T=0.0497
2026-04-28 18:42:09,586 INFO train_distributed it=  49 lr=9.10e-04 loss_world=1.2842 |∇|=6.89e+00 γ=0.993 T=0.0497
2026-04-28 18:42:32,056 INFO train_distributed it=  59 lr=8.60e-04 loss_world=1.2359 |∇|=3.52e+00 γ=0.993 T=0.0497
2026-04-28 18:42:54,526 INFO train_distributed it=  69 lr=8.02e-04 loss_world=1.1539 |∇|=3.34e+00 γ=0.993 T=0.0497
2026-04-28 18:43:17,003 INFO train_distributed it=  79 lr=7.38e-04 loss_world=1.1326 |∇|=4.18e+00 γ=0.993 T=0.0497
2026-04-28 18:43:39,472 INFO train_distributed it=  89 lr=6.68e-04 loss_world=1.1320 |∇|=4.64e+00 γ=0.993 T=0.0497
2026-04-28 18:44:01,938 INFO train_distributed it=  99 lr=5.95e-04 loss_world=1.1240 |∇|=4.43e+00 γ=0.993 T=0.0497
2026-04-28 18:44:24,407 INFO train_distributed it= 109 lr=5.20e-04 loss_world=1.1266 |∇|=4.68e+00 γ=0.993 T=0.0497
2026-04-28 18:44:46,876 INFO train_distributed it= 119 lr=4.47e-04 loss_world=1.1247 |∇|=4.71e+00 γ=0.993 T=0.0497
2026-04-28 18:45:09,344 INFO train_distributed it= 129 lr=3.76e-04 loss_world=1.1254 |∇|=4.58e+00 γ=0.993 T=0.0497
2026-04-28 18:45:31,810 INFO train_distributed it= 139 lr=3.10e-04 loss_world=1.1334 |∇|=4.56e+00 γ=0.993 T=0.0497
2026-04-28 18:45:54,279 INFO train_distributed it= 149 lr=2.51e-04 loss_world=1.1288 |∇|=5.02e+00 γ=0.993 T=0.0497
2026-04-28 18:46:16,742 INFO train_distributed it= 159 lr=2.00e-04 loss_world=1.1285 |∇|=4.71e+00 γ=0.993 T=0.0497
2026-04-28 18:46:39,203 INFO train_distributed it= 169 lr=1.58e-04 loss_world=1.1347 |∇|=5.43e+00 γ=0.993 T=0.0497
2026-04-28 18:47:01,660 INFO train_distributed it= 179 lr=1.27e-04 loss_world=1.1374 |∇|=5.76e+00 γ=0.993 T=0.0497
2026-04-28 18:47:24,114 INFO train_distributed it= 189 lr=1.07e-04 loss_world=1.1609 |∇|=6.63e+00 γ=0.993 T=0.0497
2026-04-28 18:47:46,580 INFO train_distributed it= 199 lr=1.00e-04 loss_world=1.1228 |∇|=6.56e+00 γ=0.993 T=0.0497
2026-04-28 18:47:46,586 INFO train_distributed training finished in 450.4s (200 iters, world_size=1)
2026-04-28 18:47:46,586 INFO train_distributed [rank 0] peak HBM: alloc=7.45 GB, reserved=8.04 GB
2026-04-28 18:47:46,589 INFO train_distributed [rank 0] wrote experiments/038_arch_tier_1_2_kernels/results_t12_kernels_seed0/training_log.json
