2026-04-29 17:14:50,705 INFO train_distributed [dist] rank=0 world_size=1 local_rank=0 cuda_available=True
2026-04-29 17:14:50,750 INFO train_distributed loaded 2,841 returns for spx/2015-2026_daily
2026-04-29 17:14:50,759 INFO train_distributed targets: acf_sq=0.342 leverage_sum=-0.790 hill_alpha=2.68
2026-04-29 17:14:52,351 INFO train_distributed EcoMDSimulator built: 47709 parameters (device=cuda:0)
2026-04-29 17:14:56,670 INFO train_distributed it=   0 lr=1.00e-04 loss_world=17.6099 |∇|=6.09e+03 γ=1.000 T=0.0500
2026-04-29 17:15:23,288 INFO train_distributed it=   9 lr=1.00e-03 loss_world=2.1034 |∇|=7.63e+01 γ=0.996 T=0.0500
2026-04-29 17:15:52,859 INFO train_distributed it=  19 lr=9.95e-04 loss_world=2.5090 |∇|=3.25e+01 γ=0.993 T=0.0501
2026-04-29 17:16:22,430 INFO train_distributed it=  29 lr=9.78e-04 loss_world=3.0400 |∇|=7.62e+01 γ=0.990 T=0.0503
2026-04-29 17:16:51,975 INFO train_distributed it=  39 lr=9.49e-04 loss_world=2.9313 |∇|=1.51e+01 γ=0.987 T=0.0504
2026-04-29 17:17:21,531 INFO train_distributed it=  49 lr=9.10e-04 loss_world=1.2438 |∇|=2.07e+03 γ=0.984 T=0.0505
2026-04-29 17:17:51,082 INFO train_distributed it=  59 lr=8.60e-04 loss_world=1.6667 |∇|=2.00e+02 γ=0.979 T=0.0508
2026-04-29 17:18:20,628 INFO train_distributed it=  69 lr=8.02e-04 loss_world=1.9149 |∇|=1.07e+01 γ=0.978 T=0.0510
2026-04-29 17:18:50,176 INFO train_distributed it=  79 lr=7.38e-04 loss_world=1.8957 |∇|=1.52e+01 γ=0.977 T=0.0511
2026-04-29 17:19:19,726 INFO train_distributed it=  89 lr=6.68e-04 loss_world=4.7189 |∇|=1.08e+03 γ=0.977 T=0.0511
2026-04-29 17:19:49,272 INFO train_distributed it=  99 lr=5.95e-04 loss_world=2.2429 |∇|=8.73e+01 γ=0.977 T=0.0512
2026-04-29 17:20:18,825 INFO train_distributed it= 109 lr=5.20e-04 loss_world=2.8480 |∇|=8.06e+02 γ=0.977 T=0.0512
2026-04-29 17:20:48,387 INFO train_distributed it= 119 lr=4.47e-04 loss_world=2.1938 |∇|=1.78e+02 γ=0.977 T=0.0513
2026-04-29 17:21:17,939 INFO train_distributed it= 129 lr=3.76e-04 loss_world=2.3807 |∇|=1.82e+02 γ=0.977 T=0.0513
2026-04-29 17:21:47,493 INFO train_distributed it= 139 lr=3.10e-04 loss_world=2.4650 |∇|=3.26e+03 γ=0.977 T=0.0513
2026-04-29 17:22:17,038 INFO train_distributed it= 149 lr=2.51e-04 loss_world=1.3734 |∇|=6.20e+02 γ=0.977 T=0.0513
2026-04-29 17:22:46,596 INFO train_distributed it= 159 lr=2.00e-04 loss_world=1.7201 |∇|=3.52e+02 γ=0.976 T=0.0513
2026-04-29 17:23:16,164 INFO train_distributed it= 169 lr=1.58e-04 loss_world=1.4795 |∇|=5.99e+02 γ=0.976 T=0.0513
2026-04-29 17:23:45,708 INFO train_distributed it= 179 lr=1.27e-04 loss_world=1.8011 |∇|=3.69e+02 γ=0.976 T=0.0513
2026-04-29 17:24:15,259 INFO train_distributed it= 189 lr=1.07e-04 loss_world=1.6024 |∇|=6.60e+02 γ=0.976 T=0.0513
2026-04-29 17:24:44,809 INFO train_distributed it= 199 lr=1.00e-04 loss_world=0.9525 |∇|=1.61e+03 γ=0.977 T=0.0513
2026-04-29 17:24:44,816 INFO train_distributed training finished in 592.5s (200 iters, world_size=1)
2026-04-29 17:24:44,816 INFO train_distributed [rank 0] peak HBM: alloc=12.09 GB, reserved=12.55 GB
2026-04-29 17:24:44,819 INFO train_distributed [rank 0] wrote experiments/047_arch_tier_4_2_dyngraph/results_t42_dyngraph_seed0/training_log.json
