2026-04-29 11:57:13,506 INFO train_distributed [dist] rank=0 world_size=1 local_rank=0 cuda_available=True
2026-04-29 11:57:13,551 INFO train_distributed loaded 2,841 returns for spx/2015-2026_daily
2026-04-29 11:57:13,559 INFO train_distributed targets: acf_sq=0.342 leverage_sum=-0.790 hill_alpha=2.68
2026-04-29 11:57:15,661 INFO train_distributed EcoMDSimulator built: 47261 parameters (device=cuda:0)
2026-04-29 11:57:18,496 INFO train_distributed it=   0 lr=1.00e-04 loss_world=18.6722 |∇|=9.03e+03 γ=1.000 T=0.0500
2026-04-29 11:57:32,205 INFO train_distributed it=   9 lr=1.00e-03 loss_world=2.0337 |∇|=4.25e+01 γ=0.997 T=0.0501
2026-04-29 11:57:47,547 INFO train_distributed it=  19 lr=9.95e-04 loss_world=1.3331 |∇|=1.88e+02 γ=1.000 T=0.0501
2026-04-29 11:58:02,934 INFO train_distributed it=  29 lr=9.78e-04 loss_world=1.1965 |∇|=2.51e+01 γ=1.001 T=0.0501
2026-04-29 11:58:18,295 INFO train_distributed it=  39 lr=9.49e-04 loss_world=1.1850 |∇|=3.72e+01 γ=1.000 T=0.0501
2026-04-29 11:58:33,640 INFO train_distributed it=  49 lr=9.10e-04 loss_world=1.1653 |∇|=5.10e+00 γ=1.000 T=0.0499
2026-04-29 11:58:48,968 INFO train_distributed it=  59 lr=8.60e-04 loss_world=1.5293 |∇|=2.26e+00 γ=1.000 T=0.0501
2026-04-29 11:59:04,289 INFO train_distributed it=  69 lr=8.02e-04 loss_world=0.8312 |∇|=1.78e+00 γ=1.000 T=0.0502
2026-04-29 11:59:19,609 INFO train_distributed it=  79 lr=7.38e-04 loss_world=0.9825 |∇|=2.05e+00 γ=1.001 T=0.0503
2026-04-29 11:59:34,930 INFO train_distributed it=  89 lr=6.68e-04 loss_world=2.0074 |∇|=1.19e+01 γ=1.001 T=0.0505
2026-04-29 11:59:50,240 INFO train_distributed it=  99 lr=5.95e-04 loss_world=0.6305 |∇|=3.26e+00 γ=1.002 T=0.0506
2026-04-29 12:00:05,562 INFO train_distributed it= 109 lr=5.20e-04 loss_world=0.8245 |∇|=1.89e+00 γ=1.002 T=0.0507
2026-04-29 12:00:20,881 INFO train_distributed it= 119 lr=4.47e-04 loss_world=1.0223 |∇|=3.21e+00 γ=1.002 T=0.0507
2026-04-29 12:00:36,197 INFO train_distributed it= 129 lr=3.76e-04 loss_world=1.2600 |∇|=1.33e+00 γ=1.002 T=0.0507
2026-04-29 12:00:51,512 INFO train_distributed it= 139 lr=3.10e-04 loss_world=1.2328 |∇|=1.86e+00 γ=1.002 T=0.0507
2026-04-29 12:01:06,823 INFO train_distributed it= 149 lr=2.51e-04 loss_world=0.7097 |∇|=2.03e+00 γ=1.003 T=0.0507
2026-04-29 12:01:22,133 INFO train_distributed it= 159 lr=2.00e-04 loss_world=1.2291 |∇|=2.60e+00 γ=1.003 T=0.0508
2026-04-29 12:01:37,468 INFO train_distributed it= 169 lr=1.58e-04 loss_world=0.7004 |∇|=1.46e+00 γ=1.003 T=0.0508
2026-04-29 12:01:52,783 INFO train_distributed it= 179 lr=1.27e-04 loss_world=0.8277 |∇|=1.29e+00 γ=1.002 T=0.0507
2026-04-29 12:02:08,117 INFO train_distributed it= 189 lr=1.07e-04 loss_world=0.8649 |∇|=4.51e-01 γ=1.002 T=0.0507
2026-04-29 12:02:23,463 INFO train_distributed it= 199 lr=1.00e-04 loss_world=0.6173 |∇|=1.86e+00 γ=1.003 T=0.0507
2026-04-29 12:02:23,470 INFO train_distributed training finished in 307.8s (200 iters, world_size=1)
2026-04-29 12:02:23,471 INFO train_distributed [rank 0] peak HBM: alloc=9.41 GB, reserved=10.01 GB
2026-04-29 12:02:23,474 INFO train_distributed [rank 0] wrote experiments/047_arch_tier_4_2_dyngraph/results_t42_dyngraph_seed0/training_log.json
