2026-04-29 11:41:49,086 INFO train_distributed [dist] rank=0 world_size=1 local_rank=0 cuda_available=True
2026-04-29 11:41:49,131 INFO train_distributed loaded 2,841 returns for spx/2015-2026_daily
2026-04-29 11:41:49,138 INFO train_distributed targets: acf_sq=0.342 leverage_sum=-0.790 hill_alpha=2.68
2026-04-29 11:41:51,295 INFO train_distributed EcoMDSimulator built: 110044 parameters (device=cuda:0)
2026-04-29 11:41:52,789 INFO train_distributed it=   0 lr=1.00e-04 loss_world=1.1056 |∇|=2.78e+00 γ=1.000 T=0.0500
2026-04-29 11:41:55,870 INFO train_distributed it=   9 lr=1.00e-03 loss_world=0.8781 |∇|=6.80e-01 γ=0.999 T=0.0500
2026-04-29 11:41:59,200 INFO train_distributed it=  19 lr=9.95e-04 loss_world=1.1663 |∇|=2.28e+00 γ=0.998 T=0.0499
2026-04-29 11:42:02,482 INFO train_distributed it=  29 lr=9.78e-04 loss_world=0.9334 |∇|=1.30e+01 γ=1.000 T=0.0500
2026-04-29 11:42:05,704 INFO train_distributed it=  39 lr=9.49e-04 loss_world=1.4943 |∇|=1.44e+01 γ=1.004 T=0.0503
2026-04-29 11:42:08,946 INFO train_distributed it=  49 lr=9.10e-04 loss_world=0.7057 |∇|=1.71e+00 γ=1.006 T=0.0503
2026-04-29 11:42:12,149 INFO train_distributed it=  59 lr=8.60e-04 loss_world=0.9170 |∇|=1.84e+00 γ=1.007 T=0.0503
2026-04-29 11:42:15,344 INFO train_distributed it=  69 lr=8.02e-04 loss_world=0.9036 |∇|=6.04e-01 γ=1.009 T=0.0504
2026-04-29 11:42:18,537 INFO train_distributed it=  79 lr=7.38e-04 loss_world=0.6894 |∇|=2.21e+00 γ=1.009 T=0.0505
2026-04-29 11:42:21,736 INFO train_distributed it=  89 lr=6.68e-04 loss_world=1.0180 |∇|=8.22e-01 γ=1.010 T=0.0506
2026-04-29 11:42:24,914 INFO train_distributed it=  99 lr=5.95e-04 loss_world=1.1275 |∇|=7.42e+00 γ=1.011 T=0.0506
2026-04-29 11:42:28,106 INFO train_distributed it= 109 lr=5.20e-04 loss_world=0.8644 |∇|=7.72e+00 γ=1.011 T=0.0506
2026-04-29 11:42:31,295 INFO train_distributed it= 119 lr=4.47e-04 loss_world=1.1175 |∇|=6.22e+00 γ=1.011 T=0.0506
2026-04-29 11:42:34,501 INFO train_distributed it= 129 lr=3.76e-04 loss_world=0.9514 |∇|=1.24e+00 γ=1.012 T=0.0506
2026-04-29 11:42:37,733 INFO train_distributed it= 139 lr=3.10e-04 loss_world=1.0635 |∇|=2.97e+00 γ=1.011 T=0.0506
2026-04-29 11:42:40,925 INFO train_distributed it= 149 lr=2.51e-04 loss_world=1.1402 |∇|=4.03e-01 γ=1.011 T=0.0506
2026-04-29 11:42:44,113 INFO train_distributed it= 159 lr=2.00e-04 loss_world=1.0713 |∇|=6.62e+00 γ=1.011 T=0.0506
2026-04-29 11:42:47,298 INFO train_distributed it= 169 lr=1.58e-04 loss_world=1.0186 |∇|=4.39e+00 γ=1.011 T=0.0506
2026-04-29 11:42:50,478 INFO train_distributed it= 179 lr=1.27e-04 loss_world=0.7162 |∇|=1.98e+00 γ=1.012 T=0.0506
2026-04-29 11:42:53,664 INFO train_distributed it= 189 lr=1.07e-04 loss_world=0.8257 |∇|=6.31e-01 γ=1.012 T=0.0506
2026-04-29 11:42:56,864 INFO train_distributed it= 199 lr=1.00e-04 loss_world=1.0446 |∇|=1.52e+00 γ=1.012 T=0.0506
2026-04-29 11:42:56,872 INFO train_distributed training finished in 65.6s (200 iters, world_size=1)
2026-04-29 11:42:56,872 INFO train_distributed [rank 0] peak HBM: alloc=0.60 GB, reserved=0.79 GB
2026-04-29 11:42:56,875 INFO train_distributed [rank 0] wrote experiments/046_arch_megnet_pairs/results_p_4_1__3_1_seed2/training_log.json
