2026-04-29 16:46:20,478 INFO train_distributed [dist] rank=0 world_size=1 local_rank=0 cuda_available=True
2026-04-29 16:46:20,521 INFO train_distributed loaded 2,841 returns for spx/2015-2026_daily
2026-04-29 16:46:20,529 INFO train_distributed targets: acf_sq=0.342 leverage_sum=-0.790 hill_alpha=2.68
2026-04-29 16:46:22,363 INFO train_distributed EcoMDSimulator built: 36251 parameters (device=cuda:0)
2026-04-29 16:46:27,289 INFO train_distributed it=   0 lr=1.00e-04 loss_world=2.3078 |∇|=2.69e+02 γ=1.000 T=0.0500
2026-04-29 16:47:00,089 INFO train_distributed it=   9 lr=1.00e-03 loss_world=0.9048 |∇|=3.44e+01 γ=1.001 T=0.0501
2026-04-29 16:47:36,533 INFO train_distributed it=  19 lr=9.95e-04 loss_world=0.5082 |∇|=1.67e+01 γ=1.001 T=0.0502
2026-04-29 16:48:12,977 INFO train_distributed it=  29 lr=9.78e-04 loss_world=0.7763 |∇|=2.11e+01 γ=0.998 T=0.0501
2026-04-29 16:48:49,419 INFO train_distributed it=  39 lr=9.49e-04 loss_world=0.7519 |∇|=1.36e+01 γ=0.994 T=0.0501
2026-04-29 16:49:25,845 INFO train_distributed it=  49 lr=9.10e-04 loss_world=1.0836 |∇|=1.27e+01 γ=0.997 T=0.0500
2026-04-29 16:50:02,266 INFO train_distributed it=  59 lr=8.60e-04 loss_world=0.9260 |∇|=1.72e+01 γ=0.999 T=0.0500
2026-04-29 16:50:38,700 INFO train_distributed it=  69 lr=8.02e-04 loss_world=0.5367 |∇|=1.88e+01 γ=0.997 T=0.0500
2026-04-29 16:51:15,117 INFO train_distributed it=  79 lr=7.38e-04 loss_world=0.6429 |∇|=3.82e+01 γ=0.994 T=0.0500
2026-04-29 16:51:51,547 INFO train_distributed it=  89 lr=6.68e-04 loss_world=2.0217 |∇|=2.62e+01 γ=0.997 T=0.0499
2026-04-29 16:52:27,980 INFO train_distributed it=  99 lr=5.95e-04 loss_world=0.8528 |∇|=1.25e+01 γ=0.998 T=0.0499
2026-04-29 16:53:04,403 INFO train_distributed it= 109 lr=5.20e-04 loss_world=1.0057 |∇|=1.17e+01 γ=0.996 T=0.0498
2026-04-29 16:53:40,834 INFO train_distributed it= 119 lr=4.47e-04 loss_world=0.8548 |∇|=2.93e+01 γ=0.996 T=0.0498
2026-04-29 16:54:17,266 INFO train_distributed it= 129 lr=3.76e-04 loss_world=1.1680 |∇|=2.21e+01 γ=0.996 T=0.0498
2026-04-29 16:54:53,697 INFO train_distributed it= 139 lr=3.10e-04 loss_world=0.8918 |∇|=5.05e+01 γ=0.996 T=0.0498
2026-04-29 16:55:30,109 INFO train_distributed it= 149 lr=2.51e-04 loss_world=0.9201 |∇|=1.01e+01 γ=0.995 T=0.0499
2026-04-29 16:56:06,523 INFO train_distributed it= 159 lr=2.00e-04 loss_world=0.6716 |∇|=9.34e+00 γ=0.995 T=0.0499
2026-04-29 16:56:42,935 INFO train_distributed it= 169 lr=1.58e-04 loss_world=0.9326 |∇|=1.80e+01 γ=0.995 T=0.0499
2026-04-29 16:57:19,351 INFO train_distributed it= 179 lr=1.27e-04 loss_world=1.1043 |∇|=1.50e+02 γ=0.995 T=0.0499
2026-04-29 16:57:55,772 INFO train_distributed it= 189 lr=1.07e-04 loss_world=0.8944 |∇|=1.35e+01 γ=0.995 T=0.0499
2026-04-29 16:58:32,197 INFO train_distributed it= 199 lr=1.00e-04 loss_world=0.8903 |∇|=1.42e+01 γ=0.995 T=0.0498
2026-04-29 16:58:32,203 INFO train_distributed training finished in 729.8s (200 iters, world_size=1)
2026-04-29 16:58:32,203 INFO train_distributed [rank 0] peak HBM: alloc=9.10 GB, reserved=10.26 GB
2026-04-29 16:58:32,206 INFO train_distributed [rank 0] wrote experiments/044_arch_all_stacked/results_stack_no_isab_seed3/training_log.json
