2026-04-29 17:06:29,255 INFO train_distributed [dist] rank=0 world_size=1 local_rank=0 cuda_available=True
2026-04-29 17:06:29,297 INFO train_distributed loaded 2,841 returns for spx/2015-2026_daily
2026-04-29 17:06:29,304 INFO train_distributed targets: acf_sq=0.342 leverage_sum=-0.790 hill_alpha=2.68
2026-04-29 17:06:32,083 INFO train_distributed EcoMDSimulator built: 41381 parameters (device=cuda:0)
2026-04-29 17:06:35,816 INFO train_distributed it=   0 lr=1.00e-04 loss_world=4.2892 |∇|=3.69e+02 γ=1.000 T=0.0500
2026-04-29 17:06:57,972 INFO train_distributed it=   9 lr=1.00e-03 loss_world=2.1920 |∇|=1.25e+02 γ=0.997 T=0.0499
2026-04-29 17:07:22,583 INFO train_distributed it=  19 lr=9.95e-04 loss_world=1.6723 |∇|=7.18e+02 γ=0.995 T=0.0498
2026-04-29 17:07:47,195 INFO train_distributed it=  29 lr=9.78e-04 loss_world=3.3646 |∇|=1.01e+02 γ=0.993 T=0.0499
2026-04-29 17:08:11,818 INFO train_distributed it=  39 lr=9.49e-04 loss_world=4.4025 |∇|=7.19e+02 γ=0.990 T=0.0500
2026-04-29 17:08:36,448 INFO train_distributed it=  49 lr=9.10e-04 loss_world=1.7299 |∇|=1.94e+01 γ=0.987 T=0.0501
2026-04-29 17:09:01,073 INFO train_distributed it=  59 lr=8.60e-04 loss_world=2.6155 |∇|=1.63e+01 γ=0.985 T=0.0501
2026-04-29 17:09:25,704 INFO train_distributed it=  69 lr=8.02e-04 loss_world=2.4632 |∇|=2.43e+01 γ=0.984 T=0.0501
2026-04-29 17:09:50,336 INFO train_distributed it=  79 lr=7.38e-04 loss_world=1.7038 |∇|=2.18e+02 γ=0.983 T=0.0502
2026-04-29 17:10:14,974 INFO train_distributed it=  89 lr=6.68e-04 loss_world=2.6223 |∇|=1.87e+01 γ=0.981 T=0.0503
2026-04-29 17:10:39,617 INFO train_distributed it=  99 lr=5.95e-04 loss_world=1.2891 |∇|=3.73e+02 γ=0.979 T=0.0505
2026-04-29 17:11:04,264 INFO train_distributed it= 109 lr=5.20e-04 loss_world=2.3648 |∇|=4.23e+02 γ=0.978 T=0.0506
2026-04-29 17:11:28,916 INFO train_distributed it= 119 lr=4.47e-04 loss_world=3.5188 |∇|=3.00e+02 γ=0.979 T=0.0508
2026-04-29 17:11:53,597 INFO train_distributed it= 129 lr=3.76e-04 loss_world=1.8813 |∇|=2.64e+02 γ=0.978 T=0.0508
2026-04-29 17:12:18,323 INFO train_distributed it= 139 lr=3.10e-04 loss_world=1.0068 |∇|=5.83e+02 γ=0.977 T=0.0508
2026-04-29 17:12:43,048 INFO train_distributed it= 149 lr=2.51e-04 loss_world=1.0399 |∇|=9.79e+02 γ=0.977 T=0.0508
2026-04-29 17:13:07,757 INFO train_distributed it= 159 lr=2.00e-04 loss_world=1.2385 |∇|=6.52e+02 γ=0.977 T=0.0508
2026-04-29 17:13:32,443 INFO train_distributed it= 169 lr=1.58e-04 loss_world=0.7161 |∇|=2.35e+02 γ=0.977 T=0.0508
2026-04-29 17:13:57,105 INFO train_distributed it= 179 lr=1.27e-04 loss_world=0.7967 |∇|=1.63e+02 γ=0.978 T=0.0508
2026-04-29 17:14:21,756 INFO train_distributed it= 189 lr=1.07e-04 loss_world=0.6949 |∇|=5.62e+02 γ=0.978 T=0.0507
2026-04-29 17:14:46,435 INFO train_distributed it= 199 lr=1.00e-04 loss_world=4.2053 |∇|=3.40e+03 γ=0.978 T=0.0507
2026-04-29 17:14:46,441 INFO train_distributed training finished in 494.4s (200 iters, world_size=1)
2026-04-29 17:14:46,441 INFO train_distributed [rank 0] peak HBM: alloc=11.50 GB, reserved=11.67 GB
2026-04-29 17:14:46,445 INFO train_distributed [rank 0] wrote experiments/047_arch_tier_4_2_dyngraph/results_t42_dyngraph_no_u_seed0/training_log.json
