2026-04-29 11:52:21,904 INFO train_distributed [dist] rank=0 world_size=1 local_rank=0 cuda_available=True
2026-04-29 11:52:21,946 INFO train_distributed loaded 2,841 returns for spx/2015-2026_daily
2026-04-29 11:52:21,954 INFO train_distributed targets: acf_sq=0.342 leverage_sum=-0.790 hill_alpha=2.68
2026-04-29 11:52:23,470 INFO train_distributed EcoMDSimulator built: 40997 parameters (device=cuda:0)
2026-04-29 11:52:26,199 INFO train_distributed it=   0 lr=1.00e-04 loss_world=6.1822 |∇|=2.45e+02 γ=1.000 T=0.0500
2026-04-29 11:52:39,099 INFO train_distributed it=   9 lr=1.00e-03 loss_world=2.7435 |∇|=6.79e+01 γ=0.998 T=0.0501
2026-04-29 11:52:53,468 INFO train_distributed it=  19 lr=9.95e-04 loss_world=48.5079 |∇|=8.34e+04 γ=1.000 T=0.0501
2026-04-29 11:53:07,791 INFO train_distributed it=  29 lr=9.78e-04 loss_world=5.5438 |∇|=6.26e+02 γ=0.998 T=0.0502
2026-04-29 11:53:22,065 INFO train_distributed it=  39 lr=9.49e-04 loss_world=218.6508 |∇|=1.21e+05 γ=0.996 T=0.0502
2026-04-29 11:53:36,300 INFO train_distributed it=  49 lr=9.10e-04 loss_world=8.3311 |∇|=7.75e+02 γ=0.990 T=0.0504
2026-04-29 11:53:50,558 INFO train_distributed it=  59 lr=8.60e-04 loss_world=5.1487 |∇|=8.06e+04 γ=0.984 T=0.0506
2026-04-29 11:54:04,797 INFO train_distributed it=  69 lr=8.02e-04 loss_world=7.5633 |∇|=1.18e+03 γ=0.981 T=0.0506
2026-04-29 11:54:19,017 INFO train_distributed it=  79 lr=7.38e-04 loss_world=3.4540 |∇|=3.67e+03 γ=0.974 T=0.0506
2026-04-29 11:54:33,249 INFO train_distributed it=  89 lr=6.68e-04 loss_world=2.5079 |∇|=2.64e+07 γ=0.970 T=0.0505
2026-04-29 11:54:47,474 INFO train_distributed it=  99 lr=5.95e-04 loss_world=2.3906 |∇|=3.66e+14 γ=0.969 T=0.0505
2026-04-29 11:55:01,693 INFO train_distributed it= 109 lr=5.20e-04 loss_world=2.3644 |∇|=1.29e+15 γ=0.968 T=0.0505
2026-04-29 11:55:15,927 INFO train_distributed it= 119 lr=4.47e-04 loss_world=2.3211 |∇|=7.81e+10 γ=0.968 T=0.0505
2026-04-29 11:55:30,153 INFO train_distributed it= 129 lr=3.76e-04 loss_world=9.1823 |∇|=1.45e+09 γ=0.968 T=0.0505
2026-04-29 11:55:44,371 INFO train_distributed it= 139 lr=3.10e-04 loss_world=164.0105 |∇|=2.87e+04 γ=0.970 T=0.0505
2026-04-29 11:55:58,585 INFO train_distributed it= 149 lr=2.51e-04 loss_world=3.8141 |∇|=2.47e+07 γ=0.972 T=0.0505
2026-04-29 11:56:12,809 INFO train_distributed it= 159 lr=2.00e-04 loss_world=15.0003 |∇|=1.34e+14 γ=0.973 T=0.0505
2026-04-29 11:56:27,026 INFO train_distributed it= 169 lr=1.58e-04 loss_world=4.5986 |∇|=1.82e+06 γ=0.974 T=0.0505
2026-04-29 11:56:41,252 INFO train_distributed it= 179 lr=1.27e-04 loss_world=6.8017 |∇|=4.32e+05 γ=0.974 T=0.0505
2026-04-29 11:56:55,489 INFO train_distributed it= 189 lr=1.07e-04 loss_world=7.5770 |∇|=1.97e+12 γ=0.974 T=0.0505
2026-04-29 11:57:09,745 INFO train_distributed it= 199 lr=1.00e-04 loss_world=9.8179 |∇|=5.66e+12 γ=0.974 T=0.0505
2026-04-29 11:57:09,750 INFO train_distributed training finished in 286.3s (200 iters, world_size=1)
2026-04-29 11:57:09,751 INFO train_distributed [rank 0] peak HBM: alloc=9.15 GB, reserved=9.70 GB
2026-04-29 11:57:09,753 INFO train_distributed [rank 0] wrote experiments/047_arch_tier_4_2_dyngraph/results_t42_dyngraph_no_u_seed0/training_log.json
