2026-04-28 18:12:16,030 INFO train_distributed [dist] rank=0 world_size=1 local_rank=0 cuda_available=True
2026-04-28 18:12:16,072 INFO train_distributed loaded 2,841 returns for spx/2015-2026_daily
2026-04-28 18:12:16,080 INFO train_distributed targets: acf_sq=0.342 leverage_sum=-0.790 hill_alpha=2.68
2026-04-28 18:12:16,483 INFO train_distributed EcoMDSimulator built: 34408 parameters (device=cuda:0)
2026-04-28 18:12:18,829 INFO train_distributed it=   0 lr=1.00e-04 loss_world=29.4963 |∇|=2.14e+03 γ=1.000 T=0.0500
2026-04-28 18:12:28,862 INFO train_distributed it=   9 lr=1.00e-03 loss_world=2.3383 |∇|=7.72e+01 γ=1.004 T=0.0499
2026-04-28 18:12:40,088 INFO train_distributed it=  19 lr=9.95e-04 loss_world=5.4237 |∇|=5.34e+02 γ=1.007 T=0.0499
2026-04-28 18:12:51,295 INFO train_distributed it=  29 lr=9.78e-04 loss_world=2.9638 |∇|=9.08e+02 γ=1.006 T=0.0498
2026-04-28 18:13:02,506 INFO train_distributed it=  39 lr=9.49e-04 loss_world=3.0152 |∇|=8.30e+02 γ=1.003 T=0.0498
2026-04-28 18:13:13,712 INFO train_distributed it=  49 lr=9.10e-04 loss_world=3.6943 |∇|=8.90e+02 γ=1.000 T=0.0497
2026-04-28 18:13:24,908 INFO train_distributed it=  59 lr=8.60e-04 loss_world=2.4310 |∇|=2.31e+02 γ=0.995 T=0.0497
2026-04-28 18:13:36,107 INFO train_distributed it=  69 lr=8.02e-04 loss_world=2.6404 |∇|=4.16e+02 γ=0.992 T=0.0497
2026-04-28 18:13:47,310 INFO train_distributed it=  79 lr=7.38e-04 loss_world=1.1597 |∇|=7.82e+01 γ=0.989 T=0.0497
2026-04-28 18:13:58,509 INFO train_distributed it=  89 lr=6.68e-04 loss_world=1.4312 |∇|=7.14e+01 γ=0.988 T=0.0497
2026-04-28 18:14:09,713 INFO train_distributed it=  99 lr=5.95e-04 loss_world=17.3596 |∇|=3.74e+03 γ=0.988 T=0.0497
2026-04-28 18:14:20,901 INFO train_distributed it= 109 lr=5.20e-04 loss_world=1.0704 |∇|=3.71e+02 γ=0.987 T=0.0498
2026-04-28 18:14:32,087 INFO train_distributed it= 119 lr=4.47e-04 loss_world=2.1617 |∇|=1.06e+03 γ=0.987 T=0.0498
2026-04-28 18:14:43,280 INFO train_distributed it= 129 lr=3.76e-04 loss_world=1.4295 |∇|=2.08e+02 γ=0.987 T=0.0498
2026-04-28 18:14:54,469 INFO train_distributed it= 139 lr=3.10e-04 loss_world=1.4911 |∇|=3.32e+03 γ=0.987 T=0.0498
2026-04-28 18:15:05,664 INFO train_distributed it= 149 lr=2.51e-04 loss_world=3.7933 |∇|=2.09e+03 γ=0.987 T=0.0498
2026-04-28 18:15:16,855 INFO train_distributed it= 159 lr=2.00e-04 loss_world=1.3804 |∇|=1.29e+02 γ=0.987 T=0.0498
2026-04-28 18:15:28,038 INFO train_distributed it= 169 lr=1.58e-04 loss_world=1.3938 |∇|=1.76e+02 γ=0.987 T=0.0498
2026-04-28 18:15:39,219 INFO train_distributed it= 179 lr=1.27e-04 loss_world=1.6742 |∇|=2.42e+02 γ=0.987 T=0.0499
2026-04-28 18:15:50,401 INFO train_distributed it= 189 lr=1.07e-04 loss_world=1.7437 |∇|=2.40e+02 γ=0.987 T=0.0499
2026-04-28 18:16:01,585 INFO train_distributed it= 199 lr=1.00e-04 loss_world=1.1745 |∇|=1.15e+02 γ=0.987 T=0.0499
2026-04-28 18:16:01,590 INFO train_distributed training finished in 225.1s (200 iters, world_size=1)
2026-04-28 18:16:01,591 INFO train_distributed [rank 0] peak HBM: alloc=7.10 GB, reserved=7.69 GB
2026-04-28 18:16:01,594 INFO train_distributed [rank 0] wrote experiments/037_arch_tier_1_1_memory/results_t11_memory_seed9/training_log.json
