2026-04-28 19:31:15,710 INFO train_distributed [dist] rank=0 world_size=1 local_rank=0 cuda_available=True
2026-04-28 19:31:15,753 INFO train_distributed loaded 2,841 returns for spx/2015-2026_daily
2026-04-28 19:31:15,760 INFO train_distributed targets: acf_sq=0.342 leverage_sum=-0.790 hill_alpha=2.68
2026-04-28 19:31:16,247 INFO train_distributed EcoMDSimulator built: 34408 parameters (device=cuda:0)
2026-04-28 19:31:19,949 INFO train_distributed it=   0 lr=1.00e-04 loss_world=13.9633 |∇|=6.68e+02 γ=1.000 T=0.0500
2026-04-28 19:31:41,348 INFO train_distributed it=   9 lr=1.00e-03 loss_world=1.9336 |∇|=4.74e+01 γ=0.995 T=0.0500
2026-04-28 19:32:05,269 INFO train_distributed it=  19 lr=9.95e-04 loss_world=2.0572 |∇|=9.00e+01 γ=0.989 T=0.0499
2026-04-28 19:32:29,250 INFO train_distributed it=  29 lr=9.78e-04 loss_world=3.4383 |∇|=1.65e+03 γ=0.987 T=0.0499
2026-04-28 19:32:53,199 INFO train_distributed it=  39 lr=9.49e-04 loss_world=12.8076 |∇|=1.57e+03 γ=0.985 T=0.0499
2026-04-28 19:33:17,149 INFO train_distributed it=  49 lr=9.10e-04 loss_world=1.7564 |∇|=1.89e+02 γ=0.983 T=0.0500
2026-04-28 19:33:41,095 INFO train_distributed it=  59 lr=8.60e-04 loss_world=0.7105 |∇|=4.20e+02 γ=0.981 T=0.0501
2026-04-28 19:34:05,042 INFO train_distributed it=  69 lr=8.02e-04 loss_world=1.2940 |∇|=1.83e+02 γ=0.980 T=0.0501
2026-04-28 19:34:28,973 INFO train_distributed it=  79 lr=7.38e-04 loss_world=1.6540 |∇|=1.32e+02 γ=0.979 T=0.0501
2026-04-28 19:34:52,926 INFO train_distributed it=  89 lr=6.68e-04 loss_world=1.0309 |∇|=1.28e+02 γ=0.979 T=0.0501
2026-04-28 19:35:16,867 INFO train_distributed it=  99 lr=5.95e-04 loss_world=1.3118 |∇|=2.64e+02 γ=0.979 T=0.0500
2026-04-28 19:35:40,806 INFO train_distributed it= 109 lr=5.20e-04 loss_world=7.8782 |∇|=1.59e+03 γ=0.979 T=0.0500
2026-04-28 19:36:04,745 INFO train_distributed it= 119 lr=4.47e-04 loss_world=15.3534 |∇|=5.55e+03 γ=0.979 T=0.0500
2026-04-28 19:36:28,662 INFO train_distributed it= 129 lr=3.76e-04 loss_world=5.8160 |∇|=2.81e+03 γ=0.980 T=0.0499
2026-04-28 19:36:52,596 INFO train_distributed it= 139 lr=3.10e-04 loss_world=6.3153 |∇|=2.70e+03 γ=0.981 T=0.0499
2026-04-28 19:37:16,529 INFO train_distributed it= 149 lr=2.51e-04 loss_world=1.3677 |∇|=1.91e+02 γ=0.982 T=0.0499
2026-04-28 19:37:40,467 INFO train_distributed it= 159 lr=2.00e-04 loss_world=1.4769 |∇|=1.67e+02 γ=0.982 T=0.0499
2026-04-28 19:37:55,332 INFO train_distributed it= 169 lr=1.58e-04 loss_world=1.0944 |∇|=2.10e+02 γ=0.982 T=0.0499
2026-04-28 19:38:06,551 INFO train_distributed it= 179 lr=1.27e-04 loss_world=1.2059 |∇|=2.93e+02 γ=0.982 T=0.0499
2026-04-28 19:38:17,767 INFO train_distributed it= 189 lr=1.07e-04 loss_world=2.3304 |∇|=4.64e+03 γ=0.982 T=0.0499
2026-04-28 19:38:28,985 INFO train_distributed it= 199 lr=1.00e-04 loss_world=1.1059 |∇|=1.24e+03 γ=0.982 T=0.0499
2026-04-28 19:38:28,991 INFO train_distributed training finished in 432.7s (200 iters, world_size=1)
2026-04-28 19:38:28,991 INFO train_distributed [rank 0] peak HBM: alloc=7.10 GB, reserved=7.69 GB
2026-04-28 19:38:28,994 INFO train_distributed [rank 0] wrote experiments/043_arch_pairs/results_p_1_1__2_1_seed0/training_log.json
