2026-04-29 11:16:03,809 INFO train_distributed [dist] rank=0 world_size=1 local_rank=0 cuda_available=True
2026-04-29 11:16:03,853 INFO train_distributed loaded 2,841 returns for spx/2015-2026_daily
2026-04-29 11:16:03,861 INFO train_distributed targets: acf_sq=0.342 leverage_sum=-0.790 hill_alpha=2.68
2026-04-29 11:16:06,104 INFO train_distributed EcoMDSimulator built: 34780 parameters (device=cuda:0)
2026-04-29 11:16:08,530 INFO train_distributed it=   0 lr=1.00e-04 loss_world=18.9221 |∇|=5.68e+03 γ=1.000 T=0.0500
2026-04-29 11:16:18,456 INFO train_distributed it=   9 lr=1.00e-03 loss_world=6.0193 |∇|=7.53e+02 γ=0.997 T=0.0500
2026-04-29 11:16:29,604 INFO train_distributed it=  19 lr=9.95e-04 loss_world=2.4266 |∇|=2.03e+02 γ=0.990 T=0.0499
2026-04-29 11:16:40,740 INFO train_distributed it=  29 lr=9.78e-04 loss_world=2.6579 |∇|=3.08e+02 γ=0.983 T=0.0499
2026-04-29 11:16:51,868 INFO train_distributed it=  39 lr=9.49e-04 loss_world=6.1035 |∇|=7.74e+02 γ=0.977 T=0.0499
2026-04-29 11:17:03,002 INFO train_distributed it=  49 lr=9.10e-04 loss_world=5.8018 |∇|=7.45e+02 γ=0.971 T=0.0499
2026-04-29 11:17:14,138 INFO train_distributed it=  59 lr=8.60e-04 loss_world=2.6804 |∇|=1.14e+02 γ=0.965 T=0.0499
2026-04-29 11:17:25,265 INFO train_distributed it=  69 lr=8.02e-04 loss_world=1.9732 |∇|=2.34e+02 γ=0.962 T=0.0499
2026-04-29 11:17:36,395 INFO train_distributed it=  79 lr=7.38e-04 loss_world=2.0233 |∇|=1.49e+02 γ=0.960 T=0.0499
2026-04-29 11:17:47,541 INFO train_distributed it=  89 lr=6.68e-04 loss_world=2.3532 |∇|=7.29e+02 γ=0.960 T=0.0499
2026-04-29 11:17:58,672 INFO train_distributed it=  99 lr=5.95e-04 loss_world=2.2381 |∇|=5.22e+02 γ=0.959 T=0.0500
2026-04-29 11:18:09,813 INFO train_distributed it= 109 lr=5.20e-04 loss_world=1.9937 |∇|=5.14e+02 γ=0.959 T=0.0500
2026-04-29 11:18:20,947 INFO train_distributed it= 119 lr=4.47e-04 loss_world=2.5376 |∇|=1.55e+03 γ=0.958 T=0.0500
2026-04-29 11:18:32,093 INFO train_distributed it= 129 lr=3.76e-04 loss_world=2.3034 |∇|=1.48e+03 γ=0.958 T=0.0500
2026-04-29 11:18:43,240 INFO train_distributed it= 139 lr=3.10e-04 loss_world=2.2699 |∇|=6.85e+02 γ=0.958 T=0.0500
2026-04-29 11:18:54,379 INFO train_distributed it= 149 lr=2.51e-04 loss_world=2.4566 |∇|=3.46e+03 γ=0.958 T=0.0500
2026-04-29 11:19:05,518 INFO train_distributed it= 159 lr=2.00e-04 loss_world=3.9756 |∇|=2.97e+04 γ=0.958 T=0.0500
2026-04-29 11:19:16,669 INFO train_distributed it= 169 lr=1.58e-04 loss_world=1.9744 |∇|=1.64e+03 γ=0.958 T=0.0500
2026-04-29 11:19:27,805 INFO train_distributed it= 179 lr=1.27e-04 loss_world=2.2275 |∇|=3.58e+03 γ=0.958 T=0.0500
2026-04-29 11:19:38,950 INFO train_distributed it= 189 lr=1.07e-04 loss_world=2.0214 |∇|=1.30e+04 γ=0.958 T=0.0500
2026-04-29 11:19:50,094 INFO train_distributed it= 199 lr=1.00e-04 loss_world=2.0072 |∇|=2.54e+03 γ=0.958 T=0.0500
2026-04-29 11:19:50,100 INFO train_distributed training finished in 224.0s (200 iters, world_size=1)
2026-04-29 11:19:50,100 INFO train_distributed [rank 0] peak HBM: alloc=7.09 GB, reserved=7.68 GB
2026-04-29 11:19:50,103 INFO train_distributed [rank 0] wrote experiments/045_arch_tier_4_1_megnet/results_t41_megnet_ext_only_seed1/training_log.json
