═══ PHASE RUN — Wed Apr 29 11:15:57 AM CST 2026 ═══
  CONFIG_DIR=experiments/045_arch_tier_4_1_megnet NPROC=1 PARALLEL=8 SKIP_DONE=1
  Configs: 20

═ TRAIN t41_megnet_ext_only_seed0 (card 0) ═ 11:15:57

═ TRAIN t41_megnet_ext_only_seed1 (card 1) ═ 11:15:57

═ TRAIN t41_megnet_ext_only_seed2 (card 2) ═ 11:15:57

═ TRAIN t41_megnet_ext_only_seed3 (card 3) ═ 11:15:57

═ TRAIN t41_megnet_ext_only_seed4 (card 4) ═ 11:15:57

═ TRAIN t41_megnet_ext_only_seed5 (card 5) ═ 11:15:57

═ TRAIN t41_megnet_ext_only_seed6 (card 6) ═ 11:15:57

═ TRAIN t41_megnet_ext_only_seed7 (card 7) ═ 11:15:57
2026-04-29 11:16:01,613 INFO train_distributed [dist] rank=0 world_size=1 local_rank=0 cuda_available=True
2026-04-29 11:16:01,659 INFO train_distributed loaded 2,841 returns for spx/2015-2026_daily
2026-04-29 11:16:01,666 INFO train_distributed targets: acf_sq=0.342 leverage_sum=-0.790 hill_alpha=2.68
2026-04-29 11:16:02,684 INFO train_distributed [dist] rank=0 world_size=1 local_rank=0 cuda_available=True
2026-04-29 11:16:02,728 INFO train_distributed loaded 2,841 returns for spx/2015-2026_daily
2026-04-29 11:16:02,735 INFO train_distributed targets: acf_sq=0.342 leverage_sum=-0.790 hill_alpha=2.68
2026-04-29 11:16:03,392 INFO train_distributed [dist] rank=0 world_size=1 local_rank=0 cuda_available=True
2026-04-29 11:16:03,437 INFO train_distributed loaded 2,841 returns for spx/2015-2026_daily
2026-04-29 11:16:03,444 INFO train_distributed targets: acf_sq=0.342 leverage_sum=-0.790 hill_alpha=2.68
2026-04-29 11:16:03,809 INFO train_distributed [dist] rank=0 world_size=1 local_rank=0 cuda_available=True
2026-04-29 11:16:03,853 INFO train_distributed loaded 2,841 returns for spx/2015-2026_daily
2026-04-29 11:16:03,861 INFO train_distributed targets: acf_sq=0.342 leverage_sum=-0.790 hill_alpha=2.68
2026-04-29 11:16:04,174 INFO train_distributed [dist] rank=0 world_size=1 local_rank=0 cuda_available=True
2026-04-29 11:16:04,217 INFO train_distributed loaded 2,841 returns for spx/2015-2026_daily
2026-04-29 11:16:04,224 INFO train_distributed targets: acf_sq=0.342 leverage_sum=-0.790 hill_alpha=2.68
2026-04-29 11:16:04,589 INFO train_distributed [dist] rank=0 world_size=1 local_rank=0 cuda_available=True
2026-04-29 11:16:04,634 INFO train_distributed loaded 2,841 returns for spx/2015-2026_daily
2026-04-29 11:16:04,642 INFO train_distributed targets: acf_sq=0.342 leverage_sum=-0.790 hill_alpha=2.68
2026-04-29 11:16:05,001 INFO train_distributed [dist] rank=0 world_size=1 local_rank=0 cuda_available=True
2026-04-29 11:16:05,045 INFO train_distributed loaded 2,841 returns for spx/2015-2026_daily
2026-04-29 11:16:05,052 INFO train_distributed targets: acf_sq=0.342 leverage_sum=-0.790 hill_alpha=2.68
2026-04-29 11:16:05,500 INFO train_distributed [dist] rank=0 world_size=1 local_rank=0 cuda_available=True
2026-04-29 11:16:05,547 INFO train_distributed loaded 2,841 returns for spx/2015-2026_daily
2026-04-29 11:16:05,556 INFO train_distributed targets: acf_sq=0.342 leverage_sum=-0.790 hill_alpha=2.68
2026-04-29 11:16:06,006 INFO train_distributed EcoMDSimulator built: 34780 parameters (device=cuda:0)
2026-04-29 11:16:06,100 INFO train_distributed EcoMDSimulator built: 34780 parameters (device=cuda:0)
2026-04-29 11:16:06,100 INFO train_distributed EcoMDSimulator built: 34780 parameters (device=cuda:0)
2026-04-29 11:16:06,104 INFO train_distributed EcoMDSimulator built: 34780 parameters (device=cuda:0)
2026-04-29 11:16:06,104 INFO train_distributed EcoMDSimulator built: 34780 parameters (device=cuda:0)
2026-04-29 11:16:06,105 INFO train_distributed EcoMDSimulator built: 34780 parameters (device=cuda:0)
2026-04-29 11:16:06,106 INFO train_distributed EcoMDSimulator built: 34780 parameters (device=cuda:0)
2026-04-29 11:16:06,243 INFO train_distributed EcoMDSimulator built: 34780 parameters (device=cuda:0)
2026-04-29 11:16:08,370 INFO train_distributed it=   0 lr=1.00e-04 loss_world=6.6564 |∇|=3.04e+03 γ=1.000 T=0.0500
2026-04-29 11:16:08,502 INFO train_distributed it=   0 lr=1.00e-04 loss_world=1316.5596 |∇|=3.21e+06 γ=1.000 T=0.0500
2026-04-29 11:16:08,505 INFO train_distributed it=   0 lr=1.00e-04 loss_world=14.2546 |∇|=6.62e+02 γ=1.000 T=0.0500
2026-04-29 11:16:08,510 INFO train_distributed it=   0 lr=1.00e-04 loss_world=105.9259 |∇|=4.48e+04 γ=1.000 T=0.0500
2026-04-29 11:16:08,529 INFO train_distributed it=   0 lr=1.00e-04 loss_world=13.4896 |∇|=1.60e+03 γ=1.000 T=0.0500
2026-04-29 11:16:08,530 INFO train_distributed it=   0 lr=1.00e-04 loss_world=18.9221 |∇|=5.68e+03 γ=1.000 T=0.0500
2026-04-29 11:16:08,541 INFO train_distributed it=   0 lr=1.00e-04 loss_world=2.7649 |∇|=2.21e+03 γ=1.000 T=0.0500
2026-04-29 11:16:08,629 INFO train_distributed it=   0 lr=1.00e-04 loss_world=19.0260 |∇|=9.18e+02 γ=1.000 T=0.0500
2026-04-29 11:16:18,317 INFO train_distributed it=   9 lr=1.00e-03 loss_world=2.2166 |∇|=1.61e+02 γ=0.998 T=0.0500
2026-04-29 11:16:18,409 INFO train_distributed it=   9 lr=1.00e-03 loss_world=6.6633 |∇|=3.02e+02 γ=0.997 T=0.0501
2026-04-29 11:16:18,456 INFO train_distributed it=   9 lr=1.00e-03 loss_world=6.0193 |∇|=7.53e+02 γ=0.997 T=0.0500
2026-04-29 11:16:18,470 INFO train_distributed it=   9 lr=1.00e-03 loss_world=4.4629 |∇|=8.79e+02 γ=1.000 T=0.0499
2026-04-29 11:16:18,475 INFO train_distributed it=   9 lr=1.00e-03 loss_world=2.4349 |∇|=1.27e+02 γ=0.999 T=0.0500
2026-04-29 11:16:18,520 INFO train_distributed it=   9 lr=1.00e-03 loss_world=1.9486 |∇|=8.31e+02 γ=0.995 T=0.0500
2026-04-29 11:16:18,566 INFO train_distributed it=   9 lr=1.00e-03 loss_world=1.6229 |∇|=6.95e+02 γ=0.996 T=0.0501
2026-04-29 11:16:18,596 INFO train_distributed it=   9 lr=1.00e-03 loss_world=13.5830 |∇|=5.81e+02 γ=0.995 T=0.0498
2026-04-29 11:16:29,478 INFO train_distributed it=  19 lr=9.95e-04 loss_world=2.4027 |∇|=1.89e+02 γ=0.993 T=0.0501
2026-04-29 11:16:29,543 INFO train_distributed it=  19 lr=9.95e-04 loss_world=0.6158 |∇|=2.39e+02 γ=0.991 T=0.0501
2026-04-29 11:16:29,604 INFO train_distributed it=  19 lr=9.95e-04 loss_world=2.4266 |∇|=2.03e+02 γ=0.990 T=0.0499
2026-04-29 11:16:29,624 INFO train_distributed it=  19 lr=9.95e-04 loss_world=1.7329 |∇|=3.11e+01 γ=0.999 T=0.0498
2026-04-29 11:16:29,649 INFO train_distributed it=  19 lr=9.95e-04 loss_world=1.9528 |∇|=8.91e+01 γ=0.994 T=0.0499
2026-04-29 11:16:29,714 INFO train_distributed it=  19 lr=9.95e-04 loss_world=1.8756 |∇|=9.01e+01 γ=0.988 T=0.0502
2026-04-29 11:16:29,765 INFO train_distributed it=  19 lr=9.95e-04 loss_world=1.1287 |∇|=7.88e+02 γ=0.989 T=0.0496
2026-04-29 11:16:29,838 INFO train_distributed it=  19 lr=9.95e-04 loss_world=1.9665 |∇|=6.56e+01 γ=0.992 T=0.0501
2026-04-29 11:16:40,668 INFO train_distributed it=  29 lr=9.78e-04 loss_world=5.3023 |∇|=1.36e+03 γ=0.990 T=0.0502
2026-04-29 11:16:40,703 INFO train_distributed it=  29 lr=9.78e-04 loss_world=0.9523 |∇|=3.21e+02 γ=0.988 T=0.0501
2026-04-29 11:16:40,740 INFO train_distributed it=  29 lr=9.78e-04 loss_world=2.6579 |∇|=3.08e+02 γ=0.983 T=0.0499
2026-04-29 11:16:40,797 INFO train_distributed it=  29 lr=9.78e-04 loss_world=1.1581 |∇|=1.08e+02 γ=1.001 T=0.0499
2026-04-29 11:16:40,824 INFO train_distributed it=  29 lr=9.78e-04 loss_world=11.5575 |∇|=1.99e+03 γ=0.989 T=0.0499
2026-04-29 11:16:40,913 INFO train_distributed it=  29 lr=9.78e-04 loss_world=2.2726 |∇|=2.02e+02 γ=0.984 T=0.0502
2026-04-29 11:16:40,927 INFO train_distributed it=  29 lr=9.78e-04 loss_world=1.9035 |∇|=1.49e+02 γ=0.986 T=0.0496
2026-04-29 11:16:41,161 INFO train_distributed it=  29 lr=9.78e-04 loss_world=0.9567 |∇|=4.71e+01 γ=0.989 T=0.0501
2026-04-29 11:16:51,827 INFO train_distributed it=  39 lr=9.49e-04 loss_world=0.9715 |∇|=1.71e+02 γ=0.986 T=0.0502
2026-04-29 11:16:51,858 INFO train_distributed it=  39 lr=9.49e-04 loss_world=6.8362 |∇|=8.15e+02 γ=0.986 T=0.0501
2026-04-29 11:16:51,868 INFO train_distributed it=  39 lr=9.49e-04 loss_world=6.1035 |∇|=7.74e+02 γ=0.977 T=0.0499
2026-04-29 11:16:51,958 INFO train_distributed it=  39 lr=9.49e-04 loss_world=1.5841 |∇|=8.61e+01 γ=1.004 T=0.0500
2026-04-29 11:16:51,981 INFO train_distributed it=  39 lr=9.49e-04 loss_world=1.2955 |∇|=1.61e+03 γ=0.982 T=0.0500
2026-04-29 11:16:52,084 INFO train_distributed it=  39 lr=9.49e-04 loss_world=1.1728 |∇|=1.87e+02 γ=0.984 T=0.0496
2026-04-29 11:16:52,105 INFO train_distributed it=  39 lr=9.49e-04 loss_world=3.0319 |∇|=8.39e+02 γ=0.980 T=0.0501
2026-04-29 11:16:52,493 INFO train_distributed it=  39 lr=9.49e-04 loss_world=1.0760 |∇|=2.37e+01 γ=0.987 T=0.0501
2026-04-29 11:17:02,999 INFO train_distributed it=  49 lr=9.10e-04 loss_world=1.5265 |∇|=1.50e+02 γ=0.981 T=0.0502
2026-04-29 11:17:03,002 INFO train_distributed it=  49 lr=9.10e-04 loss_world=5.8018 |∇|=7.45e+02 γ=0.971 T=0.0499
2026-04-29 11:17:03,012 INFO train_distributed it=  49 lr=9.10e-04 loss_world=1.0137 |∇|=3.09e+02 γ=0.985 T=0.0501
2026-04-29 11:17:03,121 INFO train_distributed it=  49 lr=9.10e-04 loss_world=2.6038 |∇|=5.45e+02 γ=1.005 T=0.0500
2026-04-29 11:17:03,141 INFO train_distributed it=  49 lr=9.10e-04 loss_world=7.8858 |∇|=1.68e+03 γ=0.978 T=0.0500
2026-04-29 11:17:03,247 INFO train_distributed it=  49 lr=9.10e-04 loss_world=10.8515 |∇|=4.65e+03 γ=0.983 T=0.0496
2026-04-29 11:17:03,281 INFO train_distributed it=  49 lr=9.10e-04 loss_world=1.2809 |∇|=2.23e+02 γ=0.977 T=0.0501
2026-04-29 11:17:03,813 INFO train_distributed it=  49 lr=9.10e-04 loss_world=1.0590 |∇|=2.54e+01 γ=0.986 T=0.0501
2026-04-29 11:17:14,138 INFO train_distributed it=  59 lr=8.60e-04 loss_world=2.6804 |∇|=1.14e+02 γ=0.965 T=0.0499
2026-04-29 11:17:14,168 INFO train_distributed it=  59 lr=8.60e-04 loss_world=1.3341 |∇|=1.80e+02 γ=0.984 T=0.0500
2026-04-29 11:17:14,192 INFO train_distributed it=  59 lr=8.60e-04 loss_world=1.5720 |∇|=1.52e+02 γ=0.979 T=0.0501
2026-04-29 11:17:14,272 INFO train_distributed it=  59 lr=8.60e-04 loss_world=6.9998 |∇|=1.36e+03 γ=1.004 T=0.0499
2026-04-29 11:17:14,289 INFO train_distributed it=  59 lr=8.60e-04 loss_world=1.1712 |∇|=2.88e+03 γ=0.973 T=0.0500
2026-04-29 11:17:14,407 INFO train_distributed it=  59 lr=8.60e-04 loss_world=2.9715 |∇|=4.42e+03 γ=0.982 T=0.0496
2026-04-29 11:17:14,455 INFO train_distributed it=  59 lr=8.60e-04 loss_world=0.6851 |∇|=3.42e+02 γ=0.974 T=0.0503
2026-04-29 11:17:15,122 INFO train_distributed it=  59 lr=8.60e-04 loss_world=1.0460 |∇|=2.17e+01 γ=0.985 T=0.0501
2026-04-29 11:17:25,265 INFO train_distributed it=  69 lr=8.02e-04 loss_world=1.9732 |∇|=2.34e+02 γ=0.962 T=0.0499
2026-04-29 11:17:25,313 INFO train_distributed it=  69 lr=8.02e-04 loss_world=1.4778 |∇|=1.07e+02 γ=0.983 T=0.0499
2026-04-29 11:17:25,352 INFO train_distributed it=  69 lr=8.02e-04 loss_world=1.3151 |∇|=2.28e+02 γ=0.978 T=0.0501
2026-04-29 11:17:25,435 INFO train_distributed it=  69 lr=8.02e-04 loss_world=3.2981 |∇|=5.53e+02 γ=1.004 T=0.0499
2026-04-29 11:17:25,438 INFO train_distributed it=  69 lr=8.02e-04 loss_world=8.4826 |∇|=6.35e+03 γ=0.971 T=0.0499
2026-04-29 11:17:25,568 INFO train_distributed it=  69 lr=8.02e-04 loss_world=1.2207 |∇|=5.39e+02 γ=0.982 T=0.0495
2026-04-29 11:17:25,628 INFO train_distributed it=  69 lr=8.02e-04 loss_world=6.4868 |∇|=1.00e+03 γ=0.974 T=0.0503
2026-04-29 11:17:26,434 INFO train_distributed it=  69 lr=8.02e-04 loss_world=1.4441 |∇|=4.67e+01 γ=0.985 T=0.0501
2026-04-29 11:17:36,395 INFO train_distributed it=  79 lr=7.38e-04 loss_world=2.0233 |∇|=1.49e+02 γ=0.960 T=0.0499
2026-04-29 11:17:36,459 INFO train_distributed it=  79 lr=7.38e-04 loss_world=1.0037 |∇|=2.41e+02 γ=0.983 T=0.0498
2026-04-29 11:17:36,514 INFO train_distributed it=  79 lr=7.38e-04 loss_world=1.3034 |∇|=4.32e+02 γ=0.978 T=0.0502
2026-04-29 11:17:36,591 INFO train_distributed it=  79 lr=7.38e-04 loss_world=26.4834 |∇|=2.05e+03 γ=1.004 T=0.0499
2026-04-29 11:17:36,599 INFO train_distributed it=  79 lr=7.38e-04 loss_world=6.9511 |∇|=3.27e+03 γ=0.972 T=0.0498
2026-04-29 11:17:36,730 INFO train_distributed it=  79 lr=7.38e-04 loss_world=1.5181 |∇|=7.32e+02 γ=0.982 T=0.0495
2026-04-29 11:17:36,800 INFO train_distributed it=  79 lr=7.38e-04 loss_world=15.1664 |∇|=4.77e+03 γ=0.973 T=0.0503
2026-04-29 11:17:37,743 INFO train_distributed it=  79 lr=7.38e-04 loss_world=1.4358 |∇|=9.23e+00 γ=0.985 T=0.0501
2026-04-29 11:17:47,541 INFO train_distributed it=  89 lr=6.68e-04 loss_world=2.3532 |∇|=7.29e+02 γ=0.960 T=0.0499
2026-04-29 11:17:47,606 INFO train_distributed it=  89 lr=6.68e-04 loss_world=1.2578 |∇|=9.16e+01 γ=0.983 T=0.0498
2026-04-29 11:17:47,677 INFO train_distributed it=  89 lr=6.68e-04 loss_world=1.4810 |∇|=8.00e+01 γ=0.978 T=0.0502
2026-04-29 11:17:47,742 INFO train_distributed it=  89 lr=6.68e-04 loss_world=10.3401 |∇|=3.37e+03 γ=0.973 T=0.0498
2026-04-29 11:17:47,743 INFO train_distributed it=  89 lr=6.68e-04 loss_world=1.4983 |∇|=1.21e+02 γ=1.007 T=0.0498
2026-04-29 11:17:47,887 INFO train_distributed it=  89 lr=6.68e-04 loss_world=15.3438 |∇|=4.52e+03 γ=0.983 T=0.0495
2026-04-29 11:17:47,971 INFO train_distributed it=  89 lr=6.68e-04 loss_world=1.0175 |∇|=3.40e+02 γ=0.973 T=0.0502
2026-04-29 11:17:49,025 INFO train_distributed it=  89 lr=6.68e-04 loss_world=1.3739 |∇|=8.34e+00 γ=0.985 T=0.0501
2026-04-29 11:17:58,672 INFO train_distributed it=  99 lr=5.95e-04 loss_world=2.2381 |∇|=5.22e+02 γ=0.959 T=0.0500
2026-04-29 11:17:58,753 INFO train_distributed it=  99 lr=5.95e-04 loss_world=1.0422 |∇|=1.20e+02 γ=0.984 T=0.0498
2026-04-29 11:17:58,844 INFO train_distributed it=  99 lr=5.95e-04 loss_world=1.8953 |∇|=9.81e+02 γ=0.978 T=0.0502
2026-04-29 11:17:58,886 INFO train_distributed it=  99 lr=5.95e-04 loss_world=12.1434 |∇|=3.04e+03 γ=0.974 T=0.0498
2026-04-29 11:17:58,900 INFO train_distributed it=  99 lr=5.95e-04 loss_world=1.0660 |∇|=5.68e+01 γ=1.008 T=0.0498
2026-04-29 11:17:59,047 INFO train_distributed it=  99 lr=5.95e-04 loss_world=9.3876 |∇|=2.55e+03 γ=0.982 T=0.0495
2026-04-29 11:17:59,145 INFO train_distributed it=  99 lr=5.95e-04 loss_world=1.4076 |∇|=5.65e+02 γ=0.974 T=0.0502
2026-04-29 11:18:00,306 INFO train_distributed it=  99 lr=5.95e-04 loss_world=1.2899 |∇|=5.19e+00 γ=0.985 T=0.0501
2026-04-29 11:18:09,813 INFO train_distributed it= 109 lr=5.20e-04 loss_world=1.9937 |∇|=5.14e+02 γ=0.959 T=0.0500
2026-04-29 11:18:09,905 INFO train_distributed it= 109 lr=5.20e-04 loss_world=1.1077 |∇|=4.16e+02 γ=0.984 T=0.0498
2026-04-29 11:18:10,015 INFO train_distributed it= 109 lr=5.20e-04 loss_world=1.7833 |∇|=1.79e+02 γ=0.977 T=0.0502
2026-04-29 11:18:10,033 INFO train_distributed it= 109 lr=5.20e-04 loss_world=1.2170 |∇|=1.99e+02 γ=0.975 T=0.0498
2026-04-29 11:18:10,049 INFO train_distributed it= 109 lr=5.20e-04 loss_world=2.3999 |∇|=5.17e+02 γ=1.008 T=0.0498
2026-04-29 11:18:10,210 INFO train_distributed it= 109 lr=5.20e-04 loss_world=18.6630 |∇|=3.94e+03 γ=0.983 T=0.0495
2026-04-29 11:18:10,314 INFO train_distributed it= 109 lr=5.20e-04 loss_world=5.0965 |∇|=1.55e+03 γ=0.974 T=0.0502
2026-04-29 11:18:11,589 INFO train_distributed it= 109 lr=5.20e-04 loss_world=1.2718 |∇|=4.94e+00 γ=0.985 T=0.0501
2026-04-29 11:18:20,947 INFO train_distributed it= 119 lr=4.47e-04 loss_world=2.5376 |∇|=1.55e+03 γ=0.958 T=0.0500
2026-04-29 11:18:21,068 INFO train_distributed it= 119 lr=4.47e-04 loss_world=1.1336 |∇|=1.17e+02 γ=0.984 T=0.0498
2026-04-29 11:18:21,180 INFO train_distributed it= 119 lr=4.47e-04 loss_world=1.8785 |∇|=5.98e+02 γ=0.977 T=0.0502
2026-04-29 11:18:21,182 INFO train_distributed it= 119 lr=4.47e-04 loss_world=1.1262 |∇|=1.75e+02 γ=0.975 T=0.0498
2026-04-29 11:18:21,204 INFO train_distributed it= 119 lr=4.47e-04 loss_world=0.9857 |∇|=7.12e+01 γ=1.008 T=0.0498
2026-04-29 11:18:21,367 INFO train_distributed it= 119 lr=4.47e-04 loss_world=3.2234 |∇|=1.98e+03 γ=0.983 T=0.0495
2026-04-29 11:18:21,483 INFO train_distributed it= 119 lr=4.47e-04 loss_world=6.0855 |∇|=8.24e+02 γ=0.974 T=0.0502
2026-04-29 11:18:22,864 INFO train_distributed it= 119 lr=4.47e-04 loss_world=1.2078 |∇|=8.65e+00 γ=0.985 T=0.0501
2026-04-29 11:18:32,093 INFO train_distributed it= 129 lr=3.76e-04 loss_world=2.3034 |∇|=1.48e+03 γ=0.958 T=0.0500
2026-04-29 11:18:32,249 INFO train_distributed it= 129 lr=3.76e-04 loss_world=1.5904 |∇|=1.25e+02 γ=0.984 T=0.0499
2026-04-29 11:18:32,327 INFO train_distributed it= 129 lr=3.76e-04 loss_world=1.2668 |∇|=1.09e+03 γ=0.975 T=0.0498
2026-04-29 11:18:32,339 INFO train_distributed it= 129 lr=3.76e-04 loss_world=1.1425 |∇|=1.72e+02 γ=0.977 T=0.0501
2026-04-29 11:18:32,382 INFO train_distributed it= 129 lr=3.76e-04 loss_world=0.8977 |∇|=3.05e+02 γ=1.008 T=0.0498
2026-04-29 11:18:32,524 INFO train_distributed it= 129 lr=3.76e-04 loss_world=5.9688 |∇|=7.33e+02 γ=0.984 T=0.0495
2026-04-29 11:18:32,651 INFO train_distributed it= 129 lr=3.76e-04 loss_world=10.9660 |∇|=2.07e+03 γ=0.975 T=0.0502
2026-04-29 11:18:34,134 INFO train_distributed it= 129 lr=3.76e-04 loss_world=1.3633 |∇|=7.33e+00 γ=0.985 T=0.0501
2026-04-29 11:18:43,240 INFO train_distributed it= 139 lr=3.10e-04 loss_world=2.2699 |∇|=6.85e+02 γ=0.958 T=0.0500
2026-04-29 11:18:43,402 INFO train_distributed it= 139 lr=3.10e-04 loss_world=0.9486 |∇|=2.36e+02 γ=0.985 T=0.0499
2026-04-29 11:18:43,478 INFO train_distributed it= 139 lr=3.10e-04 loss_world=1.0727 |∇|=1.42e+02 γ=0.975 T=0.0498
2026-04-29 11:18:43,491 INFO train_distributed it= 139 lr=3.10e-04 loss_world=1.1387 |∇|=2.19e+02 γ=0.977 T=0.0501
2026-04-29 11:18:43,525 INFO train_distributed it= 139 lr=3.10e-04 loss_world=1.0271 |∇|=2.16e+02 γ=1.008 T=0.0498
2026-04-29 11:18:43,677 INFO train_distributed it= 139 lr=3.10e-04 loss_world=1.0845 |∇|=2.54e+02 γ=0.984 T=0.0495
2026-04-29 11:18:43,820 INFO train_distributed it= 139 lr=3.10e-04 loss_world=1.0894 |∇|=3.81e+02 γ=0.975 T=0.0502
2026-04-29 11:18:45,416 INFO train_distributed it= 139 lr=3.10e-04 loss_world=1.2317 |∇|=9.69e+00 γ=0.985 T=0.0501
2026-04-29 11:18:54,379 INFO train_distributed it= 149 lr=2.51e-04 loss_world=2.4566 |∇|=3.46e+03 γ=0.958 T=0.0500
2026-04-29 11:18:54,564 INFO train_distributed it= 149 lr=2.51e-04 loss_world=1.4071 |∇|=5.30e+02 γ=0.985 T=0.0499
2026-04-29 11:18:54,620 INFO train_distributed it= 149 lr=2.51e-04 loss_world=1.0213 |∇|=8.69e+01 γ=0.976 T=0.0498
2026-04-29 11:18:54,647 INFO train_distributed it= 149 lr=2.51e-04 loss_world=1.0629 |∇|=1.30e+02 γ=0.978 T=0.0501
2026-04-29 11:18:54,685 INFO train_distributed it= 149 lr=2.51e-04 loss_world=1.3095 |∇|=2.64e+02 γ=1.009 T=0.0498
2026-04-29 11:18:54,837 INFO train_distributed it= 149 lr=2.51e-04 loss_world=1.0620 |∇|=1.23e+02 γ=0.984 T=0.0495
2026-04-29 11:18:54,990 INFO train_distributed it= 149 lr=2.51e-04 loss_world=1.1372 |∇|=8.22e+02 γ=0.976 T=0.0502
2026-04-29 11:18:56,706 INFO train_distributed it= 149 lr=2.51e-04 loss_world=1.0633 |∇|=1.19e+01 γ=0.985 T=0.0501
2026-04-29 11:19:05,518 INFO train_distributed it= 159 lr=2.00e-04 loss_world=3.9756 |∇|=2.97e+04 γ=0.958 T=0.0500
2026-04-29 11:19:05,712 INFO train_distributed it= 159 lr=2.00e-04 loss_world=18.0707 |∇|=3.58e+03 γ=0.985 T=0.0499
2026-04-29 11:19:05,759 INFO train_distributed it= 159 lr=2.00e-04 loss_world=1.1630 |∇|=3.15e+02 γ=0.976 T=0.0498
2026-04-29 11:19:05,803 INFO train_distributed it= 159 lr=2.00e-04 loss_world=1.1825 |∇|=1.36e+02 γ=0.978 T=0.0501
2026-04-29 11:19:05,836 INFO train_distributed it= 159 lr=2.00e-04 loss_world=2.6943 |∇|=9.67e+02 γ=1.009 T=0.0498
2026-04-29 11:19:06,004 INFO train_distributed it= 159 lr=2.00e-04 loss_world=0.9837 |∇|=8.03e+01 γ=0.984 T=0.0495
2026-04-29 11:19:06,162 INFO train_distributed it= 159 lr=2.00e-04 loss_world=1.0689 |∇|=2.38e+02 γ=0.976 T=0.0502
2026-04-29 11:19:07,997 INFO train_distributed it= 159 lr=2.00e-04 loss_world=1.3390 |∇|=6.32e+00 γ=0.985 T=0.0501
2026-04-29 11:19:16,669 INFO train_distributed it= 169 lr=1.58e-04 loss_world=1.9744 |∇|=1.64e+03 γ=0.958 T=0.0500
2026-04-29 11:19:16,857 INFO train_distributed it= 169 lr=1.58e-04 loss_world=1.4481 |∇|=1.98e+02 γ=0.985 T=0.0499
2026-04-29 11:19:16,897 INFO train_distributed it= 169 lr=1.58e-04 loss_world=1.1925 |∇|=1.86e+02 γ=0.976 T=0.0498
2026-04-29 11:19:16,956 INFO train_distributed it= 169 lr=1.58e-04 loss_world=0.7537 |∇|=1.62e+03 γ=0.978 T=0.0501
2026-04-29 11:19:16,986 INFO train_distributed it= 169 lr=1.58e-04 loss_world=3.0922 |∇|=3.19e+03 γ=1.009 T=0.0498
2026-04-29 11:19:17,179 INFO train_distributed it= 169 lr=1.58e-04 loss_world=1.2905 |∇|=1.00e+02 γ=0.984 T=0.0495
2026-04-29 11:19:17,334 INFO train_distributed it= 169 lr=1.58e-04 loss_world=5.2871 |∇|=6.17e+03 γ=0.976 T=0.0502
2026-04-29 11:19:19,289 INFO train_distributed it= 169 lr=1.58e-04 loss_world=0.9455 |∇|=1.08e+01 γ=0.985 T=0.0501
2026-04-29 11:19:27,805 INFO train_distributed it= 179 lr=1.27e-04 loss_world=2.2275 |∇|=3.58e+03 γ=0.958 T=0.0500
2026-04-29 11:19:28,000 INFO train_distributed it= 179 lr=1.27e-04 loss_world=7.5981 |∇|=4.63e+03 γ=0.985 T=0.0499
2026-04-29 11:19:28,044 INFO train_distributed it= 179 lr=1.27e-04 loss_world=1.0909 |∇|=1.38e+02 γ=0.976 T=0.0498
2026-04-29 11:19:28,109 INFO train_distributed it= 179 lr=1.27e-04 loss_world=0.9905 |∇|=2.04e+02 γ=0.978 T=0.0501
2026-04-29 11:19:28,138 INFO train_distributed it= 179 lr=1.27e-04 loss_world=0.9668 |∇|=3.29e+02 γ=1.009 T=0.0498
2026-04-29 11:19:28,339 INFO train_distributed it= 179 lr=1.27e-04 loss_world=1.0275 |∇|=1.09e+02 γ=0.984 T=0.0495
2026-04-29 11:19:28,509 INFO train_distributed it= 179 lr=1.27e-04 loss_world=0.7006 |∇|=7.47e+02 γ=0.976 T=0.0502
2026-04-29 11:19:30,585 INFO train_distributed it= 179 lr=1.27e-04 loss_world=1.3403 |∇|=8.63e+00 γ=0.985 T=0.0501
2026-04-29 11:19:38,950 INFO train_distributed it= 189 lr=1.07e-04 loss_world=2.0214 |∇|=1.30e+04 γ=0.958 T=0.0500
2026-04-29 11:19:39,181 INFO train_distributed it= 189 lr=1.07e-04 loss_world=0.8627 |∇|=3.57e+02 γ=0.985 T=0.0499
2026-04-29 11:19:39,183 INFO train_distributed it= 189 lr=1.07e-04 loss_world=1.0551 |∇|=9.12e+02 γ=0.976 T=0.0498
2026-04-29 11:19:39,259 INFO train_distributed it= 189 lr=1.07e-04 loss_world=1.6634 |∇|=2.29e+02 γ=0.978 T=0.0501
2026-04-29 11:19:39,312 INFO train_distributed it= 189 lr=1.07e-04 loss_world=1.3496 |∇|=2.23e+02 γ=1.009 T=0.0498
2026-04-29 11:19:39,500 INFO train_distributed it= 189 lr=1.07e-04 loss_world=1.4901 |∇|=3.43e+02 γ=0.984 T=0.0495
2026-04-29 11:19:39,679 INFO train_distributed it= 189 lr=1.07e-04 loss_world=1.0830 |∇|=2.69e+02 γ=0.976 T=0.0502
2026-04-29 11:19:41,883 INFO train_distributed it= 189 lr=1.07e-04 loss_world=0.8695 |∇|=1.45e+01 γ=0.985 T=0.0501
2026-04-29 11:19:50,094 INFO train_distributed it= 199 lr=1.00e-04 loss_world=2.0072 |∇|=2.54e+03 γ=0.958 T=0.0500
2026-04-29 11:19:50,100 INFO train_distributed training finished in 224.0s (200 iters, world_size=1)
2026-04-29 11:19:50,100 INFO train_distributed [rank 0] peak HBM: alloc=7.09 GB, reserved=7.68 GB
2026-04-29 11:19:50,103 INFO train_distributed [rank 0] wrote experiments/045_arch_tier_4_1_megnet/results_t41_megnet_ext_only_seed1/training_log.json
2026-04-29 11:19:50,323 INFO train_distributed it= 199 lr=1.00e-04 loss_world=1.2229 |∇|=1.51e+02 γ=0.976 T=0.0498
2026-04-29 11:19:50,329 INFO train_distributed training finished in 224.2s (200 iters, world_size=1)
2026-04-29 11:19:50,329 INFO train_distributed [rank 0] peak HBM: alloc=7.09 GB, reserved=7.68 GB
2026-04-29 11:19:50,332 INFO train_distributed [rank 0] wrote experiments/045_arch_tier_4_1_megnet/results_t41_megnet_ext_only_seed4/training_log.json
2026-04-29 11:19:50,377 INFO train_distributed it= 199 lr=1.00e-04 loss_world=1.0640 |∇|=2.09e+02 γ=0.985 T=0.0499
2026-04-29 11:19:50,385 INFO train_distributed training finished in 224.3s (200 iters, world_size=1)
2026-04-29 11:19:50,385 INFO train_distributed [rank 0] peak HBM: alloc=7.09 GB, reserved=7.68 GB
2026-04-29 11:19:50,389 INFO train_distributed [rank 0] wrote experiments/045_arch_tier_4_1_megnet/results_t41_megnet_ext_only_seed3/training_log.json
2026-04-29 11:19:50,405 INFO train_distributed it= 199 lr=1.00e-04 loss_world=5.9690 |∇|=1.85e+03 γ=0.979 T=0.0501
2026-04-29 11:19:50,411 INFO train_distributed training finished in 224.4s (200 iters, world_size=1)
2026-04-29 11:19:50,412 INFO train_distributed [rank 0] peak HBM: alloc=7.09 GB, reserved=7.68 GB
2026-04-29 11:19:50,414 INFO train_distributed [rank 0] wrote experiments/045_arch_tier_4_1_megnet/results_t41_megnet_ext_only_seed2/training_log.json
2026-04-29 11:19:50,486 INFO train_distributed it= 199 lr=1.00e-04 loss_world=1.2735 |∇|=3.00e+02 γ=1.010 T=0.0498
2026-04-29 11:19:50,492 INFO train_distributed training finished in 224.4s (200 iters, world_size=1)
2026-04-29 11:19:50,492 INFO train_distributed [rank 0] peak HBM: alloc=7.09 GB, reserved=7.68 GB
2026-04-29 11:19:50,495 INFO train_distributed [rank 0] wrote experiments/045_arch_tier_4_1_megnet/results_t41_megnet_ext_only_seed6/training_log.json
2026-04-29 11:19:50,661 INFO train_distributed it= 199 lr=1.00e-04 loss_world=4.2567 |∇|=3.90e+03 γ=0.984 T=0.0495
2026-04-29 11:19:50,669 INFO train_distributed training finished in 224.4s (200 iters, world_size=1)
2026-04-29 11:19:50,669 INFO train_distributed [rank 0] peak HBM: alloc=7.09 GB, reserved=7.68 GB
2026-04-29 11:19:50,674 INFO train_distributed [rank 0] wrote experiments/045_arch_tier_4_1_megnet/results_t41_megnet_ext_only_seed7/training_log.json
2026-04-29 11:19:50,849 INFO train_distributed it= 199 lr=1.00e-04 loss_world=1.2110 |∇|=3.03e+02 γ=0.976 T=0.0502
2026-04-29 11:19:50,855 INFO train_distributed training finished in 224.7s (200 iters, world_size=1)
2026-04-29 11:19:50,855 INFO train_distributed [rank 0] peak HBM: alloc=7.09 GB, reserved=7.68 GB
2026-04-29 11:19:50,858 INFO train_distributed [rank 0] wrote experiments/045_arch_tier_4_1_megnet/results_t41_megnet_ext_only_seed0/training_log.json
  ✓ t41_megnet_ext_only_seed1 234s (card 1)

═ TRAIN t41_megnet_ext_only_seed8 (card 0) ═ 11:19:51
  ✓ t41_megnet_ext_only_seed4 234s (card 4)

═ TRAIN t41_megnet_ext_only_seed9 (card 1) ═ 11:19:51
  ✓ t41_megnet_ext_only_seed2 234s (card 2)

═ TRAIN t41_megnet_seed0 (card 2) ═ 11:19:51
  ✓ t41_megnet_ext_only_seed3 234s (card 3)

═ TRAIN t41_megnet_seed1 (card 3) ═ 11:19:51
  ✓ t41_megnet_ext_only_seed6 234s (card 6)

═ TRAIN t41_megnet_seed2 (card 4) ═ 11:19:51
  ✓ t41_megnet_ext_only_seed7 234s (card 7)

═ TRAIN t41_megnet_seed3 (card 5) ═ 11:19:51
  ✓ t41_megnet_ext_only_seed0 234s (card 0)

═ TRAIN t41_megnet_seed4 (card 6) ═ 11:19:51
2026-04-29 11:19:53,194 INFO train_distributed it= 199 lr=1.00e-04 loss_world=0.8869 |∇|=1.59e+01 γ=0.985 T=0.0501
2026-04-29 11:19:53,201 INFO train_distributed training finished in 227.1s (200 iters, world_size=1)
2026-04-29 11:19:53,202 INFO train_distributed [rank 0] peak HBM: alloc=7.09 GB, reserved=7.68 GB
2026-04-29 11:19:53,206 INFO train_distributed [rank 0] wrote experiments/045_arch_tier_4_1_megnet/results_t41_megnet_ext_only_seed5/training_log.json
  ✓ t41_megnet_ext_only_seed5 237s (card 5)

═ TRAIN t41_megnet_seed5 (card 7) ═ 11:19:54
2026-04-29 11:19:54,840 INFO train_distributed [dist] rank=0 world_size=1 local_rank=0 cuda_available=True
2026-04-29 11:19:54,885 INFO train_distributed loaded 2,841 returns for spx/2015-2026_daily
2026-04-29 11:19:54,893 INFO train_distributed targets: acf_sq=0.342 leverage_sum=-0.790 hill_alpha=2.68
2026-04-29 11:19:55,834 INFO train_distributed [dist] rank=0 world_size=1 local_rank=0 cuda_available=True
2026-04-29 11:19:55,887 INFO train_distributed loaded 2,841 returns for spx/2015-2026_daily
2026-04-29 11:19:55,912 INFO train_distributed targets: acf_sq=0.342 leverage_sum=-0.790 hill_alpha=2.68
2026-04-29 11:19:56,461 INFO train_distributed [dist] rank=0 world_size=1 local_rank=0 cuda_available=True
2026-04-29 11:19:56,506 INFO train_distributed loaded 2,841 returns for spx/2015-2026_daily
2026-04-29 11:19:56,513 INFO train_distributed targets: acf_sq=0.342 leverage_sum=-0.790 hill_alpha=2.68
2026-04-29 11:19:57,246 INFO train_distributed [dist] rank=0 world_size=1 local_rank=0 cuda_available=True
2026-04-29 11:19:57,292 INFO train_distributed loaded 2,841 returns for spx/2015-2026_daily
2026-04-29 11:19:57,300 INFO train_distributed targets: acf_sq=0.342 leverage_sum=-0.790 hill_alpha=2.68
2026-04-29 11:19:57,792 INFO train_distributed [dist] rank=0 world_size=1 local_rank=0 cuda_available=True
2026-04-29 11:19:57,838 INFO train_distributed loaded 2,841 returns for spx/2015-2026_daily
2026-04-29 11:19:57,845 INFO train_distributed targets: acf_sq=0.342 leverage_sum=-0.790 hill_alpha=2.68
2026-04-29 11:19:58,229 INFO train_distributed [dist] rank=0 world_size=1 local_rank=0 cuda_available=True
2026-04-29 11:19:58,271 INFO train_distributed loaded 2,841 returns for spx/2015-2026_daily
2026-04-29 11:19:58,279 INFO train_distributed targets: acf_sq=0.342 leverage_sum=-0.790 hill_alpha=2.68
2026-04-29 11:19:58,773 INFO train_distributed [dist] rank=0 world_size=1 local_rank=0 cuda_available=True
2026-04-29 11:19:58,816 INFO train_distributed loaded 2,841 returns for spx/2015-2026_daily
2026-04-29 11:19:58,825 INFO train_distributed targets: acf_sq=0.342 leverage_sum=-0.790 hill_alpha=2.68
2026-04-29 11:19:59,344 INFO train_distributed [dist] rank=0 world_size=1 local_rank=0 cuda_available=True
2026-04-29 11:19:59,389 INFO train_distributed loaded 2,841 returns for spx/2015-2026_daily
2026-04-29 11:19:59,396 INFO train_distributed targets: acf_sq=0.342 leverage_sum=-0.790 hill_alpha=2.68
2026-04-29 11:19:59,585 INFO train_distributed EcoMDSimulator built: 34780 parameters (device=cuda:0)
2026-04-29 11:19:59,711 INFO train_distributed EcoMDSimulator built: 36316 parameters (device=cuda:0)
2026-04-29 11:19:59,711 INFO train_distributed EcoMDSimulator built: 34780 parameters (device=cuda:0)
2026-04-29 11:19:59,711 INFO train_distributed EcoMDSimulator built: 36316 parameters (device=cuda:0)
2026-04-29 11:19:59,713 INFO train_distributed EcoMDSimulator built: 36316 parameters (device=cuda:0)
2026-04-29 11:19:59,757 INFO train_distributed EcoMDSimulator built: 36316 parameters (device=cuda:0)
2026-04-29 11:19:59,804 INFO train_distributed EcoMDSimulator built: 36316 parameters (device=cuda:0)
2026-04-29 11:19:59,905 INFO train_distributed EcoMDSimulator built: 36316 parameters (device=cuda:0)
2026-04-29 11:20:01,987 INFO train_distributed it=   0 lr=1.00e-04 loss_world=48.6797 |∇|=2.55e+04 γ=1.000 T=0.0500
2026-04-29 11:20:02,119 INFO train_distributed it=   0 lr=1.00e-04 loss_world=29.4950 |∇|=2.13e+03 γ=1.000 T=0.0500
2026-04-29 11:20:02,163 INFO train_distributed it=   0 lr=1.00e-04 loss_world=42.4417 |∇|=1.40e+04 γ=1.000 T=0.0500
2026-04-29 11:20:02,172 INFO train_distributed it=   0 lr=1.00e-04 loss_world=43.0803 |∇|=9.23e+03 γ=1.000 T=0.0500
2026-04-29 11:20:02,184 INFO train_distributed it=   0 lr=1.00e-04 loss_world=17.7597 |∇|=1.08e+04 γ=1.000 T=0.0500
2026-04-29 11:20:02,193 INFO train_distributed it=   0 lr=1.00e-04 loss_world=72.8475 |∇|=6.69e+04 γ=1.000 T=0.0500
2026-04-29 11:20:02,262 INFO train_distributed it=   0 lr=1.00e-04 loss_world=53.1854 |∇|=6.16e+04 γ=1.000 T=0.0500
2026-04-29 11:20:02,356 INFO train_distributed it=   0 lr=1.00e-04 loss_world=18.6116 |∇|=5.11e+03 γ=1.000 T=0.0500
2026-04-29 11:20:12,060 INFO train_distributed it=   9 lr=1.00e-03 loss_world=3.1459 |∇|=2.68e+02 γ=0.996 T=0.0500
2026-04-29 11:20:12,209 INFO train_distributed it=   9 lr=1.00e-03 loss_world=7.7370 |∇|=4.69e+02 γ=1.003 T=0.0500
2026-04-29 11:20:12,524 INFO train_distributed it=   9 lr=1.00e-03 loss_world=4.3116 |∇|=2.82e+02 γ=0.996 T=0.0499
2026-04-29 11:20:12,591 INFO train_distributed it=   9 lr=1.00e-03 loss_world=2.4268 |∇|=1.65e+02 γ=1.003 T=0.0500
2026-04-29 11:20:12,598 INFO train_distributed it=   9 lr=1.00e-03 loss_world=1.4880 |∇|=3.71e+02 γ=0.996 T=0.0500
2026-04-29 11:20:12,657 INFO train_distributed it=   9 lr=1.00e-03 loss_world=0.9582 |∇|=3.84e+03 γ=1.000 T=0.0501
2026-04-29 11:20:12,693 INFO train_distributed it=   9 lr=1.00e-03 loss_world=2.9899 |∇|=5.16e+02 γ=0.999 T=0.0500
2026-04-29 11:20:12,860 INFO train_distributed it=   9 lr=1.00e-03 loss_world=2.2307 |∇|=8.54e+01 γ=0.997 T=0.0500
2026-04-29 11:20:23,288 INFO train_distributed it=  19 lr=9.95e-04 loss_world=1.9820 |∇|=1.25e+02 γ=0.989 T=0.0500
2026-04-29 11:20:23,451 INFO train_distributed it=  19 lr=9.95e-04 loss_world=1.8605 |∇|=1.34e+02 γ=1.001 T=0.0501
2026-04-29 11:20:24,177 INFO train_distributed it=  19 lr=9.95e-04 loss_world=2.4499 |∇|=8.94e+01 γ=0.987 T=0.0500
2026-04-29 11:20:24,278 INFO train_distributed it=  19 lr=9.95e-04 loss_world=2.5293 |∇|=2.37e+02 γ=1.003 T=0.0500
2026-04-29 11:20:24,280 INFO train_distributed it=  19 lr=9.95e-04 loss_world=2.4007 |∇|=1.03e+02 γ=0.990 T=0.0501
2026-04-29 11:20:24,311 INFO train_distributed it=  19 lr=9.95e-04 loss_world=2.3032 |∇|=1.75e+02 γ=0.998 T=0.0501
2026-04-29 11:20:24,346 INFO train_distributed it=  19 lr=9.95e-04 loss_world=2.2368 |∇|=1.45e+02 γ=0.995 T=0.0502
2026-04-29 11:20:24,714 INFO train_distributed it=  19 lr=9.95e-04 loss_world=2.5633 |∇|=1.38e+02 γ=0.992 T=0.0501
2026-04-29 11:20:34,516 INFO train_distributed it=  29 lr=9.78e-04 loss_world=1.0856 |∇|=9.05e+03 γ=0.985 T=0.0500
2026-04-29 11:20:34,663 INFO train_distributed it=  29 lr=9.78e-04 loss_world=11.8071 |∇|=1.73e+03 γ=0.998 T=0.0501
2026-04-29 11:20:35,829 INFO train_distributed it=  29 lr=9.78e-04 loss_world=2.1223 |∇|=1.31e+02 γ=0.981 T=0.0500
2026-04-29 11:20:35,974 INFO train_distributed it=  29 lr=9.78e-04 loss_world=2.3056 |∇|=1.27e+02 γ=0.986 T=0.0501
2026-04-29 11:20:35,976 INFO train_distributed it=  29 lr=9.78e-04 loss_world=2.0186 |∇|=2.08e+02 γ=1.000 T=0.0500
2026-04-29 11:20:35,978 INFO train_distributed it=  29 lr=9.78e-04 loss_world=1.9872 |∇|=2.76e+02 γ=0.997 T=0.0501
2026-04-29 11:20:36,038 INFO train_distributed it=  29 lr=9.78e-04 loss_world=1.0694 |∇|=2.91e+02 γ=0.991 T=0.0502
2026-04-29 11:20:36,523 INFO train_distributed it=  29 lr=9.78e-04 loss_world=2.5902 |∇|=1.30e+02 γ=0.987 T=0.0501
2026-04-29 11:20:45,720 INFO train_distributed it=  39 lr=9.49e-04 loss_world=9.9805 |∇|=1.87e+03 γ=0.982 T=0.0501
2026-04-29 11:20:45,860 INFO train_distributed it=  39 lr=9.49e-04 loss_world=2.5738 |∇|=1.95e+02 γ=0.994 T=0.0501
2026-04-29 11:20:47,483 INFO train_distributed it=  39 lr=9.49e-04 loss_world=2.7910 |∇|=1.49e+02 γ=0.975 T=0.0499
2026-04-29 11:20:47,651 INFO train_distributed it=  39 lr=9.49e-04 loss_world=1.1619 |∇|=2.04e+02 γ=0.997 T=0.0501
2026-04-29 11:20:47,666 INFO train_distributed it=  39 lr=9.49e-04 loss_world=2.6441 |∇|=2.77e+02 γ=0.995 T=0.0500
2026-04-29 11:20:47,678 INFO train_distributed it=  39 lr=9.49e-04 loss_world=2.8176 |∇|=3.16e+02 γ=0.983 T=0.0502
2026-04-29 11:20:47,713 INFO train_distributed it=  39 lr=9.49e-04 loss_world=1.4849 |∇|=6.61e+01 γ=0.989 T=0.0503
2026-04-29 11:20:48,315 INFO train_distributed it=  39 lr=9.49e-04 loss_world=4.2895 |∇|=1.06e+03 γ=0.982 T=0.0501
2026-04-29 11:20:56,916 INFO train_distributed it=  49 lr=9.10e-04 loss_world=2.1316 |∇|=1.64e+03 γ=0.977 T=0.0500
2026-04-29 11:20:57,063 INFO train_distributed it=  49 lr=9.10e-04 loss_world=2.2986 |∇|=2.38e+02 γ=0.991 T=0.0501
2026-04-29 11:20:59,139 INFO train_distributed it=  49 lr=9.10e-04 loss_world=2.7472 |∇|=1.71e+02 γ=0.969 T=0.0499
2026-04-29 11:20:59,320 INFO train_distributed it=  49 lr=9.10e-04 loss_world=5.0217 |∇|=1.62e+03 γ=0.996 T=0.0501
2026-04-29 11:20:59,354 INFO train_distributed it=  49 lr=9.10e-04 loss_world=4.4075 |∇|=6.60e+02 γ=0.990 T=0.0501
2026-04-29 11:20:59,368 INFO train_distributed it=  49 lr=9.10e-04 loss_world=6.5702 |∇|=1.24e+03 γ=0.979 T=0.0502
2026-04-29 11:20:59,382 INFO train_distributed it=  49 lr=9.10e-04 loss_world=9.4761 |∇|=9.98e+02 γ=0.986 T=0.0503
2026-04-29 11:21:00,086 INFO train_distributed it=  49 lr=9.10e-04 loss_world=2.2884 |∇|=1.22e+02 γ=0.978 T=0.0501
2026-04-29 11:21:08,091 INFO train_distributed it=  59 lr=8.60e-04 loss_world=2.0468 |∇|=3.00e+02 γ=0.973 T=0.0501
2026-04-29 11:21:08,255 INFO train_distributed it=  59 lr=8.60e-04 loss_world=2.3606 |∇|=2.31e+02 γ=0.988 T=0.0501
2026-04-29 11:21:10,796 INFO train_distributed it=  59 lr=8.60e-04 loss_world=2.5423 |∇|=1.51e+02 γ=0.965 T=0.0499
2026-04-29 11:21:10,985 INFO train_distributed it=  59 lr=8.60e-04 loss_world=1.1796 |∇|=8.78e+01 γ=0.996 T=0.0502
2026-04-29 11:21:11,035 INFO train_distributed it=  59 lr=8.60e-04 loss_world=1.9797 |∇|=1.39e+02 γ=0.984 T=0.0501
2026-04-29 11:21:11,040 INFO train_distributed it=  59 lr=8.60e-04 loss_world=1.2255 |∇|=7.18e+02 γ=0.985 T=0.0502
2026-04-29 11:21:11,063 INFO train_distributed it=  59 lr=8.60e-04 loss_world=2.8821 |∇|=2.82e+02 γ=0.976 T=0.0502
2026-04-29 11:21:11,854 INFO train_distributed it=  59 lr=8.60e-04 loss_world=3.6501 |∇|=1.12e+03 γ=0.975 T=0.0502
2026-04-29 11:21:19,274 INFO train_distributed it=  69 lr=8.02e-04 loss_world=7.0528 |∇|=1.96e+03 γ=0.969 T=0.0501
2026-04-29 11:21:19,450 INFO train_distributed it=  69 lr=8.02e-04 loss_world=6.0698 |∇|=6.87e+02 γ=0.984 T=0.0501
2026-04-29 11:21:22,436 INFO train_distributed it=  69 lr=8.02e-04 loss_world=1.9742 |∇|=1.42e+02 γ=0.961 T=0.0499
2026-04-29 11:21:22,645 INFO train_distributed it=  69 lr=8.02e-04 loss_world=1.1126 |∇|=6.42e+01 γ=0.996 T=0.0501
2026-04-29 11:21:22,698 INFO train_distributed it=  69 lr=8.02e-04 loss_world=0.9685 |∇|=1.19e+03 γ=0.985 T=0.0501
2026-04-29 11:21:22,725 INFO train_distributed it=  69 lr=8.02e-04 loss_world=2.2762 |∇|=2.04e+02 γ=0.979 T=0.0501
2026-04-29 11:21:22,751 INFO train_distributed it=  69 lr=8.02e-04 loss_world=2.0565 |∇|=1.42e+02 γ=0.975 T=0.0502
2026-04-29 11:21:23,610 INFO train_distributed it=  69 lr=8.02e-04 loss_world=1.3446 |∇|=7.99e+03 γ=0.972 T=0.0503
2026-04-29 11:21:30,451 INFO train_distributed it=  79 lr=7.38e-04 loss_world=1.7404 |∇|=2.26e+03 γ=0.965 T=0.0501
2026-04-29 11:21:30,622 INFO train_distributed it=  79 lr=7.38e-04 loss_world=4.5643 |∇|=1.16e+03 γ=0.980 T=0.0501
2026-04-29 11:21:34,075 INFO train_distributed it=  79 lr=7.38e-04 loss_world=0.9314 |∇|=1.32e+02 γ=0.959 T=0.0499
2026-04-29 11:21:34,291 INFO train_distributed it=  79 lr=7.38e-04 loss_world=1.6416 |∇|=1.20e+02 γ=0.996 T=0.0501
2026-04-29 11:21:34,348 INFO train_distributed it=  79 lr=7.38e-04 loss_world=1.1582 |∇|=2.62e+02 γ=0.986 T=0.0501
2026-04-29 11:21:34,413 INFO train_distributed it=  79 lr=7.38e-04 loss_world=3.2214 |∇|=6.77e+02 γ=0.975 T=0.0501
2026-04-29 11:21:34,435 INFO train_distributed it=  79 lr=7.38e-04 loss_world=2.4899 |∇|=3.41e+02 γ=0.973 T=0.0502
2026-04-29 11:21:35,374 INFO train_distributed it=  79 lr=7.38e-04 loss_world=1.9984 |∇|=1.62e+03 γ=0.970 T=0.0503
2026-04-29 11:21:41,620 INFO train_distributed it=  89 lr=6.68e-04 loss_world=3.2652 |∇|=2.61e+03 γ=0.962 T=0.0501
2026-04-29 11:21:41,781 INFO train_distributed it=  89 lr=6.68e-04 loss_world=1.9987 |∇|=1.93e+02 γ=0.977 T=0.0501
2026-04-29 11:21:45,716 INFO train_distributed it=  89 lr=6.68e-04 loss_world=10.9885 |∇|=1.82e+03 γ=0.959 T=0.0499
2026-04-29 11:21:45,942 INFO train_distributed it=  89 lr=6.68e-04 loss_world=1.1070 |∇|=5.41e+01 γ=0.996 T=0.0502
2026-04-29 11:21:46,004 INFO train_distributed it=  89 lr=6.68e-04 loss_world=2.7659 |∇|=7.59e+02 γ=0.988 T=0.0500
2026-04-29 11:21:46,086 INFO train_distributed it=  89 lr=6.68e-04 loss_world=2.0689 |∇|=1.29e+03 γ=0.971 T=0.0501
2026-04-29 11:21:46,116 INFO train_distributed it=  89 lr=6.68e-04 loss_world=1.0503 |∇|=3.83e+03 γ=0.973 T=0.0502
2026-04-29 11:21:47,131 INFO train_distributed it=  89 lr=6.68e-04 loss_world=2.2461 |∇|=1.17e+02 γ=0.967 T=0.0503
2026-04-29 11:21:52,786 INFO train_distributed it=  99 lr=5.95e-04 loss_world=2.1995 |∇|=4.62e+02 γ=0.959 T=0.0501
2026-04-29 11:21:52,952 INFO train_distributed it=  99 lr=5.95e-04 loss_world=2.9409 |∇|=2.36e+02 γ=0.974 T=0.0501
2026-04-29 11:21:57,353 INFO train_distributed it=  99 lr=5.95e-04 loss_world=2.9645 |∇|=1.17e+03 γ=0.958 T=0.0499
2026-04-29 11:21:57,607 INFO train_distributed it=  99 lr=5.95e-04 loss_world=1.0244 |∇|=4.93e+01 γ=0.996 T=0.0502
2026-04-29 11:21:57,656 INFO train_distributed it=  99 lr=5.95e-04 loss_world=1.6477 |∇|=2.93e+02 γ=0.990 T=0.0501
2026-04-29 11:21:57,760 INFO train_distributed it=  99 lr=5.95e-04 loss_world=2.3532 |∇|=3.07e+02 γ=0.969 T=0.0501
2026-04-29 11:21:57,800 INFO train_distributed it=  99 lr=5.95e-04 loss_world=1.9324 |∇|=1.98e+02 γ=0.973 T=0.0502
2026-04-29 11:21:58,881 INFO train_distributed it=  99 lr=5.95e-04 loss_world=2.0112 |∇|=2.19e+02 γ=0.966 T=0.0504
2026-04-29 11:22:03,962 INFO train_distributed it= 109 lr=5.20e-04 loss_world=10.3800 |∇|=3.05e+03 γ=0.957 T=0.0501
2026-04-29 11:22:04,128 INFO train_distributed it= 109 lr=5.20e-04 loss_world=2.6909 |∇|=2.79e+02 γ=0.971 T=0.0501
2026-04-29 11:22:08,994 INFO train_distributed it= 109 lr=5.20e-04 loss_world=1.2869 |∇|=1.11e+02 γ=0.958 T=0.0499
2026-04-29 11:22:09,261 INFO train_distributed it= 109 lr=5.20e-04 loss_world=1.4087 |∇|=9.06e+01 γ=0.996 T=0.0502
2026-04-29 11:22:09,319 INFO train_distributed it= 109 lr=5.20e-04 loss_world=1.6181 |∇|=7.82e+02 γ=0.990 T=0.0501
2026-04-29 11:22:09,439 INFO train_distributed it= 109 lr=5.20e-04 loss_world=2.3669 |∇|=4.05e+02 γ=0.967 T=0.0501
2026-04-29 11:22:09,486 INFO train_distributed it= 109 lr=5.20e-04 loss_world=1.9345 |∇|=2.20e+02 γ=0.973 T=0.0502
2026-04-29 11:22:10,633 INFO train_distributed it= 109 lr=5.20e-04 loss_world=1.8846 |∇|=6.91e+02 γ=0.965 T=0.0504
2026-04-29 11:22:15,128 INFO train_distributed it= 119 lr=4.47e-04 loss_world=40.1495 |∇|=1.55e+04 γ=0.955 T=0.0501
2026-04-29 11:22:15,310 INFO train_distributed it= 119 lr=4.47e-04 loss_world=2.5804 |∇|=3.25e+02 γ=0.970 T=0.0501
2026-04-29 11:22:20,629 INFO train_distributed it= 119 lr=4.47e-04 loss_world=2.1506 |∇|=8.68e+02 γ=0.958 T=0.0499
2026-04-29 11:22:20,912 INFO train_distributed it= 119 lr=4.47e-04 loss_world=1.0569 |∇|=9.51e+01 γ=0.996 T=0.0503
2026-04-29 11:22:20,991 INFO train_distributed it= 119 lr=4.47e-04 loss_world=5.6766 |∇|=4.28e+03 γ=0.991 T=0.0501
2026-04-29 11:22:21,112 INFO train_distributed it= 119 lr=4.47e-04 loss_world=2.8010 |∇|=4.05e+02 γ=0.966 T=0.0501
2026-04-29 11:22:21,173 INFO train_distributed it= 119 lr=4.47e-04 loss_world=2.1540 |∇|=9.94e+02 γ=0.972 T=0.0502
2026-04-29 11:22:22,388 INFO train_distributed it= 119 lr=4.47e-04 loss_world=1.8916 |∇|=8.99e+02 γ=0.965 T=0.0504
2026-04-29 11:22:26,297 INFO train_distributed it= 129 lr=3.76e-04 loss_world=28.3012 |∇|=3.89e+03 γ=0.952 T=0.0501
2026-04-29 11:22:26,485 INFO train_distributed it= 129 lr=3.76e-04 loss_world=2.2402 |∇|=5.80e+02 γ=0.969 T=0.0501
2026-04-29 11:22:32,269 INFO train_distributed it= 129 lr=3.76e-04 loss_world=1.2125 |∇|=1.21e+02 γ=0.957 T=0.0498
2026-04-29 11:22:32,555 INFO train_distributed it= 129 lr=3.76e-04 loss_world=1.4156 |∇|=2.43e+02 γ=0.996 T=0.0503
2026-04-29 11:22:32,647 INFO train_distributed it= 129 lr=3.76e-04 loss_world=1.0289 |∇|=4.85e+02 γ=0.991 T=0.0501
2026-04-29 11:22:32,781 INFO train_distributed it= 129 lr=3.76e-04 loss_world=2.4565 |∇|=6.36e+02 γ=0.965 T=0.0502
2026-04-29 11:22:32,862 INFO train_distributed it= 129 lr=3.76e-04 loss_world=3.1470 |∇|=7.98e+03 γ=0.972 T=0.0502
2026-04-29 11:22:34,141 INFO train_distributed it= 129 lr=3.76e-04 loss_world=1.6032 |∇|=4.95e+02 γ=0.965 T=0.0503
2026-04-29 11:22:37,468 INFO train_distributed it= 139 lr=3.10e-04 loss_world=7.4248 |∇|=7.44e+03 γ=0.950 T=0.0501
2026-04-29 11:22:37,656 INFO train_distributed it= 139 lr=3.10e-04 loss_world=2.1195 |∇|=4.22e+02 γ=0.969 T=0.0501
2026-04-29 11:22:43,913 INFO train_distributed it= 139 lr=3.10e-04 loss_world=1.1690 |∇|=1.53e+02 γ=0.957 T=0.0498
2026-04-29 11:22:44,201 INFO train_distributed it= 139 lr=3.10e-04 loss_world=1.2242 |∇|=1.63e+02 γ=0.996 T=0.0503
2026-04-29 11:22:44,307 INFO train_distributed it= 139 lr=3.10e-04 loss_world=1.2434 |∇|=2.75e+02 γ=0.991 T=0.0501
2026-04-29 11:22:44,450 INFO train_distributed it= 139 lr=3.10e-04 loss_world=2.2814 |∇|=6.46e+02 γ=0.964 T=0.0502
2026-04-29 11:22:44,557 INFO train_distributed it= 139 lr=3.10e-04 loss_world=1.5918 |∇|=1.07e+02 γ=0.972 T=0.0502
2026-04-29 11:22:45,893 INFO train_distributed it= 139 lr=3.10e-04 loss_world=1.8998 |∇|=2.81e+03 γ=0.965 T=0.0504
2026-04-29 11:22:48,635 INFO train_distributed it= 149 lr=2.51e-04 loss_world=1.7730 |∇|=1.53e+03 γ=0.948 T=0.0501
2026-04-29 11:22:48,826 INFO train_distributed it= 149 lr=2.51e-04 loss_world=2.0882 |∇|=3.34e+02 γ=0.968 T=0.0501
2026-04-29 11:22:55,546 INFO train_distributed it= 149 lr=2.51e-04 loss_world=1.0407 |∇|=5.98e+02 γ=0.957 T=0.0498
2026-04-29 11:22:55,852 INFO train_distributed it= 149 lr=2.51e-04 loss_world=0.9887 |∇|=8.13e+01 γ=0.996 T=0.0503
2026-04-29 11:22:55,975 INFO train_distributed it= 149 lr=2.51e-04 loss_world=4.1640 |∇|=3.05e+03 γ=0.991 T=0.0502
2026-04-29 11:22:56,125 INFO train_distributed it= 149 lr=2.51e-04 loss_world=2.6095 |∇|=5.31e+02 γ=0.964 T=0.0502
2026-04-29 11:22:56,258 INFO train_distributed it= 149 lr=2.51e-04 loss_world=2.0385 |∇|=4.00e+02 γ=0.972 T=0.0502
2026-04-29 11:22:57,635 INFO train_distributed it= 149 lr=2.51e-04 loss_world=2.4853 |∇|=3.06e+02 γ=0.965 T=0.0504
2026-04-29 11:22:59,812 INFO train_distributed it= 159 lr=2.00e-04 loss_world=29.8801 |∇|=1.01e+04 γ=0.948 T=0.0501
2026-04-29 11:23:00,001 INFO train_distributed it= 159 lr=2.00e-04 loss_world=2.3547 |∇|=1.10e+03 γ=0.968 T=0.0501
2026-04-29 11:23:07,190 INFO train_distributed it= 159 lr=2.00e-04 loss_world=1.1561 |∇|=1.16e+02 γ=0.957 T=0.0498
2026-04-29 11:23:07,500 INFO train_distributed it= 159 lr=2.00e-04 loss_world=10.1737 |∇|=3.71e+03 γ=0.997 T=0.0503
2026-04-29 11:23:07,636 INFO train_distributed it= 159 lr=2.00e-04 loss_world=1.3064 |∇|=1.77e+02 γ=0.991 T=0.0502
2026-04-29 11:23:07,807 INFO train_distributed it= 159 lr=2.00e-04 loss_world=2.9136 |∇|=6.58e+03 γ=0.963 T=0.0502
2026-04-29 11:23:07,954 INFO train_distributed it= 159 lr=2.00e-04 loss_world=1.9152 |∇|=4.02e+02 γ=0.972 T=0.0502
2026-04-29 11:23:09,388 INFO train_distributed it= 159 lr=2.00e-04 loss_world=1.5922 |∇|=6.67e+03 γ=0.965 T=0.0504
2026-04-29 11:23:10,991 INFO train_distributed it= 169 lr=1.58e-04 loss_world=206.8636 |∇|=3.85e+05 γ=0.947 T=0.0501
2026-04-29 11:23:11,177 INFO train_distributed it= 169 lr=1.58e-04 loss_world=2.5325 |∇|=1.98e+03 γ=0.968 T=0.0501
2026-04-29 11:23:18,826 INFO train_distributed it= 169 lr=1.58e-04 loss_world=1.1635 |∇|=1.10e+02 γ=0.957 T=0.0498
2026-04-29 11:23:19,147 INFO train_distributed it= 169 lr=1.58e-04 loss_world=1.1760 |∇|=5.42e+02 γ=0.998 T=0.0504
2026-04-29 11:23:19,293 INFO train_distributed it= 169 lr=1.58e-04 loss_world=1.2632 |∇|=3.43e+02 γ=0.991 T=0.0502
2026-04-29 11:23:19,497 INFO train_distributed it= 169 lr=1.58e-04 loss_world=5.7314 |∇|=8.85e+03 γ=0.963 T=0.0502
2026-04-29 11:23:19,633 INFO train_distributed it= 169 lr=1.58e-04 loss_world=2.3927 |∇|=1.31e+03 γ=0.972 T=0.0502
2026-04-29 11:23:21,154 INFO train_distributed it= 169 lr=1.58e-04 loss_world=4.6191 |∇|=8.25e+03 γ=0.965 T=0.0504
2026-04-29 11:23:22,195 INFO train_distributed it= 179 lr=1.27e-04 loss_world=314.1611 |∇|=3.24e+05 γ=0.946 T=0.0502
2026-04-29 11:23:22,373 INFO train_distributed it= 179 lr=1.27e-04 loss_world=3.1082 |∇|=1.51e+04 γ=0.968 T=0.0501
2026-04-29 11:23:30,459 INFO train_distributed it= 179 lr=1.27e-04 loss_world=1.0906 |∇|=3.87e+02 γ=0.957 T=0.0498
2026-04-29 11:23:30,790 INFO train_distributed it= 179 lr=1.27e-04 loss_world=1.0807 |∇|=7.29e+02 γ=0.999 T=0.0504
2026-04-29 11:23:30,947 INFO train_distributed it= 179 lr=1.27e-04 loss_world=0.9949 |∇|=4.56e+03 γ=0.991 T=0.0502
2026-04-29 11:23:31,174 INFO train_distributed it= 179 lr=1.27e-04 loss_world=1.9913 |∇|=1.08e+03 γ=0.963 T=0.0502
2026-04-29 11:23:31,310 INFO train_distributed it= 179 lr=1.27e-04 loss_world=1.2407 |∇|=1.23e+04 γ=0.972 T=0.0502
2026-04-29 11:23:32,933 INFO train_distributed it= 179 lr=1.27e-04 loss_world=1.9283 |∇|=9.43e+03 γ=0.965 T=0.0504
2026-04-29 11:23:33,361 INFO train_distributed it= 189 lr=1.07e-04 loss_world=294.3851 |∇|=3.31e+05 γ=0.946 T=0.0502
2026-04-29 11:23:33,572 INFO train_distributed it= 189 lr=1.07e-04 loss_world=4.7662 |∇|=1.50e+04 γ=0.968 T=0.0501
2026-04-29 11:23:42,093 INFO train_distributed it= 189 lr=1.07e-04 loss_world=1.3232 |∇|=4.03e+02 γ=0.957 T=0.0498
2026-04-29 11:23:42,429 INFO train_distributed it= 189 lr=1.07e-04 loss_world=1.1985 |∇|=1.25e+02 γ=0.999 T=0.0504
2026-04-29 11:23:42,611 INFO train_distributed it= 189 lr=1.07e-04 loss_world=0.9683 |∇|=6.55e+02 γ=0.991 T=0.0502
2026-04-29 11:23:42,852 INFO train_distributed it= 189 lr=1.07e-04 loss_world=2.1993 |∇|=1.96e+03 γ=0.963 T=0.0502
2026-04-29 11:23:43,000 INFO train_distributed it= 189 lr=1.07e-04 loss_world=2.3790 |∇|=1.77e+03 γ=0.972 T=0.0502
2026-04-29 11:23:44,524 INFO train_distributed it= 199 lr=1.00e-04 loss_world=407.7806 |∇|=3.84e+05 γ=0.945 T=0.0502
2026-04-29 11:23:44,530 INFO train_distributed training finished in 224.9s (200 iters, world_size=1)
2026-04-29 11:23:44,531 INFO train_distributed [rank 0] peak HBM: alloc=7.09 GB, reserved=7.68 GB
2026-04-29 11:23:44,533 INFO train_distributed [rank 0] wrote experiments/045_arch_tier_4_1_megnet/results_t41_megnet_ext_only_seed8/training_log.json
2026-04-29 11:23:44,697 INFO train_distributed it= 189 lr=1.07e-04 loss_world=1.4021 |∇|=3.51e+02 γ=0.965 T=0.0504
2026-04-29 11:23:44,765 INFO train_distributed it= 199 lr=1.00e-04 loss_world=2.2704 |∇|=4.26e+02 γ=0.968 T=0.0501
2026-04-29 11:23:44,771 INFO train_distributed training finished in 225.1s (200 iters, world_size=1)
2026-04-29 11:23:44,772 INFO train_distributed [rank 0] peak HBM: alloc=7.09 GB, reserved=7.68 GB
2026-04-29 11:23:44,774 INFO train_distributed [rank 0] wrote experiments/045_arch_tier_4_1_megnet/results_t41_megnet_ext_only_seed9/training_log.json
  ✓ t41_megnet_ext_only_seed8 234s (card 0)

═ TRAIN t41_megnet_seed6 (card 0) ═ 11:23:45
  ✓ t41_megnet_ext_only_seed9 234s (card 1)

═ TRAIN t41_megnet_seed7 (card 1) ═ 11:23:45
2026-04-29 11:23:49,589 INFO train_distributed [dist] rank=0 world_size=1 local_rank=0 cuda_available=True
2026-04-29 11:23:49,634 INFO train_distributed loaded 2,841 returns for spx/2015-2026_daily
2026-04-29 11:23:49,641 INFO train_distributed targets: acf_sq=0.342 leverage_sum=-0.790 hill_alpha=2.68
2026-04-29 11:23:50,099 INFO train_distributed [dist] rank=0 world_size=1 local_rank=0 cuda_available=True
2026-04-29 11:23:50,144 INFO train_distributed loaded 2,841 returns for spx/2015-2026_daily
2026-04-29 11:23:50,151 INFO train_distributed targets: acf_sq=0.342 leverage_sum=-0.790 hill_alpha=2.68
2026-04-29 11:23:50,418 INFO train_distributed EcoMDSimulator built: 36316 parameters (device=cuda:0)
2026-04-29 11:23:50,529 INFO train_distributed EcoMDSimulator built: 36316 parameters (device=cuda:0)
2026-04-29 11:23:52,829 INFO train_distributed it=   0 lr=1.00e-04 loss_world=18.2516 |∇|=2.99e+03 γ=1.000 T=0.0500
2026-04-29 11:23:52,902 INFO train_distributed it=   0 lr=1.00e-04 loss_world=8.9968 |∇|=7.66e+03 γ=1.000 T=0.0500
2026-04-29 11:23:53,736 INFO train_distributed it= 199 lr=1.00e-04 loss_world=1.1474 |∇|=2.76e+02 γ=0.957 T=0.0498
2026-04-29 11:23:53,742 INFO train_distributed training finished in 234.0s (200 iters, world_size=1)
2026-04-29 11:23:53,742 INFO train_distributed [rank 0] peak HBM: alloc=7.24 GB, reserved=8.05 GB
2026-04-29 11:23:53,745 INFO train_distributed [rank 0] wrote experiments/045_arch_tier_4_1_megnet/results_t41_megnet_seed1/training_log.json
2026-04-29 11:23:54,081 INFO train_distributed it= 199 lr=1.00e-04 loss_world=0.6227 |∇|=5.28e+02 γ=0.999 T=0.0504
2026-04-29 11:23:54,086 INFO train_distributed training finished in 234.2s (200 iters, world_size=1)
2026-04-29 11:23:54,086 INFO train_distributed [rank 0] peak HBM: alloc=7.24 GB, reserved=8.05 GB
2026-04-29 11:23:54,089 INFO train_distributed [rank 0] wrote experiments/045_arch_tier_4_1_megnet/results_t41_megnet_seed5/training_log.json
2026-04-29 11:23:54,292 INFO train_distributed it= 199 lr=1.00e-04 loss_world=1.1759 |∇|=9.03e+02 γ=0.991 T=0.0502
2026-04-29 11:23:54,298 INFO train_distributed training finished in 234.5s (200 iters, world_size=1)
2026-04-29 11:23:54,298 INFO train_distributed [rank 0] peak HBM: alloc=7.24 GB, reserved=8.05 GB
2026-04-29 11:23:54,301 INFO train_distributed [rank 0] wrote experiments/045_arch_tier_4_1_megnet/results_t41_megnet_seed2/training_log.json
2026-04-29 11:23:54,532 INFO train_distributed it= 199 lr=1.00e-04 loss_world=2.3511 |∇|=3.31e+03 γ=0.963 T=0.0502
2026-04-29 11:23:54,538 INFO train_distributed training finished in 234.8s (200 iters, world_size=1)
2026-04-29 11:23:54,538 INFO train_distributed [rank 0] peak HBM: alloc=7.24 GB, reserved=8.05 GB
2026-04-29 11:23:54,541 INFO train_distributed [rank 0] wrote experiments/045_arch_tier_4_1_megnet/results_t41_megnet_seed4/training_log.json
  ✓ t41_megnet_seed1 243s (card 3)
2026-04-29 11:23:54,694 INFO train_distributed it= 199 lr=1.00e-04 loss_world=1.4319 |∇|=5.66e+03 γ=0.972 T=0.0502
2026-04-29 11:23:54,700 INFO train_distributed training finished in 235.0s (200 iters, world_size=1)
2026-04-29 11:23:54,700 INFO train_distributed [rank 0] peak HBM: alloc=7.24 GB, reserved=8.05 GB
2026-04-29 11:23:54,703 INFO train_distributed [rank 0] wrote experiments/045_arch_tier_4_1_megnet/results_t41_megnet_seed0/training_log.json

═ TRAIN t41_megnet_seed8 (card 2) ═ 11:23:54
  ✓ t41_megnet_seed5 240s (card 7)

═ TRAIN t41_megnet_seed9 (card 3) ═ 11:23:54
  ✓ t41_megnet_seed2 244s (card 4)
  ✓ t41_megnet_seed4 244s (card 6)
  ✓ t41_megnet_seed0 244s (card 2)
2026-04-29 11:23:56,498 INFO train_distributed it= 199 lr=1.00e-04 loss_world=1.2456 |∇|=1.54e+03 γ=0.965 T=0.0504
2026-04-29 11:23:56,504 INFO train_distributed training finished in 236.7s (200 iters, world_size=1)
2026-04-29 11:23:56,504 INFO train_distributed [rank 0] peak HBM: alloc=7.24 GB, reserved=8.05 GB
2026-04-29 11:23:56,507 INFO train_distributed [rank 0] wrote experiments/045_arch_tier_4_1_megnet/results_t41_megnet_seed3/training_log.json
  ✓ t41_megnet_seed3 246s (card 5)
2026-04-29 11:23:58,540 INFO train_distributed [dist] rank=0 world_size=1 local_rank=0 cuda_available=True
2026-04-29 11:23:58,586 INFO train_distributed loaded 2,841 returns for spx/2015-2026_daily
2026-04-29 11:23:58,593 INFO train_distributed targets: acf_sq=0.342 leverage_sum=-0.790 hill_alpha=2.68
2026-04-29 11:23:58,922 INFO train_distributed [dist] rank=0 world_size=1 local_rank=0 cuda_available=True
2026-04-29 11:23:58,967 INFO train_distributed loaded 2,841 returns for spx/2015-2026_daily
2026-04-29 11:23:58,975 INFO train_distributed targets: acf_sq=0.342 leverage_sum=-0.790 hill_alpha=2.68
2026-04-29 11:23:59,134 INFO train_distributed EcoMDSimulator built: 36316 parameters (device=cuda:0)
2026-04-29 11:23:59,320 INFO train_distributed EcoMDSimulator built: 36316 parameters (device=cuda:0)
2026-04-29 11:24:01,509 INFO train_distributed it=   0 lr=1.00e-04 loss_world=22.6099 |∇|=3.89e+03 γ=1.000 T=0.0500
2026-04-29 11:24:01,696 INFO train_distributed it=   0 lr=1.00e-04 loss_world=11.8207 |∇|=1.46e+03 γ=1.000 T=0.0500
2026-04-29 11:24:03,381 INFO train_distributed it=   9 lr=1.00e-03 loss_world=1.0530 |∇|=3.67e+01 γ=1.000 T=0.0499
2026-04-29 11:24:03,456 INFO train_distributed it=   9 lr=1.00e-03 loss_world=2.0783 |∇|=1.43e+02 γ=0.997 T=0.0499
2026-04-29 11:24:11,892 INFO train_distributed it=   9 lr=1.00e-03 loss_world=2.4913 |∇|=7.39e+01 γ=1.000 T=0.0499
2026-04-29 11:24:12,093 INFO train_distributed it=   9 lr=1.00e-03 loss_world=2.2997 |∇|=1.16e+02 γ=0.996 T=0.0500
2026-04-29 11:24:15,178 INFO train_distributed it=  19 lr=9.95e-04 loss_world=1.4257 |∇|=2.31e+03 γ=1.000 T=0.0498
2026-04-29 11:24:15,263 INFO train_distributed it=  19 lr=9.95e-04 loss_world=1.9706 |∇|=1.38e+02 γ=0.994 T=0.0500
2026-04-29 11:24:23,532 INFO train_distributed it=  19 lr=9.95e-04 loss_world=2.0238 |∇|=6.95e+01 γ=0.998 T=0.0499
2026-04-29 11:24:23,759 INFO train_distributed it=  19 lr=9.95e-04 loss_world=1.5046 |∇|=8.51e+01 γ=0.991 T=0.0500
2026-04-29 11:24:26,969 INFO train_distributed it=  29 lr=9.78e-04 loss_world=1.2095 |∇|=6.32e+01 γ=1.000 T=0.0498
2026-04-29 11:24:27,074 INFO train_distributed it=  29 lr=9.78e-04 loss_world=0.8748 |∇|=1.55e+01 γ=0.993 T=0.0500
2026-04-29 11:24:35,223 INFO train_distributed it=  29 lr=9.78e-04 loss_world=2.4974 |∇|=7.74e+01 γ=0.996 T=0.0499
2026-04-29 11:24:35,433 INFO train_distributed it=  29 lr=9.78e-04 loss_world=2.3838 |∇|=4.29e+02 γ=0.989 T=0.0500
2026-04-29 11:24:38,728 INFO train_distributed it=  39 lr=9.49e-04 loss_world=1.5370 |∇|=1.63e+02 γ=0.999 T=0.0497
2026-04-29 11:24:38,876 INFO train_distributed it=  39 lr=9.49e-04 loss_world=1.2809 |∇|=5.89e+01 γ=0.992 T=0.0498
2026-04-29 11:24:46,900 INFO train_distributed it=  39 lr=9.49e-04 loss_world=2.1322 |∇|=4.49e+01 γ=0.995 T=0.0499
2026-04-29 11:24:47,114 INFO train_distributed it=  39 lr=9.49e-04 loss_world=1.2587 |∇|=4.31e+01 γ=0.987 T=0.0500
2026-04-29 11:24:50,480 INFO train_distributed it=  49 lr=9.10e-04 loss_world=9.5174 |∇|=1.38e+03 γ=0.999 T=0.0497
2026-04-29 11:24:50,647 INFO train_distributed it=  49 lr=9.10e-04 loss_world=1.0398 |∇|=5.40e+02 γ=0.992 T=0.0498
2026-04-29 11:24:58,567 INFO train_distributed it=  49 lr=9.10e-04 loss_world=1.9540 |∇|=1.28e+02 γ=0.995 T=0.0500
2026-04-29 11:24:58,790 INFO train_distributed it=  49 lr=9.10e-04 loss_world=1.9700 |∇|=2.42e+02 γ=0.987 T=0.0500
2026-04-29 11:25:02,228 INFO train_distributed it=  59 lr=8.60e-04 loss_world=7.9053 |∇|=4.34e+03 γ=0.999 T=0.0496
2026-04-29 11:25:02,398 INFO train_distributed it=  59 lr=8.60e-04 loss_world=1.0942 |∇|=4.08e+01 γ=0.992 T=0.0498
2026-04-29 11:25:10,238 INFO train_distributed it=  59 lr=8.60e-04 loss_world=2.9371 |∇|=3.59e+02 γ=0.994 T=0.0500
2026-04-29 11:25:10,465 INFO train_distributed it=  59 lr=8.60e-04 loss_world=1.0569 |∇|=1.61e+02 γ=0.987 T=0.0500
2026-04-29 11:25:13,958 INFO train_distributed it=  69 lr=8.02e-04 loss_world=1.4966 |∇|=1.01e+02 γ=0.997 T=0.0496
2026-04-29 11:25:14,150 INFO train_distributed it=  69 lr=8.02e-04 loss_world=1.5251 |∇|=5.12e+02 γ=0.992 T=0.0498
2026-04-29 11:25:21,896 INFO train_distributed it=  69 lr=8.02e-04 loss_world=4.6313 |∇|=3.25e+03 γ=0.994 T=0.0500
2026-04-29 11:25:22,131 INFO train_distributed it=  69 lr=8.02e-04 loss_world=3.5962 |∇|=2.48e+02 γ=0.987 T=0.0500
2026-04-29 11:25:25,689 INFO train_distributed it=  79 lr=7.38e-04 loss_world=0.9834 |∇|=8.27e+01 γ=0.995 T=0.0496
2026-04-29 11:25:25,891 INFO train_distributed it=  79 lr=7.38e-04 loss_world=1.1325 |∇|=1.64e+02 γ=0.992 T=0.0499
2026-04-29 11:25:33,555 INFO train_distributed it=  79 lr=7.38e-04 loss_world=1.1231 |∇|=5.61e+01 γ=0.995 T=0.0500
2026-04-29 11:25:33,797 INFO train_distributed it=  79 lr=7.38e-04 loss_world=8.4528 |∇|=7.51e+02 γ=0.988 T=0.0499
2026-04-29 11:25:37,417 INFO train_distributed it=  89 lr=6.68e-04 loss_world=1.4114 |∇|=3.48e+02 γ=0.995 T=0.0496
2026-04-29 11:25:37,641 INFO train_distributed it=  89 lr=6.68e-04 loss_world=1.1390 |∇|=7.11e+01 γ=0.992 T=0.0499
2026-04-29 11:25:45,212 INFO train_distributed it=  89 lr=6.68e-04 loss_world=1.1470 |∇|=2.97e+01 γ=0.995 T=0.0500
2026-04-29 11:25:45,464 INFO train_distributed it=  89 lr=6.68e-04 loss_world=1.0739 |∇|=1.65e+02 γ=0.988 T=0.0500
2026-04-29 11:25:49,152 INFO train_distributed it=  99 lr=5.95e-04 loss_world=1.0326 |∇|=2.74e+02 γ=0.995 T=0.0496
2026-04-29 11:25:49,409 INFO train_distributed it=  99 lr=5.95e-04 loss_world=1.2743 |∇|=1.13e+02 γ=0.992 T=0.0498
2026-04-29 11:25:56,879 INFO train_distributed it=  99 lr=5.95e-04 loss_world=1.2025 |∇|=2.39e+01 γ=0.995 T=0.0500
2026-04-29 11:25:57,132 INFO train_distributed it=  99 lr=5.95e-04 loss_world=1.2919 |∇|=2.26e+02 γ=0.990 T=0.0499
2026-04-29 11:26:00,898 INFO train_distributed it= 109 lr=5.20e-04 loss_world=5.8487 |∇|=1.67e+03 γ=0.995 T=0.0496
2026-04-29 11:26:01,165 INFO train_distributed it= 109 lr=5.20e-04 loss_world=1.1032 |∇|=1.24e+03 γ=0.992 T=0.0498
2026-04-29 11:26:08,564 INFO train_distributed it= 109 lr=5.20e-04 loss_world=1.2391 |∇|=5.91e+01 γ=0.994 T=0.0500
2026-04-29 11:26:08,803 INFO train_distributed it= 109 lr=5.20e-04 loss_world=1.3601 |∇|=9.01e+01 γ=0.991 T=0.0499
2026-04-29 11:26:12,625 INFO train_distributed it= 119 lr=4.47e-04 loss_world=1.1284 |∇|=9.08e+01 γ=0.996 T=0.0496
2026-04-29 11:26:12,916 INFO train_distributed it= 119 lr=4.47e-04 loss_world=0.9873 |∇|=6.06e+01 γ=0.992 T=0.0498
2026-04-29 11:26:20,245 INFO train_distributed it= 119 lr=4.47e-04 loss_world=11.2123 |∇|=1.62e+03 γ=0.994 T=0.0500
2026-04-29 11:26:20,473 INFO train_distributed it= 119 lr=4.47e-04 loss_world=1.1975 |∇|=1.00e+02 γ=0.992 T=0.0498
2026-04-29 11:26:24,352 INFO train_distributed it= 129 lr=3.76e-04 loss_world=1.2809 |∇|=8.57e+01 γ=0.996 T=0.0496
2026-04-29 11:26:24,674 INFO train_distributed it= 129 lr=3.76e-04 loss_world=1.1070 |∇|=7.70e+01 γ=0.992 T=0.0498
2026-04-29 11:26:31,903 INFO train_distributed it= 129 lr=3.76e-04 loss_world=1.2665 |∇|=9.48e+01 γ=0.994 T=0.0501
2026-04-29 11:26:32,136 INFO train_distributed it= 129 lr=3.76e-04 loss_world=0.9089 |∇|=1.27e+02 γ=0.992 T=0.0498
2026-04-29 11:26:36,077 INFO train_distributed it= 139 lr=3.10e-04 loss_world=1.5716 |∇|=1.34e+02 γ=0.996 T=0.0496
2026-04-29 11:26:36,431 INFO train_distributed it= 139 lr=3.10e-04 loss_world=1.3091 |∇|=2.54e+02 γ=0.992 T=0.0499
2026-04-29 11:26:43,552 INFO train_distributed it= 139 lr=3.10e-04 loss_world=1.0182 |∇|=3.74e+01 γ=0.994 T=0.0501
2026-04-29 11:26:43,800 INFO train_distributed it= 139 lr=3.10e-04 loss_world=0.9814 |∇|=2.20e+02 γ=0.992 T=0.0498
2026-04-29 11:26:47,802 INFO train_distributed it= 149 lr=2.51e-04 loss_world=0.9533 |∇|=9.21e+02 γ=0.997 T=0.0496
2026-04-29 11:26:48,184 INFO train_distributed it= 149 lr=2.51e-04 loss_world=1.0461 |∇|=2.56e+03 γ=0.993 T=0.0499
2026-04-29 11:26:55,201 INFO train_distributed it= 149 lr=2.51e-04 loss_world=0.9956 |∇|=3.46e+01 γ=0.994 T=0.0501
2026-04-29 11:26:55,464 INFO train_distributed it= 149 lr=2.51e-04 loss_world=1.1370 |∇|=1.07e+03 γ=0.993 T=0.0498
2026-04-29 11:26:59,532 INFO train_distributed it= 159 lr=2.00e-04 loss_world=1.1322 |∇|=5.36e+01 γ=0.997 T=0.0496
2026-04-29 11:26:59,940 INFO train_distributed it= 159 lr=2.00e-04 loss_world=1.1543 |∇|=1.39e+02 γ=0.993 T=0.0499
2026-04-29 11:27:06,854 INFO train_distributed it= 159 lr=2.00e-04 loss_world=0.9991 |∇|=4.17e+01 γ=0.994 T=0.0501
2026-04-29 11:27:07,132 INFO train_distributed it= 159 lr=2.00e-04 loss_world=1.0467 |∇|=2.79e+02 γ=0.993 T=0.0498
2026-04-29 11:27:11,265 INFO train_distributed it= 169 lr=1.58e-04 loss_world=3.2315 |∇|=8.94e+02 γ=0.997 T=0.0496
2026-04-29 11:27:11,700 INFO train_distributed it= 169 lr=1.58e-04 loss_world=1.2963 |∇|=7.32e+01 γ=0.993 T=0.0500
2026-04-29 11:27:18,542 INFO train_distributed it= 169 lr=1.58e-04 loss_world=1.0398 |∇|=4.84e+01 γ=0.994 T=0.0501
2026-04-29 11:27:18,792 INFO train_distributed it= 169 lr=1.58e-04 loss_world=1.1211 |∇|=6.45e+01 γ=0.993 T=0.0498
2026-04-29 11:27:22,996 INFO train_distributed it= 179 lr=1.27e-04 loss_world=0.8237 |∇|=3.22e+02 γ=0.997 T=0.0496
2026-04-29 11:27:23,456 INFO train_distributed it= 179 lr=1.27e-04 loss_world=1.2409 |∇|=7.29e+02 γ=0.993 T=0.0500
2026-04-29 11:27:30,208 INFO train_distributed it= 179 lr=1.27e-04 loss_world=1.0454 |∇|=5.74e+01 γ=0.994 T=0.0501
2026-04-29 11:27:30,450 INFO train_distributed it= 179 lr=1.27e-04 loss_world=1.2376 |∇|=7.47e+01 γ=0.993 T=0.0498
2026-04-29 11:27:34,726 INFO train_distributed it= 189 lr=1.07e-04 loss_world=1.2456 |∇|=1.27e+02 γ=0.997 T=0.0496
2026-04-29 11:27:35,216 INFO train_distributed it= 189 lr=1.07e-04 loss_world=1.8360 |∇|=9.76e+02 γ=0.993 T=0.0500
2026-04-29 11:27:41,855 INFO train_distributed it= 189 lr=1.07e-04 loss_world=1.0372 |∇|=5.88e+01 γ=0.994 T=0.0501
2026-04-29 11:27:42,109 INFO train_distributed it= 189 lr=1.07e-04 loss_world=1.1074 |∇|=1.54e+02 γ=0.993 T=0.0498
2026-04-29 11:27:46,466 INFO train_distributed it= 199 lr=1.00e-04 loss_world=1.0545 |∇|=9.57e+01 γ=0.997 T=0.0496
2026-04-29 11:27:46,472 INFO train_distributed training finished in 236.1s (200 iters, world_size=1)
2026-04-29 11:27:46,472 INFO train_distributed [rank 0] peak HBM: alloc=7.24 GB, reserved=8.05 GB
2026-04-29 11:27:46,475 INFO train_distributed [rank 0] wrote experiments/045_arch_tier_4_1_megnet/results_t41_megnet_seed6/training_log.json
2026-04-29 11:27:46,986 INFO train_distributed it= 199 lr=1.00e-04 loss_world=1.1825 |∇|=7.13e+01 γ=0.993 T=0.0500
2026-04-29 11:27:46,992 INFO train_distributed training finished in 236.5s (200 iters, world_size=1)
2026-04-29 11:27:46,992 INFO train_distributed [rank 0] peak HBM: alloc=7.24 GB, reserved=8.05 GB
2026-04-29 11:27:46,994 INFO train_distributed [rank 0] wrote experiments/045_arch_tier_4_1_megnet/results_t41_megnet_seed7/training_log.json
  ✓ t41_megnet_seed6 242s (card 0)
  ✓ t41_megnet_seed7 242s (card 1)
2026-04-29 11:27:53,503 INFO train_distributed it= 199 lr=1.00e-04 loss_world=1.6492 |∇|=2.98e+01 γ=0.994 T=0.0501
2026-04-29 11:27:53,509 INFO train_distributed training finished in 234.4s (200 iters, world_size=1)
2026-04-29 11:27:53,509 INFO train_distributed [rank 0] peak HBM: alloc=7.24 GB, reserved=8.05 GB
2026-04-29 11:27:53,511 INFO train_distributed [rank 0] wrote experiments/045_arch_tier_4_1_megnet/results_t41_megnet_seed9/training_log.json
2026-04-29 11:27:53,775 INFO train_distributed it= 199 lr=1.00e-04 loss_world=1.2416 |∇|=7.90e+01 γ=0.993 T=0.0498
2026-04-29 11:27:53,781 INFO train_distributed training finished in 234.5s (200 iters, world_size=1)
2026-04-29 11:27:53,781 INFO train_distributed [rank 0] peak HBM: alloc=7.24 GB, reserved=8.05 GB
2026-04-29 11:27:53,784 INFO train_distributed [rank 0] wrote experiments/045_arch_tier_4_1_megnet/results_t41_megnet_seed8/training_log.json
  ✓ t41_megnet_seed9 240s (card 3)
  ✓ t41_megnet_seed8 240s (card 2)

═ EVAL  t41_megnet_ext_only_seed0 (card 0) ═ 11:27:54

═ EVAL  t41_megnet_ext_only_seed1 (card 1) ═ 11:27:54

═ EVAL  t41_megnet_ext_only_seed2 (card 2) ═ 11:27:54

═ EVAL  t41_megnet_ext_only_seed3 (card 3) ═ 11:27:54

═ EVAL  t41_megnet_ext_only_seed4 (card 4) ═ 11:27:54

═ EVAL  t41_megnet_ext_only_seed5 (card 5) ═ 11:27:54

═ EVAL  t41_megnet_ext_only_seed6 (card 6) ═ 11:27:54

═ EVAL  t41_megnet_ext_only_seed7 (card 7) ═ 11:27:54
2026-04-29 11:27:59,163 INFO inference_run_large [dist] world_size=1 cuda=True
2026-04-29 11:28:00,048 INFO inference_run_large [dist] world_size=1 cuda=True
2026-04-29 11:28:00,464 INFO inference_run_large [dist] world_size=1 cuda=True
2026-04-29 11:28:00,824 INFO inference_run_large [dist] world_size=1 cuda=True
2026-04-29 11:28:01,182 INFO inference_run_large [dist] world_size=1 cuda=True
2026-04-29 11:28:01,552 INFO inference_run_large [dist] world_size=1 cuda=True
2026-04-29 11:28:01,938 INFO inference_run_large [dist] world_size=1 cuda=True
2026-04-29 11:28:02,427 INFO inference_run_large [dist] world_size=1 cuda=True
2026-04-29 11:28:03,092 INFO inference_run_large loaded checkpoint iter=200 from /AI4S/Users/howardwang/h204/ecophys/experiments/045_arch_tier_4_1_megnet/results_t41_megnet_ext_only_seed3/checkpoint.pt
2026-04-29 11:28:03,113 INFO inference_run_large loaded checkpoint iter=200 from /AI4S/Users/howardwang/h204/ecophys/experiments/045_arch_tier_4_1_megnet/results_t41_megnet_ext_only_seed5/checkpoint.pt
2026-04-29 11:28:03,137 INFO inference_run_large loaded checkpoint iter=200 from /AI4S/Users/howardwang/h204/ecophys/experiments/045_arch_tier_4_1_megnet/results_t41_megnet_ext_only_seed1/checkpoint.pt
2026-04-29 11:28:03,137 INFO inference_run_large loaded checkpoint iter=200 from /AI4S/Users/howardwang/h204/ecophys/experiments/045_arch_tier_4_1_megnet/results_t41_megnet_ext_only_seed2/checkpoint.pt
2026-04-29 11:28:03,137 INFO inference_run_large loaded checkpoint iter=200 from /AI4S/Users/howardwang/h204/ecophys/experiments/045_arch_tier_4_1_megnet/results_t41_megnet_ext_only_seed6/checkpoint.pt
2026-04-29 11:28:03,138 INFO inference_run_large loaded checkpoint iter=200 from /AI4S/Users/howardwang/h204/ecophys/experiments/045_arch_tier_4_1_megnet/results_t41_megnet_ext_only_seed4/checkpoint.pt
2026-04-29 11:28:03,138 INFO inference_run_large loaded checkpoint iter=200 from /AI4S/Users/howardwang/h204/ecophys/experiments/045_arch_tier_4_1_megnet/results_t41_megnet_ext_only_seed0/checkpoint.pt
2026-04-29 11:28:03,274 INFO inference_run_large loaded checkpoint iter=200 from /AI4S/Users/howardwang/h204/ecophys/experiments/045_arch_tier_4_1_megnet/results_t41_megnet_ext_only_seed7/checkpoint.pt
2026-04-29 11:28:49,187 INFO inference_run_large [rank 0] rollout 1/4 seed=10000 took 45.1s
2026-04-29 11:28:49,206 INFO inference_run_large [rank 0] rollout 1/4 seed=10000 took 45.1s
2026-04-29 11:28:49,230 INFO inference_run_large [rank 0] rollout 1/4 seed=10000 took 45.1s
2026-04-29 11:28:49,239 INFO inference_run_large [rank 0] rollout 1/4 seed=10000 took 45.1s
2026-04-29 11:28:49,244 INFO inference_run_large [rank 0] rollout 1/4 seed=10000 took 45.1s
2026-04-29 11:28:49,245 INFO inference_run_large [rank 0] rollout 1/4 seed=10000 took 45.0s
2026-04-29 11:28:49,249 INFO inference_run_large [rank 0] rollout 1/4 seed=10000 took 45.0s
2026-04-29 11:28:49,249 INFO inference_run_large [rank 0] rollout 1/4 seed=10000 took 45.1s
2026-04-29 11:29:33,826 INFO inference_run_large [rank 0] rollout 2/4 seed=10001 took 44.6s
2026-04-29 11:29:33,830 INFO inference_run_large [rank 0] rollout 2/4 seed=10001 took 44.5s
2026-04-29 11:29:33,876 INFO inference_run_large [rank 0] rollout 2/4 seed=10001 took 44.5s
2026-04-29 11:29:33,877 INFO inference_run_large [rank 0] rollout 2/4 seed=10001 took 44.5s
2026-04-29 11:29:33,895 INFO inference_run_large [rank 0] rollout 2/4 seed=10001 took 44.6s
2026-04-29 11:29:33,922 INFO inference_run_large [rank 0] rollout 2/4 seed=10001 took 44.6s
2026-04-29 11:29:33,922 INFO inference_run_large [rank 0] rollout 2/4 seed=10001 took 44.6s
2026-04-29 11:29:34,034 INFO inference_run_large [rank 0] rollout 2/4 seed=10001 took 44.7s
2026-04-29 11:30:18,416 INFO inference_run_large [rank 0] rollout 3/4 seed=10002 took 44.5s
2026-04-29 11:30:18,428 INFO inference_run_large [rank 0] rollout 3/4 seed=10002 took 44.5s
2026-04-29 11:30:18,497 INFO inference_run_large [rank 0] rollout 3/4 seed=10002 took 44.5s
2026-04-29 11:30:18,515 INFO inference_run_large [rank 0] rollout 3/4 seed=10002 took 44.6s
2026-04-29 11:30:18,543 INFO inference_run_large [rank 0] rollout 3/4 seed=10002 took 44.6s
2026-04-29 11:30:18,571 INFO inference_run_large [rank 0] rollout 3/4 seed=10002 took 44.6s
2026-04-29 11:30:18,584 INFO inference_run_large [rank 0] rollout 3/4 seed=10002 took 44.6s
2026-04-29 11:30:18,965 INFO inference_run_large [rank 0] rollout 3/4 seed=10002 took 44.9s
2026-04-29 11:31:03,066 INFO inference_run_large [rank 0] rollout 4/4 seed=10003 took 44.6s
2026-04-29 11:31:03,069 INFO inference_run_large [rank 0] wrote /AI4S/Users/howardwang/h204/ecophys/experiments/045_arch_tier_4_1_megnet/results_t41_megnet_ext_only_seed7/inference_rank_0.json
2026-04-29 11:31:03,073 INFO inference_run_large [rank 0] merged 4 rollouts → /AI4S/Users/howardwang/h204/ecophys/experiments/045_arch_tier_4_1_megnet/results_t41_megnet_ext_only_seed7/inference_merged.json
2026-04-29 11:31:03,109 INFO inference_run_large [rank 0] rollout 4/4 seed=10003 took 44.6s
2026-04-29 11:31:03,112 INFO inference_run_large [rank 0] wrote /AI4S/Users/howardwang/h204/ecophys/experiments/045_arch_tier_4_1_megnet/results_t41_megnet_ext_only_seed3/inference_rank_0.json
2026-04-29 11:31:03,116 INFO inference_run_large [rank 0] merged 4 rollouts → /AI4S/Users/howardwang/h204/ecophys/experiments/045_arch_tier_4_1_megnet/results_t41_megnet_ext_only_seed3/inference_merged.json
2026-04-29 11:31:03,163 INFO inference_run_large [rank 0] rollout 4/4 seed=10003 took 44.6s
2026-04-29 11:31:03,166 INFO inference_run_large [rank 0] wrote /AI4S/Users/howardwang/h204/ecophys/experiments/045_arch_tier_4_1_megnet/results_t41_megnet_ext_only_seed0/inference_rank_0.json
2026-04-29 11:31:03,170 INFO inference_run_large [rank 0] merged 4 rollouts → /AI4S/Users/howardwang/h204/ecophys/experiments/045_arch_tier_4_1_megnet/results_t41_megnet_ext_only_seed0/inference_merged.json
2026-04-29 11:31:03,261 INFO inference_run_large [rank 0] rollout 4/4 seed=10003 took 44.7s
2026-04-29 11:31:03,264 INFO inference_run_large [rank 0] wrote /AI4S/Users/howardwang/h204/ecophys/experiments/045_arch_tier_4_1_megnet/results_t41_megnet_ext_only_seed1/inference_rank_0.json
2026-04-29 11:31:03,268 INFO inference_run_large [rank 0] merged 4 rollouts → /AI4S/Users/howardwang/h204/ecophys/experiments/045_arch_tier_4_1_megnet/results_t41_megnet_ext_only_seed1/inference_merged.json
2026-04-29 11:31:03,288 INFO inference_run_large [rank 0] rollout 4/4 seed=10003 took 44.7s
2026-04-29 11:31:03,291 INFO inference_run_large [rank 0] wrote /AI4S/Users/howardwang/h204/ecophys/experiments/045_arch_tier_4_1_megnet/results_t41_megnet_ext_only_seed4/inference_rank_0.json
2026-04-29 11:31:03,294 INFO inference_run_large [rank 0] rollout 4/4 seed=10003 took 44.6s
2026-04-29 11:31:03,295 INFO inference_run_large [rank 0] merged 4 rollouts → /AI4S/Users/howardwang/h204/ecophys/experiments/045_arch_tier_4_1_megnet/results_t41_megnet_ext_only_seed4/inference_merged.json
2026-04-29 11:31:03,297 INFO inference_run_large [rank 0] wrote /AI4S/Users/howardwang/h204/ecophys/experiments/045_arch_tier_4_1_megnet/results_t41_megnet_ext_only_seed2/inference_rank_0.json
2026-04-29 11:31:03,301 INFO inference_run_large [rank 0] merged 4 rollouts → /AI4S/Users/howardwang/h204/ecophys/experiments/045_arch_tier_4_1_megnet/results_t41_megnet_ext_only_seed2/inference_merged.json
2026-04-29 11:31:03,309 INFO inference_run_large [rank 0] rollout 4/4 seed=10003 took 44.6s
2026-04-29 11:31:03,312 INFO inference_run_large [rank 0] wrote /AI4S/Users/howardwang/h204/ecophys/experiments/045_arch_tier_4_1_megnet/results_t41_megnet_ext_only_seed6/inference_rank_0.json
2026-04-29 11:31:03,316 INFO inference_run_large [rank 0] merged 4 rollouts → /AI4S/Users/howardwang/h204/ecophys/experiments/045_arch_tier_4_1_megnet/results_t41_megnet_ext_only_seed6/inference_merged.json
  ✓ eval t41_megnet_ext_only_seed7 189s (card 7)

═ EVAL  t41_megnet_ext_only_seed8 (card 0) ═ 11:31:03
2026-04-29 11:31:04,134 INFO inference_run_large [rank 0] rollout 4/4 seed=10003 took 45.1s
2026-04-29 11:31:04,138 INFO inference_run_large [rank 0] wrote /AI4S/Users/howardwang/h204/ecophys/experiments/045_arch_tier_4_1_megnet/results_t41_megnet_ext_only_seed5/inference_rank_0.json
2026-04-29 11:31:04,141 INFO inference_run_large [rank 0] merged 4 rollouts → /AI4S/Users/howardwang/h204/ecophys/experiments/045_arch_tier_4_1_megnet/results_t41_megnet_ext_only_seed5/inference_merged.json
  ✓ eval t41_megnet_ext_only_seed0 190s (card 0)
  ✓ eval t41_megnet_ext_only_seed3 190s (card 3)

═ EVAL  t41_megnet_ext_only_seed9 (card 1) ═ 11:31:04

═ EVAL  t41_megnet_seed0 (card 2) ═ 11:31:04
  ✓ eval t41_megnet_ext_only_seed2 190s (card 2)

═ EVAL  t41_megnet_seed1 (card 3) ═ 11:31:04
  ✓ eval t41_megnet_ext_only_seed4 190s (card 4)

═ EVAL  t41_megnet_seed2 (card 4) ═ 11:31:04
  ✓ eval t41_megnet_ext_only_seed6 190s (card 6)

═ EVAL  t41_megnet_seed3 (card 5) ═ 11:31:04
  ✓ eval t41_megnet_ext_only_seed1 190s (card 1)

═ EVAL  t41_megnet_seed4 (card 6) ═ 11:31:04
  ✓ eval t41_megnet_ext_only_seed5 191s (card 5)

═ EVAL  t41_megnet_seed5 (card 7) ═ 11:31:05
2026-04-29 11:31:08,536 INFO inference_run_large [dist] world_size=1 cuda=True
2026-04-29 11:31:10,022 INFO inference_run_large [dist] world_size=1 cuda=True
2026-04-29 11:31:10,375 INFO inference_run_large [dist] world_size=1 cuda=True
2026-04-29 11:31:10,902 INFO inference_run_large [dist] world_size=1 cuda=True
2026-04-29 11:31:11,358 INFO inference_run_large [dist] world_size=1 cuda=True
2026-04-29 11:31:11,750 INFO inference_run_large [dist] world_size=1 cuda=True
2026-04-29 11:31:12,265 INFO inference_run_large [dist] world_size=1 cuda=True
2026-04-29 11:31:12,619 INFO inference_run_large [dist] world_size=1 cuda=True
2026-04-29 11:31:13,094 INFO inference_run_large loaded checkpoint iter=200 from /AI4S/Users/howardwang/h204/ecophys/experiments/045_arch_tier_4_1_megnet/results_t41_megnet_ext_only_seed8/checkpoint.pt
2026-04-29 11:31:13,129 INFO inference_run_large loaded checkpoint iter=200 from /AI4S/Users/howardwang/h204/ecophys/experiments/045_arch_tier_4_1_megnet/results_t41_megnet_ext_only_seed9/checkpoint.pt
2026-04-29 11:31:13,227 INFO inference_run_large loaded checkpoint iter=200 from /AI4S/Users/howardwang/h204/ecophys/experiments/045_arch_tier_4_1_megnet/results_t41_megnet_seed4/checkpoint.pt
2026-04-29 11:31:13,243 INFO inference_run_large loaded checkpoint iter=200 from /AI4S/Users/howardwang/h204/ecophys/experiments/045_arch_tier_4_1_megnet/results_t41_megnet_seed0/checkpoint.pt
2026-04-29 11:31:13,261 INFO inference_run_large loaded checkpoint iter=200 from /AI4S/Users/howardwang/h204/ecophys/experiments/045_arch_tier_4_1_megnet/results_t41_megnet_seed2/checkpoint.pt
2026-04-29 11:31:13,290 INFO inference_run_large loaded checkpoint iter=200 from /AI4S/Users/howardwang/h204/ecophys/experiments/045_arch_tier_4_1_megnet/results_t41_megnet_seed3/checkpoint.pt
2026-04-29 11:31:13,370 INFO inference_run_large loaded checkpoint iter=200 from /AI4S/Users/howardwang/h204/ecophys/experiments/045_arch_tier_4_1_megnet/results_t41_megnet_seed1/checkpoint.pt
2026-04-29 11:31:13,425 INFO inference_run_large loaded checkpoint iter=200 from /AI4S/Users/howardwang/h204/ecophys/experiments/045_arch_tier_4_1_megnet/results_t41_megnet_seed5/checkpoint.pt
2026-04-29 11:31:59,338 INFO inference_run_large [rank 0] rollout 1/4 seed=10000 took 45.2s
2026-04-29 11:31:59,345 INFO inference_run_large [rank 0] rollout 1/4 seed=10000 took 45.3s
2026-04-29 11:32:01,316 INFO inference_run_large [rank 0] rollout 1/4 seed=10000 took 47.1s
2026-04-29 11:32:01,394 INFO inference_run_large [rank 0] rollout 1/4 seed=10000 took 47.1s
2026-04-29 11:32:01,488 INFO inference_run_large [rank 0] rollout 1/4 seed=10000 took 47.3s
2026-04-29 11:32:01,502 INFO inference_run_large [rank 0] rollout 1/4 seed=10000 took 47.2s
2026-04-29 11:32:01,544 INFO inference_run_large [rank 0] rollout 1/4 seed=10000 took 47.1s
2026-04-29 11:32:01,633 INFO inference_run_large [rank 0] rollout 1/4 seed=10000 took 47.4s
2026-04-29 11:32:43,937 INFO inference_run_large [rank 0] rollout 2/4 seed=10001 took 44.5s
2026-04-29 11:32:43,995 INFO inference_run_large [rank 0] rollout 2/4 seed=10001 took 44.6s
2026-04-29 11:32:47,933 INFO inference_run_large [rank 0] rollout 2/4 seed=10001 took 46.5s
2026-04-29 11:32:48,101 INFO inference_run_large [rank 0] rollout 2/4 seed=10001 took 46.6s
2026-04-29 11:32:48,223 INFO inference_run_large [rank 0] rollout 2/4 seed=10001 took 46.6s
2026-04-29 11:32:48,280 INFO inference_run_large [rank 0] rollout 2/4 seed=10001 took 46.7s
2026-04-29 11:32:48,282 INFO inference_run_large [rank 0] rollout 2/4 seed=10001 took 46.7s
2026-04-29 11:32:48,533 INFO inference_run_large [rank 0] rollout 2/4 seed=10001 took 46.8s
2026-04-29 11:33:28,535 INFO inference_run_large [rank 0] rollout 3/4 seed=10002 took 44.5s
2026-04-29 11:33:28,608 INFO inference_run_large [rank 0] rollout 3/4 seed=10002 took 44.5s
2026-04-29 11:33:34,550 INFO inference_run_large [rank 0] rollout 3/4 seed=10002 took 46.5s
2026-04-29 11:33:34,793 INFO inference_run_large [rank 0] rollout 3/4 seed=10002 took 46.6s
2026-04-29 11:33:34,916 INFO inference_run_large [rank 0] rollout 3/4 seed=10002 took 46.6s
2026-04-29 11:33:34,997 INFO inference_run_large [rank 0] rollout 3/4 seed=10002 took 46.6s
2026-04-29 11:33:35,037 INFO inference_run_large [rank 0] rollout 3/4 seed=10002 took 46.7s
2026-04-29 11:33:35,492 INFO inference_run_large [rank 0] rollout 3/4 seed=10002 took 46.9s
2026-04-29 11:34:13,224 INFO inference_run_large [rank 0] rollout 4/4 seed=10003 took 44.6s
2026-04-29 11:34:13,227 INFO inference_run_large [rank 0] wrote /AI4S/Users/howardwang/h204/ecophys/experiments/045_arch_tier_4_1_megnet/results_t41_megnet_ext_only_seed9/inference_rank_0.json
2026-04-29 11:34:13,231 INFO inference_run_large [rank 0] merged 4 rollouts → /AI4S/Users/howardwang/h204/ecophys/experiments/045_arch_tier_4_1_megnet/results_t41_megnet_ext_only_seed9/inference_merged.json
2026-04-29 11:34:13,300 INFO inference_run_large [rank 0] rollout 4/4 seed=10003 took 44.6s
2026-04-29 11:34:13,303 INFO inference_run_large [rank 0] wrote /AI4S/Users/howardwang/h204/ecophys/experiments/045_arch_tier_4_1_megnet/results_t41_megnet_ext_only_seed8/inference_rank_0.json
2026-04-29 11:34:13,307 INFO inference_run_large [rank 0] merged 4 rollouts → /AI4S/Users/howardwang/h204/ecophys/experiments/045_arch_tier_4_1_megnet/results_t41_megnet_ext_only_seed8/inference_merged.json
  ✓ eval t41_megnet_ext_only_seed9 190s (card 1)

═ EVAL  t41_megnet_seed6 (card 0) ═ 11:34:14
  ✓ eval t41_megnet_ext_only_seed8 191s (card 0)

═ EVAL  t41_megnet_seed7 (card 1) ═ 11:34:14
2026-04-29 11:34:18,093 INFO inference_run_large [dist] world_size=1 cuda=True
2026-04-29 11:34:18,622 INFO inference_run_large [dist] world_size=1 cuda=True
2026-04-29 11:34:18,821 INFO inference_run_large loaded checkpoint iter=200 from /AI4S/Users/howardwang/h204/ecophys/experiments/045_arch_tier_4_1_megnet/results_t41_megnet_seed6/checkpoint.pt
2026-04-29 11:34:18,939 INFO inference_run_large loaded checkpoint iter=200 from /AI4S/Users/howardwang/h204/ecophys/experiments/045_arch_tier_4_1_megnet/results_t41_megnet_seed7/checkpoint.pt
2026-04-29 11:34:21,238 INFO inference_run_large [rank 0] rollout 4/4 seed=10003 took 46.6s
2026-04-29 11:34:21,241 INFO inference_run_large [rank 0] wrote /AI4S/Users/howardwang/h204/ecophys/experiments/045_arch_tier_4_1_megnet/results_t41_megnet_seed4/inference_rank_0.json
2026-04-29 11:34:21,245 INFO inference_run_large [rank 0] merged 4 rollouts → /AI4S/Users/howardwang/h204/ecophys/experiments/045_arch_tier_4_1_megnet/results_t41_megnet_seed4/inference_merged.json
2026-04-29 11:34:21,563 INFO inference_run_large [rank 0] rollout 4/4 seed=10003 took 46.7s
2026-04-29 11:34:21,566 INFO inference_run_large [rank 0] wrote /AI4S/Users/howardwang/h204/ecophys/experiments/045_arch_tier_4_1_megnet/results_t41_megnet_seed2/inference_rank_0.json
2026-04-29 11:34:21,570 INFO inference_run_large [rank 0] merged 4 rollouts → /AI4S/Users/howardwang/h204/ecophys/experiments/045_arch_tier_4_1_megnet/results_t41_megnet_seed2/inference_merged.json
2026-04-29 11:34:21,679 INFO inference_run_large [rank 0] rollout 4/4 seed=10003 took 46.7s
2026-04-29 11:34:21,683 INFO inference_run_large [rank 0] wrote /AI4S/Users/howardwang/h204/ecophys/experiments/045_arch_tier_4_1_megnet/results_t41_megnet_seed1/inference_rank_0.json
2026-04-29 11:34:21,687 INFO inference_run_large [rank 0] merged 4 rollouts → /AI4S/Users/howardwang/h204/ecophys/experiments/045_arch_tier_4_1_megnet/results_t41_megnet_seed1/inference_merged.json
2026-04-29 11:34:21,775 INFO inference_run_large [rank 0] rollout 4/4 seed=10003 took 46.7s
2026-04-29 11:34:21,778 INFO inference_run_large [rank 0] wrote /AI4S/Users/howardwang/h204/ecophys/experiments/045_arch_tier_4_1_megnet/results_t41_megnet_seed5/inference_rank_0.json
2026-04-29 11:34:21,782 INFO inference_run_large [rank 0] merged 4 rollouts → /AI4S/Users/howardwang/h204/ecophys/experiments/045_arch_tier_4_1_megnet/results_t41_megnet_seed5/inference_merged.json
2026-04-29 11:34:21,856 INFO inference_run_large [rank 0] rollout 4/4 seed=10003 took 46.7s
2026-04-29 11:34:21,859 INFO inference_run_large [rank 0] wrote /AI4S/Users/howardwang/h204/ecophys/experiments/045_arch_tier_4_1_megnet/results_t41_megnet_seed0/inference_rank_0.json
2026-04-29 11:34:21,863 INFO inference_run_large [rank 0] merged 4 rollouts → /AI4S/Users/howardwang/h204/ecophys/experiments/045_arch_tier_4_1_megnet/results_t41_megnet_seed0/inference_merged.json
  ✓ eval t41_megnet_seed4 198s (card 6)

═ EVAL  t41_megnet_seed8 (card 2) ═ 11:34:22
  ✓ eval t41_megnet_seed2 198s (card 4)

═ EVAL  t41_megnet_seed9 (card 3) ═ 11:34:22
2026-04-29 11:34:22,570 INFO inference_run_large [rank 0] rollout 4/4 seed=10003 took 47.0s
2026-04-29 11:34:22,573 INFO inference_run_large [rank 0] wrote /AI4S/Users/howardwang/h204/ecophys/experiments/045_arch_tier_4_1_megnet/results_t41_megnet_seed3/inference_rank_0.json
2026-04-29 11:34:22,577 INFO inference_run_large [rank 0] merged 4 rollouts → /AI4S/Users/howardwang/h204/ecophys/experiments/045_arch_tier_4_1_megnet/results_t41_megnet_seed3/inference_merged.json
  ✓ eval t41_megnet_seed1 198s (card 3)
  ✓ eval t41_megnet_seed5 197s (card 7)
  ✓ eval t41_megnet_seed0 198s (card 2)
  ✓ eval t41_megnet_seed3 199s (card 5)
2026-04-29 11:34:25,913 INFO inference_run_large [dist] world_size=1 cuda=True
2026-04-29 11:34:26,395 INFO inference_run_large [dist] world_size=1 cuda=True
2026-04-29 11:34:26,611 INFO inference_run_large loaded checkpoint iter=200 from /AI4S/Users/howardwang/h204/ecophys/experiments/045_arch_tier_4_1_megnet/results_t41_megnet_seed8/checkpoint.pt
2026-04-29 11:34:26,725 INFO inference_run_large loaded checkpoint iter=200 from /AI4S/Users/howardwang/h204/ecophys/experiments/045_arch_tier_4_1_megnet/results_t41_megnet_seed9/checkpoint.pt
2026-04-29 11:35:06,869 INFO inference_run_large [rank 0] rollout 1/4 seed=10000 took 47.1s
2026-04-29 11:35:07,047 INFO inference_run_large [rank 0] rollout 1/4 seed=10000 took 47.2s
2026-04-29 11:35:14,639 INFO inference_run_large [rank 0] rollout 1/4 seed=10000 took 47.1s
2026-04-29 11:35:14,649 INFO inference_run_large [rank 0] rollout 1/4 seed=10000 took 47.0s
2026-04-29 11:35:53,543 INFO inference_run_large [rank 0] rollout 2/4 seed=10001 took 46.6s
2026-04-29 11:35:53,803 INFO inference_run_large [rank 0] rollout 2/4 seed=10001 took 46.7s
2026-04-29 11:36:01,306 INFO inference_run_large [rank 0] rollout 2/4 seed=10001 took 46.6s
2026-04-29 11:36:01,370 INFO inference_run_large [rank 0] rollout 2/4 seed=10001 took 46.6s
2026-04-29 11:36:40,207 INFO inference_run_large [rank 0] rollout 3/4 seed=10002 took 46.6s
2026-04-29 11:36:40,573 INFO inference_run_large [rank 0] rollout 3/4 seed=10002 took 46.7s
2026-04-29 11:36:47,936 INFO inference_run_large [rank 0] rollout 3/4 seed=10002 took 46.5s
2026-04-29 11:36:48,083 INFO inference_run_large [rank 0] rollout 3/4 seed=10002 took 46.6s
2026-04-29 11:37:26,963 INFO inference_run_large [rank 0] rollout 4/4 seed=10003 took 46.7s
2026-04-29 11:37:26,966 INFO inference_run_large [rank 0] wrote /AI4S/Users/howardwang/h204/ecophys/experiments/045_arch_tier_4_1_megnet/results_t41_megnet_seed6/inference_rank_0.json
2026-04-29 11:37:26,969 INFO inference_run_large [rank 0] merged 4 rollouts → /AI4S/Users/howardwang/h204/ecophys/experiments/045_arch_tier_4_1_megnet/results_t41_megnet_seed6/inference_merged.json
2026-04-29 11:37:27,440 INFO inference_run_large [rank 0] rollout 4/4 seed=10003 took 46.8s
2026-04-29 11:37:27,443 INFO inference_run_large [rank 0] wrote /AI4S/Users/howardwang/h204/ecophys/experiments/045_arch_tier_4_1_megnet/results_t41_megnet_seed7/inference_rank_0.json
2026-04-29 11:37:27,447 INFO inference_run_large [rank 0] merged 4 rollouts → /AI4S/Users/howardwang/h204/ecophys/experiments/045_arch_tier_4_1_megnet/results_t41_megnet_seed7/inference_merged.json
  ✓ eval t41_megnet_seed6 193s (card 0)
  ✓ eval t41_megnet_seed7 194s (card 1)
2026-04-29 11:37:34,643 INFO inference_run_large [rank 0] rollout 4/4 seed=10003 took 46.6s
2026-04-29 11:37:34,646 INFO inference_run_large [rank 0] wrote /AI4S/Users/howardwang/h204/ecophys/experiments/045_arch_tier_4_1_megnet/results_t41_megnet_seed9/inference_rank_0.json
2026-04-29 11:37:34,650 INFO inference_run_large [rank 0] merged 4 rollouts → /AI4S/Users/howardwang/h204/ecophys/experiments/045_arch_tier_4_1_megnet/results_t41_megnet_seed9/inference_merged.json
2026-04-29 11:37:34,847 INFO inference_run_large [rank 0] rollout 4/4 seed=10003 took 46.7s
2026-04-29 11:37:34,850 INFO inference_run_large [rank 0] wrote /AI4S/Users/howardwang/h204/ecophys/experiments/045_arch_tier_4_1_megnet/results_t41_megnet_seed8/inference_rank_0.json
2026-04-29 11:37:34,853 INFO inference_run_large [rank 0] merged 4 rollouts → /AI4S/Users/howardwang/h204/ecophys/experiments/045_arch_tier_4_1_megnet/results_t41_megnet_seed8/inference_merged.json
  ✓ eval t41_megnet_seed9 193s (card 3)
  ✓ eval t41_megnet_seed8 193s (card 2)

═══ DONE — Wed Apr 29 11:37:35 AM CST 2026 ═══
