2026-04-29 15:57:38,065 INFO train_distributed [dist] rank=0 world_size=1 local_rank=0 cuda_available=True
2026-04-29 15:57:38,109 INFO train_distributed loaded 2,841 returns for spx/2015-2026_daily
2026-04-29 15:57:38,116 INFO train_distributed targets: acf_sq=0.342 leverage_sum=-0.790 hill_alpha=2.68
2026-04-29 15:57:40,367 INFO train_distributed EcoMDSimulator built: 34796 parameters (device=cuda:0)
2026-04-29 15:57:44,141 INFO train_distributed it=   0 lr=1.00e-04 loss_world=1.9411 |∇|=3.31e+01 γ=1.000 T=0.0500
2026-04-29 15:58:06,506 INFO train_distributed it=   9 lr=1.00e-03 loss_world=9.8108 |∇|=3.49e+02 γ=1.003 T=0.0501
2026-04-29 15:58:31,353 INFO train_distributed it=  19 lr=9.95e-04 loss_world=4.8219 |∇|=8.10e+02 γ=1.004 T=0.0503
2026-04-29 15:58:56,215 INFO train_distributed it=  29 lr=9.78e-04 loss_world=1.9320 |∇|=5.89e+01 γ=1.004 T=0.0505
2026-04-29 15:59:21,098 INFO train_distributed it=  39 lr=9.49e-04 loss_world=1.3597 |∇|=1.81e+01 γ=1.001 T=0.0506
2026-04-29 15:59:45,975 INFO train_distributed it=  49 lr=9.10e-04 loss_world=0.9492 |∇|=2.22e+01 γ=1.003 T=0.0506
2026-04-29 16:00:10,844 INFO train_distributed it=  59 lr=8.60e-04 loss_world=1.2379 |∇|=1.57e+01 γ=1.004 T=0.0507
2026-04-29 16:00:35,721 INFO train_distributed it=  69 lr=8.02e-04 loss_world=0.9917 |∇|=2.40e+01 γ=1.004 T=0.0507
2026-04-29 16:01:00,581 INFO train_distributed it=  79 lr=7.38e-04 loss_world=1.2310 |∇|=8.50e+01 γ=1.004 T=0.0507
2026-04-29 16:01:25,454 INFO train_distributed it=  89 lr=6.68e-04 loss_world=1.1728 |∇|=5.42e+04 γ=0.998 T=0.0507
2026-04-29 16:01:50,322 INFO train_distributed it=  99 lr=5.95e-04 loss_world=0.8306 |∇|=5.54e+03 γ=0.997 T=0.0507
2026-04-29 16:02:15,193 INFO train_distributed it= 109 lr=5.20e-04 loss_world=0.7594 |∇|=1.40e+04 γ=0.996 T=0.0506
2026-04-29 16:02:40,075 INFO train_distributed it= 119 lr=4.47e-04 loss_world=1.2350 |∇|=8.74e+03 γ=0.997 T=0.0506
2026-04-29 16:03:04,955 INFO train_distributed it= 129 lr=3.76e-04 loss_world=0.7325 |∇|=3.35e+04 γ=0.996 T=0.0505
2026-04-29 16:03:29,839 INFO train_distributed it= 139 lr=3.10e-04 loss_world=0.6504 |∇|=5.08e+03 γ=0.997 T=0.0505
2026-04-29 16:03:54,733 INFO train_distributed it= 149 lr=2.51e-04 loss_world=0.8473 |∇|=3.17e+04 γ=0.997 T=0.0505
2026-04-29 16:04:19,636 INFO train_distributed it= 159 lr=2.00e-04 loss_world=1.0852 |∇|=2.15e+04 γ=0.997 T=0.0505
2026-04-29 16:04:44,561 INFO train_distributed it= 169 lr=1.58e-04 loss_world=1.5865 |∇|=1.86e+05 γ=0.997 T=0.0505
2026-04-29 16:05:09,462 INFO train_distributed it= 179 lr=1.27e-04 loss_world=1.1401 |∇|=1.17e+05 γ=0.997 T=0.0505
2026-04-29 16:05:34,416 INFO train_distributed it= 189 lr=1.07e-04 loss_world=0.8320 |∇|=4.04e+04 γ=0.997 T=0.0505
2026-04-29 16:05:59,317 INFO train_distributed it= 199 lr=1.00e-04 loss_world=0.8784 |∇|=6.81e+04 γ=0.997 T=0.0505
2026-04-29 16:05:59,323 INFO train_distributed training finished in 499.0s (200 iters, world_size=1)
2026-04-29 16:05:59,323 INFO train_distributed [rank 0] peak HBM: alloc=9.09 GB, reserved=9.90 GB
2026-04-29 16:05:59,326 INFO train_distributed [rank 0] wrote experiments/043_arch_pairs/results_p_1_1__1_3_seed0/training_log.json
