═══ PHASE RUN — Tue Apr 28 06:36:03 PM CST 2026 ═══
  CONFIG_DIR=experiments/042_arch_tier_3_1_isab NPROC=1 PARALLEL=8 SKIP_DONE=1
  Configs: 10

═ TRAIN t31_isab_seed0 (card 0) ═ 18:36:03

═ TRAIN t31_isab_seed1 (card 1) ═ 18:36:03

═ TRAIN t31_isab_seed2 (card 2) ═ 18:36:03

═ TRAIN t31_isab_seed3 (card 3) ═ 18:36:03

═ TRAIN t31_isab_seed4 (card 4) ═ 18:36:03

═ TRAIN t31_isab_seed5 (card 5) ═ 18:36:03

═ TRAIN t31_isab_seed6 (card 6) ═ 18:36:03

═ TRAIN t31_isab_seed7 (card 7) ═ 18:36:03
2026-04-28 18:36:08,411 INFO train_distributed [dist] rank=0 world_size=1 local_rank=0 cuda_available=True
2026-04-28 18:36:08,456 INFO train_distributed loaded 2,841 returns for spx/2015-2026_daily
2026-04-28 18:36:08,463 INFO train_distributed targets: acf_sq=0.342 leverage_sum=-0.790 hill_alpha=2.68
2026-04-28 18:36:08,839 INFO train_distributed [dist] rank=0 world_size=1 local_rank=0 cuda_available=True
2026-04-28 18:36:08,880 INFO train_distributed loaded 2,841 returns for spx/2015-2026_daily
2026-04-28 18:36:08,887 INFO train_distributed targets: acf_sq=0.342 leverage_sum=-0.790 hill_alpha=2.68
2026-04-28 18:36:09,238 INFO train_distributed [dist] rank=0 world_size=1 local_rank=0 cuda_available=True
2026-04-28 18:36:09,282 INFO train_distributed loaded 2,841 returns for spx/2015-2026_daily
2026-04-28 18:36:09,289 INFO train_distributed targets: acf_sq=0.342 leverage_sum=-0.790 hill_alpha=2.68
2026-04-28 18:36:09,620 INFO train_distributed [dist] rank=0 world_size=1 local_rank=0 cuda_available=True
2026-04-28 18:36:09,663 INFO train_distributed loaded 2,841 returns for spx/2015-2026_daily
2026-04-28 18:36:09,670 INFO train_distributed targets: acf_sq=0.342 leverage_sum=-0.790 hill_alpha=2.68
2026-04-28 18:36:09,988 INFO train_distributed [dist] rank=0 world_size=1 local_rank=0 cuda_available=True
2026-04-28 18:36:10,032 INFO train_distributed loaded 2,841 returns for spx/2015-2026_daily
2026-04-28 18:36:10,039 INFO train_distributed targets: acf_sq=0.342 leverage_sum=-0.790 hill_alpha=2.68
2026-04-28 18:36:10,376 INFO train_distributed [dist] rank=0 world_size=1 local_rank=0 cuda_available=True
2026-04-28 18:36:10,421 INFO train_distributed loaded 2,841 returns for spx/2015-2026_daily
2026-04-28 18:36:10,428 INFO train_distributed targets: acf_sq=0.342 leverage_sum=-0.790 hill_alpha=2.68
2026-04-28 18:36:10,753 INFO train_distributed [dist] rank=0 world_size=1 local_rank=0 cuda_available=True
2026-04-28 18:36:10,797 INFO train_distributed loaded 2,841 returns for spx/2015-2026_daily
2026-04-28 18:36:10,806 INFO train_distributed targets: acf_sq=0.342 leverage_sum=-0.790 hill_alpha=2.68
2026-04-28 18:36:11,271 INFO train_distributed [dist] rank=0 world_size=1 local_rank=0 cuda_available=True
2026-04-28 18:36:11,316 INFO train_distributed loaded 2,841 returns for spx/2015-2026_daily
2026-04-28 18:36:11,323 INFO train_distributed targets: acf_sq=0.342 leverage_sum=-0.790 hill_alpha=2.68
2026-04-28 18:36:11,872 INFO train_distributed EcoMDSimulator built: 105316 parameters (device=cuda:0)
2026-04-28 18:36:11,884 INFO train_distributed EcoMDSimulator built: 105316 parameters (device=cuda:0)
2026-04-28 18:36:11,898 INFO train_distributed EcoMDSimulator built: 105316 parameters (device=cuda:0)
2026-04-28 18:36:11,899 INFO train_distributed EcoMDSimulator built: 105316 parameters (device=cuda:0)
2026-04-28 18:36:11,900 INFO train_distributed EcoMDSimulator built: 105316 parameters (device=cuda:0)
2026-04-28 18:36:11,921 INFO train_distributed EcoMDSimulator built: 105316 parameters (device=cuda:0)
2026-04-28 18:36:11,921 INFO train_distributed EcoMDSimulator built: 105316 parameters (device=cuda:0)
2026-04-28 18:36:12,033 INFO train_distributed EcoMDSimulator built: 105316 parameters (device=cuda:0)
2026-04-28 18:36:13,343 INFO train_distributed it=   0 lr=1.00e-04 loss_world=1.0149 |∇|=1.50e+01 γ=1.000 T=0.0500
2026-04-28 18:36:13,377 INFO train_distributed it=   0 lr=1.00e-04 loss_world=1.1962 |∇|=1.50e-01 γ=1.000 T=0.0500
2026-04-28 18:36:13,405 INFO train_distributed it=   0 lr=1.00e-04 loss_world=0.7009 |∇|=3.21e+00 γ=1.000 T=0.0500
2026-04-28 18:36:13,410 INFO train_distributed it=   0 lr=1.00e-04 loss_world=1.0392 |∇|=2.16e+00 γ=1.000 T=0.0500
2026-04-28 18:36:13,421 INFO train_distributed it=   0 lr=1.00e-04 loss_world=1.0117 |∇|=1.48e+00 γ=1.000 T=0.0500
2026-04-28 18:36:13,428 INFO train_distributed it=   0 lr=1.00e-04 loss_world=1.3700 |∇|=6.86e+00 γ=1.000 T=0.0500
2026-04-28 18:36:13,448 INFO train_distributed it=   0 lr=1.00e-04 loss_world=0.8133 |∇|=1.66e+00 γ=1.000 T=0.0500
2026-04-28 18:36:13,486 INFO train_distributed it=   0 lr=1.00e-04 loss_world=1.0501 |∇|=1.52e+00 γ=1.000 T=0.0500
2026-04-28 18:36:15,795 INFO train_distributed it=   9 lr=1.00e-03 loss_world=0.7978 |∇|=2.35e+00 γ=1.000 T=0.0500
2026-04-28 18:36:15,804 INFO train_distributed it=   9 lr=1.00e-03 loss_world=1.0526 |∇|=1.26e+00 γ=1.000 T=0.0502
2026-04-28 18:36:15,806 INFO train_distributed it=   9 lr=1.00e-03 loss_world=0.5307 |∇|=1.33e+00 γ=0.999 T=0.0499
2026-04-28 18:36:15,873 INFO train_distributed it=   9 lr=1.00e-03 loss_world=1.2615 |∇|=4.63e+00 γ=1.004 T=0.0500
2026-04-28 18:36:15,878 INFO train_distributed it=   9 lr=1.00e-03 loss_world=0.7948 |∇|=1.71e-01 γ=1.004 T=0.0500
2026-04-28 18:36:15,881 INFO train_distributed it=   9 lr=1.00e-03 loss_world=1.0049 |∇|=1.27e+01 γ=1.002 T=0.0500
2026-04-28 18:36:15,960 INFO train_distributed it=   9 lr=1.00e-03 loss_world=0.9239 |∇|=8.51e-01 γ=1.002 T=0.0501
2026-04-28 18:36:15,963 INFO train_distributed it=   9 lr=1.00e-03 loss_world=0.8375 |∇|=2.19e+00 γ=0.998 T=0.0502
2026-04-28 18:36:18,452 INFO train_distributed it=  19 lr=9.95e-04 loss_world=0.7398 |∇|=1.55e+00 γ=0.996 T=0.0498
2026-04-28 18:36:18,484 INFO train_distributed it=  19 lr=9.95e-04 loss_world=1.4133 |∇|=5.42e+00 γ=0.999 T=0.0498
2026-04-28 18:36:18,498 INFO train_distributed it=  19 lr=9.95e-04 loss_world=0.8790 |∇|=5.73e-01 γ=1.002 T=0.0503
2026-04-28 18:36:18,553 INFO train_distributed it=  19 lr=9.95e-04 loss_world=0.8113 |∇|=4.67e+00 γ=1.001 T=0.0501
2026-04-28 18:36:18,569 INFO train_distributed it=  19 lr=9.95e-04 loss_world=1.0672 |∇|=1.24e+00 γ=1.006 T=0.0499
2026-04-28 18:36:18,609 INFO train_distributed it=  19 lr=9.95e-04 loss_world=1.4631 |∇|=4.16e-01 γ=1.006 T=0.0500
2026-04-28 18:36:18,721 INFO train_distributed it=  19 lr=9.95e-04 loss_world=1.4426 |∇|=2.86e-01 γ=1.006 T=0.0504
2026-04-28 18:36:18,794 INFO train_distributed it=  19 lr=9.95e-04 loss_world=0.7801 |∇|=1.29e+00 γ=0.998 T=0.0503
2026-04-28 18:36:21,109 INFO train_distributed it=  29 lr=9.78e-04 loss_world=0.5641 |∇|=3.28e+00 γ=1.001 T=0.0500
2026-04-28 18:36:21,155 INFO train_distributed it=  29 lr=9.78e-04 loss_world=1.0523 |∇|=1.20e+01 γ=1.003 T=0.0501
2026-04-28 18:36:21,166 INFO train_distributed it=  29 lr=9.78e-04 loss_world=0.7544 |∇|=2.41e-01 γ=1.002 T=0.0504
2026-04-28 18:36:21,247 INFO train_distributed it=  29 lr=9.78e-04 loss_world=0.6777 |∇|=2.14e+01 γ=1.012 T=0.0501
2026-04-28 18:36:21,248 INFO train_distributed it=  29 lr=9.78e-04 loss_world=0.8735 |∇|=1.10e+00 γ=1.002 T=0.0503
2026-04-28 18:36:21,295 INFO train_distributed it=  29 lr=9.78e-04 loss_world=1.4324 |∇|=1.23e+00 γ=1.005 T=0.0498
2026-04-28 18:36:21,458 INFO train_distributed it=  29 lr=9.78e-04 loss_world=0.7945 |∇|=7.64e+00 γ=1.007 T=0.0504
2026-04-28 18:36:21,583 INFO train_distributed it=  29 lr=9.78e-04 loss_world=1.3292 |∇|=6.58e+00 γ=0.997 T=0.0502
2026-04-28 18:36:23,773 INFO train_distributed it=  39 lr=9.49e-04 loss_world=0.9233 |∇|=1.31e+00 γ=1.004 T=0.0502
2026-04-28 18:36:23,820 INFO train_distributed it=  39 lr=9.49e-04 loss_world=0.5508 |∇|=1.77e+00 γ=1.005 T=0.0502
2026-04-28 18:36:23,827 INFO train_distributed it=  39 lr=9.49e-04 loss_world=0.7434 |∇|=7.58e+00 γ=1.001 T=0.0504
2026-04-28 18:36:23,906 INFO train_distributed it=  39 lr=9.49e-04 loss_world=1.1098 |∇|=1.04e+00 γ=1.005 T=0.0503
2026-04-28 18:36:23,959 INFO train_distributed it=  39 lr=9.49e-04 loss_world=0.9100 |∇|=4.59e-01 γ=1.017 T=0.0502
2026-04-28 18:36:23,980 INFO train_distributed it=  39 lr=9.49e-04 loss_world=1.5938 |∇|=3.34e+00 γ=1.006 T=0.0498
2026-04-28 18:36:24,103 INFO train_distributed it=  39 lr=9.49e-04 loss_world=1.8899 |∇|=6.89e-01 γ=1.009 T=0.0505
2026-04-28 18:36:24,327 INFO train_distributed it=  39 lr=9.49e-04 loss_world=0.9700 |∇|=1.33e+00 γ=1.000 T=0.0503
2026-04-28 18:36:26,450 INFO train_distributed it=  49 lr=9.10e-04 loss_world=1.2357 |∇|=1.35e+00 γ=1.004 T=0.0503
2026-04-28 18:36:26,488 INFO train_distributed it=  49 lr=9.10e-04 loss_world=0.7425 |∇|=1.08e+00 γ=0.999 T=0.0503
2026-04-28 18:36:26,562 INFO train_distributed it=  49 lr=9.10e-04 loss_world=0.8117 |∇|=7.53e-01 γ=1.008 T=0.0503
2026-04-28 18:36:26,672 INFO train_distributed it=  49 lr=9.10e-04 loss_world=0.7304 |∇|=1.78e+00 γ=1.013 T=0.0501
2026-04-28 18:36:26,744 INFO train_distributed it=  49 lr=9.10e-04 loss_world=1.0828 |∇|=2.25e+00 γ=1.007 T=0.0503
2026-04-28 18:36:26,755 INFO train_distributed it=  49 lr=9.10e-04 loss_world=0.8095 |∇|=3.16e+00 γ=1.010 T=0.0504
2026-04-28 18:36:26,924 INFO train_distributed it=  49 lr=9.10e-04 loss_world=1.5210 |∇|=1.52e+01 γ=1.019 T=0.0503
2026-04-28 18:36:27,049 INFO train_distributed it=  49 lr=9.10e-04 loss_world=0.9379 |∇|=2.13e+00 γ=1.000 T=0.0503
2026-04-28 18:36:29,118 INFO train_distributed it=  59 lr=8.60e-04 loss_world=1.4284 |∇|=2.81e+00 γ=1.007 T=0.0505
2026-04-28 18:36:29,162 INFO train_distributed it=  59 lr=8.60e-04 loss_world=0.8451 |∇|=2.39e+00 γ=1.002 T=0.0502
2026-04-28 18:36:29,301 INFO train_distributed it=  59 lr=8.60e-04 loss_world=0.7513 |∇|=1.42e+00 γ=1.008 T=0.0503
2026-04-28 18:36:29,427 INFO train_distributed it=  59 lr=8.60e-04 loss_world=0.7686 |∇|=2.47e+00 γ=1.017 T=0.0504
2026-04-28 18:36:29,457 INFO train_distributed it=  59 lr=8.60e-04 loss_world=0.7662 |∇|=1.66e+00 γ=1.010 T=0.0503
2026-04-28 18:36:29,476 INFO train_distributed it=  59 lr=8.60e-04 loss_world=1.2646 |∇|=3.21e+00 γ=1.007 T=0.0503
2026-04-28 18:36:29,623 INFO train_distributed it=  59 lr=8.60e-04 loss_world=0.9358 |∇|=3.67e-01 γ=1.019 T=0.0503
2026-04-28 18:36:29,748 INFO train_distributed it=  59 lr=8.60e-04 loss_world=0.6587 |∇|=1.60e+00 γ=0.999 T=0.0501
2026-04-28 18:36:31,787 INFO train_distributed it=  69 lr=8.02e-04 loss_world=0.7540 |∇|=6.62e-01 γ=1.007 T=0.0505
2026-04-28 18:36:31,829 INFO train_distributed it=  69 lr=8.02e-04 loss_world=1.4282 |∇|=2.36e+00 γ=1.005 T=0.0502
2026-04-28 18:36:31,964 INFO train_distributed it=  69 lr=8.02e-04 loss_world=1.0596 |∇|=1.97e+00 γ=1.008 T=0.0503
2026-04-28 18:36:32,099 INFO train_distributed it=  69 lr=8.02e-04 loss_world=0.7495 |∇|=1.61e+00 γ=1.009 T=0.0503
2026-04-28 18:36:32,102 INFO train_distributed it=  69 lr=8.02e-04 loss_world=0.6207 |∇|=1.30e+00 γ=1.015 T=0.0504
2026-04-28 18:36:32,149 INFO train_distributed it=  69 lr=8.02e-04 loss_world=0.7415 |∇|=2.21e+00 γ=1.007 T=0.0503
2026-04-28 18:36:32,286 INFO train_distributed it=  69 lr=8.02e-04 loss_world=0.8079 |∇|=2.59e+00 γ=1.019 T=0.0505
2026-04-28 18:36:32,430 INFO train_distributed it=  69 lr=8.02e-04 loss_world=0.7751 |∇|=3.61e+00 γ=1.002 T=0.0504
2026-04-28 18:36:34,557 INFO train_distributed it=  79 lr=7.38e-04 loss_world=0.9180 |∇|=2.68e+00 γ=1.006 T=0.0502
2026-04-28 18:36:34,613 INFO train_distributed it=  79 lr=7.38e-04 loss_world=0.9816 |∇|=4.43e+00 γ=1.007 T=0.0505
2026-04-28 18:36:34,698 INFO train_distributed it=  79 lr=7.38e-04 loss_world=1.2401 |∇|=2.13e+00 γ=1.009 T=0.0503
2026-04-28 18:36:34,757 INFO train_distributed it=  79 lr=7.38e-04 loss_world=0.6079 |∇|=2.35e+00 γ=1.009 T=0.0502
2026-04-28 18:36:34,780 INFO train_distributed it=  79 lr=7.38e-04 loss_world=0.8405 |∇|=3.52e-01 γ=1.015 T=0.0504
2026-04-28 18:36:34,815 INFO train_distributed it=  79 lr=7.38e-04 loss_world=1.0502 |∇|=3.51e+00 γ=1.005 T=0.0502
2026-04-28 18:36:34,955 INFO train_distributed it=  79 lr=7.38e-04 loss_world=0.7568 |∇|=7.67e+00 γ=1.019 T=0.0505
2026-04-28 18:36:35,112 INFO train_distributed it=  79 lr=7.38e-04 loss_world=0.8173 |∇|=1.86e+00 γ=1.004 T=0.0505
2026-04-28 18:36:37,233 INFO train_distributed it=  89 lr=6.68e-04 loss_world=1.0923 |∇|=5.39e-01 γ=1.008 T=0.0502
2026-04-28 18:36:37,287 INFO train_distributed it=  89 lr=6.68e-04 loss_world=0.8654 |∇|=1.44e+00 γ=1.005 T=0.0504
2026-04-28 18:36:37,363 INFO train_distributed it=  89 lr=6.68e-04 loss_world=0.5537 |∇|=6.55e+00 γ=1.010 T=0.0504
2026-04-28 18:36:37,420 INFO train_distributed it=  89 lr=6.68e-04 loss_world=0.8258 |∇|=2.40e+00 γ=1.010 T=0.0503
2026-04-28 18:36:37,501 INFO train_distributed it=  89 lr=6.68e-04 loss_world=1.0999 |∇|=2.05e+00 γ=1.011 T=0.0502
2026-04-28 18:36:37,508 INFO train_distributed it=  89 lr=6.68e-04 loss_world=1.6151 |∇|=2.07e+00 γ=1.015 T=0.0504
2026-04-28 18:36:37,677 INFO train_distributed it=  89 lr=6.68e-04 loss_world=0.7331 |∇|=1.31e+00 γ=1.018 T=0.0505
2026-04-28 18:36:37,828 INFO train_distributed it=  89 lr=6.68e-04 loss_world=0.6655 |∇|=2.90e+00 γ=1.002 T=0.0505
2026-04-28 18:36:39,942 INFO train_distributed it=  99 lr=5.95e-04 loss_world=0.8467 |∇|=3.05e+00 γ=1.008 T=0.0501
2026-04-28 18:36:39,947 INFO train_distributed it=  99 lr=5.95e-04 loss_world=0.7989 |∇|=1.98e+00 γ=1.003 T=0.0502
2026-04-28 18:36:40,065 INFO train_distributed it=  99 lr=5.95e-04 loss_world=0.7294 |∇|=1.42e+00 γ=1.010 T=0.0505
2026-04-28 18:36:40,168 INFO train_distributed it=  99 lr=5.95e-04 loss_world=0.9465 |∇|=1.85e+00 γ=1.009 T=0.0503
2026-04-28 18:36:40,184 INFO train_distributed it=  99 lr=5.95e-04 loss_world=1.3024 |∇|=1.36e+00 γ=1.014 T=0.0503
2026-04-28 18:36:40,213 INFO train_distributed it=  99 lr=5.95e-04 loss_world=0.6575 |∇|=1.75e+00 γ=1.013 T=0.0503
2026-04-28 18:36:40,344 INFO train_distributed it=  99 lr=5.95e-04 loss_world=0.6086 |∇|=3.23e+00 γ=1.015 T=0.0504
2026-04-28 18:36:40,547 INFO train_distributed it=  99 lr=5.95e-04 loss_world=0.5872 |∇|=2.22e+00 γ=1.002 T=0.0505
2026-04-28 18:36:42,607 INFO train_distributed it= 109 lr=5.20e-04 loss_world=1.0019 |∇|=1.83e+00 γ=1.001 T=0.0501
2026-04-28 18:36:42,629 INFO train_distributed it= 109 lr=5.20e-04 loss_world=1.2707 |∇|=7.12e+00 γ=1.008 T=0.0501
2026-04-28 18:36:42,754 INFO train_distributed it= 109 lr=5.20e-04 loss_world=0.7488 |∇|=1.28e+00 γ=1.009 T=0.0504
2026-04-28 18:36:42,815 INFO train_distributed it= 109 lr=5.20e-04 loss_world=0.7555 |∇|=2.47e+00 γ=1.012 T=0.0504
2026-04-28 18:36:42,849 INFO train_distributed it= 109 lr=5.20e-04 loss_world=0.7902 |∇|=4.85e+00 γ=1.017 T=0.0504
2026-04-28 18:36:42,889 INFO train_distributed it= 109 lr=5.20e-04 loss_world=0.9471 |∇|=1.67e+00 γ=1.012 T=0.0502
2026-04-28 18:36:43,005 INFO train_distributed it= 109 lr=5.20e-04 loss_world=1.0993 |∇|=1.86e+00 γ=1.016 T=0.0505
2026-04-28 18:36:43,274 INFO train_distributed it= 109 lr=5.20e-04 loss_world=1.3123 |∇|=2.18e+00 γ=1.001 T=0.0505
2026-04-28 18:36:45,269 INFO train_distributed it= 119 lr=4.47e-04 loss_world=0.9075 |∇|=3.83e+00 γ=1.000 T=0.0500
2026-04-28 18:36:45,294 INFO train_distributed it= 119 lr=4.47e-04 loss_world=0.9622 |∇|=2.31e+00 γ=1.007 T=0.0504
2026-04-28 18:36:45,409 INFO train_distributed it= 119 lr=4.47e-04 loss_world=0.8311 |∇|=1.80e+00 γ=1.009 T=0.0505
2026-04-28 18:36:45,467 INFO train_distributed it= 119 lr=4.47e-04 loss_world=0.9296 |∇|=2.89e+00 γ=1.013 T=0.0504
2026-04-28 18:36:45,576 INFO train_distributed it= 119 lr=4.47e-04 loss_world=0.7021 |∇|=5.32e+00 γ=1.012 T=0.0502
2026-04-28 18:36:45,595 INFO train_distributed it= 119 lr=4.47e-04 loss_world=0.9313 |∇|=2.73e+00 γ=1.017 T=0.0504
2026-04-28 18:36:45,793 INFO train_distributed it= 119 lr=4.47e-04 loss_world=1.4826 |∇|=5.33e-01 γ=1.019 T=0.0506
2026-04-28 18:36:46,004 INFO train_distributed it= 119 lr=4.47e-04 loss_world=0.9506 |∇|=1.14e+00 γ=1.000 T=0.0504
2026-04-28 18:36:47,937 INFO train_distributed it= 129 lr=3.76e-04 loss_world=0.9448 |∇|=3.33e+00 γ=1.001 T=0.0501
2026-04-28 18:36:47,958 INFO train_distributed it= 129 lr=3.76e-04 loss_world=1.1031 |∇|=9.49e+00 γ=1.007 T=0.0505
2026-04-28 18:36:48,069 INFO train_distributed it= 129 lr=3.76e-04 loss_world=0.6483 |∇|=2.18e+00 γ=1.009 T=0.0504
2026-04-28 18:36:48,128 INFO train_distributed it= 129 lr=3.76e-04 loss_world=0.7296 |∇|=3.98e+00 γ=1.013 T=0.0503
2026-04-28 18:36:48,277 INFO train_distributed it= 129 lr=3.76e-04 loss_world=1.3495 |∇|=2.86e-01 γ=1.011 T=0.0501
2026-04-28 18:36:48,395 INFO train_distributed it= 129 lr=3.76e-04 loss_world=2.3111 |∇|=1.62e+01 γ=1.015 T=0.0502
2026-04-28 18:36:48,553 INFO train_distributed it= 129 lr=3.76e-04 loss_world=1.0697 |∇|=9.72e+00 γ=1.021 T=0.0507
2026-04-28 18:36:48,762 INFO train_distributed it= 129 lr=3.76e-04 loss_world=0.9349 |∇|=3.29e+00 γ=1.000 T=0.0504
2026-04-28 18:36:50,600 INFO train_distributed it= 139 lr=3.10e-04 loss_world=1.0598 |∇|=3.71e+00 γ=1.001 T=0.0501
2026-04-28 18:36:50,626 INFO train_distributed it= 139 lr=3.10e-04 loss_world=0.6070 |∇|=2.29e+00 γ=1.007 T=0.0505
2026-04-28 18:36:50,727 INFO train_distributed it= 139 lr=3.10e-04 loss_world=0.6792 |∇|=1.57e+00 γ=1.009 T=0.0504
2026-04-28 18:36:50,809 INFO train_distributed it= 139 lr=3.10e-04 loss_world=0.8403 |∇|=8.26e+00 γ=1.013 T=0.0503
2026-04-28 18:36:50,971 INFO train_distributed it= 139 lr=3.10e-04 loss_world=1.0509 |∇|=2.12e+00 γ=1.011 T=0.0501
2026-04-28 18:36:51,075 INFO train_distributed it= 139 lr=3.10e-04 loss_world=0.5311 |∇|=2.05e+00 γ=1.017 T=0.0502
2026-04-28 18:36:51,215 INFO train_distributed it= 139 lr=3.10e-04 loss_world=0.9096 |∇|=2.73e+00 γ=1.021 T=0.0508
2026-04-28 18:36:51,503 INFO train_distributed it= 139 lr=3.10e-04 loss_world=1.4092 |∇|=1.15e+00 γ=1.002 T=0.0505
2026-04-28 18:36:53,263 INFO train_distributed it= 149 lr=2.51e-04 loss_world=1.1441 |∇|=6.61e+00 γ=1.002 T=0.0502
2026-04-28 18:36:53,295 INFO train_distributed it= 149 lr=2.51e-04 loss_world=0.5737 |∇|=4.56e+00 γ=1.008 T=0.0505
2026-04-28 18:36:53,390 INFO train_distributed it= 149 lr=2.51e-04 loss_world=1.6222 |∇|=1.84e+00 γ=1.009 T=0.0505
2026-04-28 18:36:53,481 INFO train_distributed it= 149 lr=2.51e-04 loss_world=0.7704 |∇|=1.80e+01 γ=1.014 T=0.0504
2026-04-28 18:36:53,659 INFO train_distributed it= 149 lr=2.51e-04 loss_world=0.8028 |∇|=1.73e+01 γ=1.012 T=0.0502
2026-04-28 18:36:53,771 INFO train_distributed it= 149 lr=2.51e-04 loss_world=0.9321 |∇|=2.68e+00 γ=1.018 T=0.0502
2026-04-28 18:36:53,888 INFO train_distributed it= 149 lr=2.51e-04 loss_world=0.8106 |∇|=4.06e+00 γ=1.021 T=0.0508
2026-04-28 18:36:54,239 INFO train_distributed it= 149 lr=2.51e-04 loss_world=1.4048 |∇|=3.49e+00 γ=1.003 T=0.0506
2026-04-28 18:36:55,918 INFO train_distributed it= 159 lr=2.00e-04 loss_world=0.6665 |∇|=3.33e+00 γ=1.003 T=0.0503
2026-04-28 18:36:56,033 INFO train_distributed it= 159 lr=2.00e-04 loss_world=1.2638 |∇|=7.37e+00 γ=1.009 T=0.0505
2026-04-28 18:36:56,142 INFO train_distributed it= 159 lr=2.00e-04 loss_world=0.9495 |∇|=4.16e+00 γ=1.015 T=0.0504
2026-04-28 18:36:56,174 INFO train_distributed it= 159 lr=2.00e-04 loss_world=0.8971 |∇|=1.97e+00 γ=1.009 T=0.0505
2026-04-28 18:36:56,350 INFO train_distributed it= 159 lr=2.00e-04 loss_world=1.0785 |∇|=8.58e-01 γ=1.012 T=0.0503
2026-04-28 18:36:56,483 INFO train_distributed it= 159 lr=2.00e-04 loss_world=0.5767 |∇|=1.79e+00 γ=1.018 T=0.0502
2026-04-28 18:36:56,559 INFO train_distributed it= 159 lr=2.00e-04 loss_world=0.7144 |∇|=4.94e+00 γ=1.021 T=0.0508
2026-04-28 18:36:56,977 INFO train_distributed it= 159 lr=2.00e-04 loss_world=0.8741 |∇|=9.33e-01 γ=1.003 T=0.0506
2026-04-28 18:36:58,580 INFO train_distributed it= 169 lr=1.58e-04 loss_world=1.1419 |∇|=2.35e+00 γ=1.003 T=0.0503
2026-04-28 18:36:58,801 INFO train_distributed it= 169 lr=1.58e-04 loss_world=0.7589 |∇|=4.40e-01 γ=1.015 T=0.0503
2026-04-28 18:36:59,059 INFO train_distributed it= 169 lr=1.58e-04 loss_world=0.7927 |∇|=3.22e+00 γ=1.009 T=0.0505
2026-04-28 18:36:59,087 INFO train_distributed it= 169 lr=1.58e-04 loss_world=0.7891 |∇|=2.62e+00 γ=1.012 T=0.0503
2026-04-28 18:36:59,178 INFO train_distributed it= 169 lr=1.58e-04 loss_world=0.7943 |∇|=2.42e+00 γ=1.018 T=0.0502
2026-04-28 18:36:59,212 INFO train_distributed it= 169 lr=1.58e-04 loss_world=1.0385 |∇|=1.56e+00 γ=1.009 T=0.0505
2026-04-28 18:36:59,256 INFO train_distributed it= 169 lr=1.58e-04 loss_world=1.7396 |∇|=2.11e+00 γ=1.021 T=0.0508
2026-04-28 18:36:59,727 INFO train_distributed it= 169 lr=1.58e-04 loss_world=0.7908 |∇|=1.54e+00 γ=1.002 T=0.0506
2026-04-28 18:37:01,236 INFO train_distributed it= 179 lr=1.27e-04 loss_world=0.6764 |∇|=4.86e+00 γ=1.002 T=0.0502
2026-04-28 18:37:01,487 INFO train_distributed it= 179 lr=1.27e-04 loss_world=0.6461 |∇|=1.80e+00 γ=1.016 T=0.0504
2026-04-28 18:37:01,765 INFO train_distributed it= 179 lr=1.27e-04 loss_world=0.8742 |∇|=1.17e+00 γ=1.009 T=0.0505
2026-04-28 18:37:01,779 INFO train_distributed it= 179 lr=1.27e-04 loss_world=0.9387 |∇|=6.35e+00 γ=1.012 T=0.0503
2026-04-28 18:37:01,865 INFO train_distributed it= 179 lr=1.27e-04 loss_world=1.0289 |∇|=1.34e+00 γ=1.009 T=0.0505
2026-04-28 18:37:01,867 INFO train_distributed it= 179 lr=1.27e-04 loss_world=0.9511 |∇|=3.13e+00 γ=1.018 T=0.0502
2026-04-28 18:37:01,935 INFO train_distributed it= 179 lr=1.27e-04 loss_world=0.7496 |∇|=1.46e+00 γ=1.021 T=0.0508
2026-04-28 18:37:02,462 INFO train_distributed it= 179 lr=1.27e-04 loss_world=0.7285 |∇|=2.53e+00 γ=1.002 T=0.0505
2026-04-28 18:37:03,904 INFO train_distributed it= 189 lr=1.07e-04 loss_world=0.9119 |∇|=2.76e+00 γ=1.002 T=0.0502
2026-04-28 18:37:04,158 INFO train_distributed it= 189 lr=1.07e-04 loss_world=0.9254 |∇|=7.60e+00 γ=1.016 T=0.0504
2026-04-28 18:37:04,431 INFO train_distributed it= 189 lr=1.07e-04 loss_world=0.9698 |∇|=8.37e+00 γ=1.010 T=0.0505
2026-04-28 18:37:04,508 INFO train_distributed it= 189 lr=1.07e-04 loss_world=1.2968 |∇|=1.46e+00 γ=1.012 T=0.0503
2026-04-28 18:37:04,556 INFO train_distributed it= 189 lr=1.07e-04 loss_world=0.7524 |∇|=1.97e+00 γ=1.018 T=0.0502
2026-04-28 18:37:04,619 INFO train_distributed it= 189 lr=1.07e-04 loss_world=1.0268 |∇|=5.36e+00 γ=1.022 T=0.0508
2026-04-28 18:37:04,655 INFO train_distributed it= 189 lr=1.07e-04 loss_world=1.4224 |∇|=7.12e+00 γ=1.009 T=0.0505
2026-04-28 18:37:05,319 INFO train_distributed it= 189 lr=1.07e-04 loss_world=1.2360 |∇|=3.50e+00 γ=1.002 T=0.0506
2026-04-28 18:37:06,633 INFO train_distributed it= 199 lr=1.00e-04 loss_world=0.5587 |∇|=3.88e+00 γ=1.002 T=0.0502
2026-04-28 18:37:06,641 INFO train_distributed training finished in 54.7s (200 iters, world_size=1)
2026-04-28 18:37:06,641 INFO train_distributed [rank 0] peak HBM: alloc=0.59 GB, reserved=0.77 GB
2026-04-28 18:37:06,644 INFO train_distributed [rank 0] wrote experiments/042_arch_tier_3_1_isab/results_t31_isab_seed5/training_log.json
2026-04-28 18:37:06,823 INFO train_distributed it= 199 lr=1.00e-04 loss_world=0.9220 |∇|=2.23e+00 γ=1.016 T=0.0504
2026-04-28 18:37:06,831 INFO train_distributed training finished in 54.8s (200 iters, world_size=1)
2026-04-28 18:37:06,831 INFO train_distributed [rank 0] peak HBM: alloc=0.59 GB, reserved=0.77 GB
2026-04-28 18:37:06,834 INFO train_distributed [rank 0] wrote experiments/042_arch_tier_3_1_isab/results_t31_isab_seed2/training_log.json
2026-04-28 18:37:07,187 INFO train_distributed it= 199 lr=1.00e-04 loss_world=0.6589 |∇|=2.57e+00 γ=1.009 T=0.0505
2026-04-28 18:37:07,195 INFO train_distributed training finished in 55.3s (200 iters, world_size=1)
2026-04-28 18:37:07,195 INFO train_distributed [rank 0] peak HBM: alloc=0.59 GB, reserved=0.77 GB
2026-04-28 18:37:07,198 INFO train_distributed [rank 0] wrote experiments/042_arch_tier_3_1_isab/results_t31_isab_seed6/training_log.json
2026-04-28 18:37:07,221 INFO train_distributed it= 199 lr=1.00e-04 loss_world=0.7495 |∇|=1.52e+00 γ=1.012 T=0.0503
2026-04-28 18:37:07,228 INFO train_distributed training finished in 55.4s (200 iters, world_size=1)
2026-04-28 18:37:07,228 INFO train_distributed [rank 0] peak HBM: alloc=0.59 GB, reserved=0.77 GB
2026-04-28 18:37:07,231 INFO train_distributed [rank 0] wrote experiments/042_arch_tier_3_1_isab/results_t31_isab_seed0/training_log.json
2026-04-28 18:37:07,264 INFO train_distributed it= 199 lr=1.00e-04 loss_world=0.7739 |∇|=2.61e+00 γ=1.018 T=0.0502
2026-04-28 18:37:07,272 INFO train_distributed training finished in 55.4s (200 iters, world_size=1)
2026-04-28 18:37:07,272 INFO train_distributed [rank 0] peak HBM: alloc=0.59 GB, reserved=0.77 GB
2026-04-28 18:37:07,275 INFO train_distributed [rank 0] wrote experiments/042_arch_tier_3_1_isab/results_t31_isab_seed7/training_log.json
2026-04-28 18:37:07,303 INFO train_distributed it= 199 lr=1.00e-04 loss_world=0.7739 |∇|=4.58e+00 γ=1.021 T=0.0508
2026-04-28 18:37:07,311 INFO train_distributed training finished in 55.4s (200 iters, world_size=1)
2026-04-28 18:37:07,311 INFO train_distributed [rank 0] peak HBM: alloc=0.59 GB, reserved=0.77 GB
2026-04-28 18:37:07,314 INFO train_distributed [rank 0] wrote experiments/042_arch_tier_3_1_isab/results_t31_isab_seed3/training_log.json
2026-04-28 18:37:07,318 INFO train_distributed it= 199 lr=1.00e-04 loss_world=0.8478 |∇|=5.34e+00 γ=1.009 T=0.0505
2026-04-28 18:37:07,325 INFO train_distributed training finished in 55.4s (200 iters, world_size=1)
2026-04-28 18:37:07,325 INFO train_distributed [rank 0] peak HBM: alloc=0.59 GB, reserved=0.77 GB
2026-04-28 18:37:07,328 INFO train_distributed [rank 0] wrote experiments/042_arch_tier_3_1_isab/results_t31_isab_seed4/training_log.json
  ✓ t31_isab_seed5 64s (card 5)

═ TRAIN t31_isab_seed8 (card 0) ═ 18:37:07
  ✓ t31_isab_seed2 64s (card 2)

═ TRAIN t31_isab_seed9 (card 1) ═ 18:37:07
2026-04-28 18:37:08,096 INFO train_distributed it= 199 lr=1.00e-04 loss_world=0.8659 |∇|=2.40e+00 γ=1.004 T=0.0506
2026-04-28 18:37:08,103 INFO train_distributed training finished in 56.2s (200 iters, world_size=1)
2026-04-28 18:37:08,103 INFO train_distributed [rank 0] peak HBM: alloc=0.59 GB, reserved=0.77 GB
2026-04-28 18:37:08,106 INFO train_distributed [rank 0] wrote experiments/042_arch_tier_3_1_isab/results_t31_isab_seed1/training_log.json
  ✓ t31_isab_seed6 65s (card 6)
  ✓ t31_isab_seed0 65s (card 0)
  ✓ t31_isab_seed7 65s (card 7)
  ✓ t31_isab_seed4 65s (card 4)
  ✓ t31_isab_seed3 65s (card 3)
  ✓ t31_isab_seed1 66s (card 1)
2026-04-28 18:37:10,884 INFO train_distributed [dist] rank=0 world_size=1 local_rank=0 cuda_available=True
2026-04-28 18:37:10,928 INFO train_distributed loaded 2,841 returns for spx/2015-2026_daily
2026-04-28 18:37:10,936 INFO train_distributed targets: acf_sq=0.342 leverage_sum=-0.790 hill_alpha=2.68
2026-04-28 18:37:11,679 INFO train_distributed [dist] rank=0 world_size=1 local_rank=0 cuda_available=True
2026-04-28 18:37:11,722 INFO train_distributed loaded 2,841 returns for spx/2015-2026_daily
2026-04-28 18:37:11,729 INFO train_distributed targets: acf_sq=0.342 leverage_sum=-0.790 hill_alpha=2.68
2026-04-28 18:37:11,733 INFO train_distributed EcoMDSimulator built: 105316 parameters (device=cuda:0)
2026-04-28 18:37:11,986 INFO train_distributed EcoMDSimulator built: 105316 parameters (device=cuda:0)
2026-04-28 18:37:13,191 INFO train_distributed it=   0 lr=1.00e-04 loss_world=0.6796 |∇|=1.65e+00 γ=1.000 T=0.0500
2026-04-28 18:37:13,395 INFO train_distributed it=   0 lr=1.00e-04 loss_world=0.9906 |∇|=9.76e-01 γ=1.000 T=0.0500
2026-04-28 18:37:15,587 INFO train_distributed it=   9 lr=1.00e-03 loss_world=0.8906 |∇|=2.39e+00 γ=1.001 T=0.0500
2026-04-28 18:37:15,830 INFO train_distributed it=   9 lr=1.00e-03 loss_world=1.0557 |∇|=8.47e-01 γ=1.002 T=0.0499
2026-04-28 18:37:18,256 INFO train_distributed it=  19 lr=9.95e-04 loss_world=0.9295 |∇|=2.86e+00 γ=1.000 T=0.0499
2026-04-28 18:37:18,505 INFO train_distributed it=  19 lr=9.95e-04 loss_world=0.8926 |∇|=2.48e+00 γ=1.004 T=0.0497
2026-04-28 18:37:20,929 INFO train_distributed it=  29 lr=9.78e-04 loss_world=0.9152 |∇|=4.22e+00 γ=1.005 T=0.0502
2026-04-28 18:37:21,184 INFO train_distributed it=  29 lr=9.78e-04 loss_world=1.0262 |∇|=1.24e+00 γ=1.003 T=0.0495
2026-04-28 18:37:23,601 INFO train_distributed it=  39 lr=9.49e-04 loss_world=0.7984 |∇|=8.69e+00 γ=1.007 T=0.0502
2026-04-28 18:37:23,855 INFO train_distributed it=  39 lr=9.49e-04 loss_world=1.6786 |∇|=2.40e+00 γ=1.006 T=0.0496
2026-04-28 18:37:26,277 INFO train_distributed it=  49 lr=9.10e-04 loss_world=1.0982 |∇|=1.64e+00 γ=1.013 T=0.0505
2026-04-28 18:37:26,530 INFO train_distributed it=  49 lr=9.10e-04 loss_world=0.8314 |∇|=1.35e+01 γ=1.010 T=0.0499
2026-04-28 18:37:28,945 INFO train_distributed it=  59 lr=8.60e-04 loss_world=1.2211 |∇|=4.07e+00 γ=1.017 T=0.0507
2026-04-28 18:37:29,220 INFO train_distributed it=  59 lr=8.60e-04 loss_world=0.9034 |∇|=4.05e+00 γ=1.012 T=0.0501
2026-04-28 18:37:31,611 INFO train_distributed it=  69 lr=8.02e-04 loss_world=0.7749 |∇|=8.60e+00 γ=1.019 T=0.0510
2026-04-28 18:37:31,915 INFO train_distributed it=  69 lr=8.02e-04 loss_world=0.5243 |∇|=3.88e+00 γ=1.012 T=0.0503
2026-04-28 18:37:34,283 INFO train_distributed it=  79 lr=7.38e-04 loss_world=0.7893 |∇|=4.12e+00 γ=1.021 T=0.0511
2026-04-28 18:37:34,593 INFO train_distributed it=  79 lr=7.38e-04 loss_world=1.3709 |∇|=8.69e+00 γ=1.013 T=0.0504
2026-04-28 18:37:36,938 INFO train_distributed it=  89 lr=6.68e-04 loss_world=1.0008 |∇|=1.82e+00 γ=1.022 T=0.0511
2026-04-28 18:37:37,280 INFO train_distributed it=  89 lr=6.68e-04 loss_world=1.0428 |∇|=1.30e+00 γ=1.011 T=0.0505
2026-04-28 18:37:39,605 INFO train_distributed it=  99 lr=5.95e-04 loss_world=0.7253 |∇|=1.38e+00 γ=1.020 T=0.0510
2026-04-28 18:37:39,957 INFO train_distributed it=  99 lr=5.95e-04 loss_world=0.8040 |∇|=2.44e+00 γ=1.008 T=0.0505
2026-04-28 18:37:42,265 INFO train_distributed it= 109 lr=5.20e-04 loss_world=0.8702 |∇|=1.18e+00 γ=1.019 T=0.0509
2026-04-28 18:37:42,637 INFO train_distributed it= 109 lr=5.20e-04 loss_world=0.8643 |∇|=1.31e+00 γ=1.006 T=0.0504
2026-04-28 18:37:44,936 INFO train_distributed it= 119 lr=4.47e-04 loss_world=0.7402 |∇|=2.62e+00 γ=1.019 T=0.0510
2026-04-28 18:37:45,317 INFO train_distributed it= 119 lr=4.47e-04 loss_world=0.7818 |∇|=1.42e+00 γ=1.007 T=0.0504
2026-04-28 18:37:47,639 INFO train_distributed it= 129 lr=3.76e-04 loss_world=0.7317 |∇|=2.35e+00 γ=1.020 T=0.0511
2026-04-28 18:37:48,009 INFO train_distributed it= 129 lr=3.76e-04 loss_world=0.8361 |∇|=6.21e+00 γ=1.007 T=0.0503
2026-04-28 18:37:50,305 INFO train_distributed it= 139 lr=3.10e-04 loss_world=0.8365 |∇|=1.52e+00 γ=1.020 T=0.0511
2026-04-28 18:37:50,691 INFO train_distributed it= 139 lr=3.10e-04 loss_world=0.7894 |∇|=7.52e-01 γ=1.006 T=0.0503
2026-04-28 18:37:52,971 INFO train_distributed it= 149 lr=2.51e-04 loss_world=0.8737 |∇|=1.39e+00 γ=1.019 T=0.0510
2026-04-28 18:37:53,376 INFO train_distributed it= 149 lr=2.51e-04 loss_world=1.0706 |∇|=3.77e+00 γ=1.006 T=0.0503
2026-04-28 18:37:55,628 INFO train_distributed it= 159 lr=2.00e-04 loss_world=1.2947 |∇|=3.02e+00 γ=1.019 T=0.0510
2026-04-28 18:37:56,054 INFO train_distributed it= 159 lr=2.00e-04 loss_world=1.0938 |∇|=1.44e+00 γ=1.006 T=0.0503
2026-04-28 18:37:58,291 INFO train_distributed it= 169 lr=1.58e-04 loss_world=0.7575 |∇|=1.47e+00 γ=1.020 T=0.0510
2026-04-28 18:37:58,776 INFO train_distributed it= 169 lr=1.58e-04 loss_world=1.4156 |∇|=1.76e+00 γ=1.007 T=0.0503
2026-04-28 18:38:00,963 INFO train_distributed it= 179 lr=1.27e-04 loss_world=0.8801 |∇|=1.81e+00 γ=1.019 T=0.0510
2026-04-28 18:38:01,466 INFO train_distributed it= 179 lr=1.27e-04 loss_world=1.5499 |∇|=4.52e+00 γ=1.007 T=0.0503
2026-04-28 18:38:03,656 INFO train_distributed it= 189 lr=1.07e-04 loss_world=1.6539 |∇|=3.81e+00 γ=1.019 T=0.0510
2026-04-28 18:38:04,134 INFO train_distributed it= 189 lr=1.07e-04 loss_world=1.3053 |∇|=1.86e+00 γ=1.007 T=0.0503
2026-04-28 18:38:06,330 INFO train_distributed it= 199 lr=1.00e-04 loss_world=0.6726 |∇|=3.42e+00 γ=1.020 T=0.0511
2026-04-28 18:38:06,337 INFO train_distributed training finished in 54.6s (200 iters, world_size=1)
2026-04-28 18:38:06,337 INFO train_distributed [rank 0] peak HBM: alloc=0.59 GB, reserved=0.77 GB
2026-04-28 18:38:06,340 INFO train_distributed [rank 0] wrote experiments/042_arch_tier_3_1_isab/results_t31_isab_seed8/training_log.json
2026-04-28 18:38:06,810 INFO train_distributed it= 199 lr=1.00e-04 loss_world=0.9777 |∇|=3.16e+00 γ=1.007 T=0.0503
2026-04-28 18:38:06,817 INFO train_distributed training finished in 54.8s (200 iters, world_size=1)
2026-04-28 18:38:06,817 INFO train_distributed [rank 0] peak HBM: alloc=0.59 GB, reserved=0.77 GB
2026-04-28 18:38:06,820 INFO train_distributed [rank 0] wrote experiments/042_arch_tier_3_1_isab/results_t31_isab_seed9/training_log.json
  ✓ t31_isab_seed8 60s (card 0)
  ✓ t31_isab_seed9 60s (card 1)

═ EVAL  t31_isab_seed0 (card 0) ═ 18:38:07

═ EVAL  t31_isab_seed1 (card 1) ═ 18:38:07

═ EVAL  t31_isab_seed2 (card 2) ═ 18:38:07

═ EVAL  t31_isab_seed3 (card 3) ═ 18:38:07

═ EVAL  t31_isab_seed4 (card 4) ═ 18:38:07

═ EVAL  t31_isab_seed5 (card 5) ═ 18:38:07

═ EVAL  t31_isab_seed6 (card 6) ═ 18:38:07

═ EVAL  t31_isab_seed7 (card 7) ═ 18:38:07
2026-04-28 18:38:11,521 INFO inference_run_large [dist] world_size=1 cuda=True
2026-04-28 18:38:13,307 INFO inference_run_large [dist] world_size=1 cuda=True
2026-04-28 18:38:13,949 INFO inference_run_large [dist] world_size=1 cuda=True
2026-04-28 18:38:14,435 INFO inference_run_large [dist] world_size=1 cuda=True
2026-04-28 18:38:14,993 INFO inference_run_large [dist] world_size=1 cuda=True
2026-04-28 18:38:15,375 INFO inference_run_large [dist] world_size=1 cuda=True
2026-04-28 18:38:15,749 INFO inference_run_large [dist] world_size=1 cuda=True
2026-04-28 18:38:16,269 INFO inference_run_large [dist] world_size=1 cuda=True
2026-04-28 18:38:16,735 INFO inference_run_large loaded checkpoint iter=200 from /AI4S/Users/howardwang/h204/ecophys/experiments/042_arch_tier_3_1_isab/results_t31_isab_seed6/checkpoint.pt
2026-04-28 18:38:16,885 INFO inference_run_large loaded checkpoint iter=200 from /AI4S/Users/howardwang/h204/ecophys/experiments/042_arch_tier_3_1_isab/results_t31_isab_seed7/checkpoint.pt
2026-04-28 18:38:16,885 INFO inference_run_large loaded checkpoint iter=200 from /AI4S/Users/howardwang/h204/ecophys/experiments/042_arch_tier_3_1_isab/results_t31_isab_seed0/checkpoint.pt
2026-04-28 18:38:16,886 INFO inference_run_large loaded checkpoint iter=200 from /AI4S/Users/howardwang/h204/ecophys/experiments/042_arch_tier_3_1_isab/results_t31_isab_seed4/checkpoint.pt
2026-04-28 18:38:16,887 INFO inference_run_large loaded checkpoint iter=200 from /AI4S/Users/howardwang/h204/ecophys/experiments/042_arch_tier_3_1_isab/results_t31_isab_seed1/checkpoint.pt
2026-04-28 18:38:16,888 INFO inference_run_large loaded checkpoint iter=200 from /AI4S/Users/howardwang/h204/ecophys/experiments/042_arch_tier_3_1_isab/results_t31_isab_seed2/checkpoint.pt
2026-04-28 18:38:16,899 INFO inference_run_large loaded checkpoint iter=200 from /AI4S/Users/howardwang/h204/ecophys/experiments/042_arch_tier_3_1_isab/results_t31_isab_seed5/checkpoint.pt
2026-04-28 18:38:17,046 INFO inference_run_large loaded checkpoint iter=200 from /AI4S/Users/howardwang/h204/ecophys/experiments/042_arch_tier_3_1_isab/results_t31_isab_seed3/checkpoint.pt
2026-04-28 18:38:31,060 INFO inference_run_large [rank 0] rollout 1/4 seed=10000 took 13.0s
2026-04-28 18:38:31,345 INFO inference_run_large [rank 0] rollout 1/4 seed=10000 took 13.5s
2026-04-28 18:38:31,378 INFO inference_run_large [rank 0] rollout 1/4 seed=10000 took 13.5s
2026-04-28 18:38:31,416 INFO inference_run_large [rank 0] rollout 1/4 seed=10000 took 13.7s
2026-04-28 18:38:31,466 INFO inference_run_large [rank 0] rollout 1/4 seed=10000 took 13.6s
2026-04-28 18:38:31,562 INFO inference_run_large [rank 0] rollout 1/4 seed=10000 took 13.7s
2026-04-28 18:38:31,685 INFO inference_run_large [rank 0] rollout 1/4 seed=10000 took 13.9s
2026-04-28 18:38:31,959 INFO inference_run_large [rank 0] rollout 1/4 seed=10000 took 14.2s
2026-04-28 18:38:43,591 INFO inference_run_large [rank 0] rollout 2/4 seed=10001 took 12.4s
2026-04-28 18:38:43,967 INFO inference_run_large [rank 0] rollout 2/4 seed=10001 took 12.5s
2026-04-28 18:38:44,287 INFO inference_run_large [rank 0] rollout 2/4 seed=10001 took 12.7s
2026-04-28 18:38:44,298 INFO inference_run_large [rank 0] rollout 2/4 seed=10001 took 12.8s
2026-04-28 18:38:44,409 INFO inference_run_large [rank 0] rollout 2/4 seed=10001 took 12.8s
2026-04-28 18:38:44,455 INFO inference_run_large [rank 0] rollout 2/4 seed=10001 took 12.9s
2026-04-28 18:38:44,487 INFO inference_run_large [rank 0] rollout 2/4 seed=10001 took 12.7s
2026-04-28 18:38:44,823 INFO inference_run_large [rank 0] rollout 2/4 seed=10001 took 12.8s
2026-04-28 18:38:56,242 INFO inference_run_large [rank 0] rollout 3/4 seed=10002 took 12.5s
2026-04-28 18:38:56,689 INFO inference_run_large [rank 0] rollout 3/4 seed=10002 took 12.6s
2026-04-28 18:38:57,107 INFO inference_run_large [rank 0] rollout 3/4 seed=10002 took 12.7s
2026-04-28 18:38:57,313 INFO inference_run_large [rank 0] rollout 3/4 seed=10002 took 12.9s
2026-04-28 18:38:57,318 INFO inference_run_large [rank 0] rollout 3/4 seed=10002 took 12.8s
2026-04-28 18:38:57,437 INFO inference_run_large [rank 0] rollout 3/4 seed=10002 took 12.9s
2026-04-28 18:38:57,573 INFO inference_run_large [rank 0] rollout 3/4 seed=10002 took 13.0s
2026-04-28 18:38:57,891 INFO inference_run_large [rank 0] rollout 3/4 seed=10002 took 13.0s
2026-04-28 18:39:08,840 INFO inference_run_large [rank 0] rollout 4/4 seed=10003 took 12.5s
2026-04-28 18:39:08,843 INFO inference_run_large [rank 0] wrote /AI4S/Users/howardwang/h204/ecophys/experiments/042_arch_tier_3_1_isab/results_t31_isab_seed3/inference_rank_0.json
2026-04-28 18:39:08,848 INFO inference_run_large [rank 0] merged 4 rollouts → /AI4S/Users/howardwang/h204/ecophys/experiments/042_arch_tier_3_1_isab/results_t31_isab_seed3/inference_merged.json
2026-04-28 18:39:09,449 INFO inference_run_large [rank 0] rollout 4/4 seed=10003 took 12.7s
2026-04-28 18:39:09,452 INFO inference_run_large [rank 0] wrote /AI4S/Users/howardwang/h204/ecophys/experiments/042_arch_tier_3_1_isab/results_t31_isab_seed5/inference_rank_0.json
2026-04-28 18:39:09,456 INFO inference_run_large [rank 0] merged 4 rollouts → /AI4S/Users/howardwang/h204/ecophys/experiments/042_arch_tier_3_1_isab/results_t31_isab_seed5/inference_merged.json
  ✓ eval t31_isab_seed3 62s (card 3)

═ EVAL  t31_isab_seed8 (card 0) ═ 18:39:09
2026-04-28 18:39:10,089 INFO inference_run_large [rank 0] rollout 4/4 seed=10003 took 12.9s
2026-04-28 18:39:10,092 INFO inference_run_large [rank 0] wrote /AI4S/Users/howardwang/h204/ecophys/experiments/042_arch_tier_3_1_isab/results_t31_isab_seed1/inference_rank_0.json
2026-04-28 18:39:10,097 INFO inference_run_large [rank 0] merged 4 rollouts → /AI4S/Users/howardwang/h204/ecophys/experiments/042_arch_tier_3_1_isab/results_t31_isab_seed1/inference_merged.json
  ✓ eval t31_isab_seed5 63s (card 5)

═ EVAL  t31_isab_seed9 (card 1) ═ 18:39:10
2026-04-28 18:39:10,490 INFO inference_run_large [rank 0] rollout 4/4 seed=10003 took 12.9s
2026-04-28 18:39:10,493 INFO inference_run_large [rank 0] wrote /AI4S/Users/howardwang/h204/ecophys/experiments/042_arch_tier_3_1_isab/results_t31_isab_seed6/inference_rank_0.json
2026-04-28 18:39:10,497 INFO inference_run_large [rank 0] merged 4 rollouts → /AI4S/Users/howardwang/h204/ecophys/experiments/042_arch_tier_3_1_isab/results_t31_isab_seed6/inference_merged.json
2026-04-28 18:39:10,500 INFO inference_run_large [rank 0] rollout 4/4 seed=10003 took 13.1s
2026-04-28 18:39:10,503 INFO inference_run_large [rank 0] wrote /AI4S/Users/howardwang/h204/ecophys/experiments/042_arch_tier_3_1_isab/results_t31_isab_seed0/inference_rank_0.json
2026-04-28 18:39:10,508 INFO inference_run_large [rank 0] merged 4 rollouts → /AI4S/Users/howardwang/h204/ecophys/experiments/042_arch_tier_3_1_isab/results_t31_isab_seed0/inference_merged.json
2026-04-28 18:39:10,512 INFO inference_run_large [rank 0] rollout 4/4 seed=10003 took 12.8s
2026-04-28 18:39:10,516 INFO inference_run_large [rank 0] wrote /AI4S/Users/howardwang/h204/ecophys/experiments/042_arch_tier_3_1_isab/results_t31_isab_seed4/inference_rank_0.json
2026-04-28 18:39:10,520 INFO inference_run_large [rank 0] merged 4 rollouts → /AI4S/Users/howardwang/h204/ecophys/experiments/042_arch_tier_3_1_isab/results_t31_isab_seed4/inference_merged.json
2026-04-28 18:39:10,591 INFO inference_run_large [rank 0] rollout 4/4 seed=10003 took 13.2s
2026-04-28 18:39:10,595 INFO inference_run_large [rank 0] wrote /AI4S/Users/howardwang/h204/ecophys/experiments/042_arch_tier_3_1_isab/results_t31_isab_seed2/inference_rank_0.json
2026-04-28 18:39:10,599 INFO inference_run_large [rank 0] merged 4 rollouts → /AI4S/Users/howardwang/h204/ecophys/experiments/042_arch_tier_3_1_isab/results_t31_isab_seed2/inference_merged.json
2026-04-28 18:39:10,799 INFO inference_run_large [rank 0] rollout 4/4 seed=10003 took 12.8s
2026-04-28 18:39:10,803 INFO inference_run_large [rank 0] wrote /AI4S/Users/howardwang/h204/ecophys/experiments/042_arch_tier_3_1_isab/results_t31_isab_seed7/inference_rank_0.json
2026-04-28 18:39:10,807 INFO inference_run_large [rank 0] merged 4 rollouts → /AI4S/Users/howardwang/h204/ecophys/experiments/042_arch_tier_3_1_isab/results_t31_isab_seed7/inference_merged.json
  ✓ eval t31_isab_seed1 64s (card 1)
  ✓ eval t31_isab_seed6 64s (card 6)
  ✓ eval t31_isab_seed0 64s (card 0)
  ✓ eval t31_isab_seed4 64s (card 4)
  ✓ eval t31_isab_seed2 65s (card 2)
  ✓ eval t31_isab_seed7 65s (card 7)
2026-04-28 18:39:13,113 INFO inference_run_large [dist] world_size=1 cuda=True
2026-04-28 18:39:13,427 INFO inference_run_large loaded checkpoint iter=200 from /AI4S/Users/howardwang/h204/ecophys/experiments/042_arch_tier_3_1_isab/results_t31_isab_seed8/checkpoint.pt
2026-04-28 18:39:13,745 INFO inference_run_large [dist] world_size=1 cuda=True
2026-04-28 18:39:14,004 INFO inference_run_large loaded checkpoint iter=200 from /AI4S/Users/howardwang/h204/ecophys/experiments/042_arch_tier_3_1_isab/results_t31_isab_seed9/checkpoint.pt
2026-04-28 18:39:27,699 INFO inference_run_large [rank 0] rollout 1/4 seed=10000 took 13.4s
2026-04-28 18:39:27,983 INFO inference_run_large [rank 0] rollout 1/4 seed=10000 took 13.1s
2026-04-28 18:39:40,400 INFO inference_run_large [rank 0] rollout 2/4 seed=10001 took 12.6s
2026-04-28 18:39:40,680 INFO inference_run_large [rank 0] rollout 2/4 seed=10001 took 12.6s
2026-04-28 18:39:53,152 INFO inference_run_large [rank 0] rollout 3/4 seed=10002 took 12.7s
2026-04-28 18:39:53,429 INFO inference_run_large [rank 0] rollout 3/4 seed=10002 took 12.7s
2026-04-28 18:40:05,868 INFO inference_run_large [rank 0] rollout 4/4 seed=10003 took 12.6s
2026-04-28 18:40:05,872 INFO inference_run_large [rank 0] wrote /AI4S/Users/howardwang/h204/ecophys/experiments/042_arch_tier_3_1_isab/results_t31_isab_seed8/inference_rank_0.json
2026-04-28 18:40:05,877 INFO inference_run_large [rank 0] merged 4 rollouts → /AI4S/Users/howardwang/h204/ecophys/experiments/042_arch_tier_3_1_isab/results_t31_isab_seed8/inference_merged.json
2026-04-28 18:40:06,178 INFO inference_run_large [rank 0] rollout 4/4 seed=10003 took 12.7s
2026-04-28 18:40:06,181 INFO inference_run_large [rank 0] wrote /AI4S/Users/howardwang/h204/ecophys/experiments/042_arch_tier_3_1_isab/results_t31_isab_seed9/inference_rank_0.json
2026-04-28 18:40:06,186 INFO inference_run_large [rank 0] merged 4 rollouts → /AI4S/Users/howardwang/h204/ecophys/experiments/042_arch_tier_3_1_isab/results_t31_isab_seed9/inference_merged.json
  ✓ eval t31_isab_seed8 57s (card 0)
  ✓ eval t31_isab_seed9 57s (card 1)

═══ DONE — Tue Apr 28 06:40:07 PM CST 2026 ═══
