2026-04-28 18:22:25,386 INFO train_distributed [dist] rank=0 world_size=1 local_rank=0 cuda_available=True
2026-04-28 18:22:25,431 INFO train_distributed loaded 2,841 returns for spx/2015-2026_daily
2026-04-28 18:22:25,438 INFO train_distributed targets: acf_sq=0.342 leverage_sum=-0.790 hill_alpha=2.68
2026-04-28 18:22:26,564 INFO train_distributed EcoMDSimulator built: 31588 parameters (device=cuda:0)
2026-04-28 18:22:28,918 INFO train_distributed it=   0 lr=1.00e-04 loss_world=14.7358 |∇|=1.79e+03 γ=1.000 T=0.0500
2026-04-28 18:22:38,622 INFO train_distributed it=   9 lr=1.00e-03 loss_world=5.1146 |∇|=1.16e+03 γ=0.999 T=0.0501
2026-04-28 18:22:49,522 INFO train_distributed it=  19 lr=9.95e-04 loss_world=1.4328 |∇|=2.19e+03 γ=0.995 T=0.0500
2026-04-28 18:23:00,455 INFO train_distributed it=  29 lr=9.78e-04 loss_world=6.9318 |∇|=1.26e+03 γ=0.991 T=0.0500
2026-04-28 18:23:11,387 INFO train_distributed it=  39 lr=9.49e-04 loss_world=2.0550 |∇|=2.78e+02 γ=0.986 T=0.0500
2026-04-28 18:23:22,309 INFO train_distributed it=  49 lr=9.10e-04 loss_world=2.8723 |∇|=7.82e+02 γ=0.985 T=0.0500
2026-04-28 18:23:33,228 INFO train_distributed it=  59 lr=8.60e-04 loss_world=3.3748 |∇|=4.14e+02 γ=0.986 T=0.0501
2026-04-28 18:23:44,147 INFO train_distributed it=  69 lr=8.02e-04 loss_world=1.5371 |∇|=3.71e+02 γ=0.988 T=0.0502
2026-04-28 18:23:55,067 INFO train_distributed it=  79 lr=7.38e-04 loss_world=8.0972 |∇|=3.50e+03 γ=0.989 T=0.0503
2026-04-28 18:24:05,995 INFO train_distributed it=  89 lr=6.68e-04 loss_world=7.7094 |∇|=1.15e+03 γ=0.990 T=0.0503
2026-04-28 18:24:16,910 INFO train_distributed it=  99 lr=5.95e-04 loss_world=6.1467 |∇|=5.12e+03 γ=0.991 T=0.0503
2026-04-28 18:24:27,828 INFO train_distributed it= 109 lr=5.20e-04 loss_world=4.6565 |∇|=6.62e+02 γ=0.991 T=0.0503
2026-04-28 18:24:38,740 INFO train_distributed it= 119 lr=4.47e-04 loss_world=1.0674 |∇|=7.86e+02 γ=0.991 T=0.0503
2026-04-28 18:24:49,653 INFO train_distributed it= 129 lr=3.76e-04 loss_world=1.2112 |∇|=1.87e+02 γ=0.993 T=0.0504
2026-04-28 18:25:00,570 INFO train_distributed it= 139 lr=3.10e-04 loss_world=1.1320 |∇|=3.89e+02 γ=0.994 T=0.0504
2026-04-28 18:25:11,492 INFO train_distributed it= 149 lr=2.51e-04 loss_world=1.2387 |∇|=5.99e+02 γ=0.994 T=0.0504
2026-04-28 18:25:22,408 INFO train_distributed it= 159 lr=2.00e-04 loss_world=1.2562 |∇|=4.45e+02 γ=0.994 T=0.0504
2026-04-28 18:25:33,323 INFO train_distributed it= 169 lr=1.58e-04 loss_world=4.9543 |∇|=2.17e+03 γ=0.994 T=0.0504
2026-04-28 18:25:44,232 INFO train_distributed it= 179 lr=1.27e-04 loss_world=1.8305 |∇|=3.48e+03 γ=0.994 T=0.0504
2026-04-28 18:25:55,145 INFO train_distributed it= 189 lr=1.07e-04 loss_world=0.9499 |∇|=2.74e+02 γ=0.994 T=0.0504
2026-04-28 18:26:06,065 INFO train_distributed it= 199 lr=1.00e-04 loss_world=0.9834 |∇|=1.66e+02 γ=0.994 T=0.0504
2026-04-28 18:26:06,070 INFO train_distributed training finished in 219.5s (200 iters, world_size=1)
2026-04-28 18:26:06,070 INFO train_distributed [rank 0] peak HBM: alloc=7.09 GB, reserved=7.68 GB
2026-04-28 18:26:06,073 INFO train_distributed [rank 0] wrote experiments/040_arch_tier_2_1_jumps/results_t21_jumps_seed6/training_log.json
