2026-04-29 11:37:42,758 INFO train_distributed [dist] rank=0 world_size=1 local_rank=0 cuda_available=True
2026-04-29 11:37:42,800 INFO train_distributed loaded 2,841 returns for spx/2015-2026_daily
2026-04-29 11:37:42,807 INFO train_distributed targets: acf_sq=0.342 leverage_sum=-0.790 hill_alpha=2.68
2026-04-29 11:37:44,684 INFO train_distributed EcoMDSimulator built: 39904 parameters (device=cuda:0)
2026-04-29 11:37:47,152 INFO train_distributed it=   0 lr=1.00e-04 loss_world=139.3866 |∇|=2.00e+05 γ=1.000 T=0.0500
2026-04-29 11:37:57,915 INFO train_distributed it=   9 lr=1.00e-03 loss_world=15.0965 |∇|=1.67e+03 γ=1.001 T=0.0500
2026-04-29 11:38:09,923 INFO train_distributed it=  19 lr=9.95e-04 loss_world=12.3686 |∇|=1.05e+03 γ=0.995 T=0.0499
2026-04-29 11:38:21,897 INFO train_distributed it=  29 lr=9.78e-04 loss_world=2.1140 |∇|=1.29e+02 γ=0.987 T=0.0499
2026-04-29 11:38:33,863 INFO train_distributed it=  39 lr=9.49e-04 loss_world=1.9764 |∇|=9.73e+01 γ=0.980 T=0.0500
2026-04-29 11:38:45,823 INFO train_distributed it=  49 lr=9.10e-04 loss_world=2.0475 |∇|=1.34e+02 γ=0.975 T=0.0500
2026-04-29 11:38:57,786 INFO train_distributed it=  59 lr=8.60e-04 loss_world=4.7751 |∇|=5.96e+02 γ=0.970 T=0.0500
2026-04-29 11:39:09,754 INFO train_distributed it=  69 lr=8.02e-04 loss_world=2.6120 |∇|=2.04e+02 γ=0.965 T=0.0500
2026-04-29 11:39:21,722 INFO train_distributed it=  79 lr=7.38e-04 loss_world=2.2548 |∇|=2.17e+02 γ=0.961 T=0.0500
2026-04-29 11:39:33,682 INFO train_distributed it=  89 lr=6.68e-04 loss_world=2.0134 |∇|=2.27e+02 γ=0.958 T=0.0500
2026-04-29 11:39:45,643 INFO train_distributed it=  99 lr=5.95e-04 loss_world=2.5491 |∇|=5.22e+02 γ=0.957 T=0.0500
2026-04-29 11:39:57,607 INFO train_distributed it= 109 lr=5.20e-04 loss_world=2.2421 |∇|=4.38e+02 γ=0.956 T=0.0501
2026-04-29 11:40:09,564 INFO train_distributed it= 119 lr=4.47e-04 loss_world=2.2579 |∇|=2.82e+02 γ=0.955 T=0.0501
2026-04-29 11:40:21,519 INFO train_distributed it= 129 lr=3.76e-04 loss_world=2.2598 |∇|=5.94e+02 γ=0.954 T=0.0501
2026-04-29 11:40:33,489 INFO train_distributed it= 139 lr=3.10e-04 loss_world=2.3722 |∇|=6.99e+02 γ=0.954 T=0.0501
2026-04-29 11:40:45,446 INFO train_distributed it= 149 lr=2.51e-04 loss_world=2.8119 |∇|=2.57e+02 γ=0.954 T=0.0501
2026-04-29 11:40:57,406 INFO train_distributed it= 159 lr=2.00e-04 loss_world=2.0094 |∇|=1.46e+03 γ=0.953 T=0.0501
2026-04-29 11:41:09,377 INFO train_distributed it= 169 lr=1.58e-04 loss_world=2.1781 |∇|=1.86e+03 γ=0.953 T=0.0501
2026-04-29 11:41:21,334 INFO train_distributed it= 179 lr=1.27e-04 loss_world=1.9596 |∇|=1.73e+03 γ=0.953 T=0.0501
2026-04-29 11:41:33,289 INFO train_distributed it= 189 lr=1.07e-04 loss_world=2.0991 |∇|=3.75e+03 γ=0.953 T=0.0501
2026-04-29 11:41:45,293 INFO train_distributed it= 199 lr=1.00e-04 loss_world=1.8973 |∇|=2.73e+03 γ=0.953 T=0.0501
2026-04-29 11:41:45,300 INFO train_distributed training finished in 240.6s (200 iters, world_size=1)
2026-04-29 11:41:45,300 INFO train_distributed [rank 0] peak HBM: alloc=7.25 GB, reserved=8.06 GB
2026-04-29 11:41:45,303 INFO train_distributed [rank 0] wrote experiments/046_arch_megnet_pairs/results_p_4_1__1_1_seed0/training_log.json
