2026-04-29 10:59:30,618 INFO train_distributed [dist] rank=0 world_size=1 local_rank=0 cuda_available=True
2026-04-29 10:59:30,660 INFO train_distributed loaded 2,841 returns for spx/2015-2026_daily
2026-04-29 10:59:30,668 INFO train_distributed targets: acf_sq=0.342 leverage_sum=-0.790 hill_alpha=2.68
2026-04-29 10:59:32,813 INFO train_distributed EcoMDSimulator built: 31780 parameters (device=cuda:0)
2026-04-29 10:59:36,844 INFO train_distributed it=   0 lr=1.00e-04 loss_world=4.3777 |∇|=1.24e+03 γ=1.000 T=0.0500
2026-04-29 11:00:01,213 INFO train_distributed it=   9 lr=1.00e-03 loss_world=2.4782 |∇|=2.95e+02 γ=0.999 T=0.0501
2026-04-29 11:00:28,280 INFO train_distributed it=  19 lr=9.95e-04 loss_world=10.7982 |∇|=2.71e+08 γ=0.995 T=0.0502
2026-04-29 11:00:55,359 INFO train_distributed it=  29 lr=9.78e-04 loss_world=2.4053 |∇|=7.37e+02 γ=0.993 T=0.0501
2026-04-29 11:01:22,436 INFO train_distributed it=  39 lr=9.49e-04 loss_world=0.8427 |∇|=1.23e+02 γ=0.992 T=0.0502
2026-04-29 11:01:49,505 INFO train_distributed it=  49 lr=9.10e-04 loss_world=1.2505 |∇|=2.16e+02 γ=0.991 T=0.0501
2026-04-29 11:02:16,616 INFO train_distributed it=  59 lr=8.60e-04 loss_world=0.8646 |∇|=3.91e+01 γ=0.992 T=0.0501
2026-04-29 11:02:43,745 INFO train_distributed it=  69 lr=8.02e-04 loss_world=0.7072 |∇|=5.03e+01 γ=0.995 T=0.0500
2026-04-29 11:03:10,902 INFO train_distributed it=  79 lr=7.38e-04 loss_world=1.0679 |∇|=7.46e+01 γ=0.996 T=0.0500
2026-04-29 11:03:38,091 INFO train_distributed it=  89 lr=6.68e-04 loss_world=1.0048 |∇|=6.88e+01 γ=0.995 T=0.0499
2026-04-29 11:04:05,179 INFO train_distributed it=  99 lr=5.95e-04 loss_world=1.0982 |∇|=8.17e+01 γ=0.995 T=0.0499
2026-04-29 11:04:18,088 INFO train_distributed it= 109 lr=5.20e-04 loss_world=0.6978 |∇|=4.74e+01 γ=0.995 T=0.0498
2026-04-29 11:04:31,014 INFO train_distributed it= 119 lr=4.47e-04 loss_world=0.7983 |∇|=9.44e+01 γ=0.994 T=0.0498
2026-04-29 11:04:43,963 INFO train_distributed it= 129 lr=3.76e-04 loss_world=0.7369 |∇|=9.43e+01 γ=0.993 T=0.0498
2026-04-29 11:04:56,926 INFO train_distributed it= 139 lr=3.10e-04 loss_world=0.6984 |∇|=1.25e+02 γ=0.993 T=0.0498
2026-04-29 11:05:09,888 INFO train_distributed it= 149 lr=2.51e-04 loss_world=0.8277 |∇|=2.42e+01 γ=0.992 T=0.0498
2026-04-29 11:05:22,857 INFO train_distributed it= 159 lr=2.00e-04 loss_world=0.8524 |∇|=1.22e+02 γ=0.992 T=0.0498
2026-04-29 11:05:35,834 INFO train_distributed it= 169 lr=1.58e-04 loss_world=0.8461 |∇|=7.36e+01 γ=0.993 T=0.0498
2026-04-29 11:05:48,817 INFO train_distributed it= 179 lr=1.27e-04 loss_world=0.8856 |∇|=3.29e+03 γ=0.993 T=0.0498
2026-04-29 11:06:01,816 INFO train_distributed it= 189 lr=1.07e-04 loss_world=0.8044 |∇|=9.11e+03 γ=0.993 T=0.0498
2026-04-29 11:06:14,828 INFO train_distributed it= 199 lr=1.00e-04 loss_world=1.1317 |∇|=2.08e+03 γ=0.993 T=0.0498
2026-04-29 11:06:14,835 INFO train_distributed training finished in 402.0s (200 iters, world_size=1)
2026-04-29 11:06:14,835 INFO train_distributed [rank 0] peak HBM: alloc=7.41 GB, reserved=7.84 GB
2026-04-29 11:06:14,838 INFO train_distributed [rank 0] wrote experiments/039_arch_tier_1_3_features/results_t13_features_all_seed5/training_log.json
