2026-04-29 15:28:26,485 INFO train_distributed [dist] rank=0 world_size=1 local_rank=0 cuda_available=True
2026-04-29 15:28:26,532 INFO train_distributed loaded 2,841 returns for spx/2015-2026_daily
2026-04-29 15:28:26,539 INFO train_distributed targets: acf_sq=0.342 leverage_sum=-0.790 hill_alpha=2.68
2026-04-29 15:28:28,721 INFO train_distributed EcoMDSimulator built: 31976 parameters (device=cuda:0)
2026-04-29 15:28:32,455 INFO train_distributed it=   0 lr=1.00e-04 loss_world=18.4004 |∇|=1.47e+03 γ=1.000 T=0.0500
2026-04-29 15:28:54,613 INFO train_distributed it=   9 lr=1.00e-03 loss_world=1.3693 |∇|=2.32e+01 γ=0.999 T=0.0502
2026-04-29 15:29:19,213 INFO train_distributed it=  19 lr=9.95e-04 loss_world=0.9213 |∇|=1.69e+01 γ=0.999 T=0.0506
2026-04-29 15:29:43,805 INFO train_distributed it=  29 lr=9.78e-04 loss_world=1.0760 |∇|=3.12e+01 γ=1.000 T=0.0507
2026-04-29 15:30:08,404 INFO train_distributed it=  39 lr=9.49e-04 loss_world=1.1320 |∇|=8.28e+03 γ=1.000 T=0.0508
2026-04-29 15:30:32,998 INFO train_distributed it=  49 lr=9.10e-04 loss_world=1.0524 |∇|=4.44e+01 γ=1.006 T=0.0508
2026-04-29 15:30:57,591 INFO train_distributed it=  59 lr=8.60e-04 loss_world=1.0223 |∇|=1.14e+02 γ=1.010 T=0.0508
2026-04-29 15:31:22,198 INFO train_distributed it=  69 lr=8.02e-04 loss_world=0.8721 |∇|=1.10e+02 γ=1.012 T=0.0506
2026-04-29 15:31:46,811 INFO train_distributed it=  79 lr=7.38e-04 loss_world=0.8548 |∇|=1.29e+02 γ=1.011 T=0.0504
2026-04-29 15:32:11,429 INFO train_distributed it=  89 lr=6.68e-04 loss_world=0.8820 |∇|=2.58e+01 γ=1.011 T=0.0504
2026-04-29 15:32:36,040 INFO train_distributed it=  99 lr=5.95e-04 loss_world=0.6395 |∇|=2.79e+01 γ=1.011 T=0.0503
2026-04-29 15:33:00,661 INFO train_distributed it= 109 lr=5.20e-04 loss_world=0.8697 |∇|=6.22e+01 γ=1.013 T=0.0503
2026-04-29 15:33:25,287 INFO train_distributed it= 119 lr=4.47e-04 loss_world=1.0628 |∇|=1.34e+02 γ=1.013 T=0.0503
2026-04-29 15:33:49,910 INFO train_distributed it= 129 lr=3.76e-04 loss_world=0.7080 |∇|=1.31e+01 γ=1.013 T=0.0503
2026-04-29 15:34:14,532 INFO train_distributed it= 139 lr=3.10e-04 loss_world=0.8416 |∇|=1.60e+01 γ=1.013 T=0.0503
2026-04-29 15:34:39,168 INFO train_distributed it= 149 lr=2.51e-04 loss_world=1.0947 |∇|=2.53e+01 γ=1.013 T=0.0504
2026-04-29 15:35:03,801 INFO train_distributed it= 159 lr=2.00e-04 loss_world=1.3222 |∇|=3.21e+01 γ=1.013 T=0.0504
2026-04-29 15:35:28,444 INFO train_distributed it= 169 lr=1.58e-04 loss_world=1.1025 |∇|=1.30e+01 γ=1.014 T=0.0504
2026-04-29 15:35:53,084 INFO train_distributed it= 179 lr=1.27e-04 loss_world=1.2066 |∇|=1.06e+01 γ=1.014 T=0.0504
2026-04-29 15:36:17,735 INFO train_distributed it= 189 lr=1.07e-04 loss_world=0.9337 |∇|=3.13e+01 γ=1.014 T=0.0504
2026-04-29 15:36:42,388 INFO train_distributed it= 199 lr=1.00e-04 loss_world=1.4549 |∇|=1.49e+01 γ=1.014 T=0.0503
2026-04-29 15:36:42,393 INFO train_distributed training finished in 493.7s (200 iters, world_size=1)
2026-04-29 15:36:42,393 INFO train_distributed [rank 0] peak HBM: alloc=9.08 GB, reserved=9.86 GB
2026-04-29 15:36:42,396 INFO train_distributed [rank 0] wrote experiments/039_arch_tier_1_3_features/results_t13_features_all_seed5/training_log.json
