2026-04-28 18:08:24,064 INFO train_distributed [dist] rank=0 world_size=1 local_rank=0 cuda_available=True
2026-04-28 18:08:24,108 INFO train_distributed loaded 2,841 returns for spx/2015-2026_daily
2026-04-28 18:08:24,115 INFO train_distributed targets: acf_sq=0.342 leverage_sum=-0.790 hill_alpha=2.68
2026-04-28 18:08:26,369 INFO train_distributed EcoMDSimulator built: 34408 parameters (device=cuda:0)
2026-04-28 18:08:28,821 INFO train_distributed it=   0 lr=1.00e-04 loss_world=1269.0442 |∇|=8.16e+05 γ=1.000 T=0.0500
2026-04-28 18:08:38,782 INFO train_distributed it=   9 lr=1.00e-03 loss_world=5.7032 |∇|=2.95e+02 γ=0.997 T=0.0501
2026-04-28 18:08:49,977 INFO train_distributed it=  19 lr=9.95e-04 loss_world=1.7149 |∇|=1.58e+02 γ=0.992 T=0.0502
2026-04-28 18:09:01,203 INFO train_distributed it=  29 lr=9.78e-04 loss_world=0.9783 |∇|=2.88e+02 γ=0.989 T=0.0502
2026-04-28 18:09:12,419 INFO train_distributed it=  39 lr=9.49e-04 loss_world=1.2121 |∇|=2.68e+01 γ=0.987 T=0.0502
2026-04-28 18:09:23,625 INFO train_distributed it=  49 lr=9.10e-04 loss_world=1.2789 |∇|=7.84e+00 γ=0.986 T=0.0503
2026-04-28 18:09:34,828 INFO train_distributed it=  59 lr=8.60e-04 loss_world=1.3062 |∇|=6.77e+00 γ=0.986 T=0.0503
2026-04-28 18:09:46,026 INFO train_distributed it=  69 lr=8.02e-04 loss_world=1.3144 |∇|=8.35e+00 γ=0.986 T=0.0503
2026-04-28 18:09:57,231 INFO train_distributed it=  79 lr=7.38e-04 loss_world=2.6409 |∇|=4.75e+02 γ=0.986 T=0.0503
2026-04-28 18:10:08,437 INFO train_distributed it=  89 lr=6.68e-04 loss_world=12.3076 |∇|=3.18e+03 γ=0.985 T=0.0505
2026-04-28 18:10:19,643 INFO train_distributed it=  99 lr=5.95e-04 loss_world=21.6037 |∇|=2.11e+03 γ=0.987 T=0.0506
2026-04-28 18:10:30,839 INFO train_distributed it= 109 lr=5.20e-04 loss_world=1.3063 |∇|=1.10e+02 γ=0.988 T=0.0507
2026-04-28 18:10:42,035 INFO train_distributed it= 119 lr=4.47e-04 loss_world=1.4125 |∇|=3.53e+03 γ=0.988 T=0.0507
2026-04-28 18:10:53,245 INFO train_distributed it= 129 lr=3.76e-04 loss_world=5.0831 |∇|=2.82e+03 γ=0.988 T=0.0507
2026-04-28 18:11:04,447 INFO train_distributed it= 139 lr=3.10e-04 loss_world=0.8656 |∇|=6.20e+02 γ=0.988 T=0.0507
2026-04-28 18:11:15,648 INFO train_distributed it= 149 lr=2.51e-04 loss_world=1.5654 |∇|=7.12e+02 γ=0.988 T=0.0507
2026-04-28 18:11:26,853 INFO train_distributed it= 159 lr=2.00e-04 loss_world=1.3318 |∇|=3.51e+02 γ=0.988 T=0.0507
2026-04-28 18:11:38,056 INFO train_distributed it= 169 lr=1.58e-04 loss_world=1.1408 |∇|=3.52e+02 γ=0.988 T=0.0507
2026-04-28 18:11:49,266 INFO train_distributed it= 179 lr=1.27e-04 loss_world=1.2705 |∇|=9.57e+02 γ=0.988 T=0.0507
2026-04-28 18:12:00,470 INFO train_distributed it= 189 lr=1.07e-04 loss_world=0.9195 |∇|=1.54e+03 γ=0.989 T=0.0507
2026-04-28 18:12:11,675 INFO train_distributed it= 199 lr=1.00e-04 loss_world=1.7472 |∇|=2.68e+03 γ=0.989 T=0.0507
2026-04-28 18:12:11,681 INFO train_distributed training finished in 225.3s (200 iters, world_size=1)
2026-04-28 18:12:11,681 INFO train_distributed [rank 0] peak HBM: alloc=7.10 GB, reserved=7.69 GB
2026-04-28 18:12:11,684 INFO train_distributed [rank 0] wrote experiments/037_arch_tier_1_1_memory/results_t11_memory_seed3/training_log.json
