2026-04-28 19:13:01,272 INFO train_distributed [dist] rank=0 world_size=1 local_rank=0 cuda_available=True
2026-04-28 19:13:01,317 INFO train_distributed loaded 2,841 returns for spx/2015-2026_daily
2026-04-28 19:13:01,324 INFO train_distributed targets: acf_sq=0.342 leverage_sum=-0.790 hill_alpha=2.68
2026-04-28 19:13:03,978 INFO train_distributed EcoMDSimulator built: 31588 parameters (device=cuda:0)
2026-04-28 19:13:06,328 INFO train_distributed it=   0 lr=1.00e-04 loss_world=1.2738 |∇|=3.36e+01 γ=1.000 T=0.0500
2026-04-28 19:13:16,017 INFO train_distributed it=   9 lr=1.00e-03 loss_world=0.8774 |∇|=9.81e+00 γ=1.000 T=0.0499
2026-04-28 19:13:26,904 INFO train_distributed it=  19 lr=9.95e-04 loss_world=0.8112 |∇|=4.90e+00 γ=0.999 T=0.0499
2026-04-28 19:13:37,821 INFO train_distributed it=  29 lr=9.78e-04 loss_world=0.9502 |∇|=8.51e+00 γ=0.995 T=0.0498
2026-04-28 19:13:48,738 INFO train_distributed it=  39 lr=9.49e-04 loss_world=1.0739 |∇|=4.09e+00 γ=0.993 T=0.0498
2026-04-28 19:13:59,653 INFO train_distributed it=  49 lr=9.10e-04 loss_world=1.1088 |∇|=2.82e+00 γ=0.989 T=0.0498
2026-04-28 19:14:10,562 INFO train_distributed it=  59 lr=8.60e-04 loss_world=0.9762 |∇|=4.90e+00 γ=0.984 T=0.0498
2026-04-28 19:14:21,464 INFO train_distributed it=  69 lr=8.02e-04 loss_world=1.1171 |∇|=5.59e+00 γ=0.979 T=0.0498
2026-04-28 19:14:32,369 INFO train_distributed it=  79 lr=7.38e-04 loss_world=1.1255 |∇|=2.01e+00 γ=0.975 T=0.0498
2026-04-28 19:14:43,272 INFO train_distributed it=  89 lr=6.68e-04 loss_world=1.0253 |∇|=2.22e+00 γ=0.971 T=0.0498
2026-04-28 19:14:54,174 INFO train_distributed it=  99 lr=5.95e-04 loss_world=1.0212 |∇|=2.74e+00 γ=0.966 T=0.0498
2026-04-28 19:15:05,086 INFO train_distributed it= 109 lr=5.20e-04 loss_world=0.9939 |∇|=3.91e+00 γ=0.962 T=0.0497
2026-04-28 19:15:15,995 INFO train_distributed it= 119 lr=4.47e-04 loss_world=1.0495 |∇|=2.53e+00 γ=0.959 T=0.0497
2026-04-28 19:15:26,899 INFO train_distributed it= 129 lr=3.76e-04 loss_world=1.0657 |∇|=5.93e+00 γ=0.956 T=0.0497
2026-04-28 19:15:37,800 INFO train_distributed it= 139 lr=3.10e-04 loss_world=1.0260 |∇|=5.12e+00 γ=0.953 T=0.0497
2026-04-28 19:15:48,700 INFO train_distributed it= 149 lr=2.51e-04 loss_world=1.0197 |∇|=2.91e+00 γ=0.951 T=0.0498
2026-04-28 19:15:59,601 INFO train_distributed it= 159 lr=2.00e-04 loss_world=1.0437 |∇|=4.85e+00 γ=0.950 T=0.0498
2026-04-28 19:16:10,511 INFO train_distributed it= 169 lr=1.58e-04 loss_world=1.0015 |∇|=2.80e+00 γ=0.949 T=0.0498
2026-04-28 19:16:21,416 INFO train_distributed it= 179 lr=1.27e-04 loss_world=1.0303 |∇|=4.33e+00 γ=0.948 T=0.0498
2026-04-28 19:16:32,323 INFO train_distributed it= 189 lr=1.07e-04 loss_world=0.9842 |∇|=2.90e+00 γ=0.947 T=0.0498
2026-04-28 19:16:43,233 INFO train_distributed it= 199 lr=1.00e-04 loss_world=0.9908 |∇|=4.36e+00 γ=0.946 T=0.0498
2026-04-28 19:16:43,238 INFO train_distributed training finished in 219.3s (200 iters, world_size=1)
2026-04-28 19:16:43,238 INFO train_distributed [rank 0] peak HBM: alloc=7.09 GB, reserved=7.48 GB
2026-04-28 19:16:43,241 INFO train_distributed [rank 0] wrote experiments/041_arch_tier_2_2_multitimescale/results_t22_multitimescale_seed6/training_log.json
