2026-04-29 17:06:28,914 INFO train_distributed [dist] rank=0 world_size=1 local_rank=0 cuda_available=True
2026-04-29 17:06:28,958 INFO train_distributed loaded 2,841 returns for spx/2015-2026_daily
2026-04-29 17:06:28,965 INFO train_distributed targets: acf_sq=0.342 leverage_sum=-0.790 hill_alpha=2.68
2026-04-29 17:06:32,033 INFO train_distributed EcoMDSimulator built: 41381 parameters (device=cuda:0)
2026-04-29 17:06:35,765 INFO train_distributed it=   0 lr=1.00e-04 loss_world=9.7314 |∇|=1.27e+03 γ=1.000 T=0.0500
2026-04-29 17:06:57,937 INFO train_distributed it=   9 lr=1.00e-03 loss_world=56.0681 |∇|=9.29e+04 γ=0.997 T=0.0502
2026-04-29 17:07:22,570 INFO train_distributed it=  19 lr=9.95e-04 loss_world=2.3378 |∇|=3.32e+01 γ=0.993 T=0.0504
2026-04-29 17:07:47,201 INFO train_distributed it=  29 lr=9.78e-04 loss_world=1.9033 |∇|=5.02e+01 γ=0.990 T=0.0507
2026-04-29 17:08:11,832 INFO train_distributed it=  39 lr=9.49e-04 loss_world=4.5078 |∇|=3.20e+03 γ=0.989 T=0.0509
2026-04-29 17:08:36,459 INFO train_distributed it=  49 lr=9.10e-04 loss_world=2.0405 |∇|=9.64e+01 γ=0.988 T=0.0511
2026-04-29 17:09:01,081 INFO train_distributed it=  59 lr=8.60e-04 loss_world=1.7546 |∇|=3.31e+02 γ=0.986 T=0.0513
2026-04-29 17:09:25,695 INFO train_distributed it=  69 lr=8.02e-04 loss_world=1.1754 |∇|=5.16e+02 γ=0.984 T=0.0515
2026-04-29 17:09:50,304 INFO train_distributed it=  79 lr=7.38e-04 loss_world=1.5805 |∇|=1.14e+02 γ=0.984 T=0.0517
2026-04-29 17:10:14,922 INFO train_distributed it=  89 lr=6.68e-04 loss_world=1.1669 |∇|=1.15e+02 γ=0.983 T=0.0519
2026-04-29 17:10:39,536 INFO train_distributed it=  99 lr=5.95e-04 loss_world=1.8809 |∇|=9.19e+02 γ=0.982 T=0.0521
2026-04-29 17:11:04,148 INFO train_distributed it= 109 lr=5.20e-04 loss_world=1.1746 |∇|=3.12e+02 γ=0.982 T=0.0522
2026-04-29 17:11:28,758 INFO train_distributed it= 119 lr=4.47e-04 loss_world=5.4585 |∇|=3.42e+03 γ=0.982 T=0.0523
2026-04-29 17:11:53,370 INFO train_distributed it= 129 lr=3.76e-04 loss_world=0.7483 |∇|=4.62e+02 γ=0.981 T=0.0523
2026-04-29 17:12:17,979 INFO train_distributed it= 139 lr=3.10e-04 loss_world=0.9559 |∇|=4.96e+02 γ=0.981 T=0.0524
2026-04-29 17:12:42,589 INFO train_distributed it= 149 lr=2.51e-04 loss_world=1.2433 |∇|=7.70e+02 γ=0.981 T=0.0524
2026-04-29 17:13:07,200 INFO train_distributed it= 159 lr=2.00e-04 loss_world=1.6350 |∇|=6.66e+02 γ=0.981 T=0.0524
2026-04-29 17:13:31,818 INFO train_distributed it= 169 lr=1.58e-04 loss_world=2.3004 |∇|=5.29e+02 γ=0.982 T=0.0524
2026-04-29 17:13:56,431 INFO train_distributed it= 179 lr=1.27e-04 loss_world=1.0653 |∇|=1.32e+03 γ=0.982 T=0.0524
2026-04-29 17:14:21,052 INFO train_distributed it= 189 lr=1.07e-04 loss_world=0.8241 |∇|=1.47e+02 γ=0.982 T=0.0524
2026-04-29 17:14:45,661 INFO train_distributed it= 199 lr=1.00e-04 loss_world=1.6486 |∇|=9.10e+02 γ=0.982 T=0.0524
2026-04-29 17:14:45,668 INFO train_distributed training finished in 493.6s (200 iters, world_size=1)
2026-04-29 17:14:45,668 INFO train_distributed [rank 0] peak HBM: alloc=11.50 GB, reserved=11.67 GB
2026-04-29 17:14:45,671 INFO train_distributed [rank 0] wrote experiments/047_arch_tier_4_2_dyngraph/results_t42_dyngraph_no_u_seed2/training_log.json
