2026-04-29 11:52:21,171 INFO train_distributed [dist] rank=0 world_size=1 local_rank=0 cuda_available=True
2026-04-29 11:52:21,213 INFO train_distributed loaded 2,841 returns for spx/2015-2026_daily
2026-04-29 11:52:21,221 INFO train_distributed targets: acf_sq=0.342 leverage_sum=-0.790 hill_alpha=2.68
2026-04-29 11:52:23,436 INFO train_distributed EcoMDSimulator built: 40997 parameters (device=cuda:0)
2026-04-29 11:52:26,158 INFO train_distributed it=   0 lr=1.00e-04 loss_world=2.2079 |∇|=4.87e+02 γ=1.000 T=0.0500
2026-04-29 11:52:38,864 INFO train_distributed it=   9 lr=1.00e-03 loss_world=1.9875 |∇|=4.21e+01 γ=0.998 T=0.0499
2026-04-29 11:52:53,041 INFO train_distributed it=  19 lr=9.95e-04 loss_world=0.9739 |∇|=7.62e+01 γ=0.997 T=0.0500
2026-04-29 11:53:07,199 INFO train_distributed it=  29 lr=9.78e-04 loss_world=3.2683 |∇|=6.00e+02 γ=0.996 T=0.0501
2026-04-29 11:53:21,362 INFO train_distributed it=  39 lr=9.49e-04 loss_world=0.7147 |∇|=8.74e+02 γ=0.992 T=0.0501
2026-04-29 11:53:35,511 INFO train_distributed it=  49 lr=9.10e-04 loss_world=1.8915 |∇|=1.61e+03 γ=0.985 T=0.0502
2026-04-29 11:53:49,650 INFO train_distributed it=  59 lr=8.60e-04 loss_world=1.6060 |∇|=2.37e+02 γ=0.983 T=0.0502
2026-04-29 11:54:03,797 INFO train_distributed it=  69 lr=8.02e-04 loss_world=1.4627 |∇|=2.86e+02 γ=0.982 T=0.0502
2026-04-29 11:54:17,939 INFO train_distributed it=  79 lr=7.38e-04 loss_world=4.5859 |∇|=1.71e+03 γ=0.981 T=0.0501
2026-04-29 11:54:32,070 INFO train_distributed it=  89 lr=6.68e-04 loss_world=5.2765 |∇|=9.95e+02 γ=0.981 T=0.0501
2026-04-29 11:54:46,211 INFO train_distributed it=  99 lr=5.95e-04 loss_world=0.7327 |∇|=2.27e+03 γ=0.981 T=0.0501
2026-04-29 11:55:00,354 INFO train_distributed it= 109 lr=5.20e-04 loss_world=4.7585 |∇|=9.61e+02 γ=0.981 T=0.0501
2026-04-29 11:55:14,492 INFO train_distributed it= 119 lr=4.47e-04 loss_world=8.3813 |∇|=1.72e+03 γ=0.982 T=0.0502
2026-04-29 11:55:28,624 INFO train_distributed it= 129 lr=3.76e-04 loss_world=1.3817 |∇|=4.28e+02 γ=0.983 T=0.0502
2026-04-29 11:55:42,765 INFO train_distributed it= 139 lr=3.10e-04 loss_world=1.3693 |∇|=3.02e+02 γ=0.984 T=0.0502
2026-04-29 11:55:56,907 INFO train_distributed it= 149 lr=2.51e-04 loss_world=0.7023 |∇|=6.81e+02 γ=0.984 T=0.0502
2026-04-29 11:56:11,049 INFO train_distributed it= 159 lr=2.00e-04 loss_world=1.2726 |∇|=2.88e+02 γ=0.985 T=0.0502
2026-04-29 11:56:25,178 INFO train_distributed it= 169 lr=1.58e-04 loss_world=0.9027 |∇|=6.13e+02 γ=0.985 T=0.0502
2026-04-29 11:56:39,316 INFO train_distributed it= 179 lr=1.27e-04 loss_world=0.9779 |∇|=4.58e+02 γ=0.985 T=0.0502
2026-04-29 11:56:53,440 INFO train_distributed it= 189 lr=1.07e-04 loss_world=2.1459 |∇|=3.23e+03 γ=0.985 T=0.0502
2026-04-29 11:57:07,566 INFO train_distributed it= 199 lr=1.00e-04 loss_world=0.9115 |∇|=2.03e+03 γ=0.985 T=0.0502
2026-04-29 11:57:07,571 INFO train_distributed training finished in 284.1s (200 iters, world_size=1)
2026-04-29 11:57:07,571 INFO train_distributed [rank 0] peak HBM: alloc=9.15 GB, reserved=9.70 GB
2026-04-29 11:57:07,574 INFO train_distributed [rank 0] wrote experiments/047_arch_tier_4_2_dyngraph/results_t42_dyngraph_no_u_seed2/training_log.json
