═══ PHASE RUN — Tue Apr 28 08:00:11 PM CST 2026 ═══
  CONFIG_DIR=experiments/044_arch_all_stacked NPROC=1 PARALLEL=8 SKIP_DONE=1
  Configs: 10

═ TRAIN stack_no_isab_seed0 (card 0) ═ 20:00:11

═ TRAIN stack_no_isab_seed1 (card 1) ═ 20:00:11

═ TRAIN stack_no_isab_seed2 (card 2) ═ 20:00:11

═ TRAIN stack_no_isab_seed3 (card 3) ═ 20:00:11

═ TRAIN stack_no_isab_seed4 (card 4) ═ 20:00:11

═ TRAIN stack_with_isab_seed0 (card 5) ═ 20:00:11

═ TRAIN stack_with_isab_seed1 (card 6) ═ 20:00:11

═ TRAIN stack_with_isab_seed2 (card 7) ═ 20:00:11
2026-04-28 20:00:16,316 INFO train_distributed [dist] rank=0 world_size=1 local_rank=0 cuda_available=True
2026-04-28 20:00:16,362 INFO train_distributed loaded 2,841 returns for spx/2015-2026_daily
2026-04-28 20:00:16,382 INFO train_distributed targets: acf_sq=0.342 leverage_sum=-0.790 hill_alpha=2.68
2026-04-28 20:00:16,804 INFO train_distributed [dist] rank=0 world_size=1 local_rank=0 cuda_available=True
2026-04-28 20:00:16,848 INFO train_distributed loaded 2,841 returns for spx/2015-2026_daily
2026-04-28 20:00:16,856 INFO train_distributed targets: acf_sq=0.342 leverage_sum=-0.790 hill_alpha=2.68
2026-04-28 20:00:17,122 INFO train_distributed [dist] rank=0 world_size=1 local_rank=0 cuda_available=True
2026-04-28 20:00:17,168 INFO train_distributed loaded 2,841 returns for spx/2015-2026_daily
2026-04-28 20:00:17,177 INFO train_distributed targets: acf_sq=0.342 leverage_sum=-0.790 hill_alpha=2.68
2026-04-28 20:00:17,456 INFO train_distributed [dist] rank=0 world_size=1 local_rank=0 cuda_available=True
2026-04-28 20:00:17,500 INFO train_distributed loaded 2,841 returns for spx/2015-2026_daily
2026-04-28 20:00:17,508 INFO train_distributed targets: acf_sq=0.342 leverage_sum=-0.790 hill_alpha=2.68
2026-04-28 20:00:17,809 INFO train_distributed [dist] rank=0 world_size=1 local_rank=0 cuda_available=True
2026-04-28 20:00:17,854 INFO train_distributed loaded 2,841 returns for spx/2015-2026_daily
2026-04-28 20:00:17,861 INFO train_distributed targets: acf_sq=0.342 leverage_sum=-0.790 hill_alpha=2.68
2026-04-28 20:00:18,313 INFO train_distributed [dist] rank=0 world_size=1 local_rank=0 cuda_available=True
2026-04-28 20:00:18,358 INFO train_distributed loaded 2,841 returns for spx/2015-2026_daily
2026-04-28 20:00:18,366 INFO train_distributed targets: acf_sq=0.342 leverage_sum=-0.790 hill_alpha=2.68
2026-04-28 20:00:18,606 INFO train_distributed [dist] rank=0 world_size=1 local_rank=0 cuda_available=True
2026-04-28 20:00:18,651 INFO train_distributed loaded 2,841 returns for spx/2015-2026_daily
2026-04-28 20:00:18,659 INFO train_distributed targets: acf_sq=0.342 leverage_sum=-0.790 hill_alpha=2.68
2026-04-28 20:00:19,111 INFO train_distributed [dist] rank=0 world_size=1 local_rank=0 cuda_available=True
2026-04-28 20:00:19,155 INFO train_distributed loaded 2,841 returns for spx/2015-2026_daily
2026-04-28 20:00:19,163 INFO train_distributed targets: acf_sq=0.342 leverage_sum=-0.790 hill_alpha=2.68
2026-04-28 20:00:19,928 INFO train_distributed EcoMDSimulator built: 108136 parameters (device=cuda:0)
2026-04-28 20:00:19,952 INFO train_distributed EcoMDSimulator built: 36055 parameters (device=cuda:0)
2026-04-28 20:00:19,952 INFO train_distributed EcoMDSimulator built: 36055 parameters (device=cuda:0)
2026-04-28 20:00:19,976 INFO train_distributed EcoMDSimulator built: 36055 parameters (device=cuda:0)
2026-04-28 20:00:19,976 INFO train_distributed EcoMDSimulator built: 36055 parameters (device=cuda:0)
2026-04-28 20:00:19,976 INFO train_distributed EcoMDSimulator built: 108136 parameters (device=cuda:0)
2026-04-28 20:00:19,976 INFO train_distributed EcoMDSimulator built: 108136 parameters (device=cuda:0)
2026-04-28 20:00:20,088 INFO train_distributed EcoMDSimulator built: 36055 parameters (device=cuda:0)
2026-04-28 20:00:21,477 INFO train_distributed it=   0 lr=1.00e-04 loss_world=1.0473 |∇|=5.00e+00 γ=1.000 T=0.0500
2026-04-28 20:00:21,555 INFO train_distributed it=   0 lr=1.00e-04 loss_world=1.1343 |∇|=1.30e+00 γ=1.000 T=0.0500
2026-04-28 20:00:21,557 INFO train_distributed it=   0 lr=1.00e-04 loss_world=0.6063 |∇|=8.82e+00 γ=1.000 T=0.0500
2026-04-28 20:00:23,745 INFO train_distributed it=   0 lr=1.00e-04 loss_world=1.1279 |∇|=2.32e+05 γ=1.000 T=0.0500
2026-04-28 20:00:23,750 INFO train_distributed it=   0 lr=1.00e-04 loss_world=2.1306 |∇|=3.63e+00 γ=1.000 T=0.0500
2026-04-28 20:00:23,750 INFO train_distributed it=   0 lr=1.00e-04 loss_world=1.7073 |∇|=1.69e+02 γ=1.000 T=0.0500
2026-04-28 20:00:23,764 INFO train_distributed it=   0 lr=1.00e-04 loss_world=1.9203 |∇|=7.46e+10 γ=1.000 T=0.0500
2026-04-28 20:00:23,829 INFO train_distributed it=   0 lr=1.00e-04 loss_world=1.7561 |∇|=4.03e+08 γ=1.000 T=0.0500
2026-04-28 20:00:24,362 INFO train_distributed it=   9 lr=1.00e-03 loss_world=0.5687 |∇|=1.26e+00 γ=1.000 T=0.0499
2026-04-28 20:00:24,401 INFO train_distributed it=   9 lr=1.00e-03 loss_world=0.6086 |∇|=5.36e+00 γ=1.000 T=0.0501
2026-04-28 20:00:24,402 INFO train_distributed it=   9 lr=1.00e-03 loss_world=0.8168 |∇|=5.44e+00 γ=1.002 T=0.0500
2026-04-28 20:00:27,560 INFO train_distributed it=  19 lr=9.95e-04 loss_world=0.9126 |∇|=2.69e+00 γ=1.006 T=0.0503
2026-04-28 20:00:27,574 INFO train_distributed it=  19 lr=9.95e-04 loss_world=1.5158 |∇|=7.53e-01 γ=1.001 T=0.0500
2026-04-28 20:00:27,674 INFO train_distributed it=  19 lr=9.95e-04 loss_world=1.4054 |∇|=1.87e-01 γ=1.002 T=0.0499
2026-04-28 20:00:30,716 INFO train_distributed it=  29 lr=9.78e-04 loss_world=0.5897 |∇|=2.20e+01 γ=1.007 T=0.0505
2026-04-28 20:00:30,744 INFO train_distributed it=  29 lr=9.78e-04 loss_world=1.5261 |∇|=5.07e-01 γ=0.999 T=0.0498
2026-04-28 20:00:30,962 INFO train_distributed it=  29 lr=9.78e-04 loss_world=0.6431 |∇|=1.32e+00 γ=1.004 T=0.0499
2026-04-28 20:00:33,866 INFO train_distributed it=  39 lr=9.49e-04 loss_world=0.8550 |∇|=9.84e-01 γ=1.011 T=0.0506
2026-04-28 20:00:33,917 INFO train_distributed it=  39 lr=9.49e-04 loss_world=1.0136 |∇|=1.10e+00 γ=1.000 T=0.0500
2026-04-28 20:00:34,181 INFO train_distributed it=  39 lr=9.49e-04 loss_world=0.7808 |∇|=7.14e-01 γ=1.004 T=0.0498
2026-04-28 20:00:37,114 INFO train_distributed it=  49 lr=9.10e-04 loss_world=0.8311 |∇|=6.87e+00 γ=1.013 T=0.0507
2026-04-28 20:00:37,126 INFO train_distributed it=  49 lr=9.10e-04 loss_world=1.0050 |∇|=7.17e+01 γ=1.002 T=0.0500
2026-04-28 20:00:37,425 INFO train_distributed it=  49 lr=9.10e-04 loss_world=1.1251 |∇|=1.70e+00 γ=1.005 T=0.0498
2026-04-28 20:00:40,264 INFO train_distributed it=  59 lr=8.60e-04 loss_world=0.8088 |∇|=3.50e+00 γ=1.011 T=0.0505
2026-04-28 20:00:40,289 INFO train_distributed it=  59 lr=8.60e-04 loss_world=0.9448 |∇|=4.86e+00 γ=1.003 T=0.0500
2026-04-28 20:00:40,769 INFO train_distributed it=  59 lr=8.60e-04 loss_world=1.1605 |∇|=3.45e+01 γ=1.009 T=0.0498
2026-04-28 20:00:43,424 INFO train_distributed it=  69 lr=8.02e-04 loss_world=0.9121 |∇|=2.68e+00 γ=1.011 T=0.0505
2026-04-28 20:00:43,456 INFO train_distributed it=  69 lr=8.02e-04 loss_world=1.5893 |∇|=1.91e+00 γ=1.003 T=0.0500
2026-04-28 20:00:43,977 INFO train_distributed it=  69 lr=8.02e-04 loss_world=0.9759 |∇|=1.44e+00 γ=1.010 T=0.0499
2026-04-28 20:00:45,904 INFO train_distributed it=   9 lr=1.00e-03 loss_world=nan |∇|=nan γ=nan T=nan
2026-04-28 20:00:45,915 INFO train_distributed it=   9 lr=1.00e-03 loss_world=nan |∇|=nan γ=nan T=nan
2026-04-28 20:00:45,940 INFO train_distributed it=   9 lr=1.00e-03 loss_world=nan |∇|=nan γ=nan T=nan
2026-04-28 20:00:45,948 INFO train_distributed it=   9 lr=1.00e-03 loss_world=nan |∇|=nan γ=nan T=nan
2026-04-28 20:00:46,015 INFO train_distributed it=   9 lr=1.00e-03 loss_world=nan |∇|=nan γ=nan T=nan
2026-04-28 20:00:46,581 INFO train_distributed it=  79 lr=7.38e-04 loss_world=1.0041 |∇|=2.96e+00 γ=1.013 T=0.0505
2026-04-28 20:00:46,680 INFO train_distributed it=  79 lr=7.38e-04 loss_world=1.9180 |∇|=1.67e+00 γ=1.004 T=0.0500
2026-04-28 20:00:47,206 INFO train_distributed it=  79 lr=7.38e-04 loss_world=1.3920 |∇|=1.46e+01 γ=1.014 T=0.0498
2026-04-28 20:00:49,744 INFO train_distributed it=  89 lr=6.68e-04 loss_world=1.0960 |∇|=9.10e+00 γ=1.014 T=0.0505
2026-04-28 20:00:49,865 INFO train_distributed it=  89 lr=6.68e-04 loss_world=0.9932 |∇|=2.10e+00 γ=1.004 T=0.0500
2026-04-28 20:00:50,444 INFO train_distributed it=  89 lr=6.68e-04 loss_world=0.8534 |∇|=2.34e+00 γ=1.017 T=0.0499
2026-04-28 20:00:52,899 INFO train_distributed it=  99 lr=5.95e-04 loss_world=0.7915 |∇|=3.21e-01 γ=1.016 T=0.0507
2026-04-28 20:00:53,030 INFO train_distributed it=  99 lr=5.95e-04 loss_world=0.8296 |∇|=3.15e+00 γ=1.004 T=0.0500
2026-04-28 20:00:53,658 INFO train_distributed it=  99 lr=5.95e-04 loss_world=0.9473 |∇|=1.10e+00 γ=1.019 T=0.0499
2026-04-28 20:00:56,061 INFO train_distributed it= 109 lr=5.20e-04 loss_world=0.7846 |∇|=3.01e+00 γ=1.016 T=0.0506
2026-04-28 20:00:56,187 INFO train_distributed it= 109 lr=5.20e-04 loss_world=1.0101 |∇|=1.27e+00 γ=1.004 T=0.0500
2026-04-28 20:00:56,878 INFO train_distributed it= 109 lr=5.20e-04 loss_world=1.1381 |∇|=1.06e+00 γ=1.019 T=0.0499
2026-04-28 20:00:59,209 INFO train_distributed it= 119 lr=4.47e-04 loss_world=1.2656 |∇|=1.48e+00 γ=1.014 T=0.0505
2026-04-28 20:00:59,340 INFO train_distributed it= 119 lr=4.47e-04 loss_world=1.1086 |∇|=1.36e+00 γ=1.004 T=0.0500
2026-04-28 20:01:00,100 INFO train_distributed it= 119 lr=4.47e-04 loss_world=0.9546 |∇|=4.79e+00 γ=1.020 T=0.0499
2026-04-28 20:01:02,358 INFO train_distributed it= 129 lr=3.76e-04 loss_world=0.7429 |∇|=2.99e+00 γ=1.014 T=0.0505
2026-04-28 20:01:02,517 INFO train_distributed it= 129 lr=3.76e-04 loss_world=1.2246 |∇|=1.64e+00 γ=1.004 T=0.0500
2026-04-28 20:01:03,338 INFO train_distributed it= 129 lr=3.76e-04 loss_world=1.3064 |∇|=8.46e-01 γ=1.022 T=0.0499
2026-04-28 20:01:05,516 INFO train_distributed it= 139 lr=3.10e-04 loss_world=1.1228 |∇|=4.60e+00 γ=1.015 T=0.0506
2026-04-28 20:01:05,714 INFO train_distributed it= 139 lr=3.10e-04 loss_world=0.8806 |∇|=2.33e+00 γ=1.004 T=0.0500
2026-04-28 20:01:06,593 INFO train_distributed it= 139 lr=3.10e-04 loss_world=0.9791 |∇|=3.62e+00 γ=1.022 T=0.0499
2026-04-28 20:01:08,655 INFO train_distributed it= 149 lr=2.51e-04 loss_world=0.9162 |∇|=9.35e-01 γ=1.015 T=0.0506
2026-04-28 20:01:08,883 INFO train_distributed it= 149 lr=2.51e-04 loss_world=0.7195 |∇|=2.21e+00 γ=1.004 T=0.0500
2026-04-28 20:01:09,807 INFO train_distributed it= 149 lr=2.51e-04 loss_world=0.9738 |∇|=9.31e+00 γ=1.022 T=0.0499
2026-04-28 20:01:10,516 INFO train_distributed it=  19 lr=9.95e-04 loss_world=nan |∇|=nan γ=nan T=nan
2026-04-28 20:01:10,522 INFO train_distributed it=  19 lr=9.95e-04 loss_world=nan |∇|=nan γ=nan T=nan
2026-04-28 20:01:10,575 INFO train_distributed it=  19 lr=9.95e-04 loss_world=nan |∇|=nan γ=nan T=nan
2026-04-28 20:01:10,603 INFO train_distributed it=  19 lr=9.95e-04 loss_world=nan |∇|=nan γ=nan T=nan
2026-04-28 20:01:10,653 INFO train_distributed it=  19 lr=9.95e-04 loss_world=nan |∇|=nan γ=nan T=nan
2026-04-28 20:01:11,791 INFO train_distributed it= 159 lr=2.00e-04 loss_world=1.2627 |∇|=1.66e+00 γ=1.016 T=0.0507
2026-04-28 20:01:12,041 INFO train_distributed it= 159 lr=2.00e-04 loss_world=0.8276 |∇|=3.43e+00 γ=1.004 T=0.0500
2026-04-28 20:01:13,024 INFO train_distributed it= 159 lr=2.00e-04 loss_world=1.0602 |∇|=1.49e+00 γ=1.022 T=0.0498
2026-04-28 20:01:14,923 INFO train_distributed it= 169 lr=1.58e-04 loss_world=1.0361 |∇|=1.48e+00 γ=1.016 T=0.0507
2026-04-28 20:01:15,192 INFO train_distributed it= 169 lr=1.58e-04 loss_world=1.0122 |∇|=2.33e+00 γ=1.004 T=0.0501
2026-04-28 20:01:16,250 INFO train_distributed it= 169 lr=1.58e-04 loss_world=0.6238 |∇|=2.97e+00 γ=1.022 T=0.0498
2026-04-28 20:01:18,060 INFO train_distributed it= 179 lr=1.27e-04 loss_world=0.9963 |∇|=3.07e+00 γ=1.015 T=0.0506
2026-04-28 20:01:18,331 INFO train_distributed it= 179 lr=1.27e-04 loss_world=1.1064 |∇|=1.00e+01 γ=1.005 T=0.0501
2026-04-28 20:01:19,480 INFO train_distributed it= 179 lr=1.27e-04 loss_world=1.2185 |∇|=8.56e+00 γ=1.021 T=0.0498
2026-04-28 20:01:21,201 INFO train_distributed it= 189 lr=1.07e-04 loss_world=1.4186 |∇|=3.73e+00 γ=1.015 T=0.0506
2026-04-28 20:01:21,476 INFO train_distributed it= 189 lr=1.07e-04 loss_world=1.2130 |∇|=3.61e+00 γ=1.004 T=0.0501
2026-04-28 20:01:22,702 INFO train_distributed it= 189 lr=1.07e-04 loss_world=0.7778 |∇|=1.88e+00 γ=1.021 T=0.0498
2026-04-28 20:01:24,338 INFO train_distributed it= 199 lr=1.00e-04 loss_world=0.9434 |∇|=2.05e+00 γ=1.015 T=0.0506
2026-04-28 20:01:24,346 INFO train_distributed training finished in 64.4s (200 iters, world_size=1)
2026-04-28 20:01:24,346 INFO train_distributed [rank 0] peak HBM: alloc=0.61 GB, reserved=0.82 GB
2026-04-28 20:01:24,349 INFO train_distributed [rank 0] wrote experiments/044_arch_all_stacked/results_stack_with_isab_seed1/training_log.json
2026-04-28 20:01:24,631 INFO train_distributed it= 199 lr=1.00e-04 loss_world=1.5688 |∇|=4.84e+00 γ=1.004 T=0.0501
2026-04-28 20:01:24,640 INFO train_distributed training finished in 64.7s (200 iters, world_size=1)
2026-04-28 20:01:24,640 INFO train_distributed [rank 0] peak HBM: alloc=0.61 GB, reserved=0.82 GB
2026-04-28 20:01:24,643 INFO train_distributed [rank 0] wrote experiments/044_arch_all_stacked/results_stack_with_isab_seed0/training_log.json
  ✓ stack_with_isab_seed1 74s (card 6)

═ TRAIN stack_with_isab_seed3 (card 0) ═ 20:01:25
  ✓ stack_with_isab_seed0 74s (card 5)

═ TRAIN stack_with_isab_seed4 (card 1) ═ 20:01:25
2026-04-28 20:01:25,925 INFO train_distributed it= 199 lr=1.00e-04 loss_world=1.0395 |∇|=4.35e+00 γ=1.021 T=0.0498
2026-04-28 20:01:25,933 INFO train_distributed training finished in 66.0s (200 iters, world_size=1)
2026-04-28 20:01:25,933 INFO train_distributed [rank 0] peak HBM: alloc=0.61 GB, reserved=0.82 GB
2026-04-28 20:01:25,936 INFO train_distributed [rank 0] wrote experiments/044_arch_all_stacked/results_stack_with_isab_seed2/training_log.json
  ✓ stack_with_isab_seed2 75s (card 7)
2026-04-28 20:01:28,811 INFO train_distributed [dist] rank=0 world_size=1 local_rank=0 cuda_available=True
2026-04-28 20:01:28,815 INFO train_distributed [dist] rank=0 world_size=1 local_rank=0 cuda_available=True
2026-04-28 20:01:28,857 INFO train_distributed loaded 2,841 returns for spx/2015-2026_daily
2026-04-28 20:01:28,858 INFO train_distributed loaded 2,841 returns for spx/2015-2026_daily
2026-04-28 20:01:28,875 INFO train_distributed targets: acf_sq=0.342 leverage_sum=-0.790 hill_alpha=2.68
2026-04-28 20:01:28,877 INFO train_distributed targets: acf_sq=0.342 leverage_sum=-0.790 hill_alpha=2.68
2026-04-28 20:01:29,486 INFO train_distributed EcoMDSimulator built: 108136 parameters (device=cuda:0)
2026-04-28 20:01:29,491 INFO train_distributed EcoMDSimulator built: 108136 parameters (device=cuda:0)
2026-04-28 20:01:31,259 INFO train_distributed it=   0 lr=1.00e-04 loss_world=1.4145 |∇|=3.66e+00 γ=1.000 T=0.0500
2026-04-28 20:01:31,267 INFO train_distributed it=   0 lr=1.00e-04 loss_world=0.9887 |∇|=3.05e+00 γ=1.000 T=0.0500
2026-04-28 20:01:35,121 INFO train_distributed it=  29 lr=9.78e-04 loss_world=nan |∇|=nan γ=nan T=nan
2026-04-28 20:01:35,138 INFO train_distributed it=  29 lr=9.78e-04 loss_world=nan |∇|=nan γ=nan T=nan
2026-04-28 20:01:35,220 INFO train_distributed it=  29 lr=9.78e-04 loss_world=nan |∇|=nan γ=nan T=nan
2026-04-28 20:01:35,858 INFO train_distributed it=   9 lr=1.00e-03 loss_world=0.8996 |∇|=1.55e+00 γ=0.999 T=0.0501
2026-04-28 20:01:35,893 INFO train_distributed it=   9 lr=1.00e-03 loss_world=0.7134 |∇|=9.64e+00 γ=0.999 T=0.0499
2026-04-28 20:01:39,728 INFO train_distributed it=  29 lr=9.78e-04 loss_world=nan |∇|=nan γ=nan T=nan
2026-04-28 20:01:39,762 INFO train_distributed it=  29 lr=9.78e-04 loss_world=nan |∇|=nan γ=nan T=nan
2026-04-28 20:01:41,034 INFO train_distributed it=  19 lr=9.95e-04 loss_world=1.4137 |∇|=3.24e+00 γ=0.998 T=0.0498
2026-04-28 20:01:41,038 INFO train_distributed it=  19 lr=9.95e-04 loss_world=1.2885 |∇|=6.93e+00 γ=1.000 T=0.0501
2026-04-28 20:01:46,127 INFO train_distributed it=  29 lr=9.78e-04 loss_world=0.7840 |∇|=2.24e+00 γ=1.002 T=0.0502
2026-04-28 20:01:46,150 INFO train_distributed it=  29 lr=9.78e-04 loss_world=0.8907 |∇|=2.28e+00 γ=1.002 T=0.0500
2026-04-28 20:01:51,229 INFO train_distributed it=  39 lr=9.49e-04 loss_world=1.0171 |∇|=9.80e-01 γ=1.002 T=0.0503
2026-04-28 20:01:51,272 INFO train_distributed it=  39 lr=9.49e-04 loss_world=1.6969 |∇|=2.98e-01 γ=1.003 T=0.0500
2026-04-28 20:01:56,323 INFO train_distributed it=  49 lr=9.10e-04 loss_world=0.6777 |∇|=3.49e+00 γ=1.003 T=0.0502
2026-04-28 20:01:56,390 INFO train_distributed it=  49 lr=9.10e-04 loss_world=0.6874 |∇|=7.79e-01 γ=1.007 T=0.0501
2026-04-28 20:01:59,735 INFO train_distributed it=  39 lr=9.49e-04 loss_world=nan |∇|=nan γ=nan T=nan
2026-04-28 20:01:59,747 INFO train_distributed it=  39 lr=9.49e-04 loss_world=nan |∇|=nan γ=nan T=nan
2026-04-28 20:01:59,860 INFO train_distributed it=  39 lr=9.49e-04 loss_world=nan |∇|=nan γ=nan T=nan
2026-04-28 20:02:01,437 INFO train_distributed it=  59 lr=8.60e-04 loss_world=1.0397 |∇|=2.81e+00 γ=1.003 T=0.0502
2026-04-28 20:02:01,517 INFO train_distributed it=  59 lr=8.60e-04 loss_world=1.1141 |∇|=9.89e+00 γ=1.009 T=0.0501
2026-04-28 20:02:06,545 INFO train_distributed it=  69 lr=8.02e-04 loss_world=0.6293 |∇|=2.08e+00 γ=1.002 T=0.0501
2026-04-28 20:02:06,641 INFO train_distributed it=  69 lr=8.02e-04 loss_world=0.9708 |∇|=3.36e+00 γ=1.011 T=0.0501
2026-04-28 20:02:11,644 INFO train_distributed it=  79 lr=7.38e-04 loss_world=0.7318 |∇|=1.68e+00 γ=1.003 T=0.0500
2026-04-28 20:02:11,810 INFO train_distributed it=  79 lr=7.38e-04 loss_world=0.8821 |∇|=4.14e-01 γ=1.011 T=0.0501
2026-04-28 20:02:16,740 INFO train_distributed it=  89 lr=6.68e-04 loss_world=0.9647 |∇|=8.30e+00 γ=1.004 T=0.0500
2026-04-28 20:02:16,935 INFO train_distributed it=  89 lr=6.68e-04 loss_world=0.8372 |∇|=3.20e+00 γ=1.011 T=0.0500
2026-04-28 20:02:21,868 INFO train_distributed it=  99 lr=5.95e-04 loss_world=0.6678 |∇|=8.48e+00 γ=1.007 T=0.0501
2026-04-28 20:02:22,065 INFO train_distributed it=  99 lr=5.95e-04 loss_world=0.9400 |∇|=1.78e+00 γ=1.014 T=0.0501
2026-04-28 20:02:24,339 INFO train_distributed it=  49 lr=9.10e-04 loss_world=nan |∇|=nan γ=nan T=nan
2026-04-28 20:02:24,358 INFO train_distributed it=  49 lr=9.10e-04 loss_world=nan |∇|=nan γ=nan T=nan
2026-04-28 20:02:24,496 INFO train_distributed it=  49 lr=9.10e-04 loss_world=nan |∇|=nan γ=nan T=nan
2026-04-28 20:02:26,973 INFO train_distributed it= 109 lr=5.20e-04 loss_world=0.6756 |∇|=4.98e+00 γ=1.010 T=0.0501
2026-04-28 20:02:27,176 INFO train_distributed it= 109 lr=5.20e-04 loss_world=0.9814 |∇|=1.79e+00 γ=1.015 T=0.0502
2026-04-28 20:02:28,078 INFO train_distributed it=  39 lr=9.49e-04 loss_world=nan |∇|=nan γ=nan T=nan
2026-04-28 20:02:28,362 INFO train_distributed it=  39 lr=9.49e-04 loss_world=nan |∇|=nan γ=nan T=nan
2026-04-28 20:02:32,080 INFO train_distributed it= 119 lr=4.47e-04 loss_world=0.8445 |∇|=1.71e+00 γ=1.010 T=0.0501
2026-04-28 20:02:32,295 INFO train_distributed it= 119 lr=4.47e-04 loss_world=1.4432 |∇|=1.13e+00 γ=1.016 T=0.0501
2026-04-28 20:02:37,187 INFO train_distributed it= 129 lr=3.76e-04 loss_world=0.8776 |∇|=1.73e+00 γ=1.011 T=0.0501
2026-04-28 20:02:37,412 INFO train_distributed it= 129 lr=3.76e-04 loss_world=0.7481 |∇|=1.11e+00 γ=1.016 T=0.0501
2026-04-28 20:02:42,304 INFO train_distributed it= 139 lr=3.10e-04 loss_world=1.2393 |∇|=3.92e+00 γ=1.011 T=0.0500
2026-04-28 20:02:42,524 INFO train_distributed it= 139 lr=3.10e-04 loss_world=0.8051 |∇|=1.53e+00 γ=1.016 T=0.0501
2026-04-28 20:02:47,403 INFO train_distributed it= 149 lr=2.51e-04 loss_world=0.8549 |∇|=1.25e+00 γ=1.010 T=0.0500
2026-04-28 20:02:47,646 INFO train_distributed it= 149 lr=2.51e-04 loss_world=0.7758 |∇|=8.46e+00 γ=1.016 T=0.0501
2026-04-28 20:02:48,937 INFO train_distributed it=  59 lr=8.60e-04 loss_world=nan |∇|=nan γ=nan T=nan
2026-04-28 20:02:48,971 INFO train_distributed it=  59 lr=8.60e-04 loss_world=nan |∇|=nan γ=nan T=nan
2026-04-28 20:02:49,143 INFO train_distributed it=  59 lr=8.60e-04 loss_world=nan |∇|=nan γ=nan T=nan
2026-04-28 20:02:52,499 INFO train_distributed it= 159 lr=2.00e-04 loss_world=0.8177 |∇|=1.39e+00 γ=1.010 T=0.0500
2026-04-28 20:02:52,754 INFO train_distributed it= 159 lr=2.00e-04 loss_world=0.8456 |∇|=3.89e+00 γ=1.017 T=0.0501
2026-04-28 20:02:57,594 INFO train_distributed it= 169 lr=1.58e-04 loss_world=1.0789 |∇|=4.69e-01 γ=1.010 T=0.0500
2026-04-28 20:02:57,880 INFO train_distributed it= 169 lr=1.58e-04 loss_world=0.8946 |∇|=2.51e+01 γ=1.017 T=0.0501
2026-04-28 20:03:02,688 INFO train_distributed it= 179 lr=1.27e-04 loss_world=1.1504 |∇|=5.14e+00 γ=1.010 T=0.0500
2026-04-28 20:03:03,001 INFO train_distributed it= 179 lr=1.27e-04 loss_world=0.9214 |∇|=5.21e-01 γ=1.017 T=0.0501
2026-04-28 20:03:07,783 INFO train_distributed it= 189 lr=1.07e-04 loss_world=0.8044 |∇|=4.82e+00 γ=1.011 T=0.0500
2026-04-28 20:03:08,122 INFO train_distributed it= 189 lr=1.07e-04 loss_world=1.3444 |∇|=4.25e+00 γ=1.017 T=0.0501
2026-04-28 20:03:12,880 INFO train_distributed it= 199 lr=1.00e-04 loss_world=1.2494 |∇|=2.58e+00 γ=1.011 T=0.0500
2026-04-28 20:03:12,888 INFO train_distributed training finished in 103.4s (200 iters, world_size=1)
2026-04-28 20:03:12,888 INFO train_distributed [rank 0] peak HBM: alloc=0.61 GB, reserved=0.82 GB
2026-04-28 20:03:12,891 INFO train_distributed [rank 0] wrote experiments/044_arch_all_stacked/results_stack_with_isab_seed4/training_log.json
2026-04-28 20:03:13,235 INFO train_distributed it= 199 lr=1.00e-04 loss_world=0.8128 |∇|=3.16e+00 γ=1.017 T=0.0501
2026-04-28 20:03:13,244 INFO train_distributed training finished in 103.8s (200 iters, world_size=1)
2026-04-28 20:03:13,244 INFO train_distributed [rank 0] peak HBM: alloc=0.61 GB, reserved=0.82 GB
2026-04-28 20:03:13,247 INFO train_distributed [rank 0] wrote experiments/044_arch_all_stacked/results_stack_with_isab_seed3/training_log.json
2026-04-28 20:03:13,541 INFO train_distributed it=  69 lr=8.02e-04 loss_world=nan |∇|=nan γ=nan T=nan
2026-04-28 20:03:13,575 INFO train_distributed it=  69 lr=8.02e-04 loss_world=nan |∇|=nan γ=nan T=nan
2026-04-28 20:03:13,787 INFO train_distributed it=  69 lr=8.02e-04 loss_world=nan |∇|=nan γ=nan T=nan
  ✓ stack_with_isab_seed4 108s (card 1)
  ✓ stack_with_isab_seed3 109s (card 0)
2026-04-28 20:03:14,688 INFO train_distributed it=  49 lr=9.10e-04 loss_world=nan |∇|=nan γ=nan T=nan
2026-04-28 20:03:15,171 INFO train_distributed it=  49 lr=9.10e-04 loss_world=nan |∇|=nan γ=nan T=nan
2026-04-28 20:03:38,137 INFO train_distributed it=  79 lr=7.38e-04 loss_world=nan |∇|=nan γ=nan T=nan
2026-04-28 20:03:38,185 INFO train_distributed it=  79 lr=7.38e-04 loss_world=nan |∇|=nan γ=nan T=nan
2026-04-28 20:03:38,460 INFO train_distributed it=  79 lr=7.38e-04 loss_world=nan |∇|=nan γ=nan T=nan
2026-04-28 20:03:39,328 INFO train_distributed it=  59 lr=8.60e-04 loss_world=nan |∇|=nan γ=nan T=nan
2026-04-28 20:03:39,819 INFO train_distributed it=  59 lr=8.60e-04 loss_world=nan |∇|=nan γ=nan T=nan
2026-04-28 20:04:02,738 INFO train_distributed it=  89 lr=6.68e-04 loss_world=nan |∇|=nan γ=nan T=nan
2026-04-28 20:04:02,804 INFO train_distributed it=  89 lr=6.68e-04 loss_world=nan |∇|=nan γ=nan T=nan
2026-04-28 20:04:03,092 INFO train_distributed it=  89 lr=6.68e-04 loss_world=nan |∇|=nan γ=nan T=nan
2026-04-28 20:04:03,980 INFO train_distributed it=  69 lr=8.02e-04 loss_world=nan |∇|=nan γ=nan T=nan
2026-04-28 20:04:04,474 INFO train_distributed it=  69 lr=8.02e-04 loss_world=nan |∇|=nan γ=nan T=nan
2026-04-28 20:04:27,344 INFO train_distributed it=  99 lr=5.95e-04 loss_world=nan |∇|=nan γ=nan T=nan
2026-04-28 20:04:27,419 INFO train_distributed it=  99 lr=5.95e-04 loss_world=nan |∇|=nan γ=nan T=nan
2026-04-28 20:04:27,722 INFO train_distributed it=  99 lr=5.95e-04 loss_world=nan |∇|=nan γ=nan T=nan
2026-04-28 20:04:28,608 INFO train_distributed it=  79 lr=7.38e-04 loss_world=nan |∇|=nan γ=nan T=nan
2026-04-28 20:04:29,131 INFO train_distributed it=  79 lr=7.38e-04 loss_world=nan |∇|=nan γ=nan T=nan
2026-04-28 20:04:51,945 INFO train_distributed it= 109 lr=5.20e-04 loss_world=nan |∇|=nan γ=nan T=nan
2026-04-28 20:04:52,032 INFO train_distributed it= 109 lr=5.20e-04 loss_world=nan |∇|=nan γ=nan T=nan
2026-04-28 20:04:52,355 INFO train_distributed it= 109 lr=5.20e-04 loss_world=nan |∇|=nan γ=nan T=nan
2026-04-28 20:04:53,240 INFO train_distributed it=  89 lr=6.68e-04 loss_world=nan |∇|=nan γ=nan T=nan
2026-04-28 20:04:53,783 INFO train_distributed it=  89 lr=6.68e-04 loss_world=nan |∇|=nan γ=nan T=nan
2026-04-28 20:05:16,549 INFO train_distributed it= 119 lr=4.47e-04 loss_world=nan |∇|=nan γ=nan T=nan
2026-04-28 20:05:16,646 INFO train_distributed it= 119 lr=4.47e-04 loss_world=nan |∇|=nan γ=nan T=nan
2026-04-28 20:05:16,990 INFO train_distributed it= 119 lr=4.47e-04 loss_world=nan |∇|=nan γ=nan T=nan
2026-04-28 20:05:17,888 INFO train_distributed it=  99 lr=5.95e-04 loss_world=nan |∇|=nan γ=nan T=nan
2026-04-28 20:05:18,442 INFO train_distributed it=  99 lr=5.95e-04 loss_world=nan |∇|=nan γ=nan T=nan
2026-04-28 20:05:41,152 INFO train_distributed it= 129 lr=3.76e-04 loss_world=nan |∇|=nan γ=nan T=nan
2026-04-28 20:05:41,255 INFO train_distributed it= 129 lr=3.76e-04 loss_world=nan |∇|=nan γ=nan T=nan
2026-04-28 20:05:41,615 INFO train_distributed it= 129 lr=3.76e-04 loss_world=nan |∇|=nan γ=nan T=nan
2026-04-28 20:05:42,525 INFO train_distributed it= 109 lr=5.20e-04 loss_world=nan |∇|=nan γ=nan T=nan
2026-04-28 20:05:43,088 INFO train_distributed it= 109 lr=5.20e-04 loss_world=nan |∇|=nan γ=nan T=nan
2026-04-28 20:06:05,750 INFO train_distributed it= 139 lr=3.10e-04 loss_world=nan |∇|=nan γ=nan T=nan
2026-04-28 20:06:05,866 INFO train_distributed it= 139 lr=3.10e-04 loss_world=nan |∇|=nan γ=nan T=nan
2026-04-28 20:06:06,252 INFO train_distributed it= 139 lr=3.10e-04 loss_world=nan |∇|=nan γ=nan T=nan
2026-04-28 20:06:07,162 INFO train_distributed it= 119 lr=4.47e-04 loss_world=nan |∇|=nan γ=nan T=nan
2026-04-28 20:06:07,726 INFO train_distributed it= 119 lr=4.47e-04 loss_world=nan |∇|=nan γ=nan T=nan
2026-04-28 20:06:30,344 INFO train_distributed it= 149 lr=2.51e-04 loss_world=nan |∇|=nan γ=nan T=nan
2026-04-28 20:06:30,477 INFO train_distributed it= 149 lr=2.51e-04 loss_world=nan |∇|=nan γ=nan T=nan
2026-04-28 20:06:30,887 INFO train_distributed it= 149 lr=2.51e-04 loss_world=nan |∇|=nan γ=nan T=nan
2026-04-28 20:06:31,807 INFO train_distributed it= 129 lr=3.76e-04 loss_world=nan |∇|=nan γ=nan T=nan
2026-04-28 20:06:32,370 INFO train_distributed it= 129 lr=3.76e-04 loss_world=nan |∇|=nan γ=nan T=nan
2026-04-28 20:06:54,931 INFO train_distributed it= 159 lr=2.00e-04 loss_world=nan |∇|=nan γ=nan T=nan
2026-04-28 20:06:55,091 INFO train_distributed it= 159 lr=2.00e-04 loss_world=nan |∇|=nan γ=nan T=nan
2026-04-28 20:06:55,528 INFO train_distributed it= 159 lr=2.00e-04 loss_world=nan |∇|=nan γ=nan T=nan
2026-04-28 20:06:56,445 INFO train_distributed it= 139 lr=3.10e-04 loss_world=nan |∇|=nan γ=nan T=nan
2026-04-28 20:06:57,009 INFO train_distributed it= 139 lr=3.10e-04 loss_world=nan |∇|=nan γ=nan T=nan
2026-04-28 20:07:19,527 INFO train_distributed it= 169 lr=1.58e-04 loss_world=nan |∇|=nan γ=nan T=nan
2026-04-28 20:07:19,701 INFO train_distributed it= 169 lr=1.58e-04 loss_world=nan |∇|=nan γ=nan T=nan
2026-04-28 20:07:20,185 INFO train_distributed it= 169 lr=1.58e-04 loss_world=nan |∇|=nan γ=nan T=nan
2026-04-28 20:07:21,079 INFO train_distributed it= 149 lr=2.51e-04 loss_world=nan |∇|=nan γ=nan T=nan
2026-04-28 20:07:21,656 INFO train_distributed it= 149 lr=2.51e-04 loss_world=nan |∇|=nan γ=nan T=nan
2026-04-28 20:07:44,122 INFO train_distributed it= 179 lr=1.27e-04 loss_world=nan |∇|=nan γ=nan T=nan
2026-04-28 20:07:44,312 INFO train_distributed it= 179 lr=1.27e-04 loss_world=nan |∇|=nan γ=nan T=nan
2026-04-28 20:07:44,846 INFO train_distributed it= 179 lr=1.27e-04 loss_world=nan |∇|=nan γ=nan T=nan
2026-04-28 20:07:45,713 INFO train_distributed it= 159 lr=2.00e-04 loss_world=nan |∇|=nan γ=nan T=nan
2026-04-28 20:07:46,298 INFO train_distributed it= 159 lr=2.00e-04 loss_world=nan |∇|=nan γ=nan T=nan
2026-04-28 20:08:08,722 INFO train_distributed it= 189 lr=1.07e-04 loss_world=nan |∇|=nan γ=nan T=nan
2026-04-28 20:08:08,923 INFO train_distributed it= 189 lr=1.07e-04 loss_world=nan |∇|=nan γ=nan T=nan
2026-04-28 20:08:09,502 INFO train_distributed it= 189 lr=1.07e-04 loss_world=nan |∇|=nan γ=nan T=nan
2026-04-28 20:08:10,350 INFO train_distributed it= 169 lr=1.58e-04 loss_world=nan |∇|=nan γ=nan T=nan
2026-04-28 20:08:10,943 INFO train_distributed it= 169 lr=1.58e-04 loss_world=nan |∇|=nan γ=nan T=nan
2026-04-28 20:08:33,315 INFO train_distributed it= 199 lr=1.00e-04 loss_world=nan |∇|=nan γ=nan T=nan
2026-04-28 20:08:33,321 INFO train_distributed training finished in 493.3s (200 iters, world_size=1)
2026-04-28 20:08:33,321 INFO train_distributed [rank 0] peak HBM: alloc=7.78 GB, reserved=8.24 GB
2026-04-28 20:08:33,323 INFO train_distributed [rank 0] wrote experiments/044_arch_all_stacked/results_stack_no_isab_seed3/training_log.json
2026-04-28 20:08:33,529 INFO train_distributed it= 199 lr=1.00e-04 loss_world=nan |∇|=nan γ=nan T=nan
2026-04-28 20:08:33,534 INFO train_distributed training finished in 493.6s (200 iters, world_size=1)
2026-04-28 20:08:33,534 INFO train_distributed [rank 0] peak HBM: alloc=7.78 GB, reserved=8.24 GB
2026-04-28 20:08:33,536 INFO train_distributed [rank 0] wrote experiments/044_arch_all_stacked/results_stack_no_isab_seed4/training_log.json
2026-04-28 20:08:34,156 INFO train_distributed it= 199 lr=1.00e-04 loss_world=nan |∇|=nan γ=nan T=nan
2026-04-28 20:08:34,162 INFO train_distributed training finished in 494.2s (200 iters, world_size=1)
2026-04-28 20:08:34,162 INFO train_distributed [rank 0] peak HBM: alloc=7.78 GB, reserved=8.24 GB
2026-04-28 20:08:34,164 INFO train_distributed [rank 0] wrote experiments/044_arch_all_stacked/results_stack_no_isab_seed2/training_log.json
  ✓ stack_no_isab_seed3 503s (card 3)
  ✓ stack_no_isab_seed4 503s (card 4)
2026-04-28 20:08:34,992 INFO train_distributed it= 179 lr=1.27e-04 loss_world=nan |∇|=nan γ=nan T=nan
  ✓ stack_no_isab_seed2 504s (card 2)
2026-04-28 20:08:35,584 INFO train_distributed it= 179 lr=1.27e-04 loss_world=nan |∇|=nan γ=nan T=nan
2026-04-28 20:08:59,634 INFO train_distributed it= 189 lr=1.07e-04 loss_world=nan |∇|=nan γ=nan T=nan
2026-04-28 20:09:00,222 INFO train_distributed it= 189 lr=1.07e-04 loss_world=nan |∇|=nan γ=nan T=nan
2026-04-28 20:09:24,275 INFO train_distributed it= 199 lr=1.00e-04 loss_world=nan |∇|=nan γ=nan T=nan
2026-04-28 20:09:24,281 INFO train_distributed training finished in 544.2s (200 iters, world_size=1)
2026-04-28 20:09:24,281 INFO train_distributed [rank 0] peak HBM: alloc=7.78 GB, reserved=8.24 GB
2026-04-28 20:09:24,283 INFO train_distributed [rank 0] wrote experiments/044_arch_all_stacked/results_stack_no_isab_seed1/training_log.json
2026-04-28 20:09:24,876 INFO train_distributed it= 199 lr=1.00e-04 loss_world=nan |∇|=nan γ=nan T=nan
2026-04-28 20:09:24,882 INFO train_distributed training finished in 544.9s (200 iters, world_size=1)
2026-04-28 20:09:24,882 INFO train_distributed [rank 0] peak HBM: alloc=7.78 GB, reserved=8.24 GB
2026-04-28 20:09:24,884 INFO train_distributed [rank 0] wrote experiments/044_arch_all_stacked/results_stack_no_isab_seed0/training_log.json
  ✓ stack_no_isab_seed1 554s (card 1)
  ✓ stack_no_isab_seed0 554s (card 0)

═ EVAL  stack_no_isab_seed0 (card 0) ═ 20:09:25

═ EVAL  stack_no_isab_seed1 (card 1) ═ 20:09:25

═ EVAL  stack_no_isab_seed2 (card 2) ═ 20:09:25

═ EVAL  stack_no_isab_seed3 (card 3) ═ 20:09:25

═ EVAL  stack_no_isab_seed4 (card 4) ═ 20:09:25

═ EVAL  stack_with_isab_seed0 (card 5) ═ 20:09:25

═ EVAL  stack_with_isab_seed1 (card 6) ═ 20:09:25

═ EVAL  stack_with_isab_seed2 (card 7) ═ 20:09:25
2026-04-28 20:09:30,676 INFO inference_run_large [dist] world_size=1 cuda=True
2026-04-28 20:09:31,236 INFO inference_run_large [dist] world_size=1 cuda=True
2026-04-28 20:09:31,613 INFO inference_run_large [dist] world_size=1 cuda=True
2026-04-28 20:09:31,997 INFO inference_run_large [dist] world_size=1 cuda=True
2026-04-28 20:09:32,343 INFO inference_run_large [dist] world_size=1 cuda=True
2026-04-28 20:09:32,756 INFO inference_run_large [dist] world_size=1 cuda=True
2026-04-28 20:09:33,115 INFO inference_run_large [dist] world_size=1 cuda=True
2026-04-28 20:09:33,550 INFO inference_run_large [dist] world_size=1 cuda=True
2026-04-28 20:09:34,268 INFO inference_run_large loaded checkpoint iter=200 from /AI4S/Users/howardwang/h204/ecophys/experiments/044_arch_all_stacked/results_stack_no_isab_seed1/checkpoint.pt
2026-04-28 20:09:34,298 INFO inference_run_large loaded checkpoint iter=200 from /AI4S/Users/howardwang/h204/ecophys/experiments/044_arch_all_stacked/results_stack_no_isab_seed2/checkpoint.pt
2026-04-28 20:09:34,298 INFO inference_run_large loaded checkpoint iter=200 from /AI4S/Users/howardwang/h204/ecophys/experiments/044_arch_all_stacked/results_stack_with_isab_seed1/checkpoint.pt
2026-04-28 20:09:34,298 INFO inference_run_large loaded checkpoint iter=200 from /AI4S/Users/howardwang/h204/ecophys/experiments/044_arch_all_stacked/results_stack_no_isab_seed3/checkpoint.pt
2026-04-28 20:09:34,298 INFO inference_run_large loaded checkpoint iter=200 from /AI4S/Users/howardwang/h204/ecophys/experiments/044_arch_all_stacked/results_stack_no_isab_seed4/checkpoint.pt
2026-04-28 20:09:34,298 INFO inference_run_large loaded checkpoint iter=200 from /AI4S/Users/howardwang/h204/ecophys/experiments/044_arch_all_stacked/results_stack_with_isab_seed2/checkpoint.pt
2026-04-28 20:09:34,298 INFO inference_run_large loaded checkpoint iter=200 from /AI4S/Users/howardwang/h204/ecophys/experiments/044_arch_all_stacked/results_stack_no_isab_seed0/checkpoint.pt
2026-04-28 20:09:34,425 INFO inference_run_large loaded checkpoint iter=200 from /AI4S/Users/howardwang/h204/ecophys/experiments/044_arch_all_stacked/results_stack_with_isab_seed0/checkpoint.pt
2026-04-28 20:09:49,512 INFO inference_run_large [rank 0] rollout 1/4 seed=10000 took 14.3s
2026-04-28 20:09:49,704 INFO inference_run_large [rank 0] rollout 1/4 seed=10000 took 14.4s
2026-04-28 20:09:49,759 INFO inference_run_large [rank 0] rollout 1/4 seed=10000 took 14.5s
2026-04-28 20:10:03,306 INFO inference_run_large [rank 0] rollout 2/4 seed=10001 took 13.7s
2026-04-28 20:10:03,781 INFO inference_run_large [rank 0] rollout 2/4 seed=10001 took 14.0s
2026-04-28 20:10:03,827 INFO inference_run_large [rank 0] rollout 2/4 seed=10001 took 14.0s
2026-04-28 20:10:17,212 INFO inference_run_large [rank 0] rollout 3/4 seed=10002 took 13.8s
2026-04-28 20:10:17,754 INFO inference_run_large [rank 0] rollout 3/4 seed=10002 took 13.9s
2026-04-28 20:10:17,829 INFO inference_run_large [rank 0] rollout 3/4 seed=10002 took 13.9s
2026-04-28 20:10:30,932 INFO inference_run_large [rank 0] rollout 4/4 seed=10003 took 13.6s
2026-04-28 20:10:30,935 INFO inference_run_large [rank 0] wrote /AI4S/Users/howardwang/h204/ecophys/experiments/044_arch_all_stacked/results_stack_with_isab_seed1/inference_rank_0.json
2026-04-28 20:10:30,939 INFO inference_run_large [rank 0] merged 4 rollouts → /AI4S/Users/howardwang/h204/ecophys/experiments/044_arch_all_stacked/results_stack_with_isab_seed1/inference_merged.json
2026-04-28 20:10:31,601 INFO inference_run_large [rank 0] rollout 4/4 seed=10003 took 13.8s
2026-04-28 20:10:31,604 INFO inference_run_large [rank 0] wrote /AI4S/Users/howardwang/h204/ecophys/experiments/044_arch_all_stacked/results_stack_with_isab_seed0/inference_rank_0.json
2026-04-28 20:10:31,608 INFO inference_run_large [rank 0] merged 4 rollouts → /AI4S/Users/howardwang/h204/ecophys/experiments/044_arch_all_stacked/results_stack_with_isab_seed0/inference_merged.json
2026-04-28 20:10:31,637 INFO inference_run_large [rank 0] rollout 4/4 seed=10003 took 13.7s
2026-04-28 20:10:31,640 INFO inference_run_large [rank 0] wrote /AI4S/Users/howardwang/h204/ecophys/experiments/044_arch_all_stacked/results_stack_with_isab_seed2/inference_rank_0.json
2026-04-28 20:10:31,644 INFO inference_run_large [rank 0] merged 4 rollouts → /AI4S/Users/howardwang/h204/ecophys/experiments/044_arch_all_stacked/results_stack_with_isab_seed2/inference_merged.json
  ✓ eval stack_with_isab_seed1 66s (card 6)

═ EVAL  stack_with_isab_seed3 (card 0) ═ 20:10:31
Traceback (most recent call last):
  File "<frozen runpy>", line 198, in _run_module_as_main
  File "<frozen runpy>", line 88, in _run_code
  File "/AI4S/Users/howardwang/h204/ecophys/ecomd/inference/run_large.py", line 167, in <module>
    main()
  File "/AI4S/Users/howardwang/h204/ecophys/ecomd/inference/run_large.py", line 107, in main
    facts = compute_all(returns, volume=volumes)
            ^^^^^^^^^^^^^^^^^^^^^^^^^^^^^^^^^^^^
  File "/AI4S/Users/howardwang/h204/ecophys/ecomd/eval/stylized_facts.py", line 715, in compute_all
    r = _clean(returns)
        ^^^^^^^^^^^^^^^
  File "/AI4S/Users/howardwang/h204/ecophys/ecomd/eval/stylized_facts.py", line 757, in _clean
    raise ValueError("empty array after NaN removal")
ValueError: empty array after NaN removal
Traceback (most recent call last):
  File "<frozen runpy>", line 198, in _run_module_as_main
  File "<frozen runpy>", line 88, in _run_code
  File "/AI4S/Users/howardwang/h204/ecophys/ecomd/inference/run_large.py", line 167, in <module>
Traceback (most recent call last):
  File "<frozen runpy>", line 198, in _run_module_as_main
  File "<frozen runpy>", line 88, in _run_code
  File "/AI4S/Users/howardwang/h204/ecophys/ecomd/inference/run_large.py", line 167, in <module>
    main()
  File "/AI4S/Users/howardwang/h204/ecophys/ecomd/inference/run_large.py", line 107, in main
    facts = compute_all(returns, volume=volumes)
            ^^^^^^^^^^^^^^^^^^^^^^^^^^^^^^^^^^^^
  File "/AI4S/Users/howardwang/h204/ecophys/ecomd/eval/stylized_facts.py", line 715, in compute_all
    r = _clean(returns)
        ^^^^^^^^^^^^^^^
  File "/AI4S/Users/howardwang/h204/ecophys/ecomd/eval/stylized_facts.py", line 757, in _clean
    raise ValueError("empty array after NaN removal")
ValueError: empty array after NaN removal
    main()
  File "/AI4S/Users/howardwang/h204/ecophys/ecomd/inference/run_large.py", line 107, in main
    facts = compute_all(returns, volume=volumes)
            ^^^^^^^^^^^^^^^^^^^^^^^^^^^^^^^^^^^^
  File "/AI4S/Users/howardwang/h204/ecophys/ecomd/eval/stylized_facts.py", line 715, in compute_all
    r = _clean(returns)
        ^^^^^^^^^^^^^^^
  File "/AI4S/Users/howardwang/h204/ecophys/ecomd/eval/stylized_facts.py", line 757, in _clean
    raise ValueError("empty array after NaN removal")
ValueError: empty array after NaN removal
  ✓ eval stack_with_isab_seed0 67s (card 5)

═ EVAL  stack_with_isab_seed4 (card 1) ═ 20:10:32
Traceback (most recent call last):
  File "<frozen runpy>", line 198, in _run_module_as_main
  File "<frozen runpy>", line 88, in _run_code
  File "/AI4S/Users/howardwang/h204/ecophys/ecomd/inference/run_large.py", line 167, in <module>
Traceback (most recent call last):
  File "<frozen runpy>", line 198, in _run_module_as_main
  File "<frozen runpy>", line 88, in _run_code
  File "/AI4S/Users/howardwang/h204/ecophys/ecomd/inference/run_large.py", line 167, in <module>
    main()
  File "/AI4S/Users/howardwang/h204/ecophys/ecomd/inference/run_large.py", line 107, in main
    facts = compute_all(returns, volume=volumes)
            ^^^^^^^^^^^^^^^^^^^^^^^^^^^^^^^^^^^^
  File "/AI4S/Users/howardwang/h204/ecophys/ecomd/eval/stylized_facts.py", line 715, in compute_all
    r = _clean(returns)
        ^^^^^^^^^^^^^^^
  File "/AI4S/Users/howardwang/h204/ecophys/ecomd/eval/stylized_facts.py", line 757, in _clean
    raise ValueError("empty array after NaN removal")
ValueError: empty array after NaN removal
    main()
  File "/AI4S/Users/howardwang/h204/ecophys/ecomd/inference/run_large.py", line 107, in main
    facts = compute_all(returns, volume=volumes)
            ^^^^^^^^^^^^^^^^^^^^^^^^^^^^^^^^^^^^
  File "/AI4S/Users/howardwang/h204/ecophys/ecomd/eval/stylized_facts.py", line 715, in compute_all
    r = _clean(returns)
        ^^^^^^^^^^^^^^^
  File "/AI4S/Users/howardwang/h204/ecophys/ecomd/eval/stylized_facts.py", line 757, in _clean
    raise ValueError("empty array after NaN removal")
ValueError: empty array after NaN removal
  ✓ eval stack_with_isab_seed2 67s (card 7)
E0428 20:10:33.038000 300135 site-packages/torch/distributed/elastic/multiprocessing/api.py:869] failed (exitcode: 1) local_rank: 0 (pid: 300727) of binary: /root/miniconda3/envs/ecophys/bin/python3.12
Traceback (most recent call last):
  File "/root/miniconda3/envs/ecophys/bin/torchrun", line 6, in <module>
    sys.exit(main())
             ^^^^^^
  File "/root/miniconda3/envs/ecophys/lib/python3.12/site-packages/torch/distributed/elastic/multiprocessing/errors/__init__.py", line 355, in wrapper
    return f(*args, **kwargs)
           ^^^^^^^^^^^^^^^^^^
  File "/root/miniconda3/envs/ecophys/lib/python3.12/site-packages/torch/distributed/run.py", line 918, in main
    run(args)
  File "/root/miniconda3/envs/ecophys/lib/python3.12/site-packages/torch/distributed/run.py", line 909, in run
    elastic_launch(
  File "/root/miniconda3/envs/ecophys/lib/python3.12/site-packages/torch/distributed/launcher/api.py", line 138, in __call__
    return launch_agent(self._config, self._entrypoint, list(args))
           ^^^^^^^^^^^^^^^^^^^^^^^^^^^^^^^^^^^^^^^^^^^^^^^^^^^^^^^^
  File "/root/miniconda3/envs/ecophys/lib/python3.12/site-packages/torch/distributed/launcher/api.py", line 269, in launch_agent
    raise ChildFailedError(
torch.distributed.elastic.multiprocessing.errors.ChildFailedError: 
============================================================
ecomd.inference.run_large FAILED
------------------------------------------------------------
Failures:
  <NO_OTHER_FAILURES>
------------------------------------------------------------
Root Cause (first observed failure):
[0]:
  time      : 2026-04-28_20:10:33
  host      : nb-755846ce0e46404ee8-5cfd549bf-wxkpg
  rank      : 0 (local_rank: 0)
  exitcode  : 1 (pid: 300727)
  error_file: <N/A>
  traceback : To enable traceback see: https://pytorch.org/docs/stable/elastic/errors.html
============================================================
E0428 20:10:33.176000 300123 site-packages/torch/distributed/elastic/multiprocessing/api.py:869] failed (exitcode: 1) local_rank: 0 (pid: 300796) of binary: /root/miniconda3/envs/ecophys/bin/python3.12
Traceback (most recent call last):
  File "/root/miniconda3/envs/ecophys/bin/torchrun", line 6, in <module>
    sys.exit(main())
             ^^^^^^
  File "/root/miniconda3/envs/ecophys/lib/python3.12/site-packages/torch/distributed/elastic/multiprocessing/errors/__init__.py", line 355, in wrapper
    return f(*args, **kwargs)
           ^^^^^^^^^^^^^^^^^^
  File "/root/miniconda3/envs/ecophys/lib/python3.12/site-packages/torch/distributed/run.py", line 918, in main
    run(args)
  File "/root/miniconda3/envs/ecophys/lib/python3.12/site-packages/torch/distributed/run.py", line 909, in run
    elastic_launch(
  File "/root/miniconda3/envs/ecophys/lib/python3.12/site-packages/torch/distributed/launcher/api.py", line 138, in __call__
    return launch_agent(self._config, self._entrypoint, list(args))
           ^^^^^^^^^^^^^^^^^^^^^^^^^^^^^^^^^^^^^^^^^^^^^^^^^^^^^^^^
  File "/root/miniconda3/envs/ecophys/lib/python3.12/site-packages/torch/distributed/launcher/api.py", line 269, in launch_agent
    raise ChildFailedError(
torch.distributed.elastic.multiprocessing.errors.ChildFailedError: 
============================================================
ecomd.inference.run_large FAILED
------------------------------------------------------------
Failures:
  <NO_OTHER_FAILURES>
------------------------------------------------------------
Root Cause (first observed failure):
[0]:
  time      : 2026-04-28_20:10:33
  host      : nb-755846ce0e46404ee8-5cfd549bf-wxkpg
  rank      : 0 (local_rank: 0)
  exitcode  : 1 (pid: 300796)
  error_file: <N/A>
  traceback : To enable traceback see: https://pytorch.org/docs/stable/elastic/errors.html
============================================================
E0428 20:10:33.289000 300178 site-packages/torch/distributed/elastic/multiprocessing/api.py:869] failed (exitcode: 1) local_rank: 0 (pid: 300925) of binary: /root/miniconda3/envs/ecophys/bin/python3.12
Traceback (most recent call last):
  File "/root/miniconda3/envs/ecophys/bin/torchrun", line 6, in <module>
    sys.exit(main())
             ^^^^^^
  File "/root/miniconda3/envs/ecophys/lib/python3.12/site-packages/torch/distributed/elastic/multiprocessing/errors/__init__.py", line 355, in wrapper
    return f(*args, **kwargs)
           ^^^^^^^^^^^^^^^^^^
  File "/root/miniconda3/envs/ecophys/lib/python3.12/site-packages/torch/distributed/run.py", line 918, in main
    run(args)
  File "/root/miniconda3/envs/ecophys/lib/python3.12/site-packages/torch/distributed/run.py", line 909, in run
    elastic_launch(
  File "/root/miniconda3/envs/ecophys/lib/python3.12/site-packages/torch/distributed/launcher/api.py", line 138, in __call__
    return launch_agent(self._config, self._entrypoint, list(args))
           ^^^^^^^^^^^^^^^^^^^^^^^^^^^^^^^^^^^^^^^^^^^^^^^^^^^^^^^^
  File "/root/miniconda3/envs/ecophys/lib/python3.12/site-packages/torch/distributed/launcher/api.py", line 269, in launch_agent
    raise ChildFailedError(
torch.distributed.elastic.multiprocessing.errors.ChildFailedError: 
============================================================
ecomd.inference.run_large FAILED
------------------------------------------------------------
Failures:
  <NO_OTHER_FAILURES>
------------------------------------------------------------
Root Cause (first observed failure):
[0]:
  time      : 2026-04-28_20:10:33
  host      : nb-755846ce0e46404ee8-5cfd549bf-wxkpg
  rank      : 0 (local_rank: 0)
  exitcode  : 1 (pid: 300925)
  error_file: <N/A>
  traceback : To enable traceback see: https://pytorch.org/docs/stable/elastic/errors.html
============================================================
  ✗ eval stack_no_isab_seed1 exit=1 (card 1)
  ✗ eval stack_no_isab_seed0 exit=1 (card 0)
E0428 20:10:33.528000 300168 site-packages/torch/distributed/elastic/multiprocessing/api.py:869] failed (exitcode: 1) local_rank: 0 (pid: 300934) of binary: /root/miniconda3/envs/ecophys/bin/python3.12
E0428 20:10:33.528000 300149 site-packages/torch/distributed/elastic/multiprocessing/api.py:869] failed (exitcode: 1) local_rank: 0 (pid: 300933) of binary: /root/miniconda3/envs/ecophys/bin/python3.12
Traceback (most recent call last):
  File "/root/miniconda3/envs/ecophys/bin/torchrun", line 6, in <module>
    sys.exit(main())
             ^^^^^^
  File "/root/miniconda3/envs/ecophys/lib/python3.12/site-packages/torch/distributed/elastic/multiprocessing/errors/__init__.py", line 355, in wrapper
    return f(*args, **kwargs)
           ^^^^^^^^^^^^^^^^^^
  File "/root/miniconda3/envs/ecophys/lib/python3.12/site-packages/torch/distributed/run.py", line 918, in main
    run(args)
  File "/root/miniconda3/envs/ecophys/lib/python3.12/site-packages/torch/distributed/run.py", line 909, in run
Traceback (most recent call last):
  File "/root/miniconda3/envs/ecophys/bin/torchrun", line 6, in <module>
    sys.exit(main())
             ^^^^^^
  File "/root/miniconda3/envs/ecophys/lib/python3.12/site-packages/torch/distributed/elastic/multiprocessing/errors/__init__.py", line 355, in wrapper
    elastic_launch(
  File "/root/miniconda3/envs/ecophys/lib/python3.12/site-packages/torch/distributed/launcher/api.py", line 138, in __call__
    return f(*args, **kwargs)
           ^^^^^^^^^^^^^^^^^^
  File "/root/miniconda3/envs/ecophys/lib/python3.12/site-packages/torch/distributed/run.py", line 918, in main
    return launch_agent(self._config, self._entrypoint, list(args))
           ^^^^^^^^^^^^^^^^^^^^^^^^^^^^^^^^^^^^^^^^^^^^^^^^^^^^^^^^
  File "/root/miniconda3/envs/ecophys/lib/python3.12/site-packages/torch/distributed/launcher/api.py", line 269, in launch_agent
    raise ChildFailedError(
torch.distributed.elastic.multiprocessing.errors.ChildFailedError: 
============================================================
ecomd.inference.run_large FAILED
------------------------------------------------------------
Failures:
  <NO_OTHER_FAILURES>
------------------------------------------------------------
Root Cause (first observed failure):
[0]:
  time      : 2026-04-28_20:10:33
  host      : nb-755846ce0e46404ee8-5cfd549bf-wxkpg
  rank      : 0 (local_rank: 0)
  exitcode  : 1 (pid: 300934)
  error_file: <N/A>
  traceback : To enable traceback see: https://pytorch.org/docs/stable/elastic/errors.html
============================================================
    run(args)
  File "/root/miniconda3/envs/ecophys/lib/python3.12/site-packages/torch/distributed/run.py", line 909, in run
    elastic_launch(
  File "/root/miniconda3/envs/ecophys/lib/python3.12/site-packages/torch/distributed/launcher/api.py", line 138, in __call__
    return launch_agent(self._config, self._entrypoint, list(args))
           ^^^^^^^^^^^^^^^^^^^^^^^^^^^^^^^^^^^^^^^^^^^^^^^^^^^^^^^^
  File "/root/miniconda3/envs/ecophys/lib/python3.12/site-packages/torch/distributed/launcher/api.py", line 269, in launch_agent
    raise ChildFailedError(
torch.distributed.elastic.multiprocessing.errors.ChildFailedError: 
============================================================
ecomd.inference.run_large FAILED
------------------------------------------------------------
Failures:
  <NO_OTHER_FAILURES>
------------------------------------------------------------
Root Cause (first observed failure):
[0]:
  time      : 2026-04-28_20:10:33
  host      : nb-755846ce0e46404ee8-5cfd549bf-wxkpg
  rank      : 0 (local_rank: 0)
  exitcode  : 1 (pid: 300933)
  error_file: <N/A>
  traceback : To enable traceback see: https://pytorch.org/docs/stable/elastic/errors.html
============================================================
  ✗ eval stack_no_isab_seed4 exit=1 (card 4)
  ✗ eval stack_no_isab_seed3 exit=1 (card 3)
  ✗ eval stack_no_isab_seed2 exit=1 (card 2)
2026-04-28 20:10:34,972 INFO inference_run_large [dist] world_size=1 cuda=True
2026-04-28 20:10:35,243 INFO inference_run_large loaded checkpoint iter=200 from /AI4S/Users/howardwang/h204/ecophys/experiments/044_arch_all_stacked/results_stack_with_isab_seed3/checkpoint.pt
2026-04-28 20:10:35,867 INFO inference_run_large [dist] world_size=1 cuda=True
2026-04-28 20:10:36,198 INFO inference_run_large loaded checkpoint iter=200 from /AI4S/Users/howardwang/h204/ecophys/experiments/044_arch_all_stacked/results_stack_with_isab_seed4/checkpoint.pt
2026-04-28 20:10:51,000 INFO inference_run_large [rank 0] rollout 1/4 seed=10000 took 14.9s
2026-04-28 20:10:51,361 INFO inference_run_large [rank 0] rollout 1/4 seed=10000 took 14.3s
2026-04-28 20:11:04,857 INFO inference_run_large [rank 0] rollout 2/4 seed=10001 took 13.8s
2026-04-28 20:11:05,696 INFO inference_run_large [rank 0] rollout 2/4 seed=10001 took 14.2s
2026-04-28 20:11:18,679 INFO inference_run_large [rank 0] rollout 3/4 seed=10002 took 13.7s
2026-04-28 20:11:19,863 INFO inference_run_large [rank 0] rollout 3/4 seed=10002 took 14.1s
2026-04-28 20:11:32,331 INFO inference_run_large [rank 0] rollout 4/4 seed=10003 took 13.6s
2026-04-28 20:11:32,334 INFO inference_run_large [rank 0] wrote /AI4S/Users/howardwang/h204/ecophys/experiments/044_arch_all_stacked/results_stack_with_isab_seed3/inference_rank_0.json
2026-04-28 20:11:32,339 INFO inference_run_large [rank 0] merged 4 rollouts → /AI4S/Users/howardwang/h204/ecophys/experiments/044_arch_all_stacked/results_stack_with_isab_seed3/inference_merged.json
  ✓ eval stack_with_isab_seed3 62s (card 0)
2026-04-28 20:11:33,877 INFO inference_run_large [rank 0] rollout 4/4 seed=10003 took 13.9s
2026-04-28 20:11:33,880 INFO inference_run_large [rank 0] wrote /AI4S/Users/howardwang/h204/ecophys/experiments/044_arch_all_stacked/results_stack_with_isab_seed4/inference_rank_0.json
2026-04-28 20:11:33,885 INFO inference_run_large [rank 0] merged 4 rollouts → /AI4S/Users/howardwang/h204/ecophys/experiments/044_arch_all_stacked/results_stack_with_isab_seed4/inference_merged.json
  ✓ eval stack_with_isab_seed4 62s (card 1)

═══ DONE — Tue Apr 28 08:11:34 PM CST 2026 ═══
