═══ PHASE RUN — Wed Apr 29 04:46:13 PM CST 2026 ═══
  CONFIG_DIR=experiments/044_arch_all_stacked NPROC=1 PARALLEL=8 SKIP_DONE=1
  Configs: 10

═ TRAIN stack_no_isab_seed0 (card 0) ═ 16:46:13

═ TRAIN stack_no_isab_seed1 (card 1) ═ 16:46:13

═ TRAIN stack_no_isab_seed2 (card 2) ═ 16:46:13

═ TRAIN stack_no_isab_seed3 (card 3) ═ 16:46:13

═ TRAIN stack_no_isab_seed4 (card 4) ═ 16:46:13

═ TRAIN stack_with_isab_seed0 (card 5) ═ 16:46:13

═ TRAIN stack_with_isab_seed1 (card 6) ═ 16:46:13

═ TRAIN stack_with_isab_seed2 (card 7) ═ 16:46:13
2026-04-29 16:46:18,445 INFO train_distributed [dist] rank=0 world_size=1 local_rank=0 cuda_available=True
2026-04-29 16:46:18,490 INFO train_distributed loaded 2,841 returns for spx/2015-2026_daily
2026-04-29 16:46:18,511 INFO train_distributed targets: acf_sq=0.342 leverage_sum=-0.790 hill_alpha=2.68
2026-04-29 16:46:19,363 INFO train_distributed [dist] rank=0 world_size=1 local_rank=0 cuda_available=True
2026-04-29 16:46:19,407 INFO train_distributed loaded 2,841 returns for spx/2015-2026_daily
2026-04-29 16:46:19,414 INFO train_distributed targets: acf_sq=0.342 leverage_sum=-0.790 hill_alpha=2.68
2026-04-29 16:46:19,770 INFO train_distributed [dist] rank=0 world_size=1 local_rank=0 cuda_available=True
2026-04-29 16:46:19,814 INFO train_distributed loaded 2,841 returns for spx/2015-2026_daily
2026-04-29 16:46:19,823 INFO train_distributed targets: acf_sq=0.342 leverage_sum=-0.790 hill_alpha=2.68
2026-04-29 16:46:20,122 INFO train_distributed [dist] rank=0 world_size=1 local_rank=0 cuda_available=True
2026-04-29 16:46:20,166 INFO train_distributed loaded 2,841 returns for spx/2015-2026_daily
2026-04-29 16:46:20,173 INFO train_distributed targets: acf_sq=0.342 leverage_sum=-0.790 hill_alpha=2.68
2026-04-29 16:46:20,478 INFO train_distributed [dist] rank=0 world_size=1 local_rank=0 cuda_available=True
2026-04-29 16:46:20,521 INFO train_distributed loaded 2,841 returns for spx/2015-2026_daily
2026-04-29 16:46:20,529 INFO train_distributed targets: acf_sq=0.342 leverage_sum=-0.790 hill_alpha=2.68
2026-04-29 16:46:20,868 INFO train_distributed [dist] rank=0 world_size=1 local_rank=0 cuda_available=True
2026-04-29 16:46:20,913 INFO train_distributed loaded 2,841 returns for spx/2015-2026_daily
2026-04-29 16:46:20,920 INFO train_distributed targets: acf_sq=0.342 leverage_sum=-0.790 hill_alpha=2.68
2026-04-29 16:46:21,225 INFO train_distributed [dist] rank=0 world_size=1 local_rank=0 cuda_available=True
2026-04-29 16:46:21,269 INFO train_distributed loaded 2,841 returns for spx/2015-2026_daily
2026-04-29 16:46:21,276 INFO train_distributed targets: acf_sq=0.342 leverage_sum=-0.790 hill_alpha=2.68
2026-04-29 16:46:21,640 INFO train_distributed [dist] rank=0 world_size=1 local_rank=0 cuda_available=True
2026-04-29 16:46:21,685 INFO train_distributed loaded 2,841 returns for spx/2015-2026_daily
2026-04-29 16:46:21,693 INFO train_distributed targets: acf_sq=0.342 leverage_sum=-0.790 hill_alpha=2.68
2026-04-29 16:46:22,363 INFO train_distributed EcoMDSimulator built: 36251 parameters (device=cuda:0)
2026-04-29 16:46:22,392 INFO train_distributed EcoMDSimulator built: 36251 parameters (device=cuda:0)
2026-04-29 16:46:22,392 INFO train_distributed EcoMDSimulator built: 36251 parameters (device=cuda:0)
2026-04-29 16:46:22,392 INFO train_distributed EcoMDSimulator built: 36251 parameters (device=cuda:0)
2026-04-29 16:46:22,392 INFO train_distributed EcoMDSimulator built: 108136 parameters (device=cuda:0)
2026-04-29 16:46:22,392 INFO train_distributed EcoMDSimulator built: 108136 parameters (device=cuda:0)
2026-04-29 16:46:22,392 INFO train_distributed EcoMDSimulator built: 36251 parameters (device=cuda:0)
2026-04-29 16:46:22,505 INFO train_distributed EcoMDSimulator built: 108136 parameters (device=cuda:0)
2026-04-29 16:46:23,987 INFO train_distributed it=   0 lr=1.00e-04 loss_world=0.6063 |∇|=8.82e+00 γ=1.000 T=0.0500
2026-04-29 16:46:23,988 INFO train_distributed it=   0 lr=1.00e-04 loss_world=1.0473 |∇|=5.00e+00 γ=1.000 T=0.0500
2026-04-29 16:46:24,046 INFO train_distributed it=   0 lr=1.00e-04 loss_world=1.1343 |∇|=1.30e+00 γ=1.000 T=0.0500
2026-04-29 16:46:26,840 INFO train_distributed it=   9 lr=1.00e-03 loss_world=0.5687 |∇|=1.26e+00 γ=1.000 T=0.0499
2026-04-29 16:46:26,901 INFO train_distributed it=   9 lr=1.00e-03 loss_world=0.6086 |∇|=5.36e+00 γ=1.000 T=0.0501
2026-04-29 16:46:26,916 INFO train_distributed it=   9 lr=1.00e-03 loss_world=0.8168 |∇|=5.44e+00 γ=1.002 T=0.0500
2026-04-29 16:46:27,289 INFO train_distributed it=   0 lr=1.00e-04 loss_world=2.3078 |∇|=2.69e+02 γ=1.000 T=0.0500
2026-04-29 16:46:27,343 INFO train_distributed it=   0 lr=1.00e-04 loss_world=4.3587 |∇|=3.03e+03 γ=1.000 T=0.0500
2026-04-29 16:46:27,396 INFO train_distributed it=   0 lr=1.00e-04 loss_world=1.0162 |∇|=5.40e+00 γ=1.000 T=0.0500
2026-04-29 16:46:27,401 INFO train_distributed it=   0 lr=1.00e-04 loss_world=1.1501 |∇|=1.07e+01 γ=1.000 T=0.0500
2026-04-29 16:46:27,447 INFO train_distributed it=   0 lr=1.00e-04 loss_world=1.6597 |∇|=1.98e+01 γ=1.000 T=0.0500
2026-04-29 16:46:30,250 INFO train_distributed it=  19 lr=9.95e-04 loss_world=0.9126 |∇|=2.69e+00 γ=1.006 T=0.0503
2026-04-29 16:46:30,288 INFO train_distributed it=  19 lr=9.95e-04 loss_world=1.4054 |∇|=1.87e-01 γ=1.002 T=0.0499
2026-04-29 16:46:30,377 INFO train_distributed it=  19 lr=9.95e-04 loss_world=1.5158 |∇|=7.53e-01 γ=1.001 T=0.0500
2026-04-29 16:46:33,479 INFO train_distributed it=  29 lr=9.78e-04 loss_world=0.6431 |∇|=1.32e+00 γ=1.004 T=0.0499
2026-04-29 16:46:33,565 INFO train_distributed it=  29 lr=9.78e-04 loss_world=1.5261 |∇|=5.07e-01 γ=0.999 T=0.0498
2026-04-29 16:46:33,591 INFO train_distributed it=  29 lr=9.78e-04 loss_world=0.5897 |∇|=2.20e+01 γ=1.007 T=0.0505
2026-04-29 16:46:36,753 INFO train_distributed it=  39 lr=9.49e-04 loss_world=1.0136 |∇|=1.10e+00 γ=1.000 T=0.0500
2026-04-29 16:46:36,760 INFO train_distributed it=  39 lr=9.49e-04 loss_world=0.7808 |∇|=7.14e-01 γ=1.004 T=0.0498
2026-04-29 16:46:36,807 INFO train_distributed it=  39 lr=9.49e-04 loss_world=0.8550 |∇|=9.84e-01 γ=1.011 T=0.0506
2026-04-29 16:46:39,933 INFO train_distributed it=  49 lr=9.10e-04 loss_world=1.0050 |∇|=7.17e+01 γ=1.002 T=0.0500
2026-04-29 16:46:39,960 INFO train_distributed it=  49 lr=9.10e-04 loss_world=1.1251 |∇|=1.70e+00 γ=1.005 T=0.0498
2026-04-29 16:46:40,029 INFO train_distributed it=  49 lr=9.10e-04 loss_world=0.8311 |∇|=6.87e+00 γ=1.013 T=0.0507
2026-04-29 16:46:43,100 INFO train_distributed it=  59 lr=8.60e-04 loss_world=0.9448 |∇|=4.86e+00 γ=1.003 T=0.0500
2026-04-29 16:46:43,163 INFO train_distributed it=  59 lr=8.60e-04 loss_world=1.1605 |∇|=3.45e+01 γ=1.009 T=0.0498
2026-04-29 16:46:43,232 INFO train_distributed it=  59 lr=8.60e-04 loss_world=0.8088 |∇|=3.50e+00 γ=1.011 T=0.0505
2026-04-29 16:46:46,292 INFO train_distributed it=  69 lr=8.02e-04 loss_world=1.5893 |∇|=1.91e+00 γ=1.003 T=0.0500
2026-04-29 16:46:46,389 INFO train_distributed it=  69 lr=8.02e-04 loss_world=0.9759 |∇|=1.44e+00 γ=1.010 T=0.0499
2026-04-29 16:46:46,426 INFO train_distributed it=  69 lr=8.02e-04 loss_world=0.9121 |∇|=2.68e+00 γ=1.011 T=0.0505
2026-04-29 16:46:49,483 INFO train_distributed it=  79 lr=7.38e-04 loss_world=1.9180 |∇|=1.67e+00 γ=1.004 T=0.0500
2026-04-29 16:46:49,623 INFO train_distributed it=  79 lr=7.38e-04 loss_world=1.0041 |∇|=2.96e+00 γ=1.013 T=0.0505
2026-04-29 16:46:49,674 INFO train_distributed it=  79 lr=7.38e-04 loss_world=1.3920 |∇|=1.46e+01 γ=1.014 T=0.0498
2026-04-29 16:46:52,652 INFO train_distributed it=  89 lr=6.68e-04 loss_world=0.9932 |∇|=2.10e+00 γ=1.004 T=0.0500
2026-04-29 16:46:52,814 INFO train_distributed it=  89 lr=6.68e-04 loss_world=1.0960 |∇|=9.10e+00 γ=1.014 T=0.0505
2026-04-29 16:46:52,869 INFO train_distributed it=  89 lr=6.68e-04 loss_world=0.8534 |∇|=2.34e+00 γ=1.017 T=0.0499
2026-04-29 16:46:55,829 INFO train_distributed it=  99 lr=5.95e-04 loss_world=0.8296 |∇|=3.15e+00 γ=1.004 T=0.0500
2026-04-29 16:46:56,005 INFO train_distributed it=  99 lr=5.95e-04 loss_world=0.7915 |∇|=3.21e-01 γ=1.016 T=0.0507
2026-04-29 16:46:56,116 INFO train_distributed it=  99 lr=5.95e-04 loss_world=0.9473 |∇|=1.10e+00 γ=1.019 T=0.0499
2026-04-29 16:46:59,020 INFO train_distributed it= 109 lr=5.20e-04 loss_world=1.0101 |∇|=1.27e+00 γ=1.004 T=0.0500
2026-04-29 16:46:59,251 INFO train_distributed it= 109 lr=5.20e-04 loss_world=0.7846 |∇|=3.01e+00 γ=1.016 T=0.0506
2026-04-29 16:46:59,321 INFO train_distributed it= 109 lr=5.20e-04 loss_world=1.1381 |∇|=1.06e+00 γ=1.019 T=0.0499
2026-04-29 16:47:00,089 INFO train_distributed it=   9 lr=1.00e-03 loss_world=0.9048 |∇|=3.44e+01 γ=1.001 T=0.0501
2026-04-29 16:47:00,162 INFO train_distributed it=   9 lr=1.00e-03 loss_world=0.6164 |∇|=1.60e+01 γ=1.001 T=0.0498
2026-04-29 16:47:00,176 INFO train_distributed it=   9 lr=1.00e-03 loss_world=1.3140 |∇|=2.32e+01 γ=0.997 T=0.0502
2026-04-29 16:47:00,223 INFO train_distributed it=   9 lr=1.00e-03 loss_world=0.5800 |∇|=8.39e+00 γ=0.997 T=0.0499
2026-04-29 16:47:00,234 INFO train_distributed it=   9 lr=1.00e-03 loss_world=0.8043 |∇|=1.13e+01 γ=0.997 T=0.0501
2026-04-29 16:47:02,194 INFO train_distributed it= 119 lr=4.47e-04 loss_world=1.1086 |∇|=1.36e+00 γ=1.004 T=0.0500
2026-04-29 16:47:02,452 INFO train_distributed it= 119 lr=4.47e-04 loss_world=1.2656 |∇|=1.48e+00 γ=1.014 T=0.0505
2026-04-29 16:47:02,532 INFO train_distributed it= 119 lr=4.47e-04 loss_world=0.9546 |∇|=4.79e+00 γ=1.020 T=0.0499
2026-04-29 16:47:05,383 INFO train_distributed it= 129 lr=3.76e-04 loss_world=1.2246 |∇|=1.64e+00 γ=1.004 T=0.0500
2026-04-29 16:47:05,653 INFO train_distributed it= 129 lr=3.76e-04 loss_world=0.7429 |∇|=2.99e+00 γ=1.014 T=0.0505
2026-04-29 16:47:05,761 INFO train_distributed it= 129 lr=3.76e-04 loss_world=1.3064 |∇|=8.46e-01 γ=1.022 T=0.0499
2026-04-29 16:47:08,573 INFO train_distributed it= 139 lr=3.10e-04 loss_world=0.8806 |∇|=2.33e+00 γ=1.004 T=0.0500
2026-04-29 16:47:08,847 INFO train_distributed it= 139 lr=3.10e-04 loss_world=1.1228 |∇|=4.60e+00 γ=1.015 T=0.0506
2026-04-29 16:47:09,037 INFO train_distributed it= 139 lr=3.10e-04 loss_world=0.9791 |∇|=3.62e+00 γ=1.022 T=0.0499
2026-04-29 16:47:11,752 INFO train_distributed it= 149 lr=2.51e-04 loss_world=0.7195 |∇|=2.21e+00 γ=1.004 T=0.0500
2026-04-29 16:47:12,053 INFO train_distributed it= 149 lr=2.51e-04 loss_world=0.9162 |∇|=9.35e-01 γ=1.015 T=0.0506
2026-04-29 16:47:12,254 INFO train_distributed it= 149 lr=2.51e-04 loss_world=0.9738 |∇|=9.31e+00 γ=1.022 T=0.0499
2026-04-29 16:47:14,915 INFO train_distributed it= 159 lr=2.00e-04 loss_world=0.8276 |∇|=3.43e+00 γ=1.004 T=0.0500
2026-04-29 16:47:15,249 INFO train_distributed it= 159 lr=2.00e-04 loss_world=1.2627 |∇|=1.66e+00 γ=1.016 T=0.0507
2026-04-29 16:47:15,464 INFO train_distributed it= 159 lr=2.00e-04 loss_world=1.0602 |∇|=1.49e+00 γ=1.022 T=0.0498
2026-04-29 16:47:18,088 INFO train_distributed it= 169 lr=1.58e-04 loss_world=1.0122 |∇|=2.33e+00 γ=1.004 T=0.0501
2026-04-29 16:47:18,449 INFO train_distributed it= 169 lr=1.58e-04 loss_world=1.0361 |∇|=1.48e+00 γ=1.016 T=0.0507
2026-04-29 16:47:18,658 INFO train_distributed it= 169 lr=1.58e-04 loss_world=0.6238 |∇|=2.97e+00 γ=1.022 T=0.0498
2026-04-29 16:47:21,253 INFO train_distributed it= 179 lr=1.27e-04 loss_world=1.1064 |∇|=1.00e+01 γ=1.005 T=0.0501
2026-04-29 16:47:21,635 INFO train_distributed it= 179 lr=1.27e-04 loss_world=0.9963 |∇|=3.07e+00 γ=1.015 T=0.0506
2026-04-29 16:47:21,844 INFO train_distributed it= 179 lr=1.27e-04 loss_world=1.2185 |∇|=8.56e+00 γ=1.021 T=0.0498
2026-04-29 16:47:24,495 INFO train_distributed it= 189 lr=1.07e-04 loss_world=1.2130 |∇|=3.61e+00 γ=1.004 T=0.0501
2026-04-29 16:47:24,835 INFO train_distributed it= 189 lr=1.07e-04 loss_world=1.4186 |∇|=3.73e+00 γ=1.015 T=0.0506
2026-04-29 16:47:25,027 INFO train_distributed it= 189 lr=1.07e-04 loss_world=0.7778 |∇|=1.88e+00 γ=1.021 T=0.0498
2026-04-29 16:47:27,695 INFO train_distributed it= 199 lr=1.00e-04 loss_world=1.5688 |∇|=4.84e+00 γ=1.004 T=0.0501
2026-04-29 16:47:27,702 INFO train_distributed training finished in 65.3s (200 iters, world_size=1)
2026-04-29 16:47:27,702 INFO train_distributed [rank 0] peak HBM: alloc=0.61 GB, reserved=0.82 GB
2026-04-29 16:47:27,705 INFO train_distributed [rank 0] wrote experiments/044_arch_all_stacked/results_stack_with_isab_seed0/training_log.json
2026-04-29 16:47:28,089 INFO train_distributed it= 199 lr=1.00e-04 loss_world=0.9434 |∇|=2.05e+00 γ=1.015 T=0.0506
2026-04-29 16:47:28,096 INFO train_distributed training finished in 65.6s (200 iters, world_size=1)
2026-04-29 16:47:28,097 INFO train_distributed [rank 0] peak HBM: alloc=0.61 GB, reserved=0.82 GB
2026-04-29 16:47:28,100 INFO train_distributed [rank 0] wrote experiments/044_arch_all_stacked/results_stack_with_isab_seed1/training_log.json
2026-04-29 16:47:28,220 INFO train_distributed it= 199 lr=1.00e-04 loss_world=1.0395 |∇|=4.35e+00 γ=1.021 T=0.0498
2026-04-29 16:47:28,229 INFO train_distributed training finished in 65.8s (200 iters, world_size=1)
2026-04-29 16:47:28,229 INFO train_distributed [rank 0] peak HBM: alloc=0.61 GB, reserved=0.82 GB
2026-04-29 16:47:28,232 INFO train_distributed [rank 0] wrote experiments/044_arch_all_stacked/results_stack_with_isab_seed2/training_log.json
  ✓ stack_with_isab_seed0 75s (card 5)

═ TRAIN stack_with_isab_seed3 (card 0) ═ 16:47:28
  ✓ stack_with_isab_seed1 76s (card 6)

═ TRAIN stack_with_isab_seed4 (card 1) ═ 16:47:29
  ✓ stack_with_isab_seed2 76s (card 7)
2026-04-29 16:47:31,926 INFO train_distributed [dist] rank=0 world_size=1 local_rank=0 cuda_available=True
2026-04-29 16:47:31,971 INFO train_distributed loaded 2,841 returns for spx/2015-2026_daily
2026-04-29 16:47:31,978 INFO train_distributed targets: acf_sq=0.342 leverage_sum=-0.790 hill_alpha=2.68
2026-04-29 16:47:32,486 INFO train_distributed [dist] rank=0 world_size=1 local_rank=0 cuda_available=True
2026-04-29 16:47:32,529 INFO train_distributed loaded 2,841 returns for spx/2015-2026_daily
2026-04-29 16:47:32,537 INFO train_distributed targets: acf_sq=0.342 leverage_sum=-0.790 hill_alpha=2.68
2026-04-29 16:47:32,613 INFO train_distributed EcoMDSimulator built: 108136 parameters (device=cuda:0)
2026-04-29 16:47:32,948 INFO train_distributed EcoMDSimulator built: 108136 parameters (device=cuda:0)
2026-04-29 16:47:34,487 INFO train_distributed it=   0 lr=1.00e-04 loss_world=0.9887 |∇|=3.05e+00 γ=1.000 T=0.0500
2026-04-29 16:47:34,698 INFO train_distributed it=   0 lr=1.00e-04 loss_world=1.4145 |∇|=3.66e+00 γ=1.000 T=0.0500
2026-04-29 16:47:36,533 INFO train_distributed it=  19 lr=9.95e-04 loss_world=0.5082 |∇|=1.67e+01 γ=1.001 T=0.0502
2026-04-29 16:47:36,632 INFO train_distributed it=  19 lr=9.95e-04 loss_world=0.6843 |∇|=8.39e+00 γ=0.996 T=0.0498
2026-04-29 16:47:36,661 INFO train_distributed it=  19 lr=9.95e-04 loss_world=1.1186 |∇|=3.26e+01 γ=0.996 T=0.0504
2026-04-29 16:47:39,000 INFO train_distributed it=  19 lr=9.95e-04 loss_world=1.3974 |∇|=1.90e+02 γ=0.999 T=0.0496
2026-04-29 16:47:39,126 INFO train_distributed it=   9 lr=1.00e-03 loss_world=0.7134 |∇|=9.64e+00 γ=0.999 T=0.0499
2026-04-29 16:47:39,296 INFO train_distributed it=   9 lr=1.00e-03 loss_world=0.8996 |∇|=1.55e+00 γ=0.999 T=0.0501
2026-04-29 16:47:39,548 INFO train_distributed it=  19 lr=9.95e-04 loss_world=0.9240 |∇|=1.90e+01 γ=0.995 T=0.0501
2026-04-29 16:47:44,281 INFO train_distributed it=  19 lr=9.95e-04 loss_world=1.4137 |∇|=3.24e+00 γ=0.998 T=0.0498
2026-04-29 16:47:44,419 INFO train_distributed it=  19 lr=9.95e-04 loss_world=1.2885 |∇|=6.93e+00 γ=1.000 T=0.0501
2026-04-29 16:47:49,445 INFO train_distributed it=  29 lr=9.78e-04 loss_world=0.8907 |∇|=2.28e+00 γ=1.002 T=0.0500
2026-04-29 16:47:49,527 INFO train_distributed it=  29 lr=9.78e-04 loss_world=0.7840 |∇|=2.24e+00 γ=1.002 T=0.0502
2026-04-29 16:47:54,576 INFO train_distributed it=  39 lr=9.49e-04 loss_world=1.6969 |∇|=2.98e-01 γ=1.003 T=0.0500
2026-04-29 16:47:54,638 INFO train_distributed it=  39 lr=9.49e-04 loss_world=1.0171 |∇|=9.80e-01 γ=1.002 T=0.0503
2026-04-29 16:47:59,728 INFO train_distributed it=  49 lr=9.10e-04 loss_world=0.6874 |∇|=7.79e-01 γ=1.007 T=0.0501
2026-04-29 16:47:59,790 INFO train_distributed it=  49 lr=9.10e-04 loss_world=0.6777 |∇|=3.49e+00 γ=1.003 T=0.0502
2026-04-29 16:48:04,871 INFO train_distributed it=  59 lr=8.60e-04 loss_world=1.1141 |∇|=9.89e+00 γ=1.009 T=0.0501
2026-04-29 16:48:04,946 INFO train_distributed it=  59 lr=8.60e-04 loss_world=1.0397 |∇|=2.81e+00 γ=1.003 T=0.0502
2026-04-29 16:48:10,019 INFO train_distributed it=  69 lr=8.02e-04 loss_world=0.9708 |∇|=3.36e+00 γ=1.011 T=0.0501
2026-04-29 16:48:10,049 INFO train_distributed it=  69 lr=8.02e-04 loss_world=0.6293 |∇|=2.08e+00 γ=1.002 T=0.0501
2026-04-29 16:48:12,977 INFO train_distributed it=  29 lr=9.78e-04 loss_world=0.7763 |∇|=2.11e+01 γ=0.998 T=0.0501
2026-04-29 16:48:13,037 INFO train_distributed it=  29 lr=9.78e-04 loss_world=0.7496 |∇|=6.37e+00 γ=0.996 T=0.0496
2026-04-29 16:48:13,149 INFO train_distributed it=  29 lr=9.78e-04 loss_world=1.3898 |∇|=1.12e+02 γ=0.998 T=0.0504
2026-04-29 16:48:15,159 INFO train_distributed it=  79 lr=7.38e-04 loss_world=0.7318 |∇|=1.68e+00 γ=1.003 T=0.0500
2026-04-29 16:48:15,170 INFO train_distributed it=  79 lr=7.38e-04 loss_world=0.8821 |∇|=4.14e-01 γ=1.011 T=0.0501
2026-04-29 16:48:20,332 INFO train_distributed it=  89 lr=6.68e-04 loss_world=0.8372 |∇|=3.20e+00 γ=1.011 T=0.0500
2026-04-29 16:48:20,596 INFO train_distributed it=  89 lr=6.68e-04 loss_world=0.9647 |∇|=8.30e+00 γ=1.004 T=0.0500
2026-04-29 16:48:25,467 INFO train_distributed it=  99 lr=5.95e-04 loss_world=0.9400 |∇|=1.78e+00 γ=1.014 T=0.0501
2026-04-29 16:48:25,716 INFO train_distributed it=  99 lr=5.95e-04 loss_world=0.6678 |∇|=8.48e+00 γ=1.007 T=0.0501
2026-04-29 16:48:30,615 INFO train_distributed it= 109 lr=5.20e-04 loss_world=0.9814 |∇|=1.79e+00 γ=1.015 T=0.0502
2026-04-29 16:48:30,826 INFO train_distributed it= 109 lr=5.20e-04 loss_world=0.6756 |∇|=4.98e+00 γ=1.010 T=0.0501
2026-04-29 16:48:35,749 INFO train_distributed it= 119 lr=4.47e-04 loss_world=1.4432 |∇|=1.13e+00 γ=1.016 T=0.0501
2026-04-29 16:48:35,947 INFO train_distributed it= 119 lr=4.47e-04 loss_world=0.8445 |∇|=1.71e+00 γ=1.010 T=0.0501
2026-04-29 16:48:40,882 INFO train_distributed it= 129 lr=3.76e-04 loss_world=0.7481 |∇|=1.11e+00 γ=1.016 T=0.0501
2026-04-29 16:48:41,060 INFO train_distributed it= 129 lr=3.76e-04 loss_world=0.8776 |∇|=1.73e+00 γ=1.011 T=0.0501
2026-04-29 16:48:46,025 INFO train_distributed it= 139 lr=3.10e-04 loss_world=0.8051 |∇|=1.53e+00 γ=1.016 T=0.0501
2026-04-29 16:48:46,167 INFO train_distributed it= 139 lr=3.10e-04 loss_world=1.2393 |∇|=3.92e+00 γ=1.011 T=0.0500
2026-04-29 16:48:49,419 INFO train_distributed it=  39 lr=9.49e-04 loss_world=0.7519 |∇|=1.36e+01 γ=0.994 T=0.0501
2026-04-29 16:48:49,448 INFO train_distributed it=  39 lr=9.49e-04 loss_world=0.9020 |∇|=2.32e+01 γ=0.996 T=0.0496
2026-04-29 16:48:49,644 INFO train_distributed it=  39 lr=9.49e-04 loss_world=0.9595 |∇|=4.28e+01 γ=1.001 T=0.0504
2026-04-29 16:48:50,489 INFO train_distributed it=  29 lr=9.78e-04 loss_world=0.7262 |∇|=1.51e+01 γ=1.000 T=0.0494
2026-04-29 16:48:51,228 INFO train_distributed it= 149 lr=2.51e-04 loss_world=0.7758 |∇|=8.46e+00 γ=1.016 T=0.0501
2026-04-29 16:48:51,284 INFO train_distributed it= 149 lr=2.51e-04 loss_world=0.8549 |∇|=1.25e+00 γ=1.010 T=0.0500
2026-04-29 16:48:51,702 INFO train_distributed it=  29 lr=9.78e-04 loss_world=1.3994 |∇|=1.37e+01 γ=0.995 T=0.0500
2026-04-29 16:48:56,406 INFO train_distributed it= 159 lr=2.00e-04 loss_world=0.8177 |∇|=1.39e+00 γ=1.010 T=0.0500
2026-04-29 16:48:56,451 INFO train_distributed it= 159 lr=2.00e-04 loss_world=0.8456 |∇|=3.89e+00 γ=1.017 T=0.0501
2026-04-29 16:49:01,513 INFO train_distributed it= 169 lr=1.58e-04 loss_world=1.0789 |∇|=4.69e-01 γ=1.010 T=0.0500
2026-04-29 16:49:01,602 INFO train_distributed it= 169 lr=1.58e-04 loss_world=0.8946 |∇|=2.51e+01 γ=1.017 T=0.0501
2026-04-29 16:49:06,628 INFO train_distributed it= 179 lr=1.27e-04 loss_world=1.1504 |∇|=5.14e+00 γ=1.010 T=0.0500
2026-04-29 16:49:06,734 INFO train_distributed it= 179 lr=1.27e-04 loss_world=0.9214 |∇|=5.21e-01 γ=1.017 T=0.0501
2026-04-29 16:49:11,738 INFO train_distributed it= 189 lr=1.07e-04 loss_world=0.8044 |∇|=4.82e+00 γ=1.011 T=0.0500
2026-04-29 16:49:11,874 INFO train_distributed it= 189 lr=1.07e-04 loss_world=1.3444 |∇|=4.25e+00 γ=1.017 T=0.0501
2026-04-29 16:49:16,840 INFO train_distributed it= 199 lr=1.00e-04 loss_world=1.2494 |∇|=2.58e+00 γ=1.011 T=0.0500
2026-04-29 16:49:16,848 INFO train_distributed training finished in 103.9s (200 iters, world_size=1)
2026-04-29 16:49:16,848 INFO train_distributed [rank 0] peak HBM: alloc=0.61 GB, reserved=0.82 GB
2026-04-29 16:49:16,851 INFO train_distributed [rank 0] wrote experiments/044_arch_all_stacked/results_stack_with_isab_seed4/training_log.json
2026-04-29 16:49:17,014 INFO train_distributed it= 199 lr=1.00e-04 loss_world=0.8128 |∇|=3.16e+00 γ=1.017 T=0.0501
2026-04-29 16:49:17,022 INFO train_distributed training finished in 104.4s (200 iters, world_size=1)
2026-04-29 16:49:17,022 INFO train_distributed [rank 0] peak HBM: alloc=0.61 GB, reserved=0.82 GB
2026-04-29 16:49:17,025 INFO train_distributed [rank 0] wrote experiments/044_arch_all_stacked/results_stack_with_isab_seed3/training_log.json
  ✓ stack_with_isab_seed4 108s (card 1)
  ✓ stack_with_isab_seed3 109s (card 0)
2026-04-29 16:49:25,845 INFO train_distributed it=  49 lr=9.10e-04 loss_world=1.0836 |∇|=1.27e+01 γ=0.997 T=0.0500
2026-04-29 16:49:25,857 INFO train_distributed it=  49 lr=9.10e-04 loss_world=0.5301 |∇|=2.00e+01 γ=0.997 T=0.0496
2026-04-29 16:49:26,143 INFO train_distributed it=  49 lr=9.10e-04 loss_world=0.9989 |∇|=9.28e+01 γ=1.002 T=0.0504
2026-04-29 16:49:39,895 INFO train_distributed it=  39 lr=9.49e-04 loss_world=1.2164 |∇|=3.25e+01 γ=0.999 T=0.0494
2026-04-29 16:49:40,670 INFO train_distributed it=  39 lr=9.49e-04 loss_world=0.8689 |∇|=1.45e+01 γ=1.001 T=0.0500
2026-04-29 16:50:02,258 INFO train_distributed it=  59 lr=8.60e-04 loss_world=0.9508 |∇|=2.27e+01 γ=0.997 T=0.0496
2026-04-29 16:50:02,266 INFO train_distributed it=  59 lr=8.60e-04 loss_world=0.9260 |∇|=1.72e+01 γ=0.999 T=0.0500
2026-04-29 16:50:02,642 INFO train_distributed it=  59 lr=8.60e-04 loss_world=0.8205 |∇|=2.52e+01 γ=0.999 T=0.0504
2026-04-29 16:50:16,320 INFO train_distributed it=  49 lr=9.10e-04 loss_world=1.1023 |∇|=2.50e+01 γ=1.001 T=0.0493
2026-04-29 16:50:17,133 INFO train_distributed it=  49 lr=9.10e-04 loss_world=0.8559 |∇|=1.72e+01 γ=1.007 T=0.0501
2026-04-29 16:50:38,692 INFO train_distributed it=  69 lr=8.02e-04 loss_world=0.4828 |∇|=1.68e+01 γ=0.996 T=0.0496
2026-04-29 16:50:38,700 INFO train_distributed it=  69 lr=8.02e-04 loss_world=0.5367 |∇|=1.88e+01 γ=0.997 T=0.0500
2026-04-29 16:50:39,136 INFO train_distributed it=  69 lr=8.02e-04 loss_world=1.2689 |∇|=2.39e+02 γ=0.996 T=0.0503
2026-04-29 16:50:52,754 INFO train_distributed it=  59 lr=8.60e-04 loss_world=0.8368 |∇|=1.35e+01 γ=1.001 T=0.0492
2026-04-29 16:50:53,595 INFO train_distributed it=  59 lr=8.60e-04 loss_world=1.0399 |∇|=2.53e+01 γ=1.007 T=0.0502
2026-04-29 16:51:15,117 INFO train_distributed it=  79 lr=7.38e-04 loss_world=0.6429 |∇|=3.82e+01 γ=0.994 T=0.0500
2026-04-29 16:51:15,119 INFO train_distributed it=  79 lr=7.38e-04 loss_world=0.7518 |∇|=1.89e+01 γ=0.995 T=0.0498
2026-04-29 16:51:15,635 INFO train_distributed it=  79 lr=7.38e-04 loss_world=1.1911 |∇|=9.55e+01 γ=0.995 T=0.0503
2026-04-29 16:51:29,189 INFO train_distributed it=  69 lr=8.02e-04 loss_world=0.8958 |∇|=1.28e+01 γ=1.002 T=0.0492
2026-04-29 16:51:30,061 INFO train_distributed it=  69 lr=8.02e-04 loss_world=0.9719 |∇|=1.52e+01 γ=1.006 T=0.0502
2026-04-29 16:51:51,547 INFO train_distributed it=  89 lr=6.68e-04 loss_world=2.0217 |∇|=2.62e+01 γ=0.997 T=0.0499
2026-04-29 16:51:51,550 INFO train_distributed it=  89 lr=6.68e-04 loss_world=1.0943 |∇|=4.09e+01 γ=0.995 T=0.0499
2026-04-29 16:51:52,118 INFO train_distributed it=  89 lr=6.68e-04 loss_world=1.0890 |∇|=2.74e+02 γ=0.997 T=0.0501
2026-04-29 16:52:05,611 INFO train_distributed it=  79 lr=7.38e-04 loss_world=0.5177 |∇|=8.57e+00 γ=1.005 T=0.0493
2026-04-29 16:52:06,543 INFO train_distributed it=  79 lr=7.38e-04 loss_world=0.7260 |∇|=5.16e+00 γ=1.006 T=0.0502
2026-04-29 16:52:27,961 INFO train_distributed it=  99 lr=5.95e-04 loss_world=0.9270 |∇|=1.31e+01 γ=0.995 T=0.0499
2026-04-29 16:52:27,980 INFO train_distributed it=  99 lr=5.95e-04 loss_world=0.8528 |∇|=1.25e+01 γ=0.998 T=0.0499
2026-04-29 16:52:28,617 INFO train_distributed it=  99 lr=5.95e-04 loss_world=0.7268 |∇|=4.68e+02 γ=0.996 T=0.0499
2026-04-29 16:52:42,042 INFO train_distributed it=  89 lr=6.68e-04 loss_world=1.3231 |∇|=2.52e+01 γ=1.008 T=0.0494
2026-04-29 16:52:43,023 INFO train_distributed it=  89 lr=6.68e-04 loss_world=0.9000 |∇|=2.08e+01 γ=1.007 T=0.0501
2026-04-29 16:53:04,366 INFO train_distributed it= 109 lr=5.20e-04 loss_world=1.0776 |∇|=1.53e+01 γ=0.995 T=0.0500
2026-04-29 16:53:04,403 INFO train_distributed it= 109 lr=5.20e-04 loss_world=1.0057 |∇|=1.17e+01 γ=0.996 T=0.0498
2026-04-29 16:53:05,106 INFO train_distributed it= 109 lr=5.20e-04 loss_world=0.7402 |∇|=2.23e+03 γ=0.991 T=0.0498
2026-04-29 16:53:18,471 INFO train_distributed it=  99 lr=5.95e-04 loss_world=0.6886 |∇|=1.42e+01 γ=1.009 T=0.0494
2026-04-29 16:53:19,502 INFO train_distributed it=  99 lr=5.95e-04 loss_world=0.7943 |∇|=1.61e+01 γ=1.007 T=0.0501
2026-04-29 16:53:40,764 INFO train_distributed it= 119 lr=4.47e-04 loss_world=0.9537 |∇|=1.60e+01 γ=0.995 T=0.0501
2026-04-29 16:53:40,834 INFO train_distributed it= 119 lr=4.47e-04 loss_world=0.8548 |∇|=2.93e+01 γ=0.996 T=0.0498
2026-04-29 16:53:41,598 INFO train_distributed it= 119 lr=4.47e-04 loss_world=1.2533 |∇|=1.46e+03 γ=0.989 T=0.0496
2026-04-29 16:53:54,905 INFO train_distributed it= 109 lr=5.20e-04 loss_world=1.0560 |∇|=1.99e+01 γ=1.010 T=0.0494
2026-04-29 16:53:55,979 INFO train_distributed it= 109 lr=5.20e-04 loss_world=1.0669 |∇|=1.71e+01 γ=1.007 T=0.0501
2026-04-29 16:54:17,162 INFO train_distributed it= 129 lr=3.76e-04 loss_world=0.7551 |∇|=1.16e+01 γ=0.995 T=0.0501
2026-04-29 16:54:17,266 INFO train_distributed it= 129 lr=3.76e-04 loss_world=1.1680 |∇|=2.21e+01 γ=0.996 T=0.0498
2026-04-29 16:54:18,084 INFO train_distributed it= 129 lr=3.76e-04 loss_world=0.8010 |∇|=9.97e+02 γ=0.988 T=0.0495
2026-04-29 16:54:31,335 INFO train_distributed it= 119 lr=4.47e-04 loss_world=0.9346 |∇|=3.96e+01 γ=1.010 T=0.0494
2026-04-29 16:54:32,456 INFO train_distributed it= 119 lr=4.47e-04 loss_world=0.6683 |∇|=2.92e+01 γ=1.006 T=0.0501
2026-04-29 16:54:53,556 INFO train_distributed it= 139 lr=3.10e-04 loss_world=0.5999 |∇|=2.54e+01 γ=0.996 T=0.0501
2026-04-29 16:54:53,697 INFO train_distributed it= 139 lr=3.10e-04 loss_world=0.8918 |∇|=5.05e+01 γ=0.996 T=0.0498
2026-04-29 16:54:54,575 INFO train_distributed it= 139 lr=3.10e-04 loss_world=1.0526 |∇|=4.89e+01 γ=0.988 T=0.0495
2026-04-29 16:55:07,767 INFO train_distributed it= 129 lr=3.76e-04 loss_world=0.9517 |∇|=1.26e+01 γ=1.009 T=0.0494
2026-04-29 16:55:08,940 INFO train_distributed it= 129 lr=3.76e-04 loss_world=0.6775 |∇|=2.16e+01 γ=1.005 T=0.0501
2026-04-29 16:55:29,970 INFO train_distributed it= 149 lr=2.51e-04 loss_world=0.8712 |∇|=3.82e+01 γ=0.996 T=0.0501
2026-04-29 16:55:30,109 INFO train_distributed it= 149 lr=2.51e-04 loss_world=0.9201 |∇|=1.01e+01 γ=0.995 T=0.0499
2026-04-29 16:55:31,057 INFO train_distributed it= 149 lr=2.51e-04 loss_world=0.6922 |∇|=2.29e+02 γ=0.988 T=0.0495
2026-04-29 16:55:44,199 INFO train_distributed it= 139 lr=3.10e-04 loss_world=1.4589 |∇|=2.21e+01 γ=1.008 T=0.0494
2026-04-29 16:55:45,420 INFO train_distributed it= 139 lr=3.10e-04 loss_world=1.1264 |∇|=2.57e+01 γ=1.007 T=0.0501
2026-04-29 16:56:06,388 INFO train_distributed it= 159 lr=2.00e-04 loss_world=0.8606 |∇|=4.96e+01 γ=0.996 T=0.0501
2026-04-29 16:56:06,523 INFO train_distributed it= 159 lr=2.00e-04 loss_world=0.6716 |∇|=9.34e+00 γ=0.995 T=0.0499
2026-04-29 16:56:07,553 INFO train_distributed it= 159 lr=2.00e-04 loss_world=1.0779 |∇|=1.36e+02 γ=0.988 T=0.0495
2026-04-29 16:56:20,636 INFO train_distributed it= 149 lr=2.51e-04 loss_world=0.9227 |∇|=7.25e+00 γ=1.007 T=0.0494
2026-04-29 16:56:21,904 INFO train_distributed it= 149 lr=2.51e-04 loss_world=0.6281 |∇|=1.79e+01 γ=1.007 T=0.0501
2026-04-29 16:56:42,785 INFO train_distributed it= 169 lr=1.58e-04 loss_world=0.5207 |∇|=3.81e+01 γ=0.996 T=0.0500
2026-04-29 16:56:42,935 INFO train_distributed it= 169 lr=1.58e-04 loss_world=0.9326 |∇|=1.80e+01 γ=0.995 T=0.0499
2026-04-29 16:56:44,037 INFO train_distributed it= 169 lr=1.58e-04 loss_world=0.8326 |∇|=1.30e+02 γ=0.988 T=0.0495
2026-04-29 16:56:57,071 INFO train_distributed it= 159 lr=2.00e-04 loss_world=0.8663 |∇|=7.86e+00 γ=1.007 T=0.0494
2026-04-29 16:56:58,375 INFO train_distributed it= 159 lr=2.00e-04 loss_world=1.3351 |∇|=2.29e+01 γ=1.006 T=0.0500
2026-04-29 16:57:19,189 INFO train_distributed it= 179 lr=1.27e-04 loss_world=0.8265 |∇|=2.96e+01 γ=0.996 T=0.0500
2026-04-29 16:57:19,351 INFO train_distributed it= 179 lr=1.27e-04 loss_world=1.1043 |∇|=1.50e+02 γ=0.995 T=0.0499
2026-04-29 16:57:20,529 INFO train_distributed it= 179 lr=1.27e-04 loss_world=0.6172 |∇|=8.82e+01 γ=0.988 T=0.0495
2026-04-29 16:57:33,508 INFO train_distributed it= 169 lr=1.58e-04 loss_world=1.2025 |∇|=2.34e+01 γ=1.007 T=0.0494
2026-04-29 16:57:34,860 INFO train_distributed it= 169 lr=1.58e-04 loss_world=0.6474 |∇|=6.36e+01 γ=1.006 T=0.0500
2026-04-29 16:57:55,596 INFO train_distributed it= 189 lr=1.07e-04 loss_world=1.0321 |∇|=7.23e+01 γ=0.996 T=0.0500
2026-04-29 16:57:55,772 INFO train_distributed it= 189 lr=1.07e-04 loss_world=0.8944 |∇|=1.35e+01 γ=0.995 T=0.0499
2026-04-29 16:57:57,016 INFO train_distributed it= 189 lr=1.07e-04 loss_world=0.8333 |∇|=1.70e+02 γ=0.988 T=0.0495
2026-04-29 16:58:09,953 INFO train_distributed it= 179 lr=1.27e-04 loss_world=1.2134 |∇|=2.16e+01 γ=1.007 T=0.0494
2026-04-29 16:58:11,344 INFO train_distributed it= 179 lr=1.27e-04 loss_world=0.8294 |∇|=5.81e+01 γ=1.006 T=0.0500
2026-04-29 16:58:31,988 INFO train_distributed it= 199 lr=1.00e-04 loss_world=1.1392 |∇|=3.49e+01 γ=0.996 T=0.0500
2026-04-29 16:58:31,995 INFO train_distributed training finished in 729.6s (200 iters, world_size=1)
2026-04-29 16:58:31,995 INFO train_distributed [rank 0] peak HBM: alloc=9.10 GB, reserved=10.26 GB
2026-04-29 16:58:31,998 INFO train_distributed [rank 0] wrote experiments/044_arch_all_stacked/results_stack_no_isab_seed4/training_log.json
2026-04-29 16:58:32,197 INFO train_distributed it= 199 lr=1.00e-04 loss_world=0.8903 |∇|=1.42e+01 γ=0.995 T=0.0498
2026-04-29 16:58:32,203 INFO train_distributed training finished in 729.8s (200 iters, world_size=1)
2026-04-29 16:58:32,203 INFO train_distributed [rank 0] peak HBM: alloc=9.10 GB, reserved=10.26 GB
2026-04-29 16:58:32,206 INFO train_distributed [rank 0] wrote experiments/044_arch_all_stacked/results_stack_no_isab_seed3/training_log.json
  ✓ stack_no_isab_seed4 739s (card 4)
  ✓ stack_no_isab_seed3 740s (card 3)
2026-04-29 16:58:33,508 INFO train_distributed it= 199 lr=1.00e-04 loss_world=0.9704 |∇|=5.12e+02 γ=0.988 T=0.0495
2026-04-29 16:58:33,514 INFO train_distributed training finished in 731.1s (200 iters, world_size=1)
2026-04-29 16:58:33,514 INFO train_distributed [rank 0] peak HBM: alloc=9.10 GB, reserved=10.26 GB
2026-04-29 16:58:33,517 INFO train_distributed [rank 0] wrote experiments/044_arch_all_stacked/results_stack_no_isab_seed2/training_log.json
  ✓ stack_no_isab_seed2 741s (card 2)
2026-04-29 16:58:46,391 INFO train_distributed it= 189 lr=1.07e-04 loss_world=0.7354 |∇|=4.23e+01 γ=1.007 T=0.0495
2026-04-29 16:58:47,824 INFO train_distributed it= 189 lr=1.07e-04 loss_world=0.8739 |∇|=2.61e+01 γ=1.005 T=0.0500
2026-04-29 16:59:22,833 INFO train_distributed it= 199 lr=1.00e-04 loss_world=0.8672 |∇|=1.29e+01 γ=1.007 T=0.0495
2026-04-29 16:59:22,839 INFO train_distributed training finished in 780.4s (200 iters, world_size=1)
2026-04-29 16:59:22,839 INFO train_distributed [rank 0] peak HBM: alloc=9.10 GB, reserved=10.26 GB
2026-04-29 16:59:22,842 INFO train_distributed [rank 0] wrote experiments/044_arch_all_stacked/results_stack_no_isab_seed1/training_log.json
  ✓ stack_no_isab_seed1 790s (card 1)
2026-04-29 16:59:24,310 INFO train_distributed it= 199 lr=1.00e-04 loss_world=0.7207 |∇|=3.91e+01 γ=1.005 T=0.0501
2026-04-29 16:59:24,317 INFO train_distributed training finished in 781.9s (200 iters, world_size=1)
2026-04-29 16:59:24,317 INFO train_distributed [rank 0] peak HBM: alloc=9.10 GB, reserved=10.26 GB
2026-04-29 16:59:24,320 INFO train_distributed [rank 0] wrote experiments/044_arch_all_stacked/results_stack_no_isab_seed0/training_log.json
  ✓ stack_no_isab_seed0 792s (card 0)

═ EVAL  stack_no_isab_seed0 (card 0) ═ 16:59:25

═ EVAL  stack_no_isab_seed1 (card 1) ═ 16:59:25

═ EVAL  stack_no_isab_seed2 (card 2) ═ 16:59:25

═ EVAL  stack_no_isab_seed3 (card 3) ═ 16:59:25

═ EVAL  stack_no_isab_seed4 (card 4) ═ 16:59:25

═ EVAL  stack_with_isab_seed0 (card 5) ═ 16:59:25

═ EVAL  stack_with_isab_seed1 (card 6) ═ 16:59:25

═ EVAL  stack_with_isab_seed2 (card 7) ═ 16:59:25
2026-04-29 16:59:30,017 INFO inference_run_large [dist] world_size=1 cuda=True
2026-04-29 16:59:30,648 INFO inference_run_large [dist] world_size=1 cuda=True
2026-04-29 16:59:31,073 INFO inference_run_large [dist] world_size=1 cuda=True
2026-04-29 16:59:31,417 INFO inference_run_large [dist] world_size=1 cuda=True
2026-04-29 16:59:31,772 INFO inference_run_large [dist] world_size=1 cuda=True
2026-04-29 16:59:32,158 INFO inference_run_large [dist] world_size=1 cuda=True
2026-04-29 16:59:32,525 INFO inference_run_large [dist] world_size=1 cuda=True
2026-04-29 16:59:33,008 INFO inference_run_large [dist] world_size=1 cuda=True
2026-04-29 16:59:33,669 INFO inference_run_large loaded checkpoint iter=200 from /AI4S/Users/howardwang/h204/ecophys/experiments/044_arch_all_stacked/results_stack_with_isab_seed2/checkpoint.pt
2026-04-29 16:59:33,682 INFO inference_run_large loaded checkpoint iter=200 from /AI4S/Users/howardwang/h204/ecophys/experiments/044_arch_all_stacked/results_stack_with_isab_seed1/checkpoint.pt
2026-04-29 16:59:33,708 INFO inference_run_large loaded checkpoint iter=200 from /AI4S/Users/howardwang/h204/ecophys/experiments/044_arch_all_stacked/results_stack_no_isab_seed2/checkpoint.pt
2026-04-29 16:59:33,708 INFO inference_run_large loaded checkpoint iter=200 from /AI4S/Users/howardwang/h204/ecophys/experiments/044_arch_all_stacked/results_stack_no_isab_seed4/checkpoint.pt
2026-04-29 16:59:33,708 INFO inference_run_large loaded checkpoint iter=200 from /AI4S/Users/howardwang/h204/ecophys/experiments/044_arch_all_stacked/results_stack_with_isab_seed0/checkpoint.pt
2026-04-29 16:59:33,724 INFO inference_run_large loaded checkpoint iter=200 from /AI4S/Users/howardwang/h204/ecophys/experiments/044_arch_all_stacked/results_stack_no_isab_seed3/checkpoint.pt
2026-04-29 16:59:33,737 INFO inference_run_large loaded checkpoint iter=200 from /AI4S/Users/howardwang/h204/ecophys/experiments/044_arch_all_stacked/results_stack_no_isab_seed0/checkpoint.pt
2026-04-29 16:59:33,853 INFO inference_run_large loaded checkpoint iter=200 from /AI4S/Users/howardwang/h204/ecophys/experiments/044_arch_all_stacked/results_stack_no_isab_seed1/checkpoint.pt
2026-04-29 16:59:48,943 INFO inference_run_large [rank 0] rollout 1/4 seed=10000 took 14.3s
2026-04-29 16:59:49,098 INFO inference_run_large [rank 0] rollout 1/4 seed=10000 took 14.5s
2026-04-29 16:59:49,155 INFO inference_run_large [rank 0] rollout 1/4 seed=10000 took 14.5s
2026-04-29 17:00:03,226 INFO inference_run_large [rank 0] rollout 2/4 seed=10001 took 14.0s
2026-04-29 17:00:03,228 INFO inference_run_large [rank 0] rollout 2/4 seed=10001 took 14.2s
2026-04-29 17:00:03,236 INFO inference_run_large [rank 0] rollout 2/4 seed=10001 took 14.0s
2026-04-29 17:00:17,073 INFO inference_run_large [rank 0] rollout 3/4 seed=10002 took 13.8s
2026-04-29 17:00:17,544 INFO inference_run_large [rank 0] rollout 3/4 seed=10002 took 14.2s
2026-04-29 17:00:17,700 INFO inference_run_large [rank 0] rollout 3/4 seed=10002 took 14.4s
2026-04-29 17:00:30,846 INFO inference_run_large [rank 0] rollout 4/4 seed=10003 took 13.7s
2026-04-29 17:00:30,849 INFO inference_run_large [rank 0] wrote /AI4S/Users/howardwang/h204/ecophys/experiments/044_arch_all_stacked/results_stack_with_isab_seed0/inference_rank_0.json
2026-04-29 17:00:30,853 INFO inference_run_large [rank 0] merged 4 rollouts → /AI4S/Users/howardwang/h204/ecophys/experiments/044_arch_all_stacked/results_stack_with_isab_seed0/inference_merged.json
2026-04-29 17:00:31,423 INFO inference_run_large [rank 0] rollout 4/4 seed=10003 took 13.8s
2026-04-29 17:00:31,427 INFO inference_run_large [rank 0] wrote /AI4S/Users/howardwang/h204/ecophys/experiments/044_arch_all_stacked/results_stack_with_isab_seed1/inference_rank_0.json
2026-04-29 17:00:31,431 INFO inference_run_large [rank 0] merged 4 rollouts → /AI4S/Users/howardwang/h204/ecophys/experiments/044_arch_all_stacked/results_stack_with_isab_seed1/inference_merged.json
2026-04-29 17:00:31,677 INFO inference_run_large [rank 0] rollout 4/4 seed=10003 took 13.9s
2026-04-29 17:00:31,680 INFO inference_run_large [rank 0] wrote /AI4S/Users/howardwang/h204/ecophys/experiments/044_arch_all_stacked/results_stack_with_isab_seed2/inference_rank_0.json
2026-04-29 17:00:31,684 INFO inference_run_large [rank 0] merged 4 rollouts → /AI4S/Users/howardwang/h204/ecophys/experiments/044_arch_all_stacked/results_stack_with_isab_seed2/inference_merged.json
  ✓ eval stack_with_isab_seed0 66s (card 5)

═ EVAL  stack_with_isab_seed3 (card 0) ═ 17:00:31
  ✓ eval stack_with_isab_seed1 67s (card 6)

═ EVAL  stack_with_isab_seed4 (card 1) ═ 17:00:32
  ✓ eval stack_with_isab_seed2 67s (card 7)
2026-04-29 17:00:35,054 INFO inference_run_large [dist] world_size=1 cuda=True
2026-04-29 17:00:35,588 INFO inference_run_large [dist] world_size=1 cuda=True
2026-04-29 17:00:35,817 INFO inference_run_large loaded checkpoint iter=200 from /AI4S/Users/howardwang/h204/ecophys/experiments/044_arch_all_stacked/results_stack_with_isab_seed3/checkpoint.pt
2026-04-29 17:00:36,127 INFO inference_run_large loaded checkpoint iter=200 from /AI4S/Users/howardwang/h204/ecophys/experiments/044_arch_all_stacked/results_stack_with_isab_seed4/checkpoint.pt
2026-04-29 17:00:54,464 INFO inference_run_large [rank 0] rollout 1/4 seed=10000 took 17.7s
2026-04-29 17:00:54,991 INFO inference_run_large [rank 0] rollout 1/4 seed=10000 took 17.9s
Traceback (most recent call last):
  File "<frozen runpy>", line 198, in _run_module_as_main
  File "<frozen runpy>", line 88, in _run_code
  File "/AI4S/Users/howardwang/h204/ecophys/ecomd/inference/run_large.py", line 167, in <module>
    main()
  File "/AI4S/Users/howardwang/h204/ecophys/ecomd/inference/run_large.py", line 103, in main
    traj = sim.run(n_steps=args.n_steps, seed=seed)
           ^^^^^^^^^^^^^^^^^^^^^^^^^^^^^^^^^^^^^^^^
  File "/root/miniconda3/envs/ecophys/lib/python3.12/site-packages/torch/utils/_contextlib.py", line 116, in decorate_context
    return func(*args, **kwargs)
           ^^^^^^^^^^^^^^^^^^^^^
  File "/AI4S/Users/howardwang/h204/ecophys/ecomd/models/ecomd.py", line 963, in run
    return recorder.finalize()
           ^^^^^^^^^^^^^^^^^^^
  File "/AI4S/Users/howardwang/h204/ecophys/ecomd/physics/observables.py", line 144, in finalize
    velocities=torch.stack(self._velocities),
               ^^^^^^^^^^^^^^^^^^^^^^^^^^^^^
torch.OutOfMemoryError: CUDA out of memory. Tried to allocate 4.77 GiB. GPU 0 has a total capacity of 95.08 GiB of which 3.53 GiB is free. Process 1297840 has 23.62 GiB memory in use. Including non-PyTorch memory, this process has 67.92 GiB memory in use. Of the allocated memory 67.40 GiB is allocated by PyTorch, and 31.70 MiB is reserved by PyTorch but unallocated. If reserved but unallocated memory is large try setting PYTORCH_CUDA_ALLOC_CONF=expandable_segments:True to avoid fragmentation.  See documentation for Memory Management  (https://pytorch.org/docs/stable/notes/cuda.html#environment-variables)
Traceback (most recent call last):
  File "<frozen runpy>", line 198, in _run_module_as_main
  File "<frozen runpy>", line 88, in _run_code
  File "/AI4S/Users/howardwang/h204/ecophys/ecomd/inference/run_large.py", line 167, in <module>
    main()
  File "/AI4S/Users/howardwang/h204/ecophys/ecomd/inference/run_large.py", line 103, in main
    traj = sim.run(n_steps=args.n_steps, seed=seed)
           ^^^^^^^^^^^^^^^^^^^^^^^^^^^^^^^^^^^^^^^^
  File "/root/miniconda3/envs/ecophys/lib/python3.12/site-packages/torch/utils/_contextlib.py", line 116, in decorate_context
    return func(*args, **kwargs)
           ^^^^^^^^^^^^^^^^^^^^^
  File "/AI4S/Users/howardwang/h204/ecophys/ecomd/models/ecomd.py", line 963, in run
    return recorder.finalize()
           ^^^^^^^^^^^^^^^^^^^
  File "/AI4S/Users/howardwang/h204/ecophys/ecomd/physics/observables.py", line 144, in finalize
    velocities=torch.stack(self._velocities),
               ^^^^^^^^^^^^^^^^^^^^^^^^^^^^^
torch.OutOfMemoryError: CUDA out of memory. Tried to allocate 4.77 GiB. GPU 0 has a total capacity of 95.08 GiB of which 3.35 GiB is free. Process 1298045 has 23.80 GiB memory in use. Including non-PyTorch memory, this process has 67.92 GiB memory in use. Of the allocated memory 67.40 GiB is allocated by PyTorch, and 31.70 MiB is reserved by PyTorch but unallocated. If reserved but unallocated memory is large try setting PYTORCH_CUDA_ALLOC_CONF=expandable_segments:True to avoid fragmentation.  See documentation for Memory Management  (https://pytorch.org/docs/stable/notes/cuda.html#environment-variables)
2026-04-29 17:01:12,597 INFO inference_run_large [rank 0] rollout 1/4 seed=10000 took 97.9s
E0429 17:01:12.602000 1301498 site-packages/torch/distributed/elastic/multiprocessing/api.py:869] failed (exitcode: 1) local_rank: 0 (pid: 1301730) of binary: /root/miniconda3/envs/ecophys/bin/python3.12
Traceback (most recent call last):
  File "/root/miniconda3/envs/ecophys/bin/torchrun", line 6, in <module>
    sys.exit(main())
             ^^^^^^
  File "/root/miniconda3/envs/ecophys/lib/python3.12/site-packages/torch/distributed/elastic/multiprocessing/errors/__init__.py", line 355, in wrapper
    return f(*args, **kwargs)
           ^^^^^^^^^^^^^^^^^^
  File "/root/miniconda3/envs/ecophys/lib/python3.12/site-packages/torch/distributed/run.py", line 918, in main
    run(args)
  File "/root/miniconda3/envs/ecophys/lib/python3.12/site-packages/torch/distributed/run.py", line 909, in run
    elastic_launch(
  File "/root/miniconda3/envs/ecophys/lib/python3.12/site-packages/torch/distributed/launcher/api.py", line 138, in __call__
    return launch_agent(self._config, self._entrypoint, list(args))
           ^^^^^^^^^^^^^^^^^^^^^^^^^^^^^^^^^^^^^^^^^^^^^^^^^^^^^^^^
  File "/root/miniconda3/envs/ecophys/lib/python3.12/site-packages/torch/distributed/launcher/api.py", line 269, in launch_agent
    raise ChildFailedError(
torch.distributed.elastic.multiprocessing.errors.ChildFailedError: 
============================================================
ecomd.inference.run_large FAILED
------------------------------------------------------------
Failures:
  <NO_OTHER_FAILURES>
------------------------------------------------------------
Root Cause (first observed failure):
[0]:
  time      : 2026-04-29_17:01:12
  host      : nb-755846ce0e46404ee8-5cfd549bf-wxkpg
  rank      : 0 (local_rank: 0)
  exitcode  : 1 (pid: 1301730)
  error_file: <N/A>
  traceback : To enable traceback see: https://pytorch.org/docs/stable/elastic/errors.html
============================================================
2026-04-29 17:01:12,667 INFO inference_run_large [rank 0] rollout 1/4 seed=10000 took 98.0s
2026-04-29 17:01:12,703 INFO inference_run_large [rank 0] rollout 1/4 seed=10000 took 98.0s
  ✗ eval stack_with_isab_seed3 exit=1 (card 0)
E0429 17:01:13.153000 1301524 site-packages/torch/distributed/elastic/multiprocessing/api.py:869] failed (exitcode: 1) local_rank: 0 (pid: 1301797) of binary: /root/miniconda3/envs/ecophys/bin/python3.12
Traceback (most recent call last):
  File "/root/miniconda3/envs/ecophys/bin/torchrun", line 6, in <module>
    sys.exit(main())
             ^^^^^^
  File "/root/miniconda3/envs/ecophys/lib/python3.12/site-packages/torch/distributed/elastic/multiprocessing/errors/__init__.py", line 355, in wrapper
    return f(*args, **kwargs)
           ^^^^^^^^^^^^^^^^^^
  File "/root/miniconda3/envs/ecophys/lib/python3.12/site-packages/torch/distributed/run.py", line 918, in main
    run(args)
  File "/root/miniconda3/envs/ecophys/lib/python3.12/site-packages/torch/distributed/run.py", line 909, in run
    elastic_launch(
  File "/root/miniconda3/envs/ecophys/lib/python3.12/site-packages/torch/distributed/launcher/api.py", line 138, in __call__
    return launch_agent(self._config, self._entrypoint, list(args))
           ^^^^^^^^^^^^^^^^^^^^^^^^^^^^^^^^^^^^^^^^^^^^^^^^^^^^^^^^
  File "/root/miniconda3/envs/ecophys/lib/python3.12/site-packages/torch/distributed/launcher/api.py", line 269, in launch_agent
    raise ChildFailedError(
torch.distributed.elastic.multiprocessing.errors.ChildFailedError: 
============================================================
ecomd.inference.run_large FAILED
------------------------------------------------------------
Failures:
  <NO_OTHER_FAILURES>
------------------------------------------------------------
Root Cause (first observed failure):
[0]:
  time      : 2026-04-29_17:01:13
  host      : nb-755846ce0e46404ee8-5cfd549bf-wxkpg
  rank      : 0 (local_rank: 0)
  exitcode  : 1 (pid: 1301797)
  error_file: <N/A>
  traceback : To enable traceback see: https://pytorch.org/docs/stable/elastic/errors.html
============================================================
  ✗ eval stack_with_isab_seed4 exit=1 (card 1)
2026-04-29 17:01:29,585 INFO inference_run_large [rank 0] rollout 1/4 seed=10000 took 114.7s
2026-04-29 17:01:29,832 INFO inference_run_large [rank 0] rollout 1/4 seed=10000 took 115.1s
2026-04-29 17:02:50,001 INFO inference_run_large [rank 0] rollout 2/4 seed=10001 took 97.3s
2026-04-29 17:02:50,146 INFO inference_run_large [rank 0] rollout 2/4 seed=10001 took 97.4s
2026-04-29 17:02:50,258 INFO inference_run_large [rank 0] rollout 2/4 seed=10001 took 97.5s
2026-04-29 17:03:06,954 INFO inference_run_large [rank 0] rollout 2/4 seed=10001 took 97.3s
2026-04-29 17:03:07,259 INFO inference_run_large [rank 0] rollout 2/4 seed=10001 took 97.3s
2026-04-29 17:04:27,411 INFO inference_run_large [rank 0] rollout 3/4 seed=10002 took 97.3s
2026-04-29 17:04:27,660 INFO inference_run_large [rank 0] rollout 3/4 seed=10002 took 97.4s
2026-04-29 17:04:27,761 INFO inference_run_large [rank 0] rollout 3/4 seed=10002 took 97.4s
2026-04-29 17:04:44,353 INFO inference_run_large [rank 0] rollout 3/4 seed=10002 took 97.3s
2026-04-29 17:04:44,720 INFO inference_run_large [rank 0] rollout 3/4 seed=10002 took 97.4s
2026-04-29 17:06:04,770 INFO inference_run_large [rank 0] rollout 4/4 seed=10003 took 97.3s
2026-04-29 17:06:04,773 INFO inference_run_large [rank 0] wrote /AI4S/Users/howardwang/h204/ecophys/experiments/044_arch_all_stacked/results_stack_no_isab_seed4/inference_rank_0.json
2026-04-29 17:06:04,777 INFO inference_run_large [rank 0] merged 4 rollouts → /AI4S/Users/howardwang/h204/ecophys/experiments/044_arch_all_stacked/results_stack_no_isab_seed4/inference_merged.json
2026-04-29 17:06:05,126 INFO inference_run_large [rank 0] rollout 4/4 seed=10003 took 97.4s
2026-04-29 17:06:05,129 INFO inference_run_large [rank 0] wrote /AI4S/Users/howardwang/h204/ecophys/experiments/044_arch_all_stacked/results_stack_no_isab_seed3/inference_rank_0.json
2026-04-29 17:06:05,133 INFO inference_run_large [rank 0] merged 4 rollouts → /AI4S/Users/howardwang/h204/ecophys/experiments/044_arch_all_stacked/results_stack_no_isab_seed3/inference_merged.json
2026-04-29 17:06:05,180 INFO inference_run_large [rank 0] rollout 4/4 seed=10003 took 97.3s
2026-04-29 17:06:05,183 INFO inference_run_large [rank 0] wrote /AI4S/Users/howardwang/h204/ecophys/experiments/044_arch_all_stacked/results_stack_no_isab_seed2/inference_rank_0.json
2026-04-29 17:06:05,186 INFO inference_run_large [rank 0] merged 4 rollouts → /AI4S/Users/howardwang/h204/ecophys/experiments/044_arch_all_stacked/results_stack_no_isab_seed2/inference_merged.json
  ✓ eval stack_no_isab_seed4 400s (card 4)
  ✓ eval stack_no_isab_seed3 401s (card 3)
  ✓ eval stack_no_isab_seed2 401s (card 2)
2026-04-29 17:06:21,703 INFO inference_run_large [rank 0] rollout 4/4 seed=10003 took 97.2s
2026-04-29 17:06:21,706 INFO inference_run_large [rank 0] wrote /AI4S/Users/howardwang/h204/ecophys/experiments/044_arch_all_stacked/results_stack_no_isab_seed1/inference_rank_0.json
2026-04-29 17:06:21,711 INFO inference_run_large [rank 0] merged 4 rollouts → /AI4S/Users/howardwang/h204/ecophys/experiments/044_arch_all_stacked/results_stack_no_isab_seed1/inference_merged.json
2026-04-29 17:06:22,151 INFO inference_run_large [rank 0] rollout 4/4 seed=10003 took 97.3s
2026-04-29 17:06:22,154 INFO inference_run_large [rank 0] wrote /AI4S/Users/howardwang/h204/ecophys/experiments/044_arch_all_stacked/results_stack_no_isab_seed0/inference_rank_0.json
2026-04-29 17:06:22,158 INFO inference_run_large [rank 0] merged 4 rollouts → /AI4S/Users/howardwang/h204/ecophys/experiments/044_arch_all_stacked/results_stack_no_isab_seed0/inference_merged.json
  ✓ eval stack_no_isab_seed1 417s (card 1)
  ✓ eval stack_no_isab_seed0 418s (card 0)

═══ DONE — Wed Apr 29 05:06:23 PM CST 2026 ═══
