2026-04-29 16:46:20,122 INFO train_distributed [dist] rank=0 world_size=1 local_rank=0 cuda_available=True
2026-04-29 16:46:20,166 INFO train_distributed loaded 2,841 returns for spx/2015-2026_daily
2026-04-29 16:46:20,173 INFO train_distributed targets: acf_sq=0.342 leverage_sum=-0.790 hill_alpha=2.68
2026-04-29 16:46:22,392 INFO train_distributed EcoMDSimulator built: 36251 parameters (device=cuda:0)
2026-04-29 16:46:27,396 INFO train_distributed it=   0 lr=1.00e-04 loss_world=1.0162 |∇|=5.40e+00 γ=1.000 T=0.0500
2026-04-29 16:47:00,162 INFO train_distributed it=   9 lr=1.00e-03 loss_world=0.6164 |∇|=1.60e+01 γ=1.001 T=0.0498
2026-04-29 16:47:39,000 INFO train_distributed it=  19 lr=9.95e-04 loss_world=1.3974 |∇|=1.90e+02 γ=0.999 T=0.0496
2026-04-29 16:48:50,489 INFO train_distributed it=  29 lr=9.78e-04 loss_world=0.7262 |∇|=1.51e+01 γ=1.000 T=0.0494
2026-04-29 16:49:39,895 INFO train_distributed it=  39 lr=9.49e-04 loss_world=1.2164 |∇|=3.25e+01 γ=0.999 T=0.0494
2026-04-29 16:50:16,320 INFO train_distributed it=  49 lr=9.10e-04 loss_world=1.1023 |∇|=2.50e+01 γ=1.001 T=0.0493
2026-04-29 16:50:52,754 INFO train_distributed it=  59 lr=8.60e-04 loss_world=0.8368 |∇|=1.35e+01 γ=1.001 T=0.0492
2026-04-29 16:51:29,189 INFO train_distributed it=  69 lr=8.02e-04 loss_world=0.8958 |∇|=1.28e+01 γ=1.002 T=0.0492
2026-04-29 16:52:05,611 INFO train_distributed it=  79 lr=7.38e-04 loss_world=0.5177 |∇|=8.57e+00 γ=1.005 T=0.0493
2026-04-29 16:52:42,042 INFO train_distributed it=  89 lr=6.68e-04 loss_world=1.3231 |∇|=2.52e+01 γ=1.008 T=0.0494
2026-04-29 16:53:18,471 INFO train_distributed it=  99 lr=5.95e-04 loss_world=0.6886 |∇|=1.42e+01 γ=1.009 T=0.0494
2026-04-29 16:53:54,905 INFO train_distributed it= 109 lr=5.20e-04 loss_world=1.0560 |∇|=1.99e+01 γ=1.010 T=0.0494
2026-04-29 16:54:31,335 INFO train_distributed it= 119 lr=4.47e-04 loss_world=0.9346 |∇|=3.96e+01 γ=1.010 T=0.0494
2026-04-29 16:55:07,767 INFO train_distributed it= 129 lr=3.76e-04 loss_world=0.9517 |∇|=1.26e+01 γ=1.009 T=0.0494
2026-04-29 16:55:44,199 INFO train_distributed it= 139 lr=3.10e-04 loss_world=1.4589 |∇|=2.21e+01 γ=1.008 T=0.0494
2026-04-29 16:56:20,636 INFO train_distributed it= 149 lr=2.51e-04 loss_world=0.9227 |∇|=7.25e+00 γ=1.007 T=0.0494
2026-04-29 16:56:57,071 INFO train_distributed it= 159 lr=2.00e-04 loss_world=0.8663 |∇|=7.86e+00 γ=1.007 T=0.0494
2026-04-29 16:57:33,508 INFO train_distributed it= 169 lr=1.58e-04 loss_world=1.2025 |∇|=2.34e+01 γ=1.007 T=0.0494
2026-04-29 16:58:09,953 INFO train_distributed it= 179 lr=1.27e-04 loss_world=1.2134 |∇|=2.16e+01 γ=1.007 T=0.0494
2026-04-29 16:58:46,391 INFO train_distributed it= 189 lr=1.07e-04 loss_world=0.7354 |∇|=4.23e+01 γ=1.007 T=0.0495
2026-04-29 16:59:22,833 INFO train_distributed it= 199 lr=1.00e-04 loss_world=0.8672 |∇|=1.29e+01 γ=1.007 T=0.0495
2026-04-29 16:59:22,839 INFO train_distributed training finished in 780.4s (200 iters, world_size=1)
2026-04-29 16:59:22,839 INFO train_distributed [rank 0] peak HBM: alloc=9.10 GB, reserved=10.26 GB
2026-04-29 16:59:22,842 INFO train_distributed [rank 0] wrote experiments/044_arch_all_stacked/results_stack_no_isab_seed1/training_log.json
