2026-04-28 18:40:13,749 INFO train_distributed [dist] rank=0 world_size=1 local_rank=0 cuda_available=True
2026-04-28 18:40:13,793 INFO train_distributed loaded 2,841 returns for spx/2015-2026_daily
2026-04-28 18:40:13,800 INFO train_distributed targets: acf_sq=0.342 leverage_sum=-0.790 hill_alpha=2.68
2026-04-28 18:40:16,150 INFO train_distributed EcoMDSimulator built: 33043 parameters (device=cuda:0)
2026-04-28 18:40:19,636 INFO train_distributed it=   0 lr=1.00e-04 loss_world=10.9951 |∇|=1.54e+03 γ=1.000 T=0.0500
2026-04-28 18:40:39,725 INFO train_distributed it=   9 lr=1.00e-03 loss_world=4.3590 |∇|=3.82e+02 γ=1.004 T=0.0501
2026-04-28 18:41:02,131 INFO train_distributed it=  19 lr=9.95e-04 loss_world=4.3572 |∇|=7.29e+02 γ=1.006 T=0.0503
2026-04-28 18:41:24,587 INFO train_distributed it=  29 lr=9.78e-04 loss_world=1.7909 |∇|=1.01e+02 γ=1.005 T=0.0504
2026-04-28 18:41:47,074 INFO train_distributed it=  39 lr=9.49e-04 loss_world=5.0027 |∇|=5.95e+02 γ=1.003 T=0.0504
2026-04-28 18:42:09,572 INFO train_distributed it=  49 lr=9.10e-04 loss_world=2.2531 |∇|=1.37e+02 γ=1.001 T=0.0504
2026-04-28 18:42:32,069 INFO train_distributed it=  59 lr=8.60e-04 loss_world=2.8938 |∇|=3.57e+02 γ=0.997 T=0.0504
2026-04-28 18:42:54,567 INFO train_distributed it=  69 lr=8.02e-04 loss_world=1.9589 |∇|=1.69e+02 γ=0.995 T=0.0504
2026-04-28 18:43:17,061 INFO train_distributed it=  79 lr=7.38e-04 loss_world=2.6870 |∇|=6.79e+02 γ=0.993 T=0.0504
2026-04-28 18:43:39,555 INFO train_distributed it=  89 lr=6.68e-04 loss_world=2.5018 |∇|=7.08e+02 γ=0.993 T=0.0504
2026-04-28 18:44:02,050 INFO train_distributed it=  99 lr=5.95e-04 loss_world=2.3794 |∇|=2.78e+02 γ=0.992 T=0.0504
2026-04-28 18:44:24,541 INFO train_distributed it= 109 lr=5.20e-04 loss_world=1.8871 |∇|=2.49e+02 γ=0.991 T=0.0504
2026-04-28 18:44:47,029 INFO train_distributed it= 119 lr=4.47e-04 loss_world=4.4582 |∇|=1.87e+03 γ=0.990 T=0.0504
2026-04-28 18:45:09,517 INFO train_distributed it= 129 lr=3.76e-04 loss_world=2.6612 |∇|=6.71e+02 γ=0.989 T=0.0504
2026-04-28 18:45:32,014 INFO train_distributed it= 139 lr=3.10e-04 loss_world=2.5610 |∇|=5.65e+02 γ=0.989 T=0.0504
2026-04-28 18:45:54,503 INFO train_distributed it= 149 lr=2.51e-04 loss_world=3.0030 |∇|=2.96e+03 γ=0.989 T=0.0504
2026-04-28 18:46:16,999 INFO train_distributed it= 159 lr=2.00e-04 loss_world=2.3525 |∇|=9.13e+02 γ=0.989 T=0.0504
2026-04-28 18:46:39,487 INFO train_distributed it= 169 lr=1.58e-04 loss_world=2.0959 |∇|=1.02e+03 γ=0.989 T=0.0504
2026-04-28 18:47:01,978 INFO train_distributed it= 179 lr=1.27e-04 loss_world=2.6384 |∇|=1.78e+03 γ=0.989 T=0.0504
2026-04-28 18:47:24,462 INFO train_distributed it= 189 lr=1.07e-04 loss_world=2.6277 |∇|=4.50e+03 γ=0.989 T=0.0504
2026-04-28 18:47:46,949 INFO train_distributed it= 199 lr=1.00e-04 loss_world=2.2074 |∇|=1.18e+03 γ=0.989 T=0.0504
2026-04-28 18:47:46,955 INFO train_distributed training finished in 450.8s (200 iters, world_size=1)
2026-04-28 18:47:46,955 INFO train_distributed [rank 0] peak HBM: alloc=7.45 GB, reserved=8.04 GB
2026-04-28 18:47:46,958 INFO train_distributed [rank 0] wrote experiments/038_arch_tier_1_2_kernels/results_t12_kernels_seed2/training_log.json
