═══ PHASE RUN — Tue Apr 28 07:12:55 PM CST 2026 ═══
  CONFIG_DIR=experiments/041_arch_tier_2_2_multitimescale NPROC=1 PARALLEL=8 SKIP_DONE=1
  Configs: 10

═ TRAIN t22_multitimescale_seed0 (card 0) ═ 19:12:55

═ TRAIN t22_multitimescale_seed1 (card 1) ═ 19:12:55

═ TRAIN t22_multitimescale_seed2 (card 2) ═ 19:12:55

═ TRAIN t22_multitimescale_seed3 (card 3) ═ 19:12:55

═ TRAIN t22_multitimescale_seed4 (card 4) ═ 19:12:55

═ TRAIN t22_multitimescale_seed5 (card 5) ═ 19:12:55

═ TRAIN t22_multitimescale_seed6 (card 6) ═ 19:12:55

═ TRAIN t22_multitimescale_seed7 (card 7) ═ 19:12:55
2026-04-28 19:13:00,518 INFO train_distributed [dist] rank=0 world_size=1 local_rank=0 cuda_available=True
2026-04-28 19:13:00,562 INFO train_distributed loaded 2,841 returns for spx/2015-2026_daily
2026-04-28 19:13:00,569 INFO train_distributed targets: acf_sq=0.342 leverage_sum=-0.790 hill_alpha=2.68
2026-04-28 19:13:00,925 INFO train_distributed [dist] rank=0 world_size=1 local_rank=0 cuda_available=True
2026-04-28 19:13:00,970 INFO train_distributed loaded 2,841 returns for spx/2015-2026_daily
2026-04-28 19:13:00,977 INFO train_distributed targets: acf_sq=0.342 leverage_sum=-0.790 hill_alpha=2.68
2026-04-28 19:13:01,272 INFO train_distributed [dist] rank=0 world_size=1 local_rank=0 cuda_available=True
2026-04-28 19:13:01,317 INFO train_distributed loaded 2,841 returns for spx/2015-2026_daily
2026-04-28 19:13:01,324 INFO train_distributed targets: acf_sq=0.342 leverage_sum=-0.790 hill_alpha=2.68
2026-04-28 19:13:01,701 INFO train_distributed [dist] rank=0 world_size=1 local_rank=0 cuda_available=True
2026-04-28 19:13:01,745 INFO train_distributed loaded 2,841 returns for spx/2015-2026_daily
2026-04-28 19:13:01,752 INFO train_distributed targets: acf_sq=0.342 leverage_sum=-0.790 hill_alpha=2.68
2026-04-28 19:13:02,055 INFO train_distributed [dist] rank=0 world_size=1 local_rank=0 cuda_available=True
2026-04-28 19:13:02,097 INFO train_distributed loaded 2,841 returns for spx/2015-2026_daily
2026-04-28 19:13:02,104 INFO train_distributed targets: acf_sq=0.342 leverage_sum=-0.790 hill_alpha=2.68
2026-04-28 19:13:02,437 INFO train_distributed [dist] rank=0 world_size=1 local_rank=0 cuda_available=True
2026-04-28 19:13:02,481 INFO train_distributed loaded 2,841 returns for spx/2015-2026_daily
2026-04-28 19:13:02,489 INFO train_distributed targets: acf_sq=0.342 leverage_sum=-0.790 hill_alpha=2.68
2026-04-28 19:13:02,817 INFO train_distributed [dist] rank=0 world_size=1 local_rank=0 cuda_available=True
2026-04-28 19:13:02,860 INFO train_distributed loaded 2,841 returns for spx/2015-2026_daily
2026-04-28 19:13:02,867 INFO train_distributed targets: acf_sq=0.342 leverage_sum=-0.790 hill_alpha=2.68
2026-04-28 19:13:03,294 INFO train_distributed [dist] rank=0 world_size=1 local_rank=0 cuda_available=True
2026-04-28 19:13:03,338 INFO train_distributed loaded 2,841 returns for spx/2015-2026_daily
2026-04-28 19:13:03,346 INFO train_distributed targets: acf_sq=0.342 leverage_sum=-0.790 hill_alpha=2.68
2026-04-28 19:13:03,943 INFO train_distributed EcoMDSimulator built: 31588 parameters (device=cuda:0)
2026-04-28 19:13:03,978 INFO train_distributed EcoMDSimulator built: 31588 parameters (device=cuda:0)
2026-04-28 19:13:03,994 INFO train_distributed EcoMDSimulator built: 31588 parameters (device=cuda:0)
2026-04-28 19:13:03,994 INFO train_distributed EcoMDSimulator built: 31588 parameters (device=cuda:0)
2026-04-28 19:13:03,994 INFO train_distributed EcoMDSimulator built: 31588 parameters (device=cuda:0)
2026-04-28 19:13:03,995 INFO train_distributed EcoMDSimulator built: 31588 parameters (device=cuda:0)
2026-04-28 19:13:04,005 INFO train_distributed EcoMDSimulator built: 31588 parameters (device=cuda:0)
2026-04-28 19:13:04,106 INFO train_distributed EcoMDSimulator built: 31588 parameters (device=cuda:0)
2026-04-28 19:13:06,313 INFO train_distributed it=   0 lr=1.00e-04 loss_world=0.6144 |∇|=4.99e+02 γ=1.000 T=0.0500
2026-04-28 19:13:06,328 INFO train_distributed it=   0 lr=1.00e-04 loss_world=1.2738 |∇|=3.36e+01 γ=1.000 T=0.0500
2026-04-28 19:13:06,363 INFO train_distributed it=   0 lr=1.00e-04 loss_world=11.9120 |∇|=2.06e+03 γ=1.000 T=0.0500
2026-04-28 19:13:06,364 INFO train_distributed it=   0 lr=1.00e-04 loss_world=17.8038 |∇|=1.73e+03 γ=1.000 T=0.0500
2026-04-28 19:13:06,364 INFO train_distributed it=   0 lr=1.00e-04 loss_world=3.7162 |∇|=1.76e+02 γ=1.000 T=0.0500
2026-04-28 19:13:06,369 INFO train_distributed it=   0 lr=1.00e-04 loss_world=7.3040 |∇|=5.49e+02 γ=1.000 T=0.0500
2026-04-28 19:13:06,378 INFO train_distributed it=   0 lr=1.00e-04 loss_world=1.2724 |∇|=5.18e+01 γ=1.000 T=0.0500
2026-04-28 19:13:06,426 INFO train_distributed it=   0 lr=1.00e-04 loss_world=5.9935 |∇|=1.76e+03 γ=1.000 T=0.0500
2026-04-28 19:13:16,010 INFO train_distributed it=   9 lr=1.00e-03 loss_world=70.1090 |∇|=1.43e+05 γ=1.000 T=0.0501
2026-04-28 19:13:16,017 INFO train_distributed it=   9 lr=1.00e-03 loss_world=0.8774 |∇|=9.81e+00 γ=1.000 T=0.0499
2026-04-28 19:13:16,060 INFO train_distributed it=   9 lr=1.00e-03 loss_world=0.6442 |∇|=2.09e+01 γ=1.004 T=0.0501
2026-04-28 19:13:16,091 INFO train_distributed it=   9 lr=1.00e-03 loss_world=1.0426 |∇|=9.33e+00 γ=1.002 T=0.0500
2026-04-28 19:13:16,160 INFO train_distributed it=   9 lr=1.00e-03 loss_world=0.6466 |∇|=8.76e+01 γ=1.001 T=0.0500
2026-04-28 19:13:16,195 INFO train_distributed it=   9 lr=1.00e-03 loss_world=1.1201 |∇|=1.56e+01 γ=0.996 T=0.0499
2026-04-28 19:13:16,204 INFO train_distributed it=   9 lr=1.00e-03 loss_world=1.0134 |∇|=1.08e+03 γ=0.999 T=0.0500
2026-04-28 19:13:16,222 INFO train_distributed it=   9 lr=1.00e-03 loss_world=0.5965 |∇|=3.08e+01 γ=1.001 T=0.0500
2026-04-28 19:13:26,904 INFO train_distributed it=  19 lr=9.95e-04 loss_world=0.8112 |∇|=4.90e+00 γ=0.999 T=0.0499
2026-04-28 19:13:26,906 INFO train_distributed it=  19 lr=9.95e-04 loss_world=1.2352 |∇|=1.38e+01 γ=1.002 T=0.0500
2026-04-28 19:13:26,931 INFO train_distributed it=  19 lr=9.95e-04 loss_world=1.0639 |∇|=7.48e+00 γ=1.007 T=0.0501
2026-04-28 19:13:26,985 INFO train_distributed it=  19 lr=9.95e-04 loss_world=1.1453 |∇|=3.93e+00 γ=1.000 T=0.0499
2026-04-28 19:13:27,085 INFO train_distributed it=  19 lr=9.95e-04 loss_world=1.8988 |∇|=2.32e+02 γ=1.001 T=0.0500
2026-04-28 19:13:27,189 INFO train_distributed it=  19 lr=9.95e-04 loss_world=0.8966 |∇|=9.20e+00 γ=0.995 T=0.0497
2026-04-28 19:13:27,206 INFO train_distributed it=  19 lr=9.95e-04 loss_world=18.0558 |∇|=9.86e+02 γ=0.993 T=0.0498
2026-04-28 19:13:27,247 INFO train_distributed it=  19 lr=9.95e-04 loss_world=0.8659 |∇|=1.26e+01 γ=1.002 T=0.0500
2026-04-28 19:13:37,821 INFO train_distributed it=  29 lr=9.78e-04 loss_world=0.9502 |∇|=8.51e+00 γ=0.995 T=0.0498
2026-04-28 19:13:37,826 INFO train_distributed it=  29 lr=9.78e-04 loss_world=0.6255 |∇|=3.82e+01 γ=1.003 T=0.0500
2026-04-28 19:13:37,843 INFO train_distributed it=  29 lr=9.78e-04 loss_world=0.9890 |∇|=4.97e+00 γ=1.007 T=0.0501
2026-04-28 19:13:37,892 INFO train_distributed it=  29 lr=9.78e-04 loss_world=1.2011 |∇|=5.16e+00 γ=0.992 T=0.0500
2026-04-28 19:13:38,032 INFO train_distributed it=  29 lr=9.78e-04 loss_world=1.3196 |∇|=8.34e+01 γ=0.998 T=0.0500
2026-04-28 19:13:38,190 INFO train_distributed it=  29 lr=9.78e-04 loss_world=0.6884 |∇|=6.34e+00 γ=0.994 T=0.0496
2026-04-28 19:13:38,195 INFO train_distributed it=  29 lr=9.78e-04 loss_world=1.0603 |∇|=1.12e+02 γ=0.988 T=0.0497
2026-04-28 19:13:38,342 INFO train_distributed it=  29 lr=9.78e-04 loss_world=1.2079 |∇|=8.62e+00 γ=1.002 T=0.0500
2026-04-28 19:13:48,737 INFO train_distributed it=  39 lr=9.49e-04 loss_world=0.5983 |∇|=2.68e+01 γ=1.003 T=0.0500
2026-04-28 19:13:48,738 INFO train_distributed it=  39 lr=9.49e-04 loss_world=1.0739 |∇|=4.09e+00 γ=0.993 T=0.0498
2026-04-28 19:13:48,760 INFO train_distributed it=  39 lr=9.49e-04 loss_world=1.0036 |∇|=5.00e+00 γ=1.007 T=0.0501
2026-04-28 19:13:48,795 INFO train_distributed it=  39 lr=9.49e-04 loss_world=1.0647 |∇|=2.45e+00 γ=0.984 T=0.0500
2026-04-28 19:13:48,976 INFO train_distributed it=  39 lr=9.49e-04 loss_world=0.7127 |∇|=9.32e+01 γ=0.993 T=0.0500
2026-04-28 19:13:49,162 INFO train_distributed it=  39 lr=9.49e-04 loss_world=0.8217 |∇|=1.07e+01 γ=0.993 T=0.0496
2026-04-28 19:13:49,163 INFO train_distributed it=  39 lr=9.49e-04 loss_world=0.8097 |∇|=3.68e+01 γ=0.985 T=0.0496
2026-04-28 19:13:49,453 INFO train_distributed it=  39 lr=9.49e-04 loss_world=1.0023 |∇|=6.78e+00 γ=1.002 T=0.0500
2026-04-28 19:13:59,650 INFO train_distributed it=  49 lr=9.10e-04 loss_world=1.0130 |∇|=1.65e+01 γ=1.004 T=0.0500
2026-04-28 19:13:59,653 INFO train_distributed it=  49 lr=9.10e-04 loss_world=1.1088 |∇|=2.82e+00 γ=0.989 T=0.0498
2026-04-28 19:13:59,681 INFO train_distributed it=  49 lr=9.10e-04 loss_world=0.9809 |∇|=4.49e+00 γ=1.006 T=0.0502
2026-04-28 19:13:59,700 INFO train_distributed it=  49 lr=9.10e-04 loss_world=1.0835 |∇|=4.13e+00 γ=0.975 T=0.0499
2026-04-28 19:13:59,919 INFO train_distributed it=  49 lr=9.10e-04 loss_world=4.1556 |∇|=1.25e+03 γ=0.990 T=0.0500
2026-04-28 19:14:00,123 INFO train_distributed it=  49 lr=9.10e-04 loss_world=0.6313 |∇|=3.29e+00 γ=0.993 T=0.0496
2026-04-28 19:14:00,135 INFO train_distributed it=  49 lr=9.10e-04 loss_world=0.7976 |∇|=2.54e+01 γ=0.983 T=0.0496
2026-04-28 19:14:00,563 INFO train_distributed it=  49 lr=9.10e-04 loss_world=0.9897 |∇|=5.75e+00 γ=1.001 T=0.0500
2026-04-28 19:14:10,562 INFO train_distributed it=  59 lr=8.60e-04 loss_world=0.9762 |∇|=4.90e+00 γ=0.984 T=0.0498
2026-04-28 19:14:10,573 INFO train_distributed it=  59 lr=8.60e-04 loss_world=0.8046 |∇|=6.16e+01 γ=1.003 T=0.0500
2026-04-28 19:14:10,598 INFO train_distributed it=  59 lr=8.60e-04 loss_world=1.0562 |∇|=2.94e+00 γ=1.005 T=0.0502
2026-04-28 19:14:10,602 INFO train_distributed it=  59 lr=8.60e-04 loss_world=1.5975 |∇|=5.69e+01 γ=0.967 T=0.0500
2026-04-28 19:14:10,858 INFO train_distributed it=  59 lr=8.60e-04 loss_world=1.0337 |∇|=2.32e+01 γ=0.989 T=0.0500
2026-04-28 19:14:11,074 INFO train_distributed it=  59 lr=8.60e-04 loss_world=0.6394 |∇|=2.66e+00 γ=0.992 T=0.0496
2026-04-28 19:14:11,098 INFO train_distributed it=  59 lr=8.60e-04 loss_world=0.8029 |∇|=3.04e+01 γ=0.983 T=0.0496
2026-04-28 19:14:11,669 INFO train_distributed it=  59 lr=8.60e-04 loss_world=1.0756 |∇|=6.72e+00 γ=1.000 T=0.0500
2026-04-28 19:14:21,464 INFO train_distributed it=  69 lr=8.02e-04 loss_world=1.1171 |∇|=5.59e+00 γ=0.979 T=0.0498
2026-04-28 19:14:21,483 INFO train_distributed it=  69 lr=8.02e-04 loss_world=0.6216 |∇|=3.38e+01 γ=1.003 T=0.0500
2026-04-28 19:14:21,499 INFO train_distributed it=  69 lr=8.02e-04 loss_world=0.7772 |∇|=8.38e+00 γ=0.964 T=0.0500
2026-04-28 19:14:21,511 INFO train_distributed it=  69 lr=8.02e-04 loss_world=0.9656 |∇|=5.39e+00 γ=1.003 T=0.0502
2026-04-28 19:14:21,795 INFO train_distributed it=  69 lr=8.02e-04 loss_world=0.7833 |∇|=2.49e+01 γ=0.988 T=0.0500
2026-04-28 19:14:22,026 INFO train_distributed it=  69 lr=8.02e-04 loss_world=0.6571 |∇|=4.99e+00 γ=0.991 T=0.0496
2026-04-28 19:14:22,056 INFO train_distributed it=  69 lr=8.02e-04 loss_world=0.8262 |∇|=3.98e+01 γ=0.983 T=0.0496
2026-04-28 19:14:22,765 INFO train_distributed it=  69 lr=8.02e-04 loss_world=1.1785 |∇|=6.46e+00 γ=0.998 T=0.0500
2026-04-28 19:14:32,369 INFO train_distributed it=  79 lr=7.38e-04 loss_world=1.1255 |∇|=2.01e+00 γ=0.975 T=0.0498
2026-04-28 19:14:32,386 INFO train_distributed it=  79 lr=7.38e-04 loss_world=0.6258 |∇|=1.91e+01 γ=1.002 T=0.0500
2026-04-28 19:14:32,391 INFO train_distributed it=  79 lr=7.38e-04 loss_world=0.7131 |∇|=6.09e+00 γ=0.961 T=0.0500
2026-04-28 19:14:32,427 INFO train_distributed it=  79 lr=7.38e-04 loss_world=0.9606 |∇|=5.73e+00 γ=1.002 T=0.0502
2026-04-28 19:14:32,731 INFO train_distributed it=  79 lr=7.38e-04 loss_world=0.8115 |∇|=7.76e+01 γ=0.988 T=0.0500
2026-04-28 19:14:32,980 INFO train_distributed it=  79 lr=7.38e-04 loss_world=0.7945 |∇|=4.02e+00 γ=0.991 T=0.0496
2026-04-28 19:14:33,019 INFO train_distributed it=  79 lr=7.38e-04 loss_world=0.8032 |∇|=3.30e+01 γ=0.983 T=0.0496
2026-04-28 19:14:33,854 INFO train_distributed it=  79 lr=7.38e-04 loss_world=1.1943 |∇|=9.62e+00 γ=0.996 T=0.0500
2026-04-28 19:14:43,272 INFO train_distributed it=  89 lr=6.68e-04 loss_world=1.0253 |∇|=2.22e+00 γ=0.971 T=0.0498
2026-04-28 19:14:43,285 INFO train_distributed it=  89 lr=6.68e-04 loss_world=0.7193 |∇|=8.73e+00 γ=0.958 T=0.0499
2026-04-28 19:14:43,290 INFO train_distributed it=  89 lr=6.68e-04 loss_world=0.6820 |∇|=3.02e+01 γ=1.002 T=0.0500
2026-04-28 19:14:43,342 INFO train_distributed it=  89 lr=6.68e-04 loss_world=0.9696 |∇|=4.87e+00 γ=1.000 T=0.0502
2026-04-28 19:14:43,666 INFO train_distributed it=  89 lr=6.68e-04 loss_world=0.6544 |∇|=4.86e+01 γ=0.988 T=0.0500
2026-04-28 19:14:43,933 INFO train_distributed it=  89 lr=6.68e-04 loss_world=0.7802 |∇|=2.26e+00 γ=0.990 T=0.0496
2026-04-28 19:14:43,980 INFO train_distributed it=  89 lr=6.68e-04 loss_world=0.8089 |∇|=3.35e+01 γ=0.982 T=0.0496
2026-04-28 19:14:44,944 INFO train_distributed it=  89 lr=6.68e-04 loss_world=1.1308 |∇|=1.06e+01 γ=0.994 T=0.0500
2026-04-28 19:14:54,174 INFO train_distributed it=  99 lr=5.95e-04 loss_world=1.0212 |∇|=2.74e+00 γ=0.966 T=0.0498
2026-04-28 19:14:54,180 INFO train_distributed it=  99 lr=5.95e-04 loss_world=0.9196 |∇|=5.04e+00 γ=0.956 T=0.0499
2026-04-28 19:14:54,197 INFO train_distributed it=  99 lr=5.95e-04 loss_world=0.6588 |∇|=3.11e+01 γ=1.002 T=0.0500
2026-04-28 19:14:54,253 INFO train_distributed it=  99 lr=5.95e-04 loss_world=1.1539 |∇|=4.77e+00 γ=0.998 T=0.0502
2026-04-28 19:14:54,600 INFO train_distributed it=  99 lr=5.95e-04 loss_world=0.7158 |∇|=2.42e+01 γ=0.988 T=0.0500
2026-04-28 19:14:54,879 INFO train_distributed it=  99 lr=5.95e-04 loss_world=0.7252 |∇|=2.80e+00 γ=0.989 T=0.0496
2026-04-28 19:14:54,936 INFO train_distributed it=  99 lr=5.95e-04 loss_world=1.1573 |∇|=1.94e+01 γ=0.983 T=0.0496
2026-04-28 19:14:56,012 INFO train_distributed it=  99 lr=5.95e-04 loss_world=1.0054 |∇|=5.62e+00 γ=0.993 T=0.0500
2026-04-28 19:15:05,079 INFO train_distributed it= 109 lr=5.20e-04 loss_world=1.0310 |∇|=4.02e+00 γ=0.955 T=0.0499
2026-04-28 19:15:05,086 INFO train_distributed it= 109 lr=5.20e-04 loss_world=0.9939 |∇|=3.91e+00 γ=0.962 T=0.0497
2026-04-28 19:15:05,104 INFO train_distributed it= 109 lr=5.20e-04 loss_world=0.6784 |∇|=4.16e+01 γ=1.001 T=0.0500
2026-04-28 19:15:05,165 INFO train_distributed it= 109 lr=5.20e-04 loss_world=0.9742 |∇|=3.54e+00 γ=0.997 T=0.0502
2026-04-28 19:15:05,534 INFO train_distributed it= 109 lr=5.20e-04 loss_world=0.6400 |∇|=3.24e+01 γ=0.988 T=0.0500
2026-04-28 19:15:05,826 INFO train_distributed it= 109 lr=5.20e-04 loss_world=0.6178 |∇|=5.63e+00 γ=0.988 T=0.0496
2026-04-28 19:15:05,906 INFO train_distributed it= 109 lr=5.20e-04 loss_world=0.8929 |∇|=1.67e+01 γ=0.982 T=0.0496
2026-04-28 19:15:07,081 INFO train_distributed it= 109 lr=5.20e-04 loss_world=1.2123 |∇|=1.26e+01 γ=0.992 T=0.0500
2026-04-28 19:15:15,975 INFO train_distributed it= 119 lr=4.47e-04 loss_world=1.0565 |∇|=2.36e+00 γ=0.953 T=0.0499
2026-04-28 19:15:15,995 INFO train_distributed it= 119 lr=4.47e-04 loss_world=1.0495 |∇|=2.53e+00 γ=0.959 T=0.0497
2026-04-28 19:15:16,017 INFO train_distributed it= 119 lr=4.47e-04 loss_world=0.6871 |∇|=3.11e+01 γ=1.001 T=0.0500
2026-04-28 19:15:16,080 INFO train_distributed it= 119 lr=4.47e-04 loss_world=0.9637 |∇|=2.76e+00 γ=0.996 T=0.0502
2026-04-28 19:15:16,472 INFO train_distributed it= 119 lr=4.47e-04 loss_world=0.6178 |∇|=2.81e+01 γ=0.988 T=0.0500
2026-04-28 19:15:16,784 INFO train_distributed it= 119 lr=4.47e-04 loss_world=0.7267 |∇|=3.64e+00 γ=0.988 T=0.0496
2026-04-28 19:15:16,878 INFO train_distributed it= 119 lr=4.47e-04 loss_world=0.8471 |∇|=2.84e+01 γ=0.982 T=0.0496
2026-04-28 19:15:18,147 INFO train_distributed it= 119 lr=4.47e-04 loss_world=4.5307 |∇|=2.12e+02 γ=0.992 T=0.0499
2026-04-28 19:15:26,872 INFO train_distributed it= 129 lr=3.76e-04 loss_world=1.0318 |∇|=2.92e+00 γ=0.951 T=0.0499
2026-04-28 19:15:26,899 INFO train_distributed it= 129 lr=3.76e-04 loss_world=1.0657 |∇|=5.93e+00 γ=0.956 T=0.0497
2026-04-28 19:15:26,933 INFO train_distributed it= 129 lr=3.76e-04 loss_world=0.6131 |∇|=2.23e+01 γ=1.001 T=0.0499
2026-04-28 19:15:26,986 INFO train_distributed it= 129 lr=3.76e-04 loss_world=0.9798 |∇|=3.74e+00 γ=0.995 T=0.0502
2026-04-28 19:15:27,408 INFO train_distributed it= 129 lr=3.76e-04 loss_world=0.6032 |∇|=2.99e+01 γ=0.988 T=0.0500
2026-04-28 19:15:27,734 INFO train_distributed it= 129 lr=3.76e-04 loss_world=0.7509 |∇|=2.58e+00 γ=0.987 T=0.0496
2026-04-28 19:15:27,841 INFO train_distributed it= 129 lr=3.76e-04 loss_world=0.7800 |∇|=3.17e+01 γ=0.982 T=0.0496
2026-04-28 19:15:29,206 INFO train_distributed it= 129 lr=3.76e-04 loss_world=2.4780 |∇|=1.43e+02 γ=0.990 T=0.0498
2026-04-28 19:15:37,768 INFO train_distributed it= 139 lr=3.10e-04 loss_world=0.9930 |∇|=3.07e+00 γ=0.949 T=0.0499
2026-04-28 19:15:37,800 INFO train_distributed it= 139 lr=3.10e-04 loss_world=1.0260 |∇|=5.12e+00 γ=0.953 T=0.0497
2026-04-28 19:15:37,844 INFO train_distributed it= 139 lr=3.10e-04 loss_world=0.6316 |∇|=1.98e+01 γ=1.001 T=0.0499
2026-04-28 19:15:37,894 INFO train_distributed it= 139 lr=3.10e-04 loss_world=0.9895 |∇|=5.46e+00 γ=0.994 T=0.0502
2026-04-28 19:15:38,345 INFO train_distributed it= 139 lr=3.10e-04 loss_world=0.6005 |∇|=2.89e+01 γ=0.988 T=0.0500
2026-04-28 19:15:38,688 INFO train_distributed it= 139 lr=3.10e-04 loss_world=0.7421 |∇|=2.93e+00 γ=0.987 T=0.0496
2026-04-28 19:15:38,802 INFO train_distributed it= 139 lr=3.10e-04 loss_world=0.7714 |∇|=2.98e+01 γ=0.982 T=0.0496
2026-04-28 19:15:40,264 INFO train_distributed it= 139 lr=3.10e-04 loss_world=2.4623 |∇|=1.46e+02 γ=0.988 T=0.0498
2026-04-28 19:15:48,664 INFO train_distributed it= 149 lr=2.51e-04 loss_world=1.0839 |∇|=4.17e+00 γ=0.947 T=0.0499
2026-04-28 19:15:48,700 INFO train_distributed it= 149 lr=2.51e-04 loss_world=1.0197 |∇|=2.91e+00 γ=0.951 T=0.0498
2026-04-28 19:15:48,754 INFO train_distributed it= 149 lr=2.51e-04 loss_world=0.6271 |∇|=1.99e+01 γ=1.001 T=0.0499
2026-04-28 19:15:48,805 INFO train_distributed it= 149 lr=2.51e-04 loss_world=1.0357 |∇|=3.53e+00 γ=0.993 T=0.0502
2026-04-28 19:15:49,290 INFO train_distributed it= 149 lr=2.51e-04 loss_world=0.6006 |∇|=3.14e+01 γ=0.988 T=0.0500
2026-04-28 19:15:49,646 INFO train_distributed it= 149 lr=2.51e-04 loss_world=0.7358 |∇|=3.74e+00 γ=0.986 T=0.0496
2026-04-28 19:15:49,757 INFO train_distributed it= 149 lr=2.51e-04 loss_world=0.8071 |∇|=3.49e+01 γ=0.982 T=0.0496
2026-04-28 19:15:51,329 INFO train_distributed it= 149 lr=2.51e-04 loss_world=2.7211 |∇|=3.10e+02 γ=0.987 T=0.0497
2026-04-28 19:15:59,559 INFO train_distributed it= 159 lr=2.00e-04 loss_world=1.0767 |∇|=3.80e+00 γ=0.947 T=0.0499
2026-04-28 19:15:59,601 INFO train_distributed it= 159 lr=2.00e-04 loss_world=1.0437 |∇|=4.85e+00 γ=0.950 T=0.0498
2026-04-28 19:15:59,673 INFO train_distributed it= 159 lr=2.00e-04 loss_world=0.6059 |∇|=2.30e+01 γ=1.001 T=0.0499
2026-04-28 19:15:59,714 INFO train_distributed it= 159 lr=2.00e-04 loss_world=0.9539 |∇|=3.41e+00 γ=0.992 T=0.0502
2026-04-28 19:16:00,224 INFO train_distributed it= 159 lr=2.00e-04 loss_world=0.6079 |∇|=3.18e+01 γ=0.988 T=0.0500
2026-04-28 19:16:00,615 INFO train_distributed it= 159 lr=2.00e-04 loss_world=0.7850 |∇|=3.46e+00 γ=0.986 T=0.0496
2026-04-28 19:16:00,712 INFO train_distributed it= 159 lr=2.00e-04 loss_world=0.8073 |∇|=3.50e+01 γ=0.982 T=0.0496
2026-04-28 19:16:02,409 INFO train_distributed it= 159 lr=2.00e-04 loss_world=2.6001 |∇|=3.13e+02 γ=0.985 T=0.0497
2026-04-28 19:16:10,449 INFO train_distributed it= 169 lr=1.58e-04 loss_world=1.0024 |∇|=3.70e+00 γ=0.946 T=0.0499
2026-04-28 19:16:10,511 INFO train_distributed it= 169 lr=1.58e-04 loss_world=1.0015 |∇|=2.80e+00 γ=0.949 T=0.0498
2026-04-28 19:16:10,588 INFO train_distributed it= 169 lr=1.58e-04 loss_world=0.6230 |∇|=2.58e+01 γ=1.001 T=0.0499
2026-04-28 19:16:10,626 INFO train_distributed it= 169 lr=1.58e-04 loss_world=0.9647 |∇|=4.06e+00 γ=0.991 T=0.0502
2026-04-28 19:16:11,157 INFO train_distributed it= 169 lr=1.58e-04 loss_world=0.6292 |∇|=3.32e+01 γ=0.988 T=0.0500
2026-04-28 19:16:11,584 INFO train_distributed it= 169 lr=1.58e-04 loss_world=0.7488 |∇|=2.80e+00 γ=0.986 T=0.0496
2026-04-28 19:16:11,666 INFO train_distributed it= 169 lr=1.58e-04 loss_world=0.7737 |∇|=3.53e+01 γ=0.982 T=0.0496
2026-04-28 19:16:13,488 INFO train_distributed it= 169 lr=1.58e-04 loss_world=2.4437 |∇|=3.04e+02 γ=0.984 T=0.0497
2026-04-28 19:16:21,340 INFO train_distributed it= 179 lr=1.27e-04 loss_world=1.0001 |∇|=2.68e+00 γ=0.945 T=0.0499
2026-04-28 19:16:21,416 INFO train_distributed it= 179 lr=1.27e-04 loss_world=1.0303 |∇|=4.33e+00 γ=0.948 T=0.0498
2026-04-28 19:16:21,504 INFO train_distributed it= 179 lr=1.27e-04 loss_world=0.6042 |∇|=2.37e+01 γ=1.001 T=0.0499
2026-04-28 19:16:21,534 INFO train_distributed it= 179 lr=1.27e-04 loss_world=0.9534 |∇|=4.62e+00 γ=0.991 T=0.0502
2026-04-28 19:16:22,088 INFO train_distributed it= 179 lr=1.27e-04 loss_world=0.6567 |∇|=3.74e+01 γ=0.988 T=0.0500
2026-04-28 19:16:22,562 INFO train_distributed it= 179 lr=1.27e-04 loss_world=0.7639 |∇|=2.94e+00 γ=0.985 T=0.0496
2026-04-28 19:16:22,627 INFO train_distributed it= 179 lr=1.27e-04 loss_world=0.7700 |∇|=3.23e+01 γ=0.982 T=0.0496
2026-04-28 19:16:24,572 INFO train_distributed it= 179 lr=1.27e-04 loss_world=2.7341 |∇|=1.13e+03 γ=0.984 T=0.0497
2026-04-28 19:16:32,232 INFO train_distributed it= 189 lr=1.07e-04 loss_world=0.9803 |∇|=3.65e+00 γ=0.945 T=0.0499
2026-04-28 19:16:32,323 INFO train_distributed it= 189 lr=1.07e-04 loss_world=0.9842 |∇|=2.90e+00 γ=0.947 T=0.0498
2026-04-28 19:16:32,427 INFO train_distributed it= 189 lr=1.07e-04 loss_world=0.6012 |∇|=2.42e+01 γ=1.001 T=0.0499
2026-04-28 19:16:32,443 INFO train_distributed it= 189 lr=1.07e-04 loss_world=1.1300 |∇|=7.16e+00 γ=0.990 T=0.0502
2026-04-28 19:16:33,018 INFO train_distributed it= 189 lr=1.07e-04 loss_world=0.6000 |∇|=3.22e+01 γ=0.988 T=0.0500
2026-04-28 19:16:33,551 INFO train_distributed it= 189 lr=1.07e-04 loss_world=0.7493 |∇|=2.82e+00 γ=0.985 T=0.0496
2026-04-28 19:16:33,590 INFO train_distributed it= 189 lr=1.07e-04 loss_world=0.7730 |∇|=3.53e+01 γ=0.982 T=0.0496
2026-04-28 19:16:35,672 INFO train_distributed it= 189 lr=1.07e-04 loss_world=2.2363 |∇|=3.11e+02 γ=0.984 T=0.0497
2026-04-28 19:16:43,124 INFO train_distributed it= 199 lr=1.00e-04 loss_world=0.9478 |∇|=3.75e+00 γ=0.944 T=0.0499
2026-04-28 19:16:43,129 INFO train_distributed training finished in 219.1s (200 iters, world_size=1)
2026-04-28 19:16:43,129 INFO train_distributed [rank 0] peak HBM: alloc=7.09 GB, reserved=7.48 GB
2026-04-28 19:16:43,132 INFO train_distributed [rank 0] wrote experiments/041_arch_tier_2_2_multitimescale/results_t22_multitimescale_seed7/training_log.json
2026-04-28 19:16:43,233 INFO train_distributed it= 199 lr=1.00e-04 loss_world=0.9908 |∇|=4.36e+00 γ=0.946 T=0.0498
2026-04-28 19:16:43,238 INFO train_distributed training finished in 219.3s (200 iters, world_size=1)
2026-04-28 19:16:43,238 INFO train_distributed [rank 0] peak HBM: alloc=7.09 GB, reserved=7.48 GB
2026-04-28 19:16:43,241 INFO train_distributed [rank 0] wrote experiments/041_arch_tier_2_2_multitimescale/results_t22_multitimescale_seed6/training_log.json
2026-04-28 19:16:43,353 INFO train_distributed it= 199 lr=1.00e-04 loss_world=1.0615 |∇|=2.59e+01 γ=0.990 T=0.0502
2026-04-28 19:16:43,355 INFO train_distributed it= 199 lr=1.00e-04 loss_world=0.6127 |∇|=2.26e+01 γ=1.001 T=0.0499
2026-04-28 19:16:43,359 INFO train_distributed training finished in 219.4s (200 iters, world_size=1)
2026-04-28 19:16:43,359 INFO train_distributed [rank 0] peak HBM: alloc=7.09 GB, reserved=7.48 GB
2026-04-28 19:16:43,360 INFO train_distributed training finished in 219.4s (200 iters, world_size=1)
2026-04-28 19:16:43,360 INFO train_distributed [rank 0] peak HBM: alloc=7.09 GB, reserved=7.48 GB
2026-04-28 19:16:43,362 INFO train_distributed [rank 0] wrote experiments/041_arch_tier_2_2_multitimescale/results_t22_multitimescale_seed3/training_log.json
2026-04-28 19:16:43,363 INFO train_distributed [rank 0] wrote experiments/041_arch_tier_2_2_multitimescale/results_t22_multitimescale_seed4/training_log.json
2026-04-28 19:16:43,952 INFO train_distributed it= 199 lr=1.00e-04 loss_world=0.5970 |∇|=3.15e+01 γ=0.988 T=0.0500
2026-04-28 19:16:43,957 INFO train_distributed training finished in 219.9s (200 iters, world_size=1)
2026-04-28 19:16:43,957 INFO train_distributed [rank 0] peak HBM: alloc=7.09 GB, reserved=7.48 GB
2026-04-28 19:16:43,960 INFO train_distributed [rank 0] wrote experiments/041_arch_tier_2_2_multitimescale/results_t22_multitimescale_seed2/training_log.json
  ✓ t22_multitimescale_seed7 229s (card 7)

═ TRAIN t22_multitimescale_seed8 (card 0) ═ 19:16:44
  ✓ t22_multitimescale_seed6 229s (card 6)

═ TRAIN t22_multitimescale_seed9 (card 1) ═ 19:16:44
  ✓ t22_multitimescale_seed4 229s (card 4)
  ✓ t22_multitimescale_seed3 229s (card 3)
2026-04-28 19:16:44,520 INFO train_distributed it= 199 lr=1.00e-04 loss_world=0.7400 |∇|=3.62e+00 γ=0.985 T=0.0496
2026-04-28 19:16:44,526 INFO train_distributed training finished in 220.5s (200 iters, world_size=1)
2026-04-28 19:16:44,526 INFO train_distributed [rank 0] peak HBM: alloc=7.09 GB, reserved=7.48 GB
2026-04-28 19:16:44,529 INFO train_distributed [rank 0] wrote experiments/041_arch_tier_2_2_multitimescale/results_t22_multitimescale_seed0/training_log.json
2026-04-28 19:16:44,562 INFO train_distributed it= 199 lr=1.00e-04 loss_world=0.7722 |∇|=3.63e+01 γ=0.982 T=0.0496
2026-04-28 19:16:44,567 INFO train_distributed training finished in 220.6s (200 iters, world_size=1)
2026-04-28 19:16:44,567 INFO train_distributed [rank 0] peak HBM: alloc=7.09 GB, reserved=7.48 GB
2026-04-28 19:16:44,571 INFO train_distributed [rank 0] wrote experiments/041_arch_tier_2_2_multitimescale/results_t22_multitimescale_seed1/training_log.json
  ✓ t22_multitimescale_seed2 229s (card 2)
  ✓ t22_multitimescale_seed0 230s (card 0)
  ✓ t22_multitimescale_seed1 230s (card 1)
2026-04-28 19:16:46,786 INFO train_distributed it= 199 lr=1.00e-04 loss_world=2.2360 |∇|=3.82e+02 γ=0.983 T=0.0497
2026-04-28 19:16:46,791 INFO train_distributed training finished in 222.8s (200 iters, world_size=1)
2026-04-28 19:16:46,791 INFO train_distributed [rank 0] peak HBM: alloc=7.09 GB, reserved=7.48 GB
2026-04-28 19:16:46,794 INFO train_distributed [rank 0] wrote experiments/041_arch_tier_2_2_multitimescale/results_t22_multitimescale_seed5/training_log.json
  ✓ t22_multitimescale_seed5 232s (card 5)
2026-04-28 19:16:47,852 INFO train_distributed [dist] rank=0 world_size=1 local_rank=0 cuda_available=True
2026-04-28 19:16:47,898 INFO train_distributed loaded 2,841 returns for spx/2015-2026_daily
2026-04-28 19:16:47,906 INFO train_distributed targets: acf_sq=0.342 leverage_sum=-0.790 hill_alpha=2.68
2026-04-28 19:16:48,401 INFO train_distributed [dist] rank=0 world_size=1 local_rank=0 cuda_available=True
2026-04-28 19:16:48,451 INFO train_distributed loaded 2,841 returns for spx/2015-2026_daily
2026-04-28 19:16:48,458 INFO train_distributed targets: acf_sq=0.342 leverage_sum=-0.790 hill_alpha=2.68
2026-04-28 19:16:48,583 INFO train_distributed EcoMDSimulator built: 31588 parameters (device=cuda:0)
2026-04-28 19:16:48,739 INFO train_distributed EcoMDSimulator built: 31588 parameters (device=cuda:0)
2026-04-28 19:16:50,898 INFO train_distributed it=   0 lr=1.00e-04 loss_world=13.9789 |∇|=2.58e+03 γ=1.000 T=0.0500
2026-04-28 19:16:51,063 INFO train_distributed it=   0 lr=1.00e-04 loss_world=6.5650 |∇|=2.54e+02 γ=1.000 T=0.0500
2026-04-28 19:17:00,769 INFO train_distributed it=   9 lr=1.00e-03 loss_world=0.6381 |∇|=1.88e+01 γ=0.997 T=0.0501
2026-04-28 19:17:00,958 INFO train_distributed it=   9 lr=1.00e-03 loss_world=0.8169 |∇|=3.58e+01 γ=1.002 T=0.0499
2026-04-28 19:17:11,808 INFO train_distributed it=  19 lr=9.95e-04 loss_world=0.7999 |∇|=7.49e+00 γ=0.995 T=0.0501
2026-04-28 19:17:12,032 INFO train_distributed it=  19 lr=9.95e-04 loss_world=1.0066 |∇|=9.42e+00 γ=1.003 T=0.0498
2026-04-28 19:17:22,858 INFO train_distributed it=  29 lr=9.78e-04 loss_world=0.7340 |∇|=3.60e+00 γ=0.993 T=0.0501
2026-04-28 19:17:23,117 INFO train_distributed it=  29 lr=9.78e-04 loss_world=0.9925 |∇|=4.74e+00 γ=1.004 T=0.0498
2026-04-28 19:17:33,883 INFO train_distributed it=  39 lr=9.49e-04 loss_world=0.7776 |∇|=4.28e+00 γ=0.991 T=0.0501
2026-04-28 19:17:34,163 INFO train_distributed it=  39 lr=9.49e-04 loss_world=0.9293 |∇|=4.83e+00 γ=1.003 T=0.0498
2026-04-28 19:17:44,894 INFO train_distributed it=  49 lr=9.10e-04 loss_world=0.7110 |∇|=5.04e+00 γ=0.989 T=0.0501
2026-04-28 19:17:45,193 INFO train_distributed it=  49 lr=9.10e-04 loss_world=1.2465 |∇|=7.02e+00 γ=1.002 T=0.0498
2026-04-28 19:17:55,899 INFO train_distributed it=  59 lr=8.60e-04 loss_world=0.7649 |∇|=1.13e+01 γ=0.986 T=0.0501
2026-04-28 19:17:56,214 INFO train_distributed it=  59 lr=8.60e-04 loss_world=1.3994 |∇|=3.01e+02 γ=1.000 T=0.0497
2026-04-28 19:18:06,919 INFO train_distributed it=  69 lr=8.02e-04 loss_world=0.6767 |∇|=5.87e+00 γ=0.983 T=0.0501
2026-04-28 19:18:07,215 INFO train_distributed it=  69 lr=8.02e-04 loss_world=0.9744 |∇|=1.52e+01 γ=0.998 T=0.0497
2026-04-28 19:18:17,924 INFO train_distributed it=  79 lr=7.38e-04 loss_world=0.6627 |∇|=5.51e+00 γ=0.981 T=0.0501
2026-04-28 19:18:18,203 INFO train_distributed it=  79 lr=7.38e-04 loss_world=0.9322 |∇|=1.48e+01 γ=0.998 T=0.0496
2026-04-28 19:18:28,934 INFO train_distributed it=  89 lr=6.68e-04 loss_world=0.6944 |∇|=7.46e+01 γ=0.979 T=0.0501
2026-04-28 19:18:29,189 INFO train_distributed it=  89 lr=6.68e-04 loss_world=0.7834 |∇|=1.79e+01 γ=0.997 T=0.0496
2026-04-28 19:18:39,923 INFO train_distributed it=  99 lr=5.95e-04 loss_world=0.8316 |∇|=6.54e+01 γ=0.973 T=0.0502
2026-04-28 19:18:40,179 INFO train_distributed it=  99 lr=5.95e-04 loss_world=0.7911 |∇|=1.90e+01 γ=0.997 T=0.0496
2026-04-28 19:18:50,896 INFO train_distributed it= 109 lr=5.20e-04 loss_world=0.8415 |∇|=4.60e+00 γ=0.971 T=0.0502
2026-04-28 19:18:51,158 INFO train_distributed it= 109 lr=5.20e-04 loss_world=0.8296 |∇|=2.30e+01 γ=0.997 T=0.0496
2026-04-28 19:19:01,863 INFO train_distributed it= 119 lr=4.47e-04 loss_world=0.7139 |∇|=3.00e+00 γ=0.970 T=0.0502
2026-04-28 19:19:02,143 INFO train_distributed it= 119 lr=4.47e-04 loss_world=0.7822 |∇|=2.70e+01 γ=0.997 T=0.0496
2026-04-28 19:19:12,832 INFO train_distributed it= 129 lr=3.76e-04 loss_world=0.7300 |∇|=2.61e+00 γ=0.969 T=0.0502
2026-04-28 19:19:13,128 INFO train_distributed it= 129 lr=3.76e-04 loss_world=0.8123 |∇|=2.39e+01 γ=0.997 T=0.0496
2026-04-28 19:19:23,794 INFO train_distributed it= 139 lr=3.10e-04 loss_world=0.7375 |∇|=2.56e+00 γ=0.969 T=0.0502
2026-04-28 19:19:24,106 INFO train_distributed it= 139 lr=3.10e-04 loss_world=0.8077 |∇|=2.27e+01 γ=0.997 T=0.0496
2026-04-28 19:19:34,752 INFO train_distributed it= 149 lr=2.51e-04 loss_world=0.6827 |∇|=3.59e+00 γ=0.968 T=0.0502
2026-04-28 19:19:35,083 INFO train_distributed it= 149 lr=2.51e-04 loss_world=0.8382 |∇|=2.92e+01 γ=0.997 T=0.0496
2026-04-28 19:19:45,715 INFO train_distributed it= 159 lr=2.00e-04 loss_world=0.6759 |∇|=3.76e+00 γ=0.968 T=0.0502
2026-04-28 19:19:46,054 INFO train_distributed it= 159 lr=2.00e-04 loss_world=0.8089 |∇|=2.88e+01 γ=0.997 T=0.0496
2026-04-28 19:19:56,687 INFO train_distributed it= 169 lr=1.58e-04 loss_world=0.6536 |∇|=4.29e+00 γ=0.967 T=0.0502
2026-04-28 19:19:57,035 INFO train_distributed it= 169 lr=1.58e-04 loss_world=0.7910 |∇|=2.69e+01 γ=0.997 T=0.0496
2026-04-28 19:20:07,645 INFO train_distributed it= 179 lr=1.27e-04 loss_world=0.6499 |∇|=5.29e+00 γ=0.967 T=0.0502
2026-04-28 19:20:08,018 INFO train_distributed it= 179 lr=1.27e-04 loss_world=0.7840 |∇|=2.44e+01 γ=0.997 T=0.0496
2026-04-28 19:20:18,587 INFO train_distributed it= 189 lr=1.07e-04 loss_world=0.8040 |∇|=6.71e+00 γ=0.967 T=0.0502
2026-04-28 19:20:18,991 INFO train_distributed it= 189 lr=1.07e-04 loss_world=0.7779 |∇|=2.67e+01 γ=0.997 T=0.0496
2026-04-28 19:20:29,539 INFO train_distributed it= 199 lr=1.00e-04 loss_world=0.7957 |∇|=5.81e+00 γ=0.967 T=0.0502
2026-04-28 19:20:29,544 INFO train_distributed training finished in 221.0s (200 iters, world_size=1)
2026-04-28 19:20:29,544 INFO train_distributed [rank 0] peak HBM: alloc=7.09 GB, reserved=7.48 GB
2026-04-28 19:20:29,547 INFO train_distributed [rank 0] wrote experiments/041_arch_tier_2_2_multitimescale/results_t22_multitimescale_seed8/training_log.json
2026-04-28 19:20:29,968 INFO train_distributed it= 199 lr=1.00e-04 loss_world=0.7914 |∇|=2.80e+01 γ=0.997 T=0.0496
2026-04-28 19:20:29,973 INFO train_distributed training finished in 221.2s (200 iters, world_size=1)
2026-04-28 19:20:29,973 INFO train_distributed [rank 0] peak HBM: alloc=7.09 GB, reserved=7.48 GB
2026-04-28 19:20:29,976 INFO train_distributed [rank 0] wrote experiments/041_arch_tier_2_2_multitimescale/results_t22_multitimescale_seed9/training_log.json
  ✓ t22_multitimescale_seed8 226s (card 0)
  ✓ t22_multitimescale_seed9 226s (card 1)

═ EVAL  t22_multitimescale_seed0 (card 0) ═ 19:20:30

═ EVAL  t22_multitimescale_seed1 (card 1) ═ 19:20:30

═ EVAL  t22_multitimescale_seed2 (card 2) ═ 19:20:30

═ EVAL  t22_multitimescale_seed3 (card 3) ═ 19:20:30

═ EVAL  t22_multitimescale_seed4 (card 4) ═ 19:20:30

═ EVAL  t22_multitimescale_seed5 (card 5) ═ 19:20:30

═ EVAL  t22_multitimescale_seed6 (card 6) ═ 19:20:30

═ EVAL  t22_multitimescale_seed7 (card 7) ═ 19:20:30
2026-04-28 19:20:34,781 INFO inference_run_large [dist] world_size=1 cuda=True
2026-04-28 19:20:36,386 INFO inference_run_large [dist] world_size=1 cuda=True
2026-04-28 19:20:36,771 INFO inference_run_large [dist] world_size=1 cuda=True
2026-04-28 19:20:37,128 INFO inference_run_large [dist] world_size=1 cuda=True
2026-04-28 19:20:37,475 INFO inference_run_large [dist] world_size=1 cuda=True
2026-04-28 19:20:37,899 INFO inference_run_large [dist] world_size=1 cuda=True
2026-04-28 19:20:38,293 INFO inference_run_large [dist] world_size=1 cuda=True
2026-04-28 19:20:38,813 INFO inference_run_large [dist] world_size=1 cuda=True
2026-04-28 19:20:39,265 INFO inference_run_large loaded checkpoint iter=200 from /AI4S/Users/howardwang/h204/ecophys/experiments/041_arch_tier_2_2_multitimescale/results_t22_multitimescale_seed7/checkpoint.pt
2026-04-28 19:20:39,359 INFO inference_run_large loaded checkpoint iter=200 from /AI4S/Users/howardwang/h204/ecophys/experiments/041_arch_tier_2_2_multitimescale/results_t22_multitimescale_seed0/checkpoint.pt
2026-04-28 19:20:39,404 INFO inference_run_large loaded checkpoint iter=200 from /AI4S/Users/howardwang/h204/ecophys/experiments/041_arch_tier_2_2_multitimescale/results_t22_multitimescale_seed3/checkpoint.pt
2026-04-28 19:20:39,404 INFO inference_run_large loaded checkpoint iter=200 from /AI4S/Users/howardwang/h204/ecophys/experiments/041_arch_tier_2_2_multitimescale/results_t22_multitimescale_seed1/checkpoint.pt
2026-04-28 19:20:39,425 INFO inference_run_large loaded checkpoint iter=200 from /AI4S/Users/howardwang/h204/ecophys/experiments/041_arch_tier_2_2_multitimescale/results_t22_multitimescale_seed2/checkpoint.pt
2026-04-28 19:20:39,425 INFO inference_run_large loaded checkpoint iter=200 from /AI4S/Users/howardwang/h204/ecophys/experiments/041_arch_tier_2_2_multitimescale/results_t22_multitimescale_seed5/checkpoint.pt
2026-04-28 19:20:39,425 INFO inference_run_large loaded checkpoint iter=200 from /AI4S/Users/howardwang/h204/ecophys/experiments/041_arch_tier_2_2_multitimescale/results_t22_multitimescale_seed6/checkpoint.pt
2026-04-28 19:20:39,549 INFO inference_run_large loaded checkpoint iter=200 from /AI4S/Users/howardwang/h204/ecophys/experiments/041_arch_tier_2_2_multitimescale/results_t22_multitimescale_seed4/checkpoint.pt
2026-04-28 19:21:24,658 INFO inference_run_large [rank 0] rollout 1/4 seed=10000 took 44.3s
2026-04-28 19:21:24,701 INFO inference_run_large [rank 0] rollout 1/4 seed=10000 took 44.3s
2026-04-28 19:21:24,730 INFO inference_run_large [rank 0] rollout 1/4 seed=10000 took 44.3s
2026-04-28 19:21:24,754 INFO inference_run_large [rank 0] rollout 1/4 seed=10000 took 44.3s
2026-04-28 19:21:24,789 INFO inference_run_large [rank 0] rollout 1/4 seed=10000 took 44.3s
2026-04-28 19:21:24,797 INFO inference_run_large [rank 0] rollout 1/4 seed=10000 took 44.3s
2026-04-28 19:21:24,807 INFO inference_run_large [rank 0] rollout 1/4 seed=10000 took 44.3s
2026-04-28 19:21:24,822 INFO inference_run_large [rank 0] rollout 1/4 seed=10000 took 44.2s
2026-04-28 19:22:08,592 INFO inference_run_large [rank 0] rollout 2/4 seed=10001 took 43.9s
2026-04-28 19:22:08,634 INFO inference_run_large [rank 0] rollout 2/4 seed=10001 took 43.8s
2026-04-28 19:22:08,643 INFO inference_run_large [rank 0] rollout 2/4 seed=10001 took 43.8s
2026-04-28 19:22:08,659 INFO inference_run_large [rank 0] rollout 2/4 seed=10001 took 43.9s
2026-04-28 19:22:08,726 INFO inference_run_large [rank 0] rollout 2/4 seed=10001 took 43.8s
2026-04-28 19:22:08,740 INFO inference_run_large [rank 0] rollout 2/4 seed=10001 took 43.9s
2026-04-28 19:22:08,761 INFO inference_run_large [rank 0] rollout 2/4 seed=10001 took 43.9s
2026-04-28 19:22:09,081 INFO inference_run_large [rank 0] rollout 2/4 seed=10001 took 44.2s
2026-04-28 19:22:52,513 INFO inference_run_large [rank 0] rollout 3/4 seed=10002 took 43.8s
2026-04-28 19:22:52,516 INFO inference_run_large [rank 0] rollout 3/4 seed=10002 took 43.8s
2026-04-28 19:22:52,520 INFO inference_run_large [rank 0] rollout 3/4 seed=10002 took 43.8s
2026-04-28 19:22:52,618 INFO inference_run_large [rank 0] rollout 3/4 seed=10002 took 43.9s
2026-04-28 19:22:52,621 INFO inference_run_large [rank 0] rollout 3/4 seed=10002 took 43.8s
2026-04-28 19:22:52,686 INFO inference_run_large [rank 0] rollout 3/4 seed=10002 took 43.8s
2026-04-28 19:22:52,702 INFO inference_run_large [rank 0] rollout 3/4 seed=10002 took 43.9s
2026-04-28 19:22:53,477 INFO inference_run_large [rank 0] rollout 3/4 seed=10002 took 44.3s
2026-04-28 19:23:36,452 INFO inference_run_large [rank 0] rollout 4/4 seed=10003 took 43.9s
2026-04-28 19:23:36,456 INFO inference_run_large [rank 0] wrote /AI4S/Users/howardwang/h204/ecophys/experiments/041_arch_tier_2_2_multitimescale/results_t22_multitimescale_seed3/inference_rank_0.json
2026-04-28 19:23:36,460 INFO inference_run_large [rank 0] merged 4 rollouts → /AI4S/Users/howardwang/h204/ecophys/experiments/041_arch_tier_2_2_multitimescale/results_t22_multitimescale_seed3/inference_merged.json
2026-04-28 19:23:36,465 INFO inference_run_large [rank 0] rollout 4/4 seed=10003 took 43.9s
2026-04-28 19:23:36,468 INFO inference_run_large [rank 0] wrote /AI4S/Users/howardwang/h204/ecophys/experiments/041_arch_tier_2_2_multitimescale/results_t22_multitimescale_seed6/inference_rank_0.json
2026-04-28 19:23:36,472 INFO inference_run_large [rank 0] merged 4 rollouts → /AI4S/Users/howardwang/h204/ecophys/experiments/041_arch_tier_2_2_multitimescale/results_t22_multitimescale_seed6/inference_merged.json
2026-04-28 19:23:36,488 INFO inference_run_large [rank 0] rollout 4/4 seed=10003 took 43.9s
2026-04-28 19:23:36,491 INFO inference_run_large [rank 0] wrote /AI4S/Users/howardwang/h204/ecophys/experiments/041_arch_tier_2_2_multitimescale/results_t22_multitimescale_seed7/inference_rank_0.json
2026-04-28 19:23:36,495 INFO inference_run_large [rank 0] merged 4 rollouts → /AI4S/Users/howardwang/h204/ecophys/experiments/041_arch_tier_2_2_multitimescale/results_t22_multitimescale_seed7/inference_merged.json
2026-04-28 19:23:36,584 INFO inference_run_large [rank 0] rollout 4/4 seed=10003 took 43.9s
2026-04-28 19:23:36,587 INFO inference_run_large [rank 0] wrote /AI4S/Users/howardwang/h204/ecophys/experiments/041_arch_tier_2_2_multitimescale/results_t22_multitimescale_seed4/inference_rank_0.json
2026-04-28 19:23:36,592 INFO inference_run_large [rank 0] merged 4 rollouts → /AI4S/Users/howardwang/h204/ecophys/experiments/041_arch_tier_2_2_multitimescale/results_t22_multitimescale_seed4/inference_merged.json
2026-04-28 19:23:36,682 INFO inference_run_large [rank 0] rollout 4/4 seed=10003 took 43.9s
2026-04-28 19:23:36,685 INFO inference_run_large [rank 0] wrote /AI4S/Users/howardwang/h204/ecophys/experiments/041_arch_tier_2_2_multitimescale/results_t22_multitimescale_seed2/inference_rank_0.json
2026-04-28 19:23:36,690 INFO inference_run_large [rank 0] merged 4 rollouts → /AI4S/Users/howardwang/h204/ecophys/experiments/041_arch_tier_2_2_multitimescale/results_t22_multitimescale_seed2/inference_merged.json
2026-04-28 19:23:36,713 INFO inference_run_large [rank 0] rollout 4/4 seed=10003 took 44.0s
2026-04-28 19:23:36,716 INFO inference_run_large [rank 0] wrote /AI4S/Users/howardwang/h204/ecophys/experiments/041_arch_tier_2_2_multitimescale/results_t22_multitimescale_seed0/inference_rank_0.json
2026-04-28 19:23:36,721 INFO inference_run_large [rank 0] merged 4 rollouts → /AI4S/Users/howardwang/h204/ecophys/experiments/041_arch_tier_2_2_multitimescale/results_t22_multitimescale_seed0/inference_merged.json
2026-04-28 19:23:36,797 INFO inference_run_large [rank 0] rollout 4/4 seed=10003 took 44.0s
2026-04-28 19:23:36,801 INFO inference_run_large [rank 0] wrote /AI4S/Users/howardwang/h204/ecophys/experiments/041_arch_tier_2_2_multitimescale/results_t22_multitimescale_seed1/inference_rank_0.json
2026-04-28 19:23:36,805 INFO inference_run_large [rank 0] merged 4 rollouts → /AI4S/Users/howardwang/h204/ecophys/experiments/041_arch_tier_2_2_multitimescale/results_t22_multitimescale_seed1/inference_merged.json
  ✓ eval t22_multitimescale_seed3 187s (card 3)

═ EVAL  t22_multitimescale_seed8 (card 0) ═ 19:23:37
  ✓ eval t22_multitimescale_seed7 187s (card 7)

═ EVAL  t22_multitimescale_seed9 (card 1) ═ 19:23:37
  ✓ eval t22_multitimescale_seed6 187s (card 6)
  ✓ eval t22_multitimescale_seed0 187s (card 0)
2026-04-28 19:23:38,032 INFO inference_run_large [rank 0] rollout 4/4 seed=10003 took 44.5s
2026-04-28 19:23:38,035 INFO inference_run_large [rank 0] wrote /AI4S/Users/howardwang/h204/ecophys/experiments/041_arch_tier_2_2_multitimescale/results_t22_multitimescale_seed5/inference_rank_0.json
2026-04-28 19:23:38,039 INFO inference_run_large [rank 0] merged 4 rollouts → /AI4S/Users/howardwang/h204/ecophys/experiments/041_arch_tier_2_2_multitimescale/results_t22_multitimescale_seed5/inference_merged.json
  ✓ eval t22_multitimescale_seed4 188s (card 4)
  ✓ eval t22_multitimescale_seed2 188s (card 2)
  ✓ eval t22_multitimescale_seed1 188s (card 1)
  ✓ eval t22_multitimescale_seed5 188s (card 5)
2026-04-28 19:23:40,931 INFO inference_run_large [dist] world_size=1 cuda=True
2026-04-28 19:23:41,388 INFO inference_run_large [dist] world_size=1 cuda=True
2026-04-28 19:23:41,596 INFO inference_run_large loaded checkpoint iter=200 from /AI4S/Users/howardwang/h204/ecophys/experiments/041_arch_tier_2_2_multitimescale/results_t22_multitimescale_seed8/checkpoint.pt
2026-04-28 19:23:41,707 INFO inference_run_large loaded checkpoint iter=200 from /AI4S/Users/howardwang/h204/ecophys/experiments/041_arch_tier_2_2_multitimescale/results_t22_multitimescale_seed9/checkpoint.pt
2026-04-28 19:24:26,804 INFO inference_run_large [rank 0] rollout 1/4 seed=10000 took 44.3s
2026-04-28 19:24:26,965 INFO inference_run_large [rank 0] rollout 1/4 seed=10000 took 44.4s
2026-04-28 19:25:10,674 INFO inference_run_large [rank 0] rollout 2/4 seed=10001 took 43.8s
2026-04-28 19:25:10,917 INFO inference_run_large [rank 0] rollout 2/4 seed=10001 took 43.9s
2026-04-28 19:25:54,540 INFO inference_run_large [rank 0] rollout 3/4 seed=10002 took 43.8s
2026-04-28 19:25:54,849 INFO inference_run_large [rank 0] rollout 3/4 seed=10002 took 43.9s
2026-04-28 19:26:38,492 INFO inference_run_large [rank 0] rollout 4/4 seed=10003 took 43.9s
2026-04-28 19:26:38,495 INFO inference_run_large [rank 0] wrote /AI4S/Users/howardwang/h204/ecophys/experiments/041_arch_tier_2_2_multitimescale/results_t22_multitimescale_seed8/inference_rank_0.json
2026-04-28 19:26:38,499 INFO inference_run_large [rank 0] merged 4 rollouts → /AI4S/Users/howardwang/h204/ecophys/experiments/041_arch_tier_2_2_multitimescale/results_t22_multitimescale_seed8/inference_merged.json
2026-04-28 19:26:38,858 INFO inference_run_large [rank 0] rollout 4/4 seed=10003 took 43.9s
2026-04-28 19:26:38,861 INFO inference_run_large [rank 0] wrote /AI4S/Users/howardwang/h204/ecophys/experiments/041_arch_tier_2_2_multitimescale/results_t22_multitimescale_seed9/inference_rank_0.json
2026-04-28 19:26:38,865 INFO inference_run_large [rank 0] merged 4 rollouts → /AI4S/Users/howardwang/h204/ecophys/experiments/041_arch_tier_2_2_multitimescale/results_t22_multitimescale_seed9/inference_merged.json
  ✓ eval t22_multitimescale_seed8 182s (card 0)
  ✓ eval t22_multitimescale_seed9 182s (card 1)

═══ DONE — Tue Apr 28 07:26:39 PM CST 2026 ═══
