2026-04-29 17:06:30,850 INFO train_distributed [dist] rank=0 world_size=1 local_rank=0 cuda_available=True
2026-04-29 17:06:30,894 INFO train_distributed loaded 2,841 returns for spx/2015-2026_daily
2026-04-29 17:06:30,901 INFO train_distributed targets: acf_sq=0.342 leverage_sum=-0.790 hill_alpha=2.68
2026-04-29 17:06:32,066 INFO train_distributed EcoMDSimulator built: 41381 parameters (device=cuda:0)
2026-04-29 17:06:35,794 INFO train_distributed it=   0 lr=1.00e-04 loss_world=5.0810 |∇|=7.38e+02 γ=1.000 T=0.0500
2026-04-29 17:06:57,933 INFO train_distributed it=   9 lr=1.00e-03 loss_world=5.2476 |∇|=3.33e+03 γ=0.997 T=0.0500
2026-04-29 17:07:22,508 INFO train_distributed it=  19 lr=9.95e-04 loss_world=0.9740 |∇|=4.78e+01 γ=0.992 T=0.0500
2026-04-29 17:07:47,095 INFO train_distributed it=  29 lr=9.78e-04 loss_world=1.0794 |∇|=3.55e+01 γ=0.990 T=0.0500
2026-04-29 17:08:11,681 INFO train_distributed it=  39 lr=9.49e-04 loss_world=0.8779 |∇|=2.53e+01 γ=0.989 T=0.0501
2026-04-29 17:08:36,258 INFO train_distributed it=  49 lr=9.10e-04 loss_world=1.1726 |∇|=1.42e+02 γ=0.989 T=0.0501
2026-04-29 17:09:00,854 INFO train_distributed it=  59 lr=8.60e-04 loss_world=1.3332 |∇|=3.50e+01 γ=0.988 T=0.0501
2026-04-29 17:09:25,457 INFO train_distributed it=  69 lr=8.02e-04 loss_world=1.0108 |∇|=7.35e+01 γ=0.987 T=0.0501
2026-04-29 17:09:50,062 INFO train_distributed it=  79 lr=7.38e-04 loss_world=1.2453 |∇|=4.81e+01 γ=0.986 T=0.0501
2026-04-29 17:10:14,664 INFO train_distributed it=  89 lr=6.68e-04 loss_world=0.9199 |∇|=6.29e+01 γ=0.984 T=0.0501
2026-04-29 17:10:39,255 INFO train_distributed it=  99 lr=5.95e-04 loss_world=0.9400 |∇|=1.57e+01 γ=0.982 T=0.0500
2026-04-29 17:11:03,837 INFO train_distributed it= 109 lr=5.20e-04 loss_world=1.2389 |∇|=3.25e+01 γ=0.981 T=0.0500
2026-04-29 17:11:28,426 INFO train_distributed it= 119 lr=4.47e-04 loss_world=1.2527 |∇|=3.13e+01 γ=0.981 T=0.0500
2026-04-29 17:11:53,009 INFO train_distributed it= 129 lr=3.76e-04 loss_world=1.0291 |∇|=2.35e+01 γ=0.982 T=0.0500
2026-04-29 17:12:17,595 INFO train_distributed it= 139 lr=3.10e-04 loss_world=1.3406 |∇|=2.02e+01 γ=0.982 T=0.0499
2026-04-29 17:12:42,187 INFO train_distributed it= 149 lr=2.51e-04 loss_world=1.1390 |∇|=4.39e+01 γ=0.983 T=0.0499
2026-04-29 17:13:06,774 INFO train_distributed it= 159 lr=2.00e-04 loss_world=1.5094 |∇|=1.95e+02 γ=0.983 T=0.0499
2026-04-29 17:13:31,365 INFO train_distributed it= 169 lr=1.58e-04 loss_world=1.1796 |∇|=5.15e+01 γ=0.983 T=0.0499
2026-04-29 17:13:55,957 INFO train_distributed it= 179 lr=1.27e-04 loss_world=1.4016 |∇|=2.97e+02 γ=0.983 T=0.0499
2026-04-29 17:14:20,545 INFO train_distributed it= 189 lr=1.07e-04 loss_world=1.2598 |∇|=3.29e+01 γ=0.983 T=0.0499
2026-04-29 17:14:45,132 INFO train_distributed it= 199 lr=1.00e-04 loss_world=1.3978 |∇|=9.87e+01 γ=0.983 T=0.0499
2026-04-29 17:14:45,138 INFO train_distributed training finished in 493.1s (200 iters, world_size=1)
2026-04-29 17:14:45,138 INFO train_distributed [rank 0] peak HBM: alloc=11.50 GB, reserved=11.67 GB
2026-04-29 17:14:45,141 INFO train_distributed [rank 0] wrote experiments/047_arch_tier_4_2_dyngraph/results_t42_dyngraph_no_u_seed6/training_log.json
