2026-04-29 11:52:22,771 INFO train_distributed [dist] rank=0 world_size=1 local_rank=0 cuda_available=True
2026-04-29 11:52:22,816 INFO train_distributed loaded 2,841 returns for spx/2015-2026_daily
2026-04-29 11:52:22,823 INFO train_distributed targets: acf_sq=0.342 leverage_sum=-0.790 hill_alpha=2.68
2026-04-29 11:52:23,577 INFO train_distributed EcoMDSimulator built: 40997 parameters (device=cuda:0)
2026-04-29 11:52:26,227 INFO train_distributed it=   0 lr=1.00e-04 loss_world=18.6430 |∇|=5.94e+03 γ=1.000 T=0.0500
2026-04-29 11:52:38,828 INFO train_distributed it=   9 lr=1.00e-03 loss_world=1.6496 |∇|=9.41e+01 γ=0.999 T=0.0498
2026-04-29 11:52:52,958 INFO train_distributed it=  19 lr=9.95e-04 loss_world=1.1878 |∇|=4.34e+01 γ=0.997 T=0.0497
2026-04-29 11:53:07,105 INFO train_distributed it=  29 lr=9.78e-04 loss_world=1.1617 |∇|=1.36e+01 γ=0.997 T=0.0496
2026-04-29 11:53:21,244 INFO train_distributed it=  39 lr=9.49e-04 loss_world=1.0030 |∇|=1.71e+01 γ=0.998 T=0.0495
2026-04-29 11:53:35,384 INFO train_distributed it=  49 lr=9.10e-04 loss_world=1.3356 |∇|=1.51e+02 γ=1.001 T=0.0494
2026-04-29 11:53:49,514 INFO train_distributed it=  59 lr=8.60e-04 loss_world=1.4009 |∇|=6.92e+01 γ=1.001 T=0.0494
2026-04-29 11:54:03,652 INFO train_distributed it=  69 lr=8.02e-04 loss_world=1.4330 |∇|=1.23e+03 γ=1.001 T=0.0494
2026-04-29 11:54:17,786 INFO train_distributed it=  79 lr=7.38e-04 loss_world=1.3680 |∇|=3.10e+03 γ=1.000 T=0.0493
2026-04-29 11:54:31,917 INFO train_distributed it=  89 lr=6.68e-04 loss_world=1.0643 |∇|=3.55e+01 γ=1.001 T=0.0493
2026-04-29 11:54:46,053 INFO train_distributed it=  99 lr=5.95e-04 loss_world=1.1475 |∇|=1.35e+01 γ=1.001 T=0.0493
2026-04-29 11:55:00,183 INFO train_distributed it= 109 lr=5.20e-04 loss_world=2.2528 |∇|=4.09e+04 γ=1.002 T=0.0493
2026-04-29 11:55:14,320 INFO train_distributed it= 119 lr=4.47e-04 loss_world=1.7135 |∇|=1.78e+04 γ=1.002 T=0.0493
2026-04-29 11:55:28,447 INFO train_distributed it= 129 lr=3.76e-04 loss_world=1.1137 |∇|=1.95e+01 γ=1.002 T=0.0493
2026-04-29 11:55:42,578 INFO train_distributed it= 139 lr=3.10e-04 loss_world=1.0873 |∇|=2.38e+01 γ=1.002 T=0.0493
2026-04-29 11:55:56,710 INFO train_distributed it= 149 lr=2.51e-04 loss_world=1.0963 |∇|=1.15e+02 γ=1.002 T=0.0493
2026-04-29 11:56:10,849 INFO train_distributed it= 159 lr=2.00e-04 loss_world=1.1496 |∇|=9.76e+00 γ=1.002 T=0.0493
2026-04-29 11:56:24,987 INFO train_distributed it= 169 lr=1.58e-04 loss_world=1.0344 |∇|=3.25e+01 γ=1.001 T=0.0493
2026-04-29 11:56:39,135 INFO train_distributed it= 179 lr=1.27e-04 loss_world=1.1743 |∇|=1.81e+01 γ=1.001 T=0.0492
2026-04-29 11:56:53,285 INFO train_distributed it= 189 lr=1.07e-04 loss_world=1.1679 |∇|=1.39e+01 γ=1.001 T=0.0492
2026-04-29 11:57:07,438 INFO train_distributed it= 199 lr=1.00e-04 loss_world=1.1191 |∇|=1.10e+01 γ=1.001 T=0.0492
2026-04-29 11:57:07,443 INFO train_distributed training finished in 283.9s (200 iters, world_size=1)
2026-04-29 11:57:07,443 INFO train_distributed [rank 0] peak HBM: alloc=9.15 GB, reserved=9.70 GB
2026-04-29 11:57:07,446 INFO train_distributed [rank 0] wrote experiments/047_arch_tier_4_2_dyngraph/results_t42_dyngraph_no_u_seed6/training_log.json
