2026-04-28 19:48:11,285 INFO train_distributed [dist] rank=0 world_size=1 local_rank=0 cuda_available=True
2026-04-28 19:48:11,333 INFO train_distributed loaded 2,841 returns for spx/2015-2026_daily
2026-04-28 19:48:11,340 INFO train_distributed targets: acf_sq=0.342 leverage_sum=-0.790 hill_alpha=2.68
2026-04-28 19:48:11,601 INFO train_distributed EcoMDSimulator built: 105316 parameters (device=cuda:0)
2026-04-28 19:48:13,008 INFO train_distributed it=   0 lr=1.00e-04 loss_world=1.0117 |∇|=1.48e+00 γ=1.000 T=0.0500
2026-04-28 19:48:15,438 INFO train_distributed it=   9 lr=1.00e-03 loss_world=1.0049 |∇|=1.27e+01 γ=1.002 T=0.0500
2026-04-28 19:48:18,130 INFO train_distributed it=  19 lr=9.95e-04 loss_world=0.8113 |∇|=4.67e+00 γ=1.001 T=0.0501
2026-04-28 19:48:20,809 INFO train_distributed it=  29 lr=9.78e-04 loss_world=0.8735 |∇|=1.10e+00 γ=1.002 T=0.0503
2026-04-28 19:48:23,491 INFO train_distributed it=  39 lr=9.49e-04 loss_world=1.1098 |∇|=1.04e+00 γ=1.005 T=0.0503
2026-04-28 19:48:26,168 INFO train_distributed it=  49 lr=9.10e-04 loss_world=0.8117 |∇|=7.53e-01 γ=1.008 T=0.0503
2026-04-28 19:48:28,868 INFO train_distributed it=  59 lr=8.60e-04 loss_world=0.7513 |∇|=1.42e+00 γ=1.008 T=0.0503
2026-04-28 19:48:31,557 INFO train_distributed it=  69 lr=8.02e-04 loss_world=1.0596 |∇|=1.97e+00 γ=1.008 T=0.0503
2026-04-28 19:48:34,252 INFO train_distributed it=  79 lr=7.38e-04 loss_world=1.2401 |∇|=2.13e+00 γ=1.009 T=0.0503
2026-04-28 19:48:36,946 INFO train_distributed it=  89 lr=6.68e-04 loss_world=0.5537 |∇|=6.55e+00 γ=1.010 T=0.0504
2026-04-28 19:48:39,832 INFO train_distributed it=  99 lr=5.95e-04 loss_world=0.7294 |∇|=1.42e+00 γ=1.010 T=0.0505
2026-04-28 19:48:42,564 INFO train_distributed it= 109 lr=5.20e-04 loss_world=0.7488 |∇|=1.28e+00 γ=1.009 T=0.0504
2026-04-28 19:48:45,260 INFO train_distributed it= 119 lr=4.47e-04 loss_world=0.8311 |∇|=1.80e+00 γ=1.009 T=0.0505
2026-04-28 19:48:47,968 INFO train_distributed it= 129 lr=3.76e-04 loss_world=0.6483 |∇|=2.18e+00 γ=1.009 T=0.0504
2026-04-28 19:48:50,660 INFO train_distributed it= 139 lr=3.10e-04 loss_world=0.6792 |∇|=1.57e+00 γ=1.009 T=0.0504
2026-04-28 19:48:53,349 INFO train_distributed it= 149 lr=2.51e-04 loss_world=1.6222 |∇|=1.84e+00 γ=1.009 T=0.0505
2026-04-28 19:48:56,050 INFO train_distributed it= 159 lr=2.00e-04 loss_world=0.8971 |∇|=1.97e+00 γ=1.009 T=0.0505
2026-04-28 19:48:58,801 INFO train_distributed it= 169 lr=1.58e-04 loss_world=1.0385 |∇|=1.56e+00 γ=1.009 T=0.0505
2026-04-28 19:49:01,504 INFO train_distributed it= 179 lr=1.27e-04 loss_world=1.0289 |∇|=1.34e+00 γ=1.009 T=0.0505
2026-04-28 19:49:04,186 INFO train_distributed it= 189 lr=1.07e-04 loss_world=1.4224 |∇|=7.12e+00 γ=1.009 T=0.0505
2026-04-28 19:49:06,952 INFO train_distributed it= 199 lr=1.00e-04 loss_world=0.8478 |∇|=5.34e+00 γ=1.009 T=0.0505
2026-04-28 19:49:06,960 INFO train_distributed training finished in 55.4s (200 iters, world_size=1)
2026-04-28 19:49:06,960 INFO train_distributed [rank 0] peak HBM: alloc=0.59 GB, reserved=0.77 GB
2026-04-28 19:49:06,964 INFO train_distributed [rank 0] wrote experiments/043_arch_pairs/results_p_3_1__1_3_seed4/training_log.json
