2026-04-29 16:22:00,051 INFO train_distributed [dist] rank=0 world_size=1 local_rank=0 cuda_available=True
2026-04-29 16:22:00,096 INFO train_distributed loaded 2,841 returns for spx/2015-2026_daily
2026-04-29 16:22:00,103 INFO train_distributed targets: acf_sq=0.342 leverage_sum=-0.790 hill_alpha=2.68
2026-04-29 16:22:00,428 INFO train_distributed EcoMDSimulator built: 105316 parameters (device=cuda:0)
2026-04-29 16:22:01,820 INFO train_distributed it=   0 lr=1.00e-04 loss_world=1.0117 |∇|=1.48e+00 γ=1.000 T=0.0500
2026-04-29 16:22:04,232 INFO train_distributed it=   9 lr=1.00e-03 loss_world=1.0049 |∇|=1.27e+01 γ=1.002 T=0.0500
2026-04-29 16:22:06,938 INFO train_distributed it=  19 lr=9.95e-04 loss_world=0.8113 |∇|=4.67e+00 γ=1.001 T=0.0501
2026-04-29 16:22:09,627 INFO train_distributed it=  29 lr=9.78e-04 loss_world=0.8735 |∇|=1.10e+00 γ=1.002 T=0.0503
2026-04-29 16:22:12,296 INFO train_distributed it=  39 lr=9.49e-04 loss_world=1.1098 |∇|=1.04e+00 γ=1.005 T=0.0503
2026-04-29 16:22:14,997 INFO train_distributed it=  49 lr=9.10e-04 loss_world=0.8117 |∇|=7.53e-01 γ=1.008 T=0.0503
2026-04-29 16:22:17,680 INFO train_distributed it=  59 lr=8.60e-04 loss_world=0.7513 |∇|=1.42e+00 γ=1.008 T=0.0503
2026-04-29 16:22:20,359 INFO train_distributed it=  69 lr=8.02e-04 loss_world=1.0596 |∇|=1.97e+00 γ=1.008 T=0.0503
2026-04-29 16:22:23,036 INFO train_distributed it=  79 lr=7.38e-04 loss_world=1.2401 |∇|=2.13e+00 γ=1.009 T=0.0503
2026-04-29 16:22:25,718 INFO train_distributed it=  89 lr=6.68e-04 loss_world=0.5537 |∇|=6.55e+00 γ=1.010 T=0.0504
2026-04-29 16:22:28,407 INFO train_distributed it=  99 lr=5.95e-04 loss_world=0.7294 |∇|=1.42e+00 γ=1.010 T=0.0505
2026-04-29 16:22:31,106 INFO train_distributed it= 109 lr=5.20e-04 loss_world=0.7488 |∇|=1.28e+00 γ=1.009 T=0.0504
2026-04-29 16:22:33,798 INFO train_distributed it= 119 lr=4.47e-04 loss_world=0.8311 |∇|=1.80e+00 γ=1.009 T=0.0505
2026-04-29 16:22:36,487 INFO train_distributed it= 129 lr=3.76e-04 loss_world=0.6483 |∇|=2.18e+00 γ=1.009 T=0.0504
2026-04-29 16:22:39,208 INFO train_distributed it= 139 lr=3.10e-04 loss_world=0.6792 |∇|=1.57e+00 γ=1.009 T=0.0504
2026-04-29 16:22:41,894 INFO train_distributed it= 149 lr=2.51e-04 loss_world=1.6222 |∇|=1.84e+00 γ=1.009 T=0.0505
2026-04-29 16:22:44,579 INFO train_distributed it= 159 lr=2.00e-04 loss_world=0.8971 |∇|=1.97e+00 γ=1.009 T=0.0505
2026-04-29 16:22:47,262 INFO train_distributed it= 169 lr=1.58e-04 loss_world=1.0385 |∇|=1.56e+00 γ=1.009 T=0.0505
2026-04-29 16:22:49,947 INFO train_distributed it= 179 lr=1.27e-04 loss_world=1.0289 |∇|=1.34e+00 γ=1.009 T=0.0505
2026-04-29 16:22:52,629 INFO train_distributed it= 189 lr=1.07e-04 loss_world=1.4224 |∇|=7.12e+00 γ=1.009 T=0.0505
2026-04-29 16:22:55,303 INFO train_distributed it= 199 lr=1.00e-04 loss_world=0.8478 |∇|=5.34e+00 γ=1.009 T=0.0505
2026-04-29 16:22:55,309 INFO train_distributed training finished in 54.9s (200 iters, world_size=1)
2026-04-29 16:22:55,310 INFO train_distributed [rank 0] peak HBM: alloc=0.59 GB, reserved=0.77 GB
2026-04-29 16:22:55,312 INFO train_distributed [rank 0] wrote experiments/043_arch_pairs/results_p_3_1__1_3_seed4/training_log.json
