2026-04-29 15:28:28,024 INFO train_distributed [dist] rank=0 world_size=1 local_rank=0 cuda_available=True
2026-04-29 15:28:28,070 INFO train_distributed loaded 2,841 returns for spx/2015-2026_daily
2026-04-29 15:28:28,081 INFO train_distributed targets: acf_sq=0.342 leverage_sum=-0.790 hill_alpha=2.68
2026-04-29 15:28:28,907 INFO train_distributed EcoMDSimulator built: 31976 parameters (device=cuda:0)
2026-04-29 15:28:32,618 INFO train_distributed it=   0 lr=1.00e-04 loss_world=2.3246 |∇|=5.39e+01 γ=1.000 T=0.0500
2026-04-29 15:28:54,745 INFO train_distributed it=   9 lr=1.00e-03 loss_world=1.7530 |∇|=6.16e+01 γ=0.998 T=0.0502
2026-04-29 15:29:19,336 INFO train_distributed it=  19 lr=9.95e-04 loss_world=5.7207 |∇|=4.21e+02 γ=0.999 T=0.0505
2026-04-29 15:29:43,924 INFO train_distributed it=  29 lr=9.78e-04 loss_world=1.8374 |∇|=1.44e+02 γ=1.006 T=0.0507
2026-04-29 15:30:08,516 INFO train_distributed it=  39 lr=9.49e-04 loss_world=0.5986 |∇|=1.45e+01 γ=1.008 T=0.0509
2026-04-29 15:30:33,100 INFO train_distributed it=  49 lr=9.10e-04 loss_world=2.1747 |∇|=1.73e+02 γ=1.006 T=0.0511
2026-04-29 15:30:57,684 INFO train_distributed it=  59 lr=8.60e-04 loss_world=1.0312 |∇|=1.67e+02 γ=1.002 T=0.0514
2026-04-29 15:31:22,268 INFO train_distributed it=  69 lr=8.02e-04 loss_world=0.9310 |∇|=2.11e+01 γ=0.999 T=0.0516
2026-04-29 15:31:46,855 INFO train_distributed it=  79 lr=7.38e-04 loss_world=0.9552 |∇|=2.53e+01 γ=0.997 T=0.0516
2026-04-29 15:32:11,447 INFO train_distributed it=  89 lr=6.68e-04 loss_world=0.8777 |∇|=1.52e+01 γ=0.996 T=0.0516
2026-04-29 15:32:36,031 INFO train_distributed it=  99 lr=5.95e-04 loss_world=2.4662 |∇|=1.96e+03 γ=0.993 T=0.0516
2026-04-29 15:33:00,612 INFO train_distributed it= 109 lr=5.20e-04 loss_world=1.0978 |∇|=3.22e+02 γ=0.994 T=0.0516
2026-04-29 15:33:25,196 INFO train_distributed it= 119 lr=4.47e-04 loss_world=1.4052 |∇|=7.53e+02 γ=0.994 T=0.0516
2026-04-29 15:33:49,788 INFO train_distributed it= 129 lr=3.76e-04 loss_world=0.9921 |∇|=5.19e+01 γ=0.994 T=0.0515
2026-04-29 15:34:14,378 INFO train_distributed it= 139 lr=3.10e-04 loss_world=0.8216 |∇|=3.19e+01 γ=0.995 T=0.0515
2026-04-29 15:34:38,970 INFO train_distributed it= 149 lr=2.51e-04 loss_world=0.6376 |∇|=5.42e+00 γ=0.995 T=0.0515
2026-04-29 15:35:03,561 INFO train_distributed it= 159 lr=2.00e-04 loss_world=0.6908 |∇|=1.57e+01 γ=0.995 T=0.0515
2026-04-29 15:35:28,152 INFO train_distributed it= 169 lr=1.58e-04 loss_world=0.9264 |∇|=1.43e+01 γ=0.995 T=0.0515
2026-04-29 15:35:52,741 INFO train_distributed it= 179 lr=1.27e-04 loss_world=1.0335 |∇|=1.73e+01 γ=0.995 T=0.0515
2026-04-29 15:36:17,335 INFO train_distributed it= 189 lr=1.07e-04 loss_world=0.9236 |∇|=4.61e+01 γ=0.995 T=0.0515
2026-04-29 15:36:41,922 INFO train_distributed it= 199 lr=1.00e-04 loss_world=0.8214 |∇|=1.43e+01 γ=0.995 T=0.0515
2026-04-29 15:36:41,927 INFO train_distributed training finished in 493.0s (200 iters, world_size=1)
2026-04-29 15:36:41,927 INFO train_distributed [rank 0] peak HBM: alloc=9.08 GB, reserved=9.86 GB
2026-04-29 15:36:41,930 INFO train_distributed [rank 0] wrote experiments/039_arch_tier_1_3_features/results_t13_features_all_seed7/training_log.json
