2026-04-29 10:59:30,072 INFO train_distributed [dist] rank=0 world_size=1 local_rank=0 cuda_available=True
2026-04-29 10:59:30,116 INFO train_distributed loaded 2,841 returns for spx/2015-2026_daily
2026-04-29 10:59:30,123 INFO train_distributed targets: acf_sq=0.342 leverage_sum=-0.790 hill_alpha=2.68
2026-04-29 10:59:32,165 INFO train_distributed EcoMDSimulator built: 31780 parameters (device=cuda:0)
2026-04-29 10:59:36,307 INFO train_distributed it=   0 lr=1.00e-04 loss_world=1.4484 |∇|=8.10e+02 γ=1.000 T=0.0500
2026-04-29 11:00:00,524 INFO train_distributed it=   9 lr=1.00e-03 loss_world=1.7137 |∇|=6.26e+02 γ=1.003 T=0.0500
2026-04-29 11:00:27,441 INFO train_distributed it=  19 lr=9.95e-04 loss_world=2.2404 |∇|=5.52e+01 γ=1.003 T=0.0501
2026-04-29 11:00:54,335 INFO train_distributed it=  29 lr=9.78e-04 loss_world=6.9168 |∇|=1.22e+03 γ=1.005 T=0.0499
2026-04-29 11:01:21,228 INFO train_distributed it=  39 lr=9.49e-04 loss_world=1.0925 |∇|=5.00e+02 γ=1.003 T=0.0499
2026-04-29 11:01:48,126 INFO train_distributed it=  49 lr=9.10e-04 loss_world=0.8146 |∇|=6.38e+02 γ=1.001 T=0.0501
2026-04-29 11:02:15,021 INFO train_distributed it=  59 lr=8.60e-04 loss_world=2.1331 |∇|=1.30e+02 γ=1.000 T=0.0502
2026-04-29 11:02:41,911 INFO train_distributed it=  69 lr=8.02e-04 loss_world=0.5839 |∇|=1.14e+02 γ=0.999 T=0.0502
2026-04-29 11:03:08,803 INFO train_distributed it=  79 lr=7.38e-04 loss_world=2.3114 |∇|=8.88e+01 γ=0.999 T=0.0501
2026-04-29 11:03:35,697 INFO train_distributed it=  89 lr=6.68e-04 loss_world=0.6160 |∇|=7.70e+01 γ=1.001 T=0.0502
2026-04-29 11:04:01,554 INFO train_distributed it=  99 lr=5.95e-04 loss_world=1.0425 |∇|=5.37e+02 γ=1.001 T=0.0503
2026-04-29 11:04:14,255 INFO train_distributed it= 109 lr=5.20e-04 loss_world=1.0210 |∇|=2.71e+02 γ=1.001 T=0.0503
2026-04-29 11:04:26,942 INFO train_distributed it= 119 lr=4.47e-04 loss_world=1.5374 |∇|=6.49e+01 γ=1.000 T=0.0503
2026-04-29 11:04:39,630 INFO train_distributed it= 129 lr=3.76e-04 loss_world=0.8604 |∇|=3.64e+02 γ=0.999 T=0.0504
2026-04-29 11:04:52,322 INFO train_distributed it= 139 lr=3.10e-04 loss_world=0.5242 |∇|=8.29e+01 γ=0.999 T=0.0504
2026-04-29 11:05:05,020 INFO train_distributed it= 149 lr=2.51e-04 loss_world=1.0225 |∇|=1.36e+02 γ=0.999 T=0.0504
2026-04-29 11:05:17,720 INFO train_distributed it= 159 lr=2.00e-04 loss_world=0.8713 |∇|=4.68e+01 γ=0.999 T=0.0504
2026-04-29 11:05:30,408 INFO train_distributed it= 169 lr=1.58e-04 loss_world=0.4982 |∇|=8.51e+02 γ=0.999 T=0.0504
2026-04-29 11:05:43,107 INFO train_distributed it= 179 lr=1.27e-04 loss_world=1.0427 |∇|=7.65e+01 γ=0.998 T=0.0504
2026-04-29 11:05:55,797 INFO train_distributed it= 189 lr=1.07e-04 loss_world=1.0089 |∇|=4.12e+03 γ=0.998 T=0.0504
2026-04-29 11:06:08,497 INFO train_distributed it= 199 lr=1.00e-04 loss_world=0.9895 |∇|=7.03e+01 γ=0.998 T=0.0504
2026-04-29 11:06:08,503 INFO train_distributed training finished in 396.3s (200 iters, world_size=1)
2026-04-29 11:06:08,503 INFO train_distributed [rank 0] peak HBM: alloc=7.41 GB, reserved=7.84 GB
2026-04-29 11:06:08,507 INFO train_distributed [rank 0] wrote experiments/039_arch_tier_1_3_features/results_t13_features_all_seed7/training_log.json
