2026-04-29 11:37:43,139 INFO train_distributed [dist] rank=0 world_size=1 local_rank=0 cuda_available=True
2026-04-29 11:37:43,183 INFO train_distributed loaded 2,841 returns for spx/2015-2026_daily
2026-04-29 11:37:43,190 INFO train_distributed targets: acf_sq=0.342 leverage_sum=-0.790 hill_alpha=2.68
2026-04-29 11:37:44,634 INFO train_distributed EcoMDSimulator built: 39904 parameters (device=cuda:0)
2026-04-29 11:37:47,114 INFO train_distributed it=   0 lr=1.00e-04 loss_world=34.4647 |∇|=1.00e+04 γ=1.000 T=0.0500
2026-04-29 11:37:57,882 INFO train_distributed it=   9 lr=1.00e-03 loss_world=5.0884 |∇|=2.78e+02 γ=0.996 T=0.0499
2026-04-29 11:38:09,888 INFO train_distributed it=  19 lr=9.95e-04 loss_world=4.9371 |∇|=6.71e+02 γ=0.988 T=0.0500
2026-04-29 11:38:21,870 INFO train_distributed it=  29 lr=9.78e-04 loss_world=2.5701 |∇|=9.28e+01 γ=0.982 T=0.0500
2026-04-29 11:38:33,841 INFO train_distributed it=  39 lr=9.49e-04 loss_world=2.7088 |∇|=1.41e+02 γ=0.976 T=0.0501
2026-04-29 11:38:45,801 INFO train_distributed it=  49 lr=9.10e-04 loss_world=1.9611 |∇|=1.34e+02 γ=0.972 T=0.0501
2026-04-29 11:38:57,745 INFO train_distributed it=  59 lr=8.60e-04 loss_world=1.1502 |∇|=1.92e+01 γ=0.970 T=0.0500
2026-04-29 11:39:09,686 INFO train_distributed it=  69 lr=8.02e-04 loss_world=1.1343 |∇|=1.76e+01 γ=0.969 T=0.0500
2026-04-29 11:39:21,623 INFO train_distributed it=  79 lr=7.38e-04 loss_world=1.2016 |∇|=3.10e+01 γ=0.969 T=0.0500
2026-04-29 11:39:33,561 INFO train_distributed it=  89 lr=6.68e-04 loss_world=1.2918 |∇|=3.04e+01 γ=0.968 T=0.0500
2026-04-29 11:39:45,494 INFO train_distributed it=  99 lr=5.95e-04 loss_world=1.1996 |∇|=9.70e+01 γ=0.969 T=0.0500
2026-04-29 11:39:57,424 INFO train_distributed it= 109 lr=5.20e-04 loss_world=1.3316 |∇|=2.40e+02 γ=0.969 T=0.0499
2026-04-29 11:40:09,365 INFO train_distributed it= 119 lr=4.47e-04 loss_world=1.1396 |∇|=1.94e+02 γ=0.969 T=0.0499
2026-04-29 11:40:21,294 INFO train_distributed it= 129 lr=3.76e-04 loss_world=5.4492 |∇|=1.42e+03 γ=0.969 T=0.0499
2026-04-29 11:40:33,221 INFO train_distributed it= 139 lr=3.10e-04 loss_world=18.6400 |∇|=4.32e+03 γ=0.969 T=0.0499
2026-04-29 11:40:45,158 INFO train_distributed it= 149 lr=2.51e-04 loss_world=1.2934 |∇|=4.08e+02 γ=0.970 T=0.0500
2026-04-29 11:40:57,092 INFO train_distributed it= 159 lr=2.00e-04 loss_world=1.5220 |∇|=3.71e+02 γ=0.970 T=0.0500
2026-04-29 11:41:09,032 INFO train_distributed it= 169 lr=1.58e-04 loss_world=1.3502 |∇|=1.92e+02 γ=0.970 T=0.0500
2026-04-29 11:41:20,971 INFO train_distributed it= 179 lr=1.27e-04 loss_world=8.3853 |∇|=2.33e+03 γ=0.970 T=0.0500
2026-04-29 11:41:32,905 INFO train_distributed it= 189 lr=1.07e-04 loss_world=1.1116 |∇|=2.47e+02 γ=0.970 T=0.0500
2026-04-29 11:41:44,857 INFO train_distributed it= 199 lr=1.00e-04 loss_world=1.2201 |∇|=1.75e+02 γ=0.970 T=0.0500
2026-04-29 11:41:44,864 INFO train_distributed training finished in 240.2s (200 iters, world_size=1)
2026-04-29 11:41:44,864 INFO train_distributed [rank 0] peak HBM: alloc=7.25 GB, reserved=8.06 GB
2026-04-29 11:41:44,866 INFO train_distributed [rank 0] wrote experiments/046_arch_megnet_pairs/results_p_4_1__1_1_seed1/training_log.json
