2026-04-29 12:02:27,125 INFO train_distributed [dist] rank=0 world_size=1 local_rank=0 cuda_available=True
2026-04-29 12:02:27,171 INFO train_distributed loaded 2,841 returns for spx/2015-2026_daily
2026-04-29 12:02:27,179 INFO train_distributed targets: acf_sq=0.342 leverage_sum=-0.790 hill_alpha=2.68
2026-04-29 12:02:27,703 INFO train_distributed EcoMDSimulator built: 47261 parameters (device=cuda:0)
2026-04-29 12:02:30,634 INFO train_distributed it=   0 lr=1.00e-04 loss_world=8.3435 |∇|=9.60e+02 γ=1.000 T=0.0500
2026-04-29 12:02:44,330 INFO train_distributed it=   9 lr=1.00e-03 loss_world=2.4867 |∇|=5.29e+01 γ=0.996 T=0.0500
2026-04-29 12:02:59,710 INFO train_distributed it=  19 lr=9.95e-04 loss_world=1.4224 |∇|=4.38e+02 γ=0.992 T=0.0501
2026-04-29 12:03:15,090 INFO train_distributed it=  29 lr=9.78e-04 loss_world=1.0361 |∇|=1.38e+01 γ=0.989 T=0.0501
2026-04-29 12:03:30,409 INFO train_distributed it=  39 lr=9.49e-04 loss_world=7.2018 |∇|=1.64e+03 γ=0.986 T=0.0501
2026-04-29 12:03:45,719 INFO train_distributed it=  49 lr=9.10e-04 loss_world=1.2014 |∇|=5.71e+01 γ=0.984 T=0.0502
2026-04-29 12:04:01,023 INFO train_distributed it=  59 lr=8.60e-04 loss_world=1.4146 |∇|=6.83e+01 γ=0.984 T=0.0502
2026-04-29 12:04:16,310 INFO train_distributed it=  69 lr=8.02e-04 loss_world=19.9863 |∇|=6.13e+05 γ=0.983 T=0.0502
2026-04-29 12:04:31,593 INFO train_distributed it=  79 lr=7.38e-04 loss_world=19.1106 |∇|=6.11e+02 γ=0.981 T=0.0503
2026-04-29 12:04:46,873 INFO train_distributed it=  89 lr=6.68e-04 loss_world=9.6626 |∇|=4.54e+02 γ=0.979 T=0.0505
2026-04-29 12:05:02,157 INFO train_distributed it=  99 lr=5.95e-04 loss_world=2.1692 |∇|=2.62e+02 γ=0.976 T=0.0505
2026-04-29 12:05:17,451 INFO train_distributed it= 109 lr=5.20e-04 loss_world=1.7940 |∇|=6.83e+01 γ=0.976 T=0.0505
2026-04-29 12:05:32,733 INFO train_distributed it= 119 lr=4.47e-04 loss_world=1.1563 |∇|=3.35e+01 γ=0.976 T=0.0505
2026-04-29 12:05:48,008 INFO train_distributed it= 129 lr=3.76e-04 loss_world=1.2559 |∇|=3.41e+01 γ=0.976 T=0.0505
2026-04-29 12:06:03,303 INFO train_distributed it= 139 lr=3.10e-04 loss_world=1.2857 |∇|=4.34e+01 γ=0.976 T=0.0504
2026-04-29 12:06:18,582 INFO train_distributed it= 149 lr=2.51e-04 loss_world=1.0584 |∇|=3.75e+01 γ=0.976 T=0.0504
2026-04-29 12:06:33,855 INFO train_distributed it= 159 lr=2.00e-04 loss_world=1.0683 |∇|=3.50e+01 γ=0.976 T=0.0504
2026-04-29 12:06:49,141 INFO train_distributed it= 169 lr=1.58e-04 loss_world=0.9891 |∇|=3.26e+01 γ=0.976 T=0.0504
2026-04-29 12:07:04,452 INFO train_distributed it= 179 lr=1.27e-04 loss_world=0.9972 |∇|=3.37e+01 γ=0.976 T=0.0504
2026-04-29 12:07:19,756 INFO train_distributed it= 189 lr=1.07e-04 loss_world=1.0324 |∇|=3.05e+01 γ=0.976 T=0.0504
2026-04-29 12:07:35,031 INFO train_distributed it= 199 lr=1.00e-04 loss_world=1.0392 |∇|=2.83e+01 γ=0.976 T=0.0504
2026-04-29 12:07:35,038 INFO train_distributed training finished in 307.3s (200 iters, world_size=1)
2026-04-29 12:07:35,038 INFO train_distributed [rank 0] peak HBM: alloc=9.41 GB, reserved=10.01 GB
2026-04-29 12:07:35,041 INFO train_distributed [rank 0] wrote experiments/047_arch_tier_4_2_dyngraph/results_t42_dyngraph_seed8/training_log.json
