2026-04-29 17:24:49,329 INFO train_distributed [dist] rank=0 world_size=1 local_rank=0 cuda_available=True
2026-04-29 17:24:49,374 INFO train_distributed loaded 2,841 returns for spx/2015-2026_daily
2026-04-29 17:24:49,382 INFO train_distributed targets: acf_sq=0.342 leverage_sum=-0.790 hill_alpha=2.68
2026-04-29 17:24:50,052 INFO train_distributed EcoMDSimulator built: 47709 parameters (device=cuda:0)
2026-04-29 17:24:54,248 INFO train_distributed it=   0 lr=1.00e-04 loss_world=2.1174 |∇|=5.26e+01 γ=1.000 T=0.0500
2026-04-29 17:25:20,878 INFO train_distributed it=   9 lr=1.00e-03 loss_world=17.0810 |∇|=5.14e+03 γ=0.997 T=0.0502
2026-04-29 17:25:50,467 INFO train_distributed it=  19 lr=9.95e-04 loss_world=1.0385 |∇|=1.52e+02 γ=0.991 T=0.0506
2026-04-29 17:26:20,051 INFO train_distributed it=  29 lr=9.78e-04 loss_world=1.1989 |∇|=3.70e+01 γ=0.989 T=0.0508
2026-04-29 17:26:49,636 INFO train_distributed it=  39 lr=9.49e-04 loss_world=1.2506 |∇|=7.62e+01 γ=0.987 T=0.0509
2026-04-29 17:27:19,227 INFO train_distributed it=  49 lr=9.10e-04 loss_world=0.8145 |∇|=1.37e+02 γ=0.986 T=0.0510
2026-04-29 17:27:48,817 INFO train_distributed it=  59 lr=8.60e-04 loss_world=0.9687 |∇|=1.52e+02 γ=0.987 T=0.0512
2026-04-29 17:28:18,402 INFO train_distributed it=  69 lr=8.02e-04 loss_world=1.3121 |∇|=1.45e+02 γ=0.986 T=0.0513
2026-04-29 17:28:47,989 INFO train_distributed it=  79 lr=7.38e-04 loss_world=2.1449 |∇|=3.85e+02 γ=0.984 T=0.0514
2026-04-29 17:29:17,577 INFO train_distributed it=  89 lr=6.68e-04 loss_world=0.9736 |∇|=4.36e+01 γ=0.982 T=0.0514
2026-04-29 17:29:47,192 INFO train_distributed it=  99 lr=5.95e-04 loss_world=1.3353 |∇|=2.22e+02 γ=0.980 T=0.0515
2026-04-29 17:30:16,781 INFO train_distributed it= 109 lr=5.20e-04 loss_world=0.6622 |∇|=8.12e+01 γ=0.978 T=0.0515
2026-04-29 17:30:46,370 INFO train_distributed it= 119 lr=4.47e-04 loss_world=0.9467 |∇|=1.17e+02 γ=0.976 T=0.0516
2026-04-29 17:31:15,959 INFO train_distributed it= 129 lr=3.76e-04 loss_world=1.0380 |∇|=4.11e+01 γ=0.975 T=0.0517
2026-04-29 17:31:45,545 INFO train_distributed it= 139 lr=3.10e-04 loss_world=0.9806 |∇|=9.03e+01 γ=0.973 T=0.0518
2026-04-29 17:32:15,137 INFO train_distributed it= 149 lr=2.51e-04 loss_world=1.2790 |∇|=3.45e+02 γ=0.973 T=0.0519
2026-04-29 17:32:44,739 INFO train_distributed it= 159 lr=2.00e-04 loss_world=1.0695 |∇|=5.86e+03 γ=0.973 T=0.0519
2026-04-29 17:33:14,336 INFO train_distributed it= 169 lr=1.58e-04 loss_world=0.6196 |∇|=2.04e+02 γ=0.972 T=0.0519
2026-04-29 17:33:43,922 INFO train_distributed it= 179 lr=1.27e-04 loss_world=1.1497 |∇|=1.03e+02 γ=0.972 T=0.0519
2026-04-29 17:34:13,510 INFO train_distributed it= 189 lr=1.07e-04 loss_world=0.9631 |∇|=5.23e+02 γ=0.972 T=0.0519
2026-04-29 17:34:43,095 INFO train_distributed it= 199 lr=1.00e-04 loss_world=1.0112 |∇|=4.70e+02 γ=0.973 T=0.0519
2026-04-29 17:34:43,102 INFO train_distributed training finished in 593.1s (200 iters, world_size=1)
2026-04-29 17:34:43,102 INFO train_distributed [rank 0] peak HBM: alloc=12.09 GB, reserved=12.55 GB
2026-04-29 17:34:43,105 INFO train_distributed [rank 0] wrote experiments/047_arch_tier_4_2_dyngraph/results_t42_dyngraph_seed8/training_log.json
