2026-04-29 16:46:20,868 INFO train_distributed [dist] rank=0 world_size=1 local_rank=0 cuda_available=True
2026-04-29 16:46:20,913 INFO train_distributed loaded 2,841 returns for spx/2015-2026_daily
2026-04-29 16:46:20,920 INFO train_distributed targets: acf_sq=0.342 leverage_sum=-0.790 hill_alpha=2.68
2026-04-29 16:46:22,392 INFO train_distributed EcoMDSimulator built: 108136 parameters (device=cuda:0)
2026-04-29 16:46:23,988 INFO train_distributed it=   0 lr=1.00e-04 loss_world=1.0473 |∇|=5.00e+00 γ=1.000 T=0.0500
2026-04-29 16:46:26,840 INFO train_distributed it=   9 lr=1.00e-03 loss_world=0.5687 |∇|=1.26e+00 γ=1.000 T=0.0499
2026-04-29 16:46:30,288 INFO train_distributed it=  19 lr=9.95e-04 loss_world=1.4054 |∇|=1.87e-01 γ=1.002 T=0.0499
2026-04-29 16:46:33,479 INFO train_distributed it=  29 lr=9.78e-04 loss_world=0.6431 |∇|=1.32e+00 γ=1.004 T=0.0499
2026-04-29 16:46:36,760 INFO train_distributed it=  39 lr=9.49e-04 loss_world=0.7808 |∇|=7.14e-01 γ=1.004 T=0.0498
2026-04-29 16:46:39,960 INFO train_distributed it=  49 lr=9.10e-04 loss_world=1.1251 |∇|=1.70e+00 γ=1.005 T=0.0498
2026-04-29 16:46:43,163 INFO train_distributed it=  59 lr=8.60e-04 loss_world=1.1605 |∇|=3.45e+01 γ=1.009 T=0.0498
2026-04-29 16:46:46,389 INFO train_distributed it=  69 lr=8.02e-04 loss_world=0.9759 |∇|=1.44e+00 γ=1.010 T=0.0499
2026-04-29 16:46:49,674 INFO train_distributed it=  79 lr=7.38e-04 loss_world=1.3920 |∇|=1.46e+01 γ=1.014 T=0.0498
2026-04-29 16:46:52,869 INFO train_distributed it=  89 lr=6.68e-04 loss_world=0.8534 |∇|=2.34e+00 γ=1.017 T=0.0499
2026-04-29 16:46:56,116 INFO train_distributed it=  99 lr=5.95e-04 loss_world=0.9473 |∇|=1.10e+00 γ=1.019 T=0.0499
2026-04-29 16:46:59,321 INFO train_distributed it= 109 lr=5.20e-04 loss_world=1.1381 |∇|=1.06e+00 γ=1.019 T=0.0499
2026-04-29 16:47:02,532 INFO train_distributed it= 119 lr=4.47e-04 loss_world=0.9546 |∇|=4.79e+00 γ=1.020 T=0.0499
2026-04-29 16:47:05,761 INFO train_distributed it= 129 lr=3.76e-04 loss_world=1.3064 |∇|=8.46e-01 γ=1.022 T=0.0499
2026-04-29 16:47:09,037 INFO train_distributed it= 139 lr=3.10e-04 loss_world=0.9791 |∇|=3.62e+00 γ=1.022 T=0.0499
2026-04-29 16:47:12,254 INFO train_distributed it= 149 lr=2.51e-04 loss_world=0.9738 |∇|=9.31e+00 γ=1.022 T=0.0499
2026-04-29 16:47:15,464 INFO train_distributed it= 159 lr=2.00e-04 loss_world=1.0602 |∇|=1.49e+00 γ=1.022 T=0.0498
2026-04-29 16:47:18,658 INFO train_distributed it= 169 lr=1.58e-04 loss_world=0.6238 |∇|=2.97e+00 γ=1.022 T=0.0498
2026-04-29 16:47:21,844 INFO train_distributed it= 179 lr=1.27e-04 loss_world=1.2185 |∇|=8.56e+00 γ=1.021 T=0.0498
2026-04-29 16:47:25,027 INFO train_distributed it= 189 lr=1.07e-04 loss_world=0.7778 |∇|=1.88e+00 γ=1.021 T=0.0498
2026-04-29 16:47:28,220 INFO train_distributed it= 199 lr=1.00e-04 loss_world=1.0395 |∇|=4.35e+00 γ=1.021 T=0.0498
2026-04-29 16:47:28,229 INFO train_distributed training finished in 65.8s (200 iters, world_size=1)
2026-04-29 16:47:28,229 INFO train_distributed [rank 0] peak HBM: alloc=0.61 GB, reserved=0.82 GB
2026-04-29 16:47:28,232 INFO train_distributed [rank 0] wrote experiments/044_arch_all_stacked/results_stack_with_isab_seed2/training_log.json
