2026-04-28 20:00:18,313 INFO train_distributed [dist] rank=0 world_size=1 local_rank=0 cuda_available=True
2026-04-28 20:00:18,358 INFO train_distributed loaded 2,841 returns for spx/2015-2026_daily
2026-04-28 20:00:18,366 INFO train_distributed targets: acf_sq=0.342 leverage_sum=-0.790 hill_alpha=2.68
2026-04-28 20:00:19,928 INFO train_distributed EcoMDSimulator built: 108136 parameters (device=cuda:0)
2026-04-28 20:00:21,477 INFO train_distributed it=   0 lr=1.00e-04 loss_world=1.0473 |∇|=5.00e+00 γ=1.000 T=0.0500
2026-04-28 20:00:24,362 INFO train_distributed it=   9 lr=1.00e-03 loss_world=0.5687 |∇|=1.26e+00 γ=1.000 T=0.0499
2026-04-28 20:00:27,674 INFO train_distributed it=  19 lr=9.95e-04 loss_world=1.4054 |∇|=1.87e-01 γ=1.002 T=0.0499
2026-04-28 20:00:30,962 INFO train_distributed it=  29 lr=9.78e-04 loss_world=0.6431 |∇|=1.32e+00 γ=1.004 T=0.0499
2026-04-28 20:00:34,181 INFO train_distributed it=  39 lr=9.49e-04 loss_world=0.7808 |∇|=7.14e-01 γ=1.004 T=0.0498
2026-04-28 20:00:37,425 INFO train_distributed it=  49 lr=9.10e-04 loss_world=1.1251 |∇|=1.70e+00 γ=1.005 T=0.0498
2026-04-28 20:00:40,769 INFO train_distributed it=  59 lr=8.60e-04 loss_world=1.1605 |∇|=3.45e+01 γ=1.009 T=0.0498
2026-04-28 20:00:43,977 INFO train_distributed it=  69 lr=8.02e-04 loss_world=0.9759 |∇|=1.44e+00 γ=1.010 T=0.0499
2026-04-28 20:00:47,206 INFO train_distributed it=  79 lr=7.38e-04 loss_world=1.3920 |∇|=1.46e+01 γ=1.014 T=0.0498
2026-04-28 20:00:50,444 INFO train_distributed it=  89 lr=6.68e-04 loss_world=0.8534 |∇|=2.34e+00 γ=1.017 T=0.0499
2026-04-28 20:00:53,658 INFO train_distributed it=  99 lr=5.95e-04 loss_world=0.9473 |∇|=1.10e+00 γ=1.019 T=0.0499
2026-04-28 20:00:56,878 INFO train_distributed it= 109 lr=5.20e-04 loss_world=1.1381 |∇|=1.06e+00 γ=1.019 T=0.0499
2026-04-28 20:01:00,100 INFO train_distributed it= 119 lr=4.47e-04 loss_world=0.9546 |∇|=4.79e+00 γ=1.020 T=0.0499
2026-04-28 20:01:03,338 INFO train_distributed it= 129 lr=3.76e-04 loss_world=1.3064 |∇|=8.46e-01 γ=1.022 T=0.0499
2026-04-28 20:01:06,593 INFO train_distributed it= 139 lr=3.10e-04 loss_world=0.9791 |∇|=3.62e+00 γ=1.022 T=0.0499
2026-04-28 20:01:09,807 INFO train_distributed it= 149 lr=2.51e-04 loss_world=0.9738 |∇|=9.31e+00 γ=1.022 T=0.0499
2026-04-28 20:01:13,024 INFO train_distributed it= 159 lr=2.00e-04 loss_world=1.0602 |∇|=1.49e+00 γ=1.022 T=0.0498
2026-04-28 20:01:16,250 INFO train_distributed it= 169 lr=1.58e-04 loss_world=0.6238 |∇|=2.97e+00 γ=1.022 T=0.0498
2026-04-28 20:01:19,480 INFO train_distributed it= 179 lr=1.27e-04 loss_world=1.2185 |∇|=8.56e+00 γ=1.021 T=0.0498
2026-04-28 20:01:22,702 INFO train_distributed it= 189 lr=1.07e-04 loss_world=0.7778 |∇|=1.88e+00 γ=1.021 T=0.0498
2026-04-28 20:01:25,925 INFO train_distributed it= 199 lr=1.00e-04 loss_world=1.0395 |∇|=4.35e+00 γ=1.021 T=0.0498
2026-04-28 20:01:25,933 INFO train_distributed training finished in 66.0s (200 iters, world_size=1)
2026-04-28 20:01:25,933 INFO train_distributed [rank 0] peak HBM: alloc=0.61 GB, reserved=0.82 GB
2026-04-28 20:01:25,936 INFO train_distributed [rank 0] wrote experiments/044_arch_all_stacked/results_stack_with_isab_seed2/training_log.json
