2026-04-29 15:57:35,736 INFO train_distributed [dist] rank=0 world_size=1 local_rank=0 cuda_available=True
2026-04-29 15:57:35,780 INFO train_distributed loaded 2,841 returns for spx/2015-2026_daily
2026-04-29 15:57:35,788 INFO train_distributed targets: acf_sq=0.342 leverage_sum=-0.790 hill_alpha=2.68
2026-04-29 15:57:40,218 INFO train_distributed EcoMDSimulator built: 35863 parameters (device=cuda:0)
2026-04-29 15:57:43,721 INFO train_distributed it=   0 lr=1.00e-04 loss_world=23.2424 |∇|=6.41e+03 γ=1.000 T=0.0500
2026-04-29 15:58:04,043 INFO train_distributed it=   9 lr=1.00e-03 loss_world=2.1002 |∇|=7.19e+02 γ=0.999 T=0.0499
2026-04-29 15:58:26,748 INFO train_distributed it=  19 lr=9.95e-04 loss_world=2.4774 |∇|=1.90e+02 γ=0.996 T=0.0497
2026-04-29 15:58:49,499 INFO train_distributed it=  29 lr=9.78e-04 loss_world=1.4557 |∇|=2.63e+03 γ=0.993 T=0.0497
2026-04-29 15:59:12,269 INFO train_distributed it=  39 lr=9.49e-04 loss_world=1.1548 |∇|=1.01e+01 γ=0.991 T=0.0498
2026-04-29 15:59:35,050 INFO train_distributed it=  49 lr=9.10e-04 loss_world=1.0062 |∇|=2.28e+01 γ=0.990 T=0.0498
2026-04-29 15:59:57,797 INFO train_distributed it=  59 lr=8.60e-04 loss_world=1.0191 |∇|=2.10e+01 γ=0.989 T=0.0498
2026-04-29 16:00:20,552 INFO train_distributed it=  69 lr=8.02e-04 loss_world=0.9959 |∇|=2.57e+01 γ=0.989 T=0.0499
2026-04-29 16:00:43,277 INFO train_distributed it=  79 lr=7.38e-04 loss_world=1.0046 |∇|=2.63e+01 γ=0.989 T=0.0499
2026-04-29 16:01:06,014 INFO train_distributed it=  89 lr=6.68e-04 loss_world=1.0328 |∇|=3.06e+01 γ=0.989 T=0.0499
2026-04-29 16:01:28,748 INFO train_distributed it=  99 lr=5.95e-04 loss_world=1.0369 |∇|=3.04e+01 γ=0.989 T=0.0499
2026-04-29 16:01:51,474 INFO train_distributed it= 109 lr=5.20e-04 loss_world=0.9930 |∇|=2.13e+01 γ=0.989 T=0.0499
2026-04-29 16:02:14,198 INFO train_distributed it= 119 lr=4.47e-04 loss_world=1.0432 |∇|=1.41e+01 γ=0.990 T=0.0499
2026-04-29 16:02:36,926 INFO train_distributed it= 129 lr=3.76e-04 loss_world=0.9927 |∇|=1.86e+01 γ=0.990 T=0.0499
2026-04-29 16:02:59,655 INFO train_distributed it= 139 lr=3.10e-04 loss_world=1.0240 |∇|=2.39e+01 γ=0.990 T=0.0499
2026-04-29 16:03:22,386 INFO train_distributed it= 149 lr=2.51e-04 loss_world=0.9983 |∇|=1.75e+01 γ=0.990 T=0.0499
2026-04-29 16:03:45,107 INFO train_distributed it= 159 lr=2.00e-04 loss_world=0.9951 |∇|=2.02e+01 γ=0.990 T=0.0499
2026-04-29 16:04:07,839 INFO train_distributed it= 169 lr=1.58e-04 loss_world=0.9934 |∇|=1.96e+01 γ=0.990 T=0.0499
2026-04-29 16:04:30,560 INFO train_distributed it= 179 lr=1.27e-04 loss_world=1.0011 |∇|=2.27e+01 γ=0.990 T=0.0499
2026-04-29 16:04:53,274 INFO train_distributed it= 189 lr=1.07e-04 loss_world=0.9969 |∇|=2.04e+01 γ=0.990 T=0.0499
2026-04-29 16:05:15,992 INFO train_distributed it= 199 lr=1.00e-04 loss_world=0.9971 |∇|=2.22e+01 γ=0.990 T=0.0499
2026-04-29 16:05:15,998 INFO train_distributed training finished in 455.8s (200 iters, world_size=1)
2026-04-29 16:05:15,998 INFO train_distributed [rank 0] peak HBM: alloc=7.47 GB, reserved=8.05 GB
2026-04-29 16:05:16,001 INFO train_distributed [rank 0] wrote experiments/043_arch_pairs/results_p_1_1__1_2_seed4/training_log.json
