2026-04-28 19:26:47,093 INFO train_distributed [dist] rank=0 world_size=1 local_rank=0 cuda_available=True
2026-04-28 19:26:47,138 INFO train_distributed loaded 2,841 returns for spx/2015-2026_daily
2026-04-28 19:26:47,146 INFO train_distributed targets: acf_sq=0.342 leverage_sum=-0.790 hill_alpha=2.68
2026-04-28 19:26:48,713 INFO train_distributed EcoMDSimulator built: 35863 parameters (device=cuda:0)
2026-04-28 19:26:52,260 INFO train_distributed it=   0 lr=1.00e-04 loss_world=23.2424 |∇|=6.41e+03 γ=1.000 T=0.0500
2026-04-28 19:27:12,549 INFO train_distributed it=   9 lr=1.00e-03 loss_world=2.1002 |∇|=7.19e+02 γ=0.999 T=0.0499
2026-04-28 19:27:35,228 INFO train_distributed it=  19 lr=9.95e-04 loss_world=2.4774 |∇|=1.90e+02 γ=0.996 T=0.0497
2026-04-28 19:27:57,936 INFO train_distributed it=  29 lr=9.78e-04 loss_world=1.4557 |∇|=2.63e+03 γ=0.993 T=0.0497
2026-04-28 19:28:20,640 INFO train_distributed it=  39 lr=9.49e-04 loss_world=1.1548 |∇|=1.01e+01 γ=0.991 T=0.0498
2026-04-28 19:28:43,349 INFO train_distributed it=  49 lr=9.10e-04 loss_world=1.0062 |∇|=2.28e+01 γ=0.990 T=0.0498
2026-04-28 19:29:06,057 INFO train_distributed it=  59 lr=8.60e-04 loss_world=1.0191 |∇|=2.10e+01 γ=0.989 T=0.0498
2026-04-28 19:29:28,767 INFO train_distributed it=  69 lr=8.02e-04 loss_world=0.9959 |∇|=2.57e+01 γ=0.989 T=0.0499
2026-04-28 19:29:51,473 INFO train_distributed it=  79 lr=7.38e-04 loss_world=1.0046 |∇|=2.63e+01 γ=0.989 T=0.0499
2026-04-28 19:30:14,184 INFO train_distributed it=  89 lr=6.68e-04 loss_world=1.0328 |∇|=3.06e+01 γ=0.989 T=0.0499
2026-04-28 19:30:36,885 INFO train_distributed it=  99 lr=5.95e-04 loss_world=1.0369 |∇|=3.04e+01 γ=0.989 T=0.0499
2026-04-28 19:30:59,595 INFO train_distributed it= 109 lr=5.20e-04 loss_world=0.9930 |∇|=2.13e+01 γ=0.989 T=0.0499
2026-04-28 19:31:22,313 INFO train_distributed it= 119 lr=4.47e-04 loss_world=1.0432 |∇|=1.41e+01 γ=0.990 T=0.0499
2026-04-28 19:31:45,041 INFO train_distributed it= 129 lr=3.76e-04 loss_world=0.9927 |∇|=1.86e+01 γ=0.990 T=0.0499
2026-04-28 19:32:07,764 INFO train_distributed it= 139 lr=3.10e-04 loss_world=1.0240 |∇|=2.39e+01 γ=0.990 T=0.0499
2026-04-28 19:32:30,485 INFO train_distributed it= 149 lr=2.51e-04 loss_world=0.9983 |∇|=1.75e+01 γ=0.990 T=0.0499
2026-04-28 19:32:53,197 INFO train_distributed it= 159 lr=2.00e-04 loss_world=0.9951 |∇|=2.02e+01 γ=0.990 T=0.0499
2026-04-28 19:33:15,910 INFO train_distributed it= 169 lr=1.58e-04 loss_world=0.9934 |∇|=1.96e+01 γ=0.990 T=0.0499
2026-04-28 19:33:38,620 INFO train_distributed it= 179 lr=1.27e-04 loss_world=1.0011 |∇|=2.27e+01 γ=0.990 T=0.0499
2026-04-28 19:34:01,331 INFO train_distributed it= 189 lr=1.07e-04 loss_world=0.9969 |∇|=2.04e+01 γ=0.990 T=0.0499
2026-04-28 19:34:24,036 INFO train_distributed it= 199 lr=1.00e-04 loss_world=0.9971 |∇|=2.22e+01 γ=0.990 T=0.0499
2026-04-28 19:34:24,042 INFO train_distributed training finished in 455.3s (200 iters, world_size=1)
2026-04-28 19:34:24,042 INFO train_distributed [rank 0] peak HBM: alloc=7.47 GB, reserved=8.05 GB
2026-04-28 19:34:24,045 INFO train_distributed [rank 0] wrote experiments/043_arch_pairs/results_p_1_1__1_2_seed4/training_log.json
