2026-04-29 16:46:18,445 INFO train_distributed [dist] rank=0 world_size=1 local_rank=0 cuda_available=True
2026-04-29 16:46:18,490 INFO train_distributed loaded 2,841 returns for spx/2015-2026_daily
2026-04-29 16:46:18,511 INFO train_distributed targets: acf_sq=0.342 leverage_sum=-0.790 hill_alpha=2.68
2026-04-29 16:46:22,392 INFO train_distributed EcoMDSimulator built: 36251 parameters (device=cuda:0)
2026-04-29 16:46:27,343 INFO train_distributed it=   0 lr=1.00e-04 loss_world=4.3587 |∇|=3.03e+03 γ=1.000 T=0.0500
2026-04-29 16:47:00,176 INFO train_distributed it=   9 lr=1.00e-03 loss_world=1.3140 |∇|=2.32e+01 γ=0.997 T=0.0502
2026-04-29 16:47:36,661 INFO train_distributed it=  19 lr=9.95e-04 loss_world=1.1186 |∇|=3.26e+01 γ=0.996 T=0.0504
2026-04-29 16:48:13,149 INFO train_distributed it=  29 lr=9.78e-04 loss_world=1.3898 |∇|=1.12e+02 γ=0.998 T=0.0504
2026-04-29 16:48:49,644 INFO train_distributed it=  39 lr=9.49e-04 loss_world=0.9595 |∇|=4.28e+01 γ=1.001 T=0.0504
2026-04-29 16:49:26,143 INFO train_distributed it=  49 lr=9.10e-04 loss_world=0.9989 |∇|=9.28e+01 γ=1.002 T=0.0504
2026-04-29 16:50:02,642 INFO train_distributed it=  59 lr=8.60e-04 loss_world=0.8205 |∇|=2.52e+01 γ=0.999 T=0.0504
2026-04-29 16:50:39,136 INFO train_distributed it=  69 lr=8.02e-04 loss_world=1.2689 |∇|=2.39e+02 γ=0.996 T=0.0503
2026-04-29 16:51:15,635 INFO train_distributed it=  79 lr=7.38e-04 loss_world=1.1911 |∇|=9.55e+01 γ=0.995 T=0.0503
2026-04-29 16:51:52,118 INFO train_distributed it=  89 lr=6.68e-04 loss_world=1.0890 |∇|=2.74e+02 γ=0.997 T=0.0501
2026-04-29 16:52:28,617 INFO train_distributed it=  99 lr=5.95e-04 loss_world=0.7268 |∇|=4.68e+02 γ=0.996 T=0.0499
2026-04-29 16:53:05,106 INFO train_distributed it= 109 lr=5.20e-04 loss_world=0.7402 |∇|=2.23e+03 γ=0.991 T=0.0498
2026-04-29 16:53:41,598 INFO train_distributed it= 119 lr=4.47e-04 loss_world=1.2533 |∇|=1.46e+03 γ=0.989 T=0.0496
2026-04-29 16:54:18,084 INFO train_distributed it= 129 lr=3.76e-04 loss_world=0.8010 |∇|=9.97e+02 γ=0.988 T=0.0495
2026-04-29 16:54:54,575 INFO train_distributed it= 139 lr=3.10e-04 loss_world=1.0526 |∇|=4.89e+01 γ=0.988 T=0.0495
2026-04-29 16:55:31,057 INFO train_distributed it= 149 lr=2.51e-04 loss_world=0.6922 |∇|=2.29e+02 γ=0.988 T=0.0495
2026-04-29 16:56:07,553 INFO train_distributed it= 159 lr=2.00e-04 loss_world=1.0779 |∇|=1.36e+02 γ=0.988 T=0.0495
2026-04-29 16:56:44,037 INFO train_distributed it= 169 lr=1.58e-04 loss_world=0.8326 |∇|=1.30e+02 γ=0.988 T=0.0495
2026-04-29 16:57:20,529 INFO train_distributed it= 179 lr=1.27e-04 loss_world=0.6172 |∇|=8.82e+01 γ=0.988 T=0.0495
2026-04-29 16:57:57,016 INFO train_distributed it= 189 lr=1.07e-04 loss_world=0.8333 |∇|=1.70e+02 γ=0.988 T=0.0495
2026-04-29 16:58:33,508 INFO train_distributed it= 199 lr=1.00e-04 loss_world=0.9704 |∇|=5.12e+02 γ=0.988 T=0.0495
2026-04-29 16:58:33,514 INFO train_distributed training finished in 731.1s (200 iters, world_size=1)
2026-04-29 16:58:33,514 INFO train_distributed [rank 0] peak HBM: alloc=9.10 GB, reserved=10.26 GB
2026-04-29 16:58:33,517 INFO train_distributed [rank 0] wrote experiments/044_arch_all_stacked/results_stack_no_isab_seed2/training_log.json
