2026-04-29 11:37:43,939 INFO train_distributed [dist] rank=0 world_size=1 local_rank=0 cuda_available=True
2026-04-29 11:37:43,982 INFO train_distributed loaded 2,841 returns for spx/2015-2026_daily
2026-04-29 11:37:43,989 INFO train_distributed targets: acf_sq=0.342 leverage_sum=-0.790 hill_alpha=2.68
2026-04-29 11:37:44,796 INFO train_distributed EcoMDSimulator built: 39904 parameters (device=cuda:0)
2026-04-29 11:37:47,229 INFO train_distributed it=   0 lr=1.00e-04 loss_world=20.8738 |∇|=1.49e+04 γ=1.000 T=0.0500
2026-04-29 11:37:57,829 INFO train_distributed it=   9 lr=1.00e-03 loss_world=6.4982 |∇|=8.63e+02 γ=0.999 T=0.0501
2026-04-29 11:38:09,734 INFO train_distributed it=  19 lr=9.95e-04 loss_world=6.2963 |∇|=8.86e+02 γ=0.994 T=0.0501
2026-04-29 11:38:21,656 INFO train_distributed it=  29 lr=9.78e-04 loss_world=4.2436 |∇|=2.61e+03 γ=0.988 T=0.0500
2026-04-29 11:38:33,569 INFO train_distributed it=  39 lr=9.49e-04 loss_world=1.0486 |∇|=2.02e+02 γ=0.984 T=0.0500
2026-04-29 11:38:45,476 INFO train_distributed it=  49 lr=9.10e-04 loss_world=5.5090 |∇|=1.24e+03 γ=0.982 T=0.0501
2026-04-29 11:38:57,387 INFO train_distributed it=  59 lr=8.60e-04 loss_world=9.1502 |∇|=1.83e+03 γ=0.982 T=0.0501
2026-04-29 11:39:09,303 INFO train_distributed it=  69 lr=8.02e-04 loss_world=1.5309 |∇|=2.64e+02 γ=0.984 T=0.0502
2026-04-29 11:39:21,210 INFO train_distributed it=  79 lr=7.38e-04 loss_world=1.0560 |∇|=2.42e+02 γ=0.985 T=0.0501
2026-04-29 11:39:33,113 INFO train_distributed it=  89 lr=6.68e-04 loss_world=8.4728 |∇|=3.30e+03 γ=0.986 T=0.0501
2026-04-29 11:39:45,018 INFO train_distributed it=  99 lr=5.95e-04 loss_world=10.3333 |∇|=4.54e+03 γ=0.987 T=0.0500
2026-04-29 11:39:56,925 INFO train_distributed it= 109 lr=5.20e-04 loss_world=2.6192 |∇|=3.73e+03 γ=0.989 T=0.0499
2026-04-29 11:40:08,842 INFO train_distributed it= 119 lr=4.47e-04 loss_world=1.1793 |∇|=1.32e+02 γ=0.990 T=0.0499
2026-04-29 11:40:20,766 INFO train_distributed it= 129 lr=3.76e-04 loss_world=1.1545 |∇|=1.20e+02 γ=0.991 T=0.0499
2026-04-29 11:40:32,672 INFO train_distributed it= 139 lr=3.10e-04 loss_world=1.2079 |∇|=1.74e+02 γ=0.991 T=0.0499
2026-04-29 11:40:44,575 INFO train_distributed it= 149 lr=2.51e-04 loss_world=1.4121 |∇|=4.72e+02 γ=0.991 T=0.0499
2026-04-29 11:40:56,474 INFO train_distributed it= 159 lr=2.00e-04 loss_world=1.2213 |∇|=1.21e+02 γ=0.992 T=0.0498
2026-04-29 11:41:08,383 INFO train_distributed it= 169 lr=1.58e-04 loss_world=1.1494 |∇|=3.08e+03 γ=0.992 T=0.0498
2026-04-29 11:41:20,282 INFO train_distributed it= 179 lr=1.27e-04 loss_world=2.3225 |∇|=2.36e+03 γ=0.992 T=0.0498
2026-04-29 11:41:32,186 INFO train_distributed it= 189 lr=1.07e-04 loss_world=1.5660 |∇|=1.08e+03 γ=0.992 T=0.0498
2026-04-29 11:41:44,105 INFO train_distributed it= 199 lr=1.00e-04 loss_world=0.6091 |∇|=6.51e+02 γ=0.992 T=0.0498
2026-04-29 11:41:44,112 INFO train_distributed training finished in 239.3s (200 iters, world_size=1)
2026-04-29 11:41:44,112 INFO train_distributed [rank 0] peak HBM: alloc=7.25 GB, reserved=8.06 GB
2026-04-29 11:41:44,115 INFO train_distributed [rank 0] wrote experiments/046_arch_megnet_pairs/results_p_4_1__1_1_seed2/training_log.json
