2026-04-29 16:05:21,371 INFO train_distributed [dist] rank=0 world_size=1 local_rank=0 cuda_available=True
2026-04-29 16:05:21,416 INFO train_distributed loaded 2,841 returns for spx/2015-2026_daily
2026-04-29 16:05:21,423 INFO train_distributed targets: acf_sq=0.342 leverage_sum=-0.790 hill_alpha=2.68
2026-04-29 16:05:23,499 INFO train_distributed EcoMDSimulator built: 34796 parameters (device=cuda:0)
2026-04-29 16:05:27,249 INFO train_distributed it=   0 lr=1.00e-04 loss_world=2.7769 |∇|=2.48e+01 γ=1.000 T=0.0500
2026-04-29 16:05:49,645 INFO train_distributed it=   9 lr=1.00e-03 loss_world=1.6378 |∇|=9.36e+01 γ=1.000 T=0.0501
2026-04-29 16:06:14,536 INFO train_distributed it=  19 lr=9.95e-04 loss_world=0.9463 |∇|=3.23e+02 γ=0.999 T=0.0502
2026-04-29 16:06:39,445 INFO train_distributed it=  29 lr=9.78e-04 loss_world=0.8524 |∇|=2.52e+02 γ=0.997 T=0.0503
2026-04-29 16:07:04,347 INFO train_distributed it=  39 lr=9.49e-04 loss_world=0.9032 |∇|=7.90e+00 γ=0.998 T=0.0504
2026-04-29 16:07:29,257 INFO train_distributed it=  49 lr=9.10e-04 loss_world=1.0975 |∇|=7.61e+01 γ=0.998 T=0.0505
2026-04-29 16:07:54,153 INFO train_distributed it=  59 lr=8.60e-04 loss_world=0.8672 |∇|=4.40e+01 γ=0.998 T=0.0506
2026-04-29 16:08:19,044 INFO train_distributed it=  69 lr=8.02e-04 loss_world=0.9903 |∇|=2.00e+01 γ=0.998 T=0.0506
2026-04-29 16:08:43,936 INFO train_distributed it=  79 lr=7.38e-04 loss_world=0.6480 |∇|=1.07e+01 γ=0.997 T=0.0505
2026-04-29 16:09:08,837 INFO train_distributed it=  89 lr=6.68e-04 loss_world=1.2702 |∇|=2.81e+01 γ=0.997 T=0.0505
2026-04-29 16:09:53,570 INFO train_distributed it=  99 lr=5.95e-04 loss_world=0.6441 |∇|=3.92e+01 γ=0.998 T=0.0506
2026-04-29 16:10:46,981 INFO train_distributed it= 109 lr=5.20e-04 loss_world=1.2777 |∇|=1.06e+02 γ=0.998 T=0.0507
2026-04-29 16:11:40,417 INFO train_distributed it= 119 lr=4.47e-04 loss_world=1.2887 |∇|=4.23e+02 γ=0.997 T=0.0507
2026-04-29 16:12:33,836 INFO train_distributed it= 129 lr=3.76e-04 loss_world=1.1957 |∇|=2.05e+02 γ=0.996 T=0.0508
2026-04-29 16:13:27,276 INFO train_distributed it= 139 lr=3.10e-04 loss_world=0.9897 |∇|=3.54e+02 γ=0.995 T=0.0508
2026-04-29 16:14:20,706 INFO train_distributed it= 149 lr=2.51e-04 loss_world=1.2341 |∇|=2.49e+02 γ=0.994 T=0.0509
2026-04-29 16:15:14,150 INFO train_distributed it= 159 lr=2.00e-04 loss_world=1.0373 |∇|=1.99e+02 γ=0.994 T=0.0509
2026-04-29 16:16:07,589 INFO train_distributed it= 169 lr=1.58e-04 loss_world=0.8711 |∇|=3.14e+02 γ=0.993 T=0.0509
2026-04-29 16:17:01,014 INFO train_distributed it= 179 lr=1.27e-04 loss_world=1.2262 |∇|=8.94e+02 γ=0.993 T=0.0509
2026-04-29 16:17:54,456 INFO train_distributed it= 189 lr=1.07e-04 loss_world=1.1215 |∇|=4.10e+03 γ=0.993 T=0.0509
2026-04-29 16:18:47,903 INFO train_distributed it= 199 lr=1.00e-04 loss_world=1.1566 |∇|=9.43e+01 γ=0.993 T=0.0509
2026-04-29 16:18:47,909 INFO train_distributed training finished in 804.4s (200 iters, world_size=1)
2026-04-29 16:18:47,909 INFO train_distributed [rank 0] peak HBM: alloc=9.09 GB, reserved=9.90 GB
2026-04-29 16:18:47,912 INFO train_distributed [rank 0] wrote experiments/043_arch_pairs/results_p_1_1__1_3_seed4/training_log.json
