2026-04-28 20:00:17,122 INFO train_distributed [dist] rank=0 world_size=1 local_rank=0 cuda_available=True
2026-04-28 20:00:17,168 INFO train_distributed loaded 2,841 returns for spx/2015-2026_daily
2026-04-28 20:00:17,177 INFO train_distributed targets: acf_sq=0.342 leverage_sum=-0.790 hill_alpha=2.68
2026-04-28 20:00:19,976 INFO train_distributed EcoMDSimulator built: 36055 parameters (device=cuda:0)
2026-04-28 20:00:23,750 INFO train_distributed it=   0 lr=1.00e-04 loss_world=2.1306 |∇|=3.63e+00 γ=1.000 T=0.0500
2026-04-28 20:00:45,904 INFO train_distributed it=   9 lr=1.00e-03 loss_world=nan |∇|=nan γ=nan T=nan
2026-04-28 20:01:10,522 INFO train_distributed it=  19 lr=9.95e-04 loss_world=nan |∇|=nan γ=nan T=nan
2026-04-28 20:01:35,138 INFO train_distributed it=  29 lr=9.78e-04 loss_world=nan |∇|=nan γ=nan T=nan
2026-04-28 20:01:59,747 INFO train_distributed it=  39 lr=9.49e-04 loss_world=nan |∇|=nan γ=nan T=nan
2026-04-28 20:02:24,358 INFO train_distributed it=  49 lr=9.10e-04 loss_world=nan |∇|=nan γ=nan T=nan
2026-04-28 20:02:48,971 INFO train_distributed it=  59 lr=8.60e-04 loss_world=nan |∇|=nan γ=nan T=nan
2026-04-28 20:03:13,575 INFO train_distributed it=  69 lr=8.02e-04 loss_world=nan |∇|=nan γ=nan T=nan
2026-04-28 20:03:38,185 INFO train_distributed it=  79 lr=7.38e-04 loss_world=nan |∇|=nan γ=nan T=nan
2026-04-28 20:04:02,804 INFO train_distributed it=  89 lr=6.68e-04 loss_world=nan |∇|=nan γ=nan T=nan
2026-04-28 20:04:27,419 INFO train_distributed it=  99 lr=5.95e-04 loss_world=nan |∇|=nan γ=nan T=nan
2026-04-28 20:04:52,032 INFO train_distributed it= 109 lr=5.20e-04 loss_world=nan |∇|=nan γ=nan T=nan
2026-04-28 20:05:16,646 INFO train_distributed it= 119 lr=4.47e-04 loss_world=nan |∇|=nan γ=nan T=nan
2026-04-28 20:05:41,255 INFO train_distributed it= 129 lr=3.76e-04 loss_world=nan |∇|=nan γ=nan T=nan
2026-04-28 20:06:05,866 INFO train_distributed it= 139 lr=3.10e-04 loss_world=nan |∇|=nan γ=nan T=nan
2026-04-28 20:06:30,477 INFO train_distributed it= 149 lr=2.51e-04 loss_world=nan |∇|=nan γ=nan T=nan
2026-04-28 20:06:55,091 INFO train_distributed it= 159 lr=2.00e-04 loss_world=nan |∇|=nan γ=nan T=nan
2026-04-28 20:07:19,701 INFO train_distributed it= 169 lr=1.58e-04 loss_world=nan |∇|=nan γ=nan T=nan
2026-04-28 20:07:44,312 INFO train_distributed it= 179 lr=1.27e-04 loss_world=nan |∇|=nan γ=nan T=nan
2026-04-28 20:08:08,923 INFO train_distributed it= 189 lr=1.07e-04 loss_world=nan |∇|=nan γ=nan T=nan
2026-04-28 20:08:33,529 INFO train_distributed it= 199 lr=1.00e-04 loss_world=nan |∇|=nan γ=nan T=nan
2026-04-28 20:08:33,534 INFO train_distributed training finished in 493.6s (200 iters, world_size=1)
2026-04-28 20:08:33,534 INFO train_distributed [rank 0] peak HBM: alloc=7.78 GB, reserved=8.24 GB
2026-04-28 20:08:33,536 INFO train_distributed [rank 0] wrote experiments/044_arch_all_stacked/results_stack_no_isab_seed4/training_log.json
