2026-04-29 16:46:19,770 INFO train_distributed [dist] rank=0 world_size=1 local_rank=0 cuda_available=True
2026-04-29 16:46:19,814 INFO train_distributed loaded 2,841 returns for spx/2015-2026_daily
2026-04-29 16:46:19,823 INFO train_distributed targets: acf_sq=0.342 leverage_sum=-0.790 hill_alpha=2.68
2026-04-29 16:46:22,392 INFO train_distributed EcoMDSimulator built: 36251 parameters (device=cuda:0)
2026-04-29 16:46:27,447 INFO train_distributed it=   0 lr=1.00e-04 loss_world=1.6597 |∇|=1.98e+01 γ=1.000 T=0.0500
2026-04-29 16:47:00,223 INFO train_distributed it=   9 lr=1.00e-03 loss_world=0.5800 |∇|=8.39e+00 γ=0.997 T=0.0499
2026-04-29 16:47:36,632 INFO train_distributed it=  19 lr=9.95e-04 loss_world=0.6843 |∇|=8.39e+00 γ=0.996 T=0.0498
2026-04-29 16:48:13,037 INFO train_distributed it=  29 lr=9.78e-04 loss_world=0.7496 |∇|=6.37e+00 γ=0.996 T=0.0496
2026-04-29 16:48:49,448 INFO train_distributed it=  39 lr=9.49e-04 loss_world=0.9020 |∇|=2.32e+01 γ=0.996 T=0.0496
2026-04-29 16:49:25,857 INFO train_distributed it=  49 lr=9.10e-04 loss_world=0.5301 |∇|=2.00e+01 γ=0.997 T=0.0496
2026-04-29 16:50:02,258 INFO train_distributed it=  59 lr=8.60e-04 loss_world=0.9508 |∇|=2.27e+01 γ=0.997 T=0.0496
2026-04-29 16:50:38,692 INFO train_distributed it=  69 lr=8.02e-04 loss_world=0.4828 |∇|=1.68e+01 γ=0.996 T=0.0496
2026-04-29 16:51:15,119 INFO train_distributed it=  79 lr=7.38e-04 loss_world=0.7518 |∇|=1.89e+01 γ=0.995 T=0.0498
2026-04-29 16:51:51,550 INFO train_distributed it=  89 lr=6.68e-04 loss_world=1.0943 |∇|=4.09e+01 γ=0.995 T=0.0499
2026-04-29 16:52:27,961 INFO train_distributed it=  99 lr=5.95e-04 loss_world=0.9270 |∇|=1.31e+01 γ=0.995 T=0.0499
2026-04-29 16:53:04,366 INFO train_distributed it= 109 lr=5.20e-04 loss_world=1.0776 |∇|=1.53e+01 γ=0.995 T=0.0500
2026-04-29 16:53:40,764 INFO train_distributed it= 119 lr=4.47e-04 loss_world=0.9537 |∇|=1.60e+01 γ=0.995 T=0.0501
2026-04-29 16:54:17,162 INFO train_distributed it= 129 lr=3.76e-04 loss_world=0.7551 |∇|=1.16e+01 γ=0.995 T=0.0501
2026-04-29 16:54:53,556 INFO train_distributed it= 139 lr=3.10e-04 loss_world=0.5999 |∇|=2.54e+01 γ=0.996 T=0.0501
2026-04-29 16:55:29,970 INFO train_distributed it= 149 lr=2.51e-04 loss_world=0.8712 |∇|=3.82e+01 γ=0.996 T=0.0501
2026-04-29 16:56:06,388 INFO train_distributed it= 159 lr=2.00e-04 loss_world=0.8606 |∇|=4.96e+01 γ=0.996 T=0.0501
2026-04-29 16:56:42,785 INFO train_distributed it= 169 lr=1.58e-04 loss_world=0.5207 |∇|=3.81e+01 γ=0.996 T=0.0500
2026-04-29 16:57:19,189 INFO train_distributed it= 179 lr=1.27e-04 loss_world=0.8265 |∇|=2.96e+01 γ=0.996 T=0.0500
2026-04-29 16:57:55,596 INFO train_distributed it= 189 lr=1.07e-04 loss_world=1.0321 |∇|=7.23e+01 γ=0.996 T=0.0500
2026-04-29 16:58:31,988 INFO train_distributed it= 199 lr=1.00e-04 loss_world=1.1392 |∇|=3.49e+01 γ=0.996 T=0.0500
2026-04-29 16:58:31,995 INFO train_distributed training finished in 729.6s (200 iters, world_size=1)
2026-04-29 16:58:31,995 INFO train_distributed [rank 0] peak HBM: alloc=9.10 GB, reserved=10.26 GB
2026-04-29 16:58:31,998 INFO train_distributed [rank 0] wrote experiments/044_arch_all_stacked/results_stack_no_isab_seed4/training_log.json
