2026-04-29 16:18:51,953 INFO train_distributed [dist] rank=0 world_size=1 local_rank=0 cuda_available=True
2026-04-29 16:18:51,995 INFO train_distributed loaded 2,841 returns for spx/2015-2026_daily
2026-04-29 16:18:52,002 INFO train_distributed targets: acf_sq=0.342 leverage_sum=-0.790 hill_alpha=2.68
2026-04-29 16:18:52,483 INFO train_distributed EcoMDSimulator built: 31588 parameters (device=cuda:0)
2026-04-29 16:18:56,162 INFO train_distributed it=   0 lr=1.00e-04 loss_world=0.5921 |∇|=5.37e+02 γ=1.000 T=0.0500
2026-04-29 16:19:17,253 INFO train_distributed it=   9 lr=1.00e-03 loss_world=24.5598 |∇|=4.55e+04 γ=0.999 T=0.0499
2026-04-29 16:19:41,271 INFO train_distributed it=  19 lr=9.95e-04 loss_world=0.9789 |∇|=1.75e+02 γ=0.995 T=0.0499
2026-04-29 16:20:05,317 INFO train_distributed it=  29 lr=9.78e-04 loss_world=0.8023 |∇|=2.76e+01 γ=0.994 T=0.0499
2026-04-29 16:20:29,331 INFO train_distributed it=  39 lr=9.49e-04 loss_world=0.7114 |∇|=6.83e+01 γ=0.993 T=0.0499
2026-04-29 16:20:53,337 INFO train_distributed it=  49 lr=9.10e-04 loss_world=0.7306 |∇|=2.33e+01 γ=0.993 T=0.0499
2026-04-29 16:21:17,340 INFO train_distributed it=  59 lr=8.60e-04 loss_world=0.6282 |∇|=3.15e+01 γ=0.993 T=0.0499
2026-04-29 16:21:41,361 INFO train_distributed it=  69 lr=8.02e-04 loss_world=0.6130 |∇|=2.98e+01 γ=0.993 T=0.0499
2026-04-29 16:22:05,380 INFO train_distributed it=  79 lr=7.38e-04 loss_world=0.7270 |∇|=6.28e+01 γ=0.993 T=0.0499
2026-04-29 16:22:29,385 INFO train_distributed it=  89 lr=6.68e-04 loss_world=0.6646 |∇|=2.26e+01 γ=0.994 T=0.0499
2026-04-29 16:22:53,382 INFO train_distributed it=  99 lr=5.95e-04 loss_world=0.8743 |∇|=1.77e+01 γ=0.994 T=0.0499
2026-04-29 16:23:17,364 INFO train_distributed it= 109 lr=5.20e-04 loss_world=0.7065 |∇|=4.94e+01 γ=0.994 T=0.0499
2026-04-29 16:23:41,348 INFO train_distributed it= 119 lr=4.47e-04 loss_world=0.6742 |∇|=3.25e+01 γ=0.993 T=0.0499
2026-04-29 16:24:05,348 INFO train_distributed it= 129 lr=3.76e-04 loss_world=0.6348 |∇|=2.57e+01 γ=0.993 T=0.0499
2026-04-29 16:24:29,341 INFO train_distributed it= 139 lr=3.10e-04 loss_world=0.6410 |∇|=2.28e+01 γ=0.993 T=0.0499
2026-04-29 16:24:53,313 INFO train_distributed it= 149 lr=2.51e-04 loss_world=0.6213 |∇|=3.94e+01 γ=0.993 T=0.0499
2026-04-29 16:25:17,299 INFO train_distributed it= 159 lr=2.00e-04 loss_world=0.6280 |∇|=4.00e+01 γ=0.993 T=0.0499
2026-04-29 16:25:41,248 INFO train_distributed it= 169 lr=1.58e-04 loss_world=0.6260 |∇|=4.07e+01 γ=0.993 T=0.0499
2026-04-29 16:26:05,202 INFO train_distributed it= 179 lr=1.27e-04 loss_world=0.6139 |∇|=4.13e+01 γ=0.993 T=0.0499
2026-04-29 16:26:29,182 INFO train_distributed it= 189 lr=1.07e-04 loss_world=0.6097 |∇|=3.92e+01 γ=0.993 T=0.0499
2026-04-29 16:26:53,159 INFO train_distributed it= 199 lr=1.00e-04 loss_world=0.6048 |∇|=3.69e+01 γ=0.993 T=0.0498
2026-04-29 16:26:53,164 INFO train_distributed training finished in 480.7s (200 iters, world_size=1)
2026-04-29 16:26:53,164 INFO train_distributed [rank 0] peak HBM: alloc=7.09 GB, reserved=7.68 GB
2026-04-29 16:26:53,167 INFO train_distributed [rank 0] wrote experiments/043_arch_pairs/results_p_2_1__2_2_seed4/training_log.json
