2026-04-28 19:45:29,102 INFO train_distributed [dist] rank=0 world_size=1 local_rank=0 cuda_available=True
2026-04-28 19:45:29,145 INFO train_distributed loaded 2,841 returns for spx/2015-2026_daily
2026-04-28 19:45:29,152 INFO train_distributed targets: acf_sq=0.342 leverage_sum=-0.790 hill_alpha=2.68
2026-04-28 19:45:29,557 INFO train_distributed EcoMDSimulator built: 31588 parameters (device=cuda:0)
2026-04-28 19:45:33,179 INFO train_distributed it=   0 lr=1.00e-04 loss_world=0.5921 |∇|=5.37e+02 γ=1.000 T=0.0500
2026-04-28 19:45:54,055 INFO train_distributed it=   9 lr=1.00e-03 loss_world=24.5598 |∇|=4.55e+04 γ=0.999 T=0.0499
2026-04-28 19:46:17,927 INFO train_distributed it=  19 lr=9.95e-04 loss_world=0.9789 |∇|=1.75e+02 γ=0.995 T=0.0499
2026-04-28 19:46:41,837 INFO train_distributed it=  29 lr=9.78e-04 loss_world=0.8023 |∇|=2.76e+01 γ=0.994 T=0.0499
2026-04-28 19:47:05,728 INFO train_distributed it=  39 lr=9.49e-04 loss_world=0.7114 |∇|=6.83e+01 γ=0.993 T=0.0499
2026-04-28 19:47:29,626 INFO train_distributed it=  49 lr=9.10e-04 loss_world=0.7306 |∇|=2.33e+01 γ=0.993 T=0.0499
2026-04-28 19:47:53,512 INFO train_distributed it=  59 lr=8.60e-04 loss_world=0.6282 |∇|=3.15e+01 γ=0.993 T=0.0499
2026-04-28 19:48:17,375 INFO train_distributed it=  69 lr=8.02e-04 loss_world=0.6130 |∇|=2.98e+01 γ=0.993 T=0.0499
2026-04-28 19:48:41,245 INFO train_distributed it=  79 lr=7.38e-04 loss_world=0.7270 |∇|=6.28e+01 γ=0.993 T=0.0499
2026-04-28 19:49:05,121 INFO train_distributed it=  89 lr=6.68e-04 loss_world=0.6646 |∇|=2.26e+01 γ=0.994 T=0.0499
2026-04-28 19:49:22,034 INFO train_distributed it=  99 lr=5.95e-04 loss_world=0.8743 |∇|=1.77e+01 γ=0.994 T=0.0499
2026-04-28 19:49:33,031 INFO train_distributed it= 109 lr=5.20e-04 loss_world=0.7065 |∇|=4.94e+01 γ=0.994 T=0.0499
2026-04-28 19:49:44,014 INFO train_distributed it= 119 lr=4.47e-04 loss_world=0.6742 |∇|=3.25e+01 γ=0.993 T=0.0499
2026-04-28 19:49:55,007 INFO train_distributed it= 129 lr=3.76e-04 loss_world=0.6348 |∇|=2.57e+01 γ=0.993 T=0.0499
2026-04-28 19:50:05,992 INFO train_distributed it= 139 lr=3.10e-04 loss_world=0.6410 |∇|=2.28e+01 γ=0.993 T=0.0499
2026-04-28 19:50:16,983 INFO train_distributed it= 149 lr=2.51e-04 loss_world=0.6213 |∇|=3.94e+01 γ=0.993 T=0.0499
2026-04-28 19:50:27,975 INFO train_distributed it= 159 lr=2.00e-04 loss_world=0.6280 |∇|=4.00e+01 γ=0.993 T=0.0499
2026-04-28 19:50:38,968 INFO train_distributed it= 169 lr=1.58e-04 loss_world=0.6260 |∇|=4.07e+01 γ=0.993 T=0.0499
2026-04-28 19:50:49,957 INFO train_distributed it= 179 lr=1.27e-04 loss_world=0.6139 |∇|=4.13e+01 γ=0.993 T=0.0499
2026-04-28 19:51:00,944 INFO train_distributed it= 189 lr=1.07e-04 loss_world=0.6097 |∇|=3.92e+01 γ=0.993 T=0.0499
2026-04-28 19:51:11,932 INFO train_distributed it= 199 lr=1.00e-04 loss_world=0.6048 |∇|=3.69e+01 γ=0.993 T=0.0498
2026-04-28 19:51:11,937 INFO train_distributed training finished in 342.4s (200 iters, world_size=1)
2026-04-28 19:51:11,938 INFO train_distributed [rank 0] peak HBM: alloc=7.09 GB, reserved=7.68 GB
2026-04-28 19:51:11,940 INFO train_distributed [rank 0] wrote experiments/043_arch_pairs/results_p_2_1__2_2_seed4/training_log.json
