2026-04-29 11:37:43,518 INFO train_distributed [dist] rank=0 world_size=1 local_rank=0 cuda_available=True
2026-04-29 11:37:43,561 INFO train_distributed loaded 2,841 returns for spx/2015-2026_daily
2026-04-29 11:37:43,568 INFO train_distributed targets: acf_sq=0.342 leverage_sum=-0.790 hill_alpha=2.68
2026-04-29 11:37:44,663 INFO train_distributed EcoMDSimulator built: 36316 parameters (device=cuda:0)
2026-04-29 11:37:47,128 INFO train_distributed it=   0 lr=1.00e-04 loss_world=20.9166 |∇|=1.42e+04 γ=1.000 T=0.0500
2026-04-29 11:37:57,519 INFO train_distributed it=   9 lr=1.00e-03 loss_world=2.4120 |∇|=9.54e+01 γ=1.000 T=0.0501
2026-04-29 11:38:09,187 INFO train_distributed it=  19 lr=9.95e-04 loss_world=3.6376 |∇|=6.26e+02 γ=0.997 T=0.0501
2026-04-29 11:38:20,887 INFO train_distributed it=  29 lr=9.78e-04 loss_world=2.3089 |∇|=1.51e+02 γ=0.994 T=0.0502
2026-04-29 11:38:32,581 INFO train_distributed it=  39 lr=9.49e-04 loss_world=1.2615 |∇|=1.32e+02 γ=0.990 T=0.0502
2026-04-29 11:38:44,272 INFO train_distributed it=  49 lr=9.10e-04 loss_world=1.4195 |∇|=6.65e+01 γ=0.989 T=0.0502
2026-04-29 11:38:55,975 INFO train_distributed it=  59 lr=8.60e-04 loss_world=1.3736 |∇|=1.01e+01 γ=0.989 T=0.0501
2026-04-29 11:39:07,668 INFO train_distributed it=  69 lr=8.02e-04 loss_world=1.3080 |∇|=1.05e+01 γ=0.989 T=0.0501
2026-04-29 11:39:19,354 INFO train_distributed it=  79 lr=7.38e-04 loss_world=1.2301 |∇|=7.89e+00 γ=0.989 T=0.0501
2026-04-29 11:39:31,052 INFO train_distributed it=  89 lr=6.68e-04 loss_world=1.3624 |∇|=6.96e+00 γ=0.989 T=0.0501
2026-04-29 11:39:42,741 INFO train_distributed it=  99 lr=5.95e-04 loss_world=1.3107 |∇|=6.74e+00 γ=0.989 T=0.0501
2026-04-29 11:39:54,423 INFO train_distributed it= 109 lr=5.20e-04 loss_world=1.2839 |∇|=6.84e+00 γ=0.989 T=0.0501
2026-04-29 11:40:06,114 INFO train_distributed it= 119 lr=4.47e-04 loss_world=1.2503 |∇|=1.04e+01 γ=0.989 T=0.0501
2026-04-29 11:40:17,806 INFO train_distributed it= 129 lr=3.76e-04 loss_world=1.3517 |∇|=6.48e+00 γ=0.988 T=0.0501
2026-04-29 11:40:29,487 INFO train_distributed it= 139 lr=3.10e-04 loss_world=1.3542 |∇|=6.34e+00 γ=0.988 T=0.0501
2026-04-29 11:40:41,168 INFO train_distributed it= 149 lr=2.51e-04 loss_world=1.2178 |∇|=1.02e+01 γ=0.988 T=0.0501
2026-04-29 11:40:52,848 INFO train_distributed it= 159 lr=2.00e-04 loss_world=1.2630 |∇|=9.26e+00 γ=0.988 T=0.0501
2026-04-29 11:41:04,538 INFO train_distributed it= 169 lr=1.58e-04 loss_world=1.3847 |∇|=7.27e+00 γ=0.988 T=0.0501
2026-04-29 11:41:16,226 INFO train_distributed it= 179 lr=1.27e-04 loss_world=1.3359 |∇|=7.55e+00 γ=0.988 T=0.0501
2026-04-29 11:41:27,915 INFO train_distributed it= 189 lr=1.07e-04 loss_world=1.1964 |∇|=9.42e+00 γ=0.988 T=0.0501
2026-04-29 11:41:39,595 INFO train_distributed it= 199 lr=1.00e-04 loss_world=1.3356 |∇|=7.16e+00 γ=0.988 T=0.0501
2026-04-29 11:41:39,603 INFO train_distributed training finished in 234.9s (200 iters, world_size=1)
2026-04-29 11:41:39,603 INFO train_distributed [rank 0] peak HBM: alloc=7.24 GB, reserved=8.05 GB
2026-04-29 11:41:39,606 INFO train_distributed [rank 0] wrote experiments/046_arch_megnet_pairs/results_p_4_1__2_1_seed2/training_log.json
