2026-04-28 18:22:24,993 INFO train_distributed [dist] rank=0 world_size=1 local_rank=0 cuda_available=True
2026-04-28 18:22:25,037 INFO train_distributed loaded 2,841 returns for spx/2015-2026_daily
2026-04-28 18:22:25,045 INFO train_distributed targets: acf_sq=0.342 leverage_sum=-0.790 hill_alpha=2.68
2026-04-28 18:22:26,583 INFO train_distributed EcoMDSimulator built: 31588 parameters (device=cuda:0)
2026-04-28 18:22:28,961 INFO train_distributed it=   0 lr=1.00e-04 loss_world=26.8571 |∇|=2.04e+03 γ=1.000 T=0.0500
2026-04-28 18:22:38,729 INFO train_distributed it=   9 lr=1.00e-03 loss_world=1.7533 |∇|=2.12e+02 γ=0.996 T=0.0500
2026-04-28 18:22:49,669 INFO train_distributed it=  19 lr=9.95e-04 loss_world=40.7785 |∇|=8.50e+03 γ=0.991 T=0.0500
2026-04-28 18:23:00,616 INFO train_distributed it=  29 lr=9.78e-04 loss_world=1.3981 |∇|=8.72e+01 γ=0.988 T=0.0500
2026-04-28 18:23:11,563 INFO train_distributed it=  39 lr=9.49e-04 loss_world=1.6583 |∇|=1.03e+02 γ=0.986 T=0.0500
2026-04-28 18:23:22,497 INFO train_distributed it=  49 lr=9.10e-04 loss_world=13.4650 |∇|=2.08e+03 γ=0.985 T=0.0500
2026-04-28 18:23:33,450 INFO train_distributed it=  59 lr=8.60e-04 loss_world=1.0563 |∇|=1.27e+02 γ=0.983 T=0.0499
2026-04-28 18:23:44,378 INFO train_distributed it=  69 lr=8.02e-04 loss_world=1.7132 |∇|=3.10e+02 γ=0.983 T=0.0499
2026-04-28 18:23:55,316 INFO train_distributed it=  79 lr=7.38e-04 loss_world=13.2306 |∇|=1.94e+03 γ=0.983 T=0.0499
2026-04-28 18:24:06,277 INFO train_distributed it=  89 lr=6.68e-04 loss_world=7.9797 |∇|=1.43e+03 γ=0.983 T=0.0499
2026-04-28 18:24:17,221 INFO train_distributed it=  99 lr=5.95e-04 loss_world=5.6008 |∇|=2.37e+03 γ=0.983 T=0.0498
2026-04-28 18:24:28,152 INFO train_distributed it= 109 lr=5.20e-04 loss_world=1.1189 |∇|=1.92e+02 γ=0.984 T=0.0498
2026-04-28 18:24:39,083 INFO train_distributed it= 119 lr=4.47e-04 loss_world=14.3246 |∇|=2.39e+03 γ=0.984 T=0.0498
2026-04-28 18:24:50,010 INFO train_distributed it= 129 lr=3.76e-04 loss_world=1.1475 |∇|=2.27e+02 γ=0.985 T=0.0499
2026-04-28 18:25:00,940 INFO train_distributed it= 139 lr=3.10e-04 loss_world=1.6372 |∇|=2.00e+02 γ=0.985 T=0.0498
2026-04-28 18:25:11,876 INFO train_distributed it= 149 lr=2.51e-04 loss_world=1.3095 |∇|=2.01e+02 γ=0.985 T=0.0498
2026-04-28 18:25:22,806 INFO train_distributed it= 159 lr=2.00e-04 loss_world=1.4927 |∇|=2.60e+02 γ=0.985 T=0.0497
2026-04-28 18:25:33,741 INFO train_distributed it= 169 lr=1.58e-04 loss_world=1.0096 |∇|=6.71e+02 γ=0.985 T=0.0497
2026-04-28 18:25:44,672 INFO train_distributed it= 179 lr=1.27e-04 loss_world=4.9020 |∇|=3.48e+03 γ=0.985 T=0.0497
2026-04-28 18:25:55,600 INFO train_distributed it= 189 lr=1.07e-04 loss_world=3.4178 |∇|=3.07e+03 γ=0.985 T=0.0497
2026-04-28 18:26:06,531 INFO train_distributed it= 199 lr=1.00e-04 loss_world=1.4955 |∇|=1.53e+02 γ=0.985 T=0.0497
2026-04-28 18:26:06,537 INFO train_distributed training finished in 220.0s (200 iters, world_size=1)
2026-04-28 18:26:06,537 INFO train_distributed [rank 0] peak HBM: alloc=7.09 GB, reserved=7.68 GB
2026-04-28 18:26:06,540 INFO train_distributed [rank 0] wrote experiments/040_arch_tier_2_1_jumps/results_t21_jumps_seed7/training_log.json
