2026-04-28 18:26:11,262 INFO train_distributed [dist] rank=0 world_size=1 local_rank=0 cuda_available=True
2026-04-28 18:26:11,307 INFO train_distributed loaded 2,841 returns for spx/2015-2026_daily
2026-04-28 18:26:11,314 INFO train_distributed targets: acf_sq=0.342 leverage_sum=-0.790 hill_alpha=2.68
2026-04-28 18:26:11,601 INFO train_distributed EcoMDSimulator built: 31588 parameters (device=cuda:0)
2026-04-28 18:26:13,990 INFO train_distributed it=   0 lr=1.00e-04 loss_world=28.1698 |∇|=1.97e+03 γ=1.000 T=0.0500
2026-04-28 18:26:23,917 INFO train_distributed it=   9 lr=1.00e-03 loss_world=5.3681 |∇|=4.57e+02 γ=1.003 T=0.0501
2026-04-28 18:26:35,015 INFO train_distributed it=  19 lr=9.95e-04 loss_world=2.6053 |∇|=8.62e+01 γ=1.003 T=0.0502
2026-04-28 18:26:46,075 INFO train_distributed it=  29 lr=9.78e-04 loss_world=2.8897 |∇|=1.09e+02 γ=1.000 T=0.0502
2026-04-28 18:26:57,103 INFO train_distributed it=  39 lr=9.49e-04 loss_world=2.5963 |∇|=1.45e+02 γ=0.997 T=0.0502
2026-04-28 18:27:08,129 INFO train_distributed it=  49 lr=9.10e-04 loss_world=4.9368 |∇|=9.49e+02 γ=0.994 T=0.0502
2026-04-28 18:27:19,133 INFO train_distributed it=  59 lr=8.60e-04 loss_world=2.8588 |∇|=1.60e+02 γ=0.990 T=0.0502
2026-04-28 18:27:30,133 INFO train_distributed it=  69 lr=8.02e-04 loss_world=4.6326 |∇|=9.05e+02 γ=0.987 T=0.0503
2026-04-28 18:27:41,130 INFO train_distributed it=  79 lr=7.38e-04 loss_world=1.5845 |∇|=4.47e+03 γ=0.984 T=0.0503
2026-04-28 18:27:52,116 INFO train_distributed it=  89 lr=6.68e-04 loss_world=2.3104 |∇|=1.86e+02 γ=0.980 T=0.0502
2026-04-28 18:28:03,106 INFO train_distributed it=  99 lr=5.95e-04 loss_world=2.2755 |∇|=1.63e+02 γ=0.978 T=0.0502
2026-04-28 18:28:14,103 INFO train_distributed it= 109 lr=5.20e-04 loss_world=4.0960 |∇|=1.46e+03 γ=0.977 T=0.0502
2026-04-28 18:28:25,084 INFO train_distributed it= 119 lr=4.47e-04 loss_world=6.9798 |∇|=2.77e+03 γ=0.975 T=0.0502
2026-04-28 18:28:36,057 INFO train_distributed it= 129 lr=3.76e-04 loss_world=3.6998 |∇|=2.60e+03 γ=0.974 T=0.0502
2026-04-28 18:28:47,024 INFO train_distributed it= 139 lr=3.10e-04 loss_world=3.2064 |∇|=2.40e+03 γ=0.974 T=0.0502
2026-04-28 18:28:57,989 INFO train_distributed it= 149 lr=2.51e-04 loss_world=2.0209 |∇|=5.96e+02 γ=0.973 T=0.0502
2026-04-28 18:29:08,950 INFO train_distributed it= 159 lr=2.00e-04 loss_world=1.5310 |∇|=5.62e+02 γ=0.973 T=0.0502
2026-04-28 18:29:19,922 INFO train_distributed it= 169 lr=1.58e-04 loss_world=1.4781 |∇|=1.03e+03 γ=0.973 T=0.0502
2026-04-28 18:29:30,888 INFO train_distributed it= 179 lr=1.27e-04 loss_world=1.0544 |∇|=1.17e+02 γ=0.973 T=0.0502
2026-04-28 18:29:41,863 INFO train_distributed it= 189 lr=1.07e-04 loss_world=1.0742 |∇|=8.83e+01 γ=0.973 T=0.0502
2026-04-28 18:29:52,829 INFO train_distributed it= 199 lr=1.00e-04 loss_world=1.1315 |∇|=5.23e+01 γ=0.973 T=0.0502
2026-04-28 18:29:52,834 INFO train_distributed training finished in 221.2s (200 iters, world_size=1)
2026-04-28 18:29:52,834 INFO train_distributed [rank 0] peak HBM: alloc=7.09 GB, reserved=7.68 GB
2026-04-28 18:29:52,837 INFO train_distributed [rank 0] wrote experiments/040_arch_tier_2_1_jumps/results_t21_jumps_seed9/training_log.json
