2026-04-29 12:19:34,887 INFO train_distributed [dist] rank=0 world_size=1 local_rank=0 cuda_available=True
2026-04-29 12:19:34,930 INFO train_distributed loaded 2,841 returns for spx/2015-2026_daily
2026-04-29 12:19:34,938 INFO train_distributed targets: acf_sq=0.342 leverage_sum=-0.790 hill_alpha=2.68
2026-04-29 12:19:35,701 INFO train_distributed EcoMDSimulator built: 50849 parameters (device=cuda:0)
2026-04-29 12:19:38,489 INFO train_distributed it=   0 lr=1.00e-04 loss_world=5.2979 |∇|=1.04e+03 γ=1.000 T=0.0500
2026-04-29 12:19:52,361 INFO train_distributed it=   9 lr=1.00e-03 loss_world=34.8284 |∇|=3.42e+03 γ=0.997 T=0.0501
2026-04-29 12:20:07,924 INFO train_distributed it=  19 lr=9.95e-04 loss_world=1.9677 |∇|=5.93e+02 γ=0.995 T=0.0503
2026-04-29 12:20:23,506 INFO train_distributed it=  29 lr=9.78e-04 loss_world=1.7599 |∇|=8.45e+02 γ=0.992 T=0.0503
2026-04-29 12:20:39,073 INFO train_distributed it=  39 lr=9.49e-04 loss_world=11.4834 |∇|=2.79e+03 γ=0.991 T=0.0503
2026-04-29 12:20:54,622 INFO train_distributed it=  49 lr=9.10e-04 loss_world=1.5274 |∇|=2.13e+02 γ=0.993 T=0.0503
2026-04-29 12:21:10,179 INFO train_distributed it=  59 lr=8.60e-04 loss_world=1.2552 |∇|=1.37e+02 γ=0.994 T=0.0503
2026-04-29 12:21:25,737 INFO train_distributed it=  69 lr=8.02e-04 loss_world=1.0070 |∇|=1.72e+02 γ=0.995 T=0.0503
2026-04-29 12:21:41,298 INFO train_distributed it=  79 lr=7.38e-04 loss_world=1.1598 |∇|=1.06e+03 γ=0.997 T=0.0503
2026-04-29 12:21:56,853 INFO train_distributed it=  89 lr=6.68e-04 loss_world=1.1259 |∇|=1.12e+02 γ=0.999 T=0.0503
2026-04-29 12:22:12,401 INFO train_distributed it=  99 lr=5.95e-04 loss_world=2.8774 |∇|=1.05e+03 γ=1.000 T=0.0503
2026-04-29 12:22:27,945 INFO train_distributed it= 109 lr=5.20e-04 loss_world=2.7967 |∇|=7.49e+02 γ=1.001 T=0.0503
2026-04-29 12:22:43,486 INFO train_distributed it= 119 lr=4.47e-04 loss_world=1.1178 |∇|=2.46e+02 γ=1.002 T=0.0503
2026-04-29 12:22:59,033 INFO train_distributed it= 129 lr=3.76e-04 loss_world=1.2688 |∇|=1.15e+02 γ=1.003 T=0.0503
2026-04-29 12:23:14,579 INFO train_distributed it= 139 lr=3.10e-04 loss_world=2.8666 |∇|=8.70e+02 γ=1.003 T=0.0503
2026-04-29 12:23:30,132 INFO train_distributed it= 149 lr=2.51e-04 loss_world=1.5323 |∇|=6.36e+03 γ=1.003 T=0.0503
2026-04-29 12:23:45,672 INFO train_distributed it= 159 lr=2.00e-04 loss_world=1.5214 |∇|=2.38e+02 γ=1.003 T=0.0503
2026-04-29 12:24:01,222 INFO train_distributed it= 169 lr=1.58e-04 loss_world=0.8711 |∇|=2.39e+02 γ=1.003 T=0.0503
2026-04-29 12:24:16,780 INFO train_distributed it= 179 lr=1.27e-04 loss_world=1.2760 |∇|=1.22e+02 γ=1.003 T=0.0503
2026-04-29 12:24:32,326 INFO train_distributed it= 189 lr=1.07e-04 loss_world=1.4994 |∇|=1.52e+02 γ=1.003 T=0.0503
2026-04-29 12:24:47,867 INFO train_distributed it= 199 lr=1.00e-04 loss_world=1.2682 |∇|=6.95e+01 γ=1.003 T=0.0503
2026-04-29 12:24:47,875 INFO train_distributed training finished in 312.2s (200 iters, world_size=1)
2026-04-29 12:24:47,875 INFO train_distributed [rank 0] peak HBM: alloc=9.42 GB, reserved=10.02 GB
2026-04-29 12:24:47,878 INFO train_distributed [rank 0] wrote experiments/048_arch_dyngraph_pairs/results_p_4_2__1_1_seed4/training_log.json
