2026-04-29 12:02:28,014 INFO train_distributed [dist] rank=0 world_size=1 local_rank=0 cuda_available=True
2026-04-29 12:02:28,060 INFO train_distributed loaded 2,841 returns for spx/2015-2026_daily
2026-04-29 12:02:28,067 INFO train_distributed targets: acf_sq=0.342 leverage_sum=-0.790 hill_alpha=2.68
2026-04-29 12:02:28,334 INFO train_distributed EcoMDSimulator built: 47261 parameters (device=cuda:0)
2026-04-29 12:02:31,093 INFO train_distributed it=   0 lr=1.00e-04 loss_world=7.0671 |∇|=7.04e+02 γ=1.000 T=0.0500
2026-04-29 12:02:44,779 INFO train_distributed it=   9 lr=1.00e-03 loss_world=2.3107 |∇|=6.20e+01 γ=0.999 T=0.0500
2026-04-29 12:03:00,099 INFO train_distributed it=  19 lr=9.95e-04 loss_world=8.6995 |∇|=1.95e+03 γ=0.997 T=0.0500
2026-04-29 12:03:15,438 INFO train_distributed it=  29 lr=9.78e-04 loss_world=1.9578 |∇|=4.94e+01 γ=0.996 T=0.0500
2026-04-29 12:03:30,735 INFO train_distributed it=  39 lr=9.49e-04 loss_world=1.2918 |∇|=1.06e+03 γ=0.996 T=0.0500
2026-04-29 12:03:46,036 INFO train_distributed it=  49 lr=9.10e-04 loss_world=2.7483 |∇|=3.00e+02 γ=0.995 T=0.0500
2026-04-29 12:04:01,327 INFO train_distributed it=  59 lr=8.60e-04 loss_world=1.9780 |∇|=1.71e+02 γ=0.995 T=0.0500
2026-04-29 12:04:16,615 INFO train_distributed it=  69 lr=8.02e-04 loss_world=1.2890 |∇|=6.57e+03 γ=0.995 T=0.0500
2026-04-29 12:04:31,911 INFO train_distributed it=  79 lr=7.38e-04 loss_world=2.2877 |∇|=2.46e+02 γ=0.995 T=0.0500
2026-04-29 12:04:47,222 INFO train_distributed it=  89 lr=6.68e-04 loss_world=2.0774 |∇|=2.53e+02 γ=0.995 T=0.0500
2026-04-29 12:05:02,510 INFO train_distributed it=  99 lr=5.95e-04 loss_world=2.3927 |∇|=2.14e+02 γ=0.995 T=0.0500
2026-04-29 12:05:17,775 INFO train_distributed it= 109 lr=5.20e-04 loss_world=2.7055 |∇|=6.55e+02 γ=0.995 T=0.0500
2026-04-29 12:05:33,044 INFO train_distributed it= 119 lr=4.47e-04 loss_world=2.3459 |∇|=5.03e+02 γ=0.995 T=0.0500
2026-04-29 12:05:48,319 INFO train_distributed it= 129 lr=3.76e-04 loss_world=2.4643 |∇|=6.18e+02 γ=0.995 T=0.0500
2026-04-29 12:06:03,600 INFO train_distributed it= 139 lr=3.10e-04 loss_world=2.4484 |∇|=4.97e+02 γ=0.995 T=0.0500
2026-04-29 12:06:18,873 INFO train_distributed it= 149 lr=2.51e-04 loss_world=2.5875 |∇|=7.73e+02 γ=0.995 T=0.0500
2026-04-29 12:06:34,141 INFO train_distributed it= 159 lr=2.00e-04 loss_world=2.0003 |∇|=2.80e+02 γ=0.995 T=0.0500
2026-04-29 12:06:49,416 INFO train_distributed it= 169 lr=1.58e-04 loss_world=2.2524 |∇|=4.43e+02 γ=0.995 T=0.0500
2026-04-29 12:07:04,695 INFO train_distributed it= 179 lr=1.27e-04 loss_world=1.6968 |∇|=8.11e+02 γ=0.995 T=0.0500
2026-04-29 12:07:19,965 INFO train_distributed it= 189 lr=1.07e-04 loss_world=2.0846 |∇|=1.69e+04 γ=0.996 T=0.0500
2026-04-29 12:07:35,238 INFO train_distributed it= 199 lr=1.00e-04 loss_world=2.8692 |∇|=1.88e+03 γ=0.996 T=0.0500
2026-04-29 12:07:35,245 INFO train_distributed training finished in 306.9s (200 iters, world_size=1)
2026-04-29 12:07:35,245 INFO train_distributed [rank 0] peak HBM: alloc=9.41 GB, reserved=10.01 GB
2026-04-29 12:07:35,248 INFO train_distributed [rank 0] wrote experiments/047_arch_tier_4_2_dyngraph/results_t42_dyngraph_seed9/training_log.json
