2026-04-29 17:24:49,979 INFO train_distributed [dist] rank=0 world_size=1 local_rank=0 cuda_available=True
2026-04-29 17:24:50,024 INFO train_distributed loaded 2,841 returns for spx/2015-2026_daily
2026-04-29 17:24:50,032 INFO train_distributed targets: acf_sq=0.342 leverage_sum=-0.790 hill_alpha=2.68
2026-04-29 17:24:50,282 INFO train_distributed EcoMDSimulator built: 47709 parameters (device=cuda:0)
2026-04-29 17:24:54,487 INFO train_distributed it=   0 lr=1.00e-04 loss_world=1.5000 |∇|=1.29e+02 γ=1.000 T=0.0500
2026-04-29 17:25:21,095 INFO train_distributed it=   9 lr=1.00e-03 loss_world=5.0864 |∇|=6.92e+01 γ=0.997 T=0.0502
2026-04-29 17:25:50,648 INFO train_distributed it=  19 lr=9.95e-04 loss_world=2.2430 |∇|=1.38e+01 γ=0.991 T=0.0503
2026-04-29 17:26:20,218 INFO train_distributed it=  29 lr=9.78e-04 loss_world=2.0284 |∇|=2.41e+01 γ=0.987 T=0.0505
2026-04-29 17:26:49,781 INFO train_distributed it=  39 lr=9.49e-04 loss_world=2.1885 |∇|=2.96e+01 γ=0.984 T=0.0506
2026-04-29 17:27:19,351 INFO train_distributed it=  49 lr=9.10e-04 loss_world=1.8003 |∇|=1.07e+02 γ=0.982 T=0.0508
2026-04-29 17:27:48,917 INFO train_distributed it=  59 lr=8.60e-04 loss_world=1.1551 |∇|=6.33e+02 γ=0.981 T=0.0510
2026-04-29 17:28:18,480 INFO train_distributed it=  69 lr=8.02e-04 loss_world=2.2006 |∇|=2.64e+01 γ=0.980 T=0.0512
2026-04-29 17:28:48,044 INFO train_distributed it=  79 lr=7.38e-04 loss_world=1.1657 |∇|=4.00e+02 γ=0.980 T=0.0514
2026-04-29 17:29:17,608 INFO train_distributed it=  89 lr=6.68e-04 loss_world=0.7680 |∇|=3.46e+02 γ=0.979 T=0.0515
2026-04-29 17:29:47,169 INFO train_distributed it=  99 lr=5.95e-04 loss_world=1.0129 |∇|=9.89e+01 γ=0.979 T=0.0517
2026-04-29 17:30:16,728 INFO train_distributed it= 109 lr=5.20e-04 loss_world=1.3757 |∇|=1.44e+03 γ=0.978 T=0.0518
2026-04-29 17:30:46,294 INFO train_distributed it= 119 lr=4.47e-04 loss_world=0.6051 |∇|=2.09e+02 γ=0.978 T=0.0519
2026-04-29 17:31:15,862 INFO train_distributed it= 129 lr=3.76e-04 loss_world=1.0998 |∇|=9.99e+02 γ=0.978 T=0.0520
2026-04-29 17:31:45,425 INFO train_distributed it= 139 lr=3.10e-04 loss_world=0.8527 |∇|=9.47e+02 γ=0.977 T=0.0520
2026-04-29 17:32:14,991 INFO train_distributed it= 149 lr=2.51e-04 loss_world=0.8446 |∇|=1.45e+03 γ=0.977 T=0.0520
2026-04-29 17:32:44,560 INFO train_distributed it= 159 lr=2.00e-04 loss_world=0.9599 |∇|=1.98e+03 γ=0.977 T=0.0520
2026-04-29 17:33:14,132 INFO train_distributed it= 169 lr=1.58e-04 loss_world=1.7872 |∇|=3.41e+02 γ=0.977 T=0.0521
2026-04-29 17:33:43,700 INFO train_distributed it= 179 lr=1.27e-04 loss_world=1.3628 |∇|=1.65e+03 γ=0.977 T=0.0521
2026-04-29 17:34:13,278 INFO train_distributed it= 189 lr=1.07e-04 loss_world=0.8644 |∇|=7.26e+02 γ=0.977 T=0.0521
2026-04-29 17:34:42,851 INFO train_distributed it= 199 lr=1.00e-04 loss_world=0.8388 |∇|=2.40e+02 γ=0.977 T=0.0521
2026-04-29 17:34:42,859 INFO train_distributed training finished in 592.6s (200 iters, world_size=1)
2026-04-29 17:34:42,859 INFO train_distributed [rank 0] peak HBM: alloc=12.09 GB, reserved=12.55 GB
2026-04-29 17:34:42,862 INFO train_distributed [rank 0] wrote experiments/047_arch_tier_4_2_dyngraph/results_t42_dyngraph_seed9/training_log.json
