2026-04-28 19:40:04,649 INFO train_distributed [dist] rank=0 world_size=1 local_rank=0 cuda_available=True
2026-04-28 19:40:04,823 INFO train_distributed loaded 2,841 returns for spx/2015-2026_daily
2026-04-28 19:40:04,831 INFO train_distributed targets: acf_sq=0.342 leverage_sum=-0.790 hill_alpha=2.68
2026-04-28 19:40:05,092 INFO train_distributed EcoMDSimulator built: 31588 parameters (device=cuda:0)
2026-04-28 19:40:07,390 INFO train_distributed it=   0 lr=1.00e-04 loss_world=7.2033 |∇|=5.20e+02 γ=1.000 T=0.0500
2026-04-28 19:40:17,141 INFO train_distributed it=   9 lr=1.00e-03 loss_world=1.1363 |∇|=1.99e+02 γ=0.996 T=0.0500
2026-04-28 19:40:28,095 INFO train_distributed it=  19 lr=9.95e-04 loss_world=1.1426 |∇|=7.40e+00 γ=0.992 T=0.0500
2026-04-28 19:40:39,079 INFO train_distributed it=  29 lr=9.78e-04 loss_world=1.0245 |∇|=4.74e+00 γ=0.989 T=0.0500
2026-04-28 19:40:50,077 INFO train_distributed it=  39 lr=9.49e-04 loss_world=1.0241 |∇|=7.95e+00 γ=0.988 T=0.0500
2026-04-28 19:41:01,079 INFO train_distributed it=  49 lr=9.10e-04 loss_world=1.0253 |∇|=9.59e+00 γ=0.987 T=0.0500
2026-04-28 19:41:12,077 INFO train_distributed it=  59 lr=8.60e-04 loss_world=0.9528 |∇|=5.51e+00 γ=0.986 T=0.0500
2026-04-28 19:41:23,066 INFO train_distributed it=  69 lr=8.02e-04 loss_world=1.8737 |∇|=2.01e+02 γ=0.985 T=0.0500
2026-04-28 19:41:34,032 INFO train_distributed it=  79 lr=7.38e-04 loss_world=1.0167 |∇|=1.77e+01 γ=0.985 T=0.0501
2026-04-28 19:41:44,993 INFO train_distributed it=  89 lr=6.68e-04 loss_world=0.8159 |∇|=1.92e+01 γ=0.985 T=0.0502
2026-04-28 19:41:55,956 INFO train_distributed it=  99 lr=5.95e-04 loss_world=0.7731 |∇|=1.57e+01 γ=0.985 T=0.0502
2026-04-28 19:42:06,915 INFO train_distributed it= 109 lr=5.20e-04 loss_world=0.8673 |∇|=2.41e+01 γ=0.985 T=0.0502
2026-04-28 19:42:17,864 INFO train_distributed it= 119 lr=4.47e-04 loss_world=0.8394 |∇|=1.63e+01 γ=0.985 T=0.0503
2026-04-28 19:42:28,812 INFO train_distributed it= 129 lr=3.76e-04 loss_world=0.8044 |∇|=1.48e+01 γ=0.985 T=0.0503
2026-04-28 19:42:39,764 INFO train_distributed it= 139 lr=3.10e-04 loss_world=0.7814 |∇|=1.69e+01 γ=0.985 T=0.0503
2026-04-28 19:42:50,717 INFO train_distributed it= 149 lr=2.51e-04 loss_world=0.7799 |∇|=1.78e+01 γ=0.985 T=0.0503
2026-04-28 19:43:01,680 INFO train_distributed it= 159 lr=2.00e-04 loss_world=0.7998 |∇|=1.66e+01 γ=0.985 T=0.0503
2026-04-28 19:43:12,632 INFO train_distributed it= 169 lr=1.58e-04 loss_world=0.7761 |∇|=1.92e+01 γ=0.985 T=0.0503
2026-04-28 19:43:23,590 INFO train_distributed it= 179 lr=1.27e-04 loss_world=0.7957 |∇|=2.05e+01 γ=0.985 T=0.0503
2026-04-28 19:43:34,546 INFO train_distributed it= 189 lr=1.07e-04 loss_world=0.7737 |∇|=2.21e+01 γ=0.985 T=0.0503
2026-04-28 19:43:45,509 INFO train_distributed it= 199 lr=1.00e-04 loss_world=0.7910 |∇|=1.93e+01 γ=0.985 T=0.0503
2026-04-28 19:43:45,514 INFO train_distributed training finished in 220.4s (200 iters, world_size=1)
2026-04-28 19:43:45,514 INFO train_distributed [rank 0] peak HBM: alloc=7.09 GB, reserved=7.68 GB
2026-04-28 19:43:45,517 INFO train_distributed [rank 0] wrote experiments/043_arch_pairs/results_p_2_1__2_2_seed0/training_log.json
