═══ PHASE RUN — Wed Apr 29 10:59:25 AM CST 2026 ═══
  CONFIG_DIR=experiments/039_arch_tier_1_3_features NPROC=1 PARALLEL=8 SKIP_DONE=0
  Configs: 10

═ TRAIN t13_features_all_seed0 (card 0) ═ 10:59:25

═ TRAIN t13_features_all_seed1 (card 1) ═ 10:59:25

═ TRAIN t13_features_all_seed2 (card 2) ═ 10:59:25

═ TRAIN t13_features_all_seed3 (card 3) ═ 10:59:25

═ TRAIN t13_features_all_seed4 (card 4) ═ 10:59:25

═ TRAIN t13_features_all_seed5 (card 5) ═ 10:59:25

═ TRAIN t13_features_all_seed6 (card 6) ═ 10:59:25

═ TRAIN t13_features_all_seed7 (card 7) ═ 10:59:25
2026-04-29 10:59:29,626 INFO train_distributed [dist] rank=0 world_size=1 local_rank=0 cuda_available=True
2026-04-29 10:59:29,671 INFO train_distributed loaded 2,841 returns for spx/2015-2026_daily
2026-04-29 10:59:29,679 INFO train_distributed targets: acf_sq=0.342 leverage_sum=-0.790 hill_alpha=2.68
2026-04-29 10:59:29,929 INFO train_distributed [dist] rank=0 world_size=1 local_rank=0 cuda_available=True
2026-04-29 10:59:29,972 INFO train_distributed loaded 2,841 returns for spx/2015-2026_daily
2026-04-29 10:59:29,979 INFO train_distributed targets: acf_sq=0.342 leverage_sum=-0.790 hill_alpha=2.68
2026-04-29 10:59:30,072 INFO train_distributed [dist] rank=0 world_size=1 local_rank=0 cuda_available=True
2026-04-29 10:59:30,116 INFO train_distributed loaded 2,841 returns for spx/2015-2026_daily
2026-04-29 10:59:30,123 INFO train_distributed targets: acf_sq=0.342 leverage_sum=-0.790 hill_alpha=2.68
2026-04-29 10:59:30,618 INFO train_distributed [dist] rank=0 world_size=1 local_rank=0 cuda_available=True
2026-04-29 10:59:30,660 INFO train_distributed loaded 2,841 returns for spx/2015-2026_daily
2026-04-29 10:59:30,668 INFO train_distributed targets: acf_sq=0.342 leverage_sum=-0.790 hill_alpha=2.68
2026-04-29 10:59:30,676 INFO train_distributed [dist] rank=0 world_size=1 local_rank=0 cuda_available=True
2026-04-29 10:59:30,696 INFO train_distributed [dist] rank=0 world_size=1 local_rank=0 cuda_available=True
2026-04-29 10:59:30,721 INFO train_distributed loaded 2,841 returns for spx/2015-2026_daily
2026-04-29 10:59:30,728 INFO train_distributed targets: acf_sq=0.342 leverage_sum=-0.790 hill_alpha=2.68
2026-04-29 10:59:30,739 INFO train_distributed loaded 2,841 returns for spx/2015-2026_daily
2026-04-29 10:59:30,741 INFO train_distributed [dist] rank=0 world_size=1 local_rank=0 cuda_available=True
2026-04-29 10:59:30,746 INFO train_distributed targets: acf_sq=0.342 leverage_sum=-0.790 hill_alpha=2.68
2026-04-29 10:59:30,749 INFO train_distributed [dist] rank=0 world_size=1 local_rank=0 cuda_available=True
2026-04-29 10:59:30,784 INFO train_distributed loaded 2,841 returns for spx/2015-2026_daily
2026-04-29 10:59:30,791 INFO train_distributed targets: acf_sq=0.342 leverage_sum=-0.790 hill_alpha=2.68
2026-04-29 10:59:30,792 INFO train_distributed loaded 2,841 returns for spx/2015-2026_daily
2026-04-29 10:59:30,799 INFO train_distributed targets: acf_sq=0.342 leverage_sum=-0.790 hill_alpha=2.68
2026-04-29 10:59:32,105 INFO train_distributed EcoMDSimulator built: 31780 parameters (device=cuda:0)
2026-04-29 10:59:32,165 INFO train_distributed EcoMDSimulator built: 31780 parameters (device=cuda:0)
2026-04-29 10:59:32,168 INFO train_distributed EcoMDSimulator built: 31780 parameters (device=cuda:0)
2026-04-29 10:59:32,813 INFO train_distributed EcoMDSimulator built: 31780 parameters (device=cuda:0)
2026-04-29 10:59:32,852 INFO train_distributed EcoMDSimulator built: 31780 parameters (device=cuda:0)
2026-04-29 10:59:32,878 INFO train_distributed EcoMDSimulator built: 31780 parameters (device=cuda:0)
2026-04-29 10:59:32,879 INFO train_distributed EcoMDSimulator built: 31780 parameters (device=cuda:0)
2026-04-29 10:59:32,879 INFO train_distributed EcoMDSimulator built: 31780 parameters (device=cuda:0)
2026-04-29 10:59:36,198 INFO train_distributed it=   0 lr=1.00e-04 loss_world=2.3908 |∇|=5.01e+01 γ=1.000 T=0.0500
2026-04-29 10:59:36,307 INFO train_distributed it=   0 lr=1.00e-04 loss_world=1.4484 |∇|=8.10e+02 γ=1.000 T=0.0500
2026-04-29 10:59:36,321 INFO train_distributed it=   0 lr=1.00e-04 loss_world=2.8535 |∇|=1.28e+02 γ=1.000 T=0.0500
2026-04-29 10:59:36,842 INFO train_distributed it=   0 lr=1.00e-04 loss_world=2.2150 |∇|=4.25e+02 γ=1.000 T=0.0500
2026-04-29 10:59:36,844 INFO train_distributed it=   0 lr=1.00e-04 loss_world=4.3777 |∇|=1.24e+03 γ=1.000 T=0.0500
2026-04-29 10:59:36,910 INFO train_distributed it=   0 lr=1.00e-04 loss_world=2.5439 |∇|=7.94e+01 γ=1.000 T=0.0500
2026-04-29 10:59:36,927 INFO train_distributed it=   0 lr=1.00e-04 loss_world=7.3361 |∇|=2.28e+03 γ=1.000 T=0.0500
2026-04-29 10:59:36,936 INFO train_distributed it=   0 lr=1.00e-04 loss_world=0.9996 |∇|=5.55e+02 γ=1.000 T=0.0500
2026-04-29 11:00:00,524 INFO train_distributed it=   9 lr=1.00e-03 loss_world=1.7137 |∇|=6.26e+02 γ=1.003 T=0.0500
2026-04-29 11:00:00,701 INFO train_distributed it=   9 lr=1.00e-03 loss_world=nan |∇|=nan γ=nan T=nan
2026-04-29 11:00:00,766 INFO train_distributed it=   9 lr=1.00e-03 loss_world=49.8556 |∇|=2.97e+05 γ=1.000 T=0.0501
2026-04-29 11:00:01,018 INFO train_distributed it=   9 lr=1.00e-03 loss_world=2.4135 |∇|=7.84e+01 γ=1.001 T=0.0500
2026-04-29 11:00:01,046 INFO train_distributed it=   9 lr=1.00e-03 loss_world=1.9509 |∇|=1.05e+02 γ=0.998 T=0.0502
2026-04-29 11:00:01,145 INFO train_distributed it=   9 lr=1.00e-03 loss_world=3.6206 |∇|=1.16e+03 γ=0.999 T=0.0500
2026-04-29 11:00:01,213 INFO train_distributed it=   9 lr=1.00e-03 loss_world=2.4782 |∇|=2.95e+02 γ=0.999 T=0.0501
2026-04-29 11:00:01,385 INFO train_distributed it=   9 lr=1.00e-03 loss_world=21.1565 |∇|=1.31e+05 γ=1.001 T=0.0500
2026-04-29 11:00:27,441 INFO train_distributed it=  19 lr=9.95e-04 loss_world=2.2404 |∇|=5.52e+01 γ=1.003 T=0.0501
2026-04-29 11:00:27,821 INFO train_distributed it=  19 lr=9.95e-04 loss_world=2.1957 |∇|=3.79e+01 γ=1.001 T=0.0501
2026-04-29 11:00:27,878 INFO train_distributed it=  19 lr=9.95e-04 loss_world=nan |∇|=nan γ=nan T=nan
2026-04-29 11:00:27,946 INFO train_distributed it=  19 lr=9.95e-04 loss_world=2.3246 |∇|=1.64e+02 γ=0.996 T=0.0503
2026-04-29 11:00:27,966 INFO train_distributed it=  19 lr=9.95e-04 loss_world=nan |∇|=nan γ=nan T=nan
2026-04-29 11:00:28,042 INFO train_distributed it=  19 lr=9.95e-04 loss_world=2.5871 |∇|=1.17e+03 γ=0.998 T=0.0500
2026-04-29 11:00:28,280 INFO train_distributed it=  19 lr=9.95e-04 loss_world=10.7982 |∇|=2.71e+08 γ=0.995 T=0.0502
2026-04-29 11:00:28,625 INFO train_distributed it=  19 lr=9.95e-04 loss_world=2.3588 |∇|=4.49e+00 γ=0.998 T=0.0500
2026-04-29 11:00:54,335 INFO train_distributed it=  29 lr=9.78e-04 loss_world=6.9168 |∇|=1.22e+03 γ=1.005 T=0.0499
2026-04-29 11:00:54,631 INFO train_distributed it=  29 lr=9.78e-04 loss_world=2.1400 |∇|=8.52e+01 γ=1.000 T=0.0503
2026-04-29 11:00:54,844 INFO train_distributed it=  29 lr=9.78e-04 loss_world=2.6821 |∇|=1.02e+02 γ=0.994 T=0.0505
2026-04-29 11:00:54,918 INFO train_distributed it=  29 lr=9.78e-04 loss_world=1.5542 |∇|=5.62e+01 γ=0.998 T=0.0499
2026-04-29 11:00:55,055 INFO train_distributed it=  29 lr=9.78e-04 loss_world=nan |∇|=nan γ=nan T=nan
2026-04-29 11:00:55,114 INFO train_distributed it=  29 lr=9.78e-04 loss_world=nan |∇|=nan γ=nan T=nan
2026-04-29 11:00:55,359 INFO train_distributed it=  29 lr=9.78e-04 loss_world=2.4053 |∇|=7.37e+02 γ=0.993 T=0.0501
2026-04-29 11:00:55,814 INFO train_distributed it=  29 lr=9.78e-04 loss_world=nan |∇|=nan γ=nan T=nan
2026-04-29 11:01:21,228 INFO train_distributed it=  39 lr=9.49e-04 loss_world=1.0925 |∇|=5.00e+02 γ=1.003 T=0.0499
2026-04-29 11:01:21,442 INFO train_distributed it=  39 lr=9.49e-04 loss_world=2.1409 |∇|=2.43e+02 γ=0.999 T=0.0503
2026-04-29 11:01:21,740 INFO train_distributed it=  39 lr=9.49e-04 loss_world=0.6392 |∇|=4.05e+02 γ=0.990 T=0.0505
2026-04-29 11:01:21,794 INFO train_distributed it=  39 lr=9.49e-04 loss_world=0.7957 |∇|=3.86e+01 γ=0.996 T=0.0499
2026-04-29 11:01:22,231 INFO train_distributed it=  39 lr=9.49e-04 loss_world=nan |∇|=nan γ=nan T=nan
2026-04-29 11:01:22,258 INFO train_distributed it=  39 lr=9.49e-04 loss_world=nan |∇|=nan γ=nan T=nan
2026-04-29 11:01:22,436 INFO train_distributed it=  39 lr=9.49e-04 loss_world=0.8427 |∇|=1.23e+02 γ=0.992 T=0.0502
2026-04-29 11:01:22,984 INFO train_distributed it=  39 lr=9.49e-04 loss_world=nan |∇|=nan γ=nan T=nan
2026-04-29 11:01:48,126 INFO train_distributed it=  49 lr=9.10e-04 loss_world=0.8146 |∇|=6.38e+02 γ=1.001 T=0.0501
2026-04-29 11:01:48,258 INFO train_distributed it=  49 lr=9.10e-04 loss_world=0.6723 |∇|=2.05e+02 γ=1.001 T=0.0502
2026-04-29 11:01:48,635 INFO train_distributed it=  49 lr=9.10e-04 loss_world=1.0854 |∇|=1.30e+02 γ=0.990 T=0.0504
2026-04-29 11:01:48,677 INFO train_distributed it=  49 lr=9.10e-04 loss_world=1.2317 |∇|=5.93e+01 γ=0.995 T=0.0499
2026-04-29 11:01:49,406 INFO train_distributed it=  49 lr=9.10e-04 loss_world=nan |∇|=nan γ=nan T=nan
2026-04-29 11:01:49,412 INFO train_distributed it=  49 lr=9.10e-04 loss_world=nan |∇|=nan γ=nan T=nan
2026-04-29 11:01:49,505 INFO train_distributed it=  49 lr=9.10e-04 loss_world=1.2505 |∇|=2.16e+02 γ=0.991 T=0.0501
2026-04-29 11:01:50,155 INFO train_distributed it=  49 lr=9.10e-04 loss_world=nan |∇|=nan γ=nan T=nan
2026-04-29 11:02:15,021 INFO train_distributed it=  59 lr=8.60e-04 loss_world=2.1331 |∇|=1.30e+02 γ=1.000 T=0.0502
2026-04-29 11:02:15,091 INFO train_distributed it=  59 lr=8.60e-04 loss_world=1.2015 |∇|=1.52e+03 γ=1.000 T=0.0503
2026-04-29 11:02:15,532 INFO train_distributed it=  59 lr=8.60e-04 loss_world=1.0788 |∇|=2.04e+01 γ=0.991 T=0.0504
2026-04-29 11:02:15,570 INFO train_distributed it=  59 lr=8.60e-04 loss_world=1.1144 |∇|=1.60e+02 γ=0.997 T=0.0498
2026-04-29 11:02:16,550 INFO train_distributed it=  59 lr=8.60e-04 loss_world=nan |∇|=nan γ=nan T=nan
2026-04-29 11:02:16,586 INFO train_distributed it=  59 lr=8.60e-04 loss_world=nan |∇|=nan γ=nan T=nan
2026-04-29 11:02:16,616 INFO train_distributed it=  59 lr=8.60e-04 loss_world=0.8646 |∇|=3.91e+01 γ=0.992 T=0.0501
2026-04-29 11:02:17,324 INFO train_distributed it=  59 lr=8.60e-04 loss_world=nan |∇|=nan γ=nan T=nan
2026-04-29 11:02:41,911 INFO train_distributed it=  69 lr=8.02e-04 loss_world=0.5839 |∇|=1.14e+02 γ=0.999 T=0.0502
2026-04-29 11:02:41,933 INFO train_distributed it=  69 lr=8.02e-04 loss_world=0.8434 |∇|=1.81e+02 γ=0.998 T=0.0503
2026-04-29 11:02:42,426 INFO train_distributed it=  69 lr=8.02e-04 loss_world=0.8050 |∇|=1.29e+02 γ=0.994 T=0.0504
2026-04-29 11:02:42,472 INFO train_distributed it=  69 lr=8.02e-04 loss_world=0.8850 |∇|=2.27e+02 γ=0.998 T=0.0499
2026-04-29 11:02:43,702 INFO train_distributed it=  69 lr=8.02e-04 loss_world=nan |∇|=nan γ=nan T=nan
2026-04-29 11:02:43,745 INFO train_distributed it=  69 lr=8.02e-04 loss_world=0.7072 |∇|=5.03e+01 γ=0.995 T=0.0500
2026-04-29 11:02:43,772 INFO train_distributed it=  69 lr=8.02e-04 loss_world=nan |∇|=nan γ=nan T=nan
2026-04-29 11:02:44,490 INFO train_distributed it=  69 lr=8.02e-04 loss_world=nan |∇|=nan γ=nan T=nan
2026-04-29 11:03:08,787 INFO train_distributed it=  79 lr=7.38e-04 loss_world=1.4697 |∇|=1.63e+02 γ=0.997 T=0.0502
2026-04-29 11:03:08,803 INFO train_distributed it=  79 lr=7.38e-04 loss_world=2.3114 |∇|=8.88e+01 γ=0.999 T=0.0501
2026-04-29 11:03:09,320 INFO train_distributed it=  79 lr=7.38e-04 loss_world=1.3714 |∇|=6.73e+02 γ=0.996 T=0.0506
2026-04-29 11:03:09,381 INFO train_distributed it=  79 lr=7.38e-04 loss_world=0.8354 |∇|=4.93e+01 γ=0.997 T=0.0500
2026-04-29 11:03:10,846 INFO train_distributed it=  79 lr=7.38e-04 loss_world=nan |∇|=nan γ=nan T=nan
2026-04-29 11:03:10,902 INFO train_distributed it=  79 lr=7.38e-04 loss_world=1.0679 |∇|=7.46e+01 γ=0.996 T=0.0500
2026-04-29 11:03:10,953 INFO train_distributed it=  79 lr=7.38e-04 loss_world=nan |∇|=nan γ=nan T=nan
2026-04-29 11:03:11,662 INFO train_distributed it=  79 lr=7.38e-04 loss_world=nan |∇|=nan γ=nan T=nan
2026-04-29 11:03:35,627 INFO train_distributed it=  89 lr=6.68e-04 loss_world=2.9694 |∇|=1.63e+03 γ=1.001 T=0.0503
2026-04-29 11:03:35,697 INFO train_distributed it=  89 lr=6.68e-04 loss_world=0.6160 |∇|=7.70e+01 γ=1.001 T=0.0502
2026-04-29 11:03:36,216 INFO train_distributed it=  89 lr=6.68e-04 loss_world=0.6779 |∇|=1.82e+02 γ=0.997 T=0.0507
2026-04-29 11:03:36,307 INFO train_distributed it=  89 lr=6.68e-04 loss_world=0.9437 |∇|=2.80e+01 γ=0.994 T=0.0499
2026-04-29 11:03:37,991 INFO train_distributed it=  89 lr=6.68e-04 loss_world=nan |∇|=nan γ=nan T=nan
2026-04-29 11:03:38,091 INFO train_distributed it=  89 lr=6.68e-04 loss_world=1.0048 |∇|=6.88e+01 γ=0.995 T=0.0499
2026-04-29 11:03:38,125 INFO train_distributed it=  89 lr=6.68e-04 loss_world=nan |∇|=nan γ=nan T=nan
2026-04-29 11:03:38,834 INFO train_distributed it=  89 lr=6.68e-04 loss_world=nan |∇|=nan γ=nan T=nan
2026-04-29 11:04:00,871 INFO train_distributed it=  99 lr=5.95e-04 loss_world=0.8008 |∇|=4.40e+01 γ=1.004 T=0.0504
2026-04-29 11:04:01,340 INFO train_distributed it=  99 lr=5.95e-04 loss_world=1.0254 |∇|=7.47e+01 γ=0.998 T=0.0507
2026-04-29 11:04:01,554 INFO train_distributed it=  99 lr=5.95e-04 loss_world=1.0425 |∇|=5.37e+02 γ=1.001 T=0.0503
2026-04-29 11:04:01,939 INFO train_distributed it=  99 lr=5.95e-04 loss_world=0.6814 |∇|=5.75e+01 γ=0.992 T=0.0499
2026-04-29 11:04:05,140 INFO train_distributed it=  99 lr=5.95e-04 loss_world=nan |∇|=nan γ=nan T=nan
2026-04-29 11:04:05,179 INFO train_distributed it=  99 lr=5.95e-04 loss_world=1.0982 |∇|=8.17e+01 γ=0.995 T=0.0499
2026-04-29 11:04:05,291 INFO train_distributed it=  99 lr=5.95e-04 loss_world=nan |∇|=nan γ=nan T=nan
2026-04-29 11:04:05,967 INFO train_distributed it=  99 lr=5.95e-04 loss_world=nan |∇|=nan γ=nan T=nan
2026-04-29 11:04:13,671 INFO train_distributed it= 109 lr=5.20e-04 loss_world=0.7053 |∇|=5.71e+01 γ=1.005 T=0.0504
2026-04-29 11:04:14,036 INFO train_distributed it= 109 lr=5.20e-04 loss_world=1.1330 |∇|=5.00e+01 γ=0.997 T=0.0507
2026-04-29 11:04:14,255 INFO train_distributed it= 109 lr=5.20e-04 loss_world=1.0210 |∇|=2.71e+02 γ=1.001 T=0.0503
2026-04-29 11:04:14,739 INFO train_distributed it= 109 lr=5.20e-04 loss_world=0.9882 |∇|=3.95e+02 γ=0.991 T=0.0499
2026-04-29 11:04:18,088 INFO train_distributed it= 109 lr=5.20e-04 loss_world=0.6978 |∇|=4.74e+01 γ=0.995 T=0.0498
2026-04-29 11:04:18,122 INFO train_distributed it= 109 lr=5.20e-04 loss_world=nan |∇|=nan γ=nan T=nan
2026-04-29 11:04:18,430 INFO train_distributed it= 109 lr=5.20e-04 loss_world=nan |∇|=nan γ=nan T=nan
2026-04-29 11:04:18,776 INFO train_distributed it= 109 lr=5.20e-04 loss_world=nan |∇|=nan γ=nan T=nan
2026-04-29 11:04:26,472 INFO train_distributed it= 119 lr=4.47e-04 loss_world=0.8206 |∇|=6.17e+01 γ=1.006 T=0.0505
2026-04-29 11:04:26,713 INFO train_distributed it= 119 lr=4.47e-04 loss_world=1.0760 |∇|=1.91e+02 γ=0.994 T=0.0508
2026-04-29 11:04:26,942 INFO train_distributed it= 119 lr=4.47e-04 loss_world=1.5374 |∇|=6.49e+01 γ=1.000 T=0.0503
2026-04-29 11:04:27,539 INFO train_distributed it= 119 lr=4.47e-04 loss_world=1.2384 |∇|=2.95e+01 γ=0.990 T=0.0500
2026-04-29 11:04:30,919 INFO train_distributed it= 119 lr=4.47e-04 loss_world=nan |∇|=nan γ=nan T=nan
2026-04-29 11:04:31,014 INFO train_distributed it= 119 lr=4.47e-04 loss_world=0.7983 |∇|=9.44e+01 γ=0.994 T=0.0498
2026-04-29 11:04:31,205 INFO train_distributed it= 119 lr=4.47e-04 loss_world=nan |∇|=nan γ=nan T=nan
2026-04-29 11:04:31,584 INFO train_distributed it= 119 lr=4.47e-04 loss_world=nan |∇|=nan γ=nan T=nan
2026-04-29 11:04:39,271 INFO train_distributed it= 129 lr=3.76e-04 loss_world=0.7427 |∇|=7.13e+01 γ=1.006 T=0.0505
2026-04-29 11:04:39,387 INFO train_distributed it= 129 lr=3.76e-04 loss_world=0.9042 |∇|=1.99e+02 γ=0.993 T=0.0508
2026-04-29 11:04:39,630 INFO train_distributed it= 129 lr=3.76e-04 loss_world=0.8604 |∇|=3.64e+02 γ=0.999 T=0.0504
2026-04-29 11:04:40,338 INFO train_distributed it= 129 lr=3.76e-04 loss_world=0.8898 |∇|=3.48e+01 γ=0.989 T=0.0500
2026-04-29 11:04:43,717 INFO train_distributed it= 129 lr=3.76e-04 loss_world=nan |∇|=nan γ=nan T=nan
2026-04-29 11:04:43,963 INFO train_distributed it= 129 lr=3.76e-04 loss_world=0.7369 |∇|=9.43e+01 γ=0.993 T=0.0498
2026-04-29 11:04:43,984 INFO train_distributed it= 129 lr=3.76e-04 loss_world=nan |∇|=nan γ=nan T=nan
2026-04-29 11:04:44,395 INFO train_distributed it= 129 lr=3.76e-04 loss_world=nan |∇|=nan γ=nan T=nan
2026-04-29 11:04:52,054 INFO train_distributed it= 139 lr=3.10e-04 loss_world=0.9059 |∇|=1.26e+02 γ=0.992 T=0.0508
2026-04-29 11:04:52,071 INFO train_distributed it= 139 lr=3.10e-04 loss_world=1.1270 |∇|=3.75e+02 γ=1.006 T=0.0505
2026-04-29 11:04:52,322 INFO train_distributed it= 139 lr=3.10e-04 loss_world=0.5242 |∇|=8.29e+01 γ=0.999 T=0.0504
2026-04-29 11:04:53,139 INFO train_distributed it= 139 lr=3.10e-04 loss_world=1.0638 |∇|=5.61e+01 γ=0.990 T=0.0500
2026-04-29 11:04:56,512 INFO train_distributed it= 139 lr=3.10e-04 loss_world=nan |∇|=nan γ=nan T=nan
2026-04-29 11:04:56,759 INFO train_distributed it= 139 lr=3.10e-04 loss_world=nan |∇|=nan γ=nan T=nan
2026-04-29 11:04:56,926 INFO train_distributed it= 139 lr=3.10e-04 loss_world=0.6984 |∇|=1.25e+02 γ=0.993 T=0.0498
2026-04-29 11:04:57,202 INFO train_distributed it= 139 lr=3.10e-04 loss_world=nan |∇|=nan γ=nan T=nan
2026-04-29 11:05:04,722 INFO train_distributed it= 149 lr=2.51e-04 loss_world=1.6458 |∇|=5.82e+02 γ=0.990 T=0.0508
2026-04-29 11:05:04,872 INFO train_distributed it= 149 lr=2.51e-04 loss_world=0.7657 |∇|=1.30e+02 γ=1.007 T=0.0505
2026-04-29 11:05:05,020 INFO train_distributed it= 149 lr=2.51e-04 loss_world=1.0225 |∇|=1.36e+02 γ=0.999 T=0.0504
2026-04-29 11:05:05,939 INFO train_distributed it= 149 lr=2.51e-04 loss_world=0.7457 |∇|=9.97e+01 γ=0.990 T=0.0500
2026-04-29 11:05:09,311 INFO train_distributed it= 149 lr=2.51e-04 loss_world=nan |∇|=nan γ=nan T=nan
2026-04-29 11:05:09,534 INFO train_distributed it= 149 lr=2.51e-04 loss_world=nan |∇|=nan γ=nan T=nan
2026-04-29 11:05:09,888 INFO train_distributed it= 149 lr=2.51e-04 loss_world=0.8277 |∇|=2.42e+01 γ=0.992 T=0.0498
2026-04-29 11:05:10,009 INFO train_distributed it= 149 lr=2.51e-04 loss_world=nan |∇|=nan γ=nan T=nan
2026-04-29 11:05:17,391 INFO train_distributed it= 159 lr=2.00e-04 loss_world=1.0268 |∇|=1.33e+02 γ=0.991 T=0.0509
2026-04-29 11:05:17,671 INFO train_distributed it= 159 lr=2.00e-04 loss_world=1.7790 |∇|=5.24e+02 γ=1.007 T=0.0505
2026-04-29 11:05:17,720 INFO train_distributed it= 159 lr=2.00e-04 loss_world=0.8713 |∇|=4.68e+01 γ=0.999 T=0.0504
2026-04-29 11:05:18,739 INFO train_distributed it= 159 lr=2.00e-04 loss_world=0.9431 |∇|=6.11e+01 γ=0.990 T=0.0500
2026-04-29 11:05:22,120 INFO train_distributed it= 159 lr=2.00e-04 loss_world=nan |∇|=nan γ=nan T=nan
2026-04-29 11:05:22,308 INFO train_distributed it= 159 lr=2.00e-04 loss_world=nan |∇|=nan γ=nan T=nan
2026-04-29 11:05:22,816 INFO train_distributed it= 159 lr=2.00e-04 loss_world=nan |∇|=nan γ=nan T=nan
2026-04-29 11:05:22,857 INFO train_distributed it= 159 lr=2.00e-04 loss_world=0.8524 |∇|=1.22e+02 γ=0.992 T=0.0498
2026-04-29 11:05:30,070 INFO train_distributed it= 169 lr=1.58e-04 loss_world=0.8040 |∇|=4.79e+01 γ=0.991 T=0.0509
2026-04-29 11:05:30,408 INFO train_distributed it= 169 lr=1.58e-04 loss_world=0.4982 |∇|=8.51e+02 γ=0.999 T=0.0504
2026-04-29 11:05:30,471 INFO train_distributed it= 169 lr=1.58e-04 loss_world=1.8144 |∇|=4.95e+02 γ=1.007 T=0.0505
2026-04-29 11:05:31,539 INFO train_distributed it= 169 lr=1.58e-04 loss_world=1.0793 |∇|=1.39e+02 γ=0.991 T=0.0500
2026-04-29 11:05:34,923 INFO train_distributed it= 169 lr=1.58e-04 loss_world=nan |∇|=nan γ=nan T=nan
2026-04-29 11:05:35,085 INFO train_distributed it= 169 lr=1.58e-04 loss_world=nan |∇|=nan γ=nan T=nan
2026-04-29 11:05:35,618 INFO train_distributed it= 169 lr=1.58e-04 loss_world=nan |∇|=nan γ=nan T=nan
2026-04-29 11:05:35,834 INFO train_distributed it= 169 lr=1.58e-04 loss_world=0.8461 |∇|=7.36e+01 γ=0.993 T=0.0498
2026-04-29 11:05:42,750 INFO train_distributed it= 179 lr=1.27e-04 loss_world=1.0616 |∇|=5.03e+01 γ=0.991 T=0.0509
2026-04-29 11:05:43,107 INFO train_distributed it= 179 lr=1.27e-04 loss_world=1.0427 |∇|=7.65e+01 γ=0.998 T=0.0504
2026-04-29 11:05:43,272 INFO train_distributed it= 179 lr=1.27e-04 loss_world=1.1934 |∇|=1.03e+02 γ=1.006 T=0.0505
2026-04-29 11:05:44,340 INFO train_distributed it= 179 lr=1.27e-04 loss_world=1.0574 |∇|=1.26e+02 γ=0.991 T=0.0500
2026-04-29 11:05:47,726 INFO train_distributed it= 179 lr=1.27e-04 loss_world=nan |∇|=nan γ=nan T=nan
2026-04-29 11:05:47,858 INFO train_distributed it= 179 lr=1.27e-04 loss_world=nan |∇|=nan γ=nan T=nan
2026-04-29 11:05:48,433 INFO train_distributed it= 179 lr=1.27e-04 loss_world=nan |∇|=nan γ=nan T=nan
2026-04-29 11:05:48,817 INFO train_distributed it= 179 lr=1.27e-04 loss_world=0.8856 |∇|=3.29e+03 γ=0.993 T=0.0498
2026-04-29 11:05:55,427 INFO train_distributed it= 189 lr=1.07e-04 loss_world=0.9821 |∇|=6.27e+01 γ=0.992 T=0.0509
2026-04-29 11:05:55,797 INFO train_distributed it= 189 lr=1.07e-04 loss_world=1.0089 |∇|=4.12e+03 γ=0.998 T=0.0504
2026-04-29 11:05:56,073 INFO train_distributed it= 189 lr=1.07e-04 loss_world=0.9538 |∇|=3.83e+02 γ=1.007 T=0.0505
2026-04-29 11:05:57,140 INFO train_distributed it= 189 lr=1.07e-04 loss_world=0.9365 |∇|=5.73e+01 γ=0.992 T=0.0500
2026-04-29 11:06:00,525 INFO train_distributed it= 189 lr=1.07e-04 loss_world=nan |∇|=nan γ=nan T=nan
2026-04-29 11:06:00,634 INFO train_distributed it= 189 lr=1.07e-04 loss_world=nan |∇|=nan γ=nan T=nan
2026-04-29 11:06:01,249 INFO train_distributed it= 189 lr=1.07e-04 loss_world=nan |∇|=nan γ=nan T=nan
2026-04-29 11:06:01,816 INFO train_distributed it= 189 lr=1.07e-04 loss_world=0.8044 |∇|=9.11e+03 γ=0.993 T=0.0498
2026-04-29 11:06:08,113 INFO train_distributed it= 199 lr=1.00e-04 loss_world=0.7981 |∇|=4.65e+01 γ=0.992 T=0.0509
2026-04-29 11:06:08,119 INFO train_distributed training finished in 395.3s (200 iters, world_size=1)
2026-04-29 11:06:08,119 INFO train_distributed [rank 0] peak HBM: alloc=7.41 GB, reserved=7.84 GB
2026-04-29 11:06:08,123 INFO train_distributed [rank 0] wrote experiments/039_arch_tier_1_3_features/results_t13_features_all_seed6/training_log.json
2026-04-29 11:06:08,497 INFO train_distributed it= 199 lr=1.00e-04 loss_world=0.9895 |∇|=7.03e+01 γ=0.998 T=0.0504
2026-04-29 11:06:08,503 INFO train_distributed training finished in 396.3s (200 iters, world_size=1)
2026-04-29 11:06:08,503 INFO train_distributed [rank 0] peak HBM: alloc=7.41 GB, reserved=7.84 GB
2026-04-29 11:06:08,507 INFO train_distributed [rank 0] wrote experiments/039_arch_tier_1_3_features/results_t13_features_all_seed7/training_log.json
2026-04-29 11:06:08,873 INFO train_distributed it= 199 lr=1.00e-04 loss_world=0.9791 |∇|=3.59e+02 γ=1.007 T=0.0505
2026-04-29 11:06:08,879 INFO train_distributed training finished in 396.0s (200 iters, world_size=1)
2026-04-29 11:06:08,879 INFO train_distributed [rank 0] peak HBM: alloc=7.41 GB, reserved=7.84 GB
2026-04-29 11:06:08,883 INFO train_distributed [rank 0] wrote experiments/039_arch_tier_1_3_features/results_t13_features_all_seed4/training_log.json
  ✓ t13_features_all_seed6 404s (card 6)

═ TRAIN t13_features_all_seed8 (card 0) ═ 11:06:09
  ✓ t13_features_all_seed7 404s (card 7)

═ TRAIN t13_features_all_seed9 (card 1) ═ 11:06:09
  ✓ t13_features_all_seed4 404s (card 4)
2026-04-29 11:06:09,940 INFO train_distributed it= 199 lr=1.00e-04 loss_world=0.6767 |∇|=1.85e+02 γ=0.992 T=0.0500
2026-04-29 11:06:09,947 INFO train_distributed training finished in 397.1s (200 iters, world_size=1)
2026-04-29 11:06:09,947 INFO train_distributed [rank 0] peak HBM: alloc=7.41 GB, reserved=7.84 GB
2026-04-29 11:06:09,950 INFO train_distributed [rank 0] wrote experiments/039_arch_tier_1_3_features/results_t13_features_all_seed0/training_log.json
  ✓ t13_features_all_seed0 405s (card 0)
2026-04-29 11:06:12,815 INFO train_distributed [dist] rank=0 world_size=1 local_rank=0 cuda_available=True
2026-04-29 11:06:12,859 INFO train_distributed loaded 2,841 returns for spx/2015-2026_daily
2026-04-29 11:06:12,867 INFO train_distributed targets: acf_sq=0.342 leverage_sum=-0.790 hill_alpha=2.68
2026-04-29 11:06:13,135 INFO train_distributed [dist] rank=0 world_size=1 local_rank=0 cuda_available=True
2026-04-29 11:06:13,178 INFO train_distributed loaded 2,841 returns for spx/2015-2026_daily
2026-04-29 11:06:13,185 INFO train_distributed targets: acf_sq=0.342 leverage_sum=-0.790 hill_alpha=2.68
2026-04-29 11:06:13,331 INFO train_distributed EcoMDSimulator built: 31780 parameters (device=cuda:0)
2026-04-29 11:06:13,333 INFO train_distributed it= 199 lr=1.00e-04 loss_world=nan |∇|=nan γ=nan T=nan
2026-04-29 11:06:13,339 INFO train_distributed training finished in 401.2s (200 iters, world_size=1)
2026-04-29 11:06:13,339 INFO train_distributed [rank 0] peak HBM: alloc=7.41 GB, reserved=7.84 GB
2026-04-29 11:06:13,341 INFO train_distributed [rank 0] wrote experiments/039_arch_tier_1_3_features/results_t13_features_all_seed2/training_log.json
2026-04-29 11:06:13,420 INFO train_distributed it= 199 lr=1.00e-04 loss_world=nan |∇|=nan γ=nan T=nan
2026-04-29 11:06:13,426 INFO train_distributed training finished in 401.3s (200 iters, world_size=1)
2026-04-29 11:06:13,426 INFO train_distributed [rank 0] peak HBM: alloc=7.41 GB, reserved=7.84 GB
2026-04-29 11:06:13,429 INFO train_distributed [rank 0] wrote experiments/039_arch_tier_1_3_features/results_t13_features_all_seed3/training_log.json
2026-04-29 11:06:13,614 INFO train_distributed EcoMDSimulator built: 31780 parameters (device=cuda:0)
2026-04-29 11:06:14,079 INFO train_distributed it= 199 lr=1.00e-04 loss_world=nan |∇|=nan γ=nan T=nan
2026-04-29 11:06:14,085 INFO train_distributed training finished in 401.2s (200 iters, world_size=1)
2026-04-29 11:06:14,085 INFO train_distributed [rank 0] peak HBM: alloc=7.41 GB, reserved=7.84 GB
2026-04-29 11:06:14,088 INFO train_distributed [rank 0] wrote experiments/039_arch_tier_1_3_features/results_t13_features_all_seed1/training_log.json
  ✓ t13_features_all_seed2 409s (card 2)
  ✓ t13_features_all_seed3 409s (card 3)
2026-04-29 11:06:14,828 INFO train_distributed it= 199 lr=1.00e-04 loss_world=1.1317 |∇|=2.08e+03 γ=0.993 T=0.0498
2026-04-29 11:06:14,835 INFO train_distributed training finished in 402.0s (200 iters, world_size=1)
2026-04-29 11:06:14,835 INFO train_distributed [rank 0] peak HBM: alloc=7.41 GB, reserved=7.84 GB
2026-04-29 11:06:14,838 INFO train_distributed [rank 0] wrote experiments/039_arch_tier_1_3_features/results_t13_features_all_seed5/training_log.json
  ✓ t13_features_all_seed1 409s (card 1)
  ✓ t13_features_all_seed5 410s (card 5)
2026-04-29 11:06:15,968 INFO train_distributed it=   0 lr=1.00e-04 loss_world=4.1656 |∇|=1.09e+03 γ=1.000 T=0.0500
2026-04-29 11:06:16,123 INFO train_distributed it=   0 lr=1.00e-04 loss_world=6.2533 |∇|=1.47e+03 γ=1.000 T=0.0500
2026-04-29 11:06:27,479 INFO train_distributed it=   9 lr=1.00e-03 loss_world=11.9955 |∇|=5.82e+03 γ=1.000 T=0.0499
2026-04-29 11:06:27,675 INFO train_distributed it=   9 lr=1.00e-03 loss_world=2.3905 |∇|=4.95e+00 γ=0.997 T=0.0500
2026-04-29 11:06:40,279 INFO train_distributed it=  19 lr=9.95e-04 loss_world=1.2922 |∇|=2.25e+01 γ=0.999 T=0.0499
2026-04-29 11:06:40,460 INFO train_distributed it=  19 lr=9.95e-04 loss_world=nan |∇|=nan γ=nan T=nan
2026-04-29 11:06:53,079 INFO train_distributed it=  29 lr=9.78e-04 loss_world=5.4244 |∇|=7.04e+02 γ=0.998 T=0.0499
2026-04-29 11:06:53,237 INFO train_distributed it=  29 lr=9.78e-04 loss_world=nan |∇|=nan γ=nan T=nan
2026-04-29 11:07:05,941 INFO train_distributed it=  39 lr=9.49e-04 loss_world=2.4327 |∇|=2.28e+02 γ=0.999 T=0.0499
2026-04-29 11:07:06,020 INFO train_distributed it=  39 lr=9.49e-04 loss_world=nan |∇|=nan γ=nan T=nan
2026-04-29 11:07:18,796 INFO train_distributed it=  49 lr=9.10e-04 loss_world=nan |∇|=nan γ=nan T=nan
2026-04-29 11:07:18,799 INFO train_distributed it=  49 lr=9.10e-04 loss_world=2.6068 |∇|=2.84e+02 γ=0.999 T=0.0499
2026-04-29 11:07:31,573 INFO train_distributed it=  59 lr=8.60e-04 loss_world=nan |∇|=nan γ=nan T=nan
2026-04-29 11:07:31,658 INFO train_distributed it=  59 lr=8.60e-04 loss_world=2.7678 |∇|=1.73e+02 γ=1.000 T=0.0499
2026-04-29 11:07:44,349 INFO train_distributed it=  69 lr=8.02e-04 loss_world=nan |∇|=nan γ=nan T=nan
2026-04-29 11:07:44,539 INFO train_distributed it=  69 lr=8.02e-04 loss_world=1.2136 |∇|=1.01e+04 γ=0.999 T=0.0499
2026-04-29 11:07:57,125 INFO train_distributed it=  79 lr=7.38e-04 loss_world=nan |∇|=nan γ=nan T=nan
2026-04-29 11:07:57,438 INFO train_distributed it=  79 lr=7.38e-04 loss_world=2.9632 |∇|=7.09e+03 γ=0.999 T=0.0499
2026-04-29 11:08:09,902 INFO train_distributed it=  89 lr=6.68e-04 loss_world=nan |∇|=nan γ=nan T=nan
2026-04-29 11:08:10,319 INFO train_distributed it=  89 lr=6.68e-04 loss_world=7.1731 |∇|=1.15e+03 γ=0.999 T=0.0499
2026-04-29 11:08:22,674 INFO train_distributed it=  99 lr=5.95e-04 loss_world=nan |∇|=nan γ=nan T=nan
2026-04-29 11:08:23,120 INFO train_distributed it=  99 lr=5.95e-04 loss_world=7.3247 |∇|=9.77e+02 γ=0.997 T=0.0499
2026-04-29 11:08:35,444 INFO train_distributed it= 109 lr=5.20e-04 loss_world=nan |∇|=nan γ=nan T=nan
2026-04-29 11:08:35,920 INFO train_distributed it= 109 lr=5.20e-04 loss_world=2.5417 |∇|=2.18e+02 γ=0.996 T=0.0499
2026-04-29 11:08:48,217 INFO train_distributed it= 119 lr=4.47e-04 loss_world=nan |∇|=nan γ=nan T=nan
2026-04-29 11:08:48,719 INFO train_distributed it= 119 lr=4.47e-04 loss_world=1.0053 |∇|=4.19e+02 γ=0.996 T=0.0499
2026-04-29 11:09:00,988 INFO train_distributed it= 129 lr=3.76e-04 loss_world=nan |∇|=nan γ=nan T=nan
2026-04-29 11:09:01,519 INFO train_distributed it= 129 lr=3.76e-04 loss_world=0.9674 |∇|=2.06e+02 γ=0.996 T=0.0499
2026-04-29 11:09:13,761 INFO train_distributed it= 139 lr=3.10e-04 loss_world=nan |∇|=nan γ=nan T=nan
2026-04-29 11:09:14,320 INFO train_distributed it= 139 lr=3.10e-04 loss_world=0.9077 |∇|=1.13e+02 γ=0.997 T=0.0500
2026-04-29 11:09:26,535 INFO train_distributed it= 149 lr=2.51e-04 loss_world=nan |∇|=nan γ=nan T=nan
2026-04-29 11:09:27,120 INFO train_distributed it= 149 lr=2.51e-04 loss_world=1.1649 |∇|=1.84e+02 γ=0.998 T=0.0500
2026-04-29 11:09:39,309 INFO train_distributed it= 159 lr=2.00e-04 loss_world=nan |∇|=nan γ=nan T=nan
2026-04-29 11:09:39,920 INFO train_distributed it= 159 lr=2.00e-04 loss_world=0.9437 |∇|=2.33e+02 γ=0.999 T=0.0501
2026-04-29 11:09:52,078 INFO train_distributed it= 169 lr=1.58e-04 loss_world=nan |∇|=nan γ=nan T=nan
2026-04-29 11:09:52,720 INFO train_distributed it= 169 lr=1.58e-04 loss_world=1.0009 |∇|=1.99e+02 γ=0.999 T=0.0501
2026-04-29 11:10:04,851 INFO train_distributed it= 179 lr=1.27e-04 loss_world=nan |∇|=nan γ=nan T=nan
2026-04-29 11:10:05,520 INFO train_distributed it= 179 lr=1.27e-04 loss_world=0.9621 |∇|=7.28e+01 γ=0.999 T=0.0501
2026-04-29 11:10:17,626 INFO train_distributed it= 189 lr=1.07e-04 loss_world=nan |∇|=nan γ=nan T=nan
2026-04-29 11:10:18,320 INFO train_distributed it= 189 lr=1.07e-04 loss_world=1.1080 |∇|=1.20e+03 γ=0.999 T=0.0501
2026-04-29 11:10:30,403 INFO train_distributed it= 199 lr=1.00e-04 loss_world=nan |∇|=nan γ=nan T=nan
2026-04-29 11:10:30,409 INFO train_distributed training finished in 256.8s (200 iters, world_size=1)
2026-04-29 11:10:30,409 INFO train_distributed [rank 0] peak HBM: alloc=7.41 GB, reserved=7.84 GB
2026-04-29 11:10:30,410 INFO train_distributed [rank 0] wrote experiments/039_arch_tier_1_3_features/results_t13_features_all_seed9/training_log.json
2026-04-29 11:10:31,120 INFO train_distributed it= 199 lr=1.00e-04 loss_world=0.6876 |∇|=4.77e+02 γ=0.999 T=0.0501
2026-04-29 11:10:31,125 INFO train_distributed training finished in 257.8s (200 iters, world_size=1)
2026-04-29 11:10:31,125 INFO train_distributed [rank 0] peak HBM: alloc=7.41 GB, reserved=7.84 GB
2026-04-29 11:10:31,128 INFO train_distributed [rank 0] wrote experiments/039_arch_tier_1_3_features/results_t13_features_all_seed8/training_log.json
  ✓ t13_features_all_seed9 262s (card 1)
  ✓ t13_features_all_seed8 263s (card 0)

═ EVAL  t13_features_all_seed0 (card 0) ═ 11:10:32

═ EVAL  t13_features_all_seed1 (card 1) ═ 11:10:32

═ EVAL  t13_features_all_seed2 (card 2) ═ 11:10:32

═ EVAL  t13_features_all_seed3 (card 3) ═ 11:10:32

═ EVAL  t13_features_all_seed4 (card 4) ═ 11:10:32

═ EVAL  t13_features_all_seed5 (card 5) ═ 11:10:32

═ EVAL  t13_features_all_seed6 (card 6) ═ 11:10:32

═ EVAL  t13_features_all_seed7 (card 7) ═ 11:10:32
2026-04-29 11:10:36,278 INFO inference_run_large [dist] world_size=1 cuda=True
2026-04-29 11:10:37,402 INFO inference_run_large [dist] world_size=1 cuda=True
2026-04-29 11:10:37,785 INFO inference_run_large [dist] world_size=1 cuda=True
2026-04-29 11:10:38,144 INFO inference_run_large [dist] world_size=1 cuda=True
2026-04-29 11:10:38,560 INFO inference_run_large [dist] world_size=1 cuda=True
2026-04-29 11:10:39,238 INFO inference_run_large [dist] world_size=1 cuda=True
2026-04-29 11:10:39,640 INFO inference_run_large [dist] world_size=1 cuda=True
2026-04-29 11:10:40,151 INFO inference_run_large [dist] world_size=1 cuda=True
2026-04-29 11:10:40,619 INFO inference_run_large loaded checkpoint iter=200 from /AI4S/Users/howardwang/h204/ecophys/experiments/039_arch_tier_1_3_features/results_t13_features_all_seed5/checkpoint.pt
2026-04-29 11:10:40,755 INFO inference_run_large loaded checkpoint iter=200 from /AI4S/Users/howardwang/h204/ecophys/experiments/039_arch_tier_1_3_features/results_t13_features_all_seed2/checkpoint.pt
2026-04-29 11:10:40,755 INFO inference_run_large loaded checkpoint iter=200 from /AI4S/Users/howardwang/h204/ecophys/experiments/039_arch_tier_1_3_features/results_t13_features_all_seed7/checkpoint.pt
2026-04-29 11:10:40,756 INFO inference_run_large loaded checkpoint iter=200 from /AI4S/Users/howardwang/h204/ecophys/experiments/039_arch_tier_1_3_features/results_t13_features_all_seed0/checkpoint.pt
2026-04-29 11:10:40,776 INFO inference_run_large loaded checkpoint iter=200 from /AI4S/Users/howardwang/h204/ecophys/experiments/039_arch_tier_1_3_features/results_t13_features_all_seed6/checkpoint.pt
2026-04-29 11:10:40,776 INFO inference_run_large loaded checkpoint iter=200 from /AI4S/Users/howardwang/h204/ecophys/experiments/039_arch_tier_1_3_features/results_t13_features_all_seed1/checkpoint.pt
2026-04-29 11:10:40,777 INFO inference_run_large loaded checkpoint iter=200 from /AI4S/Users/howardwang/h204/ecophys/experiments/039_arch_tier_1_3_features/results_t13_features_all_seed3/checkpoint.pt
2026-04-29 11:10:40,937 INFO inference_run_large loaded checkpoint iter=200 from /AI4S/Users/howardwang/h204/ecophys/experiments/039_arch_tier_1_3_features/results_t13_features_all_seed4/checkpoint.pt
2026-04-29 11:11:33,025 INFO inference_run_large [rank 0] rollout 1/4 seed=10000 took 51.3s
Traceback (most recent call last):
  File "<frozen runpy>", line 198, in _run_module_as_main
  File "<frozen runpy>", line 88, in _run_code
  File "/AI4S/Users/howardwang/h204/ecophys/ecomd/inference/run_large.py", line 167, in <module>
    main()
  File "/AI4S/Users/howardwang/h204/ecophys/ecomd/inference/run_large.py", line 107, in main
    facts = compute_all(returns, volume=volumes)
            ^^^^^^^^^^^^^^^^^^^^^^^^^^^^^^^^^^^^
  File "/AI4S/Users/howardwang/h204/ecophys/ecomd/eval/stylized_facts.py", line 715, in compute_all
    r = _clean(returns)
        ^^^^^^^^^^^^^^^
  File "/AI4S/Users/howardwang/h204/ecophys/ecomd/eval/stylized_facts.py", line 757, in _clean
    raise ValueError("empty array after NaN removal")
ValueError: empty array after NaN removal
2026-04-29 11:11:33,121 INFO inference_run_large [rank 0] rollout 1/4 seed=10000 took 51.4s
Traceback (most recent call last):
  File "<frozen runpy>", line 198, in _run_module_as_main
  File "<frozen runpy>", line 88, in _run_code
  File "/AI4S/Users/howardwang/h204/ecophys/ecomd/inference/run_large.py", line 167, in <module>
Traceback (most recent call last):
  File "<frozen runpy>", line 198, in _run_module_as_main
  File "<frozen runpy>", line 88, in _run_code
  File "/AI4S/Users/howardwang/h204/ecophys/ecomd/inference/run_large.py", line 167, in <module>
    main()
  File "/AI4S/Users/howardwang/h204/ecophys/ecomd/inference/run_large.py", line 107, in main
    facts = compute_all(returns, volume=volumes)
            ^^^^^^^^^^^^^^^^^^^^^^^^^^^^^^^^^^^^
  File "/AI4S/Users/howardwang/h204/ecophys/ecomd/eval/stylized_facts.py", line 715, in compute_all
    r = _clean(returns)
        ^^^^^^^^^^^^^^^
  File "/AI4S/Users/howardwang/h204/ecophys/ecomd/eval/stylized_facts.py", line 757, in _clean
    raise ValueError("empty array after NaN removal")
ValueError: empty array after NaN removal
    main()
  File "/AI4S/Users/howardwang/h204/ecophys/ecomd/inference/run_large.py", line 107, in main
    facts = compute_all(returns, volume=volumes)
            ^^^^^^^^^^^^^^^^^^^^^^^^^^^^^^^^^^^^
  File "/AI4S/Users/howardwang/h204/ecophys/ecomd/eval/stylized_facts.py", line 715, in compute_all
    r = _clean(returns)
        ^^^^^^^^^^^^^^^
  File "/AI4S/Users/howardwang/h204/ecophys/ecomd/eval/stylized_facts.py", line 757, in _clean
    raise ValueError("empty array after NaN removal")
ValueError: empty array after NaN removal
2026-04-29 11:11:33,213 INFO inference_run_large [rank 0] rollout 1/4 seed=10000 took 51.5s
2026-04-29 11:11:33,336 INFO inference_run_large [rank 0] rollout 1/4 seed=10000 took 51.5s
2026-04-29 11:11:33,423 INFO inference_run_large [rank 0] rollout 1/4 seed=10000 took 51.8s
E0429 11:11:33.514000 806133 site-packages/torch/distributed/elastic/multiprocessing/api.py:869] failed (exitcode: 1) local_rank: 0 (pid: 806755) of binary: /root/miniconda3/envs/ecophys/bin/python3.12
Traceback (most recent call last):
  File "/root/miniconda3/envs/ecophys/bin/torchrun", line 6, in <module>
    sys.exit(main())
             ^^^^^^
  File "/root/miniconda3/envs/ecophys/lib/python3.12/site-packages/torch/distributed/elastic/multiprocessing/errors/__init__.py", line 355, in wrapper
    return f(*args, **kwargs)
           ^^^^^^^^^^^^^^^^^^
  File "/root/miniconda3/envs/ecophys/lib/python3.12/site-packages/torch/distributed/run.py", line 918, in main
    run(args)
  File "/root/miniconda3/envs/ecophys/lib/python3.12/site-packages/torch/distributed/run.py", line 909, in run
    elastic_launch(
  File "/root/miniconda3/envs/ecophys/lib/python3.12/site-packages/torch/distributed/launcher/api.py", line 138, in __call__
    return launch_agent(self._config, self._entrypoint, list(args))
           ^^^^^^^^^^^^^^^^^^^^^^^^^^^^^^^^^^^^^^^^^^^^^^^^^^^^^^^^
  File "/root/miniconda3/envs/ecophys/lib/python3.12/site-packages/torch/distributed/launcher/api.py", line 269, in launch_agent
    raise ChildFailedError(
torch.distributed.elastic.multiprocessing.errors.ChildFailedError: 
============================================================
ecomd.inference.run_large FAILED
------------------------------------------------------------
Failures:
  <NO_OTHER_FAILURES>
------------------------------------------------------------
Root Cause (first observed failure):
[0]:
  time      : 2026-04-29_11:11:33
  host      : nb-755846ce0e46404ee8-5cfd549bf-wxkpg
  rank      : 0 (local_rank: 0)
  exitcode  : 1 (pid: 806755)
  error_file: <N/A>
  traceback : To enable traceback see: https://pytorch.org/docs/stable/elastic/errors.html
============================================================
  ✗ eval t13_features_all_seed2 exit=1 (card 2)

═ EVAL  t13_features_all_seed8 (card 0) ═ 11:11:33
E0429 11:11:33.817000 806149 site-packages/torch/distributed/elastic/multiprocessing/api.py:869] failed (exitcode: 1) local_rank: 0 (pid: 806962) of binary: /root/miniconda3/envs/ecophys/bin/python3.12
Traceback (most recent call last):
  File "/root/miniconda3/envs/ecophys/bin/torchrun", line 6, in <module>
    sys.exit(main())
             ^^^^^^
  File "/root/miniconda3/envs/ecophys/lib/python3.12/site-packages/torch/distributed/elastic/multiprocessing/errors/__init__.py", line 355, in wrapper
    return f(*args, **kwargs)
           ^^^^^^^^^^^^^^^^^^
  File "/root/miniconda3/envs/ecophys/lib/python3.12/site-packages/torch/distributed/run.py", line 918, in main
    run(args)
  File "/root/miniconda3/envs/ecophys/lib/python3.12/site-packages/torch/distributed/run.py", line 909, in run
    elastic_launch(
  File "/root/miniconda3/envs/ecophys/lib/python3.12/site-packages/torch/distributed/launcher/api.py", line 138, in __call__
    return launch_agent(self._config, self._entrypoint, list(args))
           ^^^^^^^^^^^^^^^^^^^^^^^^^^^^^^^^^^^^^^^^^^^^^^^^^^^^^^^^
  File "/root/miniconda3/envs/ecophys/lib/python3.12/site-packages/torch/distributed/launcher/api.py", line 269, in launch_agent
    raise ChildFailedError(
torch.distributed.elastic.multiprocessing.errors.ChildFailedError: 
============================================================
ecomd.inference.run_large FAILED
------------------------------------------------------------
Failures:
  <NO_OTHER_FAILURES>
------------------------------------------------------------
Root Cause (first observed failure):
[0]:
  time      : 2026-04-29_11:11:33
  host      : nb-755846ce0e46404ee8-5cfd549bf-wxkpg
  rank      : 0 (local_rank: 0)
  exitcode  : 1 (pid: 806962)
  error_file: <N/A>
  traceback : To enable traceback see: https://pytorch.org/docs/stable/elastic/errors.html
============================================================
E0429 11:11:33.882000 806116 site-packages/torch/distributed/elastic/multiprocessing/api.py:869] failed (exitcode: 1) local_rank: 0 (pid: 806887) of binary: /root/miniconda3/envs/ecophys/bin/python3.12
Traceback (most recent call last):
  File "/root/miniconda3/envs/ecophys/bin/torchrun", line 6, in <module>
    sys.exit(main())
             ^^^^^^
  File "/root/miniconda3/envs/ecophys/lib/python3.12/site-packages/torch/distributed/elastic/multiprocessing/errors/__init__.py", line 355, in wrapper
    return f(*args, **kwargs)
           ^^^^^^^^^^^^^^^^^^
  File "/root/miniconda3/envs/ecophys/lib/python3.12/site-packages/torch/distributed/run.py", line 918, in main
    run(args)
  File "/root/miniconda3/envs/ecophys/lib/python3.12/site-packages/torch/distributed/run.py", line 909, in run
    elastic_launch(
  File "/root/miniconda3/envs/ecophys/lib/python3.12/site-packages/torch/distributed/launcher/api.py", line 138, in __call__
    return launch_agent(self._config, self._entrypoint, list(args))
           ^^^^^^^^^^^^^^^^^^^^^^^^^^^^^^^^^^^^^^^^^^^^^^^^^^^^^^^^
  File "/root/miniconda3/envs/ecophys/lib/python3.12/site-packages/torch/distributed/launcher/api.py", line 269, in launch_agent
    raise ChildFailedError(
torch.distributed.elastic.multiprocessing.errors.ChildFailedError: 
============================================================
ecomd.inference.run_large FAILED
------------------------------------------------------------
Failures:
  <NO_OTHER_FAILURES>
------------------------------------------------------------
Root Cause (first observed failure):
[0]:
  time      : 2026-04-29_11:11:33
  host      : nb-755846ce0e46404ee8-5cfd549bf-wxkpg
  rank      : 0 (local_rank: 0)
  exitcode  : 1 (pid: 806887)
  error_file: <N/A>
  traceback : To enable traceback see: https://pytorch.org/docs/stable/elastic/errors.html
============================================================
  ✗ eval t13_features_all_seed3 exit=1 (card 3)

═ EVAL  t13_features_all_seed9 (card 1) ═ 11:11:34
  ✗ eval t13_features_all_seed1 exit=1 (card 1)
2026-04-29 11:11:37,060 INFO inference_run_large [dist] world_size=1 cuda=True
2026-04-29 11:11:37,748 INFO inference_run_large [dist] world_size=1 cuda=True
2026-04-29 11:11:38,038 INFO inference_run_large loaded checkpoint iter=200 from /AI4S/Users/howardwang/h204/ecophys/experiments/039_arch_tier_1_3_features/results_t13_features_all_seed8/checkpoint.pt
2026-04-29 11:11:38,072 INFO inference_run_large loaded checkpoint iter=200 from /AI4S/Users/howardwang/h204/ecophys/experiments/039_arch_tier_1_3_features/results_t13_features_all_seed9/checkpoint.pt
2026-04-29 11:12:23,921 INFO inference_run_large [rank 0] rollout 2/4 seed=10001 took 50.8s
2026-04-29 11:12:24,121 INFO inference_run_large [rank 0] rollout 2/4 seed=10001 took 50.9s
2026-04-29 11:12:24,351 INFO inference_run_large [rank 0] rollout 2/4 seed=10001 took 50.9s
2026-04-29 11:12:25,036 INFO inference_run_large [rank 0] rollout 2/4 seed=10001 took 51.5s
Traceback (most recent call last):
  File "<frozen runpy>", line 198, in _run_module_as_main
  File "<frozen runpy>", line 88, in _run_code
  File "/AI4S/Users/howardwang/h204/ecophys/ecomd/inference/run_large.py", line 167, in <module>
    main()
  File "/AI4S/Users/howardwang/h204/ecophys/ecomd/inference/run_large.py", line 107, in main
    facts = compute_all(returns, volume=volumes)
            ^^^^^^^^^^^^^^^^^^^^^^^^^^^^^^^^^^^^
  File "/AI4S/Users/howardwang/h204/ecophys/ecomd/eval/stylized_facts.py", line 715, in compute_all
    r = _clean(returns)
        ^^^^^^^^^^^^^^^
  File "/AI4S/Users/howardwang/h204/ecophys/ecomd/eval/stylized_facts.py", line 757, in _clean
    raise ValueError("empty array after NaN removal")
ValueError: empty array after NaN removal
E0429 11:12:30.865000 809704 site-packages/torch/distributed/elastic/multiprocessing/api.py:869] failed (exitcode: 1) local_rank: 0 (pid: 809997) of binary: /root/miniconda3/envs/ecophys/bin/python3.12
Traceback (most recent call last):
  File "/root/miniconda3/envs/ecophys/bin/torchrun", line 6, in <module>
    sys.exit(main())
             ^^^^^^
  File "/root/miniconda3/envs/ecophys/lib/python3.12/site-packages/torch/distributed/elastic/multiprocessing/errors/__init__.py", line 355, in wrapper
    return f(*args, **kwargs)
           ^^^^^^^^^^^^^^^^^^
  File "/root/miniconda3/envs/ecophys/lib/python3.12/site-packages/torch/distributed/run.py", line 918, in main
    run(args)
  File "/root/miniconda3/envs/ecophys/lib/python3.12/site-packages/torch/distributed/run.py", line 909, in run
    elastic_launch(
  File "/root/miniconda3/envs/ecophys/lib/python3.12/site-packages/torch/distributed/launcher/api.py", line 138, in __call__
    return launch_agent(self._config, self._entrypoint, list(args))
           ^^^^^^^^^^^^^^^^^^^^^^^^^^^^^^^^^^^^^^^^^^^^^^^^^^^^^^^^
  File "/root/miniconda3/envs/ecophys/lib/python3.12/site-packages/torch/distributed/launcher/api.py", line 269, in launch_agent
    raise ChildFailedError(
torch.distributed.elastic.multiprocessing.errors.ChildFailedError: 
============================================================
ecomd.inference.run_large FAILED
------------------------------------------------------------
Failures:
  <NO_OTHER_FAILURES>
------------------------------------------------------------
Root Cause (first observed failure):
[0]:
  time      : 2026-04-29_11:12:30
  host      : nb-755846ce0e46404ee8-5cfd549bf-wxkpg
  rank      : 0 (local_rank: 0)
  exitcode  : 1 (pid: 809997)
  error_file: <N/A>
  traceback : To enable traceback see: https://pytorch.org/docs/stable/elastic/errors.html
============================================================
  ✗ eval t13_features_all_seed9 exit=1 (card 1)
2026-04-29 11:13:14,836 INFO inference_run_large [rank 0] rollout 3/4 seed=10002 took 50.8s
2026-04-29 11:13:15,107 INFO inference_run_large [rank 0] rollout 3/4 seed=10002 took 50.9s
2026-04-29 11:13:15,354 INFO inference_run_large [rank 0] rollout 3/4 seed=10002 took 50.9s
2026-04-29 11:13:16,758 INFO inference_run_large [rank 0] rollout 3/4 seed=10002 took 51.6s
Traceback (most recent call last):
  File "<frozen runpy>", line 198, in _run_module_as_main
  File "<frozen runpy>", line 88, in _run_code
  File "/AI4S/Users/howardwang/h204/ecophys/ecomd/inference/run_large.py", line 167, in <module>
    main()
  File "/AI4S/Users/howardwang/h204/ecophys/ecomd/inference/run_large.py", line 103, in main
    traj = sim.run(n_steps=args.n_steps, seed=seed)
           ^^^^^^^^^^^^^^^^^^^^^^^^^^^^^^^^^^^^^^^^
  File "/root/miniconda3/envs/ecophys/lib/python3.12/site-packages/torch/utils/_contextlib.py", line 116, in decorate_context
    return func(*args, **kwargs)
           ^^^^^^^^^^^^^^^^^^^^^
  File "/AI4S/Users/howardwang/h204/ecophys/ecomd/models/ecomd.py", line 954, in run
    return recorder.finalize()
           ^^^^^^^^^^^^^^^^^^^
  File "/AI4S/Users/howardwang/h204/ecophys/ecomd/physics/observables.py", line 144, in finalize
    velocities=torch.stack(self._velocities),
               ^^^^^^^^^^^^^^^^^^^^^^^^^^^^^
torch.OutOfMemoryError: CUDA out of memory. Tried to allocate 4.77 GiB. GPU 0 has a total capacity of 95.08 GiB of which 2.49 GiB is free. Including non-PyTorch memory, this process has 67.92 GiB memory in use. Process 809879 has 24.66 GiB memory in use. Of the allocated memory 66.94 GiB is allocated by PyTorch, and 492.49 MiB is reserved by PyTorch but unallocated. If reserved but unallocated memory is large try setting PYTORCH_CUDA_ALLOC_CONF=expandable_segments:True to avoid fragmentation.  See documentation for Memory Management  (https://pytorch.org/docs/stable/notes/cuda.html#environment-variables)
E0429 11:13:17.516000 806101 site-packages/torch/distributed/elastic/multiprocessing/api.py:869] failed (exitcode: 1) local_rank: 0 (pid: 806961) of binary: /root/miniconda3/envs/ecophys/bin/python3.12
Traceback (most recent call last):
  File "/root/miniconda3/envs/ecophys/bin/torchrun", line 6, in <module>
    sys.exit(main())
             ^^^^^^
  File "/root/miniconda3/envs/ecophys/lib/python3.12/site-packages/torch/distributed/elastic/multiprocessing/errors/__init__.py", line 355, in wrapper
    return f(*args, **kwargs)
           ^^^^^^^^^^^^^^^^^^
  File "/root/miniconda3/envs/ecophys/lib/python3.12/site-packages/torch/distributed/run.py", line 918, in main
    run(args)
  File "/root/miniconda3/envs/ecophys/lib/python3.12/site-packages/torch/distributed/run.py", line 909, in run
    elastic_launch(
  File "/root/miniconda3/envs/ecophys/lib/python3.12/site-packages/torch/distributed/launcher/api.py", line 138, in __call__
    return launch_agent(self._config, self._entrypoint, list(args))
           ^^^^^^^^^^^^^^^^^^^^^^^^^^^^^^^^^^^^^^^^^^^^^^^^^^^^^^^^
  File "/root/miniconda3/envs/ecophys/lib/python3.12/site-packages/torch/distributed/launcher/api.py", line 269, in launch_agent
    raise ChildFailedError(
torch.distributed.elastic.multiprocessing.errors.ChildFailedError: 
============================================================
ecomd.inference.run_large FAILED
------------------------------------------------------------
Failures:
  <NO_OTHER_FAILURES>
------------------------------------------------------------
Root Cause (first observed failure):
[0]:
  time      : 2026-04-29_11:13:17
  host      : nb-755846ce0e46404ee8-5cfd549bf-wxkpg
  rank      : 0 (local_rank: 0)
  exitcode  : 1 (pid: 806961)
  error_file: <N/A>
  traceback : To enable traceback see: https://pytorch.org/docs/stable/elastic/errors.html
============================================================
  ✗ eval t13_features_all_seed0 exit=1 (card 0)
2026-04-29 11:13:23,170 INFO inference_run_large [rank 0] rollout 1/4 seed=10000 took 104.2s
2026-04-29 11:14:05,802 INFO inference_run_large [rank 0] rollout 4/4 seed=10003 took 50.9s
2026-04-29 11:14:05,805 INFO inference_run_large [rank 0] wrote /AI4S/Users/howardwang/h204/ecophys/experiments/039_arch_tier_1_3_features/results_t13_features_all_seed6/inference_rank_0.json
2026-04-29 11:14:05,809 INFO inference_run_large [rank 0] merged 4 rollouts → /AI4S/Users/howardwang/h204/ecophys/experiments/039_arch_tier_1_3_features/results_t13_features_all_seed6/inference_merged.json
2026-04-29 11:14:06,135 INFO inference_run_large [rank 0] rollout 4/4 seed=10003 took 50.9s
2026-04-29 11:14:06,138 INFO inference_run_large [rank 0] wrote /AI4S/Users/howardwang/h204/ecophys/experiments/039_arch_tier_1_3_features/results_t13_features_all_seed7/inference_rank_0.json
2026-04-29 11:14:06,142 INFO inference_run_large [rank 0] merged 4 rollouts → /AI4S/Users/howardwang/h204/ecophys/experiments/039_arch_tier_1_3_features/results_t13_features_all_seed7/inference_merged.json
2026-04-29 11:14:06,454 INFO inference_run_large [rank 0] rollout 4/4 seed=10003 took 51.0s
2026-04-29 11:14:06,457 INFO inference_run_large [rank 0] wrote /AI4S/Users/howardwang/h204/ecophys/experiments/039_arch_tier_1_3_features/results_t13_features_all_seed4/inference_rank_0.json
2026-04-29 11:14:06,461 INFO inference_run_large [rank 0] merged 4 rollouts → /AI4S/Users/howardwang/h204/ecophys/experiments/039_arch_tier_1_3_features/results_t13_features_all_seed4/inference_merged.json
  ✓ eval t13_features_all_seed6 214s (card 6)
  ✓ eval t13_features_all_seed7 215s (card 7)
  ✓ eval t13_features_all_seed4 215s (card 4)
2026-04-29 11:14:08,650 INFO inference_run_large [rank 0] rollout 4/4 seed=10003 took 51.8s
2026-04-29 11:14:08,653 INFO inference_run_large [rank 0] wrote /AI4S/Users/howardwang/h204/ecophys/experiments/039_arch_tier_1_3_features/results_t13_features_all_seed5/inference_rank_0.json
2026-04-29 11:14:08,657 INFO inference_run_large [rank 0] merged 4 rollouts → /AI4S/Users/howardwang/h204/ecophys/experiments/039_arch_tier_1_3_features/results_t13_features_all_seed5/inference_merged.json
  ✓ eval t13_features_all_seed5 217s (card 5)
2026-04-29 11:14:14,220 INFO inference_run_large [rank 0] rollout 2/4 seed=10001 took 50.9s
2026-04-29 11:15:05,258 INFO inference_run_large [rank 0] rollout 3/4 seed=10002 took 50.9s
2026-04-29 11:15:56,362 INFO inference_run_large [rank 0] rollout 4/4 seed=10003 took 51.0s
2026-04-29 11:15:56,365 INFO inference_run_large [rank 0] wrote /AI4S/Users/howardwang/h204/ecophys/experiments/039_arch_tier_1_3_features/results_t13_features_all_seed8/inference_rank_0.json
2026-04-29 11:15:56,369 INFO inference_run_large [rank 0] merged 4 rollouts → /AI4S/Users/howardwang/h204/ecophys/experiments/039_arch_tier_1_3_features/results_t13_features_all_seed8/inference_merged.json
  ✓ eval t13_features_all_seed8 264s (card 0)

═══ DONE — Wed Apr 29 11:15:57 AM CST 2026 ═══
