═══ PHASE RUN — Wed Apr 29 10:57:15 AM CST 2026 ═══
  CONFIG_DIR=experiments/039_arch_tier_1_3_features NPROC=1 PARALLEL=8 SKIP_DONE=1
  Configs: 10

═ TRAIN t13_features_all_seed0 (card 0) ═ 10:57:15

═ TRAIN t13_features_all_seed1 (card 1) ═ 10:57:15

═ TRAIN t13_features_all_seed2 (card 2) ═ 10:57:15

═ TRAIN t13_features_all_seed3 (card 3) ═ 10:57:15

═ TRAIN t13_features_all_seed4 (card 4) ═ 10:57:15

═ TRAIN t13_features_all_seed5 (card 5) ═ 10:57:15

═ TRAIN t13_features_all_seed6 (card 6) ═ 10:57:15

═ TRAIN t13_features_all_seed7 (card 7) ═ 10:57:15
2026-04-29 10:57:21,194 INFO train_distributed [dist] rank=0 world_size=1 local_rank=0 cuda_available=True
2026-04-29 10:57:21,239 INFO train_distributed loaded 2,841 returns for spx/2015-2026_daily
2026-04-29 10:57:21,247 INFO train_distributed targets: acf_sq=0.342 leverage_sum=-0.790 hill_alpha=2.68
2026-04-29 10:57:21,570 INFO train_distributed [dist] rank=0 world_size=1 local_rank=0 cuda_available=True
2026-04-29 10:57:21,615 INFO train_distributed loaded 2,841 returns for spx/2015-2026_daily
2026-04-29 10:57:21,622 INFO train_distributed targets: acf_sq=0.342 leverage_sum=-0.790 hill_alpha=2.68
2026-04-29 10:57:21,876 INFO train_distributed [dist] rank=0 world_size=1 local_rank=0 cuda_available=True
2026-04-29 10:57:21,922 INFO train_distributed loaded 2,841 returns for spx/2015-2026_daily
2026-04-29 10:57:21,929 INFO train_distributed targets: acf_sq=0.342 leverage_sum=-0.790 hill_alpha=2.68
2026-04-29 10:57:22,204 INFO train_distributed [dist] rank=0 world_size=1 local_rank=0 cuda_available=True
2026-04-29 10:57:22,249 INFO train_distributed loaded 2,841 returns for spx/2015-2026_daily
2026-04-29 10:57:22,257 INFO train_distributed targets: acf_sq=0.342 leverage_sum=-0.790 hill_alpha=2.68
2026-04-29 10:57:22,560 INFO train_distributed [dist] rank=0 world_size=1 local_rank=0 cuda_available=True
2026-04-29 10:57:22,605 INFO train_distributed loaded 2,841 returns for spx/2015-2026_daily
2026-04-29 10:57:22,612 INFO train_distributed targets: acf_sq=0.342 leverage_sum=-0.790 hill_alpha=2.68
2026-04-29 10:57:22,973 INFO train_distributed [dist] rank=0 world_size=1 local_rank=0 cuda_available=True
2026-04-29 10:57:23,018 INFO train_distributed loaded 2,841 returns for spx/2015-2026_daily
2026-04-29 10:57:23,025 INFO train_distributed targets: acf_sq=0.342 leverage_sum=-0.790 hill_alpha=2.68
2026-04-29 10:57:23,330 INFO train_distributed [dist] rank=0 world_size=1 local_rank=0 cuda_available=True
2026-04-29 10:57:23,375 INFO train_distributed loaded 2,841 returns for spx/2015-2026_daily
2026-04-29 10:57:23,383 INFO train_distributed targets: acf_sq=0.342 leverage_sum=-0.790 hill_alpha=2.68
2026-04-29 10:57:23,773 INFO train_distributed [dist] rank=0 world_size=1 local_rank=0 cuda_available=True
2026-04-29 10:57:23,819 INFO train_distributed loaded 2,841 returns for spx/2015-2026_daily
2026-04-29 10:57:23,826 INFO train_distributed targets: acf_sq=0.342 leverage_sum=-0.790 hill_alpha=2.68
2026-04-29 10:57:24,489 INFO train_distributed EcoMDSimulator built: 31780 parameters (device=cuda:0)
2026-04-29 10:57:24,490 INFO train_distributed EcoMDSimulator built: 31780 parameters (device=cuda:0)
2026-04-29 10:57:24,511 INFO train_distributed EcoMDSimulator built: 31780 parameters (device=cuda:0)
2026-04-29 10:57:24,511 INFO train_distributed EcoMDSimulator built: 31780 parameters (device=cuda:0)
2026-04-29 10:57:24,550 INFO train_distributed EcoMDSimulator built: 31780 parameters (device=cuda:0)
2026-04-29 10:57:24,550 INFO train_distributed EcoMDSimulator built: 31780 parameters (device=cuda:0)
2026-04-29 10:57:24,555 INFO train_distributed EcoMDSimulator built: 31780 parameters (device=cuda:0)
2026-04-29 10:57:24,662 INFO train_distributed EcoMDSimulator built: 31780 parameters (device=cuda:0)
2026-04-29 10:57:27,096 INFO train_distributed it=   0 lr=1.00e-04 loss_world=2.3908 |∇|=5.01e+01 γ=1.000 T=0.0500
2026-04-29 10:57:27,097 INFO train_distributed it=   0 lr=1.00e-04 loss_world=2.8535 |∇|=1.28e+02 γ=1.000 T=0.0500
2026-04-29 10:57:27,098 INFO train_distributed it=   0 lr=1.00e-04 loss_world=1.4484 |∇|=8.10e+02 γ=1.000 T=0.0500
2026-04-29 10:57:27,140 INFO train_distributed it=   0 lr=1.00e-04 loss_world=2.2150 |∇|=4.25e+02 γ=1.000 T=0.0500
2026-04-29 10:57:27,142 INFO train_distributed it=   0 lr=1.00e-04 loss_world=4.3777 |∇|=1.24e+03 γ=1.000 T=0.0500
2026-04-29 10:57:27,146 INFO train_distributed it=   0 lr=1.00e-04 loss_world=7.3361 |∇|=2.28e+03 γ=1.000 T=0.0500
2026-04-29 10:57:27,150 INFO train_distributed it=   0 lr=1.00e-04 loss_world=2.5439 |∇|=7.94e+01 γ=1.000 T=0.0500
2026-04-29 10:57:27,200 INFO train_distributed it=   0 lr=1.00e-04 loss_world=0.9996 |∇|=5.55e+02 γ=1.000 T=0.0500
