═══ PHASE RUN — Tue Apr 28 07:02:08 PM CST 2026 ═══
  CONFIG_DIR=experiments/039_arch_tier_1_3_features NPROC=1 PARALLEL=8 SKIP_DONE=1
  Configs: 10

═ TRAIN t13_features_all_seed0 (card 0) ═ 19:02:08

═ TRAIN t13_features_all_seed1 (card 1) ═ 19:02:08

═ TRAIN t13_features_all_seed2 (card 2) ═ 19:02:08

═ TRAIN t13_features_all_seed3 (card 3) ═ 19:02:08

═ TRAIN t13_features_all_seed4 (card 4) ═ 19:02:08

═ TRAIN t13_features_all_seed5 (card 5) ═ 19:02:08

═ TRAIN t13_features_all_seed6 (card 6) ═ 19:02:08

═ TRAIN t13_features_all_seed7 (card 7) ═ 19:02:08
2026-04-28 19:02:13,525 INFO train_distributed [dist] rank=0 world_size=1 local_rank=0 cuda_available=True
2026-04-28 19:02:13,570 INFO train_distributed loaded 2,841 returns for spx/2015-2026_daily
2026-04-28 19:02:13,578 INFO train_distributed targets: acf_sq=0.342 leverage_sum=-0.790 hill_alpha=2.68
2026-04-28 19:02:14,124 INFO train_distributed [dist] rank=0 world_size=1 local_rank=0 cuda_available=True
2026-04-28 19:02:14,169 INFO train_distributed loaded 2,841 returns for spx/2015-2026_daily
2026-04-28 19:02:14,176 INFO train_distributed targets: acf_sq=0.342 leverage_sum=-0.790 hill_alpha=2.68
2026-04-28 19:02:14,696 INFO train_distributed [dist] rank=0 world_size=1 local_rank=0 cuda_available=True
2026-04-28 19:02:14,739 INFO train_distributed loaded 2,841 returns for spx/2015-2026_daily
2026-04-28 19:02:14,747 INFO train_distributed targets: acf_sq=0.342 leverage_sum=-0.790 hill_alpha=2.68
2026-04-28 19:02:15,060 INFO train_distributed [dist] rank=0 world_size=1 local_rank=0 cuda_available=True
2026-04-28 19:02:15,104 INFO train_distributed loaded 2,841 returns for spx/2015-2026_daily
2026-04-28 19:02:15,112 INFO train_distributed targets: acf_sq=0.342 leverage_sum=-0.790 hill_alpha=2.68
2026-04-28 19:02:15,402 INFO train_distributed [dist] rank=0 world_size=1 local_rank=0 cuda_available=True
2026-04-28 19:02:15,445 INFO train_distributed loaded 2,841 returns for spx/2015-2026_daily
2026-04-28 19:02:15,452 INFO train_distributed targets: acf_sq=0.342 leverage_sum=-0.790 hill_alpha=2.68
2026-04-28 19:02:15,802 INFO train_distributed [dist] rank=0 world_size=1 local_rank=0 cuda_available=True
2026-04-28 19:02:15,846 INFO train_distributed loaded 2,841 returns for spx/2015-2026_daily
2026-04-28 19:02:15,853 INFO train_distributed targets: acf_sq=0.342 leverage_sum=-0.790 hill_alpha=2.68
2026-04-28 19:02:16,183 INFO train_distributed [dist] rank=0 world_size=1 local_rank=0 cuda_available=True
2026-04-28 19:02:16,227 INFO train_distributed loaded 2,841 returns for spx/2015-2026_daily
2026-04-28 19:02:16,234 INFO train_distributed targets: acf_sq=0.342 leverage_sum=-0.790 hill_alpha=2.68
2026-04-28 19:02:16,636 INFO train_distributed [dist] rank=0 world_size=1 local_rank=0 cuda_available=True
2026-04-28 19:02:16,733 INFO train_distributed loaded 2,841 returns for spx/2015-2026_daily
2026-04-28 19:02:16,740 INFO train_distributed targets: acf_sq=0.342 leverage_sum=-0.790 hill_alpha=2.68
2026-04-28 19:02:17,304 INFO train_distributed EcoMDSimulator built: 31780 parameters (device=cuda:0)
2026-04-28 19:02:17,337 INFO train_distributed EcoMDSimulator built: 31780 parameters (device=cuda:0)
2026-04-28 19:02:17,338 INFO train_distributed EcoMDSimulator built: 31780 parameters (device=cuda:0)
2026-04-28 19:02:17,339 INFO train_distributed EcoMDSimulator built: 31780 parameters (device=cuda:0)
2026-04-28 19:02:17,358 INFO train_distributed EcoMDSimulator built: 31780 parameters (device=cuda:0)
2026-04-28 19:02:17,358 INFO train_distributed EcoMDSimulator built: 31780 parameters (device=cuda:0)
2026-04-28 19:02:17,358 INFO train_distributed EcoMDSimulator built: 31780 parameters (device=cuda:0)
2026-04-28 19:02:17,470 INFO train_distributed EcoMDSimulator built: 31780 parameters (device=cuda:0)
2026-04-28 19:02:19,833 INFO train_distributed it=   0 lr=1.00e-04 loss_world=2.2761 |∇|=4.22e+03 γ=1.000 T=0.0500
2026-04-28 19:02:19,931 INFO train_distributed it=   0 lr=1.00e-04 loss_world=1.4993 |∇|=2.81e+02 γ=1.000 T=0.0500
2026-04-28 19:02:19,945 INFO train_distributed it=   0 lr=1.00e-04 loss_world=1.4498 |∇|=5.42e+01 γ=1.000 T=0.0500
2026-04-28 19:02:19,946 INFO train_distributed it=   0 lr=1.00e-04 loss_world=1.6592 |∇|=1.05e+01 γ=1.000 T=0.0500
2026-04-28 19:02:19,956 INFO train_distributed it=   0 lr=1.00e-04 loss_world=1.0819 |∇|=2.84e+03 γ=1.000 T=0.0500
2026-04-28 19:02:19,963 INFO train_distributed it=   0 lr=1.00e-04 loss_world=2.1100 |∇|=1.87e+01 γ=1.000 T=0.0500
2026-04-28 19:02:19,978 INFO train_distributed it=   0 lr=1.00e-04 loss_world=nan |∇|=nan γ=nan T=nan
2026-04-28 19:02:19,983 INFO train_distributed it=   0 lr=1.00e-04 loss_world=1.6850 |∇|=4.57e+01 γ=1.000 T=0.0500
2026-04-28 19:02:31,313 INFO train_distributed it=   9 lr=1.00e-03 loss_world=42.0944 |∇|=6.33e+06 γ=1.001 T=0.0499
2026-04-28 19:02:31,327 INFO train_distributed it=   9 lr=1.00e-03 loss_world=5.0397 |∇|=3.81e+06 γ=1.001 T=0.0500
2026-04-28 19:02:31,335 INFO train_distributed it=   9 lr=1.00e-03 loss_world=1.4792 |∇|=9.90e+13 γ=1.001 T=0.0499
2026-04-28 19:02:31,352 INFO train_distributed it=   9 lr=1.00e-03 loss_world=1.9429 |∇|=3.09e+00 γ=1.003 T=0.0500
2026-04-28 19:02:31,436 INFO train_distributed it=   9 lr=1.00e-03 loss_world=nan |∇|=nan γ=nan T=nan
2026-04-28 19:02:31,445 INFO train_distributed it=   9 lr=1.00e-03 loss_world=nan |∇|=nan γ=nan T=nan
2026-04-28 19:02:31,452 INFO train_distributed it=   9 lr=1.00e-03 loss_world=nan |∇|=nan γ=nan T=nan
2026-04-28 19:02:31,471 INFO train_distributed it=   9 lr=1.00e-03 loss_world=1.1806 |∇|=1.94e+07 γ=0.999 T=0.0501
2026-04-28 19:02:43,945 INFO train_distributed it=  19 lr=9.95e-04 loss_world=1.1764 |∇|=3.01e+04 γ=0.999 T=0.0499
2026-04-28 19:02:43,950 INFO train_distributed it=  19 lr=9.95e-04 loss_world=67.6348 |∇|=2.83e+04 γ=1.003 T=0.0499
2026-04-28 19:02:44,114 INFO train_distributed it=  19 lr=9.95e-04 loss_world=nan |∇|=nan γ=nan T=nan
2026-04-28 19:02:44,164 INFO train_distributed it=  19 lr=9.95e-04 loss_world=nan |∇|=nan γ=nan T=nan
2026-04-28 19:02:44,198 INFO train_distributed it=  19 lr=9.95e-04 loss_world=nan |∇|=nan γ=nan T=nan
2026-04-28 19:02:44,198 INFO train_distributed it=  19 lr=9.95e-04 loss_world=nan |∇|=nan γ=nan T=nan
2026-04-28 19:02:44,199 INFO train_distributed it=  19 lr=9.95e-04 loss_world=nan |∇|=nan γ=nan T=nan
2026-04-28 19:02:44,246 INFO train_distributed it=  19 lr=9.95e-04 loss_world=nan |∇|=nan γ=nan T=nan
2026-04-28 19:02:56,545 INFO train_distributed it=  29 lr=9.78e-04 loss_world=1.8522 |∇|=6.00e+05 γ=0.997 T=0.0499
2026-04-28 19:02:56,602 INFO train_distributed it=  29 lr=9.78e-04 loss_world=nan |∇|=nan γ=nan T=nan
2026-04-28 19:02:56,896 INFO train_distributed it=  29 lr=9.78e-04 loss_world=nan |∇|=nan γ=nan T=nan
2026-04-28 19:02:56,948 INFO train_distributed it=  29 lr=9.78e-04 loss_world=nan |∇|=nan γ=nan T=nan
2026-04-28 19:02:56,957 INFO train_distributed it=  29 lr=9.78e-04 loss_world=nan |∇|=nan γ=nan T=nan
2026-04-28 19:02:56,961 INFO train_distributed it=  29 lr=9.78e-04 loss_world=nan |∇|=nan γ=nan T=nan
2026-04-28 19:02:56,963 INFO train_distributed it=  29 lr=9.78e-04 loss_world=nan |∇|=nan γ=nan T=nan
2026-04-28 19:02:57,007 INFO train_distributed it=  29 lr=9.78e-04 loss_world=nan |∇|=nan γ=nan T=nan
2026-04-28 19:03:09,203 INFO train_distributed it=  39 lr=9.49e-04 loss_world=3.4279 |∇|=3.08e+09 γ=1.000 T=0.0500
2026-04-28 19:03:09,381 INFO train_distributed it=  39 lr=9.49e-04 loss_world=nan |∇|=nan γ=nan T=nan
2026-04-28 19:03:09,675 INFO train_distributed it=  39 lr=9.49e-04 loss_world=nan |∇|=nan γ=nan T=nan
2026-04-28 19:03:09,697 INFO train_distributed it=  39 lr=9.49e-04 loss_world=nan |∇|=nan γ=nan T=nan
2026-04-28 19:03:09,716 INFO train_distributed it=  39 lr=9.49e-04 loss_world=nan |∇|=nan γ=nan T=nan
2026-04-28 19:03:09,728 INFO train_distributed it=  39 lr=9.49e-04 loss_world=nan |∇|=nan γ=nan T=nan
2026-04-28 19:03:09,749 INFO train_distributed it=  39 lr=9.49e-04 loss_world=nan |∇|=nan γ=nan T=nan
2026-04-28 19:03:09,773 INFO train_distributed it=  39 lr=9.49e-04 loss_world=nan |∇|=nan γ=nan T=nan
2026-04-28 19:03:21,840 INFO train_distributed it=  49 lr=9.10e-04 loss_world=nan |∇|=nan γ=nan T=nan
2026-04-28 19:03:22,162 INFO train_distributed it=  49 lr=9.10e-04 loss_world=nan |∇|=nan γ=nan T=nan
2026-04-28 19:03:22,449 INFO train_distributed it=  49 lr=9.10e-04 loss_world=nan |∇|=nan γ=nan T=nan
2026-04-28 19:03:22,456 INFO train_distributed it=  49 lr=9.10e-04 loss_world=nan |∇|=nan γ=nan T=nan
2026-04-28 19:03:22,473 INFO train_distributed it=  49 lr=9.10e-04 loss_world=nan |∇|=nan γ=nan T=nan
2026-04-28 19:03:22,491 INFO train_distributed it=  49 lr=9.10e-04 loss_world=nan |∇|=nan γ=nan T=nan
2026-04-28 19:03:22,532 INFO train_distributed it=  49 lr=9.10e-04 loss_world=nan |∇|=nan γ=nan T=nan
2026-04-28 19:03:22,544 INFO train_distributed it=  49 lr=9.10e-04 loss_world=nan |∇|=nan γ=nan T=nan
2026-04-28 19:03:34,591 INFO train_distributed it=  59 lr=8.60e-04 loss_world=nan |∇|=nan γ=nan T=nan
2026-04-28 19:03:34,942 INFO train_distributed it=  59 lr=8.60e-04 loss_world=nan |∇|=nan γ=nan T=nan
2026-04-28 19:03:35,199 INFO train_distributed it=  59 lr=8.60e-04 loss_world=nan |∇|=nan γ=nan T=nan
2026-04-28 19:03:35,229 INFO train_distributed it=  59 lr=8.60e-04 loss_world=nan |∇|=nan γ=nan T=nan
2026-04-28 19:03:35,235 INFO train_distributed it=  59 lr=8.60e-04 loss_world=nan |∇|=nan γ=nan T=nan
2026-04-28 19:03:35,251 INFO train_distributed it=  59 lr=8.60e-04 loss_world=nan |∇|=nan γ=nan T=nan
2026-04-28 19:03:35,314 INFO train_distributed it=  59 lr=8.60e-04 loss_world=nan |∇|=nan γ=nan T=nan
2026-04-28 19:03:35,318 INFO train_distributed it=  59 lr=8.60e-04 loss_world=nan |∇|=nan γ=nan T=nan
2026-04-28 19:03:47,340 INFO train_distributed it=  69 lr=8.02e-04 loss_world=nan |∇|=nan γ=nan T=nan
2026-04-28 19:03:47,722 INFO train_distributed it=  69 lr=8.02e-04 loss_world=nan |∇|=nan γ=nan T=nan
2026-04-28 19:03:47,946 INFO train_distributed it=  69 lr=8.02e-04 loss_world=nan |∇|=nan γ=nan T=nan
2026-04-28 19:03:47,987 INFO train_distributed it=  69 lr=8.02e-04 loss_world=nan |∇|=nan γ=nan T=nan
2026-04-28 19:03:48,013 INFO train_distributed it=  69 lr=8.02e-04 loss_world=nan |∇|=nan γ=nan T=nan
2026-04-28 19:03:48,014 INFO train_distributed it=  69 lr=8.02e-04 loss_world=nan |∇|=nan γ=nan T=nan
2026-04-28 19:03:48,093 INFO train_distributed it=  69 lr=8.02e-04 loss_world=nan |∇|=nan γ=nan T=nan
2026-04-28 19:03:48,096 INFO train_distributed it=  69 lr=8.02e-04 loss_world=nan |∇|=nan γ=nan T=nan
2026-04-28 19:04:00,093 INFO train_distributed it=  79 lr=7.38e-04 loss_world=nan |∇|=nan γ=nan T=nan
2026-04-28 19:04:00,501 INFO train_distributed it=  79 lr=7.38e-04 loss_world=nan |∇|=nan γ=nan T=nan
2026-04-28 19:04:00,692 INFO train_distributed it=  79 lr=7.38e-04 loss_world=nan |∇|=nan γ=nan T=nan
2026-04-28 19:04:00,748 INFO train_distributed it=  79 lr=7.38e-04 loss_world=nan |∇|=nan γ=nan T=nan
2026-04-28 19:04:00,777 INFO train_distributed it=  79 lr=7.38e-04 loss_world=nan |∇|=nan γ=nan T=nan
2026-04-28 19:04:00,802 INFO train_distributed it=  79 lr=7.38e-04 loss_world=nan |∇|=nan γ=nan T=nan
2026-04-28 19:04:00,862 INFO train_distributed it=  79 lr=7.38e-04 loss_world=nan |∇|=nan γ=nan T=nan
2026-04-28 19:04:00,878 INFO train_distributed it=  79 lr=7.38e-04 loss_world=nan |∇|=nan γ=nan T=nan
2026-04-28 19:04:12,840 INFO train_distributed it=  89 lr=6.68e-04 loss_world=nan |∇|=nan γ=nan T=nan
2026-04-28 19:04:13,281 INFO train_distributed it=  89 lr=6.68e-04 loss_world=nan |∇|=nan γ=nan T=nan
2026-04-28 19:04:13,435 INFO train_distributed it=  89 lr=6.68e-04 loss_world=nan |∇|=nan γ=nan T=nan
2026-04-28 19:04:13,505 INFO train_distributed it=  89 lr=6.68e-04 loss_world=nan |∇|=nan γ=nan T=nan
2026-04-28 19:04:13,538 INFO train_distributed it=  89 lr=6.68e-04 loss_world=nan |∇|=nan γ=nan T=nan
2026-04-28 19:04:13,580 INFO train_distributed it=  89 lr=6.68e-04 loss_world=nan |∇|=nan γ=nan T=nan
2026-04-28 19:04:13,628 INFO train_distributed it=  89 lr=6.68e-04 loss_world=nan |∇|=nan γ=nan T=nan
2026-04-28 19:04:13,662 INFO train_distributed it=  89 lr=6.68e-04 loss_world=nan |∇|=nan γ=nan T=nan
2026-04-28 19:04:25,586 INFO train_distributed it=  99 lr=5.95e-04 loss_world=nan |∇|=nan γ=nan T=nan
2026-04-28 19:04:26,061 INFO train_distributed it=  99 lr=5.95e-04 loss_world=nan |∇|=nan γ=nan T=nan
2026-04-28 19:04:26,181 INFO train_distributed it=  99 lr=5.95e-04 loss_world=nan |∇|=nan γ=nan T=nan
2026-04-28 19:04:26,262 INFO train_distributed it=  99 lr=5.95e-04 loss_world=nan |∇|=nan γ=nan T=nan
2026-04-28 19:04:26,304 INFO train_distributed it=  99 lr=5.95e-04 loss_world=nan |∇|=nan γ=nan T=nan
2026-04-28 19:04:26,357 INFO train_distributed it=  99 lr=5.95e-04 loss_world=nan |∇|=nan γ=nan T=nan
2026-04-28 19:04:26,393 INFO train_distributed it=  99 lr=5.95e-04 loss_world=nan |∇|=nan γ=nan T=nan
2026-04-28 19:04:26,445 INFO train_distributed it=  99 lr=5.95e-04 loss_world=nan |∇|=nan γ=nan T=nan
2026-04-28 19:04:38,341 INFO train_distributed it= 109 lr=5.20e-04 loss_world=nan |∇|=nan γ=nan T=nan
2026-04-28 19:04:38,845 INFO train_distributed it= 109 lr=5.20e-04 loss_world=nan |∇|=nan γ=nan T=nan
2026-04-28 19:04:38,925 INFO train_distributed it= 109 lr=5.20e-04 loss_world=nan |∇|=nan γ=nan T=nan
2026-04-28 19:04:39,023 INFO train_distributed it= 109 lr=5.20e-04 loss_world=nan |∇|=nan γ=nan T=nan
2026-04-28 19:04:39,070 INFO train_distributed it= 109 lr=5.20e-04 loss_world=nan |∇|=nan γ=nan T=nan
2026-04-28 19:04:39,134 INFO train_distributed it= 109 lr=5.20e-04 loss_world=nan |∇|=nan γ=nan T=nan
2026-04-28 19:04:39,163 INFO train_distributed it= 109 lr=5.20e-04 loss_world=nan |∇|=nan γ=nan T=nan
2026-04-28 19:04:39,227 INFO train_distributed it= 109 lr=5.20e-04 loss_world=nan |∇|=nan γ=nan T=nan
2026-04-28 19:04:51,085 INFO train_distributed it= 119 lr=4.47e-04 loss_world=nan |∇|=nan γ=nan T=nan
2026-04-28 19:04:51,629 INFO train_distributed it= 119 lr=4.47e-04 loss_world=nan |∇|=nan γ=nan T=nan
2026-04-28 19:04:51,673 INFO train_distributed it= 119 lr=4.47e-04 loss_world=nan |∇|=nan γ=nan T=nan
2026-04-28 19:04:51,779 INFO train_distributed it= 119 lr=4.47e-04 loss_world=nan |∇|=nan γ=nan T=nan
2026-04-28 19:04:51,848 INFO train_distributed it= 119 lr=4.47e-04 loss_world=nan |∇|=nan γ=nan T=nan
2026-04-28 19:04:51,912 INFO train_distributed it= 119 lr=4.47e-04 loss_world=nan |∇|=nan γ=nan T=nan
2026-04-28 19:04:51,926 INFO train_distributed it= 119 lr=4.47e-04 loss_world=nan |∇|=nan γ=nan T=nan
2026-04-28 19:04:52,032 INFO train_distributed it= 119 lr=4.47e-04 loss_world=nan |∇|=nan γ=nan T=nan
2026-04-28 19:05:03,832 INFO train_distributed it= 129 lr=3.76e-04 loss_world=nan |∇|=nan γ=nan T=nan
2026-04-28 19:05:04,423 INFO train_distributed it= 129 lr=3.76e-04 loss_world=nan |∇|=nan γ=nan T=nan
2026-04-28 19:05:04,426 INFO train_distributed it= 129 lr=3.76e-04 loss_world=nan |∇|=nan γ=nan T=nan
2026-04-28 19:05:04,543 INFO train_distributed it= 129 lr=3.76e-04 loss_world=nan |∇|=nan γ=nan T=nan
2026-04-28 19:05:04,613 INFO train_distributed it= 129 lr=3.76e-04 loss_world=nan |∇|=nan γ=nan T=nan
2026-04-28 19:05:04,692 INFO train_distributed it= 129 lr=3.76e-04 loss_world=nan |∇|=nan γ=nan T=nan
2026-04-28 19:05:04,694 INFO train_distributed it= 129 lr=3.76e-04 loss_world=nan |∇|=nan γ=nan T=nan
2026-04-28 19:05:04,821 INFO train_distributed it= 129 lr=3.76e-04 loss_world=nan |∇|=nan γ=nan T=nan
2026-04-28 19:05:16,590 INFO train_distributed it= 139 lr=3.10e-04 loss_world=nan |∇|=nan γ=nan T=nan
2026-04-28 19:05:17,170 INFO train_distributed it= 139 lr=3.10e-04 loss_world=nan |∇|=nan γ=nan T=nan
2026-04-28 19:05:17,214 INFO train_distributed it= 139 lr=3.10e-04 loss_world=nan |∇|=nan γ=nan T=nan
2026-04-28 19:05:17,307 INFO train_distributed it= 139 lr=3.10e-04 loss_world=nan |∇|=nan γ=nan T=nan
2026-04-28 19:05:17,400 INFO train_distributed it= 139 lr=3.10e-04 loss_world=nan |∇|=nan γ=nan T=nan
2026-04-28 19:05:17,460 INFO train_distributed it= 139 lr=3.10e-04 loss_world=nan |∇|=nan γ=nan T=nan
2026-04-28 19:05:17,477 INFO train_distributed it= 139 lr=3.10e-04 loss_world=nan |∇|=nan γ=nan T=nan
2026-04-28 19:05:17,604 INFO train_distributed it= 139 lr=3.10e-04 loss_world=nan |∇|=nan γ=nan T=nan
2026-04-28 19:05:29,339 INFO train_distributed it= 149 lr=2.51e-04 loss_world=nan |∇|=nan γ=nan T=nan
2026-04-28 19:05:29,916 INFO train_distributed it= 149 lr=2.51e-04 loss_world=nan |∇|=nan γ=nan T=nan
2026-04-28 19:05:29,998 INFO train_distributed it= 149 lr=2.51e-04 loss_world=nan |∇|=nan γ=nan T=nan
2026-04-28 19:05:30,063 INFO train_distributed it= 149 lr=2.51e-04 loss_world=nan |∇|=nan γ=nan T=nan
2026-04-28 19:05:30,168 INFO train_distributed it= 149 lr=2.51e-04 loss_world=nan |∇|=nan γ=nan T=nan
2026-04-28 19:05:30,223 INFO train_distributed it= 149 lr=2.51e-04 loss_world=nan |∇|=nan γ=nan T=nan
2026-04-28 19:05:30,257 INFO train_distributed it= 149 lr=2.51e-04 loss_world=nan |∇|=nan γ=nan T=nan
2026-04-28 19:05:30,399 INFO train_distributed it= 149 lr=2.51e-04 loss_world=nan |∇|=nan γ=nan T=nan
2026-04-28 19:05:42,086 INFO train_distributed it= 159 lr=2.00e-04 loss_world=nan |∇|=nan γ=nan T=nan
2026-04-28 19:05:42,670 INFO train_distributed it= 159 lr=2.00e-04 loss_world=nan |∇|=nan γ=nan T=nan
2026-04-28 19:05:42,783 INFO train_distributed it= 159 lr=2.00e-04 loss_world=nan |∇|=nan γ=nan T=nan
2026-04-28 19:05:42,820 INFO train_distributed it= 159 lr=2.00e-04 loss_world=nan |∇|=nan γ=nan T=nan
2026-04-28 19:05:42,931 INFO train_distributed it= 159 lr=2.00e-04 loss_world=nan |∇|=nan γ=nan T=nan
2026-04-28 19:05:42,985 INFO train_distributed it= 159 lr=2.00e-04 loss_world=nan |∇|=nan γ=nan T=nan
2026-04-28 19:05:43,034 INFO train_distributed it= 159 lr=2.00e-04 loss_world=nan |∇|=nan γ=nan T=nan
2026-04-28 19:05:43,184 INFO train_distributed it= 159 lr=2.00e-04 loss_world=nan |∇|=nan γ=nan T=nan
2026-04-28 19:05:54,835 INFO train_distributed it= 169 lr=1.58e-04 loss_world=nan |∇|=nan γ=nan T=nan
2026-04-28 19:05:55,427 INFO train_distributed it= 169 lr=1.58e-04 loss_world=nan |∇|=nan γ=nan T=nan
2026-04-28 19:05:55,575 INFO train_distributed it= 169 lr=1.58e-04 loss_world=nan |∇|=nan γ=nan T=nan
2026-04-28 19:05:55,577 INFO train_distributed it= 169 lr=1.58e-04 loss_world=nan |∇|=nan γ=nan T=nan
2026-04-28 19:05:55,694 INFO train_distributed it= 169 lr=1.58e-04 loss_world=nan |∇|=nan γ=nan T=nan
2026-04-28 19:05:55,748 INFO train_distributed it= 169 lr=1.58e-04 loss_world=nan |∇|=nan γ=nan T=nan
2026-04-28 19:05:55,810 INFO train_distributed it= 169 lr=1.58e-04 loss_world=nan |∇|=nan γ=nan T=nan
2026-04-28 19:05:55,969 INFO train_distributed it= 169 lr=1.58e-04 loss_world=nan |∇|=nan γ=nan T=nan
2026-04-28 19:06:07,583 INFO train_distributed it= 179 lr=1.27e-04 loss_world=nan |∇|=nan γ=nan T=nan
2026-04-28 19:06:08,179 INFO train_distributed it= 179 lr=1.27e-04 loss_world=nan |∇|=nan γ=nan T=nan
2026-04-28 19:06:08,333 INFO train_distributed it= 179 lr=1.27e-04 loss_world=nan |∇|=nan γ=nan T=nan
2026-04-28 19:06:08,364 INFO train_distributed it= 179 lr=1.27e-04 loss_world=nan |∇|=nan γ=nan T=nan
2026-04-28 19:06:08,457 INFO train_distributed it= 179 lr=1.27e-04 loss_world=nan |∇|=nan γ=nan T=nan
2026-04-28 19:06:08,510 INFO train_distributed it= 179 lr=1.27e-04 loss_world=nan |∇|=nan γ=nan T=nan
2026-04-28 19:06:08,595 INFO train_distributed it= 179 lr=1.27e-04 loss_world=nan |∇|=nan γ=nan T=nan
2026-04-28 19:06:08,763 INFO train_distributed it= 179 lr=1.27e-04 loss_world=nan |∇|=nan γ=nan T=nan
2026-04-28 19:06:20,329 INFO train_distributed it= 189 lr=1.07e-04 loss_world=nan |∇|=nan γ=nan T=nan
2026-04-28 19:06:20,924 INFO train_distributed it= 189 lr=1.07e-04 loss_world=nan |∇|=nan γ=nan T=nan
2026-04-28 19:06:21,090 INFO train_distributed it= 189 lr=1.07e-04 loss_world=nan |∇|=nan γ=nan T=nan
2026-04-28 19:06:21,150 INFO train_distributed it= 189 lr=1.07e-04 loss_world=nan |∇|=nan γ=nan T=nan
2026-04-28 19:06:21,218 INFO train_distributed it= 189 lr=1.07e-04 loss_world=nan |∇|=nan γ=nan T=nan
2026-04-28 19:06:21,272 INFO train_distributed it= 189 lr=1.07e-04 loss_world=nan |∇|=nan γ=nan T=nan
2026-04-28 19:06:21,379 INFO train_distributed it= 189 lr=1.07e-04 loss_world=nan |∇|=nan γ=nan T=nan
2026-04-28 19:06:21,547 INFO train_distributed it= 189 lr=1.07e-04 loss_world=nan |∇|=nan γ=nan T=nan
2026-04-28 19:06:33,078 INFO train_distributed it= 199 lr=1.00e-04 loss_world=nan |∇|=nan γ=nan T=nan
2026-04-28 19:06:33,083 INFO train_distributed training finished in 255.6s (200 iters, world_size=1)
2026-04-28 19:06:33,083 INFO train_distributed [rank 0] peak HBM: alloc=7.41 GB, reserved=7.84 GB
2026-04-28 19:06:33,085 INFO train_distributed [rank 0] wrote experiments/039_arch_tier_1_3_features/results_t13_features_all_seed6/training_log.json
2026-04-28 19:06:33,676 INFO train_distributed it= 199 lr=1.00e-04 loss_world=nan |∇|=nan γ=nan T=nan
2026-04-28 19:06:33,681 INFO train_distributed training finished in 256.3s (200 iters, world_size=1)
2026-04-28 19:06:33,681 INFO train_distributed [rank 0] peak HBM: alloc=7.41 GB, reserved=7.84 GB
2026-04-28 19:06:33,683 INFO train_distributed [rank 0] wrote experiments/039_arch_tier_1_3_features/results_t13_features_all_seed3/training_log.json
2026-04-28 19:06:33,847 INFO train_distributed it= 199 lr=1.00e-04 loss_world=nan |∇|=nan γ=nan T=nan
2026-04-28 19:06:33,852 INFO train_distributed training finished in 256.5s (200 iters, world_size=1)
2026-04-28 19:06:33,852 INFO train_distributed [rank 0] peak HBM: alloc=7.41 GB, reserved=7.84 GB
2026-04-28 19:06:33,854 INFO train_distributed [rank 0] wrote experiments/039_arch_tier_1_3_features/results_t13_features_all_seed5/training_log.json
2026-04-28 19:06:33,934 INFO train_distributed it= 199 lr=1.00e-04 loss_world=nan |∇|=nan γ=nan T=nan
2026-04-28 19:06:33,940 INFO train_distributed training finished in 256.6s (200 iters, world_size=1)
2026-04-28 19:06:33,940 INFO train_distributed [rank 0] peak HBM: alloc=7.41 GB, reserved=7.84 GB
2026-04-28 19:06:33,942 INFO train_distributed [rank 0] wrote experiments/039_arch_tier_1_3_features/results_t13_features_all_seed7/training_log.json
2026-04-28 19:06:33,980 INFO train_distributed it= 199 lr=1.00e-04 loss_world=nan |∇|=nan γ=nan T=nan
2026-04-28 19:06:33,986 INFO train_distributed training finished in 256.6s (200 iters, world_size=1)
2026-04-28 19:06:33,986 INFO train_distributed [rank 0] peak HBM: alloc=7.41 GB, reserved=7.84 GB
2026-04-28 19:06:33,988 INFO train_distributed [rank 0] wrote experiments/039_arch_tier_1_3_features/results_t13_features_all_seed2/training_log.json
  ✓ t13_features_all_seed6 265s (card 6)

═ TRAIN t13_features_all_seed8 (card 0) ═ 19:06:34
2026-04-28 19:06:34,039 INFO train_distributed it= 199 lr=1.00e-04 loss_world=nan |∇|=nan γ=nan T=nan
2026-04-28 19:06:34,044 INFO train_distributed training finished in 256.7s (200 iters, world_size=1)
2026-04-28 19:06:34,044 INFO train_distributed [rank 0] peak HBM: alloc=7.41 GB, reserved=7.84 GB
2026-04-28 19:06:34,046 INFO train_distributed [rank 0] wrote experiments/039_arch_tier_1_3_features/results_t13_features_all_seed0/training_log.json
2026-04-28 19:06:34,168 INFO train_distributed it= 199 lr=1.00e-04 loss_world=nan |∇|=nan γ=nan T=nan
2026-04-28 19:06:34,173 INFO train_distributed training finished in 256.8s (200 iters, world_size=1)
2026-04-28 19:06:34,173 INFO train_distributed [rank 0] peak HBM: alloc=7.41 GB, reserved=7.84 GB
2026-04-28 19:06:34,175 INFO train_distributed [rank 0] wrote experiments/039_arch_tier_1_3_features/results_t13_features_all_seed4/training_log.json
2026-04-28 19:06:34,335 INFO train_distributed it= 199 lr=1.00e-04 loss_world=nan |∇|=nan γ=nan T=nan
2026-04-28 19:06:34,340 INFO train_distributed training finished in 257.0s (200 iters, world_size=1)
2026-04-28 19:06:34,340 INFO train_distributed [rank 0] peak HBM: alloc=7.41 GB, reserved=7.84 GB
2026-04-28 19:06:34,343 INFO train_distributed [rank 0] wrote experiments/039_arch_tier_1_3_features/results_t13_features_all_seed1/training_log.json
  ✓ t13_features_all_seed3 266s (card 3)

═ TRAIN t13_features_all_seed9 (card 1) ═ 19:06:34
  ✓ t13_features_all_seed5 266s (card 5)
  ✓ t13_features_all_seed2 267s (card 2)
  ✓ t13_features_all_seed7 267s (card 7)
  ✓ t13_features_all_seed4 267s (card 4)
  ✓ t13_features_all_seed0 267s (card 0)
  ✓ t13_features_all_seed1 267s (card 1)
2026-04-28 19:06:37,365 INFO train_distributed [dist] rank=0 world_size=1 local_rank=0 cuda_available=True
2026-04-28 19:06:37,411 INFO train_distributed loaded 2,841 returns for spx/2015-2026_daily
2026-04-28 19:06:37,419 INFO train_distributed targets: acf_sq=0.342 leverage_sum=-0.790 hill_alpha=2.68
2026-04-28 19:06:38,112 INFO train_distributed EcoMDSimulator built: 31780 parameters (device=cuda:0)
2026-04-28 19:06:38,148 INFO train_distributed [dist] rank=0 world_size=1 local_rank=0 cuda_available=True
2026-04-28 19:06:38,192 INFO train_distributed loaded 2,841 returns for spx/2015-2026_daily
2026-04-28 19:06:38,200 INFO train_distributed targets: acf_sq=0.342 leverage_sum=-0.790 hill_alpha=2.68
2026-04-28 19:06:38,467 INFO train_distributed EcoMDSimulator built: 31780 parameters (device=cuda:0)
2026-04-28 19:06:40,659 INFO train_distributed it=   0 lr=1.00e-04 loss_world=26.4238 |∇|=2.03e+04 γ=1.000 T=0.0500
2026-04-28 19:06:41,015 INFO train_distributed it=   0 lr=1.00e-04 loss_world=1.6591 |∇|=1.36e+01 γ=1.000 T=0.0500
2026-04-28 19:06:52,173 INFO train_distributed it=   9 lr=1.00e-03 loss_world=2.4154 |∇|=1.20e+06 γ=0.996 T=0.0498
2026-04-28 19:06:52,502 INFO train_distributed it=   9 lr=1.00e-03 loss_world=nan |∇|=nan γ=nan T=nan
2026-04-28 19:07:04,969 INFO train_distributed it=  19 lr=9.95e-04 loss_world=nan |∇|=nan γ=nan T=nan
2026-04-28 19:07:05,262 INFO train_distributed it=  19 lr=9.95e-04 loss_world=nan |∇|=nan γ=nan T=nan
2026-04-28 19:07:17,757 INFO train_distributed it=  29 lr=9.78e-04 loss_world=nan |∇|=nan γ=nan T=nan
2026-04-28 19:07:18,020 INFO train_distributed it=  29 lr=9.78e-04 loss_world=nan |∇|=nan γ=nan T=nan
2026-04-28 19:07:30,546 INFO train_distributed it=  39 lr=9.49e-04 loss_world=nan |∇|=nan γ=nan T=nan
2026-04-28 19:07:30,777 INFO train_distributed it=  39 lr=9.49e-04 loss_world=nan |∇|=nan γ=nan T=nan
2026-04-28 19:07:43,335 INFO train_distributed it=  49 lr=9.10e-04 loss_world=nan |∇|=nan γ=nan T=nan
2026-04-28 19:07:43,536 INFO train_distributed it=  49 lr=9.10e-04 loss_world=nan |∇|=nan γ=nan T=nan
2026-04-28 19:07:56,122 INFO train_distributed it=  59 lr=8.60e-04 loss_world=nan |∇|=nan γ=nan T=nan
2026-04-28 19:07:56,294 INFO train_distributed it=  59 lr=8.60e-04 loss_world=nan |∇|=nan γ=nan T=nan
2026-04-28 19:08:08,910 INFO train_distributed it=  69 lr=8.02e-04 loss_world=nan |∇|=nan γ=nan T=nan
2026-04-28 19:08:09,054 INFO train_distributed it=  69 lr=8.02e-04 loss_world=nan |∇|=nan γ=nan T=nan
2026-04-28 19:08:21,697 INFO train_distributed it=  79 lr=7.38e-04 loss_world=nan |∇|=nan γ=nan T=nan
2026-04-28 19:08:21,812 INFO train_distributed it=  79 lr=7.38e-04 loss_world=nan |∇|=nan γ=nan T=nan
2026-04-28 19:08:34,483 INFO train_distributed it=  89 lr=6.68e-04 loss_world=nan |∇|=nan γ=nan T=nan
2026-04-28 19:08:34,581 INFO train_distributed it=  89 lr=6.68e-04 loss_world=nan |∇|=nan γ=nan T=nan
2026-04-28 19:08:47,270 INFO train_distributed it=  99 lr=5.95e-04 loss_world=nan |∇|=nan γ=nan T=nan
2026-04-28 19:08:47,344 INFO train_distributed it=  99 lr=5.95e-04 loss_world=nan |∇|=nan γ=nan T=nan
2026-04-28 19:09:00,057 INFO train_distributed it= 109 lr=5.20e-04 loss_world=nan |∇|=nan γ=nan T=nan
2026-04-28 19:09:00,116 INFO train_distributed it= 109 lr=5.20e-04 loss_world=nan |∇|=nan γ=nan T=nan
2026-04-28 19:09:12,845 INFO train_distributed it= 119 lr=4.47e-04 loss_world=nan |∇|=nan γ=nan T=nan
2026-04-28 19:09:12,874 INFO train_distributed it= 119 lr=4.47e-04 loss_world=nan |∇|=nan γ=nan T=nan
2026-04-28 19:09:25,627 INFO train_distributed it= 129 lr=3.76e-04 loss_world=nan |∇|=nan γ=nan T=nan
2026-04-28 19:09:25,632 INFO train_distributed it= 129 lr=3.76e-04 loss_world=nan |∇|=nan γ=nan T=nan
2026-04-28 19:09:38,383 INFO train_distributed it= 139 lr=3.10e-04 loss_world=nan |∇|=nan γ=nan T=nan
2026-04-28 19:09:38,422 INFO train_distributed it= 139 lr=3.10e-04 loss_world=nan |∇|=nan γ=nan T=nan
2026-04-28 19:09:51,136 INFO train_distributed it= 149 lr=2.51e-04 loss_world=nan |∇|=nan γ=nan T=nan
2026-04-28 19:09:51,208 INFO train_distributed it= 149 lr=2.51e-04 loss_world=nan |∇|=nan γ=nan T=nan
2026-04-28 19:10:03,892 INFO train_distributed it= 159 lr=2.00e-04 loss_world=nan |∇|=nan γ=nan T=nan
2026-04-28 19:10:03,997 INFO train_distributed it= 159 lr=2.00e-04 loss_world=nan |∇|=nan γ=nan T=nan
2026-04-28 19:10:16,644 INFO train_distributed it= 169 lr=1.58e-04 loss_world=nan |∇|=nan γ=nan T=nan
2026-04-28 19:10:16,786 INFO train_distributed it= 169 lr=1.58e-04 loss_world=nan |∇|=nan γ=nan T=nan
2026-04-28 19:10:29,398 INFO train_distributed it= 179 lr=1.27e-04 loss_world=nan |∇|=nan γ=nan T=nan
2026-04-28 19:10:29,571 INFO train_distributed it= 179 lr=1.27e-04 loss_world=nan |∇|=nan γ=nan T=nan
2026-04-28 19:10:42,153 INFO train_distributed it= 189 lr=1.07e-04 loss_world=nan |∇|=nan γ=nan T=nan
2026-04-28 19:10:42,358 INFO train_distributed it= 189 lr=1.07e-04 loss_world=nan |∇|=nan γ=nan T=nan
2026-04-28 19:10:54,911 INFO train_distributed it= 199 lr=1.00e-04 loss_world=nan |∇|=nan γ=nan T=nan
2026-04-28 19:10:54,916 INFO train_distributed training finished in 256.4s (200 iters, world_size=1)
2026-04-28 19:10:54,916 INFO train_distributed [rank 0] peak HBM: alloc=7.41 GB, reserved=7.84 GB
2026-04-28 19:10:54,918 INFO train_distributed [rank 0] wrote experiments/039_arch_tier_1_3_features/results_t13_features_all_seed9/training_log.json
2026-04-28 19:10:55,142 INFO train_distributed it= 199 lr=1.00e-04 loss_world=nan |∇|=nan γ=nan T=nan
2026-04-28 19:10:55,148 INFO train_distributed training finished in 257.0s (200 iters, world_size=1)
2026-04-28 19:10:55,148 INFO train_distributed [rank 0] peak HBM: alloc=7.41 GB, reserved=7.84 GB
2026-04-28 19:10:55,150 INFO train_distributed [rank 0] wrote experiments/039_arch_tier_1_3_features/results_t13_features_all_seed8/training_log.json
  ✓ t13_features_all_seed9 261s (card 1)
  ✓ t13_features_all_seed8 262s (card 0)

═ EVAL  t13_features_all_seed0 (card 0) ═ 19:10:56

═ EVAL  t13_features_all_seed1 (card 1) ═ 19:10:56

═ EVAL  t13_features_all_seed2 (card 2) ═ 19:10:56

═ EVAL  t13_features_all_seed3 (card 3) ═ 19:10:56

═ EVAL  t13_features_all_seed4 (card 4) ═ 19:10:56

═ EVAL  t13_features_all_seed5 (card 5) ═ 19:10:56

═ EVAL  t13_features_all_seed6 (card 6) ═ 19:10:56

═ EVAL  t13_features_all_seed7 (card 7) ═ 19:10:56
2026-04-28 19:11:01,293 INFO inference_run_large [dist] world_size=1 cuda=True
2026-04-28 19:11:01,637 INFO inference_run_large [dist] world_size=1 cuda=True
2026-04-28 19:11:01,980 INFO inference_run_large [dist] world_size=1 cuda=True
2026-04-28 19:11:02,311 INFO inference_run_large [dist] world_size=1 cuda=True
2026-04-28 19:11:02,663 INFO inference_run_large [dist] world_size=1 cuda=True
2026-04-28 19:11:03,062 INFO inference_run_large [dist] world_size=1 cuda=True
2026-04-28 19:11:03,417 INFO inference_run_large [dist] world_size=1 cuda=True
2026-04-28 19:11:03,905 INFO inference_run_large [dist] world_size=1 cuda=True
2026-04-28 19:11:04,564 INFO inference_run_large loaded checkpoint iter=200 from /AI4S/Users/howardwang/h204/ecophys/experiments/039_arch_tier_1_3_features/results_t13_features_all_seed3/checkpoint.pt
2026-04-28 19:11:04,574 INFO inference_run_large loaded checkpoint iter=200 from /AI4S/Users/howardwang/h204/ecophys/experiments/039_arch_tier_1_3_features/results_t13_features_all_seed6/checkpoint.pt
2026-04-28 19:11:04,608 INFO inference_run_large loaded checkpoint iter=200 from /AI4S/Users/howardwang/h204/ecophys/experiments/039_arch_tier_1_3_features/results_t13_features_all_seed7/checkpoint.pt
2026-04-28 19:11:04,608 INFO inference_run_large loaded checkpoint iter=200 from /AI4S/Users/howardwang/h204/ecophys/experiments/039_arch_tier_1_3_features/results_t13_features_all_seed2/checkpoint.pt
2026-04-28 19:11:04,608 INFO inference_run_large loaded checkpoint iter=200 from /AI4S/Users/howardwang/h204/ecophys/experiments/039_arch_tier_1_3_features/results_t13_features_all_seed4/checkpoint.pt
2026-04-28 19:11:04,608 INFO inference_run_large loaded checkpoint iter=200 from /AI4S/Users/howardwang/h204/ecophys/experiments/039_arch_tier_1_3_features/results_t13_features_all_seed5/checkpoint.pt
2026-04-28 19:11:04,620 INFO inference_run_large loaded checkpoint iter=200 from /AI4S/Users/howardwang/h204/ecophys/experiments/039_arch_tier_1_3_features/results_t13_features_all_seed1/checkpoint.pt
2026-04-28 19:11:04,725 INFO inference_run_large loaded checkpoint iter=200 from /AI4S/Users/howardwang/h204/ecophys/experiments/039_arch_tier_1_3_features/results_t13_features_all_seed0/checkpoint.pt
Traceback (most recent call last):
  File "<frozen runpy>", line 198, in _run_module_as_main
  File "<frozen runpy>", line 88, in _run_code
  File "/AI4S/Users/howardwang/h204/ecophys/ecomd/inference/run_large.py", line 167, in <module>
    main()
  File "/AI4S/Users/howardwang/h204/ecophys/ecomd/inference/run_large.py", line 107, in main
    facts = compute_all(returns, volume=volumes)
            ^^^^^^^^^^^^^^^^^^^^^^^^^^^^^^^^^^^^
  File "/AI4S/Users/howardwang/h204/ecophys/ecomd/eval/stylized_facts.py", line 715, in compute_all
    r = _clean(returns)
        ^^^^^^^^^^^^^^^
  File "/AI4S/Users/howardwang/h204/ecophys/ecomd/eval/stylized_facts.py", line 757, in _clean
    raise ValueError("empty array after NaN removal")
ValueError: empty array after NaN removal
Traceback (most recent call last):
  File "<frozen runpy>", line 198, in _run_module_as_main
  File "<frozen runpy>", line 88, in _run_code
  File "/AI4S/Users/howardwang/h204/ecophys/ecomd/inference/run_large.py", line 167, in <module>
Traceback (most recent call last):
  File "<frozen runpy>", line 198, in _run_module_as_main
  File "<frozen runpy>", line 88, in _run_code
  File "/AI4S/Users/howardwang/h204/ecophys/ecomd/inference/run_large.py", line 167, in <module>
    main()
  File "/AI4S/Users/howardwang/h204/ecophys/ecomd/inference/run_large.py", line 107, in main
    facts = compute_all(returns, volume=volumes)
            ^^^^^^^^^^^^^^^^^^^^^^^^^^^^^^^^^^^^
  File "/AI4S/Users/howardwang/h204/ecophys/ecomd/eval/stylized_facts.py", line 715, in compute_all
    r = _clean(returns)
        ^^^^^^^^^^^^^^^
  File "/AI4S/Users/howardwang/h204/ecophys/ecomd/eval/stylized_facts.py", line 757, in _clean
    raise ValueError("empty array after NaN removal")
ValueError: empty array after NaN removal
    main()
  File "/AI4S/Users/howardwang/h204/ecophys/ecomd/inference/run_large.py", line 107, in main
    facts = compute_all(returns, volume=volumes)
            ^^^^^^^^^^^^^^^^^^^^^^^^^^^^^^^^^^^^
  File "/AI4S/Users/howardwang/h204/ecophys/ecomd/eval/stylized_facts.py", line 715, in compute_all
    r = _clean(returns)
        ^^^^^^^^^^^^^^^
  File "/AI4S/Users/howardwang/h204/ecophys/ecomd/eval/stylized_facts.py", line 757, in _clean
    raise ValueError("empty array after NaN removal")
ValueError: empty array after NaN removal
Traceback (most recent call last):
  File "<frozen runpy>", line 198, in _run_module_as_main
  File "<frozen runpy>", line 88, in _run_code
  File "/AI4S/Users/howardwang/h204/ecophys/ecomd/inference/run_large.py", line 167, in <module>
    main()
  File "/AI4S/Users/howardwang/h204/ecophys/ecomd/inference/run_large.py", line 107, in main
    facts = compute_all(returns, volume=volumes)
            ^^^^^^^^^^^^^^^^^^^^^^^^^^^^^^^^^^^^
  File "/AI4S/Users/howardwang/h204/ecophys/ecomd/eval/stylized_facts.py", line 715, in compute_all
    r = _clean(returns)
        ^^^^^^^^^^^^^^^
  File "/AI4S/Users/howardwang/h204/ecophys/ecomd/eval/stylized_facts.py", line 757, in _clean
    raise ValueError("empty array after NaN removal")
ValueError: empty array after NaN removal
Traceback (most recent call last):
  File "<frozen runpy>", line 198, in _run_module_as_main
  File "<frozen runpy>", line 88, in _run_code
  File "/AI4S/Users/howardwang/h204/ecophys/ecomd/inference/run_large.py", line 167, in <module>
Traceback (most recent call last):
  File "<frozen runpy>", line 198, in _run_module_as_main
  File "<frozen runpy>", line 88, in _run_code
  File "/AI4S/Users/howardwang/h204/ecophys/ecomd/inference/run_large.py", line 167, in <module>
    main()
  File "/AI4S/Users/howardwang/h204/ecophys/ecomd/inference/run_large.py", line 107, in main
    facts = compute_all(returns, volume=volumes)
            ^^^^^^^^^^^^^^^^^^^^^^^^^^^^^^^^^^^^
  File "/AI4S/Users/howardwang/h204/ecophys/ecomd/eval/stylized_facts.py", line 715, in compute_all
    r = _clean(returns)
        ^^^^^^^^^^^^^^^
  File "/AI4S/Users/howardwang/h204/ecophys/ecomd/eval/stylized_facts.py", line 757, in _clean
    raise ValueError("empty array after NaN removal")
ValueError: empty array after NaN removal
    main()
  File "/AI4S/Users/howardwang/h204/ecophys/ecomd/inference/run_large.py", line 107, in main
    facts = compute_all(returns, volume=volumes)
            ^^^^^^^^^^^^^^^^^^^^^^^^^^^^^^^^^^^^
  File "/AI4S/Users/howardwang/h204/ecophys/ecomd/eval/stylized_facts.py", line 715, in compute_all
    r = _clean(returns)
        ^^^^^^^^^^^^^^^
  File "/AI4S/Users/howardwang/h204/ecophys/ecomd/eval/stylized_facts.py", line 757, in _clean
    raise ValueError("empty array after NaN removal")
ValueError: empty array after NaN removal
Traceback (most recent call last):
  File "<frozen runpy>", line 198, in _run_module_as_main
  File "<frozen runpy>", line 88, in _run_code
  File "/AI4S/Users/howardwang/h204/ecophys/ecomd/inference/run_large.py", line 167, in <module>
    main()
  File "/AI4S/Users/howardwang/h204/ecophys/ecomd/inference/run_large.py", line 107, in main
    facts = compute_all(returns, volume=volumes)
            ^^^^^^^^^^^^^^^^^^^^^^^^^^^^^^^^^^^^
  File "/AI4S/Users/howardwang/h204/ecophys/ecomd/eval/stylized_facts.py", line 715, in compute_all
    r = _clean(returns)
        ^^^^^^^^^^^^^^^
  File "/AI4S/Users/howardwang/h204/ecophys/ecomd/eval/stylized_facts.py", line 757, in _clean
    raise ValueError("empty array after NaN removal")
ValueError: empty array after NaN removal
Traceback (most recent call last):
  File "<frozen runpy>", line 198, in _run_module_as_main
  File "<frozen runpy>", line 88, in _run_code
  File "/AI4S/Users/howardwang/h204/ecophys/ecomd/inference/run_large.py", line 167, in <module>
    main()
  File "/AI4S/Users/howardwang/h204/ecophys/ecomd/inference/run_large.py", line 107, in main
    facts = compute_all(returns, volume=volumes)
            ^^^^^^^^^^^^^^^^^^^^^^^^^^^^^^^^^^^^
  File "/AI4S/Users/howardwang/h204/ecophys/ecomd/eval/stylized_facts.py", line 715, in compute_all
    r = _clean(returns)
        ^^^^^^^^^^^^^^^
  File "/AI4S/Users/howardwang/h204/ecophys/ecomd/eval/stylized_facts.py", line 757, in _clean
    raise ValueError("empty array after NaN removal")
ValueError: empty array after NaN removal
E0428 19:11:57.336000 250571 site-packages/torch/distributed/elastic/multiprocessing/api.py:869] failed (exitcode: 1) local_rank: 0 (pid: 251502) of binary: /root/miniconda3/envs/ecophys/bin/python3.12
Traceback (most recent call last):
  File "/root/miniconda3/envs/ecophys/bin/torchrun", line 6, in <module>
    sys.exit(main())
             ^^^^^^
  File "/root/miniconda3/envs/ecophys/lib/python3.12/site-packages/torch/distributed/elastic/multiprocessing/errors/__init__.py", line 355, in wrapper
    return f(*args, **kwargs)
           ^^^^^^^^^^^^^^^^^^
  File "/root/miniconda3/envs/ecophys/lib/python3.12/site-packages/torch/distributed/run.py", line 918, in main
    run(args)
  File "/root/miniconda3/envs/ecophys/lib/python3.12/site-packages/torch/distributed/run.py", line 909, in run
    elastic_launch(
  File "/root/miniconda3/envs/ecophys/lib/python3.12/site-packages/torch/distributed/launcher/api.py", line 138, in __call__
    return launch_agent(self._config, self._entrypoint, list(args))
           ^^^^^^^^^^^^^^^^^^^^^^^^^^^^^^^^^^^^^^^^^^^^^^^^^^^^^^^^
  File "/root/miniconda3/envs/ecophys/lib/python3.12/site-packages/torch/distributed/launcher/api.py", line 269, in launch_agent
    raise ChildFailedError(
torch.distributed.elastic.multiprocessing.errors.ChildFailedError: 
============================================================
ecomd.inference.run_large FAILED
------------------------------------------------------------
Failures:
  <NO_OTHER_FAILURES>
------------------------------------------------------------
Root Cause (first observed failure):
[0]:
  time      : 2026-04-28_19:11:57
  host      : nb-755846ce0e46404ee8-5cfd549bf-wxkpg
  rank      : 0 (local_rank: 0)
  exitcode  : 1 (pid: 251502)
  error_file: <N/A>
  traceback : To enable traceback see: https://pytorch.org/docs/stable/elastic/errors.html
============================================================
  ✗ eval t13_features_all_seed6 exit=1 (card 6)

═ EVAL  t13_features_all_seed8 (card 0) ═ 19:11:57
E0428 19:11:57.614000 250540 site-packages/torch/distributed/elastic/multiprocessing/api.py:869] failed (exitcode: 1) local_rank: 0 (pid: 251172) of binary: /root/miniconda3/envs/ecophys/bin/python3.12
Traceback (most recent call last):
  File "/root/miniconda3/envs/ecophys/bin/torchrun", line 6, in <module>
    sys.exit(main())
             ^^^^^^
  File "/root/miniconda3/envs/ecophys/lib/python3.12/site-packages/torch/distributed/elastic/multiprocessing/errors/__init__.py", line 355, in wrapper
    return f(*args, **kwargs)
           ^^^^^^^^^^^^^^^^^^
  File "/root/miniconda3/envs/ecophys/lib/python3.12/site-packages/torch/distributed/run.py", line 918, in main
    run(args)
  File "/root/miniconda3/envs/ecophys/lib/python3.12/site-packages/torch/distributed/run.py", line 909, in run
    elastic_launch(
  File "/root/miniconda3/envs/ecophys/lib/python3.12/site-packages/torch/distributed/launcher/api.py", line 138, in __call__
    return launch_agent(self._config, self._entrypoint, list(args))
           ^^^^^^^^^^^^^^^^^^^^^^^^^^^^^^^^^^^^^^^^^^^^^^^^^^^^^^^^
  File "/root/miniconda3/envs/ecophys/lib/python3.12/site-packages/torch/distributed/launcher/api.py", line 269, in launch_agent
    raise ChildFailedError(
torch.distributed.elastic.multiprocessing.errors.ChildFailedError: 
============================================================
ecomd.inference.run_large FAILED
------------------------------------------------------------
Failures:
  <NO_OTHER_FAILURES>
------------------------------------------------------------
Root Cause (first observed failure):
[0]:
  time      : 2026-04-28_19:11:57
  host      : nb-755846ce0e46404ee8-5cfd549bf-wxkpg
  rank      : 0 (local_rank: 0)
  exitcode  : 1 (pid: 251172)
  error_file: <N/A>
  traceback : To enable traceback see: https://pytorch.org/docs/stable/elastic/errors.html
============================================================
E0428 19:11:57.733000 250568 site-packages/torch/distributed/elastic/multiprocessing/api.py:869] failed (exitcode: 1) local_rank: 0 (pid: 251303) of binary: /root/miniconda3/envs/ecophys/bin/python3.12
Traceback (most recent call last):
  File "/root/miniconda3/envs/ecophys/bin/torchrun", line 6, in <module>
    sys.exit(main())
             ^^^^^^
  File "/root/miniconda3/envs/ecophys/lib/python3.12/site-packages/torch/distributed/elastic/multiprocessing/errors/__init__.py", line 355, in wrapper
    return f(*args, **kwargs)
           ^^^^^^^^^^^^^^^^^^
  File "/root/miniconda3/envs/ecophys/lib/python3.12/site-packages/torch/distributed/run.py", line 918, in main
    run(args)
  File "/root/miniconda3/envs/ecophys/lib/python3.12/site-packages/torch/distributed/run.py", line 909, in run
    elastic_launch(
  File "/root/miniconda3/envs/ecophys/lib/python3.12/site-packages/torch/distributed/launcher/api.py", line 138, in __call__
    return launch_agent(self._config, self._entrypoint, list(args))
           ^^^^^^^^^^^^^^^^^^^^^^^^^^^^^^^^^^^^^^^^^^^^^^^^^^^^^^^^
  File "/root/miniconda3/envs/ecophys/lib/python3.12/site-packages/torch/distributed/launcher/api.py", line 269, in launch_agent
    raise ChildFailedError(
torch.distributed.elastic.multiprocessing.errors.ChildFailedError: 
============================================================
ecomd.inference.run_large FAILED
------------------------------------------------------------
Failures:
  <NO_OTHER_FAILURES>
------------------------------------------------------------
Root Cause (first observed failure):
[0]:
  time      : 2026-04-28_19:11:57
  host      : nb-755846ce0e46404ee8-5cfd549bf-wxkpg
  rank      : 0 (local_rank: 0)
  exitcode  : 1 (pid: 251303)
  error_file: <N/A>
  traceback : To enable traceback see: https://pytorch.org/docs/stable/elastic/errors.html
============================================================
  ✗ eval t13_features_all_seed2 exit=1 (card 2)

═ EVAL  t13_features_all_seed9 (card 1) ═ 19:11:57
E0428 19:11:57.938000 250565 site-packages/torch/distributed/elastic/multiprocessing/api.py:869] failed (exitcode: 1) local_rank: 0 (pid: 251304) of binary: /root/miniconda3/envs/ecophys/bin/python3.12
Traceback (most recent call last):
  File "/root/miniconda3/envs/ecophys/bin/torchrun", line 6, in <module>
    sys.exit(main())
             ^^^^^^
  File "/root/miniconda3/envs/ecophys/lib/python3.12/site-packages/torch/distributed/elastic/multiprocessing/errors/__init__.py", line 355, in wrapper
    return f(*args, **kwargs)
           ^^^^^^^^^^^^^^^^^^
  File "/root/miniconda3/envs/ecophys/lib/python3.12/site-packages/torch/distributed/run.py", line 918, in main
    run(args)
  File "/root/miniconda3/envs/ecophys/lib/python3.12/site-packages/torch/distributed/run.py", line 909, in run
    elastic_launch(
  File "/root/miniconda3/envs/ecophys/lib/python3.12/site-packages/torch/distributed/launcher/api.py", line 138, in __call__
    return launch_agent(self._config, self._entrypoint, list(args))
           ^^^^^^^^^^^^^^^^^^^^^^^^^^^^^^^^^^^^^^^^^^^^^^^^^^^^^^^^
  File "/root/miniconda3/envs/ecophys/lib/python3.12/site-packages/torch/distributed/launcher/api.py", line 269, in launch_agent
    raise ChildFailedError(
torch.distributed.elastic.multiprocessing.errors.ChildFailedError: 
============================================================
ecomd.inference.run_large FAILED
------------------------------------------------------------
Failures:
  <NO_OTHER_FAILURES>
------------------------------------------------------------
Root Cause (first observed failure):
[0]:
  time      : 2026-04-28_19:11:57
  host      : nb-755846ce0e46404ee8-5cfd549bf-wxkpg
  rank      : 0 (local_rank: 0)
  exitcode  : 1 (pid: 251304)
  error_file: <N/A>
  traceback : To enable traceback see: https://pytorch.org/docs/stable/elastic/errors.html
============================================================
  ✗ eval t13_features_all_seed5 exit=1 (card 5)
E0428 19:11:58.012000 250556 site-packages/torch/distributed/elastic/multiprocessing/api.py:869] failed (exitcode: 1) local_rank: 0 (pid: 251095) of binary: /root/miniconda3/envs/ecophys/bin/python3.12
Traceback (most recent call last):
  File "/root/miniconda3/envs/ecophys/bin/torchrun", line 6, in <module>
    sys.exit(main())
             ^^^^^^
  File "/root/miniconda3/envs/ecophys/lib/python3.12/site-packages/torch/distributed/elastic/multiprocessing/errors/__init__.py", line 355, in wrapper
    return f(*args, **kwargs)
           ^^^^^^^^^^^^^^^^^^
  File "/root/miniconda3/envs/ecophys/lib/python3.12/site-packages/torch/distributed/run.py", line 918, in main
    run(args)
  File "/root/miniconda3/envs/ecophys/lib/python3.12/site-packages/torch/distributed/run.py", line 909, in run
    elastic_launch(
  File "/root/miniconda3/envs/ecophys/lib/python3.12/site-packages/torch/distributed/launcher/api.py", line 138, in __call__
    return launch_agent(self._config, self._entrypoint, list(args))
           ^^^^^^^^^^^^^^^^^^^^^^^^^^^^^^^^^^^^^^^^^^^^^^^^^^^^^^^^
  File "/root/miniconda3/envs/ecophys/lib/python3.12/site-packages/torch/distributed/launcher/api.py", line 269, in launch_agent
    raise ChildFailedError(
torch.distributed.elastic.multiprocessing.errors.ChildFailedError: 
============================================================
ecomd.inference.run_large FAILED
------------------------------------------------------------
Failures:
  <NO_OTHER_FAILURES>
------------------------------------------------------------
Root Cause (first observed failure):
[0]:
  time      : 2026-04-28_19:11:58
  host      : nb-755846ce0e46404ee8-5cfd549bf-wxkpg
  rank      : 0 (local_rank: 0)
  exitcode  : 1 (pid: 251095)
  error_file: <N/A>
  traceback : To enable traceback see: https://pytorch.org/docs/stable/elastic/errors.html
============================================================
E0428 19:11:58.156000 250572 site-packages/torch/distributed/elastic/multiprocessing/api.py:869] failed (exitcode: 1) local_rank: 0 (pid: 251307) of binary: /root/miniconda3/envs/ecophys/bin/python3.12
Traceback (most recent call last):
  File "/root/miniconda3/envs/ecophys/bin/torchrun", line 6, in <module>
    sys.exit(main())
             ^^^^^^
  File "/root/miniconda3/envs/ecophys/lib/python3.12/site-packages/torch/distributed/elastic/multiprocessing/errors/__init__.py", line 355, in wrapper
    return f(*args, **kwargs)
           ^^^^^^^^^^^^^^^^^^
  File "/root/miniconda3/envs/ecophys/lib/python3.12/site-packages/torch/distributed/run.py", line 918, in main
    run(args)
  File "/root/miniconda3/envs/ecophys/lib/python3.12/site-packages/torch/distributed/run.py", line 909, in run
    elastic_launch(
  File "/root/miniconda3/envs/ecophys/lib/python3.12/site-packages/torch/distributed/launcher/api.py", line 138, in __call__
    return launch_agent(self._config, self._entrypoint, list(args))
           ^^^^^^^^^^^^^^^^^^^^^^^^^^^^^^^^^^^^^^^^^^^^^^^^^^^^^^^^
  File "/root/miniconda3/envs/ecophys/lib/python3.12/site-packages/torch/distributed/launcher/api.py", line 269, in launch_agent
    raise ChildFailedError(
torch.distributed.elastic.multiprocessing.errors.ChildFailedError: 
============================================================
ecomd.inference.run_large FAILED
------------------------------------------------------------
Failures:
  <NO_OTHER_FAILURES>
------------------------------------------------------------
Root Cause (first observed failure):
[0]:
  time      : 2026-04-28_19:11:58
  host      : nb-755846ce0e46404ee8-5cfd549bf-wxkpg
  rank      : 0 (local_rank: 0)
  exitcode  : 1 (pid: 251307)
  error_file: <N/A>
  traceback : To enable traceback see: https://pytorch.org/docs/stable/elastic/errors.html
============================================================
  ✗ eval t13_features_all_seed4 exit=1 (card 4)
E0428 19:11:58.224000 250523 site-packages/torch/distributed/elastic/multiprocessing/api.py:869] failed (exitcode: 1) local_rank: 0 (pid: 251499) of binary: /root/miniconda3/envs/ecophys/bin/python3.12
Traceback (most recent call last):
  File "/root/miniconda3/envs/ecophys/bin/torchrun", line 6, in <module>
    sys.exit(main())
             ^^^^^^
  File "/root/miniconda3/envs/ecophys/lib/python3.12/site-packages/torch/distributed/elastic/multiprocessing/errors/__init__.py", line 355, in wrapper
    return f(*args, **kwargs)
           ^^^^^^^^^^^^^^^^^^
  File "/root/miniconda3/envs/ecophys/lib/python3.12/site-packages/torch/distributed/run.py", line 918, in main
    run(args)
  File "/root/miniconda3/envs/ecophys/lib/python3.12/site-packages/torch/distributed/run.py", line 909, in run
    elastic_launch(
  File "/root/miniconda3/envs/ecophys/lib/python3.12/site-packages/torch/distributed/launcher/api.py", line 138, in __call__
    return launch_agent(self._config, self._entrypoint, list(args))
           ^^^^^^^^^^^^^^^^^^^^^^^^^^^^^^^^^^^^^^^^^^^^^^^^^^^^^^^^
  File "/root/miniconda3/envs/ecophys/lib/python3.12/site-packages/torch/distributed/launcher/api.py", line 269, in launch_agent
    raise ChildFailedError(
torch.distributed.elastic.multiprocessing.errors.ChildFailedError: 
============================================================
ecomd.inference.run_large FAILED
------------------------------------------------------------
Failures:
  <NO_OTHER_FAILURES>
------------------------------------------------------------
Root Cause (first observed failure):
[0]:
  time      : 2026-04-28_19:11:58
  host      : nb-755846ce0e46404ee8-5cfd549bf-wxkpg
  rank      : 0 (local_rank: 0)
  exitcode  : 1 (pid: 251499)
  error_file: <N/A>
  traceback : To enable traceback see: https://pytorch.org/docs/stable/elastic/errors.html
============================================================
  ✗ eval t13_features_all_seed3 exit=1 (card 3)
E0428 19:11:58.373000 250506 site-packages/torch/distributed/elastic/multiprocessing/api.py:869] failed (exitcode: 1) local_rank: 0 (pid: 251169) of binary: /root/miniconda3/envs/ecophys/bin/python3.12
Traceback (most recent call last):
  File "/root/miniconda3/envs/ecophys/bin/torchrun", line 6, in <module>
    sys.exit(main())
             ^^^^^^
  File "/root/miniconda3/envs/ecophys/lib/python3.12/site-packages/torch/distributed/elastic/multiprocessing/errors/__init__.py", line 355, in wrapper
    return f(*args, **kwargs)
           ^^^^^^^^^^^^^^^^^^
  File "/root/miniconda3/envs/ecophys/lib/python3.12/site-packages/torch/distributed/run.py", line 918, in main
    run(args)
  File "/root/miniconda3/envs/ecophys/lib/python3.12/site-packages/torch/distributed/run.py", line 909, in run
    elastic_launch(
  File "/root/miniconda3/envs/ecophys/lib/python3.12/site-packages/torch/distributed/launcher/api.py", line 138, in __call__
    return launch_agent(self._config, self._entrypoint, list(args))
           ^^^^^^^^^^^^^^^^^^^^^^^^^^^^^^^^^^^^^^^^^^^^^^^^^^^^^^^^
  File "/root/miniconda3/envs/ecophys/lib/python3.12/site-packages/torch/distributed/launcher/api.py", line 269, in launch_agent
    raise ChildFailedError(
torch.distributed.elastic.multiprocessing.errors.ChildFailedError: 
============================================================
ecomd.inference.run_large FAILED
------------------------------------------------------------
Failures:
  <NO_OTHER_FAILURES>
------------------------------------------------------------
Root Cause (first observed failure):
[0]:
  time      : 2026-04-28_19:11:58
  host      : nb-755846ce0e46404ee8-5cfd549bf-wxkpg
  rank      : 0 (local_rank: 0)
  exitcode  : 1 (pid: 251169)
  error_file: <N/A>
  traceback : To enable traceback see: https://pytorch.org/docs/stable/elastic/errors.html
============================================================
  ✗ eval t13_features_all_seed7 exit=1 (card 7)
  ✗ eval t13_features_all_seed1 exit=1 (card 1)
  ✗ eval t13_features_all_seed0 exit=1 (card 0)
2026-04-28 19:12:01,058 INFO inference_run_large [dist] world_size=1 cuda=True
2026-04-28 19:12:01,543 INFO inference_run_large [dist] world_size=1 cuda=True
2026-04-28 19:12:01,756 INFO inference_run_large loaded checkpoint iter=200 from /AI4S/Users/howardwang/h204/ecophys/experiments/039_arch_tier_1_3_features/results_t13_features_all_seed8/checkpoint.pt
2026-04-28 19:12:01,870 INFO inference_run_large loaded checkpoint iter=200 from /AI4S/Users/howardwang/h204/ecophys/experiments/039_arch_tier_1_3_features/results_t13_features_all_seed9/checkpoint.pt
Traceback (most recent call last):
  File "<frozen runpy>", line 198, in _run_module_as_main
  File "<frozen runpy>", line 88, in _run_code
  File "/AI4S/Users/howardwang/h204/ecophys/ecomd/inference/run_large.py", line 167, in <module>
    main()
  File "/AI4S/Users/howardwang/h204/ecophys/ecomd/inference/run_large.py", line 107, in main
    facts = compute_all(returns, volume=volumes)
            ^^^^^^^^^^^^^^^^^^^^^^^^^^^^^^^^^^^^
  File "/AI4S/Users/howardwang/h204/ecophys/ecomd/eval/stylized_facts.py", line 715, in compute_all
    r = _clean(returns)
        ^^^^^^^^^^^^^^^
  File "/AI4S/Users/howardwang/h204/ecophys/ecomd/eval/stylized_facts.py", line 757, in _clean
    raise ValueError("empty array after NaN removal")
ValueError: empty array after NaN removal
Traceback (most recent call last):
  File "<frozen runpy>", line 198, in _run_module_as_main
  File "<frozen runpy>", line 88, in _run_code
  File "/AI4S/Users/howardwang/h204/ecophys/ecomd/inference/run_large.py", line 167, in <module>
    main()
  File "/AI4S/Users/howardwang/h204/ecophys/ecomd/inference/run_large.py", line 107, in main
    facts = compute_all(returns, volume=volumes)
            ^^^^^^^^^^^^^^^^^^^^^^^^^^^^^^^^^^^^
  File "/AI4S/Users/howardwang/h204/ecophys/ecomd/eval/stylized_facts.py", line 715, in compute_all
    r = _clean(returns)
        ^^^^^^^^^^^^^^^
  File "/AI4S/Users/howardwang/h204/ecophys/ecomd/eval/stylized_facts.py", line 757, in _clean
    raise ValueError("empty array after NaN removal")
ValueError: empty array after NaN removal
E0428 19:12:54.650000 252121 site-packages/torch/distributed/elastic/multiprocessing/api.py:869] failed (exitcode: 1) local_rank: 0 (pid: 252285) of binary: /root/miniconda3/envs/ecophys/bin/python3.12
Traceback (most recent call last):
  File "/root/miniconda3/envs/ecophys/bin/torchrun", line 6, in <module>
    sys.exit(main())
             ^^^^^^
  File "/root/miniconda3/envs/ecophys/lib/python3.12/site-packages/torch/distributed/elastic/multiprocessing/errors/__init__.py", line 355, in wrapper
    return f(*args, **kwargs)
           ^^^^^^^^^^^^^^^^^^
  File "/root/miniconda3/envs/ecophys/lib/python3.12/site-packages/torch/distributed/run.py", line 918, in main
    run(args)
  File "/root/miniconda3/envs/ecophys/lib/python3.12/site-packages/torch/distributed/run.py", line 909, in run
    elastic_launch(
  File "/root/miniconda3/envs/ecophys/lib/python3.12/site-packages/torch/distributed/launcher/api.py", line 138, in __call__
    return launch_agent(self._config, self._entrypoint, list(args))
           ^^^^^^^^^^^^^^^^^^^^^^^^^^^^^^^^^^^^^^^^^^^^^^^^^^^^^^^^
  File "/root/miniconda3/envs/ecophys/lib/python3.12/site-packages/torch/distributed/launcher/api.py", line 269, in launch_agent
    raise ChildFailedError(
torch.distributed.elastic.multiprocessing.errors.ChildFailedError: 
============================================================
ecomd.inference.run_large FAILED
------------------------------------------------------------
Failures:
  <NO_OTHER_FAILURES>
------------------------------------------------------------
Root Cause (first observed failure):
[0]:
  time      : 2026-04-28_19:12:54
  host      : nb-755846ce0e46404ee8-5cfd549bf-wxkpg
  rank      : 0 (local_rank: 0)
  exitcode  : 1 (pid: 252285)
  error_file: <N/A>
  traceback : To enable traceback see: https://pytorch.org/docs/stable/elastic/errors.html
============================================================
E0428 19:12:54.711000 252137 site-packages/torch/distributed/elastic/multiprocessing/api.py:869] failed (exitcode: 1) local_rank: 0 (pid: 252352) of binary: /root/miniconda3/envs/ecophys/bin/python3.12
Traceback (most recent call last):
  File "/root/miniconda3/envs/ecophys/bin/torchrun", line 6, in <module>
    sys.exit(main())
             ^^^^^^
  File "/root/miniconda3/envs/ecophys/lib/python3.12/site-packages/torch/distributed/elastic/multiprocessing/errors/__init__.py", line 355, in wrapper
    return f(*args, **kwargs)
           ^^^^^^^^^^^^^^^^^^
  File "/root/miniconda3/envs/ecophys/lib/python3.12/site-packages/torch/distributed/run.py", line 918, in main
    run(args)
  File "/root/miniconda3/envs/ecophys/lib/python3.12/site-packages/torch/distributed/run.py", line 909, in run
    elastic_launch(
  File "/root/miniconda3/envs/ecophys/lib/python3.12/site-packages/torch/distributed/launcher/api.py", line 138, in __call__
    return launch_agent(self._config, self._entrypoint, list(args))
           ^^^^^^^^^^^^^^^^^^^^^^^^^^^^^^^^^^^^^^^^^^^^^^^^^^^^^^^^
  File "/root/miniconda3/envs/ecophys/lib/python3.12/site-packages/torch/distributed/launcher/api.py", line 269, in launch_agent
    raise ChildFailedError(
torch.distributed.elastic.multiprocessing.errors.ChildFailedError: 
============================================================
ecomd.inference.run_large FAILED
------------------------------------------------------------
Failures:
  <NO_OTHER_FAILURES>
------------------------------------------------------------
Root Cause (first observed failure):
[0]:
  time      : 2026-04-28_19:12:54
  host      : nb-755846ce0e46404ee8-5cfd549bf-wxkpg
  rank      : 0 (local_rank: 0)
  exitcode  : 1 (pid: 252352)
  error_file: <N/A>
  traceback : To enable traceback see: https://pytorch.org/docs/stable/elastic/errors.html
============================================================
  ✗ eval t13_features_all_seed8 exit=1 (card 0)
  ✗ eval t13_features_all_seed9 exit=1 (card 1)

═══ DONE — Tue Apr 28 07:12:54 PM CST 2026 ═══
