═══ PHASE RUN — Wed Apr 29 03:28:20 PM CST 2026 ═══
  CONFIG_DIR=experiments/039_arch_tier_1_3_features NPROC=1 PARALLEL=8 SKIP_DONE=0
  Configs: 10

═ TRAIN t13_features_all_seed0 (card 0) ═ 15:28:20

═ TRAIN t13_features_all_seed1 (card 1) ═ 15:28:20

═ TRAIN t13_features_all_seed2 (card 2) ═ 15:28:20

═ TRAIN t13_features_all_seed3 (card 3) ═ 15:28:20

═ TRAIN t13_features_all_seed4 (card 4) ═ 15:28:20

═ TRAIN t13_features_all_seed5 (card 5) ═ 15:28:20

═ TRAIN t13_features_all_seed6 (card 6) ═ 15:28:20

═ TRAIN t13_features_all_seed7 (card 7) ═ 15:28:20
2026-04-29 15:28:24,524 INFO train_distributed [dist] rank=0 world_size=1 local_rank=0 cuda_available=True
2026-04-29 15:28:24,569 INFO train_distributed loaded 2,841 returns for spx/2015-2026_daily
2026-04-29 15:28:24,577 INFO train_distributed targets: acf_sq=0.342 leverage_sum=-0.790 hill_alpha=2.68
2026-04-29 15:28:25,399 INFO train_distributed [dist] rank=0 world_size=1 local_rank=0 cuda_available=True
2026-04-29 15:28:25,444 INFO train_distributed loaded 2,841 returns for spx/2015-2026_daily
2026-04-29 15:28:25,451 INFO train_distributed targets: acf_sq=0.342 leverage_sum=-0.790 hill_alpha=2.68
2026-04-29 15:28:26,145 INFO train_distributed [dist] rank=0 world_size=1 local_rank=0 cuda_available=True
2026-04-29 15:28:26,190 INFO train_distributed loaded 2,841 returns for spx/2015-2026_daily
2026-04-29 15:28:26,198 INFO train_distributed targets: acf_sq=0.342 leverage_sum=-0.790 hill_alpha=2.68
2026-04-29 15:28:26,485 INFO train_distributed [dist] rank=0 world_size=1 local_rank=0 cuda_available=True
2026-04-29 15:28:26,532 INFO train_distributed loaded 2,841 returns for spx/2015-2026_daily
2026-04-29 15:28:26,539 INFO train_distributed targets: acf_sq=0.342 leverage_sum=-0.790 hill_alpha=2.68
2026-04-29 15:28:26,830 INFO train_distributed [dist] rank=0 world_size=1 local_rank=0 cuda_available=True
2026-04-29 15:28:26,875 INFO train_distributed loaded 2,841 returns for spx/2015-2026_daily
2026-04-29 15:28:26,882 INFO train_distributed targets: acf_sq=0.342 leverage_sum=-0.790 hill_alpha=2.68
2026-04-29 15:28:27,321 INFO train_distributed [dist] rank=0 world_size=1 local_rank=0 cuda_available=True
2026-04-29 15:28:27,366 INFO train_distributed loaded 2,841 returns for spx/2015-2026_daily
2026-04-29 15:28:27,374 INFO train_distributed targets: acf_sq=0.342 leverage_sum=-0.790 hill_alpha=2.68
2026-04-29 15:28:27,568 INFO train_distributed [dist] rank=0 world_size=1 local_rank=0 cuda_available=True
2026-04-29 15:28:27,613 INFO train_distributed loaded 2,841 returns for spx/2015-2026_daily
2026-04-29 15:28:27,620 INFO train_distributed targets: acf_sq=0.342 leverage_sum=-0.790 hill_alpha=2.68
2026-04-29 15:28:28,024 INFO train_distributed [dist] rank=0 world_size=1 local_rank=0 cuda_available=True
2026-04-29 15:28:28,070 INFO train_distributed loaded 2,841 returns for spx/2015-2026_daily
2026-04-29 15:28:28,081 INFO train_distributed targets: acf_sq=0.342 leverage_sum=-0.790 hill_alpha=2.68
2026-04-29 15:28:28,721 INFO train_distributed EcoMDSimulator built: 31976 parameters (device=cuda:0)
2026-04-29 15:28:28,751 INFO train_distributed EcoMDSimulator built: 31976 parameters (device=cuda:0)
2026-04-29 15:28:28,753 INFO train_distributed EcoMDSimulator built: 31976 parameters (device=cuda:0)
2026-04-29 15:28:28,776 INFO train_distributed EcoMDSimulator built: 31976 parameters (device=cuda:0)
2026-04-29 15:28:28,776 INFO train_distributed EcoMDSimulator built: 31976 parameters (device=cuda:0)
2026-04-29 15:28:28,792 INFO train_distributed EcoMDSimulator built: 31976 parameters (device=cuda:0)
2026-04-29 15:28:28,803 INFO train_distributed EcoMDSimulator built: 31976 parameters (device=cuda:0)
2026-04-29 15:28:28,907 INFO train_distributed EcoMDSimulator built: 31976 parameters (device=cuda:0)
2026-04-29 15:28:32,455 INFO train_distributed it=   0 lr=1.00e-04 loss_world=18.4004 |∇|=1.47e+03 γ=1.000 T=0.0500
2026-04-29 15:28:32,463 INFO train_distributed it=   0 lr=1.00e-04 loss_world=2.7781 |∇|=2.48e+01 γ=1.000 T=0.0500
2026-04-29 15:28:32,476 INFO train_distributed it=   0 lr=1.00e-04 loss_world=2.6705 |∇|=5.86e+01 γ=1.000 T=0.0500
2026-04-29 15:28:32,531 INFO train_distributed it=   0 lr=1.00e-04 loss_world=1.9397 |∇|=3.32e+01 γ=1.000 T=0.0500
2026-04-29 15:28:32,532 INFO train_distributed it=   0 lr=1.00e-04 loss_world=19.2985 |∇|=8.23e+02 γ=1.000 T=0.0500
2026-04-29 15:28:32,549 INFO train_distributed it=   0 lr=1.00e-04 loss_world=2.5760 |∇|=1.50e+02 γ=1.000 T=0.0500
2026-04-29 15:28:32,569 INFO train_distributed it=   0 lr=1.00e-04 loss_world=4.5071 |∇|=2.51e+02 γ=1.000 T=0.0500
2026-04-29 15:28:32,618 INFO train_distributed it=   0 lr=1.00e-04 loss_world=2.3246 |∇|=5.39e+01 γ=1.000 T=0.0500
2026-04-29 15:28:54,599 INFO train_distributed it=   9 lr=1.00e-03 loss_world=0.7554 |∇|=9.43e+00 γ=1.000 T=0.0501
2026-04-29 15:28:54,613 INFO train_distributed it=   9 lr=1.00e-03 loss_world=1.3693 |∇|=2.32e+01 γ=0.999 T=0.0502
2026-04-29 15:28:54,613 INFO train_distributed it=   9 lr=1.00e-03 loss_world=1.5340 |∇|=1.36e+01 γ=0.998 T=0.0501
2026-04-29 15:28:54,657 INFO train_distributed it=   9 lr=1.00e-03 loss_world=9.7146 |∇|=3.45e+02 γ=1.003 T=0.0501
2026-04-29 15:28:54,674 INFO train_distributed it=   9 lr=1.00e-03 loss_world=5.0875 |∇|=1.22e+04 γ=1.000 T=0.0500
2026-04-29 15:28:54,689 INFO train_distributed it=   9 lr=1.00e-03 loss_world=0.5870 |∇|=5.16e+01 γ=1.002 T=0.0501
2026-04-29 15:28:54,695 INFO train_distributed it=   9 lr=1.00e-03 loss_world=2.4104 |∇|=9.80e+01 γ=0.998 T=0.0502
2026-04-29 15:28:54,745 INFO train_distributed it=   9 lr=1.00e-03 loss_world=1.7530 |∇|=6.16e+01 γ=0.998 T=0.0502
2026-04-29 15:29:19,185 INFO train_distributed it=  19 lr=9.95e-04 loss_world=1.1228 |∇|=4.82e+01 γ=1.000 T=0.0502
2026-04-29 15:29:19,208 INFO train_distributed it=  19 lr=9.95e-04 loss_world=0.6550 |∇|=2.50e+01 γ=0.994 T=0.0503
2026-04-29 15:29:19,213 INFO train_distributed it=  19 lr=9.95e-04 loss_world=0.9213 |∇|=1.69e+01 γ=0.999 T=0.0506
2026-04-29 15:29:19,235 INFO train_distributed it=  19 lr=9.95e-04 loss_world=4.0108 |∇|=9.83e+02 γ=1.004 T=0.0503
2026-04-29 15:29:19,257 INFO train_distributed it=  19 lr=9.95e-04 loss_world=1.0869 |∇|=2.42e+01 γ=1.003 T=0.0502
2026-04-29 15:29:19,270 INFO train_distributed it=  19 lr=9.95e-04 loss_world=0.9106 |∇|=1.75e+01 γ=0.997 T=0.0502
2026-04-29 15:29:19,288 INFO train_distributed it=  19 lr=9.95e-04 loss_world=2.5009 |∇|=7.94e+01 γ=1.000 T=0.0505
2026-04-29 15:29:19,336 INFO train_distributed it=  19 lr=9.95e-04 loss_world=5.7207 |∇|=4.21e+02 γ=0.999 T=0.0505
2026-04-29 15:29:43,775 INFO train_distributed it=  29 lr=9.78e-04 loss_world=0.9367 |∇|=5.52e+01 γ=1.002 T=0.0502
2026-04-29 15:29:43,805 INFO train_distributed it=  29 lr=9.78e-04 loss_world=1.0760 |∇|=3.12e+01 γ=1.000 T=0.0507
2026-04-29 15:29:43,806 INFO train_distributed it=  29 lr=9.78e-04 loss_world=0.8692 |∇|=8.63e+01 γ=0.995 T=0.0504
2026-04-29 15:29:43,814 INFO train_distributed it=  29 lr=9.78e-04 loss_world=8.1787 |∇|=5.45e+03 γ=1.005 T=0.0504
2026-04-29 15:29:43,816 INFO train_distributed it=  29 lr=9.78e-04 loss_world=0.8675 |∇|=5.99e+01 γ=1.004 T=0.0503
2026-04-29 15:29:43,867 INFO train_distributed it=  29 lr=9.78e-04 loss_world=2.4647 |∇|=8.39e+02 γ=1.002 T=0.0507
2026-04-29 15:29:43,873 INFO train_distributed it=  29 lr=9.78e-04 loss_world=0.6662 |∇|=2.01e+01 γ=0.998 T=0.0503
2026-04-29 15:29:43,924 INFO train_distributed it=  29 lr=9.78e-04 loss_world=1.8374 |∇|=1.44e+02 γ=1.006 T=0.0507
2026-04-29 15:30:08,360 INFO train_distributed it=  39 lr=9.49e-04 loss_world=0.7744 |∇|=2.06e+01 γ=1.002 T=0.0500
2026-04-29 15:30:08,395 INFO train_distributed it=  39 lr=9.49e-04 loss_world=1.8005 |∇|=3.62e+02 γ=1.005 T=0.0506
2026-04-29 15:30:08,401 INFO train_distributed it=  39 lr=9.49e-04 loss_world=0.9286 |∇|=2.94e+01 γ=1.004 T=0.0504
2026-04-29 15:30:08,404 INFO train_distributed it=  39 lr=9.49e-04 loss_world=1.1320 |∇|=8.28e+03 γ=1.000 T=0.0508
2026-04-29 15:30:08,413 INFO train_distributed it=  39 lr=9.49e-04 loss_world=0.9055 |∇|=1.53e+01 γ=0.993 T=0.0504
2026-04-29 15:30:08,464 INFO train_distributed it=  39 lr=9.49e-04 loss_world=1.1551 |∇|=3.85e+01 γ=0.999 T=0.0510
2026-04-29 15:30:08,479 INFO train_distributed it=  39 lr=9.49e-04 loss_world=0.9585 |∇|=7.80e+00 γ=1.000 T=0.0503
2026-04-29 15:30:08,516 INFO train_distributed it=  39 lr=9.49e-04 loss_world=0.5986 |∇|=1.45e+01 γ=1.008 T=0.0509
2026-04-29 15:30:32,947 INFO train_distributed it=  49 lr=9.10e-04 loss_world=1.1101 |∇|=2.67e+01 γ=1.003 T=0.0500
2026-04-29 15:30:32,967 INFO train_distributed it=  49 lr=9.10e-04 loss_world=0.8649 |∇|=1.41e+01 γ=1.003 T=0.0506
2026-04-29 15:30:32,969 INFO train_distributed it=  49 lr=9.10e-04 loss_world=0.8670 |∇|=1.81e+01 γ=1.003 T=0.0508
2026-04-29 15:30:32,998 INFO train_distributed it=  49 lr=9.10e-04 loss_world=1.0524 |∇|=4.44e+01 γ=1.006 T=0.0508
2026-04-29 15:30:33,014 INFO train_distributed it=  49 lr=9.10e-04 loss_world=1.1773 |∇|=3.82e+01 γ=0.994 T=0.0504
2026-04-29 15:30:33,048 INFO train_distributed it=  49 lr=9.10e-04 loss_world=1.3577 |∇|=8.05e+01 γ=0.997 T=0.0511
2026-04-29 15:30:33,074 INFO train_distributed it=  49 lr=9.10e-04 loss_world=0.7347 |∇|=1.74e+01 γ=1.000 T=0.0504
2026-04-29 15:30:33,100 INFO train_distributed it=  49 lr=9.10e-04 loss_world=2.1747 |∇|=1.73e+02 γ=1.006 T=0.0511
2026-04-29 15:30:57,539 INFO train_distributed it=  59 lr=8.60e-04 loss_world=0.9198 |∇|=6.00e+01 γ=1.002 T=0.0499
2026-04-29 15:30:57,543 INFO train_distributed it=  59 lr=8.60e-04 loss_world=0.6437 |∇|=3.23e+01 γ=0.998 T=0.0507
2026-04-29 15:30:57,551 INFO train_distributed it=  59 lr=8.60e-04 loss_world=1.0212 |∇|=8.22e+00 γ=1.002 T=0.0509
2026-04-29 15:30:57,591 INFO train_distributed it=  59 lr=8.60e-04 loss_world=1.0223 |∇|=1.14e+02 γ=1.010 T=0.0508
2026-04-29 15:30:57,608 INFO train_distributed it=  59 lr=8.60e-04 loss_world=1.1940 |∇|=1.12e+01 γ=0.994 T=0.0505
2026-04-29 15:30:57,643 INFO train_distributed it=  59 lr=8.60e-04 loss_world=1.1925 |∇|=4.76e+01 γ=0.998 T=0.0512
2026-04-29 15:30:57,676 INFO train_distributed it=  59 lr=8.60e-04 loss_world=0.5576 |∇|=1.68e+01 γ=0.999 T=0.0505
2026-04-29 15:30:57,684 INFO train_distributed it=  59 lr=8.60e-04 loss_world=1.0312 |∇|=1.67e+02 γ=1.002 T=0.0514
2026-04-29 15:31:22,113 INFO train_distributed it=  69 lr=8.02e-04 loss_world=0.7481 |∇|=3.13e+01 γ=1.000 T=0.0506
2026-04-29 15:31:22,127 INFO train_distributed it=  69 lr=8.02e-04 loss_world=0.9329 |∇|=3.51e+01 γ=1.001 T=0.0509
2026-04-29 15:31:22,127 INFO train_distributed it=  69 lr=8.02e-04 loss_world=0.9437 |∇|=1.54e+01 γ=1.000 T=0.0499
2026-04-29 15:31:22,198 INFO train_distributed it=  69 lr=8.02e-04 loss_world=0.8721 |∇|=1.10e+02 γ=1.012 T=0.0506
2026-04-29 15:31:22,212 INFO train_distributed it=  69 lr=8.02e-04 loss_world=0.9756 |∇|=5.10e+00 γ=0.995 T=0.0505
2026-04-29 15:31:22,232 INFO train_distributed it=  69 lr=8.02e-04 loss_world=1.1980 |∇|=1.74e+02 γ=1.001 T=0.0512
2026-04-29 15:31:22,268 INFO train_distributed it=  69 lr=8.02e-04 loss_world=0.9310 |∇|=2.11e+01 γ=0.999 T=0.0516
2026-04-29 15:31:22,281 INFO train_distributed it=  69 lr=8.02e-04 loss_world=1.0298 |∇|=2.39e+01 γ=0.996 T=0.0506
2026-04-29 15:31:46,674 INFO train_distributed it=  79 lr=7.38e-04 loss_world=0.8015 |∇|=4.43e+01 γ=1.002 T=0.0506
2026-04-29 15:31:46,703 INFO train_distributed it=  79 lr=7.38e-04 loss_world=1.0747 |∇|=1.40e+01 γ=1.001 T=0.0509
2026-04-29 15:31:46,718 INFO train_distributed it=  79 lr=7.38e-04 loss_world=1.0628 |∇|=4.43e+01 γ=0.999 T=0.0500
2026-04-29 15:31:46,808 INFO train_distributed it=  79 lr=7.38e-04 loss_world=1.0986 |∇|=9.15e+00 γ=0.995 T=0.0505
2026-04-29 15:31:46,811 INFO train_distributed it=  79 lr=7.38e-04 loss_world=0.8548 |∇|=1.29e+02 γ=1.011 T=0.0504
2026-04-29 15:31:46,818 INFO train_distributed it=  79 lr=7.38e-04 loss_world=2.7259 |∇|=7.03e+01 γ=1.002 T=0.0512
2026-04-29 15:31:46,855 INFO train_distributed it=  79 lr=7.38e-04 loss_world=0.9552 |∇|=2.53e+01 γ=0.997 T=0.0516
2026-04-29 15:31:46,902 INFO train_distributed it=  79 lr=7.38e-04 loss_world=1.3702 |∇|=1.01e+02 γ=0.997 T=0.0507
2026-04-29 15:32:11,237 INFO train_distributed it=  89 lr=6.68e-04 loss_world=1.1289 |∇|=7.32e+00 γ=1.001 T=0.0506
2026-04-29 15:32:11,289 INFO train_distributed it=  89 lr=6.68e-04 loss_world=0.8597 |∇|=3.19e+01 γ=1.000 T=0.0510
2026-04-29 15:32:11,304 INFO train_distributed it=  89 lr=6.68e-04 loss_world=1.0062 |∇|=3.77e+01 γ=0.998 T=0.0499
2026-04-29 15:32:11,405 INFO train_distributed it=  89 lr=6.68e-04 loss_world=1.1297 |∇|=2.11e+01 γ=0.995 T=0.0505
2026-04-29 15:32:11,407 INFO train_distributed it=  89 lr=6.68e-04 loss_world=1.1175 |∇|=4.89e+01 γ=1.000 T=0.0512
2026-04-29 15:32:11,429 INFO train_distributed it=  89 lr=6.68e-04 loss_world=0.8820 |∇|=2.58e+01 γ=1.011 T=0.0504
2026-04-29 15:32:11,447 INFO train_distributed it=  89 lr=6.68e-04 loss_world=0.8777 |∇|=1.52e+01 γ=0.996 T=0.0516
2026-04-29 15:32:11,517 INFO train_distributed it=  89 lr=6.68e-04 loss_world=0.8164 |∇|=5.29e+04 γ=0.992 T=0.0508
2026-04-29 15:32:35,809 INFO train_distributed it=  99 lr=5.95e-04 loss_world=1.0777 |∇|=1.27e+02 γ=1.001 T=0.0505
2026-04-29 15:32:35,871 INFO train_distributed it=  99 lr=5.95e-04 loss_world=0.7210 |∇|=1.75e+01 γ=0.999 T=0.0510
2026-04-29 15:32:35,897 INFO train_distributed it=  99 lr=5.95e-04 loss_world=0.8739 |∇|=5.78e+01 γ=0.998 T=0.0499
2026-04-29 15:32:36,001 INFO train_distributed it=  99 lr=5.95e-04 loss_world=1.1382 |∇|=2.02e+01 γ=0.999 T=0.0513
2026-04-29 15:32:36,004 INFO train_distributed it=  99 lr=5.95e-04 loss_world=0.9059 |∇|=2.52e+01 γ=0.995 T=0.0505
2026-04-29 15:32:36,031 INFO train_distributed it=  99 lr=5.95e-04 loss_world=2.4662 |∇|=1.96e+03 γ=0.993 T=0.0516
2026-04-29 15:32:36,040 INFO train_distributed it=  99 lr=5.95e-04 loss_world=0.6395 |∇|=2.79e+01 γ=1.011 T=0.0503
2026-04-29 15:32:36,141 INFO train_distributed it=  99 lr=5.95e-04 loss_world=0.9432 |∇|=1.14e+05 γ=0.990 T=0.0508
2026-04-29 15:33:00,391 INFO train_distributed it= 109 lr=5.20e-04 loss_world=1.3797 |∇|=1.03e+02 γ=0.998 T=0.0504
2026-04-29 15:33:00,464 INFO train_distributed it= 109 lr=5.20e-04 loss_world=0.7084 |∇|=7.97e+00 γ=0.998 T=0.0510
2026-04-29 15:33:00,486 INFO train_distributed it= 109 lr=5.20e-04 loss_world=0.7184 |∇|=4.10e+01 γ=0.997 T=0.0499
2026-04-29 15:33:00,600 INFO train_distributed it= 109 lr=5.20e-04 loss_world=0.9466 |∇|=9.94e+01 γ=0.999 T=0.0513
2026-04-29 15:33:00,603 INFO train_distributed it= 109 lr=5.20e-04 loss_world=1.4941 |∇|=3.04e+01 γ=0.996 T=0.0505
2026-04-29 15:33:00,612 INFO train_distributed it= 109 lr=5.20e-04 loss_world=1.0978 |∇|=3.22e+02 γ=0.994 T=0.0516
2026-04-29 15:33:00,661 INFO train_distributed it= 109 lr=5.20e-04 loss_world=0.8697 |∇|=6.22e+01 γ=1.013 T=0.0503
2026-04-29 15:33:00,766 INFO train_distributed it= 109 lr=5.20e-04 loss_world=1.1306 |∇|=1.21e+06 γ=0.990 T=0.0508
2026-04-29 15:33:24,971 INFO train_distributed it= 119 lr=4.47e-04 loss_world=1.0523 |∇|=2.38e+01 γ=0.994 T=0.0503
2026-04-29 15:33:25,053 INFO train_distributed it= 119 lr=4.47e-04 loss_world=0.9155 |∇|=8.54e+00 γ=0.998 T=0.0510
2026-04-29 15:33:25,075 INFO train_distributed it= 119 lr=4.47e-04 loss_world=1.1067 |∇|=1.17e+01 γ=0.996 T=0.0497
2026-04-29 15:33:25,196 INFO train_distributed it= 119 lr=4.47e-04 loss_world=1.4052 |∇|=7.53e+02 γ=0.994 T=0.0516
2026-04-29 15:33:25,203 INFO train_distributed it= 119 lr=4.47e-04 loss_world=1.0050 |∇|=5.97e+00 γ=0.999 T=0.0513
2026-04-29 15:33:25,204 INFO train_distributed it= 119 lr=4.47e-04 loss_world=0.9439 |∇|=1.05e+01 γ=0.994 T=0.0506
2026-04-29 15:33:25,287 INFO train_distributed it= 119 lr=4.47e-04 loss_world=1.0628 |∇|=1.34e+02 γ=1.013 T=0.0503
2026-04-29 15:33:25,391 INFO train_distributed it= 119 lr=4.47e-04 loss_world=1.0574 |∇|=5.23e+06 γ=0.990 T=0.0508
2026-04-29 15:33:49,543 INFO train_distributed it= 129 lr=3.76e-04 loss_world=1.0881 |∇|=7.20e+01 γ=0.991 T=0.0503
2026-04-29 15:33:49,640 INFO train_distributed it= 129 lr=3.76e-04 loss_world=0.9043 |∇|=6.09e+01 γ=0.998 T=0.0510
2026-04-29 15:33:49,677 INFO train_distributed it= 129 lr=3.76e-04 loss_world=1.2086 |∇|=2.69e+02 γ=0.996 T=0.0496
2026-04-29 15:33:49,788 INFO train_distributed it= 129 lr=3.76e-04 loss_world=0.9921 |∇|=5.19e+01 γ=0.994 T=0.0515
2026-04-29 15:33:49,798 INFO train_distributed it= 129 lr=3.76e-04 loss_world=0.9985 |∇|=5.69e+00 γ=0.999 T=0.0513
2026-04-29 15:33:49,805 INFO train_distributed it= 129 lr=3.76e-04 loss_world=0.8531 |∇|=9.91e+02 γ=0.991 T=0.0506
2026-04-29 15:33:49,910 INFO train_distributed it= 129 lr=3.76e-04 loss_world=0.7080 |∇|=1.31e+01 γ=1.013 T=0.0503
2026-04-29 15:33:50,019 INFO train_distributed it= 129 lr=3.76e-04 loss_world=0.8022 |∇|=5.87e+05 γ=0.989 T=0.0508
2026-04-29 15:34:14,117 INFO train_distributed it= 139 lr=3.10e-04 loss_world=1.1348 |∇|=3.77e+01 γ=0.990 T=0.0503
2026-04-29 15:34:14,231 INFO train_distributed it= 139 lr=3.10e-04 loss_world=1.0917 |∇|=1.01e+01 γ=0.999 T=0.0510
2026-04-29 15:34:14,273 INFO train_distributed it= 139 lr=3.10e-04 loss_world=0.6975 |∇|=2.24e+01 γ=0.996 T=0.0496
2026-04-29 15:34:14,378 INFO train_distributed it= 139 lr=3.10e-04 loss_world=0.8216 |∇|=3.19e+01 γ=0.995 T=0.0515
2026-04-29 15:34:14,392 INFO train_distributed it= 139 lr=3.10e-04 loss_world=1.1229 |∇|=4.66e+00 γ=0.999 T=0.0513
2026-04-29 15:34:14,408 INFO train_distributed it= 139 lr=3.10e-04 loss_world=0.8419 |∇|=9.99e+03 γ=0.991 T=0.0505
2026-04-29 15:34:14,532 INFO train_distributed it= 139 lr=3.10e-04 loss_world=0.8416 |∇|=1.60e+01 γ=1.013 T=0.0503
2026-04-29 15:34:14,642 INFO train_distributed it= 139 lr=3.10e-04 loss_world=0.6428 |∇|=4.29e+06 γ=0.988 T=0.0508
2026-04-29 15:34:38,692 INFO train_distributed it= 149 lr=2.51e-04 loss_world=1.2068 |∇|=1.17e+01 γ=0.989 T=0.0503
2026-04-29 15:34:38,813 INFO train_distributed it= 149 lr=2.51e-04 loss_world=1.3913 |∇|=3.23e+02 γ=0.998 T=0.0510
2026-04-29 15:34:38,878 INFO train_distributed it= 149 lr=2.51e-04 loss_world=0.5961 |∇|=4.19e+01 γ=0.996 T=0.0495
2026-04-29 15:34:38,970 INFO train_distributed it= 149 lr=2.51e-04 loss_world=0.6376 |∇|=5.42e+00 γ=0.995 T=0.0515
2026-04-29 15:34:39,001 INFO train_distributed it= 149 lr=2.51e-04 loss_world=0.9763 |∇|=1.14e+01 γ=0.999 T=0.0513
2026-04-29 15:34:39,014 INFO train_distributed it= 149 lr=2.51e-04 loss_world=1.3068 |∇|=1.06e+04 γ=0.991 T=0.0505
2026-04-29 15:34:39,168 INFO train_distributed it= 149 lr=2.51e-04 loss_world=1.0947 |∇|=2.53e+01 γ=1.013 T=0.0504
2026-04-29 15:34:39,262 INFO train_distributed it= 149 lr=2.51e-04 loss_world=0.7846 |∇|=3.20e+06 γ=0.988 T=0.0508
2026-04-29 15:35:03,265 INFO train_distributed it= 159 lr=2.00e-04 loss_world=0.9655 |∇|=4.89e+02 γ=0.988 T=0.0503
2026-04-29 15:35:03,406 INFO train_distributed it= 159 lr=2.00e-04 loss_world=1.1277 |∇|=2.72e+01 γ=0.997 T=0.0510
2026-04-29 15:35:03,488 INFO train_distributed it= 159 lr=2.00e-04 loss_world=1.1550 |∇|=1.84e+01 γ=0.996 T=0.0495
2026-04-29 15:35:03,561 INFO train_distributed it= 159 lr=2.00e-04 loss_world=0.6908 |∇|=1.57e+01 γ=0.995 T=0.0515
2026-04-29 15:35:03,605 INFO train_distributed it= 159 lr=2.00e-04 loss_world=0.9121 |∇|=6.50e+01 γ=0.999 T=0.0513
2026-04-29 15:35:03,622 INFO train_distributed it= 159 lr=2.00e-04 loss_world=1.2353 |∇|=2.78e+03 γ=0.991 T=0.0505
2026-04-29 15:35:03,801 INFO train_distributed it= 159 lr=2.00e-04 loss_world=1.3222 |∇|=3.21e+01 γ=1.013 T=0.0504
2026-04-29 15:35:03,863 INFO train_distributed it= 159 lr=2.00e-04 loss_world=1.0436 |∇|=9.96e+07 γ=0.988 T=0.0508
2026-04-29 15:35:27,835 INFO train_distributed it= 169 lr=1.58e-04 loss_world=0.9894 |∇|=2.65e+03 γ=0.987 T=0.0503
2026-04-29 15:35:28,010 INFO train_distributed it= 169 lr=1.58e-04 loss_world=0.6970 |∇|=2.09e+01 γ=0.996 T=0.0510
2026-04-29 15:35:28,100 INFO train_distributed it= 169 lr=1.58e-04 loss_world=1.0623 |∇|=2.17e+01 γ=0.996 T=0.0495
2026-04-29 15:35:28,152 INFO train_distributed it= 169 lr=1.58e-04 loss_world=0.9264 |∇|=1.43e+01 γ=0.995 T=0.0515
2026-04-29 15:35:28,208 INFO train_distributed it= 169 lr=1.58e-04 loss_world=1.0772 |∇|=6.91e+00 γ=0.999 T=0.0513
2026-04-29 15:35:28,226 INFO train_distributed it= 169 lr=1.58e-04 loss_world=0.9425 |∇|=5.55e+03 γ=0.992 T=0.0505
2026-04-29 15:35:28,444 INFO train_distributed it= 169 lr=1.58e-04 loss_world=1.1025 |∇|=1.30e+01 γ=1.014 T=0.0504
2026-04-29 15:35:28,460 INFO train_distributed it= 169 lr=1.58e-04 loss_world=0.8399 |∇|=5.43e+06 γ=0.988 T=0.0508
2026-04-29 15:35:52,406 INFO train_distributed it= 179 lr=1.27e-04 loss_world=1.4399 |∇|=1.14e+03 γ=0.987 T=0.0503
2026-04-29 15:35:52,628 INFO train_distributed it= 179 lr=1.27e-04 loss_world=0.8934 |∇|=2.67e+01 γ=0.996 T=0.0510
2026-04-29 15:35:52,711 INFO train_distributed it= 179 lr=1.27e-04 loss_world=0.8246 |∇|=8.71e+00 γ=0.996 T=0.0495
2026-04-29 15:35:52,741 INFO train_distributed it= 179 lr=1.27e-04 loss_world=1.0335 |∇|=1.73e+01 γ=0.995 T=0.0515
2026-04-29 15:35:52,802 INFO train_distributed it= 179 lr=1.27e-04 loss_world=1.2518 |∇|=2.06e+02 γ=0.998 T=0.0513
2026-04-29 15:35:52,832 INFO train_distributed it= 179 lr=1.27e-04 loss_world=0.8152 |∇|=7.79e+03 γ=0.991 T=0.0505
2026-04-29 15:35:53,065 INFO train_distributed it= 179 lr=1.27e-04 loss_world=1.1475 |∇|=7.40e+06 γ=0.988 T=0.0508
2026-04-29 15:35:53,084 INFO train_distributed it= 179 lr=1.27e-04 loss_world=1.2066 |∇|=1.06e+01 γ=1.014 T=0.0504
2026-04-29 15:36:16,989 INFO train_distributed it= 189 lr=1.07e-04 loss_world=0.8712 |∇|=7.44e+02 γ=0.987 T=0.0503
2026-04-29 15:36:17,221 INFO train_distributed it= 189 lr=1.07e-04 loss_world=0.8003 |∇|=1.24e+01 γ=0.996 T=0.0510
2026-04-29 15:36:17,325 INFO train_distributed it= 189 lr=1.07e-04 loss_world=1.0136 |∇|=2.00e+01 γ=0.995 T=0.0495
2026-04-29 15:36:17,335 INFO train_distributed it= 189 lr=1.07e-04 loss_world=0.9236 |∇|=4.61e+01 γ=0.995 T=0.0515
2026-04-29 15:36:17,413 INFO train_distributed it= 189 lr=1.07e-04 loss_world=1.0781 |∇|=5.47e+00 γ=0.998 T=0.0513
2026-04-29 15:36:17,462 INFO train_distributed it= 189 lr=1.07e-04 loss_world=1.0704 |∇|=2.05e+03 γ=0.992 T=0.0505
2026-04-29 15:36:17,664 INFO train_distributed it= 189 lr=1.07e-04 loss_world=1.0104 |∇|=3.30e+06 γ=0.988 T=0.0509
2026-04-29 15:36:17,735 INFO train_distributed it= 189 lr=1.07e-04 loss_world=0.9337 |∇|=3.13e+01 γ=1.014 T=0.0504
2026-04-29 15:36:41,560 INFO train_distributed it= 199 lr=1.00e-04 loss_world=0.6864 |∇|=3.16e+03 γ=0.987 T=0.0503
2026-04-29 15:36:41,565 INFO train_distributed training finished in 492.8s (200 iters, world_size=1)
2026-04-29 15:36:41,565 INFO train_distributed [rank 0] peak HBM: alloc=9.08 GB, reserved=9.86 GB
2026-04-29 15:36:41,568 INFO train_distributed [rank 0] wrote experiments/039_arch_tier_1_3_features/results_t13_features_all_seed6/training_log.json
2026-04-29 15:36:41,815 INFO train_distributed it= 199 lr=1.00e-04 loss_world=1.1857 |∇|=1.59e+01 γ=0.996 T=0.0510
2026-04-29 15:36:41,820 INFO train_distributed training finished in 493.0s (200 iters, world_size=1)
2026-04-29 15:36:41,820 INFO train_distributed [rank 0] peak HBM: alloc=9.08 GB, reserved=9.86 GB
2026-04-29 15:36:41,823 INFO train_distributed [rank 0] wrote experiments/039_arch_tier_1_3_features/results_t13_features_all_seed0/training_log.json
2026-04-29 15:36:41,922 INFO train_distributed it= 199 lr=1.00e-04 loss_world=0.8214 |∇|=1.43e+01 γ=0.995 T=0.0515
2026-04-29 15:36:41,927 INFO train_distributed training finished in 493.0s (200 iters, world_size=1)
2026-04-29 15:36:41,927 INFO train_distributed [rank 0] peak HBM: alloc=9.08 GB, reserved=9.86 GB
2026-04-29 15:36:41,930 INFO train_distributed [rank 0] wrote experiments/039_arch_tier_1_3_features/results_t13_features_all_seed7/training_log.json
2026-04-29 15:36:41,937 INFO train_distributed it= 199 lr=1.00e-04 loss_world=0.9061 |∇|=6.71e+01 γ=0.995 T=0.0495
2026-04-29 15:36:41,943 INFO train_distributed training finished in 493.2s (200 iters, world_size=1)
2026-04-29 15:36:41,943 INFO train_distributed [rank 0] peak HBM: alloc=9.08 GB, reserved=9.86 GB
2026-04-29 15:36:41,946 INFO train_distributed [rank 0] wrote experiments/039_arch_tier_1_3_features/results_t13_features_all_seed4/training_log.json
2026-04-29 15:36:42,033 INFO train_distributed it= 199 lr=1.00e-04 loss_world=1.0338 |∇|=1.26e+01 γ=0.998 T=0.0513
2026-04-29 15:36:42,038 INFO train_distributed training finished in 493.2s (200 iters, world_size=1)
2026-04-29 15:36:42,038 INFO train_distributed [rank 0] peak HBM: alloc=9.08 GB, reserved=9.86 GB
2026-04-29 15:36:42,041 INFO train_distributed [rank 0] wrote experiments/039_arch_tier_1_3_features/results_t13_features_all_seed3/training_log.json
2026-04-29 15:36:42,080 INFO train_distributed it= 199 lr=1.00e-04 loss_world=0.6331 |∇|=4.82e+03 γ=0.992 T=0.0505
2026-04-29 15:36:42,085 INFO train_distributed training finished in 493.3s (200 iters, world_size=1)
2026-04-29 15:36:42,085 INFO train_distributed [rank 0] peak HBM: alloc=9.08 GB, reserved=9.86 GB
2026-04-29 15:36:42,088 INFO train_distributed [rank 0] wrote experiments/039_arch_tier_1_3_features/results_t13_features_all_seed1/training_log.json
2026-04-29 15:36:42,266 INFO train_distributed it= 199 lr=1.00e-04 loss_world=0.6081 |∇|=4.18e+06 γ=0.988 T=0.0509
2026-04-29 15:36:42,272 INFO train_distributed training finished in 493.5s (200 iters, world_size=1)
2026-04-29 15:36:42,272 INFO train_distributed [rank 0] peak HBM: alloc=9.08 GB, reserved=9.86 GB
2026-04-29 15:36:42,275 INFO train_distributed [rank 0] wrote experiments/039_arch_tier_1_3_features/results_t13_features_all_seed2/training_log.json
2026-04-29 15:36:42,388 INFO train_distributed it= 199 lr=1.00e-04 loss_world=1.4549 |∇|=1.49e+01 γ=1.014 T=0.0503
2026-04-29 15:36:42,393 INFO train_distributed training finished in 493.7s (200 iters, world_size=1)
2026-04-29 15:36:42,393 INFO train_distributed [rank 0] peak HBM: alloc=9.08 GB, reserved=9.86 GB
2026-04-29 15:36:42,396 INFO train_distributed [rank 0] wrote experiments/039_arch_tier_1_3_features/results_t13_features_all_seed5/training_log.json
  ✓ t13_features_all_seed6 502s (card 6)

═ TRAIN t13_features_all_seed8 (card 0) ═ 15:36:42
  ✓ t13_features_all_seed0 503s (card 0)

═ TRAIN t13_features_all_seed9 (card 1) ═ 15:36:43
  ✓ t13_features_all_seed7 503s (card 7)
  ✓ t13_features_all_seed1 503s (card 1)
  ✓ t13_features_all_seed3 503s (card 3)
  ✓ t13_features_all_seed4 503s (card 4)
  ✓ t13_features_all_seed2 503s (card 2)
  ✓ t13_features_all_seed5 503s (card 5)
2026-04-29 15:36:46,123 INFO train_distributed [dist] rank=0 world_size=1 local_rank=0 cuda_available=True
2026-04-29 15:36:46,167 INFO train_distributed loaded 2,841 returns for spx/2015-2026_daily
2026-04-29 15:36:46,174 INFO train_distributed targets: acf_sq=0.342 leverage_sum=-0.790 hill_alpha=2.68
2026-04-29 15:36:46,753 INFO train_distributed [dist] rank=0 world_size=1 local_rank=0 cuda_available=True
2026-04-29 15:36:46,798 INFO train_distributed loaded 2,841 returns for spx/2015-2026_daily
2026-04-29 15:36:46,805 INFO train_distributed targets: acf_sq=0.342 leverage_sum=-0.790 hill_alpha=2.68
2026-04-29 15:36:46,935 INFO train_distributed EcoMDSimulator built: 31976 parameters (device=cuda:0)
2026-04-29 15:36:47,181 INFO train_distributed EcoMDSimulator built: 31976 parameters (device=cuda:0)
2026-04-29 15:36:50,619 INFO train_distributed it=   0 lr=1.00e-04 loss_world=2.8180 |∇|=3.18e+01 γ=1.000 T=0.0500
2026-04-29 15:36:50,851 INFO train_distributed it=   0 lr=1.00e-04 loss_world=18.7040 |∇|=6.08e+02 γ=1.000 T=0.0500
2026-04-29 15:37:12,762 INFO train_distributed it=   9 lr=1.00e-03 loss_world=1.3870 |∇|=1.43e+01 γ=1.002 T=0.0501
2026-04-29 15:37:12,976 INFO train_distributed it=   9 lr=1.00e-03 loss_world=1.6148 |∇|=7.99e+01 γ=0.997 T=0.0502
2026-04-29 15:37:37,363 INFO train_distributed it=  19 lr=9.95e-04 loss_world=4.0662 |∇|=2.20e+02 γ=1.003 T=0.0502
2026-04-29 15:37:37,537 INFO train_distributed it=  19 lr=9.95e-04 loss_world=2.2052 |∇|=1.20e+02 γ=0.995 T=0.0504
2026-04-29 15:38:01,962 INFO train_distributed it=  29 lr=9.78e-04 loss_world=1.1057 |∇|=7.11e+01 γ=1.004 T=0.0501
2026-04-29 15:38:02,101 INFO train_distributed it=  29 lr=9.78e-04 loss_world=1.2162 |∇|=1.25e+03 γ=0.993 T=0.0507
2026-04-29 15:38:26,563 INFO train_distributed it=  39 lr=9.49e-04 loss_world=0.7467 |∇|=7.70e+01 γ=1.001 T=0.0500
2026-04-29 15:38:26,661 INFO train_distributed it=  39 lr=9.49e-04 loss_world=1.0364 |∇|=5.19e+01 γ=0.991 T=0.0510
2026-04-29 15:38:51,166 INFO train_distributed it=  49 lr=9.10e-04 loss_world=0.9072 |∇|=4.61e+01 γ=1.002 T=0.0500
2026-04-29 15:38:51,223 INFO train_distributed it=  49 lr=9.10e-04 loss_world=1.1081 |∇|=4.82e+02 γ=0.991 T=0.0511
2026-04-29 15:39:15,778 INFO train_distributed it=  59 lr=8.60e-04 loss_world=0.8764 |∇|=2.09e+02 γ=1.005 T=0.0499
2026-04-29 15:39:15,796 INFO train_distributed it=  59 lr=8.60e-04 loss_world=1.2589 |∇|=5.07e+01 γ=0.990 T=0.0511
2026-04-29 15:39:40,357 INFO train_distributed it=  69 lr=8.02e-04 loss_world=1.1200 |∇|=2.89e+01 γ=0.990 T=0.0511
2026-04-29 15:39:40,373 INFO train_distributed it=  69 lr=8.02e-04 loss_world=1.0762 |∇|=6.78e+03 γ=1.008 T=0.0498
2026-04-29 15:40:04,918 INFO train_distributed it=  79 lr=7.38e-04 loss_world=1.2126 |∇|=6.46e+00 γ=0.990 T=0.0512
2026-04-29 15:40:04,973 INFO train_distributed it=  79 lr=7.38e-04 loss_world=1.2005 |∇|=9.03e+04 γ=1.009 T=0.0497
2026-04-29 15:40:29,488 INFO train_distributed it=  89 lr=6.68e-04 loss_world=1.0724 |∇|=1.16e+01 γ=0.989 T=0.0512
2026-04-29 15:40:29,568 INFO train_distributed it=  89 lr=6.68e-04 loss_world=1.0045 |∇|=2.28e+05 γ=1.008 T=0.0497
2026-04-29 15:40:54,062 INFO train_distributed it=  99 lr=5.95e-04 loss_world=1.2024 |∇|=2.23e+00 γ=0.989 T=0.0512
2026-04-29 15:40:54,167 INFO train_distributed it=  99 lr=5.95e-04 loss_world=1.2484 |∇|=2.80e+05 γ=1.009 T=0.0496
2026-04-29 15:41:18,629 INFO train_distributed it= 109 lr=5.20e-04 loss_world=1.5762 |∇|=2.67e+01 γ=0.989 T=0.0512
2026-04-29 15:41:18,767 INFO train_distributed it= 109 lr=5.20e-04 loss_world=0.7496 |∇|=1.31e+07 γ=1.009 T=0.0496
2026-04-29 15:41:43,194 INFO train_distributed it= 119 lr=4.47e-04 loss_world=1.0940 |∇|=3.23e+00 γ=0.989 T=0.0513
2026-04-29 15:41:43,363 INFO train_distributed it= 119 lr=4.47e-04 loss_world=0.8568 |∇|=1.73e+06 γ=1.011 T=0.0495
2026-04-29 15:42:07,760 INFO train_distributed it= 129 lr=3.76e-04 loss_world=1.1030 |∇|=1.73e+01 γ=0.988 T=0.0513
2026-04-29 15:42:07,955 INFO train_distributed it= 129 lr=3.76e-04 loss_world=0.9615 |∇|=6.03e+05 γ=1.012 T=0.0495
2026-04-29 15:42:32,323 INFO train_distributed it= 139 lr=3.10e-04 loss_world=1.1376 |∇|=1.62e+01 γ=0.987 T=0.0514
2026-04-29 15:42:32,555 INFO train_distributed it= 139 lr=3.10e-04 loss_world=1.3424 |∇|=3.22e+06 γ=1.013 T=0.0494
2026-04-29 15:42:56,902 INFO train_distributed it= 149 lr=2.51e-04 loss_world=1.1677 |∇|=8.62e+00 γ=0.987 T=0.0514
2026-04-29 15:42:57,151 INFO train_distributed it= 149 lr=2.51e-04 loss_world=0.7801 |∇|=2.21e+06 γ=1.013 T=0.0494
2026-04-29 15:43:21,484 INFO train_distributed it= 159 lr=2.00e-04 loss_world=0.7869 |∇|=3.32e+01 γ=0.986 T=0.0514
2026-04-29 15:43:21,751 INFO train_distributed it= 159 lr=2.00e-04 loss_world=1.1353 |∇|=1.09e+06 γ=1.013 T=0.0494
2026-04-29 15:43:46,052 INFO train_distributed it= 169 lr=1.58e-04 loss_world=0.9793 |∇|=7.54e+01 γ=0.986 T=0.0514
2026-04-29 15:43:46,349 INFO train_distributed it= 169 lr=1.58e-04 loss_world=0.8230 |∇|=1.29e+06 γ=1.012 T=0.0494
2026-04-29 15:44:10,619 INFO train_distributed it= 179 lr=1.27e-04 loss_world=0.7230 |∇|=2.63e+01 γ=0.986 T=0.0514
2026-04-29 15:44:10,949 INFO train_distributed it= 179 lr=1.27e-04 loss_world=1.3765 |∇|=1.02e+06 γ=1.012 T=0.0494
2026-04-29 15:44:35,184 INFO train_distributed it= 189 lr=1.07e-04 loss_world=1.2285 |∇|=1.41e+01 γ=0.987 T=0.0514
2026-04-29 15:44:35,545 INFO train_distributed it= 189 lr=1.07e-04 loss_world=0.9706 |∇|=3.01e+06 γ=1.012 T=0.0494
2026-04-29 15:44:59,748 INFO train_distributed it= 199 lr=1.00e-04 loss_world=1.2043 |∇|=2.67e+02 γ=0.987 T=0.0514
2026-04-29 15:44:59,753 INFO train_distributed training finished in 492.6s (200 iters, world_size=1)
2026-04-29 15:44:59,753 INFO train_distributed [rank 0] peak HBM: alloc=9.08 GB, reserved=9.86 GB
2026-04-29 15:44:59,756 INFO train_distributed [rank 0] wrote experiments/039_arch_tier_1_3_features/results_t13_features_all_seed9/training_log.json
2026-04-29 15:45:00,144 INFO train_distributed it= 199 lr=1.00e-04 loss_world=0.9828 |∇|=1.09e+06 γ=1.012 T=0.0494
2026-04-29 15:45:00,149 INFO train_distributed training finished in 493.2s (200 iters, world_size=1)
2026-04-29 15:45:00,149 INFO train_distributed [rank 0] peak HBM: alloc=9.08 GB, reserved=9.86 GB
2026-04-29 15:45:00,152 INFO train_distributed [rank 0] wrote experiments/039_arch_tier_1_3_features/results_t13_features_all_seed8/training_log.json
  ✓ t13_features_all_seed9 497s (card 1)
  ✓ t13_features_all_seed8 499s (card 0)

═ EVAL  t13_features_all_seed0 (card 0) ═ 15:45:01

═ EVAL  t13_features_all_seed1 (card 1) ═ 15:45:01

═ EVAL  t13_features_all_seed2 (card 2) ═ 15:45:01

═ EVAL  t13_features_all_seed3 (card 3) ═ 15:45:01

═ EVAL  t13_features_all_seed4 (card 4) ═ 15:45:01

═ EVAL  t13_features_all_seed5 (card 5) ═ 15:45:01

═ EVAL  t13_features_all_seed6 (card 6) ═ 15:45:01

═ EVAL  t13_features_all_seed7 (card 7) ═ 15:45:01
2026-04-29 15:45:06,094 INFO inference_run_large [dist] world_size=1 cuda=True
2026-04-29 15:45:06,561 INFO inference_run_large [dist] world_size=1 cuda=True
2026-04-29 15:45:06,875 INFO inference_run_large [dist] world_size=1 cuda=True
2026-04-29 15:45:07,200 INFO inference_run_large [dist] world_size=1 cuda=True
2026-04-29 15:45:07,631 INFO inference_run_large [dist] world_size=1 cuda=True
2026-04-29 15:45:08,068 INFO inference_run_large [dist] world_size=1 cuda=True
2026-04-29 15:45:08,445 INFO inference_run_large [dist] world_size=1 cuda=True
2026-04-29 15:45:08,902 INFO inference_run_large [dist] world_size=1 cuda=True
2026-04-29 15:45:09,574 INFO inference_run_large loaded checkpoint iter=200 from /AI4S/Users/howardwang/h204/ecophys/experiments/039_arch_tier_1_3_features/results_t13_features_all_seed6/checkpoint.pt
2026-04-29 15:45:09,588 INFO inference_run_large loaded checkpoint iter=200 from /AI4S/Users/howardwang/h204/ecophys/experiments/039_arch_tier_1_3_features/results_t13_features_all_seed0/checkpoint.pt
2026-04-29 15:45:09,598 INFO inference_run_large loaded checkpoint iter=200 from /AI4S/Users/howardwang/h204/ecophys/experiments/039_arch_tier_1_3_features/results_t13_features_all_seed3/checkpoint.pt
2026-04-29 15:45:09,620 INFO inference_run_large loaded checkpoint iter=200 from /AI4S/Users/howardwang/h204/ecophys/experiments/039_arch_tier_1_3_features/results_t13_features_all_seed4/checkpoint.pt
2026-04-29 15:45:09,636 INFO inference_run_large loaded checkpoint iter=200 from /AI4S/Users/howardwang/h204/ecophys/experiments/039_arch_tier_1_3_features/results_t13_features_all_seed2/checkpoint.pt
2026-04-29 15:45:09,636 INFO inference_run_large loaded checkpoint iter=200 from /AI4S/Users/howardwang/h204/ecophys/experiments/039_arch_tier_1_3_features/results_t13_features_all_seed7/checkpoint.pt
2026-04-29 15:45:09,636 INFO inference_run_large loaded checkpoint iter=200 from /AI4S/Users/howardwang/h204/ecophys/experiments/039_arch_tier_1_3_features/results_t13_features_all_seed1/checkpoint.pt
2026-04-29 15:45:09,753 INFO inference_run_large loaded checkpoint iter=200 from /AI4S/Users/howardwang/h204/ecophys/experiments/039_arch_tier_1_3_features/results_t13_features_all_seed5/checkpoint.pt
2026-04-29 15:46:42,663 INFO inference_run_large [rank 0] rollout 1/4 seed=10000 took 92.0s
2026-04-29 15:46:42,697 INFO inference_run_large [rank 0] rollout 1/4 seed=10000 took 92.0s
2026-04-29 15:46:42,709 INFO inference_run_large [rank 0] rollout 1/4 seed=10000 took 92.0s
2026-04-29 15:46:42,771 INFO inference_run_large [rank 0] rollout 1/4 seed=10000 took 92.1s
2026-04-29 15:46:42,774 INFO inference_run_large [rank 0] rollout 1/4 seed=10000 took 92.0s
2026-04-29 15:46:42,787 INFO inference_run_large [rank 0] rollout 1/4 seed=10000 took 92.1s
2026-04-29 15:46:42,787 INFO inference_run_large [rank 0] rollout 1/4 seed=10000 took 91.9s
2026-04-29 15:46:42,802 INFO inference_run_large [rank 0] rollout 1/4 seed=10000 took 92.1s
2026-04-29 15:48:14,271 INFO inference_run_large [rank 0] rollout 2/4 seed=10001 took 91.5s
2026-04-29 15:48:14,285 INFO inference_run_large [rank 0] rollout 2/4 seed=10001 took 91.5s
2026-04-29 15:48:14,320 INFO inference_run_large [rank 0] rollout 2/4 seed=10001 took 91.5s
2026-04-29 15:48:14,369 INFO inference_run_large [rank 0] rollout 2/4 seed=10001 took 91.5s
2026-04-29 15:48:14,426 INFO inference_run_large [rank 0] rollout 2/4 seed=10001 took 91.5s
2026-04-29 15:48:14,447 INFO inference_run_large [rank 0] rollout 2/4 seed=10001 took 91.6s
2026-04-29 15:48:14,457 INFO inference_run_large [rank 0] rollout 2/4 seed=10001 took 91.6s
2026-04-29 15:48:14,598 INFO inference_run_large [rank 0] rollout 2/4 seed=10001 took 91.7s
2026-04-29 15:49:45,917 INFO inference_run_large [rank 0] rollout 3/4 seed=10002 took 91.5s
2026-04-29 15:49:45,937 INFO inference_run_large [rank 0] rollout 3/4 seed=10002 took 91.6s
2026-04-29 15:49:46,001 INFO inference_run_large [rank 0] rollout 3/4 seed=10002 took 91.5s
2026-04-29 15:49:46,013 INFO inference_run_large [rank 0] rollout 3/4 seed=10002 took 91.6s
2026-04-29 15:49:46,164 INFO inference_run_large [rank 0] rollout 3/4 seed=10002 took 91.6s
2026-04-29 15:49:46,187 INFO inference_run_large [rank 0] rollout 3/4 seed=10002 took 91.7s
2026-04-29 15:49:46,226 INFO inference_run_large [rank 0] rollout 3/4 seed=10002 took 91.7s
2026-04-29 15:49:46,411 INFO inference_run_large [rank 0] rollout 3/4 seed=10002 took 91.7s
2026-04-29 15:51:17,504 INFO inference_run_large [rank 0] rollout 4/4 seed=10003 took 91.5s
2026-04-29 15:51:17,507 INFO inference_run_large [rank 0] wrote /AI4S/Users/howardwang/h204/ecophys/experiments/039_arch_tier_1_3_features/results_t13_features_all_seed1/inference_rank_0.json
2026-04-29 15:51:17,510 INFO inference_run_large [rank 0] merged 4 rollouts → /AI4S/Users/howardwang/h204/ecophys/experiments/039_arch_tier_1_3_features/results_t13_features_all_seed1/inference_merged.json
2026-04-29 15:51:17,575 INFO inference_run_large [rank 0] rollout 4/4 seed=10003 took 91.5s
2026-04-29 15:51:17,578 INFO inference_run_large [rank 0] wrote /AI4S/Users/howardwang/h204/ecophys/experiments/039_arch_tier_1_3_features/results_t13_features_all_seed3/inference_rank_0.json
2026-04-29 15:51:17,582 INFO inference_run_large [rank 0] merged 4 rollouts → /AI4S/Users/howardwang/h204/ecophys/experiments/039_arch_tier_1_3_features/results_t13_features_all_seed3/inference_merged.json
2026-04-29 15:51:17,601 INFO inference_run_large [rank 0] rollout 4/4 seed=10003 took 91.5s
2026-04-29 15:51:17,604 INFO inference_run_large [rank 0] wrote /AI4S/Users/howardwang/h204/ecophys/experiments/039_arch_tier_1_3_features/results_t13_features_all_seed5/inference_rank_0.json
2026-04-29 15:51:17,608 INFO inference_run_large [rank 0] merged 4 rollouts → /AI4S/Users/howardwang/h204/ecophys/experiments/039_arch_tier_1_3_features/results_t13_features_all_seed5/inference_merged.json
2026-04-29 15:51:17,646 INFO inference_run_large [rank 0] rollout 4/4 seed=10003 took 91.5s
2026-04-29 15:51:17,649 INFO inference_run_large [rank 0] wrote /AI4S/Users/howardwang/h204/ecophys/experiments/039_arch_tier_1_3_features/results_t13_features_all_seed6/inference_rank_0.json
2026-04-29 15:51:17,653 INFO inference_run_large [rank 0] merged 4 rollouts → /AI4S/Users/howardwang/h204/ecophys/experiments/039_arch_tier_1_3_features/results_t13_features_all_seed6/inference_merged.json
2026-04-29 15:51:17,837 INFO inference_run_large [rank 0] rollout 4/4 seed=10003 took 91.6s
2026-04-29 15:51:17,841 INFO inference_run_large [rank 0] wrote /AI4S/Users/howardwang/h204/ecophys/experiments/039_arch_tier_1_3_features/results_t13_features_all_seed0/inference_rank_0.json
2026-04-29 15:51:17,845 INFO inference_run_large [rank 0] merged 4 rollouts → /AI4S/Users/howardwang/h204/ecophys/experiments/039_arch_tier_1_3_features/results_t13_features_all_seed0/inference_merged.json
2026-04-29 15:51:17,913 INFO inference_run_large [rank 0] rollout 4/4 seed=10003 took 91.6s
2026-04-29 15:51:17,917 INFO inference_run_large [rank 0] wrote /AI4S/Users/howardwang/h204/ecophys/experiments/039_arch_tier_1_3_features/results_t13_features_all_seed4/inference_rank_0.json
2026-04-29 15:51:17,921 INFO inference_run_large [rank 0] merged 4 rollouts → /AI4S/Users/howardwang/h204/ecophys/experiments/039_arch_tier_1_3_features/results_t13_features_all_seed4/inference_merged.json
2026-04-29 15:51:17,943 INFO inference_run_large [rank 0] rollout 4/4 seed=10003 took 91.6s
2026-04-29 15:51:17,946 INFO inference_run_large [rank 0] wrote /AI4S/Users/howardwang/h204/ecophys/experiments/039_arch_tier_1_3_features/results_t13_features_all_seed7/inference_rank_0.json
2026-04-29 15:51:17,950 INFO inference_run_large [rank 0] merged 4 rollouts → /AI4S/Users/howardwang/h204/ecophys/experiments/039_arch_tier_1_3_features/results_t13_features_all_seed7/inference_merged.json
2026-04-29 15:51:18,073 INFO inference_run_large [rank 0] rollout 4/4 seed=10003 took 91.6s
2026-04-29 15:51:18,076 INFO inference_run_large [rank 0] wrote /AI4S/Users/howardwang/h204/ecophys/experiments/039_arch_tier_1_3_features/results_t13_features_all_seed2/inference_rank_0.json
2026-04-29 15:51:18,080 INFO inference_run_large [rank 0] merged 4 rollouts → /AI4S/Users/howardwang/h204/ecophys/experiments/039_arch_tier_1_3_features/results_t13_features_all_seed2/inference_merged.json
  ✓ eval t13_features_all_seed1 377s (card 1)

═ EVAL  t13_features_all_seed8 (card 0) ═ 15:51:18
  ✓ eval t13_features_all_seed3 377s (card 3)

═ EVAL  t13_features_all_seed9 (card 1) ═ 15:51:18
  ✓ eval t13_features_all_seed6 377s (card 6)
  ✓ eval t13_features_all_seed5 378s (card 5)
  ✓ eval t13_features_all_seed0 378s (card 0)
  ✓ eval t13_features_all_seed4 378s (card 4)
  ✓ eval t13_features_all_seed7 378s (card 7)
  ✓ eval t13_features_all_seed2 378s (card 2)
2026-04-29 15:51:22,305 INFO inference_run_large [dist] world_size=1 cuda=True
2026-04-29 15:51:22,601 INFO inference_run_large [dist] world_size=1 cuda=True
2026-04-29 15:51:22,876 INFO inference_run_large loaded checkpoint iter=200 from /AI4S/Users/howardwang/h204/ecophys/experiments/039_arch_tier_1_3_features/results_t13_features_all_seed8/checkpoint.pt
2026-04-29 15:51:22,951 INFO inference_run_large loaded checkpoint iter=200 from /AI4S/Users/howardwang/h204/ecophys/experiments/039_arch_tier_1_3_features/results_t13_features_all_seed9/checkpoint.pt
2026-04-29 15:52:55,727 INFO inference_run_large [rank 0] rollout 1/4 seed=10000 took 91.9s
2026-04-29 15:52:55,811 INFO inference_run_large [rank 0] rollout 1/4 seed=10000 took 91.9s
2026-04-29 15:54:27,285 INFO inference_run_large [rank 0] rollout 2/4 seed=10001 took 91.5s
2026-04-29 15:54:27,415 INFO inference_run_large [rank 0] rollout 2/4 seed=10001 took 91.5s
2026-04-29 15:55:58,903 INFO inference_run_large [rank 0] rollout 3/4 seed=10002 took 91.5s
2026-04-29 15:55:59,070 INFO inference_run_large [rank 0] rollout 3/4 seed=10002 took 91.6s
2026-04-29 15:57:30,467 INFO inference_run_large [rank 0] rollout 4/4 seed=10003 took 91.5s
2026-04-29 15:57:30,470 INFO inference_run_large [rank 0] wrote /AI4S/Users/howardwang/h204/ecophys/experiments/039_arch_tier_1_3_features/results_t13_features_all_seed8/inference_rank_0.json
2026-04-29 15:57:30,474 INFO inference_run_large [rank 0] merged 4 rollouts → /AI4S/Users/howardwang/h204/ecophys/experiments/039_arch_tier_1_3_features/results_t13_features_all_seed8/inference_merged.json
2026-04-29 15:57:30,670 INFO inference_run_large [rank 0] rollout 4/4 seed=10003 took 91.5s
2026-04-29 15:57:30,673 INFO inference_run_large [rank 0] wrote /AI4S/Users/howardwang/h204/ecophys/experiments/039_arch_tier_1_3_features/results_t13_features_all_seed9/inference_rank_0.json
2026-04-29 15:57:30,677 INFO inference_run_large [rank 0] merged 4 rollouts → /AI4S/Users/howardwang/h204/ecophys/experiments/039_arch_tier_1_3_features/results_t13_features_all_seed9/inference_merged.json
  ✓ eval t13_features_all_seed8 373s (card 0)
  ✓ eval t13_features_all_seed9 373s (card 1)

═══ DONE — Wed Apr 29 03:57:31 PM CST 2026 ═══
