2026-04-29 11:37:42,058 INFO train_distributed [dist] rank=0 world_size=1 local_rank=0 cuda_available=True
2026-04-29 11:37:42,101 INFO train_distributed loaded 2,841 returns for spx/2015-2026_daily
2026-04-29 11:37:42,108 INFO train_distributed targets: acf_sq=0.342 leverage_sum=-0.790 hill_alpha=2.68
2026-04-29 11:37:44,684 INFO train_distributed EcoMDSimulator built: 36316 parameters (device=cuda:0)
2026-04-29 11:37:47,178 INFO train_distributed it=   0 lr=1.00e-04 loss_world=69.2206 |∇|=5.89e+04 γ=1.000 T=0.0500
2026-04-29 11:37:57,661 INFO train_distributed it=   9 lr=1.00e-03 loss_world=1.9322 |∇|=8.75e+01 γ=0.997 T=0.0500
2026-04-29 11:38:09,406 INFO train_distributed it=  19 lr=9.95e-04 loss_world=3.4804 |∇|=8.52e+02 γ=0.992 T=0.0501
2026-04-29 11:38:21,163 INFO train_distributed it=  29 lr=9.78e-04 loss_world=5.5485 |∇|=1.26e+03 γ=0.987 T=0.0502
2026-04-29 11:38:32,911 INFO train_distributed it=  39 lr=9.49e-04 loss_world=2.7130 |∇|=1.73e+02 γ=0.984 T=0.0502
2026-04-29 11:38:44,665 INFO train_distributed it=  49 lr=9.10e-04 loss_world=4.0705 |∇|=1.53e+03 γ=0.982 T=0.0502
2026-04-29 11:38:56,417 INFO train_distributed it=  59 lr=8.60e-04 loss_world=5.4968 |∇|=2.48e+03 γ=0.980 T=0.0502
2026-04-29 11:39:08,176 INFO train_distributed it=  69 lr=8.02e-04 loss_world=1.5466 |∇|=6.59e+03 γ=0.979 T=0.0502
2026-04-29 11:39:19,943 INFO train_distributed it=  79 lr=7.38e-04 loss_world=1.3419 |∇|=1.03e+04 γ=0.979 T=0.0503
2026-04-29 11:39:31,723 INFO train_distributed it=  89 lr=6.68e-04 loss_world=2.5234 |∇|=4.81e+02 γ=0.979 T=0.0503
2026-04-29 11:39:43,520 INFO train_distributed it=  99 lr=5.95e-04 loss_world=2.5165 |∇|=5.66e+02 γ=0.978 T=0.0503
2026-04-29 11:39:55,318 INFO train_distributed it= 109 lr=5.20e-04 loss_world=2.4911 |∇|=6.02e+02 γ=0.978 T=0.0503
2026-04-29 11:40:07,134 INFO train_distributed it= 119 lr=4.47e-04 loss_world=1.7763 |∇|=4.72e+02 γ=0.978 T=0.0504
2026-04-29 11:40:18,946 INFO train_distributed it= 129 lr=3.76e-04 loss_world=0.9764 |∇|=2.08e+04 γ=0.978 T=0.0504
2026-04-29 11:40:30,764 INFO train_distributed it= 139 lr=3.10e-04 loss_world=2.3705 |∇|=8.73e+02 γ=0.978 T=0.0504
2026-04-29 11:40:42,592 INFO train_distributed it= 149 lr=2.51e-04 loss_world=1.5432 |∇|=7.87e+03 γ=0.978 T=0.0504
2026-04-29 11:40:54,424 INFO train_distributed it= 159 lr=2.00e-04 loss_world=5.6257 |∇|=1.31e+04 γ=0.977 T=0.0504
2026-04-29 11:41:06,251 INFO train_distributed it= 169 lr=1.58e-04 loss_world=6.6836 |∇|=1.16e+04 γ=0.977 T=0.0504
2026-04-29 11:41:18,072 INFO train_distributed it= 179 lr=1.27e-04 loss_world=1.7269 |∇|=1.14e+04 γ=0.977 T=0.0505
2026-04-29 11:41:29,910 INFO train_distributed it= 189 lr=1.07e-04 loss_world=1.9129 |∇|=9.63e+02 γ=0.977 T=0.0505
2026-04-29 11:41:41,755 INFO train_distributed it= 199 lr=1.00e-04 loss_world=1.5511 |∇|=5.55e+04 γ=0.977 T=0.0505
2026-04-29 11:41:41,761 INFO train_distributed training finished in 237.1s (200 iters, world_size=1)
2026-04-29 11:41:41,761 INFO train_distributed [rank 0] peak HBM: alloc=7.24 GB, reserved=8.05 GB
2026-04-29 11:41:41,764 INFO train_distributed [rank 0] wrote experiments/046_arch_megnet_pairs/results_p_4_1__2_1_seed0/training_log.json
