2026-04-28 18:22:23,507 INFO train_distributed [dist] rank=0 world_size=1 local_rank=0 cuda_available=True
2026-04-28 18:22:23,551 INFO train_distributed loaded 2,841 returns for spx/2015-2026_daily
2026-04-28 18:22:23,558 INFO train_distributed targets: acf_sq=0.342 leverage_sum=-0.790 hill_alpha=2.68
2026-04-28 18:22:26,563 INFO train_distributed EcoMDSimulator built: 31588 parameters (device=cuda:0)
2026-04-28 18:22:28,928 INFO train_distributed it=   0 lr=1.00e-04 loss_world=2.5016 |∇|=2.73e+02 γ=1.000 T=0.0500
2026-04-28 18:22:38,652 INFO train_distributed it=   9 lr=1.00e-03 loss_world=2.5299 |∇|=2.29e+02 γ=1.000 T=0.0499
2026-04-28 18:22:49,576 INFO train_distributed it=  19 lr=9.95e-04 loss_world=7.6456 |∇|=1.13e+03 γ=0.994 T=0.0499
2026-04-28 18:23:00,501 INFO train_distributed it=  29 lr=9.78e-04 loss_world=2.9929 |∇|=1.78e+02 γ=0.989 T=0.0499
2026-04-28 18:23:11,430 INFO train_distributed it=  39 lr=9.49e-04 loss_world=2.3879 |∇|=2.82e+02 γ=0.984 T=0.0499
2026-04-28 18:23:22,349 INFO train_distributed it=  49 lr=9.10e-04 loss_world=5.7227 |∇|=9.00e+02 γ=0.977 T=0.0499
2026-04-28 18:23:33,273 INFO train_distributed it=  59 lr=8.60e-04 loss_world=6.1184 |∇|=1.18e+03 γ=0.970 T=0.0501
2026-04-28 18:23:44,184 INFO train_distributed it=  69 lr=8.02e-04 loss_world=21.8612 |∇|=4.44e+03 γ=0.964 T=0.0502
2026-04-28 18:23:55,101 INFO train_distributed it=  79 lr=7.38e-04 loss_world=1.6691 |∇|=2.40e+03 γ=0.959 T=0.0502
2026-04-28 18:24:06,031 INFO train_distributed it=  89 lr=6.68e-04 loss_world=5.6188 |∇|=2.33e+03 γ=0.956 T=0.0503
2026-04-28 18:24:16,947 INFO train_distributed it=  99 lr=5.95e-04 loss_world=2.6546 |∇|=5.85e+02 γ=0.952 T=0.0503
2026-04-28 18:24:27,854 INFO train_distributed it= 109 lr=5.20e-04 loss_world=2.1294 |∇|=4.15e+02 γ=0.949 T=0.0503
2026-04-28 18:24:38,758 INFO train_distributed it= 119 lr=4.47e-04 loss_world=2.0595 |∇|=3.52e+02 γ=0.947 T=0.0503
2026-04-28 18:24:49,663 INFO train_distributed it= 129 lr=3.76e-04 loss_world=2.6310 |∇|=8.68e+02 γ=0.946 T=0.0503
2026-04-28 18:25:00,573 INFO train_distributed it= 139 lr=3.10e-04 loss_world=2.6867 |∇|=3.14e+02 γ=0.945 T=0.0503
2026-04-28 18:25:11,486 INFO train_distributed it= 149 lr=2.51e-04 loss_world=2.2123 |∇|=8.44e+02 γ=0.945 T=0.0503
2026-04-28 18:25:22,402 INFO train_distributed it= 159 lr=2.00e-04 loss_world=2.4495 |∇|=5.28e+02 γ=0.945 T=0.0503
2026-04-28 18:25:33,323 INFO train_distributed it= 169 lr=1.58e-04 loss_world=1.8140 |∇|=2.93e+03 γ=0.945 T=0.0503
2026-04-28 18:25:44,249 INFO train_distributed it= 179 lr=1.27e-04 loss_world=2.1268 |∇|=1.26e+03 γ=0.945 T=0.0503
2026-04-28 18:25:55,177 INFO train_distributed it= 189 lr=1.07e-04 loss_world=2.0158 |∇|=3.19e+03 γ=0.945 T=0.0503
2026-04-28 18:26:06,106 INFO train_distributed it= 199 lr=1.00e-04 loss_world=4.0944 |∇|=3.58e+04 γ=0.945 T=0.0503
2026-04-28 18:26:06,111 INFO train_distributed training finished in 219.5s (200 iters, world_size=1)
2026-04-28 18:26:06,111 INFO train_distributed [rank 0] peak HBM: alloc=7.09 GB, reserved=7.68 GB
2026-04-28 18:26:06,114 INFO train_distributed [rank 0] wrote experiments/040_arch_tier_2_1_jumps/results_t21_jumps_seed4/training_log.json
