2026-04-28 19:43:49,589 INFO train_distributed [dist] rank=0 world_size=1 local_rank=0 cuda_available=True
2026-04-28 19:43:49,633 INFO train_distributed loaded 2,841 returns for spx/2015-2026_daily
2026-04-28 19:43:49,640 INFO train_distributed targets: acf_sq=0.342 leverage_sum=-0.790 hill_alpha=2.68
2026-04-28 19:43:50,041 INFO train_distributed EcoMDSimulator built: 31588 parameters (device=cuda:0)
2026-04-28 19:43:53,624 INFO train_distributed it=   0 lr=1.00e-04 loss_world=3.7187 |∇|=1.77e+02 γ=1.000 T=0.0500
2026-04-28 19:44:14,404 INFO train_distributed it=   9 lr=1.00e-03 loss_world=0.7121 |∇|=2.79e+01 γ=1.004 T=0.0499
2026-04-28 19:44:37,761 INFO train_distributed it=  19 lr=9.95e-04 loss_world=0.7099 |∇|=5.68e+00 γ=1.007 T=0.0498
2026-04-28 19:45:01,551 INFO train_distributed it=  29 lr=9.78e-04 loss_world=0.7849 |∇|=3.32e+00 γ=1.007 T=0.0498
2026-04-28 19:45:25,319 INFO train_distributed it=  39 lr=9.49e-04 loss_world=0.8274 |∇|=6.24e+00 γ=1.006 T=0.0498
2026-04-28 19:45:49,106 INFO train_distributed it=  49 lr=9.10e-04 loss_world=0.9374 |∇|=8.82e+00 γ=1.003 T=0.0497
2026-04-28 19:46:12,840 INFO train_distributed it=  59 lr=8.60e-04 loss_world=0.6550 |∇|=3.24e+00 γ=1.002 T=0.0497
2026-04-28 19:46:36,579 INFO train_distributed it=  69 lr=8.02e-04 loss_world=0.6604 |∇|=2.74e+00 γ=1.000 T=0.0497
2026-04-28 19:47:00,334 INFO train_distributed it=  79 lr=7.38e-04 loss_world=0.6549 |∇|=5.32e+00 γ=0.999 T=0.0497
2026-04-28 19:47:24,007 INFO train_distributed it=  89 lr=6.68e-04 loss_world=0.6533 |∇|=4.85e+00 γ=0.997 T=0.0497
2026-04-28 19:47:47,687 INFO train_distributed it=  99 lr=5.95e-04 loss_world=0.6388 |∇|=3.10e+01 γ=0.996 T=0.0497
2026-04-28 19:48:11,350 INFO train_distributed it= 109 lr=5.20e-04 loss_world=0.8837 |∇|=1.86e+01 γ=0.997 T=0.0498
2026-04-28 19:48:28,345 INFO train_distributed it= 119 lr=4.47e-04 loss_world=0.7351 |∇|=1.90e+01 γ=0.997 T=0.0498
2026-04-28 19:48:39,289 INFO train_distributed it= 129 lr=3.76e-04 loss_world=0.6331 |∇|=2.17e+01 γ=0.998 T=0.0498
2026-04-28 19:48:50,224 INFO train_distributed it= 139 lr=3.10e-04 loss_world=0.6142 |∇|=3.20e+01 γ=0.998 T=0.0498
2026-04-28 19:49:01,170 INFO train_distributed it= 149 lr=2.51e-04 loss_world=0.6664 |∇|=2.63e+01 γ=0.998 T=0.0498
2026-04-28 19:49:12,104 INFO train_distributed it= 159 lr=2.00e-04 loss_world=0.6447 |∇|=3.71e+01 γ=0.998 T=0.0498
2026-04-28 19:49:23,039 INFO train_distributed it= 169 lr=1.58e-04 loss_world=0.6180 |∇|=4.51e+01 γ=0.998 T=0.0498
2026-04-28 19:49:33,972 INFO train_distributed it= 179 lr=1.27e-04 loss_world=0.6117 |∇|=3.82e+01 γ=0.998 T=0.0498
2026-04-28 19:49:44,908 INFO train_distributed it= 189 lr=1.07e-04 loss_world=0.6266 |∇|=4.96e+01 γ=0.998 T=0.0498
2026-04-28 19:49:55,845 INFO train_distributed it= 199 lr=1.00e-04 loss_world=0.6100 |∇|=5.28e+01 γ=0.998 T=0.0498
2026-04-28 19:49:55,850 INFO train_distributed training finished in 365.8s (200 iters, world_size=1)
2026-04-28 19:49:55,850 INFO train_distributed [rank 0] peak HBM: alloc=7.09 GB, reserved=7.68 GB
2026-04-28 19:49:55,853 INFO train_distributed [rank 0] wrote experiments/043_arch_pairs/results_p_2_1__2_2_seed3/training_log.json
