2026-04-29 11:37:41,005 INFO train_distributed [dist] rank=0 world_size=1 local_rank=0 cuda_available=True
2026-04-29 11:37:41,051 INFO train_distributed loaded 2,841 returns for spx/2015-2026_daily
2026-04-29 11:37:41,058 INFO train_distributed targets: acf_sq=0.342 leverage_sum=-0.790 hill_alpha=2.68
2026-04-29 11:37:44,608 INFO train_distributed EcoMDSimulator built: 39904 parameters (device=cuda:0)
2026-04-29 11:37:47,099 INFO train_distributed it=   0 lr=1.00e-04 loss_world=82.2198 |∇|=3.65e+04 γ=1.000 T=0.0500
2026-04-29 11:37:57,749 INFO train_distributed it=   9 lr=1.00e-03 loss_world=9.0373 |∇|=1.64e+03 γ=1.002 T=0.0500
2026-04-29 11:38:09,692 INFO train_distributed it=  19 lr=9.95e-04 loss_world=2.5133 |∇|=2.20e+02 γ=0.999 T=0.0500
2026-04-29 11:38:21,615 INFO train_distributed it=  29 lr=9.78e-04 loss_world=9.3255 |∇|=1.84e+03 γ=0.995 T=0.0500
2026-04-29 11:38:33,530 INFO train_distributed it=  39 lr=9.49e-04 loss_world=8.0916 |∇|=1.71e+03 γ=0.991 T=0.0501
2026-04-29 11:38:45,440 INFO train_distributed it=  49 lr=9.10e-04 loss_world=7.0589 |∇|=1.98e+03 γ=0.986 T=0.0501
2026-04-29 11:38:57,350 INFO train_distributed it=  59 lr=8.60e-04 loss_world=3.3959 |∇|=1.05e+03 γ=0.982 T=0.0501
2026-04-29 11:39:09,265 INFO train_distributed it=  69 lr=8.02e-04 loss_world=10.7634 |∇|=1.27e+03 γ=0.976 T=0.0501
2026-04-29 11:39:21,177 INFO train_distributed it=  79 lr=7.38e-04 loss_world=2.2611 |∇|=1.77e+02 γ=0.970 T=0.0500
2026-04-29 11:39:33,088 INFO train_distributed it=  89 lr=6.68e-04 loss_world=2.7709 |∇|=2.47e+02 γ=0.966 T=0.0501
2026-04-29 11:39:45,004 INFO train_distributed it=  99 lr=5.95e-04 loss_world=11.9601 |∇|=1.44e+03 γ=0.963 T=0.0500
2026-04-29 11:39:56,920 INFO train_distributed it= 109 lr=5.20e-04 loss_world=1.4219 |∇|=3.78e+03 γ=0.958 T=0.0500
2026-04-29 11:40:08,846 INFO train_distributed it= 119 lr=4.47e-04 loss_world=2.4967 |∇|=3.56e+02 γ=0.955 T=0.0500
2026-04-29 11:40:20,763 INFO train_distributed it= 129 lr=3.76e-04 loss_world=2.1265 |∇|=3.35e+02 γ=0.954 T=0.0500
2026-04-29 11:40:32,677 INFO train_distributed it= 139 lr=3.10e-04 loss_world=3.0931 |∇|=1.50e+03 γ=0.953 T=0.0500
2026-04-29 11:40:44,594 INFO train_distributed it= 149 lr=2.51e-04 loss_world=2.2613 |∇|=6.48e+02 γ=0.952 T=0.0500
2026-04-29 11:40:56,513 INFO train_distributed it= 159 lr=2.00e-04 loss_world=1.9597 |∇|=4.07e+02 γ=0.951 T=0.0500
2026-04-29 11:41:08,431 INFO train_distributed it= 169 lr=1.58e-04 loss_world=7.1921 |∇|=9.74e+03 γ=0.951 T=0.0500
2026-04-29 11:41:20,348 INFO train_distributed it= 179 lr=1.27e-04 loss_world=2.8972 |∇|=1.04e+03 γ=0.951 T=0.0500
2026-04-29 11:41:32,267 INFO train_distributed it= 189 lr=1.07e-04 loss_world=2.1908 |∇|=1.48e+03 γ=0.951 T=0.0500
2026-04-29 11:41:44,191 INFO train_distributed it= 199 lr=1.00e-04 loss_world=10.1615 |∇|=1.79e+04 γ=0.951 T=0.0500
2026-04-29 11:41:44,198 INFO train_distributed training finished in 239.6s (200 iters, world_size=1)
2026-04-29 11:41:44,198 INFO train_distributed [rank 0] peak HBM: alloc=7.25 GB, reserved=8.06 GB
2026-04-29 11:41:44,201 INFO train_distributed [rank 0] wrote experiments/046_arch_megnet_pairs/results_p_4_1__1_1_seed4/training_log.json
