2026-04-28 18:22:23,878 INFO train_distributed [dist] rank=0 world_size=1 local_rank=0 cuda_available=True
2026-04-28 18:22:23,922 INFO train_distributed loaded 2,841 returns for spx/2015-2026_daily
2026-04-28 18:22:23,930 INFO train_distributed targets: acf_sq=0.342 leverage_sum=-0.790 hill_alpha=2.68
2026-04-28 18:22:26,519 INFO train_distributed EcoMDSimulator built: 31588 parameters (device=cuda:0)
2026-04-28 18:22:28,913 INFO train_distributed it=   0 lr=1.00e-04 loss_world=19.2957 |∇|=5.69e+03 γ=1.000 T=0.0500
2026-04-28 18:22:38,853 INFO train_distributed it=   9 lr=1.00e-03 loss_world=5.8967 |∇|=7.08e+02 γ=0.997 T=0.0500
2026-04-28 18:22:49,929 INFO train_distributed it=  19 lr=9.95e-04 loss_world=1.8949 |∇|=3.91e+01 γ=0.991 T=0.0500
2026-04-28 18:23:00,983 INFO train_distributed it=  29 lr=9.78e-04 loss_world=2.2671 |∇|=1.68e+02 γ=0.983 T=0.0500
2026-04-28 18:23:12,013 INFO train_distributed it=  39 lr=9.49e-04 loss_world=2.9033 |∇|=1.25e+02 γ=0.975 T=0.0499
2026-04-28 18:23:23,035 INFO train_distributed it=  49 lr=9.10e-04 loss_world=1.2231 |∇|=6.41e+03 γ=0.970 T=0.0500
2026-04-28 18:23:34,051 INFO train_distributed it=  59 lr=8.60e-04 loss_world=3.3164 |∇|=2.23e+03 γ=0.967 T=0.0500
2026-04-28 18:23:45,078 INFO train_distributed it=  69 lr=8.02e-04 loss_world=2.2834 |∇|=2.11e+02 γ=0.963 T=0.0499
2026-04-28 18:23:56,091 INFO train_distributed it=  79 lr=7.38e-04 loss_world=2.3527 |∇|=2.21e+02 γ=0.962 T=0.0499
2026-04-28 18:24:07,093 INFO train_distributed it=  89 lr=6.68e-04 loss_world=3.3284 |∇|=5.79e+03 γ=0.961 T=0.0499
2026-04-28 18:24:18,092 INFO train_distributed it=  99 lr=5.95e-04 loss_world=2.5482 |∇|=1.79e+02 γ=0.960 T=0.0499
2026-04-28 18:24:29,090 INFO train_distributed it= 109 lr=5.20e-04 loss_world=1.7210 |∇|=1.69e+03 γ=0.960 T=0.0499
2026-04-28 18:24:40,086 INFO train_distributed it= 119 lr=4.47e-04 loss_world=2.1135 |∇|=7.02e+02 γ=0.960 T=0.0499
2026-04-28 18:24:51,074 INFO train_distributed it= 129 lr=3.76e-04 loss_world=2.4645 |∇|=1.53e+02 γ=0.960 T=0.0499
2026-04-28 18:25:02,080 INFO train_distributed it= 139 lr=3.10e-04 loss_world=1.9763 |∇|=4.36e+02 γ=0.960 T=0.0499
2026-04-28 18:25:13,092 INFO train_distributed it= 149 lr=2.51e-04 loss_world=2.4468 |∇|=5.32e+02 γ=0.960 T=0.0499
2026-04-28 18:25:24,109 INFO train_distributed it= 159 lr=2.00e-04 loss_world=1.4324 |∇|=1.36e+04 γ=0.960 T=0.0499
2026-04-28 18:25:35,114 INFO train_distributed it= 169 lr=1.58e-04 loss_world=2.2914 |∇|=2.21e+03 γ=0.960 T=0.0499
2026-04-28 18:25:46,121 INFO train_distributed it= 179 lr=1.27e-04 loss_world=2.4564 |∇|=3.12e+03 γ=0.960 T=0.0499
2026-04-28 18:25:57,138 INFO train_distributed it= 189 lr=1.07e-04 loss_world=2.3964 |∇|=2.11e+03 γ=0.960 T=0.0499
2026-04-28 18:26:08,148 INFO train_distributed it= 199 lr=1.00e-04 loss_world=2.2701 |∇|=1.67e+03 γ=0.960 T=0.0499
2026-04-28 18:26:08,154 INFO train_distributed training finished in 221.6s (200 iters, world_size=1)
2026-04-28 18:26:08,154 INFO train_distributed [rank 0] peak HBM: alloc=7.09 GB, reserved=7.68 GB
2026-04-28 18:26:08,157 INFO train_distributed [rank 0] wrote experiments/040_arch_tier_2_1_jumps/results_t21_jumps_seed1/training_log.json
