2026-04-29 17:06:30,413 INFO train_distributed [dist] rank=0 world_size=1 local_rank=0 cuda_available=True
2026-04-29 17:06:30,457 INFO train_distributed loaded 2,841 returns for spx/2015-2026_daily
2026-04-29 17:06:30,464 INFO train_distributed targets: acf_sq=0.342 leverage_sum=-0.790 hill_alpha=2.68
2026-04-29 17:06:32,033 INFO train_distributed EcoMDSimulator built: 41381 parameters (device=cuda:0)
2026-04-29 17:06:35,758 INFO train_distributed it=   0 lr=1.00e-04 loss_world=2.4129 |∇|=3.28e+01 γ=1.000 T=0.0500
2026-04-29 17:06:57,879 INFO train_distributed it=   9 lr=1.00e-03 loss_world=2.4581 |∇|=2.81e+01 γ=1.001 T=0.0500
2026-04-29 17:07:22,466 INFO train_distributed it=  19 lr=9.95e-04 loss_world=1.9123 |∇|=1.22e+03 γ=0.999 T=0.0500
2026-04-29 17:07:47,075 INFO train_distributed it=  29 lr=9.78e-04 loss_world=2.3943 |∇|=3.78e+01 γ=0.993 T=0.0500
2026-04-29 17:08:11,670 INFO train_distributed it=  39 lr=9.49e-04 loss_world=6.7125 |∇|=8.00e+01 γ=0.985 T=0.0500
2026-04-29 17:08:36,265 INFO train_distributed it=  49 lr=9.10e-04 loss_world=6.2754 |∇|=9.43e+01 γ=0.974 T=0.0499
2026-04-29 17:09:00,872 INFO train_distributed it=  59 lr=8.60e-04 loss_world=1.2221 |∇|=1.65e+02 γ=0.967 T=0.0500
2026-04-29 17:09:25,482 INFO train_distributed it=  69 lr=8.02e-04 loss_world=1.8064 |∇|=8.77e+00 γ=0.965 T=0.0500
2026-04-29 17:09:50,108 INFO train_distributed it=  79 lr=7.38e-04 loss_world=2.0484 |∇|=6.00e+01 γ=0.967 T=0.0501
2026-04-29 17:10:14,730 INFO train_distributed it=  89 lr=6.68e-04 loss_world=1.3081 |∇|=2.67e+02 γ=0.968 T=0.0503
2026-04-29 17:10:39,346 INFO train_distributed it=  99 lr=5.95e-04 loss_world=11.5055 |∇|=1.01e+04 γ=0.969 T=0.0504
2026-04-29 17:11:03,951 INFO train_distributed it= 109 lr=5.20e-04 loss_world=1.9600 |∇|=9.64e+01 γ=0.969 T=0.0505
2026-04-29 17:11:28,555 INFO train_distributed it= 119 lr=4.47e-04 loss_world=1.4298 |∇|=5.47e+02 γ=0.969 T=0.0506
2026-04-29 17:11:53,176 INFO train_distributed it= 129 lr=3.76e-04 loss_world=1.1444 |∇|=8.24e+02 γ=0.969 T=0.0506
2026-04-29 17:12:17,851 INFO train_distributed it= 139 lr=3.10e-04 loss_world=1.1856 |∇|=8.63e+02 γ=0.970 T=0.0506
2026-04-29 17:12:42,519 INFO train_distributed it= 149 lr=2.51e-04 loss_world=1.4000 |∇|=1.30e+03 γ=0.970 T=0.0506
2026-04-29 17:13:07,174 INFO train_distributed it= 159 lr=2.00e-04 loss_world=1.8631 |∇|=4.69e+02 γ=0.971 T=0.0506
2026-04-29 17:13:31,830 INFO train_distributed it= 169 lr=1.58e-04 loss_world=0.6541 |∇|=3.11e+02 γ=0.971 T=0.0506
2026-04-29 17:13:56,462 INFO train_distributed it= 179 lr=1.27e-04 loss_world=1.9564 |∇|=1.07e+02 γ=0.971 T=0.0506
2026-04-29 17:14:21,093 INFO train_distributed it= 189 lr=1.07e-04 loss_world=1.5842 |∇|=7.31e+02 γ=0.972 T=0.0506
2026-04-29 17:14:45,734 INFO train_distributed it= 199 lr=1.00e-04 loss_world=1.5909 |∇|=4.89e+01 γ=0.972 T=0.0506
2026-04-29 17:14:45,741 INFO train_distributed training finished in 493.7s (200 iters, world_size=1)
2026-04-29 17:14:45,741 INFO train_distributed [rank 0] peak HBM: alloc=11.50 GB, reserved=11.67 GB
2026-04-29 17:14:45,744 INFO train_distributed [rank 0] wrote experiments/047_arch_tier_4_2_dyngraph/results_t42_dyngraph_no_u_seed4/training_log.json
