2026-04-29 11:52:20,393 INFO train_distributed [dist] rank=0 world_size=1 local_rank=0 cuda_available=True
2026-04-29 11:52:20,438 INFO train_distributed loaded 2,841 returns for spx/2015-2026_daily
2026-04-29 11:52:20,446 INFO train_distributed targets: acf_sq=0.342 leverage_sum=-0.790 hill_alpha=2.68
2026-04-29 11:52:23,469 INFO train_distributed EcoMDSimulator built: 40997 parameters (device=cuda:0)
2026-04-29 11:52:26,170 INFO train_distributed it=   0 lr=1.00e-04 loss_world=2.8169 |∇|=1.33e+02 γ=1.000 T=0.0500
2026-04-29 11:52:38,822 INFO train_distributed it=   9 lr=1.00e-03 loss_world=1.2566 |∇|=1.50e+02 γ=0.998 T=0.0499
2026-04-29 11:52:52,968 INFO train_distributed it=  19 lr=9.95e-04 loss_world=1.0798 |∇|=1.25e+01 γ=1.000 T=0.0498
2026-04-29 11:53:07,142 INFO train_distributed it=  29 lr=9.78e-04 loss_world=0.8114 |∇|=8.49e+00 γ=1.000 T=0.0501
2026-04-29 11:53:21,326 INFO train_distributed it=  39 lr=9.49e-04 loss_world=1.0612 |∇|=3.33e+00 γ=1.000 T=0.0504
2026-04-29 11:53:35,469 INFO train_distributed it=  49 lr=9.10e-04 loss_world=0.9961 |∇|=1.96e+01 γ=1.000 T=0.0505
2026-04-29 11:53:49,614 INFO train_distributed it=  59 lr=8.60e-04 loss_world=0.9893 |∇|=1.09e+00 γ=1.001 T=0.0507
2026-04-29 11:54:03,748 INFO train_distributed it=  69 lr=8.02e-04 loss_world=1.0826 |∇|=2.24e+01 γ=1.001 T=0.0507
2026-04-29 11:54:17,888 INFO train_distributed it=  79 lr=7.38e-04 loss_world=0.6125 |∇|=1.02e+00 γ=0.997 T=0.0505
2026-04-29 11:54:32,027 INFO train_distributed it=  89 lr=6.68e-04 loss_world=0.7680 |∇|=1.72e+00 γ=0.998 T=0.0505
2026-04-29 11:54:46,174 INFO train_distributed it=  99 lr=5.95e-04 loss_world=0.6693 |∇|=1.03e+00 γ=1.003 T=0.0507
2026-04-29 11:55:00,325 INFO train_distributed it= 109 lr=5.20e-04 loss_world=0.8422 |∇|=1.96e+00 γ=1.008 T=0.0509
2026-04-29 11:55:14,494 INFO train_distributed it= 119 lr=4.47e-04 loss_world=0.7574 |∇|=1.28e+00 γ=1.012 T=0.0511
2026-04-29 11:55:28,671 INFO train_distributed it= 129 lr=3.76e-04 loss_world=0.7961 |∇|=2.76e+00 γ=1.014 T=0.0511
2026-04-29 11:55:42,862 INFO train_distributed it= 139 lr=3.10e-04 loss_world=0.6275 |∇|=1.19e+00 γ=1.015 T=0.0512
2026-04-29 11:55:57,062 INFO train_distributed it= 149 lr=2.51e-04 loss_world=1.5530 |∇|=3.38e+00 γ=1.017 T=0.0513
2026-04-29 11:56:11,260 INFO train_distributed it= 159 lr=2.00e-04 loss_world=0.7625 |∇|=3.01e+00 γ=1.019 T=0.0513
2026-04-29 11:56:25,463 INFO train_distributed it= 169 lr=1.58e-04 loss_world=0.7086 |∇|=9.85e+00 γ=1.019 T=0.0513
2026-04-29 11:56:39,666 INFO train_distributed it= 179 lr=1.27e-04 loss_world=1.0325 |∇|=6.67e+00 γ=1.019 T=0.0513
2026-04-29 11:56:53,901 INFO train_distributed it= 189 lr=1.07e-04 loss_world=1.1397 |∇|=1.66e+01 γ=1.019 T=0.0513
2026-04-29 11:57:08,142 INFO train_distributed it= 199 lr=1.00e-04 loss_world=0.9406 |∇|=2.03e-01 γ=1.019 T=0.0513
2026-04-29 11:57:08,147 INFO train_distributed training finished in 284.7s (200 iters, world_size=1)
2026-04-29 11:57:08,148 INFO train_distributed [rank 0] peak HBM: alloc=9.15 GB, reserved=9.70 GB
2026-04-29 11:57:08,150 INFO train_distributed [rank 0] wrote experiments/047_arch_tier_4_2_dyngraph/results_t42_dyngraph_no_u_seed4/training_log.json
