2026-04-29 11:57:15,066 INFO train_distributed [dist] rank=0 world_size=1 local_rank=0 cuda_available=True
2026-04-29 11:57:15,111 INFO train_distributed loaded 2,841 returns for spx/2015-2026_daily
2026-04-29 11:57:15,119 INFO train_distributed targets: acf_sq=0.342 leverage_sum=-0.790 hill_alpha=2.68
2026-04-29 11:57:16,155 INFO train_distributed EcoMDSimulator built: 47261 parameters (device=cuda:0)
2026-04-29 11:57:18,955 INFO train_distributed it=   0 lr=1.00e-04 loss_world=40.8446 |∇|=3.56e+04 γ=1.000 T=0.0500
2026-04-29 11:57:32,767 INFO train_distributed it=   9 lr=1.00e-03 loss_world=2.8188 |∇|=6.72e+01 γ=1.000 T=0.0500
2026-04-29 11:57:48,227 INFO train_distributed it=  19 lr=9.95e-04 loss_world=2.8630 |∇|=1.55e+02 γ=1.004 T=0.0501
2026-04-29 11:58:03,722 INFO train_distributed it=  29 lr=9.78e-04 loss_world=4.0519 |∇|=4.45e+03 γ=1.008 T=0.0501
2026-04-29 11:58:19,243 INFO train_distributed it=  39 lr=9.49e-04 loss_world=1.7042 |∇|=3.30e+01 γ=1.010 T=0.0503
2026-04-29 11:58:34,735 INFO train_distributed it=  49 lr=9.10e-04 loss_world=1.0044 |∇|=3.48e+00 γ=1.012 T=0.0505
2026-04-29 11:58:50,134 INFO train_distributed it=  59 lr=8.60e-04 loss_world=0.7540 |∇|=1.03e+01 γ=1.013 T=0.0506
2026-04-29 11:59:05,496 INFO train_distributed it=  69 lr=8.02e-04 loss_world=0.8885 |∇|=1.21e+00 γ=1.014 T=0.0507
2026-04-29 11:59:20,850 INFO train_distributed it=  79 lr=7.38e-04 loss_world=0.8086 |∇|=8.41e-01 γ=1.014 T=0.0507
2026-04-29 11:59:36,209 INFO train_distributed it=  89 lr=6.68e-04 loss_world=0.8407 |∇|=1.66e-01 γ=1.014 T=0.0507
2026-04-29 11:59:51,565 INFO train_distributed it=  99 lr=5.95e-04 loss_world=1.0718 |∇|=1.82e+00 γ=1.015 T=0.0508
2026-04-29 12:00:06,917 INFO train_distributed it= 109 lr=5.20e-04 loss_world=0.8276 |∇|=2.00e+01 γ=1.016 T=0.0508
2026-04-29 12:00:22,240 INFO train_distributed it= 119 lr=4.47e-04 loss_world=0.8561 |∇|=6.71e+00 γ=1.015 T=0.0508
2026-04-29 12:00:37,568 INFO train_distributed it= 129 lr=3.76e-04 loss_world=0.7816 |∇|=3.70e+00 γ=1.015 T=0.0508
2026-04-29 12:00:52,896 INFO train_distributed it= 139 lr=3.10e-04 loss_world=0.9649 |∇|=2.62e+00 γ=1.015 T=0.0509
2026-04-29 12:01:08,238 INFO train_distributed it= 149 lr=2.51e-04 loss_world=0.8630 |∇|=1.11e+01 γ=1.015 T=0.0508
2026-04-29 12:01:23,603 INFO train_distributed it= 159 lr=2.00e-04 loss_world=0.9767 |∇|=1.94e+00 γ=1.015 T=0.0508
2026-04-29 12:01:38,960 INFO train_distributed it= 169 lr=1.58e-04 loss_world=0.8149 |∇|=4.86e-01 γ=1.014 T=0.0508
2026-04-29 12:01:54,309 INFO train_distributed it= 179 lr=1.27e-04 loss_world=0.6264 |∇|=1.33e+00 γ=1.014 T=0.0507
2026-04-29 12:02:09,682 INFO train_distributed it= 189 lr=1.07e-04 loss_world=0.8010 |∇|=3.00e+00 γ=1.014 T=0.0507
2026-04-29 12:02:25,026 INFO train_distributed it= 199 lr=1.00e-04 loss_world=0.9822 |∇|=2.34e+00 γ=1.014 T=0.0507
2026-04-29 12:02:25,033 INFO train_distributed training finished in 308.9s (200 iters, world_size=1)
2026-04-29 12:02:25,033 INFO train_distributed [rank 0] peak HBM: alloc=9.41 GB, reserved=10.01 GB
2026-04-29 12:02:25,036 INFO train_distributed [rank 0] wrote experiments/047_arch_tier_4_2_dyngraph/results_t42_dyngraph_seed2/training_log.json
