2026-04-29 17:14:51,132 INFO train_distributed [dist] rank=0 world_size=1 local_rank=0 cuda_available=True
2026-04-29 17:14:51,177 INFO train_distributed loaded 2,841 returns for spx/2015-2026_daily
2026-04-29 17:14:51,184 INFO train_distributed targets: acf_sq=0.342 leverage_sum=-0.790 hill_alpha=2.68
2026-04-29 17:14:53,176 INFO train_distributed EcoMDSimulator built: 47709 parameters (device=cuda:0)
2026-04-29 17:14:57,419 INFO train_distributed it=   0 lr=1.00e-04 loss_world=2.4068 |∇|=8.88e+01 γ=1.000 T=0.0500
2026-04-29 17:15:24,015 INFO train_distributed it=   9 lr=1.00e-03 loss_world=2.9400 |∇|=7.01e+01 γ=1.000 T=0.0503
2026-04-29 17:15:53,572 INFO train_distributed it=  19 lr=9.95e-04 loss_world=0.9785 |∇|=1.08e+02 γ=0.997 T=0.0505
2026-04-29 17:16:23,134 INFO train_distributed it=  29 lr=9.78e-04 loss_world=0.9682 |∇|=9.24e+01 γ=0.994 T=0.0506
2026-04-29 17:16:52,692 INFO train_distributed it=  39 lr=9.49e-04 loss_world=1.0836 |∇|=1.25e+01 γ=0.991 T=0.0507
2026-04-29 17:17:22,261 INFO train_distributed it=  49 lr=9.10e-04 loss_world=1.0573 |∇|=4.81e+01 γ=0.988 T=0.0508
2026-04-29 17:17:51,833 INFO train_distributed it=  59 lr=8.60e-04 loss_world=1.3271 |∇|=7.06e+01 γ=0.988 T=0.0509
2026-04-29 17:18:21,389 INFO train_distributed it=  69 lr=8.02e-04 loss_world=1.0657 |∇|=1.10e+02 γ=0.986 T=0.0510
2026-04-29 17:18:50,949 INFO train_distributed it=  79 lr=7.38e-04 loss_world=1.2989 |∇|=1.44e+01 γ=0.985 T=0.0510
2026-04-29 17:19:20,521 INFO train_distributed it=  89 lr=6.68e-04 loss_world=1.6720 |∇|=2.11e+02 γ=0.985 T=0.0511
2026-04-29 17:19:50,093 INFO train_distributed it=  99 lr=5.95e-04 loss_world=0.9375 |∇|=7.25e+01 γ=0.984 T=0.0511
2026-04-29 17:20:19,665 INFO train_distributed it= 109 lr=5.20e-04 loss_world=0.9725 |∇|=9.96e+01 γ=0.983 T=0.0511
2026-04-29 17:20:49,242 INFO train_distributed it= 119 lr=4.47e-04 loss_world=1.2085 |∇|=3.82e+01 γ=0.983 T=0.0511
2026-04-29 17:21:18,832 INFO train_distributed it= 129 lr=3.76e-04 loss_world=1.2303 |∇|=6.03e+01 γ=0.983 T=0.0511
2026-04-29 17:21:48,409 INFO train_distributed it= 139 lr=3.10e-04 loss_world=1.2624 |∇|=4.72e+01 γ=0.983 T=0.0511
2026-04-29 17:22:17,972 INFO train_distributed it= 149 lr=2.51e-04 loss_world=0.9136 |∇|=9.45e+01 γ=0.983 T=0.0511
2026-04-29 17:22:47,545 INFO train_distributed it= 159 lr=2.00e-04 loss_world=1.2361 |∇|=3.27e+01 γ=0.984 T=0.0511
2026-04-29 17:23:17,138 INFO train_distributed it= 169 lr=1.58e-04 loss_world=1.3059 |∇|=2.29e+02 γ=0.984 T=0.0511
2026-04-29 17:23:46,712 INFO train_distributed it= 179 lr=1.27e-04 loss_world=0.9389 |∇|=1.64e+02 γ=0.984 T=0.0511
2026-04-29 17:24:16,291 INFO train_distributed it= 189 lr=1.07e-04 loss_world=1.0542 |∇|=7.52e+01 γ=0.984 T=0.0511
2026-04-29 17:24:45,875 INFO train_distributed it= 199 lr=1.00e-04 loss_world=0.9575 |∇|=6.23e+01 γ=0.984 T=0.0511
2026-04-29 17:24:45,882 INFO train_distributed training finished in 592.7s (200 iters, world_size=1)
2026-04-29 17:24:45,882 INFO train_distributed [rank 0] peak HBM: alloc=12.09 GB, reserved=12.55 GB
2026-04-29 17:24:45,885 INFO train_distributed [rank 0] wrote experiments/047_arch_tier_4_2_dyngraph/results_t42_dyngraph_seed2/training_log.json
