2026-04-29 17:14:53,093 INFO train_distributed [dist] rank=0 world_size=1 local_rank=0 cuda_available=True
2026-04-29 17:14:53,138 INFO train_distributed loaded 2,841 returns for spx/2015-2026_daily
2026-04-29 17:14:53,146 INFO train_distributed targets: acf_sq=0.342 leverage_sum=-0.790 hill_alpha=2.68
2026-04-29 17:14:53,454 INFO train_distributed EcoMDSimulator built: 47709 parameters (device=cuda:0)
2026-04-29 17:14:57,951 INFO train_distributed it=   0 lr=1.00e-04 loss_world=5.0605 |∇|=2.39e+02 γ=1.000 T=0.0500
2026-04-29 17:15:24,559 INFO train_distributed it=   9 lr=1.00e-03 loss_world=2.3417 |∇|=1.16e+01 γ=0.997 T=0.0502
2026-04-29 17:15:54,122 INFO train_distributed it=  19 lr=9.95e-04 loss_world=1.2709 |∇|=5.11e+02 γ=0.992 T=0.0504
2026-04-29 17:16:23,689 INFO train_distributed it=  29 lr=9.78e-04 loss_world=1.0709 |∇|=1.75e+02 γ=0.989 T=0.0506
2026-04-29 17:16:53,250 INFO train_distributed it=  39 lr=9.49e-04 loss_world=1.3157 |∇|=2.94e+01 γ=0.986 T=0.0508
2026-04-29 17:17:22,832 INFO train_distributed it=  49 lr=9.10e-04 loss_world=1.1755 |∇|=6.10e+00 γ=0.985 T=0.0509
2026-04-29 17:17:52,403 INFO train_distributed it=  59 lr=8.60e-04 loss_world=1.5645 |∇|=5.28e+01 γ=0.985 T=0.0509
2026-04-29 17:18:21,970 INFO train_distributed it=  69 lr=8.02e-04 loss_world=1.1581 |∇|=8.71e+01 γ=0.984 T=0.0510
2026-04-29 17:18:51,549 INFO train_distributed it=  79 lr=7.38e-04 loss_world=0.7235 |∇|=2.03e+01 γ=0.984 T=0.0511
2026-04-29 17:19:21,124 INFO train_distributed it=  89 lr=6.68e-04 loss_world=1.4968 |∇|=1.80e+03 γ=0.983 T=0.0511
2026-04-29 17:19:50,692 INFO train_distributed it=  99 lr=5.95e-04 loss_world=1.6967 |∇|=2.25e+02 γ=0.982 T=0.0512
2026-04-29 17:20:20,259 INFO train_distributed it= 109 lr=5.20e-04 loss_world=0.7784 |∇|=2.93e+02 γ=0.981 T=0.0512
2026-04-29 17:20:49,829 INFO train_distributed it= 119 lr=4.47e-04 loss_world=1.1998 |∇|=1.16e+02 γ=0.980 T=0.0512
2026-04-29 17:21:19,401 INFO train_distributed it= 129 lr=3.76e-04 loss_world=1.1197 |∇|=7.36e+02 γ=0.979 T=0.0513
2026-04-29 17:21:48,978 INFO train_distributed it= 139 lr=3.10e-04 loss_world=1.1519 |∇|=8.23e+01 γ=0.979 T=0.0514
2026-04-29 17:22:18,545 INFO train_distributed it= 149 lr=2.51e-04 loss_world=1.5216 |∇|=1.66e+02 γ=0.979 T=0.0514
2026-04-29 17:22:48,113 INFO train_distributed it= 159 lr=2.00e-04 loss_world=0.9767 |∇|=1.58e+02 γ=0.979 T=0.0514
2026-04-29 17:23:17,704 INFO train_distributed it= 169 lr=1.58e-04 loss_world=0.9053 |∇|=1.54e+02 γ=0.979 T=0.0514
2026-04-29 17:23:47,276 INFO train_distributed it= 179 lr=1.27e-04 loss_world=1.2963 |∇|=2.46e+03 γ=0.979 T=0.0514
2026-04-29 17:24:16,840 INFO train_distributed it= 189 lr=1.07e-04 loss_world=1.5683 |∇|=1.04e+03 γ=0.979 T=0.0514
2026-04-29 17:24:46,409 INFO train_distributed it= 199 lr=1.00e-04 loss_world=0.9805 |∇|=8.96e+02 γ=0.979 T=0.0514
2026-04-29 17:24:46,416 INFO train_distributed training finished in 593.0s (200 iters, world_size=1)
2026-04-29 17:24:46,416 INFO train_distributed [rank 0] peak HBM: alloc=12.09 GB, reserved=12.55 GB
2026-04-29 17:24:46,420 INFO train_distributed [rank 0] wrote experiments/047_arch_tier_4_2_dyngraph/results_t42_dyngraph_seed4/training_log.json
