2026-04-29 11:57:16,326 INFO train_distributed [dist] rank=0 world_size=1 local_rank=0 cuda_available=True
2026-04-29 11:57:16,371 INFO train_distributed loaded 2,841 returns for spx/2015-2026_daily
2026-04-29 11:57:16,379 INFO train_distributed targets: acf_sq=0.342 leverage_sum=-0.790 hill_alpha=2.68
2026-04-29 11:57:16,680 INFO train_distributed EcoMDSimulator built: 47261 parameters (device=cuda:0)
2026-04-29 11:57:19,458 INFO train_distributed it=   0 lr=1.00e-04 loss_world=5.9374 |∇|=1.23e+03 γ=1.000 T=0.0500
2026-04-29 11:57:33,112 INFO train_distributed it=   9 lr=1.00e-03 loss_world=8.4486 |∇|=1.79e+03 γ=0.997 T=0.0501
2026-04-29 11:57:48,413 INFO train_distributed it=  19 lr=9.95e-04 loss_world=0.7978 |∇|=3.07e+01 γ=0.994 T=0.0502
2026-04-29 11:58:03,728 INFO train_distributed it=  29 lr=9.78e-04 loss_world=0.7684 |∇|=1.41e+01 γ=0.993 T=0.0503
2026-04-29 11:58:19,028 INFO train_distributed it=  39 lr=9.49e-04 loss_world=1.5222 |∇|=6.71e+01 γ=0.993 T=0.0503
2026-04-29 11:58:34,320 INFO train_distributed it=  49 lr=9.10e-04 loss_world=2.5305 |∇|=9.53e+02 γ=0.993 T=0.0503
2026-04-29 11:58:49,627 INFO train_distributed it=  59 lr=8.60e-04 loss_world=1.7763 |∇|=2.96e+02 γ=0.995 T=0.0503
2026-04-29 11:59:04,925 INFO train_distributed it=  69 lr=8.02e-04 loss_world=1.0980 |∇|=1.13e+02 γ=0.998 T=0.0503
2026-04-29 11:59:20,228 INFO train_distributed it=  79 lr=7.38e-04 loss_world=4.5161 |∇|=4.80e+03 γ=1.001 T=0.0503
2026-04-29 11:59:35,528 INFO train_distributed it=  89 lr=6.68e-04 loss_world=1.3974 |∇|=1.70e+02 γ=1.004 T=0.0503
2026-04-29 11:59:50,830 INFO train_distributed it=  99 lr=5.95e-04 loss_world=1.3403 |∇|=2.89e+02 γ=1.005 T=0.0503
2026-04-29 12:00:06,127 INFO train_distributed it= 109 lr=5.20e-04 loss_world=1.2631 |∇|=1.54e+02 γ=1.005 T=0.0503
2026-04-29 12:00:21,422 INFO train_distributed it= 119 lr=4.47e-04 loss_world=0.9810 |∇|=1.05e+02 γ=1.006 T=0.0503
2026-04-29 12:00:36,733 INFO train_distributed it= 129 lr=3.76e-04 loss_world=2.1286 |∇|=2.10e+03 γ=1.007 T=0.0503
2026-04-29 12:00:52,047 INFO train_distributed it= 139 lr=3.10e-04 loss_world=1.5569 |∇|=2.14e+02 γ=1.007 T=0.0504
2026-04-29 12:01:07,342 INFO train_distributed it= 149 lr=2.51e-04 loss_world=1.1612 |∇|=2.27e+02 γ=1.007 T=0.0504
2026-04-29 12:01:22,638 INFO train_distributed it= 159 lr=2.00e-04 loss_world=1.3072 |∇|=1.96e+02 γ=1.007 T=0.0504
2026-04-29 12:01:37,931 INFO train_distributed it= 169 lr=1.58e-04 loss_world=1.6229 |∇|=6.41e+01 γ=1.006 T=0.0504
2026-04-29 12:01:53,223 INFO train_distributed it= 179 lr=1.27e-04 loss_world=1.0821 |∇|=1.47e+02 γ=1.006 T=0.0504
2026-04-29 12:02:08,516 INFO train_distributed it= 189 lr=1.07e-04 loss_world=1.2624 |∇|=3.55e+02 γ=1.007 T=0.0504
2026-04-29 12:02:23,798 INFO train_distributed it= 199 lr=1.00e-04 loss_world=0.9523 |∇|=5.16e+02 γ=1.007 T=0.0504
2026-04-29 12:02:23,805 INFO train_distributed training finished in 307.1s (200 iters, world_size=1)
2026-04-29 12:02:23,805 INFO train_distributed [rank 0] peak HBM: alloc=9.41 GB, reserved=10.01 GB
2026-04-29 12:02:23,808 INFO train_distributed [rank 0] wrote experiments/047_arch_tier_4_2_dyngraph/results_t42_dyngraph_seed4/training_log.json
