═══ ARCH OVERNIGHT — Tue Apr 28 06:08:17 PM CST 2026 ═══
  SKIP_DONE=1 PARALLEL=8 NPROC=1

═══ PHASE: experiments/037_arch_tier_1_1_memory ═══
[guard] NPROC=1 PARALLEL=8 visible GPUs=8 DIR=experiments/037_arch_tier_1_1_memory
═══ PHASE RUN — Tue Apr 28 06:08:17 PM CST 2026 ═══
  CONFIG_DIR=experiments/037_arch_tier_1_1_memory NPROC=1 PARALLEL=8 SKIP_DONE=1
  Configs: 10

═ TRAIN t11_memory_seed0 (card 0) ═ 18:08:17

═ TRAIN t11_memory_seed1 (card 1) ═ 18:08:17

═ TRAIN t11_memory_seed2 (card 2) ═ 18:08:17

═ TRAIN t11_memory_seed3 (card 3) ═ 18:08:17

═ TRAIN t11_memory_seed4 (card 4) ═ 18:08:17

═ TRAIN t11_memory_seed5 (card 5) ═ 18:08:17

═ TRAIN t11_memory_seed6 (card 6) ═ 18:08:17

═ TRAIN t11_memory_seed7 (card 7) ═ 18:08:17
  ✓ t11_memory_seed4 234s (card 4)

═ TRAIN t11_memory_seed8 (card 0) ═ 18:12:11
  ✓ t11_memory_seed6 235s (card 6)

═ TRAIN t11_memory_seed9 (card 1) ═ 18:12:12
  ✓ t11_memory_seed7 235s (card 7)
  ✓ t11_memory_seed2 235s (card 2)
  ✓ t11_memory_seed1 235s (card 1)
  ✓ t11_memory_seed3 235s (card 3)
  ✓ t11_memory_seed0 235s (card 0)
  ✓ t11_memory_seed5 236s (card 5)
  ✓ t11_memory_seed8 231s (card 0)
  ✓ t11_memory_seed9 230s (card 1)

═ EVAL  t11_memory_seed0 (card 0) ═ 18:16:02

═ EVAL  t11_memory_seed1 (card 1) ═ 18:16:02

═ EVAL  t11_memory_seed2 (card 2) ═ 18:16:02

═ EVAL  t11_memory_seed3 (card 3) ═ 18:16:02

═ EVAL  t11_memory_seed4 (card 4) ═ 18:16:02

═ EVAL  t11_memory_seed5 (card 5) ═ 18:16:02

═ EVAL  t11_memory_seed6 (card 6) ═ 18:16:02

═ EVAL  t11_memory_seed7 (card 7) ═ 18:16:02
  ✓ eval t11_memory_seed4 189s (card 4)

═ EVAL  t11_memory_seed8 (card 0) ═ 18:19:11
  ✓ eval t11_memory_seed7 189s (card 7)

═ EVAL  t11_memory_seed9 (card 1) ═ 18:19:11
  ✓ eval t11_memory_seed0 190s (card 0)
  ✓ eval t11_memory_seed6 190s (card 6)
  ✓ eval t11_memory_seed3 190s (card 3)
  ✓ eval t11_memory_seed1 190s (card 1)
  ✓ eval t11_memory_seed2 190s (card 2)
  ✓ eval t11_memory_seed5 190s (card 5)
  ✓ eval t11_memory_seed9 186s (card 1)
  ✓ eval t11_memory_seed8 186s (card 0)

═══ DONE — Tue Apr 28 06:22:17 PM CST 2026 ═══
  [phase experiments/037_arch_tier_1_1_memory] elapsed 840s

═══ PHASE: experiments/040_arch_tier_2_1_jumps ═══
[guard] NPROC=1 PARALLEL=8 visible GPUs=8 DIR=experiments/040_arch_tier_2_1_jumps
═══ PHASE RUN — Tue Apr 28 06:22:17 PM CST 2026 ═══
  CONFIG_DIR=experiments/040_arch_tier_2_1_jumps NPROC=1 PARALLEL=8 SKIP_DONE=1
  Configs: 10

═ TRAIN t21_jumps_seed0 (card 0) ═ 18:22:17

═ TRAIN t21_jumps_seed1 (card 1) ═ 18:22:17

═ TRAIN t21_jumps_seed2 (card 2) ═ 18:22:17

═ TRAIN t21_jumps_seed3 (card 3) ═ 18:22:17

═ TRAIN t21_jumps_seed4 (card 4) ═ 18:22:17

═ TRAIN t21_jumps_seed5 (card 5) ═ 18:22:17

═ TRAIN t21_jumps_seed6 (card 6) ═ 18:22:17

═ TRAIN t21_jumps_seed7 (card 7) ═ 18:22:17
  ✓ t21_jumps_seed6 230s (card 6)

═ TRAIN t21_jumps_seed8 (card 0) ═ 18:26:07
  ✓ t21_jumps_seed4 230s (card 4)

═ TRAIN t21_jumps_seed9 (card 1) ═ 18:26:07
  ✓ t21_jumps_seed3 230s (card 3)
  ✓ t21_jumps_seed7 230s (card 7)
  ✓ t21_jumps_seed2 230s (card 2)
  ✓ t21_jumps_seed0 231s (card 0)
  ✓ t21_jumps_seed1 232s (card 1)
  ✓ t21_jumps_seed5 234s (card 5)
  ✓ t21_jumps_seed8 225s (card 0)
  ✓ t21_jumps_seed9 226s (card 1)

═ EVAL  t21_jumps_seed0 (card 0) ═ 18:29:53

═ EVAL  t21_jumps_seed1 (card 1) ═ 18:29:53

═ EVAL  t21_jumps_seed2 (card 2) ═ 18:29:53

═ EVAL  t21_jumps_seed3 (card 3) ═ 18:29:53

═ EVAL  t21_jumps_seed4 (card 4) ═ 18:29:53

═ EVAL  t21_jumps_seed5 (card 5) ═ 18:29:53

═ EVAL  t21_jumps_seed6 (card 6) ═ 18:29:53

═ EVAL  t21_jumps_seed7 (card 7) ═ 18:29:53
  ✓ eval t21_jumps_seed3 187s (card 3)

═ EVAL  t21_jumps_seed8 (card 0) ═ 18:33:00
  ✓ eval t21_jumps_seed0 187s (card 0)

═ EVAL  t21_jumps_seed9 (card 1) ═ 18:33:00
  ✓ eval t21_jumps_seed7 188s (card 7)
  ✓ eval t21_jumps_seed1 188s (card 1)
  ✓ eval t21_jumps_seed4 188s (card 4)
  ✓ eval t21_jumps_seed6 188s (card 6)
  ✓ eval t21_jumps_seed2 188s (card 2)
  ✓ eval t21_jumps_seed5 189s (card 5)
  ✓ eval t21_jumps_seed9 182s (card 1)
  ✓ eval t21_jumps_seed8 183s (card 0)

═══ DONE — Tue Apr 28 06:36:03 PM CST 2026 ═══
  [phase experiments/040_arch_tier_2_1_jumps] elapsed 826s

═══ PHASE: experiments/042_arch_tier_3_1_isab ═══
[guard] NPROC=1 PARALLEL=8 visible GPUs=8 DIR=experiments/042_arch_tier_3_1_isab
═══ PHASE RUN — Tue Apr 28 06:36:03 PM CST 2026 ═══
  CONFIG_DIR=experiments/042_arch_tier_3_1_isab NPROC=1 PARALLEL=8 SKIP_DONE=1
  Configs: 10

═ TRAIN t31_isab_seed0 (card 0) ═ 18:36:03

═ TRAIN t31_isab_seed1 (card 1) ═ 18:36:03

═ TRAIN t31_isab_seed2 (card 2) ═ 18:36:03

═ TRAIN t31_isab_seed3 (card 3) ═ 18:36:03

═ TRAIN t31_isab_seed4 (card 4) ═ 18:36:03

═ TRAIN t31_isab_seed5 (card 5) ═ 18:36:03

═ TRAIN t31_isab_seed6 (card 6) ═ 18:36:03

═ TRAIN t31_isab_seed7 (card 7) ═ 18:36:03
  ✓ t31_isab_seed5 64s (card 5)

═ TRAIN t31_isab_seed8 (card 0) ═ 18:37:07
  ✓ t31_isab_seed2 64s (card 2)

═ TRAIN t31_isab_seed9 (card 1) ═ 18:37:07
  ✓ t31_isab_seed6 65s (card 6)
  ✓ t31_isab_seed0 65s (card 0)
  ✓ t31_isab_seed7 65s (card 7)
  ✓ t31_isab_seed4 65s (card 4)
  ✓ t31_isab_seed3 65s (card 3)
  ✓ t31_isab_seed1 66s (card 1)
  ✓ t31_isab_seed8 60s (card 0)
  ✓ t31_isab_seed9 60s (card 1)

═ EVAL  t31_isab_seed0 (card 0) ═ 18:38:07

═ EVAL  t31_isab_seed1 (card 1) ═ 18:38:07

═ EVAL  t31_isab_seed2 (card 2) ═ 18:38:07

═ EVAL  t31_isab_seed3 (card 3) ═ 18:38:07

═ EVAL  t31_isab_seed4 (card 4) ═ 18:38:07

═ EVAL  t31_isab_seed5 (card 5) ═ 18:38:07

═ EVAL  t31_isab_seed6 (card 6) ═ 18:38:07

═ EVAL  t31_isab_seed7 (card 7) ═ 18:38:07
  ✓ eval t31_isab_seed3 62s (card 3)

═ EVAL  t31_isab_seed8 (card 0) ═ 18:39:09
  ✓ eval t31_isab_seed5 63s (card 5)

═ EVAL  t31_isab_seed9 (card 1) ═ 18:39:10
  ✓ eval t31_isab_seed1 64s (card 1)
  ✓ eval t31_isab_seed6 64s (card 6)
  ✓ eval t31_isab_seed0 64s (card 0)
  ✓ eval t31_isab_seed4 64s (card 4)
  ✓ eval t31_isab_seed2 65s (card 2)
  ✓ eval t31_isab_seed7 65s (card 7)
  ✓ eval t31_isab_seed8 57s (card 0)
  ✓ eval t31_isab_seed9 57s (card 1)

═══ DONE — Tue Apr 28 06:40:07 PM CST 2026 ═══
  [phase experiments/042_arch_tier_3_1_isab] elapsed 244s

═══ PHASE: experiments/038_arch_tier_1_2_kernels ═══
[guard] NPROC=1 PARALLEL=8 visible GPUs=8 DIR=experiments/038_arch_tier_1_2_kernels
═══ PHASE RUN — Tue Apr 28 06:40:07 PM CST 2026 ═══
  CONFIG_DIR=experiments/038_arch_tier_1_2_kernels NPROC=1 PARALLEL=8 SKIP_DONE=1
  Configs: 10

═ TRAIN t12_kernels_seed0 (card 0) ═ 18:40:07

═ TRAIN t12_kernels_seed1 (card 1) ═ 18:40:07

═ TRAIN t12_kernels_seed2 (card 2) ═ 18:40:07

═ TRAIN t12_kernels_seed3 (card 3) ═ 18:40:07

═ TRAIN t12_kernels_seed4 (card 4) ═ 18:40:07

═ TRAIN t12_kernels_seed5 (card 5) ═ 18:40:07

═ TRAIN t12_kernels_seed6 (card 6) ═ 18:40:07

═ TRAIN t12_kernels_seed7 (card 7) ═ 18:40:07
  ✓ t12_kernels_seed3 459s (card 3)

═ TRAIN t12_kernels_seed8 (card 0) ═ 18:47:46
  ✓ t12_kernels_seed4 459s (card 4)

═ TRAIN t12_kernels_seed9 (card 1) ═ 18:47:46
  ✓ t12_kernels_seed1 460s (card 1)
  ✓ t12_kernels_seed6 460s (card 6)
  ✓ t12_kernels_seed7 460s (card 7)
  ✓ t12_kernels_seed0 460s (card 0)
  ✓ t12_kernels_seed5 460s (card 5)
  ✓ t12_kernels_seed2 460s (card 2)
  ✓ t12_kernels_seed9 456s (card 1)
  ✓ t12_kernels_seed8 456s (card 0)

═ EVAL  t12_kernels_seed0 (card 0) ═ 18:55:22

═ EVAL  t12_kernels_seed1 (card 1) ═ 18:55:22

═ EVAL  t12_kernels_seed2 (card 2) ═ 18:55:22

═ EVAL  t12_kernels_seed3 (card 3) ═ 18:55:22

═ EVAL  t12_kernels_seed4 (card 4) ═ 18:55:22

═ EVAL  t12_kernels_seed5 (card 5) ═ 18:55:22

═ EVAL  t12_kernels_seed6 (card 6) ═ 18:55:22

═ EVAL  t12_kernels_seed7 (card 7) ═ 18:55:22
  ✓ eval t12_kernels_seed4 205s (card 4)

═ EVAL  t12_kernels_seed8 (card 0) ═ 18:58:47
  ✓ eval t12_kernels_seed7 205s (card 7)

═ EVAL  t12_kernels_seed9 (card 1) ═ 18:58:47
  ✓ eval t12_kernels_seed3 205s (card 3)
  ✓ eval t12_kernels_seed6 205s (card 6)
  ✓ eval t12_kernels_seed0 205s (card 0)
  ✓ eval t12_kernels_seed2 205s (card 2)
  ✓ eval t12_kernels_seed1 206s (card 1)
  ✓ eval t12_kernels_seed5 206s (card 5)
  ✓ eval t12_kernels_seed8 201s (card 0)
  ✓ eval t12_kernels_seed9 201s (card 1)

═══ DONE — Tue Apr 28 07:02:08 PM CST 2026 ═══
  [phase experiments/038_arch_tier_1_2_kernels] elapsed 1321s

═══ PHASE: experiments/039_arch_tier_1_3_features ═══
[guard] NPROC=1 PARALLEL=8 visible GPUs=8 DIR=experiments/039_arch_tier_1_3_features
═══ PHASE RUN — Tue Apr 28 07:02:08 PM CST 2026 ═══
  CONFIG_DIR=experiments/039_arch_tier_1_3_features NPROC=1 PARALLEL=8 SKIP_DONE=1
  Configs: 10

═ TRAIN t13_features_all_seed0 (card 0) ═ 19:02:08

═ TRAIN t13_features_all_seed1 (card 1) ═ 19:02:08

═ TRAIN t13_features_all_seed2 (card 2) ═ 19:02:08

═ TRAIN t13_features_all_seed3 (card 3) ═ 19:02:08

═ TRAIN t13_features_all_seed4 (card 4) ═ 19:02:08

═ TRAIN t13_features_all_seed5 (card 5) ═ 19:02:08

═ TRAIN t13_features_all_seed6 (card 6) ═ 19:02:08

═ TRAIN t13_features_all_seed7 (card 7) ═ 19:02:08
  ✓ t13_features_all_seed6 265s (card 6)

═ TRAIN t13_features_all_seed8 (card 0) ═ 19:06:34
  ✓ t13_features_all_seed3 266s (card 3)

═ TRAIN t13_features_all_seed9 (card 1) ═ 19:06:34
  ✓ t13_features_all_seed5 266s (card 5)
  ✓ t13_features_all_seed2 267s (card 2)
  ✓ t13_features_all_seed7 267s (card 7)
  ✓ t13_features_all_seed4 267s (card 4)
  ✓ t13_features_all_seed0 267s (card 0)
  ✓ t13_features_all_seed1 267s (card 1)
  ✓ t13_features_all_seed9 261s (card 1)
  ✓ t13_features_all_seed8 262s (card 0)

═ EVAL  t13_features_all_seed0 (card 0) ═ 19:10:56

═ EVAL  t13_features_all_seed1 (card 1) ═ 19:10:56

═ EVAL  t13_features_all_seed2 (card 2) ═ 19:10:56

═ EVAL  t13_features_all_seed3 (card 3) ═ 19:10:56

═ EVAL  t13_features_all_seed4 (card 4) ═ 19:10:56

═ EVAL  t13_features_all_seed5 (card 5) ═ 19:10:56

═ EVAL  t13_features_all_seed6 (card 6) ═ 19:10:56

═ EVAL  t13_features_all_seed7 (card 7) ═ 19:10:56
  ✗ eval t13_features_all_seed6 exit=1 (card 6)

═ EVAL  t13_features_all_seed8 (card 0) ═ 19:11:57
  ✗ eval t13_features_all_seed2 exit=1 (card 2)

═ EVAL  t13_features_all_seed9 (card 1) ═ 19:11:57
  ✗ eval t13_features_all_seed5 exit=1 (card 5)
  ✗ eval t13_features_all_seed4 exit=1 (card 4)
  ✗ eval t13_features_all_seed3 exit=1 (card 3)
  ✗ eval t13_features_all_seed7 exit=1 (card 7)
  ✗ eval t13_features_all_seed1 exit=1 (card 1)
  ✗ eval t13_features_all_seed0 exit=1 (card 0)
  ✗ eval t13_features_all_seed8 exit=1 (card 0)
  ✗ eval t13_features_all_seed9 exit=1 (card 1)

═══ DONE — Tue Apr 28 07:12:54 PM CST 2026 ═══
  [phase experiments/039_arch_tier_1_3_features] elapsed 646s

═══ PHASE: experiments/041_arch_tier_2_2_multitimescale ═══
[guard] NPROC=1 PARALLEL=8 visible GPUs=8 DIR=experiments/041_arch_tier_2_2_multitimescale
═══ PHASE RUN — Tue Apr 28 07:12:55 PM CST 2026 ═══
  CONFIG_DIR=experiments/041_arch_tier_2_2_multitimescale NPROC=1 PARALLEL=8 SKIP_DONE=1
  Configs: 10

═ TRAIN t22_multitimescale_seed0 (card 0) ═ 19:12:55

═ TRAIN t22_multitimescale_seed1 (card 1) ═ 19:12:55

═ TRAIN t22_multitimescale_seed2 (card 2) ═ 19:12:55

═ TRAIN t22_multitimescale_seed3 (card 3) ═ 19:12:55

═ TRAIN t22_multitimescale_seed4 (card 4) ═ 19:12:55

═ TRAIN t22_multitimescale_seed5 (card 5) ═ 19:12:55

═ TRAIN t22_multitimescale_seed6 (card 6) ═ 19:12:55

═ TRAIN t22_multitimescale_seed7 (card 7) ═ 19:12:55
  ✓ t22_multitimescale_seed7 229s (card 7)

═ TRAIN t22_multitimescale_seed8 (card 0) ═ 19:16:44
  ✓ t22_multitimescale_seed6 229s (card 6)

═ TRAIN t22_multitimescale_seed9 (card 1) ═ 19:16:44
  ✓ t22_multitimescale_seed4 229s (card 4)
  ✓ t22_multitimescale_seed3 229s (card 3)
  ✓ t22_multitimescale_seed2 229s (card 2)
  ✓ t22_multitimescale_seed0 230s (card 0)
  ✓ t22_multitimescale_seed1 230s (card 1)
  ✓ t22_multitimescale_seed5 232s (card 5)
  ✓ t22_multitimescale_seed8 226s (card 0)
  ✓ t22_multitimescale_seed9 226s (card 1)

═ EVAL  t22_multitimescale_seed0 (card 0) ═ 19:20:30

═ EVAL  t22_multitimescale_seed1 (card 1) ═ 19:20:30

═ EVAL  t22_multitimescale_seed2 (card 2) ═ 19:20:30

═ EVAL  t22_multitimescale_seed3 (card 3) ═ 19:20:30

═ EVAL  t22_multitimescale_seed4 (card 4) ═ 19:20:30

═ EVAL  t22_multitimescale_seed5 (card 5) ═ 19:20:30

═ EVAL  t22_multitimescale_seed6 (card 6) ═ 19:20:30

═ EVAL  t22_multitimescale_seed7 (card 7) ═ 19:20:30
  ✓ eval t22_multitimescale_seed3 187s (card 3)

═ EVAL  t22_multitimescale_seed8 (card 0) ═ 19:23:37
  ✓ eval t22_multitimescale_seed7 187s (card 7)

═ EVAL  t22_multitimescale_seed9 (card 1) ═ 19:23:37
  ✓ eval t22_multitimescale_seed6 187s (card 6)
  ✓ eval t22_multitimescale_seed0 187s (card 0)
  ✓ eval t22_multitimescale_seed4 188s (card 4)
  ✓ eval t22_multitimescale_seed2 188s (card 2)
  ✓ eval t22_multitimescale_seed1 188s (card 1)
  ✓ eval t22_multitimescale_seed5 188s (card 5)
  ✓ eval t22_multitimescale_seed8 182s (card 0)
  ✓ eval t22_multitimescale_seed9 182s (card 1)

═══ DONE — Tue Apr 28 07:26:39 PM CST 2026 ═══
  [phase experiments/041_arch_tier_2_2_multitimescale] elapsed 825s

═══ PHASE: experiments/043_arch_pairs ═══
[guard] NPROC=1 PARALLEL=8 visible GPUs=8 DIR=experiments/043_arch_pairs
═══ PHASE RUN — Tue Apr 28 07:26:39 PM CST 2026 ═══
  CONFIG_DIR=experiments/043_arch_pairs NPROC=1 PARALLEL=8 SKIP_DONE=1
  Configs: 30

═ TRAIN p_1_1__1_2_seed0 (card 0) ═ 19:26:39

═ TRAIN p_1_1__1_2_seed1 (card 1) ═ 19:26:39

═ TRAIN p_1_1__1_2_seed2 (card 2) ═ 19:26:39

═ TRAIN p_1_1__1_2_seed3 (card 3) ═ 19:26:39

═ TRAIN p_1_1__1_2_seed4 (card 4) ═ 19:26:39

═ TRAIN p_1_1__1_3_seed0 (card 5) ═ 19:26:39

═ TRAIN p_1_1__1_3_seed1 (card 6) ═ 19:26:39

═ TRAIN p_1_1__1_3_seed2 (card 7) ═ 19:26:39
  ✓ p_1_1__1_3_seed0 272s (card 5)

═ TRAIN p_1_1__1_3_seed3 (card 0) ═ 19:31:11
  ✓ p_1_1__1_3_seed1 272s (card 6)

═ TRAIN p_1_1__1_3_seed4 (card 1) ═ 19:31:11
  ✓ p_1_1__1_3_seed2 272s (card 7)

═ TRAIN p_1_1__2_1_seed0 (card 2) ═ 19:31:12
  ✓ p_1_1__1_2_seed3 465s (card 3)

═ TRAIN p_1_1__2_1_seed1 (card 3) ═ 19:34:24
  ✓ p_1_1__1_2_seed4 466s (card 4)

═ TRAIN p_1_1__2_1_seed2 (card 4) ═ 19:34:25
  ✓ p_1_1__1_2_seed0 668s (card 0)

═ TRAIN p_1_1__2_1_seed3 (card 5) ═ 19:37:47
  ✓ p_1_1__1_2_seed2 669s (card 2)

═ TRAIN p_1_1__2_1_seed4 (card 6) ═ 19:37:48
  ✓ p_1_1__1_2_seed1 670s (card 1)

═ TRAIN p_1_2__1_3_seed0 (card 7) ═ 19:37:49
  ✓ p_1_1__2_1_seed2 230s (card 4)

═ TRAIN p_1_2__1_3_seed1 (card 0) ═ 19:38:15
  ✓ p_1_1__2_1_seed1 231s (card 3)

═ TRAIN p_1_2__1_3_seed2 (card 1) ═ 19:38:15
  ✓ p_1_1__2_1_seed0 437s (card 2)

═ TRAIN p_1_2__1_3_seed3 (card 2) ═ 19:38:29
  ✓ p_1_1__1_3_seed3 528s (card 0)

═ TRAIN p_1_2__1_3_seed4 (card 3) ═ 19:39:59
  ✓ p_1_1__1_3_seed4 530s (card 1)

═ TRAIN p_2_1__2_2_seed0 (card 4) ═ 19:40:01
  ✓ p_1_1__2_1_seed4 231s (card 6)

═ TRAIN p_2_1__2_2_seed1 (card 5) ═ 19:41:39
  ✓ p_1_1__2_1_seed3 234s (card 5)

═ TRAIN p_2_1__2_2_seed2 (card 6) ═ 19:41:41
  ✓ p_2_1__2_2_seed0 225s (card 4)

═ TRAIN p_2_1__2_2_seed3 (card 7) ═ 19:43:46
  ✓ p_2_1__2_2_seed2 225s (card 6)

═ TRAIN p_2_1__2_2_seed4 (card 0) ═ 19:45:26
  ✓ p_2_1__2_2_seed1 229s (card 5)

═ TRAIN p_3_1__1_3_seed0 (card 1) ═ 19:45:28
  ✓ p_1_2__1_3_seed3 493s (card 2)

═ TRAIN p_3_1__1_3_seed1 (card 2) ═ 19:46:42
  ✓ p_3_1__1_3_seed0 105s (card 1)

═ TRAIN p_3_1__1_3_seed2 (card 3) ═ 19:47:13
  ✓ p_3_1__1_3_seed1 59s (card 2)

═ TRAIN p_3_1__1_3_seed3 (card 4) ═ 19:47:41
  ✓ p_1_2__1_3_seed2 592s (card 1)

═ TRAIN p_3_1__1_3_seed4 (card 5) ═ 19:48:07
  ✓ p_1_2__1_3_seed0 634s (card 7)
  ✓ p_3_1__1_3_seed3 60s (card 4)
  ✓ p_3_1__1_3_seed2 105s (card 3)
  ✓ p_1_2__1_3_seed4 539s (card 3)
  ✓ p_3_1__1_3_seed4 60s (card 5)
  ✓ p_1_2__1_3_seed1 662s (card 0)
  ✓ p_2_1__2_2_seed3 370s (card 7)
  ✓ p_2_1__2_2_seed4 346s (card 0)

═ EVAL  p_1_1__1_2_seed0 (card 0) ═ 19:51:12

═ EVAL  p_1_1__1_2_seed1 (card 1) ═ 19:51:12

═ EVAL  p_1_1__1_2_seed2 (card 2) ═ 19:51:12

═ EVAL  p_1_1__1_2_seed3 (card 3) ═ 19:51:12

═ EVAL  p_1_1__1_2_seed4 (card 4) ═ 19:51:12

═ EVAL  p_1_1__1_3_seed0 (card 5) ═ 19:51:12

═ EVAL  p_1_1__1_3_seed1 (card 6) ═ 19:51:12

═ EVAL  p_1_1__1_3_seed2 (card 7) ═ 19:51:12
  ✗ eval p_1_1__1_3_seed0 exit=1 (card 5)

═ EVAL  p_1_1__1_3_seed3 (card 0) ═ 19:52:15
  ✗ eval p_1_1__1_3_seed1 exit=1 (card 6)

═ EVAL  p_1_1__1_3_seed4 (card 1) ═ 19:52:15
  ✗ eval p_1_1__1_3_seed2 exit=1 (card 7)

═ EVAL  p_1_1__2_1_seed0 (card 2) ═ 19:52:15
  ✗ eval p_1_1__1_2_seed2 exit=1 (card 2)

═ EVAL  p_1_1__2_1_seed1 (card 3) ═ 19:53:44
  ✗ eval p_1_1__1_3_seed3 exit=1 (card 0)

═ EVAL  p_1_1__2_1_seed2 (card 4) ═ 19:53:53
  ✗ eval p_1_1__1_3_seed4 exit=1 (card 1)

═ EVAL  p_1_1__2_1_seed3 (card 5) ═ 19:53:54
  ✗ eval p_1_1__2_1_seed1 exit=1 (card 3)

═ EVAL  p_1_1__2_1_seed4 (card 6) ═ 19:54:58
  ✗ eval p_1_1__2_1_seed2 exit=1 (card 4)

═ EVAL  p_1_2__1_3_seed0 (card 7) ═ 19:55:09
  ✓ eval p_1_1__1_2_seed3 243s (card 3)

═ EVAL  p_1_2__1_3_seed1 (card 0) ═ 19:55:15
  ✓ eval p_1_1__1_2_seed4 244s (card 4)

═ EVAL  p_1_2__1_3_seed2 (card 1) ═ 19:55:16
  ✓ eval p_1_1__1_2_seed1 265s (card 1)

═ EVAL  p_1_2__1_3_seed3 (card 2) ═ 19:55:37
  ✓ eval p_1_1__1_2_seed0 266s (card 0)

═ EVAL  p_1_2__1_3_seed4 (card 3) ═ 19:55:38
  ✗ eval p_1_2__1_3_seed0 exit=1 (card 7)

═ EVAL  p_2_1__2_2_seed0 (card 4) ═ 19:56:10
  ✗ eval p_1_2__1_3_seed1 exit=1 (card 0)

═ EVAL  p_2_1__2_2_seed1 (card 5) ═ 19:56:26
  ✗ eval p_1_2__1_3_seed2 exit=1 (card 1)

═ EVAL  p_2_1__2_2_seed2 (card 6) ═ 19:56:26
  ✓ eval p_1_1__2_1_seed0 261s (card 2)

═ EVAL  p_2_1__2_2_seed3 (card 7) ═ 19:56:36
  ✗ eval p_1_2__1_3_seed4 exit=1 (card 3)

═ EVAL  p_2_1__2_2_seed4 (card 0) ═ 19:56:39
  ✗ eval p_1_2__1_3_seed3 exit=1 (card 2)

═ EVAL  p_3_1__1_3_seed0 (card 1) ═ 19:57:06
  ✓ eval p_1_1__2_1_seed3 218s (card 5)

═ EVAL  p_3_1__1_3_seed1 (card 2) ═ 19:57:32
  ✗ eval p_2_1__2_2_seed2 exit=1 (card 6)

═ EVAL  p_3_1__1_3_seed2 (card 3) ═ 19:57:39
  ✓ eval p_3_1__1_3_seed0 59s (card 1)

═ EVAL  p_3_1__1_3_seed3 (card 4) ═ 19:58:05
  ✗ eval p_3_1__1_3_seed3 exit=1 (card 4)

═ EVAL  p_3_1__1_3_seed4 (card 5) ═ 19:58:23
  ✓ eval p_3_1__1_3_seed1 57s (card 2)
  ✓ eval p_3_1__1_3_seed2 58s (card 3)
  ✓ eval p_1_1__2_1_seed4 221s (card 6)
  ✗ eval p_3_1__1_3_seed4 exit=1 (card 5)
  ✓ eval p_2_1__2_2_seed0 188s (card 4)
  ✓ eval p_2_1__2_2_seed3 182s (card 7)
  ✓ eval p_2_1__2_2_seed4 182s (card 0)
  ✓ eval p_2_1__2_2_seed1 224s (card 5)

═══ DONE — Tue Apr 28 08:00:10 PM CST 2026 ═══
  [phase experiments/043_arch_pairs] elapsed 2011s

═══ PHASE: experiments/044_arch_all_stacked ═══
[guard] NPROC=1 PARALLEL=8 visible GPUs=8 DIR=experiments/044_arch_all_stacked
═══ PHASE RUN — Tue Apr 28 08:00:11 PM CST 2026 ═══
  CONFIG_DIR=experiments/044_arch_all_stacked NPROC=1 PARALLEL=8 SKIP_DONE=1
  Configs: 10

═ TRAIN stack_no_isab_seed0 (card 0) ═ 20:00:11

═ TRAIN stack_no_isab_seed1 (card 1) ═ 20:00:11

═ TRAIN stack_no_isab_seed2 (card 2) ═ 20:00:11

═ TRAIN stack_no_isab_seed3 (card 3) ═ 20:00:11

═ TRAIN stack_no_isab_seed4 (card 4) ═ 20:00:11

═ TRAIN stack_with_isab_seed0 (card 5) ═ 20:00:11

═ TRAIN stack_with_isab_seed1 (card 6) ═ 20:00:11

═ TRAIN stack_with_isab_seed2 (card 7) ═ 20:00:11
  ✓ stack_with_isab_seed1 74s (card 6)

═ TRAIN stack_with_isab_seed3 (card 0) ═ 20:01:25
  ✓ stack_with_isab_seed0 74s (card 5)

═ TRAIN stack_with_isab_seed4 (card 1) ═ 20:01:25
  ✓ stack_with_isab_seed2 75s (card 7)
  ✓ stack_with_isab_seed4 108s (card 1)
  ✓ stack_with_isab_seed3 109s (card 0)
  ✓ stack_no_isab_seed3 503s (card 3)
  ✓ stack_no_isab_seed4 503s (card 4)
  ✓ stack_no_isab_seed2 504s (card 2)
  ✓ stack_no_isab_seed1 554s (card 1)
  ✓ stack_no_isab_seed0 554s (card 0)

═ EVAL  stack_no_isab_seed0 (card 0) ═ 20:09:25

═ EVAL  stack_no_isab_seed1 (card 1) ═ 20:09:25

═ EVAL  stack_no_isab_seed2 (card 2) ═ 20:09:25

═ EVAL  stack_no_isab_seed3 (card 3) ═ 20:09:25

═ EVAL  stack_no_isab_seed4 (card 4) ═ 20:09:25

═ EVAL  stack_with_isab_seed0 (card 5) ═ 20:09:25

═ EVAL  stack_with_isab_seed1 (card 6) ═ 20:09:25

═ EVAL  stack_with_isab_seed2 (card 7) ═ 20:09:25
  ✓ eval stack_with_isab_seed1 66s (card 6)

═ EVAL  stack_with_isab_seed3 (card 0) ═ 20:10:31
  ✓ eval stack_with_isab_seed0 67s (card 5)

═ EVAL  stack_with_isab_seed4 (card 1) ═ 20:10:32
  ✓ eval stack_with_isab_seed2 67s (card 7)
  ✗ eval stack_no_isab_seed1 exit=1 (card 1)
  ✗ eval stack_no_isab_seed0 exit=1 (card 0)
  ✗ eval stack_no_isab_seed4 exit=1 (card 4)
  ✗ eval stack_no_isab_seed3 exit=1 (card 3)
  ✗ eval stack_no_isab_seed2 exit=1 (card 2)
  ✓ eval stack_with_isab_seed3 62s (card 0)
  ✓ eval stack_with_isab_seed4 62s (card 1)

═══ DONE — Tue Apr 28 08:11:34 PM CST 2026 ═══
  [phase experiments/044_arch_all_stacked] elapsed 684s

═══ SCORING — Tue Apr 28 08:11:34 PM CST 2026 ═══

── score experiments/037_arch_tier_1_1_memory ──
wrote experiments/037_arch_tier_1_1_memory/scoreboard.md


── score experiments/040_arch_tier_2_1_jumps ──
wrote experiments/040_arch_tier_2_1_jumps/scoreboard.md


── score experiments/042_arch_tier_3_1_isab ──
wrote experiments/042_arch_tier_3_1_isab/scoreboard.md


── score experiments/038_arch_tier_1_2_kernels ──
wrote experiments/038_arch_tier_1_2_kernels/scoreboard.md


── score experiments/039_arch_tier_1_3_features ──
wrote experiments/039_arch_tier_1_3_features/scoreboard.md


── score experiments/041_arch_tier_2_2_multitimescale ──
wrote experiments/041_arch_tier_2_2_multitimescale/scoreboard.md


── score experiments/043_arch_pairs ──
wrote experiments/043_arch_pairs/scoreboard.md


── score experiments/044_arch_all_stacked ──
wrote experiments/044_arch_all_stacked/scoreboard.md


═══ ALL DONE — Tue Apr 28 08:11:44 PM CST 2026 ═══
