2026-04-28 19:34:29,147 INFO train_distributed [dist] rank=0 world_size=1 local_rank=0 cuda_available=True
2026-04-28 19:34:29,189 INFO train_distributed loaded 2,841 returns for spx/2015-2026_daily
2026-04-28 19:34:29,196 INFO train_distributed targets: acf_sq=0.342 leverage_sum=-0.790 hill_alpha=2.68
2026-04-28 19:34:29,574 INFO train_distributed EcoMDSimulator built: 34408 parameters (device=cuda:0)
2026-04-28 19:34:31,938 INFO train_distributed it=   0 lr=1.00e-04 loss_world=6.0712 |∇|=2.69e+03 γ=1.000 T=0.0500
2026-04-28 19:34:41,927 INFO train_distributed it=   9 lr=1.00e-03 loss_world=2.9199 |∇|=1.33e+02 γ=0.997 T=0.0501
2026-04-28 19:34:53,119 INFO train_distributed it=  19 lr=9.95e-04 loss_world=2.3884 |∇|=1.79e+02 γ=0.993 T=0.0501
2026-04-28 19:35:04,331 INFO train_distributed it=  29 lr=9.78e-04 loss_world=2.0822 |∇|=2.63e+02 γ=0.990 T=0.0502
2026-04-28 19:35:15,533 INFO train_distributed it=  39 lr=9.49e-04 loss_world=9.1555 |∇|=2.62e+03 γ=0.987 T=0.0502
2026-04-28 19:35:26,729 INFO train_distributed it=  49 lr=9.10e-04 loss_world=1.0521 |∇|=1.26e+03 γ=0.986 T=0.0503
2026-04-28 19:35:37,921 INFO train_distributed it=  59 lr=8.60e-04 loss_world=1.5561 |∇|=1.37e+02 γ=0.985 T=0.0504
2026-04-28 19:35:49,125 INFO train_distributed it=  69 lr=8.02e-04 loss_world=1.7069 |∇|=1.23e+02 γ=0.985 T=0.0504
2026-04-28 19:36:00,342 INFO train_distributed it=  79 lr=7.38e-04 loss_world=3.2854 |∇|=1.43e+03 γ=0.986 T=0.0505
2026-04-28 19:36:11,557 INFO train_distributed it=  89 lr=6.68e-04 loss_world=8.6082 |∇|=1.21e+03 γ=0.987 T=0.0505
2026-04-28 19:36:22,755 INFO train_distributed it=  99 lr=5.95e-04 loss_world=1.0113 |∇|=1.83e+02 γ=0.988 T=0.0505
2026-04-28 19:36:33,945 INFO train_distributed it= 109 lr=5.20e-04 loss_world=6.6272 |∇|=1.11e+03 γ=0.990 T=0.0505
2026-04-28 19:36:45,137 INFO train_distributed it= 119 lr=4.47e-04 loss_world=13.0143 |∇|=2.74e+03 γ=0.991 T=0.0506
2026-04-28 19:36:56,326 INFO train_distributed it= 129 lr=3.76e-04 loss_world=1.2820 |∇|=3.13e+02 γ=0.992 T=0.0507
2026-04-28 19:37:07,522 INFO train_distributed it= 139 lr=3.10e-04 loss_world=0.9118 |∇|=4.46e+02 γ=0.993 T=0.0507
2026-04-28 19:37:18,708 INFO train_distributed it= 149 lr=2.51e-04 loss_world=1.0759 |∇|=2.01e+02 γ=0.994 T=0.0507
2026-04-28 19:37:29,893 INFO train_distributed it= 159 lr=2.00e-04 loss_world=1.7195 |∇|=2.45e+03 γ=0.995 T=0.0507
2026-04-28 19:37:41,082 INFO train_distributed it= 169 lr=1.58e-04 loss_world=1.4770 |∇|=3.58e+02 γ=0.995 T=0.0507
2026-04-28 19:37:52,282 INFO train_distributed it= 179 lr=1.27e-04 loss_world=1.0043 |∇|=5.60e+02 γ=0.995 T=0.0507
2026-04-28 19:38:03,473 INFO train_distributed it= 189 lr=1.07e-04 loss_world=1.1864 |∇|=6.52e+02 γ=0.996 T=0.0507
2026-04-28 19:38:14,661 INFO train_distributed it= 199 lr=1.00e-04 loss_world=1.2922 |∇|=1.40e+02 γ=0.996 T=0.0507
2026-04-28 19:38:14,667 INFO train_distributed training finished in 225.1s (200 iters, world_size=1)
2026-04-28 19:38:14,667 INFO train_distributed [rank 0] peak HBM: alloc=7.10 GB, reserved=7.69 GB
2026-04-28 19:38:14,671 INFO train_distributed [rank 0] wrote experiments/043_arch_pairs/results_p_1_1__2_1_seed2/training_log.json
