2026-04-29 11:57:19,589 INFO train_distributed [dist] rank=0 world_size=1 local_rank=0 cuda_available=True
2026-04-29 11:57:19,636 INFO train_distributed loaded 2,841 returns for spx/2015-2026_daily
2026-04-29 11:57:19,643 INFO train_distributed targets: acf_sq=0.342 leverage_sum=-0.790 hill_alpha=2.68
2026-04-29 11:57:19,899 INFO train_distributed EcoMDSimulator built: 47261 parameters (device=cuda:0)
2026-04-29 11:57:22,605 INFO train_distributed it=   0 lr=1.00e-04 loss_world=5.3364 |∇|=5.08e+02 γ=1.000 T=0.0500
2026-04-29 11:57:36,196 INFO train_distributed it=   9 lr=1.00e-03 loss_world=4.2084 |∇|=5.29e+02 γ=1.002 T=0.0500
2026-04-29 11:57:51,452 INFO train_distributed it=  19 lr=9.95e-04 loss_world=1.2516 |∇|=4.42e+02 γ=1.002 T=0.0500
2026-04-29 11:58:06,762 INFO train_distributed it=  29 lr=9.78e-04 loss_world=3.6196 |∇|=8.93e+04 γ=1.001 T=0.0501
2026-04-29 11:58:22,066 INFO train_distributed it=  39 lr=9.49e-04 loss_world=3.8349 |∇|=3.88e+02 γ=1.000 T=0.0501
2026-04-29 11:58:37,371 INFO train_distributed it=  49 lr=9.10e-04 loss_world=7.4848 |∇|=1.12e+03 γ=0.997 T=0.0501
2026-04-29 11:58:52,666 INFO train_distributed it=  59 lr=8.60e-04 loss_world=8.7963 |∇|=2.36e+03 γ=0.994 T=0.0500
2026-04-29 11:59:07,959 INFO train_distributed it=  69 lr=8.02e-04 loss_world=1.1737 |∇|=2.56e+02 γ=0.991 T=0.0500
2026-04-29 11:59:23,252 INFO train_distributed it=  79 lr=7.38e-04 loss_world=1.3528 |∇|=3.05e+03 γ=0.989 T=0.0500
2026-04-29 11:59:38,540 INFO train_distributed it=  89 lr=6.68e-04 loss_world=1.5581 |∇|=2.03e+02 γ=0.988 T=0.0500
2026-04-29 11:59:53,839 INFO train_distributed it=  99 lr=5.95e-04 loss_world=1.2313 |∇|=5.94e+01 γ=0.987 T=0.0500
2026-04-29 12:00:09,133 INFO train_distributed it= 109 lr=5.20e-04 loss_world=1.1076 |∇|=8.13e+01 γ=0.987 T=0.0500
2026-04-29 12:00:24,417 INFO train_distributed it= 119 lr=4.47e-04 loss_world=1.3019 |∇|=9.98e+01 γ=0.987 T=0.0500
2026-04-29 12:00:39,696 INFO train_distributed it= 129 lr=3.76e-04 loss_world=1.3570 |∇|=9.54e+01 γ=0.986 T=0.0500
2026-04-29 12:00:54,972 INFO train_distributed it= 139 lr=3.10e-04 loss_world=1.1519 |∇|=7.87e+01 γ=0.986 T=0.0501
2026-04-29 12:01:10,253 INFO train_distributed it= 149 lr=2.51e-04 loss_world=1.1825 |∇|=1.32e+02 γ=0.985 T=0.0501
2026-04-29 12:01:25,531 INFO train_distributed it= 159 lr=2.00e-04 loss_world=1.1272 |∇|=7.86e+01 γ=0.985 T=0.0501
2026-04-29 12:01:40,807 INFO train_distributed it= 169 lr=1.58e-04 loss_world=1.0679 |∇|=8.87e+01 γ=0.985 T=0.0501
2026-04-29 12:01:56,085 INFO train_distributed it= 179 lr=1.27e-04 loss_world=1.0828 |∇|=1.37e+02 γ=0.985 T=0.0501
2026-04-29 12:02:11,387 INFO train_distributed it= 189 lr=1.07e-04 loss_world=1.7833 |∇|=2.57e+02 γ=0.985 T=0.0501
2026-04-29 12:02:26,703 INFO train_distributed it= 199 lr=1.00e-04 loss_world=1.0863 |∇|=2.05e+02 γ=0.985 T=0.0501
2026-04-29 12:02:26,710 INFO train_distributed training finished in 306.8s (200 iters, world_size=1)
2026-04-29 12:02:26,710 INFO train_distributed [rank 0] peak HBM: alloc=9.41 GB, reserved=10.01 GB
2026-04-29 12:02:26,713 INFO train_distributed [rank 0] wrote experiments/047_arch_tier_4_2_dyngraph/results_t42_dyngraph_seed5/training_log.json
