2026-04-29 17:14:55,691 INFO train_distributed [dist] rank=0 world_size=1 local_rank=0 cuda_available=True
2026-04-29 17:14:55,734 INFO train_distributed loaded 2,841 returns for spx/2015-2026_daily
2026-04-29 17:14:55,742 INFO train_distributed targets: acf_sq=0.342 leverage_sum=-0.790 hill_alpha=2.68
2026-04-29 17:14:56,002 INFO train_distributed EcoMDSimulator built: 47709 parameters (device=cuda:0)
2026-04-29 17:15:00,153 INFO train_distributed it=   0 lr=1.00e-04 loss_world=6.8645 |∇|=3.80e+02 γ=1.000 T=0.0500
2026-04-29 17:15:26,740 INFO train_distributed it=   9 lr=1.00e-03 loss_world=2.1144 |∇|=2.96e+01 γ=0.997 T=0.0500
2026-04-29 17:15:56,285 INFO train_distributed it=  19 lr=9.95e-04 loss_world=5.1004 |∇|=5.39e+02 γ=0.993 T=0.0502
2026-04-29 17:16:25,819 INFO train_distributed it=  29 lr=9.78e-04 loss_world=1.7633 |∇|=2.29e+03 γ=0.990 T=0.0504
2026-04-29 17:16:55,354 INFO train_distributed it=  39 lr=9.49e-04 loss_world=2.4469 |∇|=1.21e+01 γ=0.987 T=0.0506
2026-04-29 17:17:24,897 INFO train_distributed it=  49 lr=9.10e-04 loss_world=1.9877 |∇|=5.37e+01 γ=0.984 T=0.0507
2026-04-29 17:17:54,446 INFO train_distributed it=  59 lr=8.60e-04 loss_world=2.1618 |∇|=4.98e+01 γ=0.982 T=0.0508
2026-04-29 17:18:23,989 INFO train_distributed it=  69 lr=8.02e-04 loss_world=0.9215 |∇|=8.05e+02 γ=0.978 T=0.0511
2026-04-29 17:18:53,525 INFO train_distributed it=  79 lr=7.38e-04 loss_world=2.1362 |∇|=8.15e+01 γ=0.976 T=0.0514
2026-04-29 17:19:23,072 INFO train_distributed it=  89 lr=6.68e-04 loss_world=1.3807 |∇|=4.02e+02 γ=0.975 T=0.0516
2026-04-29 17:19:52,605 INFO train_distributed it=  99 lr=5.95e-04 loss_world=2.0584 |∇|=7.53e+01 γ=0.973 T=0.0518
2026-04-29 17:20:22,136 INFO train_distributed it= 109 lr=5.20e-04 loss_world=1.1096 |∇|=7.83e+01 γ=0.972 T=0.0519
2026-04-29 17:20:51,662 INFO train_distributed it= 119 lr=4.47e-04 loss_world=2.0697 |∇|=1.67e+02 γ=0.972 T=0.0521
2026-04-29 17:21:21,191 INFO train_distributed it= 129 lr=3.76e-04 loss_world=2.1507 |∇|=6.99e+02 γ=0.971 T=0.0522
2026-04-29 17:21:50,726 INFO train_distributed it= 139 lr=3.10e-04 loss_world=0.8339 |∇|=7.54e+02 γ=0.971 T=0.0523
2026-04-29 17:22:20,264 INFO train_distributed it= 149 lr=2.51e-04 loss_world=2.1459 |∇|=1.30e+02 γ=0.971 T=0.0523
2026-04-29 17:22:49,800 INFO train_distributed it= 159 lr=2.00e-04 loss_world=0.6577 |∇|=1.22e+02 γ=0.970 T=0.0524
2026-04-29 17:23:19,338 INFO train_distributed it= 169 lr=1.58e-04 loss_world=0.9483 |∇|=4.28e+02 γ=0.970 T=0.0524
2026-04-29 17:23:48,874 INFO train_distributed it= 179 lr=1.27e-04 loss_world=0.7423 |∇|=9.26e+02 γ=0.970 T=0.0524
2026-04-29 17:24:18,414 INFO train_distributed it= 189 lr=1.07e-04 loss_world=0.6834 |∇|=4.32e+02 γ=0.970 T=0.0524
2026-04-29 17:24:47,953 INFO train_distributed it= 199 lr=1.00e-04 loss_world=0.6067 |∇|=4.26e+02 γ=0.970 T=0.0524
2026-04-29 17:24:47,961 INFO train_distributed training finished in 592.0s (200 iters, world_size=1)
2026-04-29 17:24:47,961 INFO train_distributed [rank 0] peak HBM: alloc=12.09 GB, reserved=12.55 GB
2026-04-29 17:24:47,964 INFO train_distributed [rank 0] wrote experiments/047_arch_tier_4_2_dyngraph/results_t42_dyngraph_seed5/training_log.json
