2026-04-28 19:26:46,330 INFO train_distributed [dist] rank=0 world_size=1 local_rank=0 cuda_available=True
2026-04-28 19:26:46,375 INFO train_distributed loaded 2,841 returns for spx/2015-2026_daily
2026-04-28 19:26:46,382 INFO train_distributed targets: acf_sq=0.342 leverage_sum=-0.790 hill_alpha=2.68
2026-04-28 19:26:48,713 INFO train_distributed EcoMDSimulator built: 35863 parameters (device=cuda:0)
2026-04-28 19:26:52,337 INFO train_distributed it=   0 lr=1.00e-04 loss_world=1.9351 |∇|=1.14e+02 γ=1.000 T=0.0500
2026-04-28 19:27:12,602 INFO train_distributed it=   9 lr=1.00e-03 loss_world=2.5667 |∇|=1.42e+02 γ=1.003 T=0.0500
2026-04-28 19:27:35,213 INFO train_distributed it=  19 lr=9.95e-04 loss_world=2.9355 |∇|=1.05e+02 γ=1.001 T=0.0500
2026-04-28 19:27:57,895 INFO train_distributed it=  29 lr=9.78e-04 loss_world=2.2468 |∇|=9.15e+01 γ=0.998 T=0.0500
2026-04-28 19:28:20,581 INFO train_distributed it=  39 lr=9.49e-04 loss_world=7.5136 |∇|=5.06e+03 γ=0.996 T=0.0500
2026-04-28 19:28:43,270 INFO train_distributed it=  49 lr=9.10e-04 loss_world=2.5259 |∇|=2.59e+02 γ=0.993 T=0.0500
2026-04-28 19:29:05,967 INFO train_distributed it=  59 lr=8.60e-04 loss_world=1.0615 |∇|=3.11e+01 γ=0.990 T=0.0500
2026-04-28 19:29:28,665 INFO train_distributed it=  69 lr=8.02e-04 loss_world=1.0144 |∇|=2.89e+01 γ=0.989 T=0.0500
2026-04-28 19:29:51,362 INFO train_distributed it=  79 lr=7.38e-04 loss_world=1.0144 |∇|=3.09e+01 γ=0.988 T=0.0500
2026-04-28 19:30:14,054 INFO train_distributed it=  89 lr=6.68e-04 loss_world=1.1094 |∇|=3.47e+01 γ=0.988 T=0.0500
2026-04-28 19:30:36,752 INFO train_distributed it=  99 lr=5.95e-04 loss_world=1.0281 |∇|=3.00e+01 γ=0.988 T=0.0500
2026-04-28 19:30:59,456 INFO train_distributed it= 109 lr=5.20e-04 loss_world=1.0448 |∇|=1.69e+01 γ=0.988 T=0.0500
2026-04-28 19:31:22,167 INFO train_distributed it= 119 lr=4.47e-04 loss_world=1.0310 |∇|=1.39e+01 γ=0.988 T=0.0500
2026-04-28 19:31:44,887 INFO train_distributed it= 129 lr=3.76e-04 loss_world=1.0161 |∇|=1.09e+01 γ=0.988 T=0.0500
2026-04-28 19:32:07,602 INFO train_distributed it= 139 lr=3.10e-04 loss_world=1.0116 |∇|=1.11e+01 γ=0.988 T=0.0500
2026-04-28 19:32:30,307 INFO train_distributed it= 149 lr=2.51e-04 loss_world=1.0074 |∇|=1.34e+01 γ=0.988 T=0.0500
2026-04-28 19:32:53,000 INFO train_distributed it= 159 lr=2.00e-04 loss_world=0.9916 |∇|=1.40e+01 γ=0.988 T=0.0500
2026-04-28 19:33:15,695 INFO train_distributed it= 169 lr=1.58e-04 loss_world=0.9981 |∇|=1.50e+01 γ=0.988 T=0.0500
2026-04-28 19:33:38,387 INFO train_distributed it= 179 lr=1.27e-04 loss_world=0.9998 |∇|=1.55e+01 γ=0.988 T=0.0500
2026-04-28 19:34:01,083 INFO train_distributed it= 189 lr=1.07e-04 loss_world=0.9858 |∇|=1.64e+01 γ=0.988 T=0.0500
2026-04-28 19:34:23,782 INFO train_distributed it= 199 lr=1.00e-04 loss_world=1.0274 |∇|=1.51e+01 γ=0.988 T=0.0500
2026-04-28 19:34:23,788 INFO train_distributed training finished in 455.1s (200 iters, world_size=1)
2026-04-28 19:34:23,788 INFO train_distributed [rank 0] peak HBM: alloc=7.47 GB, reserved=8.05 GB
2026-04-28 19:34:23,791 INFO train_distributed [rank 0] wrote experiments/043_arch_pairs/results_p_1_1__1_2_seed3/training_log.json
