2026-04-28 18:36:08,839 INFO train_distributed [dist] rank=0 world_size=1 local_rank=0 cuda_available=True
2026-04-28 18:36:08,880 INFO train_distributed loaded 2,841 returns for spx/2015-2026_daily
2026-04-28 18:36:08,887 INFO train_distributed targets: acf_sq=0.342 leverage_sum=-0.790 hill_alpha=2.68
2026-04-28 18:36:11,884 INFO train_distributed EcoMDSimulator built: 105316 parameters (device=cuda:0)
2026-04-28 18:36:13,377 INFO train_distributed it=   0 lr=1.00e-04 loss_world=1.1962 |∇|=1.50e-01 γ=1.000 T=0.0500
2026-04-28 18:36:15,806 INFO train_distributed it=   9 lr=1.00e-03 loss_world=0.5307 |∇|=1.33e+00 γ=0.999 T=0.0499
2026-04-28 18:36:18,484 INFO train_distributed it=  19 lr=9.95e-04 loss_world=1.4133 |∇|=5.42e+00 γ=0.999 T=0.0498
2026-04-28 18:36:21,155 INFO train_distributed it=  29 lr=9.78e-04 loss_world=1.0523 |∇|=1.20e+01 γ=1.003 T=0.0501
2026-04-28 18:36:23,820 INFO train_distributed it=  39 lr=9.49e-04 loss_world=0.5508 |∇|=1.77e+00 γ=1.005 T=0.0502
2026-04-28 18:36:26,744 INFO train_distributed it=  49 lr=9.10e-04 loss_world=1.0828 |∇|=2.25e+00 γ=1.007 T=0.0503
2026-04-28 18:36:29,476 INFO train_distributed it=  59 lr=8.60e-04 loss_world=1.2646 |∇|=3.21e+00 γ=1.007 T=0.0503
2026-04-28 18:36:32,149 INFO train_distributed it=  69 lr=8.02e-04 loss_world=0.7415 |∇|=2.21e+00 γ=1.007 T=0.0503
2026-04-28 18:36:34,815 INFO train_distributed it=  79 lr=7.38e-04 loss_world=1.0502 |∇|=3.51e+00 γ=1.005 T=0.0502
2026-04-28 18:36:37,501 INFO train_distributed it=  89 lr=6.68e-04 loss_world=1.0999 |∇|=2.05e+00 γ=1.011 T=0.0502
2026-04-28 18:36:40,184 INFO train_distributed it=  99 lr=5.95e-04 loss_world=1.3024 |∇|=1.36e+00 γ=1.014 T=0.0503
2026-04-28 18:36:42,849 INFO train_distributed it= 109 lr=5.20e-04 loss_world=0.7902 |∇|=4.85e+00 γ=1.017 T=0.0504
2026-04-28 18:36:45,595 INFO train_distributed it= 119 lr=4.47e-04 loss_world=0.9313 |∇|=2.73e+00 γ=1.017 T=0.0504
2026-04-28 18:36:48,395 INFO train_distributed it= 129 lr=3.76e-04 loss_world=2.3111 |∇|=1.62e+01 γ=1.015 T=0.0502
2026-04-28 18:36:51,075 INFO train_distributed it= 139 lr=3.10e-04 loss_world=0.5311 |∇|=2.05e+00 γ=1.017 T=0.0502
2026-04-28 18:36:53,771 INFO train_distributed it= 149 lr=2.51e-04 loss_world=0.9321 |∇|=2.68e+00 γ=1.018 T=0.0502
2026-04-28 18:36:56,483 INFO train_distributed it= 159 lr=2.00e-04 loss_world=0.5767 |∇|=1.79e+00 γ=1.018 T=0.0502
2026-04-28 18:36:59,178 INFO train_distributed it= 169 lr=1.58e-04 loss_world=0.7943 |∇|=2.42e+00 γ=1.018 T=0.0502
2026-04-28 18:37:01,867 INFO train_distributed it= 179 lr=1.27e-04 loss_world=0.9511 |∇|=3.13e+00 γ=1.018 T=0.0502
2026-04-28 18:37:04,556 INFO train_distributed it= 189 lr=1.07e-04 loss_world=0.7524 |∇|=1.97e+00 γ=1.018 T=0.0502
2026-04-28 18:37:07,264 INFO train_distributed it= 199 lr=1.00e-04 loss_world=0.7739 |∇|=2.61e+00 γ=1.018 T=0.0502
2026-04-28 18:37:07,272 INFO train_distributed training finished in 55.4s (200 iters, world_size=1)
2026-04-28 18:37:07,272 INFO train_distributed [rank 0] peak HBM: alloc=0.59 GB, reserved=0.77 GB
2026-04-28 18:37:07,275 INFO train_distributed [rank 0] wrote experiments/042_arch_tier_3_1_isab/results_t31_isab_seed7/training_log.json
