2026-04-28 19:41:45,449 INFO train_distributed [dist] rank=0 world_size=1 local_rank=0 cuda_available=True
2026-04-28 19:41:45,493 INFO train_distributed loaded 2,841 returns for spx/2015-2026_daily
2026-04-28 19:41:45,500 INFO train_distributed targets: acf_sq=0.342 leverage_sum=-0.790 hill_alpha=2.68
2026-04-28 19:41:45,751 INFO train_distributed EcoMDSimulator built: 31588 parameters (device=cuda:0)
2026-04-28 19:41:48,049 INFO train_distributed it=   0 lr=1.00e-04 loss_world=5.6036 |∇|=1.67e+03 γ=1.000 T=0.0500
2026-04-28 19:41:57,771 INFO train_distributed it=   9 lr=1.00e-03 loss_world=1.3071 |∇|=2.65e+01 γ=0.999 T=0.0501
2026-04-28 19:42:08,676 INFO train_distributed it=  19 lr=9.95e-04 loss_world=0.9425 |∇|=9.30e+00 γ=0.997 T=0.0502
2026-04-28 19:42:19,599 INFO train_distributed it=  29 lr=9.78e-04 loss_world=0.9394 |∇|=8.35e+00 γ=0.996 T=0.0502
2026-04-28 19:42:30,517 INFO train_distributed it=  39 lr=9.49e-04 loss_world=1.0641 |∇|=1.12e+01 γ=0.995 T=0.0502
2026-04-28 19:42:41,431 INFO train_distributed it=  49 lr=9.10e-04 loss_world=1.1405 |∇|=2.30e+01 γ=0.994 T=0.0502
2026-04-28 19:42:52,346 INFO train_distributed it=  59 lr=8.60e-04 loss_world=1.0758 |∇|=1.63e+01 γ=0.994 T=0.0502
2026-04-28 19:43:03,266 INFO train_distributed it=  69 lr=8.02e-04 loss_world=0.8257 |∇|=3.22e+01 γ=0.994 T=0.0502
2026-04-28 19:43:14,184 INFO train_distributed it=  79 lr=7.38e-04 loss_world=0.8421 |∇|=3.04e+01 γ=0.994 T=0.0502
2026-04-28 19:43:25,099 INFO train_distributed it=  89 lr=6.68e-04 loss_world=0.8462 |∇|=3.00e+01 γ=0.994 T=0.0502
2026-04-28 19:43:36,013 INFO train_distributed it=  99 lr=5.95e-04 loss_world=0.8346 |∇|=1.71e+01 γ=0.994 T=0.0502
2026-04-28 19:43:46,929 INFO train_distributed it= 109 lr=5.20e-04 loss_world=0.9240 |∇|=1.46e+01 γ=0.993 T=0.0502
2026-04-28 19:43:57,868 INFO train_distributed it= 119 lr=4.47e-04 loss_world=0.8026 |∇|=3.08e+01 γ=0.993 T=0.0502
2026-04-28 19:44:08,782 INFO train_distributed it= 129 lr=3.76e-04 loss_world=0.7887 |∇|=2.71e+01 γ=0.993 T=0.0502
2026-04-28 19:44:19,698 INFO train_distributed it= 139 lr=3.10e-04 loss_world=0.7978 |∇|=3.23e+01 γ=0.993 T=0.0502
2026-04-28 19:44:30,612 INFO train_distributed it= 149 lr=2.51e-04 loss_world=0.8156 |∇|=2.68e+01 γ=0.993 T=0.0502
2026-04-28 19:44:41,525 INFO train_distributed it= 159 lr=2.00e-04 loss_world=0.8144 |∇|=2.72e+01 γ=0.993 T=0.0502
2026-04-28 19:44:52,444 INFO train_distributed it= 169 lr=1.58e-04 loss_world=0.7903 |∇|=2.90e+01 γ=0.993 T=0.0502
2026-04-28 19:45:03,388 INFO train_distributed it= 179 lr=1.27e-04 loss_world=0.7866 |∇|=3.12e+01 γ=0.993 T=0.0502
2026-04-28 19:45:14,305 INFO train_distributed it= 189 lr=1.07e-04 loss_world=0.7819 |∇|=3.10e+01 γ=0.993 T=0.0502
2026-04-28 19:45:25,223 INFO train_distributed it= 199 lr=1.00e-04 loss_world=0.7737 |∇|=3.05e+01 γ=0.993 T=0.0502
2026-04-28 19:45:25,228 INFO train_distributed training finished in 219.5s (200 iters, world_size=1)
2026-04-28 19:45:25,229 INFO train_distributed [rank 0] peak HBM: alloc=7.09 GB, reserved=7.68 GB
2026-04-28 19:45:25,232 INFO train_distributed [rank 0] wrote experiments/043_arch_pairs/results_p_2_1__2_2_seed2/training_log.json
