2026-04-29 11:19:55,834 INFO train_distributed [dist] rank=0 world_size=1 local_rank=0 cuda_available=True
2026-04-29 11:19:55,887 INFO train_distributed loaded 2,841 returns for spx/2015-2026_daily
2026-04-29 11:19:55,912 INFO train_distributed targets: acf_sq=0.342 leverage_sum=-0.790 hill_alpha=2.68
2026-04-29 11:19:59,711 INFO train_distributed EcoMDSimulator built: 34780 parameters (device=cuda:0)
2026-04-29 11:20:02,119 INFO train_distributed it=   0 lr=1.00e-04 loss_world=29.4950 |∇|=2.13e+03 γ=1.000 T=0.0500
2026-04-29 11:20:12,209 INFO train_distributed it=   9 lr=1.00e-03 loss_world=7.7370 |∇|=4.69e+02 γ=1.003 T=0.0500
2026-04-29 11:20:23,451 INFO train_distributed it=  19 lr=9.95e-04 loss_world=1.8605 |∇|=1.34e+02 γ=1.001 T=0.0501
2026-04-29 11:20:34,663 INFO train_distributed it=  29 lr=9.78e-04 loss_world=11.8071 |∇|=1.73e+03 γ=0.998 T=0.0501
2026-04-29 11:20:45,860 INFO train_distributed it=  39 lr=9.49e-04 loss_world=2.5738 |∇|=1.95e+02 γ=0.994 T=0.0501
2026-04-29 11:20:57,063 INFO train_distributed it=  49 lr=9.10e-04 loss_world=2.2986 |∇|=2.38e+02 γ=0.991 T=0.0501
2026-04-29 11:21:08,255 INFO train_distributed it=  59 lr=8.60e-04 loss_world=2.3606 |∇|=2.31e+02 γ=0.988 T=0.0501
2026-04-29 11:21:19,450 INFO train_distributed it=  69 lr=8.02e-04 loss_world=6.0698 |∇|=6.87e+02 γ=0.984 T=0.0501
2026-04-29 11:21:30,622 INFO train_distributed it=  79 lr=7.38e-04 loss_world=4.5643 |∇|=1.16e+03 γ=0.980 T=0.0501
2026-04-29 11:21:41,781 INFO train_distributed it=  89 lr=6.68e-04 loss_world=1.9987 |∇|=1.93e+02 γ=0.977 T=0.0501
2026-04-29 11:21:52,952 INFO train_distributed it=  99 lr=5.95e-04 loss_world=2.9409 |∇|=2.36e+02 γ=0.974 T=0.0501
2026-04-29 11:22:04,128 INFO train_distributed it= 109 lr=5.20e-04 loss_world=2.6909 |∇|=2.79e+02 γ=0.971 T=0.0501
2026-04-29 11:22:15,310 INFO train_distributed it= 119 lr=4.47e-04 loss_world=2.5804 |∇|=3.25e+02 γ=0.970 T=0.0501
2026-04-29 11:22:26,485 INFO train_distributed it= 129 lr=3.76e-04 loss_world=2.2402 |∇|=5.80e+02 γ=0.969 T=0.0501
2026-04-29 11:22:37,656 INFO train_distributed it= 139 lr=3.10e-04 loss_world=2.1195 |∇|=4.22e+02 γ=0.969 T=0.0501
2026-04-29 11:22:48,826 INFO train_distributed it= 149 lr=2.51e-04 loss_world=2.0882 |∇|=3.34e+02 γ=0.968 T=0.0501
2026-04-29 11:23:00,001 INFO train_distributed it= 159 lr=2.00e-04 loss_world=2.3547 |∇|=1.10e+03 γ=0.968 T=0.0501
2026-04-29 11:23:11,177 INFO train_distributed it= 169 lr=1.58e-04 loss_world=2.5325 |∇|=1.98e+03 γ=0.968 T=0.0501
2026-04-29 11:23:22,373 INFO train_distributed it= 179 lr=1.27e-04 loss_world=3.1082 |∇|=1.51e+04 γ=0.968 T=0.0501
2026-04-29 11:23:33,572 INFO train_distributed it= 189 lr=1.07e-04 loss_world=4.7662 |∇|=1.50e+04 γ=0.968 T=0.0501
2026-04-29 11:23:44,765 INFO train_distributed it= 199 lr=1.00e-04 loss_world=2.2704 |∇|=4.26e+02 γ=0.968 T=0.0501
2026-04-29 11:23:44,771 INFO train_distributed training finished in 225.1s (200 iters, world_size=1)
2026-04-29 11:23:44,772 INFO train_distributed [rank 0] peak HBM: alloc=7.09 GB, reserved=7.68 GB
2026-04-29 11:23:44,774 INFO train_distributed [rank 0] wrote experiments/045_arch_tier_4_1_megnet/results_t41_megnet_ext_only_seed9/training_log.json
