2026-04-29 11:57:12,437 INFO train_distributed [dist] rank=0 world_size=1 local_rank=0 cuda_available=True
2026-04-29 11:57:12,480 INFO train_distributed loaded 2,841 returns for spx/2015-2026_daily
2026-04-29 11:57:12,488 INFO train_distributed targets: acf_sq=0.342 leverage_sum=-0.790 hill_alpha=2.68
2026-04-29 11:57:15,416 INFO train_distributed EcoMDSimulator built: 40997 parameters (device=cuda:0)
2026-04-29 11:57:18,320 INFO train_distributed it=   0 lr=1.00e-04 loss_world=156.1357 |∇|=6.79e+05 γ=1.000 T=0.0500
2026-04-29 11:57:31,218 INFO train_distributed it=   9 lr=1.00e-03 loss_world=2.3129 |∇|=2.56e+01 γ=0.999 T=0.0501
2026-04-29 11:57:45,709 INFO train_distributed it=  19 lr=9.95e-04 loss_world=2.1004 |∇|=3.94e+01 γ=1.001 T=0.0502
2026-04-29 11:58:00,224 INFO train_distributed it=  29 lr=9.78e-04 loss_world=3.6475 |∇|=4.46e+03 γ=1.006 T=0.0502
2026-04-29 11:58:14,655 INFO train_distributed it=  39 lr=9.49e-04 loss_world=0.8277 |∇|=2.75e+00 γ=1.008 T=0.0500
2026-04-29 11:58:28,827 INFO train_distributed it=  49 lr=9.10e-04 loss_world=0.8310 |∇|=4.28e+00 γ=1.011 T=0.0503
2026-04-29 11:58:42,993 INFO train_distributed it=  59 lr=8.60e-04 loss_world=0.9204 |∇|=2.01e+01 γ=1.013 T=0.0504
2026-04-29 11:58:57,162 INFO train_distributed it=  69 lr=8.02e-04 loss_world=0.7453 |∇|=3.35e-01 γ=1.014 T=0.0507
2026-04-29 11:59:11,329 INFO train_distributed it=  79 lr=7.38e-04 loss_world=0.8098 |∇|=3.94e+00 γ=1.014 T=0.0508
2026-04-29 11:59:25,489 INFO train_distributed it=  89 lr=6.68e-04 loss_world=1.0728 |∇|=5.64e+00 γ=1.014 T=0.0508
2026-04-29 11:59:39,652 INFO train_distributed it=  99 lr=5.95e-04 loss_world=0.7468 |∇|=1.91e+00 γ=1.015 T=0.0509
2026-04-29 11:59:53,814 INFO train_distributed it= 109 lr=5.20e-04 loss_world=1.0187 |∇|=1.29e+00 γ=1.015 T=0.0510
2026-04-29 12:00:07,972 INFO train_distributed it= 119 lr=4.47e-04 loss_world=0.8048 |∇|=2.55e+00 γ=1.015 T=0.0510
2026-04-29 12:00:22,132 INFO train_distributed it= 129 lr=3.76e-04 loss_world=0.7140 |∇|=2.40e+00 γ=1.014 T=0.0510
2026-04-29 12:00:36,287 INFO train_distributed it= 139 lr=3.10e-04 loss_world=0.8251 |∇|=1.54e+00 γ=1.013 T=0.0510
2026-04-29 12:00:50,442 INFO train_distributed it= 149 lr=2.51e-04 loss_world=0.8877 |∇|=1.35e+00 γ=1.013 T=0.0509
2026-04-29 12:01:04,601 INFO train_distributed it= 159 lr=2.00e-04 loss_world=1.2323 |∇|=2.82e+00 γ=1.012 T=0.0509
2026-04-29 12:01:18,775 INFO train_distributed it= 169 lr=1.58e-04 loss_world=0.7601 |∇|=1.40e+00 γ=1.013 T=0.0509
2026-04-29 12:01:32,936 INFO train_distributed it= 179 lr=1.27e-04 loss_world=0.8934 |∇|=1.45e+00 γ=1.013 T=0.0509
2026-04-29 12:01:47,102 INFO train_distributed it= 189 lr=1.07e-04 loss_world=1.7182 |∇|=2.85e+00 γ=1.013 T=0.0509
2026-04-29 12:02:01,274 INFO train_distributed it= 199 lr=1.00e-04 loss_world=0.6850 |∇|=3.12e+00 γ=1.013 T=0.0509
2026-04-29 12:02:01,280 INFO train_distributed training finished in 285.9s (200 iters, world_size=1)
2026-04-29 12:02:01,280 INFO train_distributed [rank 0] peak HBM: alloc=9.15 GB, reserved=9.70 GB
2026-04-29 12:02:01,283 INFO train_distributed [rank 0] wrote experiments/047_arch_tier_4_2_dyngraph/results_t42_dyngraph_no_u_seed8/training_log.json
