2026-04-29 17:14:48,972 INFO train_distributed [dist] rank=0 world_size=1 local_rank=0 cuda_available=True
2026-04-29 17:14:49,017 INFO train_distributed loaded 2,841 returns for spx/2015-2026_daily
2026-04-29 17:14:49,024 INFO train_distributed targets: acf_sq=0.342 leverage_sum=-0.790 hill_alpha=2.68
2026-04-29 17:14:49,568 INFO train_distributed EcoMDSimulator built: 41381 parameters (device=cuda:0)
2026-04-29 17:14:54,420 INFO train_distributed it=   0 lr=1.00e-04 loss_world=1.9082 |∇|=1.60e+01 γ=1.000 T=0.0500
2026-04-29 17:15:16,617 INFO train_distributed it=   9 lr=1.00e-03 loss_world=2.0730 |∇|=1.03e+02 γ=0.998 T=0.0501
2026-04-29 17:15:41,312 INFO train_distributed it=  19 lr=9.95e-04 loss_world=2.5234 |∇|=2.80e+01 γ=0.996 T=0.0504
2026-04-29 17:16:06,018 INFO train_distributed it=  29 lr=9.78e-04 loss_world=3.0859 |∇|=2.71e+02 γ=0.990 T=0.0505
2026-04-29 17:16:30,711 INFO train_distributed it=  39 lr=9.49e-04 loss_world=2.0288 |∇|=1.53e+01 γ=0.987 T=0.0504
2026-04-29 17:16:55,397 INFO train_distributed it=  49 lr=9.10e-04 loss_world=2.1479 |∇|=6.07e+00 γ=0.984 T=0.0504
2026-04-29 17:17:20,083 INFO train_distributed it=  59 lr=8.60e-04 loss_world=1.5490 |∇|=3.20e+02 γ=0.982 T=0.0503
2026-04-29 17:17:44,769 INFO train_distributed it=  69 lr=8.02e-04 loss_world=1.9207 |∇|=4.37e+01 γ=0.981 T=0.0505
2026-04-29 17:18:09,522 INFO train_distributed it=  79 lr=7.38e-04 loss_world=1.9183 |∇|=3.53e+01 γ=0.981 T=0.0506
2026-04-29 17:18:34,258 INFO train_distributed it=  89 lr=6.68e-04 loss_world=1.8893 |∇|=6.54e+01 γ=0.981 T=0.0507
2026-04-29 17:18:58,988 INFO train_distributed it=  99 lr=5.95e-04 loss_world=0.8487 |∇|=2.97e+02 γ=0.981 T=0.0508
2026-04-29 17:19:23,675 INFO train_distributed it= 109 lr=5.20e-04 loss_world=2.4955 |∇|=5.98e+01 γ=0.980 T=0.0510
2026-04-29 17:19:48,351 INFO train_distributed it= 119 lr=4.47e-04 loss_world=2.5416 |∇|=2.07e+01 γ=0.978 T=0.0511
2026-04-29 17:20:13,044 INFO train_distributed it= 129 lr=3.76e-04 loss_world=1.7220 |∇|=1.85e+02 γ=0.976 T=0.0512
2026-04-29 17:20:37,747 INFO train_distributed it= 139 lr=3.10e-04 loss_world=1.9457 |∇|=8.47e+02 γ=0.975 T=0.0514
2026-04-29 17:21:02,440 INFO train_distributed it= 149 lr=2.51e-04 loss_world=2.6175 |∇|=2.47e+03 γ=0.973 T=0.0513
2026-04-29 17:21:27,112 INFO train_distributed it= 159 lr=2.00e-04 loss_world=1.4506 |∇|=5.36e+02 γ=0.972 T=0.0513
2026-04-29 17:21:51,801 INFO train_distributed it= 169 lr=1.58e-04 loss_world=0.8647 |∇|=2.09e+02 γ=0.971 T=0.0514
2026-04-29 17:22:16,520 INFO train_distributed it= 179 lr=1.27e-04 loss_world=1.0387 |∇|=2.30e+02 γ=0.971 T=0.0514
2026-04-29 17:22:41,210 INFO train_distributed it= 189 lr=1.07e-04 loss_world=2.2984 |∇|=5.78e+02 γ=0.971 T=0.0514
2026-04-29 17:23:05,880 INFO train_distributed it= 199 lr=1.00e-04 loss_world=0.9741 |∇|=1.67e+03 γ=0.971 T=0.0514
2026-04-29 17:23:05,887 INFO train_distributed training finished in 496.3s (200 iters, world_size=1)
2026-04-29 17:23:05,887 INFO train_distributed [rank 0] peak HBM: alloc=11.50 GB, reserved=11.67 GB
2026-04-29 17:23:05,890 INFO train_distributed [rank 0] wrote experiments/047_arch_tier_4_2_dyngraph/results_t42_dyngraph_no_u_seed8/training_log.json
