2026-04-28 18:08:25,182 INFO train_distributed [dist] rank=0 world_size=1 local_rank=0 cuda_available=True
2026-04-28 18:08:25,223 INFO train_distributed loaded 2,841 returns for spx/2015-2026_daily
2026-04-28 18:08:25,230 INFO train_distributed targets: acf_sq=0.342 leverage_sum=-0.790 hill_alpha=2.68
2026-04-28 18:08:26,369 INFO train_distributed EcoMDSimulator built: 34408 parameters (device=cuda:0)
2026-04-28 18:08:28,750 INFO train_distributed it=   0 lr=1.00e-04 loss_world=2.6222 |∇|=4.06e+02 γ=1.000 T=0.0500
2026-04-28 18:08:38,693 INFO train_distributed it=   9 lr=1.00e-03 loss_world=2.2411 |∇|=1.09e+02 γ=1.000 T=0.0500
2026-04-28 18:08:49,884 INFO train_distributed it=  19 lr=9.95e-04 loss_world=1.7947 |∇|=4.53e+02 γ=0.993 T=0.0500
2026-04-28 18:09:01,097 INFO train_distributed it=  29 lr=9.78e-04 loss_world=6.5077 |∇|=1.04e+03 γ=0.987 T=0.0498
2026-04-28 18:09:12,267 INFO train_distributed it=  39 lr=9.49e-04 loss_world=13.0372 |∇|=1.65e+03 γ=0.980 T=0.0498
2026-04-28 18:09:23,439 INFO train_distributed it=  49 lr=9.10e-04 loss_world=1.1858 |∇|=9.02e+01 γ=0.974 T=0.0498
2026-04-28 18:09:34,601 INFO train_distributed it=  59 lr=8.60e-04 loss_world=1.1035 |∇|=1.92e+02 γ=0.972 T=0.0498
2026-04-28 18:09:45,763 INFO train_distributed it=  69 lr=8.02e-04 loss_world=3.0948 |∇|=1.52e+03 γ=0.972 T=0.0498
2026-04-28 18:09:56,927 INFO train_distributed it=  79 lr=7.38e-04 loss_world=1.9896 |∇|=2.85e+02 γ=0.972 T=0.0498
2026-04-28 18:10:08,095 INFO train_distributed it=  89 lr=6.68e-04 loss_world=1.3083 |∇|=5.12e+02 γ=0.972 T=0.0498
2026-04-28 18:10:19,263 INFO train_distributed it=  99 lr=5.95e-04 loss_world=3.0522 |∇|=1.72e+03 γ=0.972 T=0.0498
2026-04-28 18:10:30,421 INFO train_distributed it= 109 lr=5.20e-04 loss_world=0.8658 |∇|=6.04e+02 γ=0.972 T=0.0499
2026-04-28 18:10:41,580 INFO train_distributed it= 119 lr=4.47e-04 loss_world=0.8903 |∇|=8.20e+02 γ=0.972 T=0.0499
2026-04-28 18:10:52,735 INFO train_distributed it= 129 lr=3.76e-04 loss_world=6.9076 |∇|=4.09e+03 γ=0.973 T=0.0499
2026-04-28 18:11:03,899 INFO train_distributed it= 139 lr=3.10e-04 loss_world=2.9495 |∇|=3.89e+03 γ=0.974 T=0.0499
2026-04-28 18:11:15,061 INFO train_distributed it= 149 lr=2.51e-04 loss_world=1.4477 |∇|=9.11e+02 γ=0.974 T=0.0499
2026-04-28 18:11:26,235 INFO train_distributed it= 159 lr=2.00e-04 loss_world=1.0838 |∇|=2.13e+02 γ=0.974 T=0.0499
2026-04-28 18:11:37,393 INFO train_distributed it= 169 lr=1.58e-04 loss_world=4.3547 |∇|=2.95e+03 γ=0.974 T=0.0499
2026-04-28 18:11:48,549 INFO train_distributed it= 179 lr=1.27e-04 loss_world=2.5283 |∇|=3.89e+03 γ=0.975 T=0.0499
2026-04-28 18:11:59,713 INFO train_distributed it= 189 lr=1.07e-04 loss_world=1.1346 |∇|=2.98e+02 γ=0.975 T=0.0499
2026-04-28 18:12:10,875 INFO train_distributed it= 199 lr=1.00e-04 loss_world=1.0173 |∇|=3.70e+02 γ=0.975 T=0.0499
2026-04-28 18:12:10,881 INFO train_distributed training finished in 224.5s (200 iters, world_size=1)
2026-04-28 18:12:10,881 INFO train_distributed [rank 0] peak HBM: alloc=7.10 GB, reserved=7.69 GB
2026-04-28 18:12:10,884 INFO train_distributed [rank 0] wrote experiments/037_arch_tier_1_1_memory/results_t11_memory_seed4/training_log.json
