2026-04-29 11:16:04,589 INFO train_distributed [dist] rank=0 world_size=1 local_rank=0 cuda_available=True
2026-04-29 11:16:04,634 INFO train_distributed loaded 2,841 returns for spx/2015-2026_daily
2026-04-29 11:16:04,642 INFO train_distributed targets: acf_sq=0.342 leverage_sum=-0.790 hill_alpha=2.68
2026-04-29 11:16:06,106 INFO train_distributed EcoMDSimulator built: 34780 parameters (device=cuda:0)
2026-04-29 11:16:08,505 INFO train_distributed it=   0 lr=1.00e-04 loss_world=14.2546 |∇|=6.62e+02 γ=1.000 T=0.0500
2026-04-29 11:16:18,520 INFO train_distributed it=   9 lr=1.00e-03 loss_world=1.9486 |∇|=8.31e+02 γ=0.995 T=0.0500
2026-04-29 11:16:29,714 INFO train_distributed it=  19 lr=9.95e-04 loss_world=1.8756 |∇|=9.01e+01 γ=0.988 T=0.0502
2026-04-29 11:16:40,913 INFO train_distributed it=  29 lr=9.78e-04 loss_world=2.2726 |∇|=2.02e+02 γ=0.984 T=0.0502
2026-04-29 11:16:52,105 INFO train_distributed it=  39 lr=9.49e-04 loss_world=3.0319 |∇|=8.39e+02 γ=0.980 T=0.0501
2026-04-29 11:17:03,281 INFO train_distributed it=  49 lr=9.10e-04 loss_world=1.2809 |∇|=2.23e+02 γ=0.977 T=0.0501
2026-04-29 11:17:14,455 INFO train_distributed it=  59 lr=8.60e-04 loss_world=0.6851 |∇|=3.42e+02 γ=0.974 T=0.0503
2026-04-29 11:17:25,628 INFO train_distributed it=  69 lr=8.02e-04 loss_world=6.4868 |∇|=1.00e+03 γ=0.974 T=0.0503
2026-04-29 11:17:36,800 INFO train_distributed it=  79 lr=7.38e-04 loss_world=15.1664 |∇|=4.77e+03 γ=0.973 T=0.0503
2026-04-29 11:17:47,971 INFO train_distributed it=  89 lr=6.68e-04 loss_world=1.0175 |∇|=3.40e+02 γ=0.973 T=0.0502
2026-04-29 11:17:59,145 INFO train_distributed it=  99 lr=5.95e-04 loss_world=1.4076 |∇|=5.65e+02 γ=0.974 T=0.0502
2026-04-29 11:18:10,314 INFO train_distributed it= 109 lr=5.20e-04 loss_world=5.0965 |∇|=1.55e+03 γ=0.974 T=0.0502
2026-04-29 11:18:21,483 INFO train_distributed it= 119 lr=4.47e-04 loss_world=6.0855 |∇|=8.24e+02 γ=0.974 T=0.0502
2026-04-29 11:18:32,651 INFO train_distributed it= 129 lr=3.76e-04 loss_world=10.9660 |∇|=2.07e+03 γ=0.975 T=0.0502
2026-04-29 11:18:43,820 INFO train_distributed it= 139 lr=3.10e-04 loss_world=1.0894 |∇|=3.81e+02 γ=0.975 T=0.0502
2026-04-29 11:18:54,990 INFO train_distributed it= 149 lr=2.51e-04 loss_world=1.1372 |∇|=8.22e+02 γ=0.976 T=0.0502
2026-04-29 11:19:06,162 INFO train_distributed it= 159 lr=2.00e-04 loss_world=1.0689 |∇|=2.38e+02 γ=0.976 T=0.0502
2026-04-29 11:19:17,334 INFO train_distributed it= 169 lr=1.58e-04 loss_world=5.2871 |∇|=6.17e+03 γ=0.976 T=0.0502
2026-04-29 11:19:28,509 INFO train_distributed it= 179 lr=1.27e-04 loss_world=0.7006 |∇|=7.47e+02 γ=0.976 T=0.0502
2026-04-29 11:19:39,679 INFO train_distributed it= 189 lr=1.07e-04 loss_world=1.0830 |∇|=2.69e+02 γ=0.976 T=0.0502
2026-04-29 11:19:50,849 INFO train_distributed it= 199 lr=1.00e-04 loss_world=1.2110 |∇|=3.03e+02 γ=0.976 T=0.0502
2026-04-29 11:19:50,855 INFO train_distributed training finished in 224.7s (200 iters, world_size=1)
2026-04-29 11:19:50,855 INFO train_distributed [rank 0] peak HBM: alloc=7.09 GB, reserved=7.68 GB
2026-04-29 11:19:50,858 INFO train_distributed [rank 0] wrote experiments/045_arch_tier_4_1_megnet/results_t41_megnet_ext_only_seed0/training_log.json
