2026-04-28 19:13:02,817 INFO train_distributed [dist] rank=0 world_size=1 local_rank=0 cuda_available=True
2026-04-28 19:13:02,860 INFO train_distributed loaded 2,841 returns for spx/2015-2026_daily
2026-04-28 19:13:02,867 INFO train_distributed targets: acf_sq=0.342 leverage_sum=-0.790 hill_alpha=2.68
2026-04-28 19:13:03,994 INFO train_distributed EcoMDSimulator built: 31588 parameters (device=cuda:0)
2026-04-28 19:13:06,378 INFO train_distributed it=   0 lr=1.00e-04 loss_world=1.2724 |∇|=5.18e+01 γ=1.000 T=0.0500
2026-04-28 19:13:16,091 INFO train_distributed it=   9 lr=1.00e-03 loss_world=1.0426 |∇|=9.33e+00 γ=1.002 T=0.0500
2026-04-28 19:13:26,985 INFO train_distributed it=  19 lr=9.95e-04 loss_world=1.1453 |∇|=3.93e+00 γ=1.000 T=0.0499
2026-04-28 19:13:37,892 INFO train_distributed it=  29 lr=9.78e-04 loss_world=1.2011 |∇|=5.16e+00 γ=0.992 T=0.0500
2026-04-28 19:13:48,795 INFO train_distributed it=  39 lr=9.49e-04 loss_world=1.0647 |∇|=2.45e+00 γ=0.984 T=0.0500
2026-04-28 19:13:59,700 INFO train_distributed it=  49 lr=9.10e-04 loss_world=1.0835 |∇|=4.13e+00 γ=0.975 T=0.0499
2026-04-28 19:14:10,602 INFO train_distributed it=  59 lr=8.60e-04 loss_world=1.5975 |∇|=5.69e+01 γ=0.967 T=0.0500
2026-04-28 19:14:21,499 INFO train_distributed it=  69 lr=8.02e-04 loss_world=0.7772 |∇|=8.38e+00 γ=0.964 T=0.0500
2026-04-28 19:14:32,391 INFO train_distributed it=  79 lr=7.38e-04 loss_world=0.7131 |∇|=6.09e+00 γ=0.961 T=0.0500
2026-04-28 19:14:43,285 INFO train_distributed it=  89 lr=6.68e-04 loss_world=0.7193 |∇|=8.73e+00 γ=0.958 T=0.0499
2026-04-28 19:14:54,180 INFO train_distributed it=  99 lr=5.95e-04 loss_world=0.9196 |∇|=5.04e+00 γ=0.956 T=0.0499
2026-04-28 19:15:05,079 INFO train_distributed it= 109 lr=5.20e-04 loss_world=1.0310 |∇|=4.02e+00 γ=0.955 T=0.0499
2026-04-28 19:15:15,975 INFO train_distributed it= 119 lr=4.47e-04 loss_world=1.0565 |∇|=2.36e+00 γ=0.953 T=0.0499
2026-04-28 19:15:26,872 INFO train_distributed it= 129 lr=3.76e-04 loss_world=1.0318 |∇|=2.92e+00 γ=0.951 T=0.0499
2026-04-28 19:15:37,768 INFO train_distributed it= 139 lr=3.10e-04 loss_world=0.9930 |∇|=3.07e+00 γ=0.949 T=0.0499
2026-04-28 19:15:48,664 INFO train_distributed it= 149 lr=2.51e-04 loss_world=1.0839 |∇|=4.17e+00 γ=0.947 T=0.0499
2026-04-28 19:15:59,559 INFO train_distributed it= 159 lr=2.00e-04 loss_world=1.0767 |∇|=3.80e+00 γ=0.947 T=0.0499
2026-04-28 19:16:10,449 INFO train_distributed it= 169 lr=1.58e-04 loss_world=1.0024 |∇|=3.70e+00 γ=0.946 T=0.0499
2026-04-28 19:16:21,340 INFO train_distributed it= 179 lr=1.27e-04 loss_world=1.0001 |∇|=2.68e+00 γ=0.945 T=0.0499
2026-04-28 19:16:32,232 INFO train_distributed it= 189 lr=1.07e-04 loss_world=0.9803 |∇|=3.65e+00 γ=0.945 T=0.0499
2026-04-28 19:16:43,124 INFO train_distributed it= 199 lr=1.00e-04 loss_world=0.9478 |∇|=3.75e+00 γ=0.944 T=0.0499
2026-04-28 19:16:43,129 INFO train_distributed training finished in 219.1s (200 iters, world_size=1)
2026-04-28 19:16:43,129 INFO train_distributed [rank 0] peak HBM: alloc=7.09 GB, reserved=7.48 GB
2026-04-28 19:16:43,132 INFO train_distributed [rank 0] wrote experiments/041_arch_tier_2_2_multitimescale/results_t22_multitimescale_seed7/training_log.json
