2026-04-29 11:37:42,407 INFO train_distributed [dist] rank=0 world_size=1 local_rank=0 cuda_available=True
2026-04-29 11:37:42,452 INFO train_distributed loaded 2,841 returns for spx/2015-2026_daily
2026-04-29 11:37:42,459 INFO train_distributed targets: acf_sq=0.342 leverage_sum=-0.790 hill_alpha=2.68
2026-04-29 11:37:44,684 INFO train_distributed EcoMDSimulator built: 36316 parameters (device=cuda:0)
2026-04-29 11:37:47,135 INFO train_distributed it=   0 lr=1.00e-04 loss_world=42.0447 |∇|=1.38e+04 γ=1.000 T=0.0500
2026-04-29 11:37:57,522 INFO train_distributed it=   9 lr=1.00e-03 loss_world=4.7923 |∇|=2.77e+02 γ=0.996 T=0.0500
2026-04-29 11:38:09,189 INFO train_distributed it=  19 lr=9.95e-04 loss_world=3.5047 |∇|=5.79e+02 γ=0.990 T=0.0501
2026-04-29 11:38:20,871 INFO train_distributed it=  29 lr=9.78e-04 loss_world=2.5426 |∇|=1.78e+02 γ=0.986 T=0.0502
2026-04-29 11:38:32,551 INFO train_distributed it=  39 lr=9.49e-04 loss_world=2.5775 |∇|=1.51e+02 γ=0.982 T=0.0503
2026-04-29 11:38:44,230 INFO train_distributed it=  49 lr=9.10e-04 loss_world=1.0283 |∇|=3.44e+03 γ=0.976 T=0.0504
2026-04-29 11:38:55,903 INFO train_distributed it=  59 lr=8.60e-04 loss_world=1.6824 |∇|=1.60e+03 γ=0.971 T=0.0504
2026-04-29 11:39:07,585 INFO train_distributed it=  69 lr=8.02e-04 loss_world=12.8893 |∇|=2.52e+03 γ=0.967 T=0.0505
2026-04-29 11:39:19,258 INFO train_distributed it=  79 lr=7.38e-04 loss_world=8.6347 |∇|=7.90e+02 γ=0.964 T=0.0505
2026-04-29 11:39:30,923 INFO train_distributed it=  89 lr=6.68e-04 loss_world=0.9371 |∇|=1.99e+02 γ=0.962 T=0.0505
2026-04-29 11:39:42,587 INFO train_distributed it=  99 lr=5.95e-04 loss_world=1.2026 |∇|=2.72e+02 γ=0.961 T=0.0505
2026-04-29 11:39:54,253 INFO train_distributed it= 109 lr=5.20e-04 loss_world=0.9239 |∇|=8.23e+03 γ=0.961 T=0.0505
2026-04-29 11:40:05,920 INFO train_distributed it= 119 lr=4.47e-04 loss_world=1.5228 |∇|=3.81e+02 γ=0.961 T=0.0506
2026-04-29 11:40:17,606 INFO train_distributed it= 129 lr=3.76e-04 loss_world=0.8572 |∇|=5.63e+02 γ=0.961 T=0.0506
2026-04-29 11:40:29,270 INFO train_distributed it= 139 lr=3.10e-04 loss_world=0.9967 |∇|=3.83e+02 γ=0.961 T=0.0506
2026-04-29 11:40:40,936 INFO train_distributed it= 149 lr=2.51e-04 loss_world=1.3436 |∇|=3.24e+02 γ=0.960 T=0.0506
2026-04-29 11:40:52,599 INFO train_distributed it= 159 lr=2.00e-04 loss_world=1.2470 |∇|=2.70e+02 γ=0.960 T=0.0506
2026-04-29 11:41:04,265 INFO train_distributed it= 169 lr=1.58e-04 loss_world=1.3269 |∇|=1.84e+02 γ=0.960 T=0.0506
2026-04-29 11:41:15,929 INFO train_distributed it= 179 lr=1.27e-04 loss_world=1.2292 |∇|=2.19e+03 γ=0.961 T=0.0506
2026-04-29 11:41:27,602 INFO train_distributed it= 189 lr=1.07e-04 loss_world=1.7757 |∇|=8.84e+02 γ=0.961 T=0.0506
2026-04-29 11:41:39,272 INFO train_distributed it= 199 lr=1.00e-04 loss_world=8.7251 |∇|=2.18e+03 γ=0.961 T=0.0506
2026-04-29 11:41:39,277 INFO train_distributed training finished in 234.6s (200 iters, world_size=1)
2026-04-29 11:41:39,277 INFO train_distributed [rank 0] peak HBM: alloc=7.24 GB, reserved=8.05 GB
2026-04-29 11:41:39,280 INFO train_distributed [rank 0] wrote experiments/046_arch_megnet_pairs/results_p_4_1__2_1_seed1/training_log.json
