2026-04-28 18:40:14,531 INFO train_distributed [dist] rank=0 world_size=1 local_rank=0 cuda_available=True
2026-04-28 18:40:14,575 INFO train_distributed loaded 2,841 returns for spx/2015-2026_daily
2026-04-28 18:40:14,582 INFO train_distributed targets: acf_sq=0.342 leverage_sum=-0.790 hill_alpha=2.68
2026-04-28 18:40:16,183 INFO train_distributed EcoMDSimulator built: 33043 parameters (device=cuda:0)
2026-04-28 18:40:19,700 INFO train_distributed it=   0 lr=1.00e-04 loss_world=4.9060 |∇|=1.21e+03 γ=1.000 T=0.0500
2026-04-28 18:40:39,744 INFO train_distributed it=   9 lr=1.00e-03 loss_world=2.4923 |∇|=1.05e+02 γ=1.002 T=0.0500
2026-04-28 18:41:02,135 INFO train_distributed it=  19 lr=9.95e-04 loss_world=12.7960 |∇|=1.36e+03 γ=1.000 T=0.0500
2026-04-28 18:41:24,569 INFO train_distributed it=  29 lr=9.78e-04 loss_world=2.6608 |∇|=1.42e+02 γ=0.995 T=0.0499
2026-04-28 18:41:47,009 INFO train_distributed it=  39 lr=9.49e-04 loss_world=2.2366 |∇|=1.58e+02 γ=0.991 T=0.0499
2026-04-28 18:42:09,446 INFO train_distributed it=  49 lr=9.10e-04 loss_world=9.5863 |∇|=1.61e+03 γ=0.989 T=0.0499
2026-04-28 18:42:31,886 INFO train_distributed it=  59 lr=8.60e-04 loss_world=2.4301 |∇|=2.92e+02 γ=0.986 T=0.0499
2026-04-28 18:42:54,329 INFO train_distributed it=  69 lr=8.02e-04 loss_world=2.7896 |∇|=3.60e+02 γ=0.983 T=0.0499
2026-04-28 18:43:16,770 INFO train_distributed it=  79 lr=7.38e-04 loss_world=4.2876 |∇|=2.64e+03 γ=0.981 T=0.0499
2026-04-28 18:43:39,209 INFO train_distributed it=  89 lr=6.68e-04 loss_world=9.8598 |∇|=2.36e+03 γ=0.979 T=0.0499
2026-04-28 18:44:01,653 INFO train_distributed it=  99 lr=5.95e-04 loss_world=63.1550 |∇|=2.45e+04 γ=0.977 T=0.0500
2026-04-28 18:44:24,089 INFO train_distributed it= 109 lr=5.20e-04 loss_world=43.0973 |∇|=1.15e+04 γ=0.974 T=0.0500
2026-04-28 18:44:46,524 INFO train_distributed it= 119 lr=4.47e-04 loss_world=2.4109 |∇|=6.03e+02 γ=0.970 T=0.0501
2026-04-28 18:45:08,968 INFO train_distributed it= 129 lr=3.76e-04 loss_world=2.0729 |∇|=6.10e+02 γ=0.968 T=0.0501
2026-04-28 18:45:31,403 INFO train_distributed it= 139 lr=3.10e-04 loss_world=2.1341 |∇|=4.86e+02 γ=0.967 T=0.0501
2026-04-28 18:45:53,830 INFO train_distributed it= 149 lr=2.51e-04 loss_world=6.5259 |∇|=3.81e+03 γ=0.966 T=0.0502
2026-04-28 18:46:16,266 INFO train_distributed it= 159 lr=2.00e-04 loss_world=2.0273 |∇|=1.81e+03 γ=0.966 T=0.0502
2026-04-28 18:46:38,696 INFO train_distributed it= 169 lr=1.58e-04 loss_world=0.8769 |∇|=5.90e+02 γ=0.966 T=0.0502
2026-04-28 18:47:01,127 INFO train_distributed it= 179 lr=1.27e-04 loss_world=1.2362 |∇|=1.58e+03 γ=0.966 T=0.0502
2026-04-28 18:47:23,561 INFO train_distributed it= 189 lr=1.07e-04 loss_world=19.3355 |∇|=1.74e+04 γ=0.966 T=0.0503
2026-04-28 18:47:45,985 INFO train_distributed it= 199 lr=1.00e-04 loss_world=21.5546 |∇|=2.38e+04 γ=0.966 T=0.0503
2026-04-28 18:47:45,991 INFO train_distributed training finished in 449.8s (200 iters, world_size=1)
2026-04-28 18:47:45,991 INFO train_distributed [rank 0] peak HBM: alloc=7.45 GB, reserved=8.04 GB
2026-04-28 18:47:45,994 INFO train_distributed [rank 0] wrote experiments/038_arch_tier_1_2_kernels/results_t12_kernels_seed1/training_log.json
