2026-04-29 16:20:38,634 INFO train_distributed [dist] rank=0 world_size=1 local_rank=0 cuda_available=True
2026-04-29 16:20:38,683 INFO train_distributed loaded 2,841 returns for spx/2015-2026_daily
2026-04-29 16:20:38,691 INFO train_distributed targets: acf_sq=0.342 leverage_sum=-0.790 hill_alpha=2.68
2026-04-29 16:20:39,104 INFO train_distributed EcoMDSimulator built: 105316 parameters (device=cuda:0)
2026-04-29 16:20:40,796 INFO train_distributed it=   0 lr=1.00e-04 loss_world=1.3700 |∇|=6.86e+00 γ=1.000 T=0.0500
2026-04-29 16:20:45,274 INFO train_distributed it=   9 lr=1.00e-03 loss_world=0.8375 |∇|=2.19e+00 γ=0.998 T=0.0502
2026-04-29 16:20:50,234 INFO train_distributed it=  19 lr=9.95e-04 loss_world=0.7801 |∇|=1.29e+00 γ=0.998 T=0.0503
2026-04-29 16:20:55,201 INFO train_distributed it=  29 lr=9.78e-04 loss_world=1.3292 |∇|=6.58e+00 γ=0.997 T=0.0502
2026-04-29 16:21:00,168 INFO train_distributed it=  39 lr=9.49e-04 loss_world=0.9700 |∇|=1.33e+00 γ=1.000 T=0.0503
2026-04-29 16:21:05,136 INFO train_distributed it=  49 lr=9.10e-04 loss_world=0.9379 |∇|=2.13e+00 γ=1.000 T=0.0503
2026-04-29 16:21:10,098 INFO train_distributed it=  59 lr=8.60e-04 loss_world=0.6587 |∇|=1.60e+00 γ=0.999 T=0.0501
2026-04-29 16:21:15,066 INFO train_distributed it=  69 lr=8.02e-04 loss_world=0.7751 |∇|=3.61e+00 γ=1.002 T=0.0504
2026-04-29 16:21:20,038 INFO train_distributed it=  79 lr=7.38e-04 loss_world=0.8173 |∇|=1.86e+00 γ=1.004 T=0.0505
2026-04-29 16:21:24,998 INFO train_distributed it=  89 lr=6.68e-04 loss_world=0.6655 |∇|=2.90e+00 γ=1.002 T=0.0505
2026-04-29 16:21:29,965 INFO train_distributed it=  99 lr=5.95e-04 loss_world=0.5872 |∇|=2.22e+00 γ=1.002 T=0.0505
2026-04-29 16:21:34,925 INFO train_distributed it= 109 lr=5.20e-04 loss_world=1.3123 |∇|=2.18e+00 γ=1.001 T=0.0505
2026-04-29 16:21:39,897 INFO train_distributed it= 119 lr=4.47e-04 loss_world=0.9506 |∇|=1.14e+00 γ=1.000 T=0.0504
2026-04-29 16:21:44,854 INFO train_distributed it= 129 lr=3.76e-04 loss_world=0.9349 |∇|=3.29e+00 γ=1.000 T=0.0504
2026-04-29 16:21:49,811 INFO train_distributed it= 139 lr=3.10e-04 loss_world=1.4092 |∇|=1.15e+00 γ=1.002 T=0.0505
2026-04-29 16:21:54,776 INFO train_distributed it= 149 lr=2.51e-04 loss_world=1.4048 |∇|=3.49e+00 γ=1.003 T=0.0506
2026-04-29 16:21:57,961 INFO train_distributed it= 159 lr=2.00e-04 loss_world=0.8741 |∇|=9.33e-01 γ=1.003 T=0.0506
2026-04-29 16:22:00,722 INFO train_distributed it= 169 lr=1.58e-04 loss_world=0.7908 |∇|=1.54e+00 γ=1.002 T=0.0506
2026-04-29 16:22:03,499 INFO train_distributed it= 179 lr=1.27e-04 loss_world=0.7285 |∇|=2.53e+00 γ=1.002 T=0.0505
2026-04-29 16:22:06,244 INFO train_distributed it= 189 lr=1.07e-04 loss_world=1.2360 |∇|=3.50e+00 γ=1.002 T=0.0506
2026-04-29 16:22:09,016 INFO train_distributed it= 199 lr=1.00e-04 loss_world=0.8659 |∇|=2.40e+00 γ=1.004 T=0.0506
2026-04-29 16:22:09,024 INFO train_distributed training finished in 89.9s (200 iters, world_size=1)
2026-04-29 16:22:09,024 INFO train_distributed [rank 0] peak HBM: alloc=0.59 GB, reserved=0.77 GB
2026-04-29 16:22:09,027 INFO train_distributed [rank 0] wrote experiments/043_arch_pairs/results_p_3_1__1_3_seed1/training_log.json
