2026-04-29 11:06:12,815 INFO train_distributed [dist] rank=0 world_size=1 local_rank=0 cuda_available=True
2026-04-29 11:06:12,859 INFO train_distributed loaded 2,841 returns for spx/2015-2026_daily
2026-04-29 11:06:12,867 INFO train_distributed targets: acf_sq=0.342 leverage_sum=-0.790 hill_alpha=2.68
2026-04-29 11:06:13,331 INFO train_distributed EcoMDSimulator built: 31780 parameters (device=cuda:0)
2026-04-29 11:06:15,968 INFO train_distributed it=   0 lr=1.00e-04 loss_world=4.1656 |∇|=1.09e+03 γ=1.000 T=0.0500
2026-04-29 11:06:27,479 INFO train_distributed it=   9 lr=1.00e-03 loss_world=11.9955 |∇|=5.82e+03 γ=1.000 T=0.0499
2026-04-29 11:06:40,279 INFO train_distributed it=  19 lr=9.95e-04 loss_world=1.2922 |∇|=2.25e+01 γ=0.999 T=0.0499
2026-04-29 11:06:53,079 INFO train_distributed it=  29 lr=9.78e-04 loss_world=5.4244 |∇|=7.04e+02 γ=0.998 T=0.0499
2026-04-29 11:07:05,941 INFO train_distributed it=  39 lr=9.49e-04 loss_world=2.4327 |∇|=2.28e+02 γ=0.999 T=0.0499
2026-04-29 11:07:18,799 INFO train_distributed it=  49 lr=9.10e-04 loss_world=2.6068 |∇|=2.84e+02 γ=0.999 T=0.0499
2026-04-29 11:07:31,658 INFO train_distributed it=  59 lr=8.60e-04 loss_world=2.7678 |∇|=1.73e+02 γ=1.000 T=0.0499
2026-04-29 11:07:44,539 INFO train_distributed it=  69 lr=8.02e-04 loss_world=1.2136 |∇|=1.01e+04 γ=0.999 T=0.0499
2026-04-29 11:07:57,438 INFO train_distributed it=  79 lr=7.38e-04 loss_world=2.9632 |∇|=7.09e+03 γ=0.999 T=0.0499
2026-04-29 11:08:10,319 INFO train_distributed it=  89 lr=6.68e-04 loss_world=7.1731 |∇|=1.15e+03 γ=0.999 T=0.0499
2026-04-29 11:08:23,120 INFO train_distributed it=  99 lr=5.95e-04 loss_world=7.3247 |∇|=9.77e+02 γ=0.997 T=0.0499
2026-04-29 11:08:35,920 INFO train_distributed it= 109 lr=5.20e-04 loss_world=2.5417 |∇|=2.18e+02 γ=0.996 T=0.0499
2026-04-29 11:08:48,719 INFO train_distributed it= 119 lr=4.47e-04 loss_world=1.0053 |∇|=4.19e+02 γ=0.996 T=0.0499
2026-04-29 11:09:01,519 INFO train_distributed it= 129 lr=3.76e-04 loss_world=0.9674 |∇|=2.06e+02 γ=0.996 T=0.0499
2026-04-29 11:09:14,320 INFO train_distributed it= 139 lr=3.10e-04 loss_world=0.9077 |∇|=1.13e+02 γ=0.997 T=0.0500
2026-04-29 11:09:27,120 INFO train_distributed it= 149 lr=2.51e-04 loss_world=1.1649 |∇|=1.84e+02 γ=0.998 T=0.0500
2026-04-29 11:09:39,920 INFO train_distributed it= 159 lr=2.00e-04 loss_world=0.9437 |∇|=2.33e+02 γ=0.999 T=0.0501
2026-04-29 11:09:52,720 INFO train_distributed it= 169 lr=1.58e-04 loss_world=1.0009 |∇|=1.99e+02 γ=0.999 T=0.0501
2026-04-29 11:10:05,520 INFO train_distributed it= 179 lr=1.27e-04 loss_world=0.9621 |∇|=7.28e+01 γ=0.999 T=0.0501
2026-04-29 11:10:18,320 INFO train_distributed it= 189 lr=1.07e-04 loss_world=1.1080 |∇|=1.20e+03 γ=0.999 T=0.0501
2026-04-29 11:10:31,120 INFO train_distributed it= 199 lr=1.00e-04 loss_world=0.6876 |∇|=4.77e+02 γ=0.999 T=0.0501
2026-04-29 11:10:31,125 INFO train_distributed training finished in 257.8s (200 iters, world_size=1)
2026-04-29 11:10:31,125 INFO train_distributed [rank 0] peak HBM: alloc=7.41 GB, reserved=7.84 GB
2026-04-29 11:10:31,128 INFO train_distributed [rank 0] wrote experiments/039_arch_tier_1_3_features/results_t13_features_all_seed8/training_log.json
