2026-04-29 15:36:46,123 INFO train_distributed [dist] rank=0 world_size=1 local_rank=0 cuda_available=True
2026-04-29 15:36:46,167 INFO train_distributed loaded 2,841 returns for spx/2015-2026_daily
2026-04-29 15:36:46,174 INFO train_distributed targets: acf_sq=0.342 leverage_sum=-0.790 hill_alpha=2.68
2026-04-29 15:36:46,935 INFO train_distributed EcoMDSimulator built: 31976 parameters (device=cuda:0)
2026-04-29 15:36:50,619 INFO train_distributed it=   0 lr=1.00e-04 loss_world=2.8180 |∇|=3.18e+01 γ=1.000 T=0.0500
2026-04-29 15:37:12,762 INFO train_distributed it=   9 lr=1.00e-03 loss_world=1.3870 |∇|=1.43e+01 γ=1.002 T=0.0501
2026-04-29 15:37:37,363 INFO train_distributed it=  19 lr=9.95e-04 loss_world=4.0662 |∇|=2.20e+02 γ=1.003 T=0.0502
2026-04-29 15:38:01,962 INFO train_distributed it=  29 lr=9.78e-04 loss_world=1.1057 |∇|=7.11e+01 γ=1.004 T=0.0501
2026-04-29 15:38:26,563 INFO train_distributed it=  39 lr=9.49e-04 loss_world=0.7467 |∇|=7.70e+01 γ=1.001 T=0.0500
2026-04-29 15:38:51,166 INFO train_distributed it=  49 lr=9.10e-04 loss_world=0.9072 |∇|=4.61e+01 γ=1.002 T=0.0500
2026-04-29 15:39:15,778 INFO train_distributed it=  59 lr=8.60e-04 loss_world=0.8764 |∇|=2.09e+02 γ=1.005 T=0.0499
2026-04-29 15:39:40,373 INFO train_distributed it=  69 lr=8.02e-04 loss_world=1.0762 |∇|=6.78e+03 γ=1.008 T=0.0498
2026-04-29 15:40:04,973 INFO train_distributed it=  79 lr=7.38e-04 loss_world=1.2005 |∇|=9.03e+04 γ=1.009 T=0.0497
2026-04-29 15:40:29,568 INFO train_distributed it=  89 lr=6.68e-04 loss_world=1.0045 |∇|=2.28e+05 γ=1.008 T=0.0497
2026-04-29 15:40:54,167 INFO train_distributed it=  99 lr=5.95e-04 loss_world=1.2484 |∇|=2.80e+05 γ=1.009 T=0.0496
2026-04-29 15:41:18,767 INFO train_distributed it= 109 lr=5.20e-04 loss_world=0.7496 |∇|=1.31e+07 γ=1.009 T=0.0496
2026-04-29 15:41:43,363 INFO train_distributed it= 119 lr=4.47e-04 loss_world=0.8568 |∇|=1.73e+06 γ=1.011 T=0.0495
2026-04-29 15:42:07,955 INFO train_distributed it= 129 lr=3.76e-04 loss_world=0.9615 |∇|=6.03e+05 γ=1.012 T=0.0495
2026-04-29 15:42:32,555 INFO train_distributed it= 139 lr=3.10e-04 loss_world=1.3424 |∇|=3.22e+06 γ=1.013 T=0.0494
2026-04-29 15:42:57,151 INFO train_distributed it= 149 lr=2.51e-04 loss_world=0.7801 |∇|=2.21e+06 γ=1.013 T=0.0494
2026-04-29 15:43:21,751 INFO train_distributed it= 159 lr=2.00e-04 loss_world=1.1353 |∇|=1.09e+06 γ=1.013 T=0.0494
2026-04-29 15:43:46,349 INFO train_distributed it= 169 lr=1.58e-04 loss_world=0.8230 |∇|=1.29e+06 γ=1.012 T=0.0494
2026-04-29 15:44:10,949 INFO train_distributed it= 179 lr=1.27e-04 loss_world=1.3765 |∇|=1.02e+06 γ=1.012 T=0.0494
2026-04-29 15:44:35,545 INFO train_distributed it= 189 lr=1.07e-04 loss_world=0.9706 |∇|=3.01e+06 γ=1.012 T=0.0494
2026-04-29 15:45:00,144 INFO train_distributed it= 199 lr=1.00e-04 loss_world=0.9828 |∇|=1.09e+06 γ=1.012 T=0.0494
2026-04-29 15:45:00,149 INFO train_distributed training finished in 493.2s (200 iters, world_size=1)
2026-04-29 15:45:00,149 INFO train_distributed [rank 0] peak HBM: alloc=9.08 GB, reserved=9.86 GB
2026-04-29 15:45:00,152 INFO train_distributed [rank 0] wrote experiments/039_arch_tier_1_3_features/results_t13_features_all_seed8/training_log.json
