2026-04-29 15:28:24,524 INFO train_distributed [dist] rank=0 world_size=1 local_rank=0 cuda_available=True
2026-04-29 15:28:24,569 INFO train_distributed loaded 2,841 returns for spx/2015-2026_daily
2026-04-29 15:28:24,577 INFO train_distributed targets: acf_sq=0.342 leverage_sum=-0.790 hill_alpha=2.68
2026-04-29 15:28:28,751 INFO train_distributed EcoMDSimulator built: 31976 parameters (device=cuda:0)
2026-04-29 15:28:32,476 INFO train_distributed it=   0 lr=1.00e-04 loss_world=2.6705 |∇|=5.86e+01 γ=1.000 T=0.0500
2026-04-29 15:28:54,613 INFO train_distributed it=   9 lr=1.00e-03 loss_world=1.5340 |∇|=1.36e+01 γ=0.998 T=0.0501
2026-04-29 15:29:19,208 INFO train_distributed it=  19 lr=9.95e-04 loss_world=0.6550 |∇|=2.50e+01 γ=0.994 T=0.0503
2026-04-29 15:29:43,806 INFO train_distributed it=  29 lr=9.78e-04 loss_world=0.8692 |∇|=8.63e+01 γ=0.995 T=0.0504
2026-04-29 15:30:08,413 INFO train_distributed it=  39 lr=9.49e-04 loss_world=0.9055 |∇|=1.53e+01 γ=0.993 T=0.0504
2026-04-29 15:30:33,014 INFO train_distributed it=  49 lr=9.10e-04 loss_world=1.1773 |∇|=3.82e+01 γ=0.994 T=0.0504
2026-04-29 15:30:57,608 INFO train_distributed it=  59 lr=8.60e-04 loss_world=1.1940 |∇|=1.12e+01 γ=0.994 T=0.0505
2026-04-29 15:31:22,212 INFO train_distributed it=  69 lr=8.02e-04 loss_world=0.9756 |∇|=5.10e+00 γ=0.995 T=0.0505
2026-04-29 15:31:46,808 INFO train_distributed it=  79 lr=7.38e-04 loss_world=1.0986 |∇|=9.15e+00 γ=0.995 T=0.0505
2026-04-29 15:32:11,405 INFO train_distributed it=  89 lr=6.68e-04 loss_world=1.1297 |∇|=2.11e+01 γ=0.995 T=0.0505
2026-04-29 15:32:36,004 INFO train_distributed it=  99 lr=5.95e-04 loss_world=0.9059 |∇|=2.52e+01 γ=0.995 T=0.0505
2026-04-29 15:33:00,603 INFO train_distributed it= 109 lr=5.20e-04 loss_world=1.4941 |∇|=3.04e+01 γ=0.996 T=0.0505
2026-04-29 15:33:25,204 INFO train_distributed it= 119 lr=4.47e-04 loss_world=0.9439 |∇|=1.05e+01 γ=0.994 T=0.0506
2026-04-29 15:33:49,805 INFO train_distributed it= 129 lr=3.76e-04 loss_world=0.8531 |∇|=9.91e+02 γ=0.991 T=0.0506
2026-04-29 15:34:14,408 INFO train_distributed it= 139 lr=3.10e-04 loss_world=0.8419 |∇|=9.99e+03 γ=0.991 T=0.0505
2026-04-29 15:34:39,014 INFO train_distributed it= 149 lr=2.51e-04 loss_world=1.3068 |∇|=1.06e+04 γ=0.991 T=0.0505
2026-04-29 15:35:03,622 INFO train_distributed it= 159 lr=2.00e-04 loss_world=1.2353 |∇|=2.78e+03 γ=0.991 T=0.0505
2026-04-29 15:35:28,226 INFO train_distributed it= 169 lr=1.58e-04 loss_world=0.9425 |∇|=5.55e+03 γ=0.992 T=0.0505
2026-04-29 15:35:52,832 INFO train_distributed it= 179 lr=1.27e-04 loss_world=0.8152 |∇|=7.79e+03 γ=0.991 T=0.0505
2026-04-29 15:36:17,462 INFO train_distributed it= 189 lr=1.07e-04 loss_world=1.0704 |∇|=2.05e+03 γ=0.992 T=0.0505
2026-04-29 15:36:42,080 INFO train_distributed it= 199 lr=1.00e-04 loss_world=0.6331 |∇|=4.82e+03 γ=0.992 T=0.0505
2026-04-29 15:36:42,085 INFO train_distributed training finished in 493.3s (200 iters, world_size=1)
2026-04-29 15:36:42,085 INFO train_distributed [rank 0] peak HBM: alloc=9.08 GB, reserved=9.86 GB
2026-04-29 15:36:42,088 INFO train_distributed [rank 0] wrote experiments/039_arch_tier_1_3_features/results_t13_features_all_seed1/training_log.json
