2026-04-29 11:23:50,099 INFO train_distributed [dist] rank=0 world_size=1 local_rank=0 cuda_available=True
2026-04-29 11:23:50,144 INFO train_distributed loaded 2,841 returns for spx/2015-2026_daily
2026-04-29 11:23:50,151 INFO train_distributed targets: acf_sq=0.342 leverage_sum=-0.790 hill_alpha=2.68
2026-04-29 11:23:50,529 INFO train_distributed EcoMDSimulator built: 36316 parameters (device=cuda:0)
2026-04-29 11:23:52,902 INFO train_distributed it=   0 lr=1.00e-04 loss_world=8.9968 |∇|=7.66e+03 γ=1.000 T=0.0500
2026-04-29 11:24:03,456 INFO train_distributed it=   9 lr=1.00e-03 loss_world=2.0783 |∇|=1.43e+02 γ=0.997 T=0.0499
2026-04-29 11:24:15,263 INFO train_distributed it=  19 lr=9.95e-04 loss_world=1.9706 |∇|=1.38e+02 γ=0.994 T=0.0500
2026-04-29 11:24:27,074 INFO train_distributed it=  29 lr=9.78e-04 loss_world=0.8748 |∇|=1.55e+01 γ=0.993 T=0.0500
2026-04-29 11:24:38,876 INFO train_distributed it=  39 lr=9.49e-04 loss_world=1.2809 |∇|=5.89e+01 γ=0.992 T=0.0498
2026-04-29 11:24:50,647 INFO train_distributed it=  49 lr=9.10e-04 loss_world=1.0398 |∇|=5.40e+02 γ=0.992 T=0.0498
2026-04-29 11:25:02,398 INFO train_distributed it=  59 lr=8.60e-04 loss_world=1.0942 |∇|=4.08e+01 γ=0.992 T=0.0498
2026-04-29 11:25:14,150 INFO train_distributed it=  69 lr=8.02e-04 loss_world=1.5251 |∇|=5.12e+02 γ=0.992 T=0.0498
2026-04-29 11:25:25,891 INFO train_distributed it=  79 lr=7.38e-04 loss_world=1.1325 |∇|=1.64e+02 γ=0.992 T=0.0499
2026-04-29 11:25:37,641 INFO train_distributed it=  89 lr=6.68e-04 loss_world=1.1390 |∇|=7.11e+01 γ=0.992 T=0.0499
2026-04-29 11:25:49,409 INFO train_distributed it=  99 lr=5.95e-04 loss_world=1.2743 |∇|=1.13e+02 γ=0.992 T=0.0498
2026-04-29 11:26:01,165 INFO train_distributed it= 109 lr=5.20e-04 loss_world=1.1032 |∇|=1.24e+03 γ=0.992 T=0.0498
2026-04-29 11:26:12,916 INFO train_distributed it= 119 lr=4.47e-04 loss_world=0.9873 |∇|=6.06e+01 γ=0.992 T=0.0498
2026-04-29 11:26:24,674 INFO train_distributed it= 129 lr=3.76e-04 loss_world=1.1070 |∇|=7.70e+01 γ=0.992 T=0.0498
2026-04-29 11:26:36,431 INFO train_distributed it= 139 lr=3.10e-04 loss_world=1.3091 |∇|=2.54e+02 γ=0.992 T=0.0499
2026-04-29 11:26:48,184 INFO train_distributed it= 149 lr=2.51e-04 loss_world=1.0461 |∇|=2.56e+03 γ=0.993 T=0.0499
2026-04-29 11:26:59,940 INFO train_distributed it= 159 lr=2.00e-04 loss_world=1.1543 |∇|=1.39e+02 γ=0.993 T=0.0499
2026-04-29 11:27:11,700 INFO train_distributed it= 169 lr=1.58e-04 loss_world=1.2963 |∇|=7.32e+01 γ=0.993 T=0.0500
2026-04-29 11:27:23,456 INFO train_distributed it= 179 lr=1.27e-04 loss_world=1.2409 |∇|=7.29e+02 γ=0.993 T=0.0500
2026-04-29 11:27:35,216 INFO train_distributed it= 189 lr=1.07e-04 loss_world=1.8360 |∇|=9.76e+02 γ=0.993 T=0.0500
2026-04-29 11:27:46,986 INFO train_distributed it= 199 lr=1.00e-04 loss_world=1.1825 |∇|=7.13e+01 γ=0.993 T=0.0500
2026-04-29 11:27:46,992 INFO train_distributed training finished in 236.5s (200 iters, world_size=1)
2026-04-29 11:27:46,992 INFO train_distributed [rank 0] peak HBM: alloc=7.24 GB, reserved=8.05 GB
2026-04-29 11:27:46,994 INFO train_distributed [rank 0] wrote experiments/045_arch_tier_4_1_megnet/results_t41_megnet_seed7/training_log.json
