2026-04-29 11:57:15,400 INFO train_distributed [dist] rank=0 world_size=1 local_rank=0 cuda_available=True
2026-04-29 11:57:15,446 INFO train_distributed loaded 2,841 returns for spx/2015-2026_daily
2026-04-29 11:57:15,453 INFO train_distributed targets: acf_sq=0.342 leverage_sum=-0.790 hill_alpha=2.68
2026-04-29 11:57:16,383 INFO train_distributed EcoMDSimulator built: 47261 parameters (device=cuda:0)
2026-04-29 11:57:19,178 INFO train_distributed it=   0 lr=1.00e-04 loss_world=105.8541 |∇|=2.48e+05 γ=1.000 T=0.0500
2026-04-29 11:57:33,243 INFO train_distributed it=   9 lr=1.00e-03 loss_world=2.9918 |∇|=2.36e+02 γ=0.996 T=0.0500
2026-04-29 11:57:49,010 INFO train_distributed it=  19 lr=9.95e-04 loss_world=1.1305 |∇|=1.42e+02 γ=0.993 T=0.0500
2026-04-29 11:58:04,752 INFO train_distributed it=  29 lr=9.78e-04 loss_world=0.9953 |∇|=1.24e+01 γ=0.993 T=0.0500
2026-04-29 11:58:20,450 INFO train_distributed it=  39 lr=9.49e-04 loss_world=1.1155 |∇|=1.29e+01 γ=0.991 T=0.0500
2026-04-29 11:58:36,151 INFO train_distributed it=  49 lr=9.10e-04 loss_world=1.1736 |∇|=7.67e+00 γ=0.991 T=0.0500
2026-04-29 11:58:51,848 INFO train_distributed it=  59 lr=8.60e-04 loss_world=1.0271 |∇|=1.54e+02 γ=0.991 T=0.0500
2026-04-29 11:59:07,548 INFO train_distributed it=  69 lr=8.02e-04 loss_world=1.0619 |∇|=1.22e+01 γ=0.989 T=0.0500
2026-04-29 11:59:23,186 INFO train_distributed it=  79 lr=7.38e-04 loss_world=1.2371 |∇|=8.60e+03 γ=0.989 T=0.0500
2026-04-29 11:59:38,768 INFO train_distributed it=  89 lr=6.68e-04 loss_world=1.1983 |∇|=1.20e+02 γ=0.990 T=0.0500
2026-04-29 11:59:54,333 INFO train_distributed it=  99 lr=5.95e-04 loss_world=3.8269 |∇|=2.23e+03 γ=0.990 T=0.0499
2026-04-29 12:00:09,877 INFO train_distributed it= 109 lr=5.20e-04 loss_world=5.2621 |∇|=5.37e+03 γ=0.991 T=0.0498
2026-04-29 12:00:25,396 INFO train_distributed it= 119 lr=4.47e-04 loss_world=1.0126 |∇|=2.64e+02 γ=0.992 T=0.0496
2026-04-29 12:00:40,895 INFO train_distributed it= 129 lr=3.76e-04 loss_world=8.5423 |∇|=1.93e+03 γ=0.993 T=0.0495
2026-04-29 12:00:56,406 INFO train_distributed it= 139 lr=3.10e-04 loss_world=40.0165 |∇|=1.41e+04 γ=0.993 T=0.0494
2026-04-29 12:01:11,952 INFO train_distributed it= 149 lr=2.51e-04 loss_world=1.5286 |∇|=1.48e+02 γ=0.994 T=0.0494
2026-04-29 12:01:27,483 INFO train_distributed it= 159 lr=2.00e-04 loss_world=1.4005 |∇|=6.14e+02 γ=0.994 T=0.0494
2026-04-29 12:01:43,004 INFO train_distributed it= 169 lr=1.58e-04 loss_world=1.4235 |∇|=5.23e+02 γ=0.994 T=0.0494
2026-04-29 12:01:58,520 INFO train_distributed it= 179 lr=1.27e-04 loss_world=0.9353 |∇|=5.95e+02 γ=0.995 T=0.0494
2026-04-29 12:02:14,022 INFO train_distributed it= 189 lr=1.07e-04 loss_world=1.1360 |∇|=3.87e+02 γ=0.995 T=0.0494
2026-04-29 12:02:29,513 INFO train_distributed it= 199 lr=1.00e-04 loss_world=1.2817 |∇|=2.53e+02 γ=0.995 T=0.0494
2026-04-29 12:02:29,519 INFO train_distributed training finished in 313.1s (200 iters, world_size=1)
2026-04-29 12:02:29,519 INFO train_distributed [rank 0] peak HBM: alloc=9.41 GB, reserved=10.01 GB
2026-04-29 12:02:29,522 INFO train_distributed [rank 0] wrote experiments/047_arch_tier_4_2_dyngraph/results_t42_dyngraph_seed3/training_log.json
