2026-04-29 17:14:52,615 INFO train_distributed [dist] rank=0 world_size=1 local_rank=0 cuda_available=True
2026-04-29 17:14:52,661 INFO train_distributed loaded 2,841 returns for spx/2015-2026_daily
2026-04-29 17:14:52,669 INFO train_distributed targets: acf_sq=0.342 leverage_sum=-0.790 hill_alpha=2.68
2026-04-29 17:14:53,302 INFO train_distributed EcoMDSimulator built: 47709 parameters (device=cuda:0)
2026-04-29 17:14:57,543 INFO train_distributed it=   0 lr=1.00e-04 loss_world=19.9227 |∇|=2.40e+03 γ=1.000 T=0.0500
2026-04-29 17:15:24,209 INFO train_distributed it=   9 lr=1.00e-03 loss_world=2.6164 |∇|=2.00e+01 γ=0.995 T=0.0500
2026-04-29 17:15:53,830 INFO train_distributed it=  19 lr=9.95e-04 loss_world=2.0500 |∇|=8.43e+00 γ=0.990 T=0.0500
2026-04-29 17:16:23,439 INFO train_distributed it=  29 lr=9.78e-04 loss_world=1.9259 |∇|=1.89e+01 γ=0.987 T=0.0502
2026-04-29 17:16:53,038 INFO train_distributed it=  39 lr=9.49e-04 loss_world=1.9018 |∇|=1.50e+01 γ=0.986 T=0.0503
2026-04-29 17:17:22,645 INFO train_distributed it=  49 lr=9.10e-04 loss_world=1.7395 |∇|=8.65e+01 γ=0.985 T=0.0505
2026-04-29 17:17:52,265 INFO train_distributed it=  59 lr=8.60e-04 loss_world=1.2031 |∇|=1.76e+02 γ=0.983 T=0.0508
2026-04-29 17:18:21,910 INFO train_distributed it=  69 lr=8.02e-04 loss_world=0.5747 |∇|=2.54e+02 γ=0.982 T=0.0510
2026-04-29 17:18:51,522 INFO train_distributed it=  79 lr=7.38e-04 loss_world=1.8192 |∇|=1.78e+02 γ=0.982 T=0.0512
2026-04-29 17:19:21,135 INFO train_distributed it=  89 lr=6.68e-04 loss_world=0.9107 |∇|=3.65e+02 γ=0.982 T=0.0513
2026-04-29 17:19:50,742 INFO train_distributed it=  99 lr=5.95e-04 loss_world=1.1230 |∇|=2.67e+02 γ=0.982 T=0.0515
2026-04-29 17:20:20,338 INFO train_distributed it= 109 lr=5.20e-04 loss_world=1.1974 |∇|=1.54e+02 γ=0.982 T=0.0516
2026-04-29 17:20:49,943 INFO train_distributed it= 119 lr=4.47e-04 loss_world=0.5536 |∇|=2.41e+01 γ=0.981 T=0.0516
2026-04-29 17:21:19,543 INFO train_distributed it= 129 lr=3.76e-04 loss_world=0.8225 |∇|=8.51e+02 γ=0.981 T=0.0516
2026-04-29 17:21:49,145 INFO train_distributed it= 139 lr=3.10e-04 loss_world=0.9345 |∇|=1.65e+02 γ=0.981 T=0.0516
2026-04-29 17:22:18,762 INFO train_distributed it= 149 lr=2.51e-04 loss_world=1.1473 |∇|=2.41e+02 γ=0.981 T=0.0517
2026-04-29 17:22:48,373 INFO train_distributed it= 159 lr=2.00e-04 loss_world=0.8779 |∇|=1.17e+03 γ=0.981 T=0.0517
2026-04-29 17:23:17,997 INFO train_distributed it= 169 lr=1.58e-04 loss_world=1.3360 |∇|=1.40e+02 γ=0.981 T=0.0517
2026-04-29 17:23:47,623 INFO train_distributed it= 179 lr=1.27e-04 loss_world=0.7098 |∇|=1.39e+02 γ=0.981 T=0.0517
2026-04-29 17:24:17,267 INFO train_distributed it= 189 lr=1.07e-04 loss_world=1.2541 |∇|=3.68e+01 γ=0.981 T=0.0517
2026-04-29 17:24:46,893 INFO train_distributed it= 199 lr=1.00e-04 loss_world=0.5339 |∇|=3.31e+01 γ=0.981 T=0.0518
2026-04-29 17:24:46,900 INFO train_distributed training finished in 593.6s (200 iters, world_size=1)
2026-04-29 17:24:46,900 INFO train_distributed [rank 0] peak HBM: alloc=12.09 GB, reserved=12.55 GB
2026-04-29 17:24:46,903 INFO train_distributed [rank 0] wrote experiments/047_arch_tier_4_2_dyngraph/results_t42_dyngraph_seed3/training_log.json
