2026-04-29 15:57:38,837 INFO train_distributed [dist] rank=0 world_size=1 local_rank=0 cuda_available=True
2026-04-29 15:57:38,883 INFO train_distributed loaded 2,841 returns for spx/2015-2026_daily
2026-04-29 15:57:38,890 INFO train_distributed targets: acf_sq=0.342 leverage_sum=-0.790 hill_alpha=2.68
2026-04-29 15:57:40,368 INFO train_distributed EcoMDSimulator built: 35863 parameters (device=cuda:0)
2026-04-29 15:57:43,906 INFO train_distributed it=   0 lr=1.00e-04 loss_world=7.7030 |∇|=1.21e+03 γ=1.000 T=0.0500
2026-04-29 15:58:04,245 INFO train_distributed it=   9 lr=1.00e-03 loss_world=5.9954 |∇|=1.20e+03 γ=1.003 T=0.0499
2026-04-29 15:58:26,956 INFO train_distributed it=  19 lr=9.95e-04 loss_world=1.0467 |∇|=6.85e+02 γ=1.004 T=0.0497
2026-04-29 15:58:49,715 INFO train_distributed it=  29 lr=9.78e-04 loss_world=1.4038 |∇|=5.19e+01 γ=1.005 T=0.0497
2026-04-29 15:59:12,511 INFO train_distributed it=  39 lr=9.49e-04 loss_world=1.3044 |∇|=4.97e+01 γ=1.004 T=0.0497
2026-04-29 15:59:35,284 INFO train_distributed it=  49 lr=9.10e-04 loss_world=1.1248 |∇|=2.85e+01 γ=1.002 T=0.0497
2026-04-29 15:59:58,061 INFO train_distributed it=  59 lr=8.60e-04 loss_world=1.0747 |∇|=7.59e+00 γ=1.001 T=0.0497
2026-04-29 16:00:20,821 INFO train_distributed it=  69 lr=8.02e-04 loss_world=1.0145 |∇|=1.11e+01 γ=1.000 T=0.0496
2026-04-29 16:00:43,580 INFO train_distributed it=  79 lr=7.38e-04 loss_world=0.9876 |∇|=9.35e+00 γ=1.000 T=0.0496
2026-04-29 16:01:06,338 INFO train_distributed it=  89 lr=6.68e-04 loss_world=1.0012 |∇|=9.98e+00 γ=1.000 T=0.0496
2026-04-29 16:01:29,089 INFO train_distributed it=  99 lr=5.95e-04 loss_world=1.0272 |∇|=1.20e+01 γ=1.000 T=0.0496
2026-04-29 16:01:51,836 INFO train_distributed it= 109 lr=5.20e-04 loss_world=1.0036 |∇|=9.23e+00 γ=1.000 T=0.0496
2026-04-29 16:02:14,593 INFO train_distributed it= 119 lr=4.47e-04 loss_world=1.0272 |∇|=8.03e+00 γ=1.000 T=0.0496
2026-04-29 16:02:37,342 INFO train_distributed it= 129 lr=3.76e-04 loss_world=1.0202 |∇|=7.96e+00 γ=1.000 T=0.0496
2026-04-29 16:03:00,084 INFO train_distributed it= 139 lr=3.10e-04 loss_world=1.0348 |∇|=1.23e+01 γ=1.000 T=0.0496
2026-04-29 16:03:22,825 INFO train_distributed it= 149 lr=2.51e-04 loss_world=0.9998 |∇|=8.91e+00 γ=1.000 T=0.0496
2026-04-29 16:03:45,558 INFO train_distributed it= 159 lr=2.00e-04 loss_world=1.0333 |∇|=7.53e+00 γ=1.000 T=0.0496
2026-04-29 16:04:08,301 INFO train_distributed it= 169 lr=1.58e-04 loss_world=0.9933 |∇|=1.05e+01 γ=1.000 T=0.0496
2026-04-29 16:04:31,046 INFO train_distributed it= 179 lr=1.27e-04 loss_world=1.0314 |∇|=7.72e+00 γ=1.000 T=0.0496
2026-04-29 16:04:53,771 INFO train_distributed it= 189 lr=1.07e-04 loss_world=1.0065 |∇|=1.08e+01 γ=1.000 T=0.0496
2026-04-29 16:05:16,512 INFO train_distributed it= 199 lr=1.00e-04 loss_world=1.0035 |∇|=9.00e+00 γ=1.000 T=0.0496
2026-04-29 16:05:16,518 INFO train_distributed training finished in 456.1s (200 iters, world_size=1)
2026-04-29 16:05:16,518 INFO train_distributed [rank 0] peak HBM: alloc=7.47 GB, reserved=8.05 GB
2026-04-29 16:05:16,521 INFO train_distributed [rank 0] wrote experiments/043_arch_pairs/results_p_1_1__1_2_seed0/training_log.json
