2026-04-29 11:16:03,392 INFO train_distributed [dist] rank=0 world_size=1 local_rank=0 cuda_available=True
2026-04-29 11:16:03,437 INFO train_distributed loaded 2,841 returns for spx/2015-2026_daily
2026-04-29 11:16:03,444 INFO train_distributed targets: acf_sq=0.342 leverage_sum=-0.790 hill_alpha=2.68
2026-04-29 11:16:06,105 INFO train_distributed EcoMDSimulator built: 34780 parameters (device=cuda:0)
2026-04-29 11:16:08,541 INFO train_distributed it=   0 lr=1.00e-04 loss_world=2.7649 |∇|=2.21e+03 γ=1.000 T=0.0500
2026-04-29 11:16:18,475 INFO train_distributed it=   9 lr=1.00e-03 loss_world=2.4349 |∇|=1.27e+02 γ=0.999 T=0.0500
2026-04-29 11:16:29,649 INFO train_distributed it=  19 lr=9.95e-04 loss_world=1.9528 |∇|=8.91e+01 γ=0.994 T=0.0499
2026-04-29 11:16:40,824 INFO train_distributed it=  29 lr=9.78e-04 loss_world=11.5575 |∇|=1.99e+03 γ=0.989 T=0.0499
2026-04-29 11:16:51,981 INFO train_distributed it=  39 lr=9.49e-04 loss_world=1.2955 |∇|=1.61e+03 γ=0.982 T=0.0500
2026-04-29 11:17:03,141 INFO train_distributed it=  49 lr=9.10e-04 loss_world=7.8858 |∇|=1.68e+03 γ=0.978 T=0.0500
2026-04-29 11:17:14,289 INFO train_distributed it=  59 lr=8.60e-04 loss_world=1.1712 |∇|=2.88e+03 γ=0.973 T=0.0500
2026-04-29 11:17:25,438 INFO train_distributed it=  69 lr=8.02e-04 loss_world=8.4826 |∇|=6.35e+03 γ=0.971 T=0.0499
2026-04-29 11:17:36,599 INFO train_distributed it=  79 lr=7.38e-04 loss_world=6.9511 |∇|=3.27e+03 γ=0.972 T=0.0498
2026-04-29 11:17:47,742 INFO train_distributed it=  89 lr=6.68e-04 loss_world=10.3401 |∇|=3.37e+03 γ=0.973 T=0.0498
2026-04-29 11:17:58,886 INFO train_distributed it=  99 lr=5.95e-04 loss_world=12.1434 |∇|=3.04e+03 γ=0.974 T=0.0498
2026-04-29 11:18:10,033 INFO train_distributed it= 109 lr=5.20e-04 loss_world=1.2170 |∇|=1.99e+02 γ=0.975 T=0.0498
2026-04-29 11:18:21,182 INFO train_distributed it= 119 lr=4.47e-04 loss_world=1.1262 |∇|=1.75e+02 γ=0.975 T=0.0498
2026-04-29 11:18:32,327 INFO train_distributed it= 129 lr=3.76e-04 loss_world=1.2668 |∇|=1.09e+03 γ=0.975 T=0.0498
2026-04-29 11:18:43,478 INFO train_distributed it= 139 lr=3.10e-04 loss_world=1.0727 |∇|=1.42e+02 γ=0.975 T=0.0498
2026-04-29 11:18:54,620 INFO train_distributed it= 149 lr=2.51e-04 loss_world=1.0213 |∇|=8.69e+01 γ=0.976 T=0.0498
2026-04-29 11:19:05,759 INFO train_distributed it= 159 lr=2.00e-04 loss_world=1.1630 |∇|=3.15e+02 γ=0.976 T=0.0498
2026-04-29 11:19:16,897 INFO train_distributed it= 169 lr=1.58e-04 loss_world=1.1925 |∇|=1.86e+02 γ=0.976 T=0.0498
2026-04-29 11:19:28,044 INFO train_distributed it= 179 lr=1.27e-04 loss_world=1.0909 |∇|=1.38e+02 γ=0.976 T=0.0498
2026-04-29 11:19:39,183 INFO train_distributed it= 189 lr=1.07e-04 loss_world=1.0551 |∇|=9.12e+02 γ=0.976 T=0.0498
2026-04-29 11:19:50,323 INFO train_distributed it= 199 lr=1.00e-04 loss_world=1.2229 |∇|=1.51e+02 γ=0.976 T=0.0498
2026-04-29 11:19:50,329 INFO train_distributed training finished in 224.2s (200 iters, world_size=1)
2026-04-29 11:19:50,329 INFO train_distributed [rank 0] peak HBM: alloc=7.09 GB, reserved=7.68 GB
2026-04-29 11:19:50,332 INFO train_distributed [rank 0] wrote experiments/045_arch_tier_4_1_megnet/results_t41_megnet_ext_only_seed4/training_log.json
