2026-04-28 19:37:51,014 INFO train_distributed [dist] rank=0 world_size=1 local_rank=0 cuda_available=True
2026-04-28 19:37:51,060 INFO train_distributed loaded 2,841 returns for spx/2015-2026_daily
2026-04-28 19:37:51,068 INFO train_distributed targets: acf_sq=0.342 leverage_sum=-0.790 hill_alpha=2.68
2026-04-28 19:37:51,656 INFO train_distributed EcoMDSimulator built: 34408 parameters (device=cuda:0)
2026-04-28 19:37:54,409 INFO train_distributed it=   0 lr=1.00e-04 loss_world=1658.1442 |∇|=4.18e+06 γ=1.000 T=0.0500
2026-04-28 19:38:04,440 INFO train_distributed it=   9 lr=1.00e-03 loss_world=3.2076 |∇|=4.29e+02 γ=0.997 T=0.0500
2026-04-28 19:38:15,708 INFO train_distributed it=  19 lr=9.95e-04 loss_world=1.7966 |∇|=1.36e+02 γ=0.995 T=0.0500
2026-04-28 19:38:27,026 INFO train_distributed it=  29 lr=9.78e-04 loss_world=4.2216 |∇|=6.16e+02 γ=0.994 T=0.0500
2026-04-28 19:38:38,337 INFO train_distributed it=  39 lr=9.49e-04 loss_world=1.2144 |∇|=1.21e+02 γ=0.992 T=0.0501
2026-04-28 19:38:49,675 INFO train_distributed it=  49 lr=9.10e-04 loss_world=11.8693 |∇|=1.38e+03 γ=0.990 T=0.0501
2026-04-28 19:39:01,055 INFO train_distributed it=  59 lr=8.60e-04 loss_world=1.2100 |∇|=5.23e+02 γ=0.991 T=0.0501
2026-04-28 19:39:12,435 INFO train_distributed it=  69 lr=8.02e-04 loss_world=1.5876 |∇|=1.30e+02 γ=0.993 T=0.0501
2026-04-28 19:39:23,836 INFO train_distributed it=  79 lr=7.38e-04 loss_world=3.0225 |∇|=1.40e+03 γ=0.994 T=0.0501
2026-04-28 19:39:35,238 INFO train_distributed it=  89 lr=6.68e-04 loss_world=1.0752 |∇|=1.32e+02 γ=0.995 T=0.0501
2026-04-28 19:39:46,637 INFO train_distributed it=  99 lr=5.95e-04 loss_world=1.3949 |∇|=3.82e+01 γ=0.996 T=0.0501
2026-04-28 19:39:58,039 INFO train_distributed it= 109 lr=5.20e-04 loss_world=1.4680 |∇|=8.70e+01 γ=0.996 T=0.0501
2026-04-28 19:40:09,441 INFO train_distributed it= 119 lr=4.47e-04 loss_world=1.2492 |∇|=2.74e+02 γ=0.996 T=0.0501
2026-04-28 19:40:20,849 INFO train_distributed it= 129 lr=3.76e-04 loss_world=1.1452 |∇|=8.17e+01 γ=0.996 T=0.0501
2026-04-28 19:40:32,262 INFO train_distributed it= 139 lr=3.10e-04 loss_world=1.2702 |∇|=1.90e+02 γ=0.996 T=0.0501
2026-04-28 19:40:43,661 INFO train_distributed it= 149 lr=2.51e-04 loss_world=1.3873 |∇|=1.07e+02 γ=0.996 T=0.0502
2026-04-28 19:40:55,077 INFO train_distributed it= 159 lr=2.00e-04 loss_world=1.4391 |∇|=1.29e+02 γ=0.996 T=0.0502
2026-04-28 19:41:06,496 INFO train_distributed it= 169 lr=1.58e-04 loss_world=0.9886 |∇|=2.96e+02 γ=0.997 T=0.0502
2026-04-28 19:41:17,910 INFO train_distributed it= 179 lr=1.27e-04 loss_world=1.3046 |∇|=5.05e+02 γ=0.997 T=0.0501
2026-04-28 19:41:29,327 INFO train_distributed it= 189 lr=1.07e-04 loss_world=2.5897 |∇|=1.56e+03 γ=0.997 T=0.0501
2026-04-28 19:41:40,745 INFO train_distributed it= 199 lr=1.00e-04 loss_world=1.1185 |∇|=6.74e+02 γ=0.997 T=0.0501
2026-04-28 19:41:40,751 INFO train_distributed training finished in 229.1s (200 iters, world_size=1)
2026-04-28 19:41:40,751 INFO train_distributed [rank 0] peak HBM: alloc=7.10 GB, reserved=7.69 GB
2026-04-28 19:41:40,754 INFO train_distributed [rank 0] wrote experiments/043_arch_pairs/results_p_1_1__2_1_seed3/training_log.json
