2026-04-29 11:16:05,001 INFO train_distributed [dist] rank=0 world_size=1 local_rank=0 cuda_available=True
2026-04-29 11:16:05,045 INFO train_distributed loaded 2,841 returns for spx/2015-2026_daily
2026-04-29 11:16:05,052 INFO train_distributed targets: acf_sq=0.342 leverage_sum=-0.790 hill_alpha=2.68
2026-04-29 11:16:06,104 INFO train_distributed EcoMDSimulator built: 34780 parameters (device=cuda:0)
2026-04-29 11:16:08,529 INFO train_distributed it=   0 lr=1.00e-04 loss_world=13.4896 |∇|=1.60e+03 γ=1.000 T=0.0500
2026-04-29 11:16:18,470 INFO train_distributed it=   9 lr=1.00e-03 loss_world=4.4629 |∇|=8.79e+02 γ=1.000 T=0.0499
2026-04-29 11:16:29,624 INFO train_distributed it=  19 lr=9.95e-04 loss_world=1.7329 |∇|=3.11e+01 γ=0.999 T=0.0498
2026-04-29 11:16:40,797 INFO train_distributed it=  29 lr=9.78e-04 loss_world=1.1581 |∇|=1.08e+02 γ=1.001 T=0.0499
2026-04-29 11:16:51,958 INFO train_distributed it=  39 lr=9.49e-04 loss_world=1.5841 |∇|=8.61e+01 γ=1.004 T=0.0500
2026-04-29 11:17:03,121 INFO train_distributed it=  49 lr=9.10e-04 loss_world=2.6038 |∇|=5.45e+02 γ=1.005 T=0.0500
2026-04-29 11:17:14,272 INFO train_distributed it=  59 lr=8.60e-04 loss_world=6.9998 |∇|=1.36e+03 γ=1.004 T=0.0499
2026-04-29 11:17:25,435 INFO train_distributed it=  69 lr=8.02e-04 loss_world=3.2981 |∇|=5.53e+02 γ=1.004 T=0.0499
2026-04-29 11:17:36,591 INFO train_distributed it=  79 lr=7.38e-04 loss_world=26.4834 |∇|=2.05e+03 γ=1.004 T=0.0499
2026-04-29 11:17:47,743 INFO train_distributed it=  89 lr=6.68e-04 loss_world=1.4983 |∇|=1.21e+02 γ=1.007 T=0.0498
2026-04-29 11:17:58,900 INFO train_distributed it=  99 lr=5.95e-04 loss_world=1.0660 |∇|=5.68e+01 γ=1.008 T=0.0498
2026-04-29 11:18:10,049 INFO train_distributed it= 109 lr=5.20e-04 loss_world=2.3999 |∇|=5.17e+02 γ=1.008 T=0.0498
2026-04-29 11:18:21,204 INFO train_distributed it= 119 lr=4.47e-04 loss_world=0.9857 |∇|=7.12e+01 γ=1.008 T=0.0498
2026-04-29 11:18:32,382 INFO train_distributed it= 129 lr=3.76e-04 loss_world=0.8977 |∇|=3.05e+02 γ=1.008 T=0.0498
2026-04-29 11:18:43,525 INFO train_distributed it= 139 lr=3.10e-04 loss_world=1.0271 |∇|=2.16e+02 γ=1.008 T=0.0498
2026-04-29 11:18:54,685 INFO train_distributed it= 149 lr=2.51e-04 loss_world=1.3095 |∇|=2.64e+02 γ=1.009 T=0.0498
2026-04-29 11:19:05,836 INFO train_distributed it= 159 lr=2.00e-04 loss_world=2.6943 |∇|=9.67e+02 γ=1.009 T=0.0498
2026-04-29 11:19:16,986 INFO train_distributed it= 169 lr=1.58e-04 loss_world=3.0922 |∇|=3.19e+03 γ=1.009 T=0.0498
2026-04-29 11:19:28,138 INFO train_distributed it= 179 lr=1.27e-04 loss_world=0.9668 |∇|=3.29e+02 γ=1.009 T=0.0498
2026-04-29 11:19:39,312 INFO train_distributed it= 189 lr=1.07e-04 loss_world=1.3496 |∇|=2.23e+02 γ=1.009 T=0.0498
2026-04-29 11:19:50,486 INFO train_distributed it= 199 lr=1.00e-04 loss_world=1.2735 |∇|=3.00e+02 γ=1.010 T=0.0498
2026-04-29 11:19:50,492 INFO train_distributed training finished in 224.4s (200 iters, world_size=1)
2026-04-29 11:19:50,492 INFO train_distributed [rank 0] peak HBM: alloc=7.09 GB, reserved=7.68 GB
2026-04-29 11:19:50,495 INFO train_distributed [rank 0] wrote experiments/045_arch_tier_4_1_megnet/results_t41_megnet_ext_only_seed6/training_log.json
