2026-04-29 11:23:58,540 INFO train_distributed [dist] rank=0 world_size=1 local_rank=0 cuda_available=True
2026-04-29 11:23:58,586 INFO train_distributed loaded 2,841 returns for spx/2015-2026_daily
2026-04-29 11:23:58,593 INFO train_distributed targets: acf_sq=0.342 leverage_sum=-0.790 hill_alpha=2.68
2026-04-29 11:23:59,134 INFO train_distributed EcoMDSimulator built: 36316 parameters (device=cuda:0)
2026-04-29 11:24:01,509 INFO train_distributed it=   0 lr=1.00e-04 loss_world=22.6099 |∇|=3.89e+03 γ=1.000 T=0.0500
2026-04-29 11:24:11,892 INFO train_distributed it=   9 lr=1.00e-03 loss_world=2.4913 |∇|=7.39e+01 γ=1.000 T=0.0499
2026-04-29 11:24:23,532 INFO train_distributed it=  19 lr=9.95e-04 loss_world=2.0238 |∇|=6.95e+01 γ=0.998 T=0.0499
2026-04-29 11:24:35,223 INFO train_distributed it=  29 lr=9.78e-04 loss_world=2.4974 |∇|=7.74e+01 γ=0.996 T=0.0499
2026-04-29 11:24:46,900 INFO train_distributed it=  39 lr=9.49e-04 loss_world=2.1322 |∇|=4.49e+01 γ=0.995 T=0.0499
2026-04-29 11:24:58,567 INFO train_distributed it=  49 lr=9.10e-04 loss_world=1.9540 |∇|=1.28e+02 γ=0.995 T=0.0500
2026-04-29 11:25:10,238 INFO train_distributed it=  59 lr=8.60e-04 loss_world=2.9371 |∇|=3.59e+02 γ=0.994 T=0.0500
2026-04-29 11:25:21,896 INFO train_distributed it=  69 lr=8.02e-04 loss_world=4.6313 |∇|=3.25e+03 γ=0.994 T=0.0500
2026-04-29 11:25:33,555 INFO train_distributed it=  79 lr=7.38e-04 loss_world=1.1231 |∇|=5.61e+01 γ=0.995 T=0.0500
2026-04-29 11:25:45,212 INFO train_distributed it=  89 lr=6.68e-04 loss_world=1.1470 |∇|=2.97e+01 γ=0.995 T=0.0500
2026-04-29 11:25:56,879 INFO train_distributed it=  99 lr=5.95e-04 loss_world=1.2025 |∇|=2.39e+01 γ=0.995 T=0.0500
2026-04-29 11:26:08,564 INFO train_distributed it= 109 lr=5.20e-04 loss_world=1.2391 |∇|=5.91e+01 γ=0.994 T=0.0500
2026-04-29 11:26:20,245 INFO train_distributed it= 119 lr=4.47e-04 loss_world=11.2123 |∇|=1.62e+03 γ=0.994 T=0.0500
2026-04-29 11:26:31,903 INFO train_distributed it= 129 lr=3.76e-04 loss_world=1.2665 |∇|=9.48e+01 γ=0.994 T=0.0501
2026-04-29 11:26:43,552 INFO train_distributed it= 139 lr=3.10e-04 loss_world=1.0182 |∇|=3.74e+01 γ=0.994 T=0.0501
2026-04-29 11:26:55,201 INFO train_distributed it= 149 lr=2.51e-04 loss_world=0.9956 |∇|=3.46e+01 γ=0.994 T=0.0501
2026-04-29 11:27:06,854 INFO train_distributed it= 159 lr=2.00e-04 loss_world=0.9991 |∇|=4.17e+01 γ=0.994 T=0.0501
2026-04-29 11:27:18,542 INFO train_distributed it= 169 lr=1.58e-04 loss_world=1.0398 |∇|=4.84e+01 γ=0.994 T=0.0501
2026-04-29 11:27:30,208 INFO train_distributed it= 179 lr=1.27e-04 loss_world=1.0454 |∇|=5.74e+01 γ=0.994 T=0.0501
2026-04-29 11:27:41,855 INFO train_distributed it= 189 lr=1.07e-04 loss_world=1.0372 |∇|=5.88e+01 γ=0.994 T=0.0501
2026-04-29 11:27:53,503 INFO train_distributed it= 199 lr=1.00e-04 loss_world=1.6492 |∇|=2.98e+01 γ=0.994 T=0.0501
2026-04-29 11:27:53,509 INFO train_distributed training finished in 234.4s (200 iters, world_size=1)
2026-04-29 11:27:53,509 INFO train_distributed [rank 0] peak HBM: alloc=7.24 GB, reserved=8.05 GB
2026-04-29 11:27:53,511 INFO train_distributed [rank 0] wrote experiments/045_arch_tier_4_1_megnet/results_t41_megnet_seed9/training_log.json
