2026-04-29 16:46:19,363 INFO train_distributed [dist] rank=0 world_size=1 local_rank=0 cuda_available=True
2026-04-29 16:46:19,407 INFO train_distributed loaded 2,841 returns for spx/2015-2026_daily
2026-04-29 16:46:19,414 INFO train_distributed targets: acf_sq=0.342 leverage_sum=-0.790 hill_alpha=2.68
2026-04-29 16:46:22,392 INFO train_distributed EcoMDSimulator built: 108136 parameters (device=cuda:0)
2026-04-29 16:46:23,987 INFO train_distributed it=   0 lr=1.00e-04 loss_world=0.6063 |∇|=8.82e+00 γ=1.000 T=0.0500
2026-04-29 16:46:26,901 INFO train_distributed it=   9 lr=1.00e-03 loss_world=0.6086 |∇|=5.36e+00 γ=1.000 T=0.0501
2026-04-29 16:46:30,377 INFO train_distributed it=  19 lr=9.95e-04 loss_world=1.5158 |∇|=7.53e-01 γ=1.001 T=0.0500
2026-04-29 16:46:33,565 INFO train_distributed it=  29 lr=9.78e-04 loss_world=1.5261 |∇|=5.07e-01 γ=0.999 T=0.0498
2026-04-29 16:46:36,753 INFO train_distributed it=  39 lr=9.49e-04 loss_world=1.0136 |∇|=1.10e+00 γ=1.000 T=0.0500
2026-04-29 16:46:39,933 INFO train_distributed it=  49 lr=9.10e-04 loss_world=1.0050 |∇|=7.17e+01 γ=1.002 T=0.0500
2026-04-29 16:46:43,100 INFO train_distributed it=  59 lr=8.60e-04 loss_world=0.9448 |∇|=4.86e+00 γ=1.003 T=0.0500
2026-04-29 16:46:46,292 INFO train_distributed it=  69 lr=8.02e-04 loss_world=1.5893 |∇|=1.91e+00 γ=1.003 T=0.0500
2026-04-29 16:46:49,483 INFO train_distributed it=  79 lr=7.38e-04 loss_world=1.9180 |∇|=1.67e+00 γ=1.004 T=0.0500
2026-04-29 16:46:52,652 INFO train_distributed it=  89 lr=6.68e-04 loss_world=0.9932 |∇|=2.10e+00 γ=1.004 T=0.0500
2026-04-29 16:46:55,829 INFO train_distributed it=  99 lr=5.95e-04 loss_world=0.8296 |∇|=3.15e+00 γ=1.004 T=0.0500
2026-04-29 16:46:59,020 INFO train_distributed it= 109 lr=5.20e-04 loss_world=1.0101 |∇|=1.27e+00 γ=1.004 T=0.0500
2026-04-29 16:47:02,194 INFO train_distributed it= 119 lr=4.47e-04 loss_world=1.1086 |∇|=1.36e+00 γ=1.004 T=0.0500
2026-04-29 16:47:05,383 INFO train_distributed it= 129 lr=3.76e-04 loss_world=1.2246 |∇|=1.64e+00 γ=1.004 T=0.0500
2026-04-29 16:47:08,573 INFO train_distributed it= 139 lr=3.10e-04 loss_world=0.8806 |∇|=2.33e+00 γ=1.004 T=0.0500
2026-04-29 16:47:11,752 INFO train_distributed it= 149 lr=2.51e-04 loss_world=0.7195 |∇|=2.21e+00 γ=1.004 T=0.0500
2026-04-29 16:47:14,915 INFO train_distributed it= 159 lr=2.00e-04 loss_world=0.8276 |∇|=3.43e+00 γ=1.004 T=0.0500
2026-04-29 16:47:18,088 INFO train_distributed it= 169 lr=1.58e-04 loss_world=1.0122 |∇|=2.33e+00 γ=1.004 T=0.0501
2026-04-29 16:47:21,253 INFO train_distributed it= 179 lr=1.27e-04 loss_world=1.1064 |∇|=1.00e+01 γ=1.005 T=0.0501
2026-04-29 16:47:24,495 INFO train_distributed it= 189 lr=1.07e-04 loss_world=1.2130 |∇|=3.61e+00 γ=1.004 T=0.0501
2026-04-29 16:47:27,695 INFO train_distributed it= 199 lr=1.00e-04 loss_world=1.5688 |∇|=4.84e+00 γ=1.004 T=0.0501
2026-04-29 16:47:27,702 INFO train_distributed training finished in 65.3s (200 iters, world_size=1)
2026-04-29 16:47:27,702 INFO train_distributed [rank 0] peak HBM: alloc=0.61 GB, reserved=0.82 GB
2026-04-29 16:47:27,705 INFO train_distributed [rank 0] wrote experiments/044_arch_all_stacked/results_stack_with_isab_seed0/training_log.json
