2026-04-29 16:47:32,486 INFO train_distributed [dist] rank=0 world_size=1 local_rank=0 cuda_available=True
2026-04-29 16:47:32,529 INFO train_distributed loaded 2,841 returns for spx/2015-2026_daily
2026-04-29 16:47:32,537 INFO train_distributed targets: acf_sq=0.342 leverage_sum=-0.790 hill_alpha=2.68
2026-04-29 16:47:32,948 INFO train_distributed EcoMDSimulator built: 108136 parameters (device=cuda:0)
2026-04-29 16:47:34,698 INFO train_distributed it=   0 lr=1.00e-04 loss_world=1.4145 |∇|=3.66e+00 γ=1.000 T=0.0500
2026-04-29 16:47:39,296 INFO train_distributed it=   9 lr=1.00e-03 loss_world=0.8996 |∇|=1.55e+00 γ=0.999 T=0.0501
2026-04-29 16:47:44,419 INFO train_distributed it=  19 lr=9.95e-04 loss_world=1.2885 |∇|=6.93e+00 γ=1.000 T=0.0501
2026-04-29 16:47:49,527 INFO train_distributed it=  29 lr=9.78e-04 loss_world=0.7840 |∇|=2.24e+00 γ=1.002 T=0.0502
2026-04-29 16:47:54,638 INFO train_distributed it=  39 lr=9.49e-04 loss_world=1.0171 |∇|=9.80e-01 γ=1.002 T=0.0503
2026-04-29 16:47:59,790 INFO train_distributed it=  49 lr=9.10e-04 loss_world=0.6777 |∇|=3.49e+00 γ=1.003 T=0.0502
2026-04-29 16:48:04,946 INFO train_distributed it=  59 lr=8.60e-04 loss_world=1.0397 |∇|=2.81e+00 γ=1.003 T=0.0502
2026-04-29 16:48:10,049 INFO train_distributed it=  69 lr=8.02e-04 loss_world=0.6293 |∇|=2.08e+00 γ=1.002 T=0.0501
2026-04-29 16:48:15,159 INFO train_distributed it=  79 lr=7.38e-04 loss_world=0.7318 |∇|=1.68e+00 γ=1.003 T=0.0500
2026-04-29 16:48:20,596 INFO train_distributed it=  89 lr=6.68e-04 loss_world=0.9647 |∇|=8.30e+00 γ=1.004 T=0.0500
2026-04-29 16:48:25,716 INFO train_distributed it=  99 lr=5.95e-04 loss_world=0.6678 |∇|=8.48e+00 γ=1.007 T=0.0501
2026-04-29 16:48:30,826 INFO train_distributed it= 109 lr=5.20e-04 loss_world=0.6756 |∇|=4.98e+00 γ=1.010 T=0.0501
2026-04-29 16:48:35,947 INFO train_distributed it= 119 lr=4.47e-04 loss_world=0.8445 |∇|=1.71e+00 γ=1.010 T=0.0501
2026-04-29 16:48:41,060 INFO train_distributed it= 129 lr=3.76e-04 loss_world=0.8776 |∇|=1.73e+00 γ=1.011 T=0.0501
2026-04-29 16:48:46,167 INFO train_distributed it= 139 lr=3.10e-04 loss_world=1.2393 |∇|=3.92e+00 γ=1.011 T=0.0500
2026-04-29 16:48:51,284 INFO train_distributed it= 149 lr=2.51e-04 loss_world=0.8549 |∇|=1.25e+00 γ=1.010 T=0.0500
2026-04-29 16:48:56,406 INFO train_distributed it= 159 lr=2.00e-04 loss_world=0.8177 |∇|=1.39e+00 γ=1.010 T=0.0500
2026-04-29 16:49:01,513 INFO train_distributed it= 169 lr=1.58e-04 loss_world=1.0789 |∇|=4.69e-01 γ=1.010 T=0.0500
2026-04-29 16:49:06,628 INFO train_distributed it= 179 lr=1.27e-04 loss_world=1.1504 |∇|=5.14e+00 γ=1.010 T=0.0500
2026-04-29 16:49:11,738 INFO train_distributed it= 189 lr=1.07e-04 loss_world=0.8044 |∇|=4.82e+00 γ=1.011 T=0.0500
2026-04-29 16:49:16,840 INFO train_distributed it= 199 lr=1.00e-04 loss_world=1.2494 |∇|=2.58e+00 γ=1.011 T=0.0500
2026-04-29 16:49:16,848 INFO train_distributed training finished in 103.9s (200 iters, world_size=1)
2026-04-29 16:49:16,848 INFO train_distributed [rank 0] peak HBM: alloc=0.61 GB, reserved=0.82 GB
2026-04-29 16:49:16,851 INFO train_distributed [rank 0] wrote experiments/044_arch_all_stacked/results_stack_with_isab_seed4/training_log.json
