2026-04-28 20:01:28,815 INFO train_distributed [dist] rank=0 world_size=1 local_rank=0 cuda_available=True
2026-04-28 20:01:28,858 INFO train_distributed loaded 2,841 returns for spx/2015-2026_daily
2026-04-28 20:01:28,875 INFO train_distributed targets: acf_sq=0.342 leverage_sum=-0.790 hill_alpha=2.68
2026-04-28 20:01:29,491 INFO train_distributed EcoMDSimulator built: 108136 parameters (device=cuda:0)
2026-04-28 20:01:31,259 INFO train_distributed it=   0 lr=1.00e-04 loss_world=1.4145 |∇|=3.66e+00 γ=1.000 T=0.0500
2026-04-28 20:01:35,858 INFO train_distributed it=   9 lr=1.00e-03 loss_world=0.8996 |∇|=1.55e+00 γ=0.999 T=0.0501
2026-04-28 20:01:41,038 INFO train_distributed it=  19 lr=9.95e-04 loss_world=1.2885 |∇|=6.93e+00 γ=1.000 T=0.0501
2026-04-28 20:01:46,127 INFO train_distributed it=  29 lr=9.78e-04 loss_world=0.7840 |∇|=2.24e+00 γ=1.002 T=0.0502
2026-04-28 20:01:51,229 INFO train_distributed it=  39 lr=9.49e-04 loss_world=1.0171 |∇|=9.80e-01 γ=1.002 T=0.0503
2026-04-28 20:01:56,323 INFO train_distributed it=  49 lr=9.10e-04 loss_world=0.6777 |∇|=3.49e+00 γ=1.003 T=0.0502
2026-04-28 20:02:01,437 INFO train_distributed it=  59 lr=8.60e-04 loss_world=1.0397 |∇|=2.81e+00 γ=1.003 T=0.0502
2026-04-28 20:02:06,545 INFO train_distributed it=  69 lr=8.02e-04 loss_world=0.6293 |∇|=2.08e+00 γ=1.002 T=0.0501
2026-04-28 20:02:11,644 INFO train_distributed it=  79 lr=7.38e-04 loss_world=0.7318 |∇|=1.68e+00 γ=1.003 T=0.0500
2026-04-28 20:02:16,740 INFO train_distributed it=  89 lr=6.68e-04 loss_world=0.9647 |∇|=8.30e+00 γ=1.004 T=0.0500
2026-04-28 20:02:21,868 INFO train_distributed it=  99 lr=5.95e-04 loss_world=0.6678 |∇|=8.48e+00 γ=1.007 T=0.0501
2026-04-28 20:02:26,973 INFO train_distributed it= 109 lr=5.20e-04 loss_world=0.6756 |∇|=4.98e+00 γ=1.010 T=0.0501
2026-04-28 20:02:32,080 INFO train_distributed it= 119 lr=4.47e-04 loss_world=0.8445 |∇|=1.71e+00 γ=1.010 T=0.0501
2026-04-28 20:02:37,187 INFO train_distributed it= 129 lr=3.76e-04 loss_world=0.8776 |∇|=1.73e+00 γ=1.011 T=0.0501
2026-04-28 20:02:42,304 INFO train_distributed it= 139 lr=3.10e-04 loss_world=1.2393 |∇|=3.92e+00 γ=1.011 T=0.0500
2026-04-28 20:02:47,403 INFO train_distributed it= 149 lr=2.51e-04 loss_world=0.8549 |∇|=1.25e+00 γ=1.010 T=0.0500
2026-04-28 20:02:52,499 INFO train_distributed it= 159 lr=2.00e-04 loss_world=0.8177 |∇|=1.39e+00 γ=1.010 T=0.0500
2026-04-28 20:02:57,594 INFO train_distributed it= 169 lr=1.58e-04 loss_world=1.0789 |∇|=4.69e-01 γ=1.010 T=0.0500
2026-04-28 20:03:02,688 INFO train_distributed it= 179 lr=1.27e-04 loss_world=1.1504 |∇|=5.14e+00 γ=1.010 T=0.0500
2026-04-28 20:03:07,783 INFO train_distributed it= 189 lr=1.07e-04 loss_world=0.8044 |∇|=4.82e+00 γ=1.011 T=0.0500
2026-04-28 20:03:12,880 INFO train_distributed it= 199 lr=1.00e-04 loss_world=1.2494 |∇|=2.58e+00 γ=1.011 T=0.0500
2026-04-28 20:03:12,888 INFO train_distributed training finished in 103.4s (200 iters, world_size=1)
2026-04-28 20:03:12,888 INFO train_distributed [rank 0] peak HBM: alloc=0.61 GB, reserved=0.82 GB
2026-04-28 20:03:12,891 INFO train_distributed [rank 0] wrote experiments/044_arch_all_stacked/results_stack_with_isab_seed4/training_log.json
