2026-04-29 16:09:14,464 INFO train_distributed [dist] rank=0 world_size=1 local_rank=0 cuda_available=True
2026-04-29 16:09:14,508 INFO train_distributed loaded 2,841 returns for spx/2015-2026_daily
2026-04-29 16:09:14,515 INFO train_distributed targets: acf_sq=0.342 leverage_sum=-0.790 hill_alpha=2.68
2026-04-29 16:09:15,226 INFO train_distributed EcoMDSimulator built: 33431 parameters (device=cuda:0)
2026-04-29 16:09:24,236 INFO train_distributed it=   0 lr=1.00e-04 loss_world=3.3094 |∇|=6.84e+02 γ=1.000 T=0.0500
2026-04-29 16:10:33,811 INFO train_distributed it=   9 lr=1.00e-03 loss_world=0.8807 |∇|=1.36e+03 γ=1.002 T=0.0502
2026-04-29 16:11:51,079 INFO train_distributed it=  19 lr=9.95e-04 loss_world=0.9768 |∇|=2.17e+01 γ=1.002 T=0.0504
2026-04-29 16:13:08,338 INFO train_distributed it=  29 lr=9.78e-04 loss_world=0.6065 |∇|=2.20e+01 γ=0.999 T=0.0505
2026-04-29 16:14:25,628 INFO train_distributed it=  39 lr=9.49e-04 loss_world=0.7910 |∇|=4.80e+01 γ=1.000 T=0.0506
2026-04-29 16:15:42,876 INFO train_distributed it=  49 lr=9.10e-04 loss_world=0.9464 |∇|=3.81e+01 γ=1.003 T=0.0505
2026-04-29 16:17:00,161 INFO train_distributed it=  59 lr=8.60e-04 loss_world=0.8991 |∇|=2.26e+01 γ=1.002 T=0.0506
2026-04-29 16:18:17,389 INFO train_distributed it=  69 lr=8.02e-04 loss_world=0.8646 |∇|=6.84e+01 γ=1.001 T=0.0507
2026-04-29 16:19:23,366 INFO train_distributed it=  79 lr=7.38e-04 loss_world=0.9458 |∇|=1.33e+01 γ=0.999 T=0.0508
2026-04-29 16:20:32,922 INFO train_distributed it=  89 lr=6.68e-04 loss_world=0.8417 |∇|=2.47e+01 γ=0.996 T=0.0509
2026-04-29 16:21:09,819 INFO train_distributed it=  99 lr=5.95e-04 loss_world=1.1977 |∇|=3.21e+01 γ=0.994 T=0.0508
2026-04-29 16:21:45,943 INFO train_distributed it= 109 lr=5.20e-04 loss_world=0.9327 |∇|=3.62e+01 γ=0.996 T=0.0508
2026-04-29 16:22:22,076 INFO train_distributed it= 119 lr=4.47e-04 loss_world=0.6428 |∇|=1.28e+01 γ=0.996 T=0.0508
2026-04-29 16:22:58,201 INFO train_distributed it= 129 lr=3.76e-04 loss_world=0.8794 |∇|=2.50e+01 γ=0.996 T=0.0508
2026-04-29 16:23:34,325 INFO train_distributed it= 139 lr=3.10e-04 loss_world=0.8683 |∇|=2.92e+01 γ=0.997 T=0.0508
2026-04-29 16:24:10,451 INFO train_distributed it= 149 lr=2.51e-04 loss_world=0.9881 |∇|=1.18e+01 γ=0.997 T=0.0508
2026-04-29 16:24:46,586 INFO train_distributed it= 159 lr=2.00e-04 loss_world=0.6680 |∇|=8.73e+00 γ=0.996 T=0.0508
2026-04-29 16:25:22,709 INFO train_distributed it= 169 lr=1.58e-04 loss_world=0.8814 |∇|=1.41e+01 γ=0.995 T=0.0508
2026-04-29 16:25:58,827 INFO train_distributed it= 179 lr=1.27e-04 loss_world=0.6204 |∇|=6.46e+01 γ=0.995 T=0.0508
2026-04-29 16:26:34,946 INFO train_distributed it= 189 lr=1.07e-04 loss_world=0.7541 |∇|=1.43e+01 γ=0.995 T=0.0508
2026-04-29 16:27:11,069 INFO train_distributed it= 199 lr=1.00e-04 loss_world=0.7511 |∇|=1.28e+01 γ=0.995 T=0.0508
2026-04-29 16:27:11,075 INFO train_distributed training finished in 1075.8s (200 iters, world_size=1)
2026-04-29 16:27:11,075 INFO train_distributed [rank 0] peak HBM: alloc=9.09 GB, reserved=10.21 GB
2026-04-29 16:27:11,078 INFO train_distributed [rank 0] wrote experiments/043_arch_pairs/results_p_1_2__1_3_seed2/training_log.json
