2026-04-29 11:41:46,445 INFO train_distributed [dist] rank=0 world_size=1 local_rank=0 cuda_available=True
2026-04-29 11:41:46,488 INFO train_distributed loaded 2,841 returns for spx/2015-2026_daily
2026-04-29 11:41:46,496 INFO train_distributed targets: acf_sq=0.342 leverage_sum=-0.790 hill_alpha=2.68
2026-04-29 11:41:46,830 INFO train_distributed EcoMDSimulator built: 110044 parameters (device=cuda:0)
2026-04-29 11:41:48,311 INFO train_distributed it=   0 lr=1.00e-04 loss_world=0.8707 |∇|=1.18e+01 γ=1.000 T=0.0500
2026-04-29 11:41:51,136 INFO train_distributed it=   9 lr=1.00e-03 loss_world=1.2468 |∇|=1.23e+00 γ=1.002 T=0.0500
2026-04-29 11:41:54,260 INFO train_distributed it=  19 lr=9.95e-04 loss_world=1.3970 |∇|=1.13e+00 γ=1.003 T=0.0498
2026-04-29 11:41:57,401 INFO train_distributed it=  29 lr=9.78e-04 loss_world=1.3507 |∇|=1.54e+00 γ=1.003 T=0.0498
2026-04-29 11:42:00,529 INFO train_distributed it=  39 lr=9.49e-04 loss_world=1.4297 |∇|=3.35e+00 γ=1.006 T=0.0499
2026-04-29 11:42:03,668 INFO train_distributed it=  49 lr=9.10e-04 loss_world=0.6278 |∇|=6.79e+00 γ=1.011 T=0.0500
2026-04-29 11:42:06,823 INFO train_distributed it=  59 lr=8.60e-04 loss_world=1.6077 |∇|=2.27e+00 γ=1.012 T=0.0501
2026-04-29 11:42:09,962 INFO train_distributed it=  69 lr=8.02e-04 loss_world=0.7590 |∇|=9.17e+00 γ=1.014 T=0.0503
2026-04-29 11:42:13,095 INFO train_distributed it=  79 lr=7.38e-04 loss_world=1.1393 |∇|=1.41e+00 γ=1.015 T=0.0504
2026-04-29 11:42:16,231 INFO train_distributed it=  89 lr=6.68e-04 loss_world=0.9990 |∇|=4.83e+01 γ=1.015 T=0.0505
2026-04-29 11:42:19,396 INFO train_distributed it=  99 lr=5.95e-04 loss_world=0.7260 |∇|=1.36e+00 γ=1.017 T=0.0506
2026-04-29 11:42:22,542 INFO train_distributed it= 109 lr=5.20e-04 loss_world=0.9207 |∇|=1.62e+00 γ=1.015 T=0.0505
2026-04-29 11:42:25,670 INFO train_distributed it= 119 lr=4.47e-04 loss_world=0.7403 |∇|=4.60e+00 γ=1.012 T=0.0503
2026-04-29 11:42:28,814 INFO train_distributed it= 129 lr=3.76e-04 loss_world=1.3519 |∇|=1.45e-01 γ=1.013 T=0.0503
2026-04-29 11:42:31,981 INFO train_distributed it= 139 lr=3.10e-04 loss_world=1.0826 |∇|=6.09e+00 γ=1.013 T=0.0502
2026-04-29 11:42:35,148 INFO train_distributed it= 149 lr=2.51e-04 loss_world=0.8265 |∇|=1.24e+00 γ=1.013 T=0.0502
2026-04-29 11:42:38,393 INFO train_distributed it= 159 lr=2.00e-04 loss_world=1.3139 |∇|=5.17e+00 γ=1.012 T=0.0502
2026-04-29 11:42:41,537 INFO train_distributed it= 169 lr=1.58e-04 loss_world=0.7619 |∇|=7.58e-01 γ=1.012 T=0.0502
2026-04-29 11:42:44,684 INFO train_distributed it= 179 lr=1.27e-04 loss_world=0.7658 |∇|=5.71e+00 γ=1.012 T=0.0502
2026-04-29 11:42:47,825 INFO train_distributed it= 189 lr=1.07e-04 loss_world=1.2134 |∇|=5.07e+00 γ=1.013 T=0.0502
2026-04-29 11:42:50,966 INFO train_distributed it= 199 lr=1.00e-04 loss_world=0.6899 |∇|=9.75e-01 γ=1.013 T=0.0502
2026-04-29 11:42:50,974 INFO train_distributed training finished in 64.1s (200 iters, world_size=1)
2026-04-29 11:42:50,974 INFO train_distributed [rank 0] peak HBM: alloc=0.60 GB, reserved=0.79 GB
2026-04-29 11:42:50,977 INFO train_distributed [rank 0] wrote experiments/046_arch_megnet_pairs/results_p_4_1__3_1_seed0/training_log.json
