2026-04-28 19:16:48,401 INFO train_distributed [dist] rank=0 world_size=1 local_rank=0 cuda_available=True
2026-04-28 19:16:48,451 INFO train_distributed loaded 2,841 returns for spx/2015-2026_daily
2026-04-28 19:16:48,458 INFO train_distributed targets: acf_sq=0.342 leverage_sum=-0.790 hill_alpha=2.68
2026-04-28 19:16:48,739 INFO train_distributed EcoMDSimulator built: 31588 parameters (device=cuda:0)
2026-04-28 19:16:51,063 INFO train_distributed it=   0 lr=1.00e-04 loss_world=6.5650 |∇|=2.54e+02 γ=1.000 T=0.0500
2026-04-28 19:17:00,958 INFO train_distributed it=   9 lr=1.00e-03 loss_world=0.8169 |∇|=3.58e+01 γ=1.002 T=0.0499
2026-04-28 19:17:12,032 INFO train_distributed it=  19 lr=9.95e-04 loss_world=1.0066 |∇|=9.42e+00 γ=1.003 T=0.0498
2026-04-28 19:17:23,117 INFO train_distributed it=  29 lr=9.78e-04 loss_world=0.9925 |∇|=4.74e+00 γ=1.004 T=0.0498
2026-04-28 19:17:34,163 INFO train_distributed it=  39 lr=9.49e-04 loss_world=0.9293 |∇|=4.83e+00 γ=1.003 T=0.0498
2026-04-28 19:17:45,193 INFO train_distributed it=  49 lr=9.10e-04 loss_world=1.2465 |∇|=7.02e+00 γ=1.002 T=0.0498
2026-04-28 19:17:56,214 INFO train_distributed it=  59 lr=8.60e-04 loss_world=1.3994 |∇|=3.01e+02 γ=1.000 T=0.0497
2026-04-28 19:18:07,215 INFO train_distributed it=  69 lr=8.02e-04 loss_world=0.9744 |∇|=1.52e+01 γ=0.998 T=0.0497
2026-04-28 19:18:18,203 INFO train_distributed it=  79 lr=7.38e-04 loss_world=0.9322 |∇|=1.48e+01 γ=0.998 T=0.0496
2026-04-28 19:18:29,189 INFO train_distributed it=  89 lr=6.68e-04 loss_world=0.7834 |∇|=1.79e+01 γ=0.997 T=0.0496
2026-04-28 19:18:40,179 INFO train_distributed it=  99 lr=5.95e-04 loss_world=0.7911 |∇|=1.90e+01 γ=0.997 T=0.0496
2026-04-28 19:18:51,158 INFO train_distributed it= 109 lr=5.20e-04 loss_world=0.8296 |∇|=2.30e+01 γ=0.997 T=0.0496
2026-04-28 19:19:02,143 INFO train_distributed it= 119 lr=4.47e-04 loss_world=0.7822 |∇|=2.70e+01 γ=0.997 T=0.0496
2026-04-28 19:19:13,128 INFO train_distributed it= 129 lr=3.76e-04 loss_world=0.8123 |∇|=2.39e+01 γ=0.997 T=0.0496
2026-04-28 19:19:24,106 INFO train_distributed it= 139 lr=3.10e-04 loss_world=0.8077 |∇|=2.27e+01 γ=0.997 T=0.0496
2026-04-28 19:19:35,083 INFO train_distributed it= 149 lr=2.51e-04 loss_world=0.8382 |∇|=2.92e+01 γ=0.997 T=0.0496
2026-04-28 19:19:46,054 INFO train_distributed it= 159 lr=2.00e-04 loss_world=0.8089 |∇|=2.88e+01 γ=0.997 T=0.0496
2026-04-28 19:19:57,035 INFO train_distributed it= 169 lr=1.58e-04 loss_world=0.7910 |∇|=2.69e+01 γ=0.997 T=0.0496
2026-04-28 19:20:08,018 INFO train_distributed it= 179 lr=1.27e-04 loss_world=0.7840 |∇|=2.44e+01 γ=0.997 T=0.0496
2026-04-28 19:20:18,991 INFO train_distributed it= 189 lr=1.07e-04 loss_world=0.7779 |∇|=2.67e+01 γ=0.997 T=0.0496
2026-04-28 19:20:29,968 INFO train_distributed it= 199 lr=1.00e-04 loss_world=0.7914 |∇|=2.80e+01 γ=0.997 T=0.0496
2026-04-28 19:20:29,973 INFO train_distributed training finished in 221.2s (200 iters, world_size=1)
2026-04-28 19:20:29,973 INFO train_distributed [rank 0] peak HBM: alloc=7.09 GB, reserved=7.48 GB
2026-04-28 19:20:29,976 INFO train_distributed [rank 0] wrote experiments/041_arch_tier_2_2_multitimescale/results_t22_multitimescale_seed9/training_log.json
