2026-04-29 12:24:55,261 INFO train_distributed [dist] rank=0 world_size=1 local_rank=0 cuda_available=True
2026-04-29 12:24:55,306 INFO train_distributed loaded 2,841 returns for spx/2015-2026_daily
2026-04-29 12:24:55,313 INFO train_distributed targets: acf_sq=0.342 leverage_sum=-0.790 hill_alpha=2.68
2026-04-29 12:24:55,731 INFO train_distributed EcoMDSimulator built: 47261 parameters (device=cuda:0)
2026-04-29 12:24:58,519 INFO train_distributed it=   0 lr=1.00e-04 loss_world=45.0763 |∇|=6.74e+04 γ=1.000 T=0.0500
2026-04-29 12:25:12,363 INFO train_distributed it=   9 lr=1.00e-03 loss_world=1.9103 |∇|=3.91e+01 γ=1.001 T=0.0499
2026-04-29 12:25:27,854 INFO train_distributed it=  19 lr=9.95e-04 loss_world=2.2709 |∇|=1.16e+02 γ=1.002 T=0.0498
2026-04-29 12:25:43,245 INFO train_distributed it=  29 lr=9.78e-04 loss_world=1.7216 |∇|=6.66e+02 γ=1.001 T=0.0497
2026-04-29 12:25:58,587 INFO train_distributed it=  39 lr=9.49e-04 loss_world=6.0051 |∇|=1.42e+03 γ=0.997 T=0.0498
2026-04-29 12:26:13,918 INFO train_distributed it=  49 lr=9.10e-04 loss_world=2.1101 |∇|=5.39e+02 γ=0.991 T=0.0499
2026-04-29 12:26:29,230 INFO train_distributed it=  59 lr=8.60e-04 loss_world=4.3344 |∇|=4.87e+02 γ=0.988 T=0.0500
2026-04-29 12:26:44,533 INFO train_distributed it=  69 lr=8.02e-04 loss_world=1.2666 |∇|=1.85e+02 γ=0.986 T=0.0501
2026-04-29 12:26:59,831 INFO train_distributed it=  79 lr=7.38e-04 loss_world=1.3102 |∇|=1.26e+02 γ=0.986 T=0.0501
2026-04-29 12:27:15,130 INFO train_distributed it=  89 lr=6.68e-04 loss_world=2.1140 |∇|=1.20e+03 γ=0.986 T=0.0501
2026-04-29 12:27:30,427 INFO train_distributed it=  99 lr=5.95e-04 loss_world=5.2670 |∇|=9.35e+02 γ=0.987 T=0.0502
2026-04-29 12:27:45,719 INFO train_distributed it= 109 lr=5.20e-04 loss_world=1.4898 |∇|=2.09e+02 γ=0.988 T=0.0502
2026-04-29 12:28:01,011 INFO train_distributed it= 119 lr=4.47e-04 loss_world=1.2251 |∇|=5.68e+01 γ=0.989 T=0.0501
2026-04-29 12:28:16,310 INFO train_distributed it= 129 lr=3.76e-04 loss_world=1.0667 |∇|=5.18e+01 γ=0.990 T=0.0501
2026-04-29 12:28:31,604 INFO train_distributed it= 139 lr=3.10e-04 loss_world=1.1428 |∇|=2.54e+02 γ=0.991 T=0.0500
2026-04-29 12:28:46,896 INFO train_distributed it= 149 lr=2.51e-04 loss_world=1.6117 |∇|=1.89e+02 γ=0.991 T=0.0500
2026-04-29 12:29:02,191 INFO train_distributed it= 159 lr=2.00e-04 loss_world=1.2260 |∇|=4.23e+02 γ=0.991 T=0.0500
2026-04-29 12:29:17,489 INFO train_distributed it= 169 lr=1.58e-04 loss_world=1.0798 |∇|=1.02e+03 γ=0.992 T=0.0500
2026-04-29 12:29:32,777 INFO train_distributed it= 179 lr=1.27e-04 loss_world=3.2018 |∇|=2.85e+03 γ=0.992 T=0.0500
2026-04-29 12:29:48,069 INFO train_distributed it= 189 lr=1.07e-04 loss_world=0.9243 |∇|=3.69e+02 γ=0.992 T=0.0500
2026-04-29 12:30:03,361 INFO train_distributed it= 199 lr=1.00e-04 loss_world=1.2614 |∇|=9.04e+01 γ=0.993 T=0.0500
2026-04-29 12:30:03,368 INFO train_distributed training finished in 307.6s (200 iters, world_size=1)
2026-04-29 12:30:03,368 INFO train_distributed [rank 0] peak HBM: alloc=9.41 GB, reserved=10.01 GB
2026-04-29 12:30:03,372 INFO train_distributed [rank 0] wrote experiments/048_arch_dyngraph_pairs/results_p_4_2__2_1_seed2/training_log.json
