2026-04-29 11:41:50,084 INFO train_distributed [dist] rank=0 world_size=1 local_rank=0 cuda_available=True
2026-04-29 11:41:50,129 INFO train_distributed loaded 2,841 returns for spx/2015-2026_daily
2026-04-29 11:41:50,146 INFO train_distributed targets: acf_sq=0.342 leverage_sum=-0.790 hill_alpha=2.68
2026-04-29 11:41:51,352 INFO train_distributed EcoMDSimulator built: 110044 parameters (device=cuda:0)
2026-04-29 11:41:52,864 INFO train_distributed it=   0 lr=1.00e-04 loss_world=1.4062 |∇|=3.40e+00 γ=1.000 T=0.0500
2026-04-29 11:41:55,757 INFO train_distributed it=   9 lr=1.00e-03 loss_world=0.9169 |∇|=1.78e+00 γ=1.000 T=0.0501
2026-04-29 11:41:58,994 INFO train_distributed it=  19 lr=9.95e-04 loss_world=0.6063 |∇|=1.10e+00 γ=0.996 T=0.0499
2026-04-29 11:42:02,183 INFO train_distributed it=  29 lr=9.78e-04 loss_world=1.3790 |∇|=1.34e+00 γ=0.998 T=0.0500
2026-04-29 11:42:05,319 INFO train_distributed it=  39 lr=9.49e-04 loss_world=0.9645 |∇|=1.68e+00 γ=0.999 T=0.0501
2026-04-29 11:42:08,461 INFO train_distributed it=  49 lr=9.10e-04 loss_world=0.8941 |∇|=1.89e+00 γ=0.999 T=0.0502
2026-04-29 11:42:11,753 INFO train_distributed it=  59 lr=8.60e-04 loss_world=0.6070 |∇|=1.60e+00 γ=0.999 T=0.0502
2026-04-29 11:42:14,925 INFO train_distributed it=  69 lr=8.02e-04 loss_world=0.7566 |∇|=5.03e+00 γ=1.000 T=0.0503
2026-04-29 11:42:18,085 INFO train_distributed it=  79 lr=7.38e-04 loss_world=0.8900 |∇|=9.75e+00 γ=1.002 T=0.0504
2026-04-29 11:42:21,240 INFO train_distributed it=  89 lr=6.68e-04 loss_world=0.7514 |∇|=2.88e+00 γ=1.001 T=0.0504
2026-04-29 11:42:24,397 INFO train_distributed it=  99 lr=5.95e-04 loss_world=0.6528 |∇|=1.54e+00 γ=0.999 T=0.0503
2026-04-29 11:42:27,566 INFO train_distributed it= 109 lr=5.20e-04 loss_world=1.2801 |∇|=1.11e+00 γ=0.998 T=0.0502
2026-04-29 11:42:30,752 INFO train_distributed it= 119 lr=4.47e-04 loss_world=0.9075 |∇|=1.31e+00 γ=0.996 T=0.0502
2026-04-29 11:42:33,927 INFO train_distributed it= 129 lr=3.76e-04 loss_world=1.0057 |∇|=3.41e+00 γ=0.997 T=0.0502
2026-04-29 11:42:37,110 INFO train_distributed it= 139 lr=3.10e-04 loss_world=1.3912 |∇|=1.09e+00 γ=1.000 T=0.0503
2026-04-29 11:42:40,275 INFO train_distributed it= 149 lr=2.51e-04 loss_world=1.3745 |∇|=3.06e+00 γ=1.000 T=0.0504
2026-04-29 11:42:43,451 INFO train_distributed it= 159 lr=2.00e-04 loss_world=0.8455 |∇|=1.08e+00 γ=0.999 T=0.0503
2026-04-29 11:42:46,599 INFO train_distributed it= 169 lr=1.58e-04 loss_world=0.7369 |∇|=1.53e+00 γ=0.999 T=0.0503
2026-04-29 11:42:49,766 INFO train_distributed it= 179 lr=1.27e-04 loss_world=0.7913 |∇|=2.68e+00 γ=0.999 T=0.0503
2026-04-29 11:42:52,916 INFO train_distributed it= 189 lr=1.07e-04 loss_world=1.3055 |∇|=3.18e+00 γ=0.999 T=0.0503
2026-04-29 11:42:56,078 INFO train_distributed it= 199 lr=1.00e-04 loss_world=0.9296 |∇|=2.38e+00 γ=1.000 T=0.0504
2026-04-29 11:42:56,086 INFO train_distributed training finished in 64.7s (200 iters, world_size=1)
2026-04-29 11:42:56,086 INFO train_distributed [rank 0] peak HBM: alloc=0.60 GB, reserved=0.79 GB
2026-04-29 11:42:56,089 INFO train_distributed [rank 0] wrote experiments/046_arch_megnet_pairs/results_p_4_1__3_1_seed1/training_log.json
