2026-04-29 11:19:57,792 INFO train_distributed [dist] rank=0 world_size=1 local_rank=0 cuda_available=True
2026-04-29 11:19:57,838 INFO train_distributed loaded 2,841 returns for spx/2015-2026_daily
2026-04-29 11:19:57,845 INFO train_distributed targets: acf_sq=0.342 leverage_sum=-0.790 hill_alpha=2.68
2026-04-29 11:19:59,711 INFO train_distributed EcoMDSimulator built: 36316 parameters (device=cuda:0)
2026-04-29 11:20:02,172 INFO train_distributed it=   0 lr=1.00e-04 loss_world=43.0803 |∇|=9.23e+03 γ=1.000 T=0.0500
2026-04-29 11:20:12,591 INFO train_distributed it=   9 lr=1.00e-03 loss_world=2.4268 |∇|=1.65e+02 γ=1.003 T=0.0500
2026-04-29 11:20:24,278 INFO train_distributed it=  19 lr=9.95e-04 loss_world=2.5293 |∇|=2.37e+02 γ=1.003 T=0.0500
2026-04-29 11:20:35,976 INFO train_distributed it=  29 lr=9.78e-04 loss_world=2.0186 |∇|=2.08e+02 γ=1.000 T=0.0500
2026-04-29 11:20:47,666 INFO train_distributed it=  39 lr=9.49e-04 loss_world=2.6441 |∇|=2.77e+02 γ=0.995 T=0.0500
2026-04-29 11:20:59,354 INFO train_distributed it=  49 lr=9.10e-04 loss_world=4.4075 |∇|=6.60e+02 γ=0.990 T=0.0501
2026-04-29 11:21:11,035 INFO train_distributed it=  59 lr=8.60e-04 loss_world=1.9797 |∇|=1.39e+02 γ=0.984 T=0.0501
2026-04-29 11:21:22,725 INFO train_distributed it=  69 lr=8.02e-04 loss_world=2.2762 |∇|=2.04e+02 γ=0.979 T=0.0501
2026-04-29 11:21:34,413 INFO train_distributed it=  79 lr=7.38e-04 loss_world=3.2214 |∇|=6.77e+02 γ=0.975 T=0.0501
2026-04-29 11:21:46,086 INFO train_distributed it=  89 lr=6.68e-04 loss_world=2.0689 |∇|=1.29e+03 γ=0.971 T=0.0501
2026-04-29 11:21:57,760 INFO train_distributed it=  99 lr=5.95e-04 loss_world=2.3532 |∇|=3.07e+02 γ=0.969 T=0.0501
2026-04-29 11:22:09,439 INFO train_distributed it= 109 lr=5.20e-04 loss_world=2.3669 |∇|=4.05e+02 γ=0.967 T=0.0501
2026-04-29 11:22:21,112 INFO train_distributed it= 119 lr=4.47e-04 loss_world=2.8010 |∇|=4.05e+02 γ=0.966 T=0.0501
2026-04-29 11:22:32,781 INFO train_distributed it= 129 lr=3.76e-04 loss_world=2.4565 |∇|=6.36e+02 γ=0.965 T=0.0502
2026-04-29 11:22:44,450 INFO train_distributed it= 139 lr=3.10e-04 loss_world=2.2814 |∇|=6.46e+02 γ=0.964 T=0.0502
2026-04-29 11:22:56,125 INFO train_distributed it= 149 lr=2.51e-04 loss_world=2.6095 |∇|=5.31e+02 γ=0.964 T=0.0502
2026-04-29 11:23:07,807 INFO train_distributed it= 159 lr=2.00e-04 loss_world=2.9136 |∇|=6.58e+03 γ=0.963 T=0.0502
2026-04-29 11:23:19,497 INFO train_distributed it= 169 lr=1.58e-04 loss_world=5.7314 |∇|=8.85e+03 γ=0.963 T=0.0502
2026-04-29 11:23:31,174 INFO train_distributed it= 179 lr=1.27e-04 loss_world=1.9913 |∇|=1.08e+03 γ=0.963 T=0.0502
2026-04-29 11:23:42,852 INFO train_distributed it= 189 lr=1.07e-04 loss_world=2.1993 |∇|=1.96e+03 γ=0.963 T=0.0502
2026-04-29 11:23:54,532 INFO train_distributed it= 199 lr=1.00e-04 loss_world=2.3511 |∇|=3.31e+03 γ=0.963 T=0.0502
2026-04-29 11:23:54,538 INFO train_distributed training finished in 234.8s (200 iters, world_size=1)
2026-04-29 11:23:54,538 INFO train_distributed [rank 0] peak HBM: alloc=7.24 GB, reserved=8.05 GB
2026-04-29 11:23:54,541 INFO train_distributed [rank 0] wrote experiments/045_arch_tier_4_1_megnet/results_t41_megnet_seed4/training_log.json
