2026-04-29 11:23:58,922 INFO train_distributed [dist] rank=0 world_size=1 local_rank=0 cuda_available=True
2026-04-29 11:23:58,967 INFO train_distributed loaded 2,841 returns for spx/2015-2026_daily
2026-04-29 11:23:58,975 INFO train_distributed targets: acf_sq=0.342 leverage_sum=-0.790 hill_alpha=2.68
2026-04-29 11:23:59,320 INFO train_distributed EcoMDSimulator built: 36316 parameters (device=cuda:0)
2026-04-29 11:24:01,696 INFO train_distributed it=   0 lr=1.00e-04 loss_world=11.8207 |∇|=1.46e+03 γ=1.000 T=0.0500
2026-04-29 11:24:12,093 INFO train_distributed it=   9 lr=1.00e-03 loss_world=2.2997 |∇|=1.16e+02 γ=0.996 T=0.0500
2026-04-29 11:24:23,759 INFO train_distributed it=  19 lr=9.95e-04 loss_world=1.5046 |∇|=8.51e+01 γ=0.991 T=0.0500
2026-04-29 11:24:35,433 INFO train_distributed it=  29 lr=9.78e-04 loss_world=2.3838 |∇|=4.29e+02 γ=0.989 T=0.0500
2026-04-29 11:24:47,114 INFO train_distributed it=  39 lr=9.49e-04 loss_world=1.2587 |∇|=4.31e+01 γ=0.987 T=0.0500
2026-04-29 11:24:58,790 INFO train_distributed it=  49 lr=9.10e-04 loss_world=1.9700 |∇|=2.42e+02 γ=0.987 T=0.0500
2026-04-29 11:25:10,465 INFO train_distributed it=  59 lr=8.60e-04 loss_world=1.0569 |∇|=1.61e+02 γ=0.987 T=0.0500
2026-04-29 11:25:22,131 INFO train_distributed it=  69 lr=8.02e-04 loss_world=3.5962 |∇|=2.48e+02 γ=0.987 T=0.0500
2026-04-29 11:25:33,797 INFO train_distributed it=  79 lr=7.38e-04 loss_world=8.4528 |∇|=7.51e+02 γ=0.988 T=0.0499
2026-04-29 11:25:45,464 INFO train_distributed it=  89 lr=6.68e-04 loss_world=1.0739 |∇|=1.65e+02 γ=0.988 T=0.0500
2026-04-29 11:25:57,132 INFO train_distributed it=  99 lr=5.95e-04 loss_world=1.2919 |∇|=2.26e+02 γ=0.990 T=0.0499
2026-04-29 11:26:08,803 INFO train_distributed it= 109 lr=5.20e-04 loss_world=1.3601 |∇|=9.01e+01 γ=0.991 T=0.0499
2026-04-29 11:26:20,473 INFO train_distributed it= 119 lr=4.47e-04 loss_world=1.1975 |∇|=1.00e+02 γ=0.992 T=0.0498
2026-04-29 11:26:32,136 INFO train_distributed it= 129 lr=3.76e-04 loss_world=0.9089 |∇|=1.27e+02 γ=0.992 T=0.0498
2026-04-29 11:26:43,800 INFO train_distributed it= 139 lr=3.10e-04 loss_world=0.9814 |∇|=2.20e+02 γ=0.992 T=0.0498
2026-04-29 11:26:55,464 INFO train_distributed it= 149 lr=2.51e-04 loss_world=1.1370 |∇|=1.07e+03 γ=0.993 T=0.0498
2026-04-29 11:27:07,132 INFO train_distributed it= 159 lr=2.00e-04 loss_world=1.0467 |∇|=2.79e+02 γ=0.993 T=0.0498
2026-04-29 11:27:18,792 INFO train_distributed it= 169 lr=1.58e-04 loss_world=1.1211 |∇|=6.45e+01 γ=0.993 T=0.0498
2026-04-29 11:27:30,450 INFO train_distributed it= 179 lr=1.27e-04 loss_world=1.2376 |∇|=7.47e+01 γ=0.993 T=0.0498
2026-04-29 11:27:42,109 INFO train_distributed it= 189 lr=1.07e-04 loss_world=1.1074 |∇|=1.54e+02 γ=0.993 T=0.0498
2026-04-29 11:27:53,775 INFO train_distributed it= 199 lr=1.00e-04 loss_world=1.2416 |∇|=7.90e+01 γ=0.993 T=0.0498
2026-04-29 11:27:53,781 INFO train_distributed training finished in 234.5s (200 iters, world_size=1)
2026-04-29 11:27:53,781 INFO train_distributed [rank 0] peak HBM: alloc=7.24 GB, reserved=8.05 GB
2026-04-29 11:27:53,784 INFO train_distributed [rank 0] wrote experiments/045_arch_tier_4_1_megnet/results_t41_megnet_seed8/training_log.json
