2026-04-28 18:22:24,227 INFO train_distributed [dist] rank=0 world_size=1 local_rank=0 cuda_available=True
2026-04-28 18:22:24,271 INFO train_distributed loaded 2,841 returns for spx/2015-2026_daily
2026-04-28 18:22:24,278 INFO train_distributed targets: acf_sq=0.342 leverage_sum=-0.790 hill_alpha=2.68
2026-04-28 18:22:26,541 INFO train_distributed EcoMDSimulator built: 31588 parameters (device=cuda:0)
2026-04-28 18:22:28,934 INFO train_distributed it=   0 lr=1.00e-04 loss_world=6.1754 |∇|=2.77e+03 γ=1.000 T=0.0500
2026-04-28 18:22:38,694 INFO train_distributed it=   9 lr=1.00e-03 loss_world=2.6604 |∇|=1.16e+02 γ=0.998 T=0.0501
2026-04-28 18:22:49,641 INFO train_distributed it=  19 lr=9.95e-04 loss_world=5.2386 |∇|=4.16e+02 γ=0.991 T=0.0501
2026-04-28 18:23:00,606 INFO train_distributed it=  29 lr=9.78e-04 loss_world=2.3974 |∇|=1.78e+02 γ=0.984 T=0.0502
2026-04-28 18:23:11,571 INFO train_distributed it=  39 lr=9.49e-04 loss_world=1.1707 |∇|=1.85e+02 γ=0.981 T=0.0502
2026-04-28 18:23:22,527 INFO train_distributed it=  49 lr=9.10e-04 loss_world=1.3920 |∇|=2.50e+02 γ=0.980 T=0.0503
2026-04-28 18:23:33,499 INFO train_distributed it=  59 lr=8.60e-04 loss_world=2.9611 |∇|=9.93e+02 γ=0.980 T=0.0503
2026-04-28 18:23:44,454 INFO train_distributed it=  69 lr=8.02e-04 loss_world=10.8472 |∇|=1.42e+03 γ=0.979 T=0.0504
2026-04-28 18:23:55,414 INFO train_distributed it=  79 lr=7.38e-04 loss_world=1.4067 |∇|=9.81e+01 γ=0.980 T=0.0503
2026-04-28 18:24:06,374 INFO train_distributed it=  89 lr=6.68e-04 loss_world=1.4201 |∇|=1.13e+02 γ=0.980 T=0.0503
2026-04-28 18:24:17,331 INFO train_distributed it=  99 lr=5.95e-04 loss_world=0.8589 |∇|=3.27e+02 γ=0.981 T=0.0504
2026-04-28 18:24:28,288 INFO train_distributed it= 109 lr=5.20e-04 loss_world=6.6034 |∇|=5.74e+03 γ=0.982 T=0.0504
2026-04-28 18:24:39,241 INFO train_distributed it= 119 lr=4.47e-04 loss_world=1.2676 |∇|=1.21e+02 γ=0.982 T=0.0504
2026-04-28 18:24:50,189 INFO train_distributed it= 129 lr=3.76e-04 loss_world=1.0342 |∇|=1.24e+02 γ=0.983 T=0.0504
2026-04-28 18:25:01,146 INFO train_distributed it= 139 lr=3.10e-04 loss_world=1.1214 |∇|=8.28e+01 γ=0.983 T=0.0504
2026-04-28 18:25:12,098 INFO train_distributed it= 149 lr=2.51e-04 loss_world=1.0068 |∇|=1.22e+02 γ=0.983 T=0.0504
2026-04-28 18:25:23,048 INFO train_distributed it= 159 lr=2.00e-04 loss_world=1.0595 |∇|=1.65e+02 γ=0.983 T=0.0503
2026-04-28 18:25:34,002 INFO train_distributed it= 169 lr=1.58e-04 loss_world=1.2625 |∇|=8.71e+01 γ=0.983 T=0.0504
2026-04-28 18:25:44,954 INFO train_distributed it= 179 lr=1.27e-04 loss_world=1.1022 |∇|=8.78e+01 γ=0.983 T=0.0504
2026-04-28 18:25:55,907 INFO train_distributed it= 189 lr=1.07e-04 loss_world=1.1898 |∇|=2.28e+02 γ=0.983 T=0.0504
2026-04-28 18:26:06,856 INFO train_distributed it= 199 lr=1.00e-04 loss_world=1.3961 |∇|=2.16e+03 γ=0.983 T=0.0504
2026-04-28 18:26:06,862 INFO train_distributed training finished in 220.3s (200 iters, world_size=1)
2026-04-28 18:26:06,862 INFO train_distributed [rank 0] peak HBM: alloc=7.09 GB, reserved=7.68 GB
2026-04-28 18:26:06,865 INFO train_distributed [rank 0] wrote experiments/040_arch_tier_2_1_jumps/results_t21_jumps_seed2/training_log.json
