2026-04-28 18:36:08,411 INFO train_distributed [dist] rank=0 world_size=1 local_rank=0 cuda_available=True
2026-04-28 18:36:08,456 INFO train_distributed loaded 2,841 returns for spx/2015-2026_daily
2026-04-28 18:36:08,463 INFO train_distributed targets: acf_sq=0.342 leverage_sum=-0.790 hill_alpha=2.68
2026-04-28 18:36:11,898 INFO train_distributed EcoMDSimulator built: 105316 parameters (device=cuda:0)
2026-04-28 18:36:13,410 INFO train_distributed it=   0 lr=1.00e-04 loss_world=1.0392 |∇|=2.16e+00 γ=1.000 T=0.0500
2026-04-28 18:36:15,804 INFO train_distributed it=   9 lr=1.00e-03 loss_world=1.0526 |∇|=1.26e+00 γ=1.000 T=0.0502
2026-04-28 18:36:18,498 INFO train_distributed it=  19 lr=9.95e-04 loss_world=0.8790 |∇|=5.73e-01 γ=1.002 T=0.0503
2026-04-28 18:36:21,166 INFO train_distributed it=  29 lr=9.78e-04 loss_world=0.7544 |∇|=2.41e-01 γ=1.002 T=0.0504
2026-04-28 18:36:23,827 INFO train_distributed it=  39 lr=9.49e-04 loss_world=0.7434 |∇|=7.58e+00 γ=1.001 T=0.0504
2026-04-28 18:36:26,488 INFO train_distributed it=  49 lr=9.10e-04 loss_world=0.7425 |∇|=1.08e+00 γ=0.999 T=0.0503
2026-04-28 18:36:29,162 INFO train_distributed it=  59 lr=8.60e-04 loss_world=0.8451 |∇|=2.39e+00 γ=1.002 T=0.0502
2026-04-28 18:36:31,829 INFO train_distributed it=  69 lr=8.02e-04 loss_world=1.4282 |∇|=2.36e+00 γ=1.005 T=0.0502
2026-04-28 18:36:34,557 INFO train_distributed it=  79 lr=7.38e-04 loss_world=0.9180 |∇|=2.68e+00 γ=1.006 T=0.0502
2026-04-28 18:36:37,233 INFO train_distributed it=  89 lr=6.68e-04 loss_world=1.0923 |∇|=5.39e-01 γ=1.008 T=0.0502
2026-04-28 18:36:39,942 INFO train_distributed it=  99 lr=5.95e-04 loss_world=0.8467 |∇|=3.05e+00 γ=1.008 T=0.0501
2026-04-28 18:36:42,629 INFO train_distributed it= 109 lr=5.20e-04 loss_world=1.2707 |∇|=7.12e+00 γ=1.008 T=0.0501
2026-04-28 18:36:45,294 INFO train_distributed it= 119 lr=4.47e-04 loss_world=0.9622 |∇|=2.31e+00 γ=1.007 T=0.0504
2026-04-28 18:36:47,958 INFO train_distributed it= 129 lr=3.76e-04 loss_world=1.1031 |∇|=9.49e+00 γ=1.007 T=0.0505
2026-04-28 18:36:50,626 INFO train_distributed it= 139 lr=3.10e-04 loss_world=0.6070 |∇|=2.29e+00 γ=1.007 T=0.0505
2026-04-28 18:36:53,295 INFO train_distributed it= 149 lr=2.51e-04 loss_world=0.5737 |∇|=4.56e+00 γ=1.008 T=0.0505
2026-04-28 18:36:56,033 INFO train_distributed it= 159 lr=2.00e-04 loss_world=1.2638 |∇|=7.37e+00 γ=1.009 T=0.0505
2026-04-28 18:36:59,059 INFO train_distributed it= 169 lr=1.58e-04 loss_world=0.7927 |∇|=3.22e+00 γ=1.009 T=0.0505
2026-04-28 18:37:01,765 INFO train_distributed it= 179 lr=1.27e-04 loss_world=0.8742 |∇|=1.17e+00 γ=1.009 T=0.0505
2026-04-28 18:37:04,431 INFO train_distributed it= 189 lr=1.07e-04 loss_world=0.9698 |∇|=8.37e+00 γ=1.010 T=0.0505
2026-04-28 18:37:07,187 INFO train_distributed it= 199 lr=1.00e-04 loss_world=0.6589 |∇|=2.57e+00 γ=1.009 T=0.0505
2026-04-28 18:37:07,195 INFO train_distributed training finished in 55.3s (200 iters, world_size=1)
2026-04-28 18:37:07,195 INFO train_distributed [rank 0] peak HBM: alloc=0.59 GB, reserved=0.77 GB
2026-04-28 18:37:07,198 INFO train_distributed [rank 0] wrote experiments/042_arch_tier_3_1_isab/results_t31_isab_seed6/training_log.json
